Copyright 1986-2022 Xilinx, Inc. All Rights Reserved. Copyright 2022-2023 Advanced Micro Devices, Inc. All Rights Reserved.
---------------------------------------------------------------------------------------------------------------------------------------------------------------------------------------------------------------------------------------------------------------------------------------------------------------------------------------------------------------------------------------------------------------------------------------------------------------------------------------------------------------------------------------
| Tool Version      : Vivado v.2023.2 (lin64) Build 4029153 Fri Oct 13 20:13:54 MDT 2023
| Date              : Thu Oct  1 18:17:35 2026
| Host              : brg-zhang-xcel.ece.cornell.edu running 64-bit Red Hat Enterprise Linux 9.8 (Plow)
| Command           : report_timing -from [get_cells -hier -filter {IS_PRIMITIVE && (NAME =~ ex_controller/* || NAME =~ spad/*) && NAME !~ spad/reader* && NAME !~ spad/writer* && NAME !~ spad/buffer* && NAME !~ spad/xbar* && NAME !~ spad/widget*}] -to [get_cells -hier -filter {IS_PRIMITIVE && (NAME =~ ex_controller/* || NAME =~ spad/*) && NAME !~ spad/reader* && NAME !~ spad/writer* && NAME !~ spad/buffer* && NAME !~ spad/xbar* && NAME !~ spad/widget*}] -max_paths 3 -nworst 1 -sort_by slack -file scope_timing.rpt
| Design            : Gemmini
| Device            : xcu280-fsvh2892
| Speed File        : -2L  PRODUCTION 1.30 05-01-2022
| Design State      : Physopt postRoute
| Temperature Grade : E
---------------------------------------------------------------------------------------------------------------------------------------------------------------------------------------------------------------------------------------------------------------------------------------------------------------------------------------------------------------------------------------------------------------------------------------------------------------------------------------------------------------------------------------

Timing Report

Slack (VIOLATED) :        -3.864ns  (required time - arrival time)
  Source:                 ex_controller/cmd_q/raddr_reg[1]_rep__0/C
                            (rising edge-triggered cell FDRE clocked by clk  {rise@0.000ns fall@1.666ns period=3.333ns})
  Destination:            spad/spad_mems_3/mem_ext/Memory_reg_3_bram_1/CASDOMUXA
                            (rising edge-triggered cell RAMB36E2 clocked by clk  {rise@0.000ns fall@1.666ns period=3.333ns})
  Path Group:             clk
  Path Type:              Setup (Max at Slow Process Corner)
  Requirement:            3.333ns  (clk rise@3.333ns - clk rise@0.000ns)
  Data Path Delay:        7.073ns  (logic 1.677ns (23.710%)  route 5.396ns (76.290%))
  Logic Levels:           15  (CARRY8=2 LUT1=1 LUT2=1 LUT3=2 LUT4=1 LUT5=2 LUT6=5 MUXF7=1)
  Clock Path Skew:        0.010ns (DCD - SCD + CPR)
    Destination Clock Delay (DCD):    0.039ns = ( 3.372 - 3.333 ) 
    Source Clock Delay      (SCD):    0.029ns
    Clock Pessimism Removal (CPR):    0.000ns
  Clock Uncertainty:      0.035ns  ((TSJ^2 + TIJ^2)^1/2 + DJ) / 2 + PE
    Total System Jitter     (TSJ):    0.071ns
    Total Input Jitter      (TIJ):    0.000ns
    Discrete Jitter          (DJ):    0.000ns
    Phase Error              (PE):    0.000ns

    Location             Delay type                Incr(ns)  Path(ns)    Netlist Resource(s)
  -------------------------------------------------------------------    -------------------
                         (clock clk rise edge)        0.000     0.000 r  
                                                      0.000     0.000 r  clock (IN)
                         net (fo=31015, unset)        0.029     0.029    ex_controller/cmd_q/clock
    SLICE_X132Y107       FDRE                                         r  ex_controller/cmd_q/raddr_reg[1]_rep__0/C
  -------------------------------------------------------------------    -------------------
    SLICE_X132Y107       FDRE (Prop_EFF2_SLICEL_C_Q)
                                                      0.081     0.110 r  ex_controller/cmd_q/raddr_reg[1]_rep__0/Q
                         net (fo=112, routed)         0.365     0.475    ex_controller/cmd_q/raddr_reg[1]_rep__0_n_0
    SLICE_X137Y103       LUT6 (Prop_D6LUT_SLICEM_I2_O)
                                                      0.099     0.574 r  ex_controller/cmd_q/Memory_reg_0_7_0_13_i_97/O
                         net (fo=1, routed)           0.025     0.599    ex_controller/cmd_q/Memory_reg_0_7_0_13_i_97_n_0
    SLICE_X137Y103       MUXF7 (Prop_F7MUX_CD_SLICEM_I0_O)
                                                      0.069     0.668 r  ex_controller/cmd_q/Memory_reg_0_7_0_13_i_54/O
                         net (fo=73, routed)          0.287     0.955    ex_controller/cmd_q/Memory_reg_0_7_0_13_i_54_n_0
    SLICE_X136Y97        LUT6 (Prop_H6LUT_SLICEL_I0_O)
                                                      0.150     1.105 r  ex_controller/cmd_q/Memory_reg_0_7_14_27_i_46/O
                         net (fo=96, routed)          0.386     1.491    ex_controller/cmd_q/Memory_reg_0_7_14_27_i_46_n_0
    SLICE_X134Y104       LUT5 (Prop_G6LUT_SLICEL_I2_O)
                                                      0.035     1.526 r  ex_controller/cmd_q/Memory_reg_0_7_14_27_i_65/O
                         net (fo=3, routed)           0.168     1.694    ex_controller/cmd_q/Memory_reg_0_7_14_27_i_65_n_0
    SLICE_X130Y104       LUT2 (Prop_A6LUT_SLICEL_I0_O)
                                                      0.149     1.843 r  ex_controller/cmd_q/Memory_reg_0_7_0_13_i_35__0/O
                         net (fo=1, routed)           0.009     1.852    ex_controller/cmd_q/Memory_reg_0_7_0_13_i_35__0_n_0
    SLICE_X130Y104       CARRY8 (Prop_CARRY8_SLICEL_S[0]_CO[7])
                                                      0.190     2.042 r  ex_controller/cmd_q/Memory_reg_0_7_0_13_i_9/CO[7]
                         net (fo=1, routed)           0.026     2.068    ex_controller/cmd_q/Memory_reg_0_7_0_13_i_9_n_0
    SLICE_X130Y105       CARRY8 (Prop_CARRY8_SLICEL_CI_O[7])
                                                      0.116     2.184 r  ex_controller/cmd_q/Memory_reg_0_7_0_13_i_3/O[7]
                         net (fo=10, routed)          0.142     2.326    ex_controller/cmd_q/O[2]
    SLICE_X130Y106       LUT4 (Prop_H5LUT_SLICEL_I2_O)
                                                      0.158     2.484 r  ex_controller/cmd_q/Memory_reg_0_bram_0_i_107/O
                         net (fo=1, routed)           0.163     2.647    ex_controller/cmd_q/Memory_reg_0_bram_0_i_107_n_0
    SLICE_X132Y105       LUT6 (Prop_H6LUT_SLICEL_I5_O)
                                                      0.036     2.683 f  ex_controller/cmd_q/Memory_reg_0_bram_0_i_87/O
                         net (fo=6, routed)           0.366     3.049    ex_controller/cmd_q/Memory_reg_0_bram_0_i_87_n_0
    SLICE_X129Y112       LUT3 (Prop_A6LUT_SLICEM_I2_O)
                                                      0.125     3.174 f  ex_controller/cmd_q/Memory_reg_0_7_14_27_i_91/O
                         net (fo=4, routed)           0.109     3.283    ex_controller/cmd_q/Memory_reg_0_7_14_27_i_91_n_0
    SLICE_X129Y112       LUT6 (Prop_H6LUT_SLICEM_I2_O)
                                                      0.039     3.322 r  ex_controller/cmd_q/Memory_reg_0_7_14_27_i_34/O
                         net (fo=16, routed)          0.146     3.468    ex_controller/cmd_q/Memory_reg_0_7_14_27_i_34_n_0
    SLICE_X128Y112       LUT3 (Prop_B6LUT_SLICEM_I1_O)
                                                      0.149     3.617 r  ex_controller/cmd_q/Memory_reg_0_bram_0_i_25/O
                         net (fo=21, routed)          0.350     3.967    ex_controller/cmd_q/io_read_req_bits_fromDMA
    SLICE_X124Y108       LUT5 (Prop_F6LUT_SLICEM_I4_O)
                                                      0.037     4.004 r  ex_controller/cmd_q/Memory_reg_0_bram_0_i_24__0/O
                         net (fo=4, routed)           0.451     4.455    spad/mvin_scale_pixel_repeater/_req_arb_3_io_out_bits_addr[0]
    SLICE_X120Y125       LUT6 (Prop_D6LUT_SLICEL_I1_O)
                                                      0.146     4.601 f  spad/mvin_scale_pixel_repeater/Memory_reg_0_bram_1_i_2__2/O
                         net (fo=9, routed)           1.037     5.639    spad/mvin_scale_pixel_repeater/req_bits_laddr_data_reg[15]_25
    SLICE_X113Y116       LUT1 (Prop_B6LUT_SLICEL_I0_O)
                                                      0.098     5.737 r  spad/mvin_scale_pixel_repeater/Memory_reg_0_bram_1_i_1__2/O
                         net (fo=4, routed)           1.366     7.102    spad/spad_mems_3/mem_ext/Memory_reg_3_bram_1_0
    RAMB36_X6Y18         RAMB36E2                                     r  spad/spad_mems_3/mem_ext/Memory_reg_3_bram_1/CASDOMUXA
  -------------------------------------------------------------------    -------------------

                         (clock clk rise edge)        3.333     3.333 r  
                                                      0.000     3.333 r  clock (IN)
                         net (fo=31015, unset)        0.039     3.372    spad/spad_mems_3/mem_ext/clock
    RAMB36_X6Y18         RAMB36E2                                     r  spad/spad_mems_3/mem_ext/Memory_reg_3_bram_1/CLKARDCLK
                         clock pessimism              0.000     3.372    
                         clock uncertainty           -0.035     3.337    
    RAMB36_X6Y18         RAMB36E2 (Setup_RAMB36E2_RAMB36_CLKARDCLK_CASDOMUXA)
                                                     -0.099     3.238    spad/spad_mems_3/mem_ext/Memory_reg_3_bram_1
  -------------------------------------------------------------------
                         required time                          3.238    
                         arrival time                          -7.102    
  -------------------------------------------------------------------
                         slack                                 -3.864    

Slack (VIOLATED) :        -3.849ns  (required time - arrival time)
  Source:                 ex_controller/cmd_q/raddr_reg[1]_rep__0/C
                            (rising edge-triggered cell FDRE clocked by clk  {rise@0.000ns fall@1.666ns period=3.333ns})
  Destination:            spad/spad_mems_3/mem_ext/Memory_reg_3_bram_2/WEA[0]
                            (rising edge-triggered cell RAMB36E2 clocked by clk  {rise@0.000ns fall@1.666ns period=3.333ns})
  Path Group:             clk
  Path Type:              Setup (Max at Slow Process Corner)
  Requirement:            3.333ns  (clk rise@3.333ns - clk rise@0.000ns)
  Data Path Delay:        6.763ns  (logic 1.654ns (24.457%)  route 5.109ns (75.543%))
  Logic Levels:           15  (CARRY8=2 LUT2=1 LUT3=2 LUT4=1 LUT5=3 LUT6=5 MUXF7=1)
  Clock Path Skew:        0.010ns (DCD - SCD + CPR)
    Destination Clock Delay (DCD):    0.039ns = ( 3.372 - 3.333 ) 
    Source Clock Delay      (SCD):    0.029ns
    Clock Pessimism Removal (CPR):    0.000ns
  Clock Uncertainty:      0.035ns  ((TSJ^2 + TIJ^2)^1/2 + DJ) / 2 + PE
    Total System Jitter     (TSJ):    0.071ns
    Total Input Jitter      (TIJ):    0.000ns
    Discrete Jitter          (DJ):    0.000ns
    Phase Error              (PE):    0.000ns

    Location             Delay type                Incr(ns)  Path(ns)    Netlist Resource(s)
  -------------------------------------------------------------------    -------------------
                         (clock clk rise edge)        0.000     0.000 r  
                                                      0.000     0.000 r  clock (IN)
                         net (fo=31015, unset)        0.029     0.029    ex_controller/cmd_q/clock
    SLICE_X132Y107       FDRE                                         r  ex_controller/cmd_q/raddr_reg[1]_rep__0/C
  -------------------------------------------------------------------    -------------------
    SLICE_X132Y107       FDRE (Prop_EFF2_SLICEL_C_Q)
                                                      0.081     0.110 r  ex_controller/cmd_q/raddr_reg[1]_rep__0/Q
                         net (fo=112, routed)         0.365     0.475    ex_controller/cmd_q/raddr_reg[1]_rep__0_n_0
    SLICE_X137Y103       LUT6 (Prop_D6LUT_SLICEM_I2_O)
                                                      0.099     0.574 r  ex_controller/cmd_q/Memory_reg_0_7_0_13_i_97/O
                         net (fo=1, routed)           0.025     0.599    ex_controller/cmd_q/Memory_reg_0_7_0_13_i_97_n_0
    SLICE_X137Y103       MUXF7 (Prop_F7MUX_CD_SLICEM_I0_O)
                                                      0.069     0.668 r  ex_controller/cmd_q/Memory_reg_0_7_0_13_i_54/O
                         net (fo=73, routed)          0.287     0.955    ex_controller/cmd_q/Memory_reg_0_7_0_13_i_54_n_0
    SLICE_X136Y97        LUT6 (Prop_H6LUT_SLICEL_I0_O)
                                                      0.150     1.105 r  ex_controller/cmd_q/Memory_reg_0_7_14_27_i_46/O
                         net (fo=96, routed)          0.386     1.491    ex_controller/cmd_q/Memory_reg_0_7_14_27_i_46_n_0
    SLICE_X134Y104       LUT5 (Prop_G6LUT_SLICEL_I2_O)
                                                      0.035     1.526 r  ex_controller/cmd_q/Memory_reg_0_7_14_27_i_65/O
                         net (fo=3, routed)           0.168     1.694    ex_controller/cmd_q/Memory_reg_0_7_14_27_i_65_n_0
    SLICE_X130Y104       LUT2 (Prop_A6LUT_SLICEL_I0_O)
                                                      0.149     1.843 r  ex_controller/cmd_q/Memory_reg_0_7_0_13_i_35__0/O
                         net (fo=1, routed)           0.009     1.852    ex_controller/cmd_q/Memory_reg_0_7_0_13_i_35__0_n_0
    SLICE_X130Y104       CARRY8 (Prop_CARRY8_SLICEL_S[0]_CO[7])
                                                      0.190     2.042 r  ex_controller/cmd_q/Memory_reg_0_7_0_13_i_9/CO[7]
                         net (fo=1, routed)           0.026     2.068    ex_controller/cmd_q/Memory_reg_0_7_0_13_i_9_n_0
    SLICE_X130Y105       CARRY8 (Prop_CARRY8_SLICEL_CI_O[7])
                                                      0.116     2.184 r  ex_controller/cmd_q/Memory_reg_0_7_0_13_i_3/O[7]
                         net (fo=10, routed)          0.142     2.326    ex_controller/cmd_q/O[2]
    SLICE_X130Y106       LUT4 (Prop_H5LUT_SLICEL_I2_O)
                                                      0.158     2.484 r  ex_controller/cmd_q/Memory_reg_0_bram_0_i_107/O
                         net (fo=1, routed)           0.163     2.647    ex_controller/cmd_q/Memory_reg_0_bram_0_i_107_n_0
    SLICE_X132Y105       LUT6 (Prop_H6LUT_SLICEL_I5_O)
                                                      0.036     2.683 f  ex_controller/cmd_q/Memory_reg_0_bram_0_i_87/O
                         net (fo=6, routed)           0.366     3.049    ex_controller/cmd_q/Memory_reg_0_bram_0_i_87_n_0
    SLICE_X129Y112       LUT3 (Prop_A6LUT_SLICEM_I2_O)
                                                      0.125     3.174 f  ex_controller/cmd_q/Memory_reg_0_7_14_27_i_91/O
                         net (fo=4, routed)           0.109     3.283    ex_controller/cmd_q/Memory_reg_0_7_14_27_i_91_n_0
    SLICE_X129Y112       LUT6 (Prop_H6LUT_SLICEM_I2_O)
                                                      0.039     3.322 r  ex_controller/cmd_q/Memory_reg_0_7_14_27_i_34/O
                         net (fo=16, routed)          0.146     3.468    ex_controller/cmd_q/Memory_reg_0_7_14_27_i_34_n_0
    SLICE_X128Y112       LUT3 (Prop_B6LUT_SLICEM_I1_O)
                                                      0.149     3.617 r  ex_controller/cmd_q/Memory_reg_0_bram_0_i_25/O
                         net (fo=21, routed)          0.350     3.967    ex_controller/cmd_q/io_read_req_bits_fromDMA
    SLICE_X124Y108       LUT5 (Prop_F6LUT_SLICEM_I4_O)
                                                      0.037     4.004 r  ex_controller/cmd_q/Memory_reg_0_bram_0_i_24__0/O
                         net (fo=4, routed)           0.500     4.504    spad/mvin_scale_pixel_repeater/_req_arb_3_io_out_bits_addr[0]
    SLICE_X120Y125       LUT6 (Prop_C6LUT_SLICEL_I1_O)
                                                      0.123     4.627 r  spad/mvin_scale_pixel_repeater/Memory_reg_0_bram_2_i_2__2/O
                         net (fo=9, routed)           1.269     5.897    spad/mvin_scale_pixel_repeater/req_bits_laddr_data_reg[15]_26
    SLICE_X103Y107       LUT5 (Prop_B6LUT_SLICEL_I4_O)
                                                      0.098     5.995 r  spad/mvin_scale_pixel_repeater/Memory_reg_3_bram_2_i_1__2/O
                         net (fo=4, routed)           0.797     6.792    spad/spad_mems_3/mem_ext/Memory_reg_3_bram_2_1[0]
    RAMB36_X6Y19         RAMB36E2                                     r  spad/spad_mems_3/mem_ext/Memory_reg_3_bram_2/WEA[0]
  -------------------------------------------------------------------    -------------------

                         (clock clk rise edge)        3.333     3.333 r  
                                                      0.000     3.333 r  clock (IN)
                         net (fo=31015, unset)        0.039     3.372    spad/spad_mems_3/mem_ext/clock
    RAMB36_X6Y19         RAMB36E2                                     r  spad/spad_mems_3/mem_ext/Memory_reg_3_bram_2/CLKARDCLK
                         clock pessimism              0.000     3.372    
                         clock uncertainty           -0.035     3.337    
    RAMB36_X6Y19         RAMB36E2 (Setup_RAMB36E2_RAMB36_CLKARDCLK_WEA[0])
                                                     -0.394     2.943    spad/spad_mems_3/mem_ext/Memory_reg_3_bram_2
  -------------------------------------------------------------------
                         required time                          2.943    
                         arrival time                          -6.792    
  -------------------------------------------------------------------
                         slack                                 -3.849    

Slack (VIOLATED) :        -3.839ns  (required time - arrival time)
  Source:                 ex_controller/cmd_q/raddr_reg[1]_rep__0/C
                            (rising edge-triggered cell FDRE clocked by clk  {rise@0.000ns fall@1.666ns period=3.333ns})
  Destination:            spad/spad_mems_1/mem_ext/Memory_reg_0_bram_0/ADDRARDADDR[4]
                            (rising edge-triggered cell RAMB36E2 clocked by clk  {rise@0.000ns fall@1.666ns period=3.333ns})
  Path Group:             clk
  Path Type:              Setup (Max at Slow Process Corner)
  Requirement:            3.333ns  (clk rise@3.333ns - clk rise@0.000ns)
  Data Path Delay:        6.810ns  (logic 1.430ns (21.000%)  route 5.380ns (79.000%))
  Logic Levels:           13  (CARRY8=2 LUT2=1 LUT3=2 LUT4=1 LUT5=2 LUT6=4 MUXF7=1)
  Clock Path Skew:        0.010ns (DCD - SCD + CPR)
    Destination Clock Delay (DCD):    0.039ns = ( 3.372 - 3.333 ) 
    Source Clock Delay      (SCD):    0.029ns
    Clock Pessimism Removal (CPR):    0.000ns
  Clock Uncertainty:      0.035ns  ((TSJ^2 + TIJ^2)^1/2 + DJ) / 2 + PE
    Total System Jitter     (TSJ):    0.071ns
    Total Input Jitter      (TIJ):    0.000ns
    Discrete Jitter          (DJ):    0.000ns
    Phase Error              (PE):    0.000ns

    Location             Delay type                Incr(ns)  Path(ns)    Netlist Resource(s)
  -------------------------------------------------------------------    -------------------
                         (clock clk rise edge)        0.000     0.000 r  
                                                      0.000     0.000 r  clock (IN)
                         net (fo=31015, unset)        0.029     0.029    ex_controller/cmd_q/clock
    SLICE_X132Y107       FDRE                                         r  ex_controller/cmd_q/raddr_reg[1]_rep__0/C
  -------------------------------------------------------------------    -------------------
    SLICE_X132Y107       FDRE (Prop_EFF2_SLICEL_C_Q)
                                                      0.081     0.110 r  ex_controller/cmd_q/raddr_reg[1]_rep__0/Q
                         net (fo=112, routed)         0.365     0.475    ex_controller/cmd_q/raddr_reg[1]_rep__0_n_0
    SLICE_X137Y103       LUT6 (Prop_D6LUT_SLICEM_I2_O)
                                                      0.099     0.574 r  ex_controller/cmd_q/Memory_reg_0_7_0_13_i_97/O
                         net (fo=1, routed)           0.025     0.599    ex_controller/cmd_q/Memory_reg_0_7_0_13_i_97_n_0
    SLICE_X137Y103       MUXF7 (Prop_F7MUX_CD_SLICEM_I0_O)
                                                      0.069     0.668 r  ex_controller/cmd_q/Memory_reg_0_7_0_13_i_54/O
                         net (fo=73, routed)          0.287     0.955    ex_controller/cmd_q/Memory_reg_0_7_0_13_i_54_n_0
    SLICE_X136Y97        LUT6 (Prop_H6LUT_SLICEL_I0_O)
                                                      0.150     1.105 r  ex_controller/cmd_q/Memory_reg_0_7_14_27_i_46/O
                         net (fo=96, routed)          0.386     1.491    ex_controller/cmd_q/Memory_reg_0_7_14_27_i_46_n_0
    SLICE_X134Y104       LUT5 (Prop_G6LUT_SLICEL_I2_O)
                                                      0.035     1.526 r  ex_controller/cmd_q/Memory_reg_0_7_14_27_i_65/O
                         net (fo=3, routed)           0.168     1.694    ex_controller/cmd_q/Memory_reg_0_7_14_27_i_65_n_0
    SLICE_X130Y104       LUT2 (Prop_A6LUT_SLICEL_I0_O)
                                                      0.149     1.843 r  ex_controller/cmd_q/Memory_reg_0_7_0_13_i_35__0/O
                         net (fo=1, routed)           0.009     1.852    ex_controller/cmd_q/Memory_reg_0_7_0_13_i_35__0_n_0
    SLICE_X130Y104       CARRY8 (Prop_CARRY8_SLICEL_S[0]_CO[7])
                                                      0.190     2.042 r  ex_controller/cmd_q/Memory_reg_0_7_0_13_i_9/CO[7]
                         net (fo=1, routed)           0.026     2.068    ex_controller/cmd_q/Memory_reg_0_7_0_13_i_9_n_0
    SLICE_X130Y105       CARRY8 (Prop_CARRY8_SLICEL_CI_O[7])
                                                      0.116     2.184 r  ex_controller/cmd_q/Memory_reg_0_7_0_13_i_3/O[7]
                         net (fo=10, routed)          0.142     2.326    ex_controller/cmd_q/O[2]
    SLICE_X130Y106       LUT4 (Prop_H5LUT_SLICEL_I2_O)
                                                      0.158     2.484 r  ex_controller/cmd_q/Memory_reg_0_bram_0_i_107/O
                         net (fo=1, routed)           0.163     2.647    ex_controller/cmd_q/Memory_reg_0_bram_0_i_107_n_0
    SLICE_X132Y105       LUT6 (Prop_H6LUT_SLICEL_I5_O)
                                                      0.036     2.683 f  ex_controller/cmd_q/Memory_reg_0_bram_0_i_87/O
                         net (fo=6, routed)           0.366     3.049    ex_controller/cmd_q/Memory_reg_0_bram_0_i_87_n_0
    SLICE_X129Y112       LUT3 (Prop_A6LUT_SLICEM_I2_O)
                                                      0.125     3.174 f  ex_controller/cmd_q/Memory_reg_0_7_14_27_i_91/O
                         net (fo=4, routed)           0.106     3.280    ex_controller/cmd_q/Memory_reg_0_7_14_27_i_91_n_0
    SLICE_X129Y112       LUT6 (Prop_G6LUT_SLICEM_I3_O)
                                                      0.037     3.317 r  ex_controller/cmd_q/Memory_reg_0_7_14_27_i_36/O
                         net (fo=16, routed)          0.225     3.542    ex_controller/cmd_q/Memory_reg_0_7_14_27_i_36_n_0
    SLICE_X128Y111       LUT3 (Prop_F6LUT_SLICEM_I1_O)
                                                      0.037     3.579 r  ex_controller/cmd_q/Memory_reg_0_bram_0_i_25__0/O
                         net (fo=21, routed)          0.691     4.270    spad/mvin_scale_pixel_repeater/_ex_controller_io_srams_read_1_req_valid
    SLICE_X123Y106       LUT5 (Prop_F6LUT_SLICEL_I1_O)
                                                      0.148     4.418 r  spad/mvin_scale_pixel_repeater/Memory_reg_0_bram_0_i_12__0/O
                         net (fo=16, routed)          2.420     6.839    spad/spad_mems_1/mem_ext/Memory_reg_0_bram_0_0[1]
    RAMB36_X7Y9          RAMB36E2                                     r  spad/spad_mems_1/mem_ext/Memory_reg_0_bram_0/ADDRARDADDR[4]
  -------------------------------------------------------------------    -------------------

                         (clock clk rise edge)        3.333     3.333 r  
                                                      0.000     3.333 r  clock (IN)
                         net (fo=31015, unset)        0.039     3.372    spad/spad_mems_1/mem_ext/clock
    RAMB36_X7Y9          RAMB36E2                                     r  spad/spad_mems_1/mem_ext/Memory_reg_0_bram_0/CLKARDCLK
                         clock pessimism              0.000     3.372    
                         clock uncertainty           -0.035     3.337    
    RAMB36_X7Y9          RAMB36E2 (Setup_RAMB36E2_RAMB36_CLKARDCLK_ADDRARDADDR[4])
                                                     -0.337     3.000    spad/spad_mems_1/mem_ext/Memory_reg_0_bram_0
  -------------------------------------------------------------------
                         required time                          3.000    
                         arrival time                          -6.839    
  -------------------------------------------------------------------
                         slack                                 -3.839    




