Copyright 1986-2022 Xilinx, Inc. All Rights Reserved. Copyright 2022-2023 Advanced Micro Devices, Inc. All Rights Reserved.
--------------------------------------------------------------------------------------------------------------------------------------------------
| Tool Version      : Vivado v.2023.2 (lin64) Build 4029153 Fri Oct 13 20:13:54 MDT 2023
| Date              : Tue Sep  8 05:45:02 2026
| Host              : brg-zhang-xcel.ece.cornell.edu running 64-bit Red Hat Enterprise Linux 9.8 (Plow)
| Command           : report_timing_summary -file timing.rpt
| Design            : dut_norm
| Device            : xcu280-fsvh2892
| Speed File        : -2L  PRODUCTION 1.30 05-01-2022
| Design State      : Routed
| Temperature Grade : E
--------------------------------------------------------------------------------------------------------------------------------------------------

Timing Summary Report

------------------------------------------------------------------------------------------------
| Timer Settings
| --------------
------------------------------------------------------------------------------------------------

  Enable Multi Corner Analysis               :  Yes
  Enable Pessimism Removal                   :  Yes
  Pessimism Removal Resolution               :  Nearest Common Node
  Enable Input Delay Default Clock           :  No
  Enable Preset / Clear Arcs                 :  No
  Disable Flight Delays                      :  No
  Ignore I/O Paths                           :  No
  Timing Early Launch at Borrowing Latches   :  No
  Borrow Time for Max Delay Exceptions       :  Yes
  Merge Timing Exceptions                    :  Yes
  Inter-SLR Compensation                     :  Conservative

  Corner  Analyze    Analyze    
  Name    Max Paths  Min Paths  
  ------  ---------  ---------  
  Slow    Yes        Yes        
  Fast    Yes        Yes        


------------------------------------------------------------------------------------------------
| Report Methodology
| ------------------
------------------------------------------------------------------------------------------------

No report available as report_methodology has not been run prior. Run report_methodology on the current design for the summary of methodology violations.



check_timing report

Table of Contents
-----------------
1. checking no_clock (0)
2. checking constant_clock (0)
3. checking pulse_width_clock (0)
4. checking unconstrained_internal_endpoints (0)
5. checking no_input_delay (153)
6. checking no_output_delay (280)
7. checking multiple_clock (0)
8. checking generated_clocks (0)
9. checking loops (0)
10. checking partial_input_delay (0)
11. checking partial_output_delay (0)
12. checking latch_loops (0)

1. checking no_clock (0)
------------------------
 There are 0 register/latch pins with no clock.


2. checking constant_clock (0)
------------------------------
 There are 0 register/latch pins with constant_clock.


3. checking pulse_width_clock (0)
---------------------------------
 There are 0 register/latch pins which need pulse_width check


4. checking unconstrained_internal_endpoints (0)
------------------------------------------------
 There are 0 pins that are not constrained for maximum delay.

 There are 0 pins that are not constrained for maximum delay due to constant clock.


5. checking no_input_delay (153)
--------------------------------
 There are 153 input ports with no input delay specified. (HIGH)

 There are 0 input ports with no input delay but user has a false path constraint.


6. checking no_output_delay (280)
---------------------------------
 There are 280 ports with no output delay specified. (HIGH)

 There are 0 ports with no output delay but user has a false path constraint

 There are 0 ports with no output delay but with a timing clock defined on it or propagating through it


7. checking multiple_clock (0)
------------------------------
 There are 0 register/latch pins with multiple clocks.


8. checking generated_clocks (0)
--------------------------------
 There are 0 generated clocks that are not connected to a clock source.


9. checking loops (0)
---------------------
 There are 0 combinational loops in the design.


10. checking partial_input_delay (0)
------------------------------------
 There are 0 input ports with partial input delay specified.


11. checking partial_output_delay (0)
-------------------------------------
 There are 0 ports with partial output delay specified.


12. checking latch_loops (0)
----------------------------
 There are 0 combinational latch loops in the design through latch input



------------------------------------------------------------------------------------------------
| Design Timing Summary
| ---------------------
------------------------------------------------------------------------------------------------

    WNS(ns)      TNS(ns)  TNS Failing Endpoints  TNS Total Endpoints      WHS(ns)      THS(ns)  THS Failing Endpoints  THS Total Endpoints     WPWS(ns)     TPWS(ns)  TPWS Failing Endpoints  TPWS Total Endpoints  
    -------      -------  ---------------------  -------------------      -------      -------  ---------------------  -------------------     --------     --------  ----------------------  --------------------  
      1.274        0.000                      0                33664        0.043        0.000                      0                33664        1.134        0.000                       0                  8679  


All user specified timing constraints are met.


------------------------------------------------------------------------------------------------
| Clock Summary
| -------------
------------------------------------------------------------------------------------------------

Clock   Waveform(ns)         Period(ns)      Frequency(MHz)
-----   ------------         ----------      --------------
ap_clk  {0.000 1.666}        3.333           300.030         


------------------------------------------------------------------------------------------------
| Intra Clock Table
| -----------------
------------------------------------------------------------------------------------------------

Clock             WNS(ns)      TNS(ns)  TNS Failing Endpoints  TNS Total Endpoints      WHS(ns)      THS(ns)  THS Failing Endpoints  THS Total Endpoints     WPWS(ns)     TPWS(ns)  TPWS Failing Endpoints  TPWS Total Endpoints  
-----             -------      -------  ---------------------  -------------------      -------      -------  ---------------------  -------------------     --------     --------  ----------------------  --------------------  
ap_clk              1.274        0.000                      0                33664        0.043        0.000                      0                33664        1.134        0.000                       0                  8679  


------------------------------------------------------------------------------------------------
| Inter Clock Table
| -----------------
------------------------------------------------------------------------------------------------

From Clock    To Clock          WNS(ns)      TNS(ns)  TNS Failing Endpoints  TNS Total Endpoints      WHS(ns)      THS(ns)  THS Failing Endpoints  THS Total Endpoints  
----------    --------          -------      -------  ---------------------  -------------------      -------      -------  ---------------------  -------------------  


------------------------------------------------------------------------------------------------
| Other Path Groups Table
| -----------------------
------------------------------------------------------------------------------------------------

Path Group    From Clock    To Clock          WNS(ns)      TNS(ns)  TNS Failing Endpoints  TNS Total Endpoints      WHS(ns)      THS(ns)  THS Failing Endpoints  THS Total Endpoints  
----------    ----------    --------          -------      -------  ---------------------  -------------------      -------      -------  ---------------------  -------------------  


------------------------------------------------------------------------------------------------
| Timing Details
| --------------
------------------------------------------------------------------------------------------------


---------------------------------------------------------------------------------------------------
From Clock:  ap_clk
  To Clock:  ap_clk

Setup :            0  Failing Endpoints,  Worst Slack        1.274ns,  Total Violation        0.000ns
Hold  :            0  Failing Endpoints,  Worst Slack        0.043ns,  Total Violation        0.000ns
PW    :            0  Failing Endpoints,  Worst Slack        1.134ns,  Total Violation        0.000ns
---------------------------------------------------------------------------------------------------


Max Delay Paths
--------------------------------------------------------------------------------------
Slack (MET) :             1.274ns  (required time - arrival time)
  Source:                 dut/u_pe_r3_2_7/u/grp_pe_r3_0_Pipeline_VITIS_LOOP_55_1_fu_70_ap_start_reg_reg/C
                            (rising edge-triggered cell FDRE clocked by ap_clk  {rise@0.000ns fall@1.666ns period=3.333ns})
  Destination:            dut/u_pe_r3_2_7/u/grp_pe_r3_0_Pipeline_VITIS_LOOP_55_1_fu_70/v33_fu_34_reg[13]/CE
                            (rising edge-triggered cell FDRE clocked by ap_clk  {rise@0.000ns fall@1.666ns period=3.333ns})
  Path Group:             ap_clk
  Path Type:              Setup (Max at Slow Process Corner)
  Requirement:            3.333ns  (ap_clk rise@3.333ns - ap_clk rise@0.000ns)
  Data Path Delay:        1.954ns  (logic 0.574ns (29.372%)  route 1.380ns (70.628%))
  Logic Levels:           4  (CARRY8=2 LUT4=1 LUT5=1)
  Clock Path Skew:        -0.008ns (DCD - SCD + CPR)
    Destination Clock Delay (DCD):    0.021ns = ( 3.354 - 3.333 ) 
    Source Clock Delay      (SCD):    0.029ns
    Clock Pessimism Removal (CPR):    0.000ns
  Clock Uncertainty:      0.035ns  ((TSJ^2 + TIJ^2)^1/2 + DJ) / 2 + PE
    Total System Jitter     (TSJ):    0.071ns
    Total Input Jitter      (TIJ):    0.000ns
    Discrete Jitter          (DJ):    0.000ns
    Phase Error              (PE):    0.000ns

    Location             Delay type                Incr(ns)  Path(ns)    Netlist Resource(s)
  -------------------------------------------------------------------    -------------------
                         (clock ap_clk rise edge)     0.000     0.000 r  
                                                      0.000     0.000 r  ap_clk (IN)
                         net (fo=8935, unset)         0.029     0.029    dut/u_pe_r3_2_7/u/ap_clk
    SLICE_X66Y95         FDRE                                         r  dut/u_pe_r3_2_7/u/grp_pe_r3_0_Pipeline_VITIS_LOOP_55_1_fu_70_ap_start_reg_reg/C
  -------------------------------------------------------------------    -------------------
    SLICE_X66Y95         FDRE (Prop_EFF_SLICEL_C_Q)
                                                      0.079     0.108 f  dut/u_pe_r3_2_7/u/grp_pe_r3_0_Pipeline_VITIS_LOOP_55_1_fu_70_ap_start_reg_reg/Q
                         net (fo=57, routed)          0.581     0.689    dut/u_pe_r3_2_7/u/grp_pe_r3_0_Pipeline_VITIS_LOOP_55_1_fu_70/flow_control_loop_pipe_sequential_init_U/grp_pe_r3_0_Pipeline_VITIS_LOOP_55_1_fu_70_ap_start_reg
    SLICE_X59Y93         LUT4 (Prop_A6LUT_SLICEL_I2_O)
                                                      0.124     0.813 r  dut/u_pe_r3_2_7/u/grp_pe_r3_0_Pipeline_VITIS_LOOP_55_1_fu_70/flow_control_loop_pipe_sequential_init_U/icmp_ln55_fu_70_p2_carry_i_10__2/O
                         net (fo=1, routed)           0.009     0.822    dut/u_pe_r3_2_7/u/grp_pe_r3_0_Pipeline_VITIS_LOOP_55_1_fu_70/flow_control_loop_pipe_sequential_init_U_n_14
    SLICE_X59Y93         CARRY8 (Prop_CARRY8_SLICEL_S[0]_CO[7])
                                                      0.190     1.012 r  dut/u_pe_r3_2_7/u/grp_pe_r3_0_Pipeline_VITIS_LOOP_55_1_fu_70/icmp_ln55_fu_70_p2_carry/CO[7]
                         net (fo=1, routed)           0.026     1.038    dut/u_pe_r3_2_7/u/grp_pe_r3_0_Pipeline_VITIS_LOOP_55_1_fu_70/icmp_ln55_fu_70_p2_carry_n_0
    SLICE_X59Y94         CARRY8 (Prop_CARRY8_SLICEL_CI_CO[7])
                                                      0.022     1.060 r  dut/u_pe_r3_2_7/u/grp_pe_r3_0_Pipeline_VITIS_LOOP_55_1_fu_70/icmp_ln55_fu_70_p2_carry__0/CO[7]
                         net (fo=8, routed)           0.364     1.423    dut/u_pe_r3_2_7/u/grp_pe_r3_0_Pipeline_VITIS_LOOP_55_1_fu_70/flow_control_loop_pipe_sequential_init_U/CO[0]
    SLICE_X65Y95         LUT5 (Prop_C5LUT_SLICEM_I0_O)
                                                      0.159     1.582 r  dut/u_pe_r3_2_7/u/grp_pe_r3_0_Pipeline_VITIS_LOOP_55_1_fu_70/flow_control_loop_pipe_sequential_init_U/v33_fu_34[30]_i_2__6/O
                         net (fo=31, routed)          0.401     1.983    dut/u_pe_r3_2_7/u/grp_pe_r3_0_Pipeline_VITIS_LOOP_55_1_fu_70/v33_fu_34
    SLICE_X60Y93         FDRE                                         r  dut/u_pe_r3_2_7/u/grp_pe_r3_0_Pipeline_VITIS_LOOP_55_1_fu_70/v33_fu_34_reg[13]/CE
  -------------------------------------------------------------------    -------------------

                         (clock ap_clk rise edge)     3.333     3.333 r  
                                                      0.000     3.333 r  ap_clk (IN)
                         net (fo=8935, unset)         0.021     3.354    dut/u_pe_r3_2_7/u/grp_pe_r3_0_Pipeline_VITIS_LOOP_55_1_fu_70/ap_clk
    SLICE_X60Y93         FDRE                                         r  dut/u_pe_r3_2_7/u/grp_pe_r3_0_Pipeline_VITIS_LOOP_55_1_fu_70/v33_fu_34_reg[13]/C
                         clock pessimism              0.000     3.354    
                         clock uncertainty           -0.035     3.319    
    SLICE_X60Y93         FDRE (Setup_EFF_SLICEM_C_CE)
                                                     -0.061     3.258    dut/u_pe_r3_2_7/u/grp_pe_r3_0_Pipeline_VITIS_LOOP_55_1_fu_70/v33_fu_34_reg[13]
  -------------------------------------------------------------------
                         required time                          3.258    
                         arrival time                          -1.983    
  -------------------------------------------------------------------
                         slack                                  1.274    





Min Delay Paths
--------------------------------------------------------------------------------------
Slack (MET) :             0.043ns  (arrival time - required time)
  Source:                 dut/g_pe_b_out_b_in[36].u/slice.q0_reg[1]/C
                            (rising edge-triggered cell FDRE clocked by ap_clk  {rise@0.000ns fall@1.666ns period=3.333ns})
  Destination:            dut/g_pe_b_out_b_in[44].u/slice.q1_reg[1]/D
                            (rising edge-triggered cell FDRE clocked by ap_clk  {rise@0.000ns fall@1.666ns period=3.333ns})
  Path Group:             ap_clk
  Path Type:              Hold (Min at Fast Process Corner)
  Requirement:            0.000ns  (ap_clk rise@0.000ns - ap_clk rise@0.000ns)
  Data Path Delay:        0.095ns  (logic 0.038ns (40.134%)  route 0.057ns (59.866%))
  Logic Levels:           0  
  Clock Path Skew:        0.006ns (DCD - SCD - CPR)
    Destination Clock Delay (DCD):    0.019ns
    Source Clock Delay      (SCD):    0.013ns
    Clock Pessimism Removal (CPR):    -0.000ns

    Location             Delay type                Incr(ns)  Path(ns)    Netlist Resource(s)
  -------------------------------------------------------------------    -------------------
                         (clock ap_clk rise edge)     0.000     0.000 r  
                                                      0.000     0.000 r  ap_clk (IN)
                         net (fo=8935, unset)         0.013     0.013    dut/g_pe_b_out_b_in[36].u/ap_clk
    SLICE_X76Y113        FDRE                                         r  dut/g_pe_b_out_b_in[36].u/slice.q0_reg[1]/C
  -------------------------------------------------------------------    -------------------
    SLICE_X76Y113        FDRE (Prop_EFF_SLICEM_C_Q)
                                                      0.038     0.051 r  dut/g_pe_b_out_b_in[36].u/slice.q0_reg[1]/Q
                         net (fo=2, routed)           0.057     0.108    dut/g_pe_b_out_b_in[44].u/D[1]
    SLICE_X76Y114        FDRE                                         r  dut/g_pe_b_out_b_in[44].u/slice.q1_reg[1]/D
  -------------------------------------------------------------------    -------------------

                         (clock ap_clk rise edge)     0.000     0.000 r  
                                                      0.000     0.000 r  ap_clk (IN)
                         net (fo=8935, unset)         0.019     0.019    dut/g_pe_b_out_b_in[44].u/ap_clk
    SLICE_X76Y114        FDRE                                         r  dut/g_pe_b_out_b_in[44].u/slice.q1_reg[1]/C
                         clock pessimism              0.000     0.019    
    SLICE_X76Y114        FDRE (Hold_CFF_SLICEM_C_D)
                                                      0.046     0.065    dut/g_pe_b_out_b_in[44].u/slice.q1_reg[1]
  -------------------------------------------------------------------
                         required time                         -0.065    
                         arrival time                           0.108    
  -------------------------------------------------------------------
                         slack                                  0.043    





Pulse Width Checks
--------------------------------------------------------------------------------------
Clock Name:         ap_clk
Waveform(ns):       { 0.000 1.666 }
Period(ns):         3.333
Sources:            { ap_clk }

Check Type        Corner  Lib Pin     Reference Pin  Required(ns)  Actual(ns)  Slack(ns)  Location      Pin
Min Period        n/a     SRL16E/CLK  n/a            1.064         3.333       2.269      SLICE_X81Y87  dut/u_pe_r0_1_1/u/grp_pe_r0_0_Pipeline_l_S_k_0_k_fu_61/ap_loop_exit_ready_pp0_iter2_reg_reg_srl2/CLK
Low Pulse Width   Slow    SRL16E/CLK  n/a            0.532         1.667       1.135      SLICE_X81Y87  dut/u_pe_r0_1_1/u/grp_pe_r0_0_Pipeline_l_S_k_0_k_fu_61/ap_loop_exit_ready_pp0_iter2_reg_reg_srl2/CLK
High Pulse Width  Slow    SRL16E/CLK  n/a            0.532         1.666       1.134      SLICE_X81Y87  dut/u_pe_r0_1_1/u/grp_pe_r0_0_Pipeline_l_S_k_0_k_fu_61/ap_loop_exit_ready_pp0_iter2_reg_reg_srl2/CLK



