Copyright 1986-2022 Xilinx, Inc. All Rights Reserved. Copyright 2022-2023 Advanced Micro Devices, Inc. All Rights Reserved.
--------------------------------------------------------------------------------------------------------------------------------------------------
| Tool Version      : Vivado v.2023.2 (lin64) Build 4029153 Fri Oct 13 20:13:54 MDT 2023
| Date              : Sat Sep 19 08:16:48 2026
| Host              : brg-zhang-xcel.ece.cornell.edu running 64-bit Red Hat Enterprise Linux 9.8 (Plow)
| Command           : report_timing_summary -file timing.rpt
| Design            : spmw_harness
| Device            : xcu280-fsvh2892
| Speed File        : -2L  PRODUCTION 1.30 05-01-2022
| Design State      : Routed
| Temperature Grade : E
--------------------------------------------------------------------------------------------------------------------------------------------------

Timing Summary Report

------------------------------------------------------------------------------------------------
| Timer Settings
| --------------
------------------------------------------------------------------------------------------------

  Enable Multi Corner Analysis               :  Yes
  Enable Pessimism Removal                   :  Yes
  Pessimism Removal Resolution               :  Nearest Common Node
  Enable Input Delay Default Clock           :  No
  Enable Preset / Clear Arcs                 :  No
  Disable Flight Delays                      :  No
  Ignore I/O Paths                           :  No
  Timing Early Launch at Borrowing Latches   :  No
  Borrow Time for Max Delay Exceptions       :  Yes
  Merge Timing Exceptions                    :  Yes
  Inter-SLR Compensation                     :  Conservative

  Corner  Analyze    Analyze    
  Name    Max Paths  Min Paths  
  ------  ---------  ---------  
  Slow    Yes        Yes        
  Fast    Yes        Yes        


------------------------------------------------------------------------------------------------
| Report Methodology
| ------------------
------------------------------------------------------------------------------------------------

No report available as report_methodology has not been run prior. Run report_methodology on the current design for the summary of methodology violations.



check_timing report

Table of Contents
-----------------
1. checking no_clock (0)
2. checking constant_clock (0)
3. checking pulse_width_clock (0)
4. checking unconstrained_internal_endpoints (0)
5. checking no_input_delay (2)
6. checking no_output_delay (32)
7. checking multiple_clock (0)
8. checking generated_clocks (0)
9. checking loops (0)
10. checking partial_input_delay (0)
11. checking partial_output_delay (0)
12. checking latch_loops (0)

1. checking no_clock (0)
------------------------
 There are 0 register/latch pins with no clock.


2. checking constant_clock (0)
------------------------------
 There are 0 register/latch pins with constant_clock.


3. checking pulse_width_clock (0)
---------------------------------
 There are 0 register/latch pins which need pulse_width check


4. checking unconstrained_internal_endpoints (0)
------------------------------------------------
 There are 0 pins that are not constrained for maximum delay.

 There are 0 pins that are not constrained for maximum delay due to constant clock.


5. checking no_input_delay (2)
------------------------------
 There are 2 input ports with no input delay specified. (HIGH)

 There are 0 input ports with no input delay but user has a false path constraint.


6. checking no_output_delay (32)
--------------------------------
 There are 32 ports with no output delay specified. (HIGH)

 There are 0 ports with no output delay but user has a false path constraint

 There are 0 ports with no output delay but with a timing clock defined on it or propagating through it


7. checking multiple_clock (0)
------------------------------
 There are 0 register/latch pins with multiple clocks.


8. checking generated_clocks (0)
--------------------------------
 There are 0 generated clocks that are not connected to a clock source.


9. checking loops (0)
---------------------
 There are 0 combinational loops in the design.


10. checking partial_input_delay (0)
------------------------------------
 There are 0 input ports with partial input delay specified.


11. checking partial_output_delay (0)
-------------------------------------
 There are 0 ports with partial output delay specified.


12. checking latch_loops (0)
----------------------------
 There are 0 combinational latch loops in the design through latch input



------------------------------------------------------------------------------------------------
| Design Timing Summary
| ---------------------
------------------------------------------------------------------------------------------------

    WNS(ns)      TNS(ns)  TNS Failing Endpoints  TNS Total Endpoints      WHS(ns)      THS(ns)  THS Failing Endpoints  THS Total Endpoints     WPWS(ns)     TPWS(ns)  TPWS Failing Endpoints  TPWS Total Endpoints  
    -------      -------  ---------------------  -------------------      -------      -------  ---------------------  -------------------     --------     --------  ----------------------  --------------------  
      0.072        0.000                      0               448353        0.009        0.000                      0               448353        1.134        0.000                       0                169614  


All user specified timing constraints are met.


------------------------------------------------------------------------------------------------
| Clock Summary
| -------------
------------------------------------------------------------------------------------------------

Clock   Waveform(ns)         Period(ns)      Frequency(MHz)
-----   ------------         ----------      --------------
ap_clk  {0.000 1.666}        3.333           300.030         


------------------------------------------------------------------------------------------------
| Intra Clock Table
| -----------------
------------------------------------------------------------------------------------------------

Clock             WNS(ns)      TNS(ns)  TNS Failing Endpoints  TNS Total Endpoints      WHS(ns)      THS(ns)  THS Failing Endpoints  THS Total Endpoints     WPWS(ns)     TPWS(ns)  TPWS Failing Endpoints  TPWS Total Endpoints  
-----             -------      -------  ---------------------  -------------------      -------      -------  ---------------------  -------------------     --------     --------  ----------------------  --------------------  
ap_clk              0.072        0.000                      0               448353        0.009        0.000                      0               448353        1.134        0.000                       0                169614  


------------------------------------------------------------------------------------------------
| Inter Clock Table
| -----------------
------------------------------------------------------------------------------------------------

From Clock    To Clock          WNS(ns)      TNS(ns)  TNS Failing Endpoints  TNS Total Endpoints      WHS(ns)      THS(ns)  THS Failing Endpoints  THS Total Endpoints  
----------    --------          -------      -------  ---------------------  -------------------      -------      -------  ---------------------  -------------------  


------------------------------------------------------------------------------------------------
| Other Path Groups Table
| -----------------------
------------------------------------------------------------------------------------------------

Path Group    From Clock    To Clock          WNS(ns)      TNS(ns)  TNS Failing Endpoints  TNS Total Endpoints      WHS(ns)      THS(ns)  THS Failing Endpoints  THS Total Endpoints  
----------    ----------    --------          -------      -------  ---------------------  -------------------      -------      -------  ---------------------  -------------------  


------------------------------------------------------------------------------------------------
| Timing Details
| --------------
------------------------------------------------------------------------------------------------


---------------------------------------------------------------------------------------------------
From Clock:  ap_clk
  To Clock:  ap_clk

Setup :            0  Failing Endpoints,  Worst Slack        0.072ns,  Total Violation        0.000ns
Hold  :            0  Failing Endpoints,  Worst Slack        0.009ns,  Total Violation        0.000ns
PW    :            0  Failing Endpoints,  Worst Slack        1.134ns,  Total Violation        0.000ns
---------------------------------------------------------------------------------------------------


Max Delay Paths
--------------------------------------------------------------------------------------
Slack (MET) :             0.072ns  (required time - arrival time)
  Source:                 dut/u_scale_r0_5/u/grp_scale_r0_0_Pipeline_VITIS_LOOP_58_2_fu_135/sub_ln178_reg_1160_reg[0]/C
                            (rising edge-triggered cell FDRE clocked by ap_clk  {rise@0.000ns fall@1.666ns period=3.333ns})
  Destination:            dut/u_scale_r0_5/u/grp_scale_r0_0_Pipeline_VITIS_LOOP_58_2_fu_135/mul_32s_32s_32_3_1_U13/buff0_reg/DSP_A_B_DATA_INST/B[14]
                            (rising edge-triggered cell DSP_A_B_DATA clocked by ap_clk  {rise@0.000ns fall@1.666ns period=3.333ns})
  Path Group:             ap_clk
  Path Type:              Setup (Max at Slow Process Corner)
  Requirement:            3.333ns  (ap_clk rise@3.333ns - ap_clk rise@0.000ns)
  Data Path Delay:        2.941ns  (logic 0.785ns (26.695%)  route 2.156ns (73.305%))
  Logic Levels:           8  (CARRY8=6 LUT6=2)
  Clock Path Skew:        -0.025ns (DCD - SCD + CPR)
    Destination Clock Delay (DCD):    2.793ns = ( 6.126 - 3.333 ) 
    Source Clock Delay      (SCD):    3.276ns
    Clock Pessimism Removal (CPR):    0.458ns
  Clock Uncertainty:      0.035ns  ((TSJ^2 + TIJ^2)^1/2 + DJ) / 2 + PE
    Total System Jitter     (TSJ):    0.071ns
    Total Input Jitter      (TIJ):    0.000ns
    Discrete Jitter          (DJ):    0.000ns
    Phase Error              (PE):    0.000ns
  Clock Net Delay (Source):      2.289ns (routing 1.169ns, distribution 1.120ns)
  Clock Net Delay (Destination): 2.098ns (routing 1.062ns, distribution 1.036ns)

    Location             Delay type                Incr(ns)  Path(ns)    Netlist Resource(s)
  -------------------------------------------------------------------    -------------------
                         (clock ap_clk rise edge)     0.000     0.000 r  
    BH26                                              0.000     0.000 r  ap_clk (IN)
                         net (fo=0)                   0.000     0.000    ap_clk_IBUF_inst/I
    BH26                 INBUF (Prop_INBUF_HPIOB_M_PAD_O)
                                                      0.636     0.636 r  ap_clk_IBUF_inst/INBUF_INST/O
                         net (fo=1, routed)           0.000     0.636    ap_clk_IBUF_inst/OUT
    BH26                 IBUFCTRL (Prop_IBUFCTRL_HPIOB_M_I_O)
                                                      0.000     0.636 r  ap_clk_IBUF_inst/IBUFCTRL_INST/O
                         net (fo=1, routed)           0.323     0.959    ap_clk_IBUF
    BUFGCE_X0Y72         BUFGCE (Prop_BUFCE_BUFGCE_I_O)
                                                      0.028     0.987 r  ap_clk_IBUF_BUFG_inst/O
    X3Y1 (CLOCK_ROOT)    net (fo=173011, routed)      2.289     3.276    dut/u_scale_r0_5/u/grp_scale_r0_0_Pipeline_VITIS_LOOP_58_2_fu_135/ap_clk_IBUF_BUFG
    SLICE_X89Y166        FDRE                                         r  dut/u_scale_r0_5/u/grp_scale_r0_0_Pipeline_VITIS_LOOP_58_2_fu_135/sub_ln178_reg_1160_reg[0]/C
  -------------------------------------------------------------------    -------------------
    SLICE_X89Y166        FDRE (Prop_AFF_SLICEL_C_Q)
                                                      0.079     3.355 r  dut/u_scale_r0_5/u/grp_scale_r0_0_Pipeline_VITIS_LOOP_58_2_fu_135/sub_ln178_reg_1160_reg[0]/Q
                         net (fo=3, routed)           0.561     3.916    dut/u_scale_r0_5/u/grp_scale_r0_0_Pipeline_VITIS_LOOP_58_2_fu_135/mul_32s_32s_32_3_1_U13/Q[0]
    SLICE_X90Y169        LUT6 (Prop_G6LUT_SLICEL_I2_O)
                                                      0.123     4.039 r  dut/u_scale_r0_5/u/grp_scale_r0_0_Pipeline_VITIS_LOOP_58_2_fu_135/mul_32s_32s_32_3_1_U13/tmp_product_i_62__3/O
                         net (fo=1, routed)           0.620     4.659    dut/u_scale_r0_5/u/grp_scale_r0_0_Pipeline_VITIS_LOOP_58_2_fu_135/mul_32s_32s_32_3_1_U13/tmp_product_i_62__3_n_0
    SLICE_X88Y165        CARRY8 (Prop_CARRY8_SLICEM_DI[0]_CO[7])
                                                      0.133     4.792 r  dut/u_scale_r0_5/u/grp_scale_r0_0_Pipeline_VITIS_LOOP_58_2_fu_135/mul_32s_32s_32_3_1_U13/tmp_product_i_38__3/CO[7]
                         net (fo=1, routed)           0.026     4.818    dut/u_scale_r0_5/u/grp_scale_r0_0_Pipeline_VITIS_LOOP_58_2_fu_135/mul_32s_32s_32_3_1_U13/tmp_product_i_38__3_n_0
    SLICE_X88Y166        CARRY8 (Prop_CARRY8_SLICEM_CI_CO[7])
                                                      0.022     4.840 r  dut/u_scale_r0_5/u/grp_scale_r0_0_Pipeline_VITIS_LOOP_58_2_fu_135/mul_32s_32s_32_3_1_U13/tmp_product_i_37__3/CO[7]
                         net (fo=32, routed)          0.185     5.025    dut/u_scale_r0_5/u/grp_scale_r0_0_Pipeline_VITIS_LOOP_58_2_fu_135/mul_32s_32s_32_3_1_U13/tmp_product_i_37__3_n_0
    SLICE_X88Y167        LUT6 (Prop_F6LUT_SLICEM_I1_O)
                                                      0.123     5.148 r  dut/u_scale_r0_5/u/grp_scale_r0_0_Pipeline_VITIS_LOOP_58_2_fu_135/mul_32s_32s_32_3_1_U13/tmp_product_i_31__7/O
                         net (fo=1, routed)           0.022     5.170    dut/u_scale_r0_5/u/grp_scale_r0_0_Pipeline_VITIS_LOOP_58_2_fu_135/mul_32s_32s_32_3_1_U13/tmp_product_i_31__7_n_0
    SLICE_X88Y167        CARRY8 (Prop_CARRY8_SLICEM_S[5]_CO[7])
                                                      0.159     5.329 r  dut/u_scale_r0_5/u/grp_scale_r0_0_Pipeline_VITIS_LOOP_58_2_fu_135/mul_32s_32s_32_3_1_U13/tmp_product_i_4__12/CO[7]
                         net (fo=1, routed)           0.026     5.355    dut/u_scale_r0_5/u/grp_scale_r0_0_Pipeline_VITIS_LOOP_58_2_fu_135/mul_32s_32s_32_3_1_U13/tmp_product_i_4__12_n_0
    SLICE_X88Y168        CARRY8 (Prop_CARRY8_SLICEM_CI_CO[7])
                                                      0.015     5.370 r  dut/u_scale_r0_5/u/grp_scale_r0_0_Pipeline_VITIS_LOOP_58_2_fu_135/mul_32s_32s_32_3_1_U13/tmp_product_i_3__12/CO[7]
                         net (fo=1, routed)           0.026     5.396    dut/u_scale_r0_5/u/grp_scale_r0_0_Pipeline_VITIS_LOOP_58_2_fu_135/mul_32s_32s_32_3_1_U13/tmp_product_i_3__12_n_0
    SLICE_X88Y169        CARRY8 (Prop_CARRY8_SLICEM_CI_CO[7])
                                                      0.015     5.411 r  dut/u_scale_r0_5/u/grp_scale_r0_0_Pipeline_VITIS_LOOP_58_2_fu_135/mul_32s_32s_32_3_1_U13/tmp_product_i_2__12/CO[7]
                         net (fo=1, routed)           0.026     5.437    dut/u_scale_r0_5/u/grp_scale_r0_0_Pipeline_VITIS_LOOP_58_2_fu_135/mul_32s_32s_32_3_1_U13/tmp_product_i_2__12_n_0
    SLICE_X88Y170        CARRY8 (Prop_CARRY8_SLICEM_CI_O[7])
                                                      0.116     5.553 r  dut/u_scale_r0_5/u/grp_scale_r0_0_Pipeline_VITIS_LOOP_58_2_fu_135/mul_32s_32s_32_3_1_U13/tmp_product_i_1__12/O[7]
                         net (fo=8, routed)           0.664     6.216    dut/u_scale_r0_5/u/grp_scale_r0_0_Pipeline_VITIS_LOOP_58_2_fu_135/mul_32s_32s_32_3_1_U13/buff0_reg/B[14]
    DSP48E2_X9Y64        DSP_A_B_DATA                                 r  dut/u_scale_r0_5/u/grp_scale_r0_0_Pipeline_VITIS_LOOP_58_2_fu_135/mul_32s_32s_32_3_1_U13/buff0_reg/DSP_A_B_DATA_INST/B[14]
  -------------------------------------------------------------------    -------------------

                         (clock ap_clk rise edge)     3.333     3.333 r  
    BH26                                              0.000     3.333 r  ap_clk (IN)
                         net (fo=0)                   0.000     3.333    ap_clk_IBUF_inst/I
    BH26                 INBUF (Prop_INBUF_HPIOB_M_PAD_O)
                                                      0.385     3.718 r  ap_clk_IBUF_inst/INBUF_INST/O
                         net (fo=1, routed)           0.000     3.718    ap_clk_IBUF_inst/OUT
    BH26                 IBUFCTRL (Prop_IBUFCTRL_HPIOB_M_I_O)
                                                      0.000     3.718 r  ap_clk_IBUF_inst/IBUFCTRL_INST/O
                         net (fo=1, routed)           0.286     4.004    ap_clk_IBUF
    BUFGCE_X0Y72         BUFGCE (Prop_BUFCE_BUFGCE_I_O)
                                                      0.024     4.028 r  ap_clk_IBUF_BUFG_inst/O
    X3Y1 (CLOCK_ROOT)    net (fo=173011, routed)      2.098     6.126    dut/u_scale_r0_5/u/grp_scale_r0_0_Pipeline_VITIS_LOOP_58_2_fu_135/mul_32s_32s_32_3_1_U13/buff0_reg/CLK
    DSP48E2_X9Y64        DSP_A_B_DATA                                 r  dut/u_scale_r0_5/u/grp_scale_r0_0_Pipeline_VITIS_LOOP_58_2_fu_135/mul_32s_32s_32_3_1_U13/buff0_reg/DSP_A_B_DATA_INST/CLK
                         clock pessimism              0.458     6.584    
                         clock uncertainty           -0.035     6.549    
    DSP48E2_X9Y64        DSP_A_B_DATA (Setup_DSP_A_B_DATA_DSP48E2_CLK_B[14])
                                                     -0.260     6.289    dut/u_scale_r0_5/u/grp_scale_r0_0_Pipeline_VITIS_LOOP_58_2_fu_135/mul_32s_32s_32_3_1_U13/buff0_reg/DSP_A_B_DATA_INST
  -------------------------------------------------------------------
                         required time                          6.289    
                         arrival time                          -6.216    
  -------------------------------------------------------------------
                         slack                                  0.072    





Min Delay Paths
--------------------------------------------------------------------------------------
Slack (MET) :             0.009ns  (arrival time - required time)
  Source:                 dut/u_scale_r0_9/u/grp_scale_r0_0_Pipeline_VITIS_LOOP_58_2_fu_135/v34_reg_1107_pp0_iter13_reg_reg[13]__0/C
                            (rising edge-triggered cell FDRE clocked by ap_clk  {rise@0.000ns fall@1.666ns period=3.333ns})
  Destination:            dut/u_scale_r0_9/u/grp_scale_r0_0_Pipeline_VITIS_LOOP_58_2_fu_135/e_reg_1224_reg[13]/D
                            (rising edge-triggered cell FDRE clocked by ap_clk  {rise@0.000ns fall@1.666ns period=3.333ns})
  Path Group:             ap_clk
  Path Type:              Hold (Min at Slow Process Corner)
  Requirement:            0.000ns  (ap_clk rise@0.000ns - ap_clk rise@0.000ns)
  Data Path Delay:        0.224ns  (logic 0.082ns (36.660%)  route 0.142ns (63.340%))
  Logic Levels:           1  (LUT6=1)
  Clock Path Skew:        0.154ns (DCD - SCD - CPR)
    Destination Clock Delay (DCD):    3.275ns
    Source Clock Delay      (SCD):    2.713ns
    Clock Pessimism Removal (CPR):    0.407ns
  Clock Net Delay (Source):      2.019ns (routing 1.062ns, distribution 0.957ns)
  Clock Net Delay (Destination): 2.288ns (routing 1.169ns, distribution 1.119ns)

    Location             Delay type                Incr(ns)  Path(ns)    Netlist Resource(s)
  -------------------------------------------------------------------    -------------------
                         (clock ap_clk rise edge)     0.000     0.000 r  
    BH26                                              0.000     0.000 r  ap_clk (IN)
                         net (fo=0)                   0.000     0.000    ap_clk_IBUF_inst/I
    BH26                 INBUF (Prop_INBUF_HPIOB_M_PAD_O)
                                                      0.385     0.385 r  ap_clk_IBUF_inst/INBUF_INST/O
                         net (fo=1, routed)           0.000     0.385    ap_clk_IBUF_inst/OUT
    BH26                 IBUFCTRL (Prop_IBUFCTRL_HPIOB_M_I_O)
                                                      0.000     0.385 r  ap_clk_IBUF_inst/IBUFCTRL_INST/O
                         net (fo=1, routed)           0.286     0.671    ap_clk_IBUF
    BUFGCE_X0Y72         BUFGCE (Prop_BUFCE_BUFGCE_I_O)
                                                      0.024     0.695 r  ap_clk_IBUF_BUFG_inst/O
    X3Y1 (CLOCK_ROOT)    net (fo=173011, routed)      2.019     2.713    dut/u_scale_r0_9/u/grp_scale_r0_0_Pipeline_VITIS_LOOP_58_2_fu_135/ap_clk_IBUF_BUFG
    SLICE_X107Y176       FDRE                                         r  dut/u_scale_r0_9/u/grp_scale_r0_0_Pipeline_VITIS_LOOP_58_2_fu_135/v34_reg_1107_pp0_iter13_reg_reg[13]__0/C
  -------------------------------------------------------------------    -------------------
    SLICE_X107Y176       FDRE (Prop_FFF2_SLICEM_C_Q)
                                                      0.060     2.773 r  dut/u_scale_r0_9/u/grp_scale_r0_0_Pipeline_VITIS_LOOP_58_2_fu_135/v34_reg_1107_pp0_iter13_reg_reg[13]__0/Q
                         net (fo=2, routed)           0.106     2.879    dut/u_scale_r0_9/u/grp_scale_r0_0_Pipeline_VITIS_LOOP_58_2_fu_135/v34_reg_1107_pp0_iter13_reg[13]
    SLICE_X107Y180       LUT6 (Prop_D6LUT_SLICEM_I5_O)
                                                      0.022     2.901 r  dut/u_scale_r0_9/u/grp_scale_r0_0_Pipeline_VITIS_LOOP_58_2_fu_135/e_reg_1224[13]_i_1__7/O
                         net (fo=1, routed)           0.036     2.937    dut/u_scale_r0_9/u/grp_scale_r0_0_Pipeline_VITIS_LOOP_58_2_fu_135/e_reg_1224[13]_i_1__7_n_0
    SLICE_X107Y180       FDRE                                         r  dut/u_scale_r0_9/u/grp_scale_r0_0_Pipeline_VITIS_LOOP_58_2_fu_135/e_reg_1224_reg[13]/D
  -------------------------------------------------------------------    -------------------

                         (clock ap_clk rise edge)     0.000     0.000 r  
    BH26                                              0.000     0.000 r  ap_clk (IN)
                         net (fo=0)                   0.000     0.000    ap_clk_IBUF_inst/I
    BH26                 INBUF (Prop_INBUF_HPIOB_M_PAD_O)
                                                      0.636     0.636 r  ap_clk_IBUF_inst/INBUF_INST/O
                         net (fo=1, routed)           0.000     0.636    ap_clk_IBUF_inst/OUT
    BH26                 IBUFCTRL (Prop_IBUFCTRL_HPIOB_M_I_O)
                                                      0.000     0.636 r  ap_clk_IBUF_inst/IBUFCTRL_INST/O
                         net (fo=1, routed)           0.323     0.959    ap_clk_IBUF
    BUFGCE_X0Y72         BUFGCE (Prop_BUFCE_BUFGCE_I_O)
                                                      0.028     0.987 r  ap_clk_IBUF_BUFG_inst/O
    X3Y1 (CLOCK_ROOT)    net (fo=173011, routed)      2.288     3.275    dut/u_scale_r0_9/u/grp_scale_r0_0_Pipeline_VITIS_LOOP_58_2_fu_135/ap_clk_IBUF_BUFG
    SLICE_X107Y180       FDRE                                         r  dut/u_scale_r0_9/u/grp_scale_r0_0_Pipeline_VITIS_LOOP_58_2_fu_135/e_reg_1224_reg[13]/C
                         clock pessimism             -0.407     2.868    
    SLICE_X107Y180       FDRE (Hold_DFF_SLICEM_C_D)
                                                      0.060     2.928    dut/u_scale_r0_9/u/grp_scale_r0_0_Pipeline_VITIS_LOOP_58_2_fu_135/e_reg_1224_reg[13]
  -------------------------------------------------------------------
                         required time                         -2.928    
                         arrival time                           2.937    
  -------------------------------------------------------------------
                         slack                                  0.009    





Pulse Width Checks
--------------------------------------------------------------------------------------
Clock Name:         ap_clk
Waveform(ns):       { 0.000 1.666 }
Period(ns):         3.333
Sources:            { ap_clk }

Check Type        Corner  Lib Pin     Reference Pin  Required(ns)  Actual(ns)  Slack(ns)  Location       Pin
Min Period        n/a     BUFGCE/I    n/a            1.290         3.333       2.043      BUFGCE_X0Y72   ap_clk_IBUF_BUFG_inst/I
Low Pulse Width   Slow    SRL16E/CLK  n/a            0.532         1.667       1.135      SLICE_X122Y18  gen_mac_a_in_bind[0].lf_mac_a_in_bind_reg[19]_srl12___gen_mac_a_in_bind_r_10/CLK
High Pulse Width  Slow    SRL16E/CLK  n/a            0.532         1.666       1.134      SLICE_X122Y18  gen_mac_a_in_bind[0].lf_mac_a_in_bind_reg[19]_srl12___gen_mac_a_in_bind_r_10/CLK



