

================================================================
== Vitis HLS Report for 'deal4_r0_0'
================================================================
* Date:           Fri Oct  2 03:49:43 2026

* Version:        2023.2 (Build 4023990 on Oct 11 2023)
* Project:        prj
* Solution:       sol (Vivado IP Flow Target)
* Product family: virtexuplusHBM
* Target device:  xcu280-fsvh2892-2L-e


================================================================
== Performance Estimates
================================================================
+ Timing: 
    * Summary: 
    +--------+---------+----------+------------+
    |  Clock |  Target | Estimated| Uncertainty|
    +--------+---------+----------+------------+
    |ap_clk  |  3.33 ns|  2.906 ns|     0.90 ns|
    +--------+---------+----------+------------+

+ Latency: 
    * Summary: 
    +---------+---------+----------+----------+-----+-----+---------+
    |  Latency (cycles) |  Latency (absolute) |  Interval | Pipeline|
    |   min   |   max   |    min   |    max   | min | max |   Type  |
    +---------+---------+----------+----------+-----+-----+---------+
    |        ?|        ?|         ?|         ?|    ?|    ?|       no|
    +---------+---------+----------+----------+-----+-----+---------+

    + Detail: 
        * Instance: 
        N/A

        * Loop: 
        +-------------------+---------+---------+----------+-----------+-----------+------+----------+
        |                   |  Latency (cycles) | Iteration|  Initiation Interval  | Trip |          |
        |     Loop Name     |   min   |   max   |  Latency |  achieved |   target  | Count| Pipelined|
        +-------------------+---------+---------+----------+-----------+-----------+------+----------+
        |- VITIS_LOOP_41_1  |        ?|        ?|         2|          1|          1|     ?|  yes(flp)|
        +-------------------+---------+---------+----------+-----------+-----------+------+----------+



================================================================
== Utilization Estimates
================================================================
* Summary: 
+---------------------+---------+------+---------+---------+-----+
|         Name        | BRAM_18K|  DSP |    FF   |   LUT   | URAM|
+---------------------+---------+------+---------+---------+-----+
|DSP                  |        -|     -|        -|        -|    -|
|Expression           |        -|     -|        0|      151|    -|
|FIFO                 |        -|     -|        -|        -|    -|
|Instance             |        -|     -|        -|        -|    -|
|Memory               |        -|     -|        -|        -|    -|
|Multiplexer          |        -|     -|        -|      348|    -|
|Register             |        -|     -|      159|        -|    -|
+---------------------+---------+------+---------+---------+-----+
|Total                |        0|     0|      159|      499|    0|
+---------------------+---------+------+---------+---------+-----+
|Available SLR        |     1344|  3008|   869120|   434560|  320|
+---------------------+---------+------+---------+---------+-----+
|Utilization SLR (%)  |        0|     0|       ~0|       ~0|    0|
+---------------------+---------+------+---------+---------+-----+
|Available            |     4032|  9024|  2607360|  1303680|  960|
+---------------------+---------+------+---------+---------+-----+
|Utilization (%)      |        0|     0|       ~0|       ~0|    0|
+---------------------+---------+------+---------+---------+-----+

+ Detail: 
    * Instance: 
    N/A

    * DSP: 
    N/A

    * Memory: 
    N/A

    * FIFO: 
    N/A

    * Expression: 
    +----------------------------------+----------+----+---+----+------------+------------+
    |           Variable Name          | Operation| DSP| FF| LUT| Bitwidth P0| Bitwidth P1|
    +----------------------------------+----------+----+---+----+------------+------------+
    |n_fu_336_p2                       |         +|   0|  0|  23|          16|           2|
    |ap_condition_168                  |       and|   0|  0|   2|           1|           1|
    |ap_condition_250                  |       and|   0|  0|   2|           1|           1|
    |ap_condition_41                   |       and|   0|  0|   2|           1|           1|
    |ap_condition_49                   |       and|   0|  0|   2|           1|           1|
    |ap_predicate_op111_write_state2   |       and|   0|  0|   2|           1|           1|
    |ap_predicate_op113_write_state2   |       and|   0|  0|   2|           1|           1|
    |ap_predicate_op115_read_state2    |       and|   0|  0|   2|           1|           1|
    |ap_predicate_op116_write_state2   |       and|   0|  0|   2|           1|           1|
    |ap_predicate_op117_write_state2   |       and|   0|  0|   2|           1|           1|
    |ap_predicate_op119_write_state2   |       and|   0|  0|   2|           1|           1|
    |ap_predicate_op121_write_state2   |       and|   0|  0|   2|           1|           1|
    |ap_predicate_op52_read_state1     |       and|   0|  0|   2|           1|           1|
    |grp_fu_188_p2                     |      icmp|   0|  0|  39|          32|           2|
    |islast_fu_330_p2                  |      icmp|   0|  0|  23|          16|           2|
    |ap_block_state1_pp0_stage0_iter0  |        or|   0|  0|   2|           1|           1|
    |ap_block_state2_pp0_stage0_iter1  |        or|   0|  0|   2|           1|           1|
    |ap_condition_242                  |        or|   0|  0|   2|           1|           1|
    |ap_condition_58                   |        or|   0|  0|   2|           1|           1|
    |st_fu_385_p3                      |    select|   0|  0|  32|           1|          32|
    |go_fu_378_p2                      |       xor|   0|  0|   2|           1|           2|
    +----------------------------------+----------+----+---+----+------------+------------+
    |Total                             |          |   0|  0| 151|          82|          56|
    +----------------------------------+----------+----+---+----+------------+------------+

    * Multiplexer: 
    +-------------------------------+----+-----------+-----+-----------+
    |              Name             | LUT| Input Size| Bits| Total Bits|
    +-------------------------------+----+-----------+-----+-----------+
    |ap_NS_iter1_fsm                |  14|          3|    2|          6|
    |ap_phi_mux_go_2_phi_fu_153_p4  |  14|          3|    1|          3|
    |ap_sig_allocacmp_ends_load     |   9|          2|    1|          2|
    |ap_sig_allocacmp_islast_2      |   9|          2|    1|          2|
    |ap_sig_allocacmp_kind_4        |   9|          2|    2|          4|
    |ap_sig_allocacmp_last          |   9|          2|    1|          2|
    |ap_sig_allocacmp_v124_load     |   9|          2|    1|          2|
    |ap_sig_allocacmp_v18_load      |   9|          2|   32|         64|
    |ap_sig_allocacmp_v18_load_1    |  14|          3|   32|         96|
    |ap_sig_allocacmp_v77_load      |   9|          2|   16|         32|
    |endp_fu_100                    |  20|          4|    1|          4|
    |ends_fu_84                     |   9|          2|    1|          2|
    |go_2_reg_150                   |   9|          2|    1|          2|
    |go_4_ph_reg_161                |  14|          3|    1|          3|
    |kind_fu_96                     |  26|          5|    2|         10|
    |v0_blk_n                       |   9|          2|    1|          2|
    |v0_din                         |  14|          3|   32|         96|
    |v124_fu_88                     |  14|          3|    1|          3|
    |v141_fu_80                     |   9|          2|    1|          2|
    |v18_fu_92                      |  31|          6|   32|        192|
    |v1_blk_n                       |   9|          2|    1|          2|
    |v2_blk_n                       |   9|          2|    1|          2|
    |v3_blk_n                       |   9|          2|    1|          2|
    |v4_blk_n                       |   9|          2|    1|          2|
    |v5_blk_n                       |   9|          2|    1|          2|
    |v5_din                         |  14|          3|   32|         96|
    |v60_fu_76                      |   9|          2|   64|        128|
    |v77_fu_104                     |  20|          4|   16|         64|
    +-------------------------------+----+-----------+-----+-----------+
    |Total                          | 348|         74|  279|        827|
    +-------------------------------+----+-----------+-----+-----------+

    * Register: 
    +------------------+----+----+-----+-----------+
    |       Name       | FF | LUT| Bits| Const Bits|
    +------------------+----+----+-----+-----------+
    |ap_CS_iter0_fsm   |   1|   0|    1|          0|
    |ap_CS_iter1_fsm   |   2|   0|    2|          0|
    |endp_fu_100       |   1|   0|    1|          0|
    |ends_fu_84        |   1|   0|    1|          0|
    |go_2_reg_150      |   1|   0|    1|          0|
    |go_4_ph_reg_161   |   1|   0|    1|          0|
    |kind_4_reg_575    |   2|   0|   32|         30|
    |kind_fu_96        |   2|   0|   32|         30|
    |v119_reg_599      |   1|   0|    1|          0|
    |v124_fu_88        |   1|   0|    1|          0|
    |v141_fu_80        |   1|   0|    1|          0|
    |v18_fu_92         |  32|   0|   32|          0|
    |v18_load_reg_583  |  32|   0|   32|          0|
    |v60_fu_76         |  64|   0|   64|          0|
    |v68_reg_587       |   1|   0|    1|          0|
    |v77_fu_104        |  16|   0|   16|          0|
    +------------------+----+----+-----+-----------+
    |Total             | 159|   0|  219|         60|
    +------------------+----+----+-----+-----------+



================================================================
== Interface
================================================================
* Summary: 
+------------+-----+-----+--------------+--------------+--------------+
|  RTL Ports | Dir | Bits|   Protocol   | Source Object|    C Type    |
+------------+-----+-----+--------------+--------------+--------------+
|ap_clk      |   in|    1|  ap_ctrl_none|    deal4_r0_0|  return value|
|ap_rst      |   in|    1|  ap_ctrl_none|    deal4_r0_0|  return value|
|v4_dout     |   in|   32|       ap_fifo|            v4|       pointer|
|v4_empty_n  |   in|    1|       ap_fifo|            v4|       pointer|
|v4_read     |  out|    1|       ap_fifo|            v4|       pointer|
|v5_din      |  out|   32|       ap_fifo|            v5|       pointer|
|v5_full_n   |   in|    1|       ap_fifo|            v5|       pointer|
|v5_write    |  out|    1|       ap_fifo|            v5|       pointer|
|v0_din      |  out|   32|       ap_fifo|            v0|       pointer|
|v0_full_n   |   in|    1|       ap_fifo|            v0|       pointer|
|v0_write    |  out|    1|       ap_fifo|            v0|       pointer|
|v3_dout     |   in|   64|       ap_fifo|            v3|       pointer|
|v3_empty_n  |   in|    1|       ap_fifo|            v3|       pointer|
|v3_read     |  out|    1|       ap_fifo|            v3|       pointer|
|v1_din      |  out|   64|       ap_fifo|            v1|       pointer|
|v1_full_n   |   in|    1|       ap_fifo|            v1|       pointer|
|v1_write    |  out|    1|       ap_fifo|            v1|       pointer|
|v2_din      |  out|   64|       ap_fifo|            v2|       pointer|
|v2_full_n   |   in|    1|       ap_fifo|            v2|       pointer|
|v2_write    |  out|    1|       ap_fifo|            v2|       pointer|
+------------+-----+-----+--------------+--------------+--------------+

