Copyright 1986-2022 Xilinx, Inc. All Rights Reserved. Copyright 2022-2023 Advanced Micro Devices, Inc. All Rights Reserved.
--------------------------------------------------------------------------------------------------------------------------------------------------
| Tool Version      : Vivado v.2023.2 (lin64) Build 4029153 Fri Oct 13 20:13:54 MDT 2023
| Date              : Fri Oct  2 04:18:25 2026
| Host              : brg-zhang-xcel.ece.cornell.edu running 64-bit Red Hat Enterprise Linux 9.8 (Plow)
| Command           : report_timing_summary -file timing.rpt
| Design            : spmw_harness
| Device            : xcu280-fsvh2892
| Speed File        : -2L  PRODUCTION 1.30 05-01-2022
| Design State      : Routed
| Temperature Grade : E
--------------------------------------------------------------------------------------------------------------------------------------------------

Timing Summary Report

------------------------------------------------------------------------------------------------
| Timer Settings
| --------------
------------------------------------------------------------------------------------------------

  Enable Multi Corner Analysis               :  Yes
  Enable Pessimism Removal                   :  Yes
  Pessimism Removal Resolution               :  Nearest Common Node
  Enable Input Delay Default Clock           :  No
  Enable Preset / Clear Arcs                 :  No
  Disable Flight Delays                      :  No
  Ignore I/O Paths                           :  No
  Timing Early Launch at Borrowing Latches   :  No
  Borrow Time for Max Delay Exceptions       :  Yes
  Merge Timing Exceptions                    :  Yes
  Inter-SLR Compensation                     :  Conservative

  Corner  Analyze    Analyze    
  Name    Max Paths  Min Paths  
  ------  ---------  ---------  
  Slow    Yes        Yes        
  Fast    Yes        Yes        


------------------------------------------------------------------------------------------------
| Report Methodology
| ------------------
------------------------------------------------------------------------------------------------

No report available as report_methodology has not been run prior. Run report_methodology on the current design for the summary of methodology violations.



check_timing report

Table of Contents
-----------------
1. checking no_clock (0)
2. checking constant_clock (0)
3. checking pulse_width_clock (0)
4. checking unconstrained_internal_endpoints (0)
5. checking no_input_delay (2)
6. checking no_output_delay (32)
7. checking multiple_clock (0)
8. checking generated_clocks (0)
9. checking loops (0)
10. checking partial_input_delay (0)
11. checking partial_output_delay (0)
12. checking latch_loops (0)

1. checking no_clock (0)
------------------------
 There are 0 register/latch pins with no clock.


2. checking constant_clock (0)
------------------------------
 There are 0 register/latch pins with constant_clock.


3. checking pulse_width_clock (0)
---------------------------------
 There are 0 register/latch pins which need pulse_width check


4. checking unconstrained_internal_endpoints (0)
------------------------------------------------
 There are 0 pins that are not constrained for maximum delay.

 There are 0 pins that are not constrained for maximum delay due to constant clock.


5. checking no_input_delay (2)
------------------------------
 There are 2 input ports with no input delay specified. (HIGH)

 There are 0 input ports with no input delay but user has a false path constraint.


6. checking no_output_delay (32)
--------------------------------
 There are 32 ports with no output delay specified. (HIGH)

 There are 0 ports with no output delay but user has a false path constraint

 There are 0 ports with no output delay but with a timing clock defined on it or propagating through it


7. checking multiple_clock (0)
------------------------------
 There are 0 register/latch pins with multiple clocks.


8. checking generated_clocks (0)
--------------------------------
 There are 0 generated clocks that are not connected to a clock source.


9. checking loops (0)
---------------------
 There are 0 combinational loops in the design.


10. checking partial_input_delay (0)
------------------------------------
 There are 0 input ports with partial input delay specified.


11. checking partial_output_delay (0)
-------------------------------------
 There are 0 ports with partial output delay specified.


12. checking latch_loops (0)
----------------------------
 There are 0 combinational latch loops in the design through latch input



------------------------------------------------------------------------------------------------
| Design Timing Summary
| ---------------------
------------------------------------------------------------------------------------------------

    WNS(ns)      TNS(ns)  TNS Failing Endpoints  TNS Total Endpoints      WHS(ns)      THS(ns)  THS Failing Endpoints  THS Total Endpoints     WPWS(ns)     TPWS(ns)  TPWS Failing Endpoints  TPWS Total Endpoints  
    -------      -------  ---------------------  -------------------      -------      -------  ---------------------  -------------------     --------     --------  ----------------------  --------------------  
      0.179        0.000                      0                14747        0.010        0.000                      0                14747        0.958        0.000                       0                  5997  


All user specified timing constraints are met.


------------------------------------------------------------------------------------------------
| Clock Summary
| -------------
------------------------------------------------------------------------------------------------

Clock   Waveform(ns)         Period(ns)      Frequency(MHz)
-----   ------------         ----------      --------------
ap_clk  {0.000 1.500}        3.000           333.333         


------------------------------------------------------------------------------------------------
| Intra Clock Table
| -----------------
------------------------------------------------------------------------------------------------

Clock             WNS(ns)      TNS(ns)  TNS Failing Endpoints  TNS Total Endpoints      WHS(ns)      THS(ns)  THS Failing Endpoints  THS Total Endpoints     WPWS(ns)     TPWS(ns)  TPWS Failing Endpoints  TPWS Total Endpoints  
-----             -------      -------  ---------------------  -------------------      -------      -------  ---------------------  -------------------     --------     --------  ----------------------  --------------------  
ap_clk              0.179        0.000                      0                14747        0.010        0.000                      0                14747        0.958        0.000                       0                  5997  


------------------------------------------------------------------------------------------------
| Inter Clock Table
| -----------------
------------------------------------------------------------------------------------------------

From Clock    To Clock          WNS(ns)      TNS(ns)  TNS Failing Endpoints  TNS Total Endpoints      WHS(ns)      THS(ns)  THS Failing Endpoints  THS Total Endpoints  
----------    --------          -------      -------  ---------------------  -------------------      -------      -------  ---------------------  -------------------  


------------------------------------------------------------------------------------------------
| Other Path Groups Table
| -----------------------
------------------------------------------------------------------------------------------------

Path Group    From Clock    To Clock          WNS(ns)      TNS(ns)  TNS Failing Endpoints  TNS Total Endpoints      WHS(ns)      THS(ns)  THS Failing Endpoints  THS Total Endpoints  
----------    ----------    --------          -------      -------  ---------------------  -------------------      -------      -------  ---------------------  -------------------  


------------------------------------------------------------------------------------------------
| Timing Details
| --------------
------------------------------------------------------------------------------------------------


---------------------------------------------------------------------------------------------------
From Clock:  ap_clk
  To Clock:  ap_clk

Setup :            0  Failing Endpoints,  Worst Slack        0.179ns,  Total Violation        0.000ns
Hold  :            0  Failing Endpoints,  Worst Slack        0.010ns,  Total Violation        0.000ns
PW    :            0  Failing Endpoints,  Worst Slack        0.958ns,  Total Violation        0.000ns
---------------------------------------------------------------------------------------------------


Max Delay Paths
--------------------------------------------------------------------------------------
Slack (MET) :             0.179ns  (required time - arrival time)
  Source:                 dut/u_pe_r1_3_2/u/flow_control_loop_pipe_no_ap_cont_U/ap_loop_init_reg/C
                            (rising edge-triggered cell FDRE clocked by ap_clk  {rise@0.000ns fall@1.500ns period=3.000ns})
  Destination:            dut/g_lane_z_in_bind[2].u/slice.q0_reg[17]/D
                            (rising edge-triggered cell FDRE clocked by ap_clk  {rise@0.000ns fall@1.500ns period=3.000ns})
  Path Group:             ap_clk
  Path Type:              Setup (Max at Slow Process Corner)
  Requirement:            3.000ns  (ap_clk rise@3.000ns - ap_clk rise@0.000ns)
  Data Path Delay:        2.726ns  (logic 1.265ns (46.411%)  route 1.461ns (53.589%))
  Logic Levels:           12  (CARRY8=6 LUT2=2 LUT3=1 LUT6=3)
  Clock Path Skew:        -0.085ns (DCD - SCD + CPR)
    Destination Clock Delay (DCD):    1.382ns = ( 4.382 - 3.000 ) 
    Source Clock Delay      (SCD):    1.778ns
    Clock Pessimism Removal (CPR):    0.310ns
  Clock Uncertainty:      0.035ns  ((TSJ^2 + TIJ^2)^1/2 + DJ) / 2 + PE
    Total System Jitter     (TSJ):    0.071ns
    Total Input Jitter      (TIJ):    0.000ns
    Discrete Jitter          (DJ):    0.000ns
    Phase Error              (PE):    0.000ns
  Clock Net Delay (Source):      0.791ns (routing 0.001ns, distribution 0.790ns)
  Clock Net Delay (Destination): 0.688ns (routing 0.001ns, distribution 0.687ns)

    Location             Delay type                Incr(ns)  Path(ns)    Netlist Resource(s)
  -------------------------------------------------------------------    -------------------
                         (clock ap_clk rise edge)     0.000     0.000 r  
    BH26                                              0.000     0.000 r  ap_clk (IN)
                         net (fo=0)                   0.000     0.000    ap_clk_IBUF_inst/I
    BH26                 INBUF (Prop_INBUF_HPIOB_M_PAD_O)
                                                      0.636     0.636 r  ap_clk_IBUF_inst/INBUF_INST/O
                         net (fo=1, routed)           0.000     0.636    ap_clk_IBUF_inst/OUT
    BH26                 IBUFCTRL (Prop_IBUFCTRL_HPIOB_M_I_O)
                                                      0.000     0.636 r  ap_clk_IBUF_inst/IBUFCTRL_INST/O
                         net (fo=1, routed)           0.323     0.959    ap_clk_IBUF
    BUFGCE_X0Y72         BUFGCE (Prop_BUFCE_BUFGCE_I_O)
                                                      0.028     0.987 r  ap_clk_IBUF_BUFG_inst/O
    X4Y3 (CLOCK_ROOT)    net (fo=5996, routed)        0.791     1.778    dut/u_pe_r1_3_2/u/flow_control_loop_pipe_no_ap_cont_U/ap_clk_IBUF_BUFG
    SLICE_X128Y201       FDRE                                         r  dut/u_pe_r1_3_2/u/flow_control_loop_pipe_no_ap_cont_U/ap_loop_init_reg/C
  -------------------------------------------------------------------    -------------------
    SLICE_X128Y201       FDRE (Prop_AFF_SLICEM_C_Q)
                                                      0.077     1.855 r  dut/u_pe_r1_3_2/u/flow_control_loop_pipe_no_ap_cont_U/ap_loop_init_reg/Q
                         net (fo=65, routed)          0.182     2.037    dut/u_pe_r1_3_2/u/flow_control_loop_pipe_no_ap_cont_U/ap_loop_init_reg_0
    SLICE_X128Y198       LUT2 (Prop_B6LUT_SLICEM_I0_O)
                                                      0.089     2.126 r  dut/u_pe_r1_3_2/u/flow_control_loop_pipe_no_ap_cont_U/tmp_product__0_carry_i_18__4/O
                         net (fo=9, routed)           0.115     2.240    dut/u_pe_r1_3_2/u/flow_control_loop_pipe_no_ap_cont_U/ap_loop_init_reg_5
    SLICE_X128Y197       LUT6 (Prop_B6LUT_SLICEM_I0_O)
                                                      0.125     2.365 r  dut/u_pe_r1_3_2/u/flow_control_loop_pipe_no_ap_cont_U/tmp_product__0_carry_i_5__4/O
                         net (fo=2, routed)           0.145     2.510    dut/u_pe_r1_3_2/u/flow_control_loop_pipe_no_ap_cont_U/bare.q0_reg[2][2]
    SLICE_X127Y197       LUT6 (Prop_D6LUT_SLICEL_I0_O)
                                                      0.036     2.546 r  dut/u_pe_r1_3_2/u/flow_control_loop_pipe_no_ap_cont_U/tmp_product__0_carry_i_12__4/O
                         net (fo=1, routed)           0.009     2.555    dut/u_pe_r1_3_2/u/mul_8s_8s_16_1_1_U1/S[3]
    SLICE_X127Y197       CARRY8 (Prop_CARRY8_SLICEL_S[3]_CO[7])
                                                      0.154     2.709 r  dut/u_pe_r1_3_2/u/mul_8s_8s_16_1_1_U1/tmp_product__0_carry/CO[7]
                         net (fo=1, routed)           0.026     2.735    dut/u_pe_r1_3_2/u/mul_8s_8s_16_1_1_U1/tmp_product__0_carry_n_0
    SLICE_X127Y198       CARRY8 (Prop_CARRY8_SLICEL_CI_O[1])
                                                      0.076     2.811 r  dut/u_pe_r1_3_2/u/mul_8s_8s_16_1_1_U1/tmp_product__0_carry__0/O[1]
                         net (fo=3, routed)           0.367     3.178    dut/u_pe_r1_3_2/u/mul_8s_8s_16_1_1_U1/tmp_product__0_carry__0_n_14
    SLICE_X126Y201       LUT6 (Prop_F6LUT_SLICEM_I4_O)
                                                      0.088     3.266 r  dut/u_pe_r1_3_2/u/mul_8s_8s_16_1_1_U1/tmp_product__85_carry_i_11__4/O
                         net (fo=1, routed)           0.022     3.288    dut/u_pe_r1_3_2/u/mul_8s_8s_16_1_1_U1/tmp_product__85_carry_i_11__4_n_0
    SLICE_X126Y201       CARRY8 (Prop_CARRY8_SLICEM_S[5]_CO[7])
                                                      0.159     3.447 r  dut/u_pe_r1_3_2/u/mul_8s_8s_16_1_1_U1/tmp_product__85_carry/CO[7]
                         net (fo=1, routed)           0.026     3.473    dut/u_pe_r1_3_2/u/mul_8s_8s_16_1_1_U1/tmp_product__85_carry_n_0
    SLICE_X126Y202       CARRY8 (Prop_CARRY8_SLICEM_CI_O[1])
                                                      0.076     3.549 r  dut/u_pe_r1_3_2/u/mul_8s_8s_16_1_1_U1/tmp_product__85_carry__0/O[1]
                         net (fo=1, routed)           0.310     3.859    dut/g_pe_p_out_p_in[14].u/sext_ln62_fu_181_p1[12]
    SLICE_X127Y200       LUT2 (Prop_F6LUT_SLICEL_I1_O)
                                                      0.097     3.956 r  dut/g_pe_p_out_p_in[14].u/v3_din_carry__0_i_3__4/O
                         net (fo=1, routed)           0.011     3.967    dut/u_pe_r1_3_2/u/slice.q1_reg[15][5]
    SLICE_X127Y200       CARRY8 (Prop_CARRY8_SLICEL_S[5]_CO[7])
                                                      0.155     4.122 r  dut/u_pe_r1_3_2/u/v3_din_carry__0/CO[7]
                         net (fo=1, routed)           0.026     4.148    dut/u_pe_r1_3_2/u/v3_din_carry__0_n_0
    SLICE_X127Y201       CARRY8 (Prop_CARRY8_SLICEL_CI_O[1])
                                                      0.083     4.231 r  dut/u_pe_r1_3_2/u/v3_din_carry__1/O[1]
                         net (fo=2, routed)           0.174     4.405    dut/g_lane_z_in_bind[2].u/p_out_din[17]
    SLICE_X127Y201       LUT3 (Prop_G6LUT_SLICEL_I1_O)
                                                      0.050     4.455 r  dut/g_lane_z_in_bind[2].u/slice.q0[17]_i_1__1/O
                         net (fo=1, routed)           0.048     4.503    dut/g_lane_z_in_bind[2].u/slice.q0[17]_i_1__1_n_0
    SLICE_X127Y201       FDRE                                         r  dut/g_lane_z_in_bind[2].u/slice.q0_reg[17]/D
  -------------------------------------------------------------------    -------------------

                         (clock ap_clk rise edge)     3.000     3.000 r  
    BH26                                              0.000     3.000 r  ap_clk (IN)
                         net (fo=0)                   0.000     3.000    ap_clk_IBUF_inst/I
    BH26                 INBUF (Prop_INBUF_HPIOB_M_PAD_O)
                                                      0.385     3.385 r  ap_clk_IBUF_inst/INBUF_INST/O
                         net (fo=1, routed)           0.000     3.385    ap_clk_IBUF_inst/OUT
    BH26                 IBUFCTRL (Prop_IBUFCTRL_HPIOB_M_I_O)
                                                      0.000     3.385 r  ap_clk_IBUF_inst/IBUFCTRL_INST/O
                         net (fo=1, routed)           0.286     3.671    ap_clk_IBUF
    BUFGCE_X0Y72         BUFGCE (Prop_BUFCE_BUFGCE_I_O)
                                                      0.024     3.695 r  ap_clk_IBUF_BUFG_inst/O
    X4Y3 (CLOCK_ROOT)    net (fo=5996, routed)        0.688     4.382    dut/g_lane_z_in_bind[2].u/ap_clk_IBUF_BUFG
    SLICE_X127Y201       FDRE                                         r  dut/g_lane_z_in_bind[2].u/slice.q0_reg[17]/C
                         clock pessimism              0.310     4.693    
                         clock uncertainty           -0.035     4.657    
    SLICE_X127Y201       FDRE (Setup_GFF_SLICEL_C_D)
                                                      0.025     4.682    dut/g_lane_z_in_bind[2].u/slice.q0_reg[17]
  -------------------------------------------------------------------
                         required time                          4.682    
                         arrival time                          -4.503    
  -------------------------------------------------------------------
                         slack                                  0.179    





Min Delay Paths
--------------------------------------------------------------------------------------
Slack (MET) :             0.010ns  (arrival time - required time)
  Source:                 dut/g_pack4_row_in_bind[0].u/u/xpm_fifo_base_inst/xpm_fifo_rst_inst/gen_rst_cc.fifo_wr_rst_cc_reg[2]/C
                            (rising edge-triggered cell FDSE clocked by ap_clk  {rise@0.000ns fall@1.500ns period=3.000ns})
  Destination:            dut/g_pack4_row_in_bind[0].u/u/xpm_fifo_base_inst/rst_d1_inst/d_out_int_reg/D
                            (rising edge-triggered cell FDRE clocked by ap_clk  {rise@0.000ns fall@1.500ns period=3.000ns})
  Path Group:             ap_clk
  Path Type:              Hold (Min at Slow Process Corner)
  Requirement:            0.000ns  (ap_clk rise@0.000ns - ap_clk rise@0.000ns)
  Data Path Delay:        0.164ns  (logic 0.058ns (35.428%)  route 0.106ns (64.572%))
  Logic Levels:           0  
  Clock Path Skew:        0.092ns (DCD - SCD - CPR)
    Destination Clock Delay (DCD):    1.789ns
    Source Clock Delay      (SCD):    1.387ns
    Clock Pessimism Removal (CPR):    0.310ns
  Clock Net Delay (Source):      0.692ns (routing 0.001ns, distribution 0.691ns)
  Clock Net Delay (Destination): 0.802ns (routing 0.001ns, distribution 0.801ns)

    Location             Delay type                Incr(ns)  Path(ns)    Netlist Resource(s)
  -------------------------------------------------------------------    -------------------
                         (clock ap_clk rise edge)     0.000     0.000 r  
    BH26                                              0.000     0.000 r  ap_clk (IN)
                         net (fo=0)                   0.000     0.000    ap_clk_IBUF_inst/I
    BH26                 INBUF (Prop_INBUF_HPIOB_M_PAD_O)
                                                      0.385     0.385 r  ap_clk_IBUF_inst/INBUF_INST/O
                         net (fo=1, routed)           0.000     0.385    ap_clk_IBUF_inst/OUT
    BH26                 IBUFCTRL (Prop_IBUFCTRL_HPIOB_M_I_O)
                                                      0.000     0.385 r  ap_clk_IBUF_inst/IBUFCTRL_INST/O
                         net (fo=1, routed)           0.286     0.671    ap_clk_IBUF
    BUFGCE_X0Y72         BUFGCE (Prop_BUFCE_BUFGCE_I_O)
                                                      0.024     0.695 r  ap_clk_IBUF_BUFG_inst/O
    X4Y3 (CLOCK_ROOT)    net (fo=5996, routed)        0.692     1.387    dut/g_pack4_row_in_bind[0].u/u/xpm_fifo_base_inst/xpm_fifo_rst_inst/wr_clk
    SLICE_X142Y216       FDSE                                         r  dut/g_pack4_row_in_bind[0].u/u/xpm_fifo_base_inst/xpm_fifo_rst_inst/gen_rst_cc.fifo_wr_rst_cc_reg[2]/C
  -------------------------------------------------------------------    -------------------
    SLICE_X142Y216       FDSE (Prop_EFF_SLICEM_C_Q)
                                                      0.058     1.445 r  dut/g_pack4_row_in_bind[0].u/u/xpm_fifo_base_inst/xpm_fifo_rst_inst/gen_rst_cc.fifo_wr_rst_cc_reg[2]/Q
                         net (fo=45, routed)          0.106     1.550    dut/g_pack4_row_in_bind[0].u/u/xpm_fifo_base_inst/rst_d1_inst/Q[0]
    SLICE_X141Y216       FDRE                                         r  dut/g_pack4_row_in_bind[0].u/u/xpm_fifo_base_inst/rst_d1_inst/d_out_int_reg/D
  -------------------------------------------------------------------    -------------------

                         (clock ap_clk rise edge)     0.000     0.000 r  
    BH26                                              0.000     0.000 r  ap_clk (IN)
                         net (fo=0)                   0.000     0.000    ap_clk_IBUF_inst/I
    BH26                 INBUF (Prop_INBUF_HPIOB_M_PAD_O)
                                                      0.636     0.636 r  ap_clk_IBUF_inst/INBUF_INST/O
                         net (fo=1, routed)           0.000     0.636    ap_clk_IBUF_inst/OUT
    BH26                 IBUFCTRL (Prop_IBUFCTRL_HPIOB_M_I_O)
                                                      0.000     0.636 r  ap_clk_IBUF_inst/IBUFCTRL_INST/O
                         net (fo=1, routed)           0.323     0.959    ap_clk_IBUF
    BUFGCE_X0Y72         BUFGCE (Prop_BUFCE_BUFGCE_I_O)
                                                      0.028     0.987 r  ap_clk_IBUF_BUFG_inst/O
    X4Y3 (CLOCK_ROOT)    net (fo=5996, routed)        0.802     1.789    dut/g_pack4_row_in_bind[0].u/u/xpm_fifo_base_inst/rst_d1_inst/wr_clk
    SLICE_X141Y216       FDRE                                         r  dut/g_pack4_row_in_bind[0].u/u/xpm_fifo_base_inst/rst_d1_inst/d_out_int_reg/C
                         clock pessimism             -0.310     1.479    
    SLICE_X141Y216       FDRE (Hold_HFF2_SLICEM_C_D)
                                                      0.062     1.541    dut/g_pack4_row_in_bind[0].u/u/xpm_fifo_base_inst/rst_d1_inst/d_out_int_reg
  -------------------------------------------------------------------
                         required time                         -1.541    
                         arrival time                           1.550    
  -------------------------------------------------------------------
                         slack                                  0.010    





Pulse Width Checks
--------------------------------------------------------------------------------------
Clock Name:         ap_clk
Waveform(ns):       { 0.000 1.500 }
Period(ns):         3.000
Sources:            { ap_clk }

Check Type        Corner  Lib Pin             Reference Pin  Required(ns)  Actual(ns)  Slack(ns)  Location      Pin
Min Period        n/a     RAMB36E2/CLKARDCLK  n/a            1.569         3.000       1.431      RAMB36_X8Y43  dut/u_lane_r0_0/u/grp_lane_r0_0_Pipeline_VITIS_LOOP_33_1_fu_40/buf_r_U/ram_reg_bram_0/CLKARDCLK
Low Pulse Width   Slow    RAMB18E2/CLKARDCLK  n/a            0.542         1.500       0.958      RAMB18_X9Y88  dut/g_head4_a_in_bind[0].u/u/xpm_fifo_base_inst/gen_sdpram.xpm_memory_base_inst/gen_wr_a.gen_word_narrow.mem_reg/CLKARDCLK
High Pulse Width  Slow    RAMB18E2/CLKARDCLK  n/a            0.542         1.500       0.958      RAMB18_X9Y88  dut/g_head4_a_in_bind[0].u/u/xpm_fifo_base_inst/gen_sdpram.xpm_memory_base_inst/gen_wr_a.gen_word_narrow.mem_reg/CLKARDCLK



