Copyright 1986-2022 Xilinx, Inc. All Rights Reserved. Copyright 2022-2023 Advanced Micro Devices, Inc. All Rights Reserved.
--------------------------------------------------------------------------------------------------------------------------------------------------
| Tool Version      : Vivado v.2023.2 (lin64) Build 4029153 Fri Oct 13 20:13:54 MDT 2023
| Date              : Fri Oct  2 04:23:08 2026
| Host              : brg-zhang-xcel.ece.cornell.edu running 64-bit Red Hat Enterprise Linux 9.8 (Plow)
| Command           : report_timing -max_paths 1 -nworst 1 -file /scratch/hc676/e13_mem/route_4_p30/worst_paths.rpt
| Design            : spmw_harness
| Device            : xcu280-fsvh2892
| Speed File        : -2L  PRODUCTION 1.30 05-01-2022
| Design State      : Routed
| Temperature Grade : E
--------------------------------------------------------------------------------------------------------------------------------------------------

Timing Report

Slack (MET) :             0.179ns  (required time - arrival time)
  Source:                 dut/u_pe_r1_3_2/u/flow_control_loop_pipe_no_ap_cont_U/ap_loop_init_reg/C
                            (rising edge-triggered cell FDRE clocked by ap_clk  {rise@0.000ns fall@1.500ns period=3.000ns})
  Destination:            dut/g_lane_z_in_bind[2].u/slice.q0_reg[17]/D
                            (rising edge-triggered cell FDRE clocked by ap_clk  {rise@0.000ns fall@1.500ns period=3.000ns})
  Path Group:             ap_clk
  Path Type:              Setup (Max at Slow Process Corner)
  Requirement:            3.000ns  (ap_clk rise@3.000ns - ap_clk rise@0.000ns)
  Data Path Delay:        2.726ns  (logic 1.265ns (46.411%)  route 1.461ns (53.589%))
  Logic Levels:           12  (CARRY8=6 LUT2=2 LUT3=1 LUT6=3)
  Clock Path Skew:        -0.085ns (DCD - SCD + CPR)
    Destination Clock Delay (DCD):    1.382ns = ( 4.382 - 3.000 ) 
    Source Clock Delay      (SCD):    1.778ns
    Clock Pessimism Removal (CPR):    0.310ns
  Clock Uncertainty:      0.035ns  ((TSJ^2 + TIJ^2)^1/2 + DJ) / 2 + PE
    Total System Jitter     (TSJ):    0.071ns
    Total Input Jitter      (TIJ):    0.000ns
    Discrete Jitter          (DJ):    0.000ns
    Phase Error              (PE):    0.000ns
  Clock Net Delay (Source):      0.791ns (routing 0.001ns, distribution 0.790ns)
  Clock Net Delay (Destination): 0.688ns (routing 0.001ns, distribution 0.687ns)

    Location             Delay type                Incr(ns)  Path(ns)    Netlist Resource(s)
  -------------------------------------------------------------------    -------------------
                         (clock ap_clk rise edge)     0.000     0.000 r  
    BH26                                              0.000     0.000 r  ap_clk (IN)
                         net (fo=0)                   0.000     0.000    ap_clk_IBUF_inst/I
    BH26                 INBUF (Prop_INBUF_HPIOB_M_PAD_O)
                                                      0.636     0.636 r  ap_clk_IBUF_inst/INBUF_INST/O
                         net (fo=1, routed)           0.000     0.636    ap_clk_IBUF_inst/OUT
    BH26                 IBUFCTRL (Prop_IBUFCTRL_HPIOB_M_I_O)
                                                      0.000     0.636 r  ap_clk_IBUF_inst/IBUFCTRL_INST/O
                         net (fo=1, routed)           0.323     0.959    ap_clk_IBUF
    BUFGCE_X0Y72         BUFGCE (Prop_BUFCE_BUFGCE_I_O)
                                                      0.028     0.987 r  ap_clk_IBUF_BUFG_inst/O
    X4Y3 (CLOCK_ROOT)    net (fo=5996, routed)        0.791     1.778    dut/u_pe_r1_3_2/u/flow_control_loop_pipe_no_ap_cont_U/ap_clk_IBUF_BUFG
    SLICE_X128Y201       FDRE                                         r  dut/u_pe_r1_3_2/u/flow_control_loop_pipe_no_ap_cont_U/ap_loop_init_reg/C
  -------------------------------------------------------------------    -------------------
    SLICE_X128Y201       FDRE (Prop_AFF_SLICEM_C_Q)
                                                      0.077     1.855 r  dut/u_pe_r1_3_2/u/flow_control_loop_pipe_no_ap_cont_U/ap_loop_init_reg/Q
                         net (fo=65, routed)          0.182     2.037    dut/u_pe_r1_3_2/u/flow_control_loop_pipe_no_ap_cont_U/ap_loop_init_reg_0
    SLICE_X128Y198       LUT2 (Prop_B6LUT_SLICEM_I0_O)
                                                      0.089     2.126 r  dut/u_pe_r1_3_2/u/flow_control_loop_pipe_no_ap_cont_U/tmp_product__0_carry_i_18__4/O
                         net (fo=9, routed)           0.115     2.240    dut/u_pe_r1_3_2/u/flow_control_loop_pipe_no_ap_cont_U/ap_loop_init_reg_5
    SLICE_X128Y197       LUT6 (Prop_B6LUT_SLICEM_I0_O)
                                                      0.125     2.365 r  dut/u_pe_r1_3_2/u/flow_control_loop_pipe_no_ap_cont_U/tmp_product__0_carry_i_5__4/O
                         net (fo=2, routed)           0.145     2.510    dut/u_pe_r1_3_2/u/flow_control_loop_pipe_no_ap_cont_U/bare.q0_reg[2][2]
    SLICE_X127Y197       LUT6 (Prop_D6LUT_SLICEL_I0_O)
                                                      0.036     2.546 r  dut/u_pe_r1_3_2/u/flow_control_loop_pipe_no_ap_cont_U/tmp_product__0_carry_i_12__4/O
                         net (fo=1, routed)           0.009     2.555    dut/u_pe_r1_3_2/u/mul_8s_8s_16_1_1_U1/S[3]
    SLICE_X127Y197       CARRY8 (Prop_CARRY8_SLICEL_S[3]_CO[7])
                                                      0.154     2.709 r  dut/u_pe_r1_3_2/u/mul_8s_8s_16_1_1_U1/tmp_product__0_carry/CO[7]
                         net (fo=1, routed)           0.026     2.735    dut/u_pe_r1_3_2/u/mul_8s_8s_16_1_1_U1/tmp_product__0_carry_n_0
    SLICE_X127Y198       CARRY8 (Prop_CARRY8_SLICEL_CI_O[1])
                                                      0.076     2.811 r  dut/u_pe_r1_3_2/u/mul_8s_8s_16_1_1_U1/tmp_product__0_carry__0/O[1]
                         net (fo=3, routed)           0.367     3.178    dut/u_pe_r1_3_2/u/mul_8s_8s_16_1_1_U1/tmp_product__0_carry__0_n_14
    SLICE_X126Y201       LUT6 (Prop_F6LUT_SLICEM_I4_O)
                                                      0.088     3.266 r  dut/u_pe_r1_3_2/u/mul_8s_8s_16_1_1_U1/tmp_product__85_carry_i_11__4/O
                         net (fo=1, routed)           0.022     3.288    dut/u_pe_r1_3_2/u/mul_8s_8s_16_1_1_U1/tmp_product__85_carry_i_11__4_n_0
    SLICE_X126Y201       CARRY8 (Prop_CARRY8_SLICEM_S[5]_CO[7])
                                                      0.159     3.447 r  dut/u_pe_r1_3_2/u/mul_8s_8s_16_1_1_U1/tmp_product__85_carry/CO[7]
                         net (fo=1, routed)           0.026     3.473    dut/u_pe_r1_3_2/u/mul_8s_8s_16_1_1_U1/tmp_product__85_carry_n_0
    SLICE_X126Y202       CARRY8 (Prop_CARRY8_SLICEM_CI_O[1])
                                                      0.076     3.549 r  dut/u_pe_r1_3_2/u/mul_8s_8s_16_1_1_U1/tmp_product__85_carry__0/O[1]
                         net (fo=1, routed)           0.310     3.859    dut/g_pe_p_out_p_in[14].u/sext_ln62_fu_181_p1[12]
    SLICE_X127Y200       LUT2 (Prop_F6LUT_SLICEL_I1_O)
                                                      0.097     3.956 r  dut/g_pe_p_out_p_in[14].u/v3_din_carry__0_i_3__4/O
                         net (fo=1, routed)           0.011     3.967    dut/u_pe_r1_3_2/u/slice.q1_reg[15][5]
    SLICE_X127Y200       CARRY8 (Prop_CARRY8_SLICEL_S[5]_CO[7])
                                                      0.155     4.122 r  dut/u_pe_r1_3_2/u/v3_din_carry__0/CO[7]
                         net (fo=1, routed)           0.026     4.148    dut/u_pe_r1_3_2/u/v3_din_carry__0_n_0
    SLICE_X127Y201       CARRY8 (Prop_CARRY8_SLICEL_CI_O[1])
                                                      0.083     4.231 r  dut/u_pe_r1_3_2/u/v3_din_carry__1/O[1]
                         net (fo=2, routed)           0.174     4.405    dut/g_lane_z_in_bind[2].u/p_out_din[17]
    SLICE_X127Y201       LUT3 (Prop_G6LUT_SLICEL_I1_O)
                                                      0.050     4.455 r  dut/g_lane_z_in_bind[2].u/slice.q0[17]_i_1__1/O
                         net (fo=1, routed)           0.048     4.503    dut/g_lane_z_in_bind[2].u/slice.q0[17]_i_1__1_n_0
    SLICE_X127Y201       FDRE                                         r  dut/g_lane_z_in_bind[2].u/slice.q0_reg[17]/D
  -------------------------------------------------------------------    -------------------

                         (clock ap_clk rise edge)     3.000     3.000 r  
    BH26                                              0.000     3.000 r  ap_clk (IN)
                         net (fo=0)                   0.000     3.000    ap_clk_IBUF_inst/I
    BH26                 INBUF (Prop_INBUF_HPIOB_M_PAD_O)
                                                      0.385     3.385 r  ap_clk_IBUF_inst/INBUF_INST/O
                         net (fo=1, routed)           0.000     3.385    ap_clk_IBUF_inst/OUT
    BH26                 IBUFCTRL (Prop_IBUFCTRL_HPIOB_M_I_O)
                                                      0.000     3.385 r  ap_clk_IBUF_inst/IBUFCTRL_INST/O
                         net (fo=1, routed)           0.286     3.671    ap_clk_IBUF
    BUFGCE_X0Y72         BUFGCE (Prop_BUFCE_BUFGCE_I_O)
                                                      0.024     3.695 r  ap_clk_IBUF_BUFG_inst/O
    X4Y3 (CLOCK_ROOT)    net (fo=5996, routed)        0.688     4.382    dut/g_lane_z_in_bind[2].u/ap_clk_IBUF_BUFG
    SLICE_X127Y201       FDRE                                         r  dut/g_lane_z_in_bind[2].u/slice.q0_reg[17]/C
                         clock pessimism              0.310     4.693    
                         clock uncertainty           -0.035     4.657    
    SLICE_X127Y201       FDRE (Setup_GFF_SLICEL_C_D)
                                                      0.025     4.682    dut/g_lane_z_in_bind[2].u/slice.q0_reg[17]
  -------------------------------------------------------------------
                         required time                          4.682    
                         arrival time                          -4.503    
  -------------------------------------------------------------------
                         slack                                  0.179    




