Copyright 1986-2022 Xilinx, Inc. All Rights Reserved. Copyright 2022-2023 Advanced Micro Devices, Inc. All Rights Reserved.
--------------------------------------------------------------------------------------------------------------------------------------------------
| Tool Version      : Vivado v.2023.2 (lin64) Build 4029153 Fri Oct 13 20:13:54 MDT 2023
| Date              : Fri Oct  2 03:58:55 2026
| Host              : brg-zhang-xcel.ece.cornell.edu running 64-bit Red Hat Enterprise Linux 9.8 (Plow)
| Command           : report_timing_summary -file timing.rpt
| Design            : spmw_harness
| Device            : xcu280-fsvh2892
| Speed File        : -2L  PRODUCTION 1.30 05-01-2022
| Design State      : Routed
| Temperature Grade : E
--------------------------------------------------------------------------------------------------------------------------------------------------

Timing Summary Report

------------------------------------------------------------------------------------------------
| Timer Settings
| --------------
------------------------------------------------------------------------------------------------

  Enable Multi Corner Analysis               :  Yes
  Enable Pessimism Removal                   :  Yes
  Pessimism Removal Resolution               :  Nearest Common Node
  Enable Input Delay Default Clock           :  No
  Enable Preset / Clear Arcs                 :  No
  Disable Flight Delays                      :  No
  Ignore I/O Paths                           :  No
  Timing Early Launch at Borrowing Latches   :  No
  Borrow Time for Max Delay Exceptions       :  Yes
  Merge Timing Exceptions                    :  Yes
  Inter-SLR Compensation                     :  Conservative

  Corner  Analyze    Analyze    
  Name    Max Paths  Min Paths  
  ------  ---------  ---------  
  Slow    Yes        Yes        
  Fast    Yes        Yes        


------------------------------------------------------------------------------------------------
| Report Methodology
| ------------------
------------------------------------------------------------------------------------------------

No report available as report_methodology has not been run prior. Run report_methodology on the current design for the summary of methodology violations.



check_timing report

Table of Contents
-----------------
1. checking no_clock (0)
2. checking constant_clock (0)
3. checking pulse_width_clock (0)
4. checking unconstrained_internal_endpoints (0)
5. checking no_input_delay (2)
6. checking no_output_delay (32)
7. checking multiple_clock (0)
8. checking generated_clocks (0)
9. checking loops (0)
10. checking partial_input_delay (0)
11. checking partial_output_delay (0)
12. checking latch_loops (0)

1. checking no_clock (0)
------------------------
 There are 0 register/latch pins with no clock.


2. checking constant_clock (0)
------------------------------
 There are 0 register/latch pins with constant_clock.


3. checking pulse_width_clock (0)
---------------------------------
 There are 0 register/latch pins which need pulse_width check


4. checking unconstrained_internal_endpoints (0)
------------------------------------------------
 There are 0 pins that are not constrained for maximum delay.

 There are 0 pins that are not constrained for maximum delay due to constant clock.


5. checking no_input_delay (2)
------------------------------
 There are 2 input ports with no input delay specified. (HIGH)

 There are 0 input ports with no input delay but user has a false path constraint.


6. checking no_output_delay (32)
--------------------------------
 There are 32 ports with no output delay specified. (HIGH)

 There are 0 ports with no output delay but user has a false path constraint

 There are 0 ports with no output delay but with a timing clock defined on it or propagating through it


7. checking multiple_clock (0)
------------------------------
 There are 0 register/latch pins with multiple clocks.


8. checking generated_clocks (0)
--------------------------------
 There are 0 generated clocks that are not connected to a clock source.


9. checking loops (0)
---------------------
 There are 0 combinational loops in the design.


10. checking partial_input_delay (0)
------------------------------------
 There are 0 input ports with partial input delay specified.


11. checking partial_output_delay (0)
-------------------------------------
 There are 0 ports with partial output delay specified.


12. checking latch_loops (0)
----------------------------
 There are 0 combinational latch loops in the design through latch input



------------------------------------------------------------------------------------------------
| Design Timing Summary
| ---------------------
------------------------------------------------------------------------------------------------

    WNS(ns)      TNS(ns)  TNS Failing Endpoints  TNS Total Endpoints      WHS(ns)      THS(ns)  THS Failing Endpoints  THS Total Endpoints     WPWS(ns)     TPWS(ns)  TPWS Failing Endpoints  TPWS Total Endpoints  
    -------      -------  ---------------------  -------------------      -------      -------  ---------------------  -------------------     --------     --------  ----------------------  --------------------  
      0.461        0.000                      0                14747        0.010        0.000                      0                14747        1.124        0.000                       0                  5997  


All user specified timing constraints are met.


------------------------------------------------------------------------------------------------
| Clock Summary
| -------------
------------------------------------------------------------------------------------------------

Clock   Waveform(ns)         Period(ns)      Frequency(MHz)
-----   ------------         ----------      --------------
ap_clk  {0.000 1.666}        3.333           300.030         


------------------------------------------------------------------------------------------------
| Intra Clock Table
| -----------------
------------------------------------------------------------------------------------------------

Clock             WNS(ns)      TNS(ns)  TNS Failing Endpoints  TNS Total Endpoints      WHS(ns)      THS(ns)  THS Failing Endpoints  THS Total Endpoints     WPWS(ns)     TPWS(ns)  TPWS Failing Endpoints  TPWS Total Endpoints  
-----             -------      -------  ---------------------  -------------------      -------      -------  ---------------------  -------------------     --------     --------  ----------------------  --------------------  
ap_clk              0.461        0.000                      0                14747        0.010        0.000                      0                14747        1.124        0.000                       0                  5997  


------------------------------------------------------------------------------------------------
| Inter Clock Table
| -----------------
------------------------------------------------------------------------------------------------

From Clock    To Clock          WNS(ns)      TNS(ns)  TNS Failing Endpoints  TNS Total Endpoints      WHS(ns)      THS(ns)  THS Failing Endpoints  THS Total Endpoints  
----------    --------          -------      -------  ---------------------  -------------------      -------      -------  ---------------------  -------------------  


------------------------------------------------------------------------------------------------
| Other Path Groups Table
| -----------------------
------------------------------------------------------------------------------------------------

Path Group    From Clock    To Clock          WNS(ns)      TNS(ns)  TNS Failing Endpoints  TNS Total Endpoints      WHS(ns)      THS(ns)  THS Failing Endpoints  THS Total Endpoints  
----------    ----------    --------          -------      -------  ---------------------  -------------------      -------      -------  ---------------------  -------------------  


------------------------------------------------------------------------------------------------
| Timing Details
| --------------
------------------------------------------------------------------------------------------------


---------------------------------------------------------------------------------------------------
From Clock:  ap_clk
  To Clock:  ap_clk

Setup :            0  Failing Endpoints,  Worst Slack        0.461ns,  Total Violation        0.000ns
Hold  :            0  Failing Endpoints,  Worst Slack        0.010ns,  Total Violation        0.000ns
PW    :            0  Failing Endpoints,  Worst Slack        1.124ns,  Total Violation        0.000ns
---------------------------------------------------------------------------------------------------


Max Delay Paths
--------------------------------------------------------------------------------------
Slack (MET) :             0.461ns  (required time - arrival time)
  Source:                 dut/u_pe_r0_2_1/u/v27_fu_82_reg[1]/C
                            (rising edge-triggered cell FDRE clocked by ap_clk  {rise@0.000ns fall@1.666ns period=3.333ns})
  Destination:            dut/g_pe_p_out_p_in[13].u/bare.q0_reg[17]/D
                            (rising edge-triggered cell FDRE clocked by ap_clk  {rise@0.000ns fall@1.666ns period=3.333ns})
  Path Group:             ap_clk
  Path Type:              Setup (Max at Slow Process Corner)
  Requirement:            3.333ns  (ap_clk rise@3.333ns - ap_clk rise@0.000ns)
  Data Path Delay:        2.780ns  (logic 1.100ns (39.573%)  route 1.680ns (60.427%))
  Logic Levels:           11  (CARRY8=6 LUT2=2 LUT3=1 LUT6=2)
  Clock Path Skew:        -0.082ns (DCD - SCD + CPR)
    Destination Clock Delay (DCD):    2.065ns = ( 5.398 - 3.333 ) 
    Source Clock Delay      (SCD):    2.538ns
    Clock Pessimism Removal (CPR):    0.390ns
  Clock Uncertainty:      0.035ns  ((TSJ^2 + TIJ^2)^1/2 + DJ) / 2 + PE
    Total System Jitter     (TSJ):    0.071ns
    Total Input Jitter      (TIJ):    0.000ns
    Discrete Jitter          (DJ):    0.000ns
    Phase Error              (PE):    0.000ns
  Clock Net Delay (Source):      1.551ns (routing 0.581ns, distribution 0.970ns)
  Clock Net Delay (Destination): 1.371ns (routing 0.530ns, distribution 0.841ns)

    Location             Delay type                Incr(ns)  Path(ns)    Netlist Resource(s)
  -------------------------------------------------------------------    -------------------
                         (clock ap_clk rise edge)     0.000     0.000 r  
    BH26                                              0.000     0.000 r  ap_clk (IN)
                         net (fo=0)                   0.000     0.000    ap_clk_IBUF_inst/I
    BH26                 INBUF (Prop_INBUF_HPIOB_M_PAD_O)
                                                      0.636     0.636 r  ap_clk_IBUF_inst/INBUF_INST/O
                         net (fo=1, routed)           0.000     0.636    ap_clk_IBUF_inst/OUT
    BH26                 IBUFCTRL (Prop_IBUFCTRL_HPIOB_M_I_O)
                                                      0.000     0.636 r  ap_clk_IBUF_inst/IBUFCTRL_INST/O
                         net (fo=1, routed)           0.323     0.959    ap_clk_IBUF
    BUFGCE_X0Y72         BUFGCE (Prop_BUFCE_BUFGCE_I_O)
                                                      0.028     0.987 r  ap_clk_IBUF_BUFG_inst/O
    X3Y3 (CLOCK_ROOT)    net (fo=5996, routed)        1.551     2.538    dut/u_pe_r0_2_1/u/ap_clk_IBUF_BUFG
    SLICE_X118Y208       FDRE                                         r  dut/u_pe_r0_2_1/u/v27_fu_82_reg[1]/C
  -------------------------------------------------------------------    -------------------
    SLICE_X118Y208       FDRE (Prop_AFF2_SLICEM_C_Q)
                                                      0.080     2.618 r  dut/u_pe_r0_2_1/u/v27_fu_82_reg[1]/Q
                         net (fo=8, routed)           0.138     2.756    dut/u_pe_r0_2_1/u/flow_control_loop_pipe_no_ap_cont_U/v27_fu_82[1]
    SLICE_X117Y208       LUT2 (Prop_B5LUT_SLICEL_I1_O)
                                                      0.165     2.921 f  dut/u_pe_r0_2_1/u/flow_control_loop_pipe_no_ap_cont_U/tmp_product__0_carry_i_17__1/O
                         net (fo=11, routed)          0.305     3.226    dut/g_pe_a_out_a_in[9].u/tmp_product__0_carry_0
    SLICE_X117Y208       LUT6 (Prop_H6LUT_SLICEL_I2_O)
                                                      0.051     3.277 r  dut/g_pe_a_out_a_in[9].u/tmp_product__0_carry_i_2__1/O
                         net (fo=2, routed)           0.185     3.461    dut/g_pe_a_out_a_in[9].u/DI[1]
    SLICE_X117Y209       LUT6 (Prop_G6LUT_SLICEL_I0_O)
                                                      0.089     3.550 r  dut/g_pe_a_out_a_in[9].u/tmp_product__0_carry_i_9__1/O
                         net (fo=1, routed)           0.008     3.558    dut/u_pe_r0_2_1/u/mul_8s_8s_16_1_1_U1/S[6]
    SLICE_X117Y209       CARRY8 (Prop_CARRY8_SLICEL_S[6]_CO[7])
                                                      0.115     3.673 r  dut/u_pe_r0_2_1/u/mul_8s_8s_16_1_1_U1/tmp_product__0_carry/CO[7]
                         net (fo=1, routed)           0.052     3.725    dut/u_pe_r0_2_1/u/mul_8s_8s_16_1_1_U1/tmp_product__0_carry_n_0
    SLICE_X117Y210       CARRY8 (Prop_CARRY8_SLICEL_CI_O[1])
                                                      0.076     3.801 r  dut/u_pe_r0_2_1/u/mul_8s_8s_16_1_1_U1/tmp_product__0_carry__0/O[1]
                         net (fo=3, routed)           0.310     4.112    dut/u_pe_r0_2_1/u/mul_8s_8s_16_1_1_U1/tmp_product__0_carry__0_n_14
    SLICE_X119Y207       LUT3 (Prop_E6LUT_SLICEL_I1_O)
                                                      0.099     4.211 r  dut/u_pe_r0_2_1/u/mul_8s_8s_16_1_1_U1/tmp_product__85_carry_i_2__1/O
                         net (fo=1, routed)           0.372     4.583    dut/u_pe_r0_2_1/u/mul_8s_8s_16_1_1_U1/tmp_product__85_carry_i_2__1_n_0
    SLICE_X118Y209       CARRY8 (Prop_CARRY8_SLICEM_DI[6]_CO[7])
                                                      0.060     4.643 r  dut/u_pe_r0_2_1/u/mul_8s_8s_16_1_1_U1/tmp_product__85_carry/CO[7]
                         net (fo=1, routed)           0.052     4.695    dut/u_pe_r0_2_1/u/mul_8s_8s_16_1_1_U1/tmp_product__85_carry_n_0
    SLICE_X118Y210       CARRY8 (Prop_CARRY8_SLICEM_CI_O[3])
                                                      0.082     4.777 r  dut/u_pe_r0_2_1/u/mul_8s_8s_16_1_1_U1/tmp_product__85_carry__0/O[3]
                         net (fo=4, routed)           0.192     4.969    dut/u_pe_r0_2_1/u/flow_control_loop_pipe_no_ap_cont_U/O[0]
    SLICE_X118Y212       LUT2 (Prop_H6LUT_SLICEM_I0_O)
                                                      0.090     5.059 r  dut/u_pe_r0_2_1/u/flow_control_loop_pipe_no_ap_cont_U/v3_din_carry__0_i_1/O
                         net (fo=1, routed)           0.015     5.074    dut/u_pe_r0_2_1/u/flow_control_loop_pipe_no_ap_cont_U_n_70
    SLICE_X118Y212       CARRY8 (Prop_CARRY8_SLICEM_S[7]_CO[7])
                                                      0.117     5.191 r  dut/u_pe_r0_2_1/u/v3_din_carry__0/CO[7]
                         net (fo=1, routed)           0.026     5.217    dut/u_pe_r0_2_1/u/v3_din_carry__0_n_0
    SLICE_X118Y213       CARRY8 (Prop_CARRY8_SLICEM_CI_O[1])
                                                      0.076     5.293 r  dut/u_pe_r0_2_1/u/v3_din_carry__1/O[1]
                         net (fo=1, routed)           0.025     5.318    dut/g_pe_p_out_p_in[13].u/D[17]
    SLICE_X118Y213       FDRE                                         r  dut/g_pe_p_out_p_in[13].u/bare.q0_reg[17]/D
  -------------------------------------------------------------------    -------------------

                         (clock ap_clk rise edge)     3.333     3.333 r  
    BH26                                              0.000     3.333 r  ap_clk (IN)
                         net (fo=0)                   0.000     3.333    ap_clk_IBUF_inst/I
    BH26                 INBUF (Prop_INBUF_HPIOB_M_PAD_O)
                                                      0.385     3.718 r  ap_clk_IBUF_inst/INBUF_INST/O
                         net (fo=1, routed)           0.000     3.718    ap_clk_IBUF_inst/OUT
    BH26                 IBUFCTRL (Prop_IBUFCTRL_HPIOB_M_I_O)
                                                      0.000     3.718 r  ap_clk_IBUF_inst/IBUFCTRL_INST/O
                         net (fo=1, routed)           0.286     4.004    ap_clk_IBUF
    BUFGCE_X0Y72         BUFGCE (Prop_BUFCE_BUFGCE_I_O)
                                                      0.024     4.028 r  ap_clk_IBUF_BUFG_inst/O
    X3Y3 (CLOCK_ROOT)    net (fo=5996, routed)        1.371     5.398    dut/g_pe_p_out_p_in[13].u/ap_clk_IBUF_BUFG
    SLICE_X118Y213       FDRE                                         r  dut/g_pe_p_out_p_in[13].u/bare.q0_reg[17]/C
                         clock pessimism              0.390     5.789    
                         clock uncertainty           -0.035     5.754    
    SLICE_X118Y213       FDRE (Setup_BFF_SLICEM_C_D)
                                                      0.025     5.779    dut/g_pe_p_out_p_in[13].u/bare.q0_reg[17]
  -------------------------------------------------------------------
                         required time                          5.779    
                         arrival time                          -5.318    
  -------------------------------------------------------------------
                         slack                                  0.461    





Min Delay Paths
--------------------------------------------------------------------------------------
Slack (MET) :             0.010ns  (arrival time - required time)
  Source:                 dut/g_ctap_y_in_bind[2].u/slice.q0_reg[5]/C
                            (rising edge-triggered cell FDRE clocked by ap_clk  {rise@0.000ns fall@1.666ns period=3.333ns})
  Destination:            dut/g_ctap_r_out_r_in[3].u/slice.q1_reg[21]/D
                            (rising edge-triggered cell FDRE clocked by ap_clk  {rise@0.000ns fall@1.666ns period=3.333ns})
  Path Group:             ap_clk
  Path Type:              Hold (Min at Slow Process Corner)
  Requirement:            0.000ns  (ap_clk rise@0.000ns - ap_clk rise@0.000ns)
  Data Path Delay:        0.187ns  (logic 0.060ns (32.089%)  route 0.127ns (67.911%))
  Logic Levels:           0  
  Clock Path Skew:        0.115ns (DCD - SCD - CPR)
    Destination Clock Delay (DCD):    2.442ns
    Source Clock Delay      (SCD):    1.948ns
    Clock Pessimism Removal (CPR):    0.378ns
  Clock Net Delay (Source):      1.254ns (routing 0.530ns, distribution 0.724ns)
  Clock Net Delay (Destination): 1.455ns (routing 0.581ns, distribution 0.874ns)

    Location             Delay type                Incr(ns)  Path(ns)    Netlist Resource(s)
  -------------------------------------------------------------------    -------------------
                         (clock ap_clk rise edge)     0.000     0.000 r  
    BH26                                              0.000     0.000 r  ap_clk (IN)
                         net (fo=0)                   0.000     0.000    ap_clk_IBUF_inst/I
    BH26                 INBUF (Prop_INBUF_HPIOB_M_PAD_O)
                                                      0.385     0.385 r  ap_clk_IBUF_inst/INBUF_INST/O
                         net (fo=1, routed)           0.000     0.385    ap_clk_IBUF_inst/OUT
    BH26                 IBUFCTRL (Prop_IBUFCTRL_HPIOB_M_I_O)
                                                      0.000     0.385 r  ap_clk_IBUF_inst/IBUFCTRL_INST/O
                         net (fo=1, routed)           0.286     0.671    ap_clk_IBUF
    BUFGCE_X0Y72         BUFGCE (Prop_BUFCE_BUFGCE_I_O)
                                                      0.024     0.695 r  ap_clk_IBUF_BUFG_inst/O
    X3Y3 (CLOCK_ROOT)    net (fo=5996, routed)        1.254     1.948    dut/g_ctap_y_in_bind[2].u/ap_clk_IBUF_BUFG
    SLICE_X108Y216       FDRE                                         r  dut/g_ctap_y_in_bind[2].u/slice.q0_reg[5]/C
  -------------------------------------------------------------------    -------------------
    SLICE_X108Y216       FDRE (Prop_BFF2_SLICEL_C_Q)
                                                      0.060     2.008 r  dut/g_ctap_y_in_bind[2].u/slice.q0_reg[5]/Q
                         net (fo=2, routed)           0.127     2.135    dut/g_ctap_r_out_r_in[3].u/dout[5]
    SLICE_X110Y217       FDRE                                         r  dut/g_ctap_r_out_r_in[3].u/slice.q1_reg[21]/D
  -------------------------------------------------------------------    -------------------

                         (clock ap_clk rise edge)     0.000     0.000 r  
    BH26                                              0.000     0.000 r  ap_clk (IN)
                         net (fo=0)                   0.000     0.000    ap_clk_IBUF_inst/I
    BH26                 INBUF (Prop_INBUF_HPIOB_M_PAD_O)
                                                      0.636     0.636 r  ap_clk_IBUF_inst/INBUF_INST/O
                         net (fo=1, routed)           0.000     0.636    ap_clk_IBUF_inst/OUT
    BH26                 IBUFCTRL (Prop_IBUFCTRL_HPIOB_M_I_O)
                                                      0.000     0.636 r  ap_clk_IBUF_inst/IBUFCTRL_INST/O
                         net (fo=1, routed)           0.323     0.959    ap_clk_IBUF
    BUFGCE_X0Y72         BUFGCE (Prop_BUFCE_BUFGCE_I_O)
                                                      0.028     0.987 r  ap_clk_IBUF_BUFG_inst/O
    X3Y3 (CLOCK_ROOT)    net (fo=5996, routed)        1.455     2.442    dut/g_ctap_r_out_r_in[3].u/ap_clk_IBUF_BUFG
    SLICE_X110Y217       FDRE                                         r  dut/g_ctap_r_out_r_in[3].u/slice.q1_reg[21]/C
                         clock pessimism             -0.378     2.064    
    SLICE_X110Y217       FDRE (Hold_FFF2_SLICEL_C_D)
                                                      0.062     2.126    dut/g_ctap_r_out_r_in[3].u/slice.q1_reg[21]
  -------------------------------------------------------------------
                         required time                         -2.126    
                         arrival time                           2.135    
  -------------------------------------------------------------------
                         slack                                  0.010    





Pulse Width Checks
--------------------------------------------------------------------------------------
Clock Name:         ap_clk
Waveform(ns):       { 0.000 1.666 }
Period(ns):         3.333
Sources:            { ap_clk }

Check Type        Corner  Lib Pin             Reference Pin  Required(ns)  Actual(ns)  Slack(ns)  Location      Pin
Min Period        n/a     RAMB36E2/CLKARDCLK  n/a            1.569         3.333       1.764      RAMB36_X6Y44  dut/u_lane_r0_0/u/grp_lane_r0_0_Pipeline_VITIS_LOOP_33_1_fu_40/buf_r_U/ram_reg_bram_0/CLKARDCLK
Low Pulse Width   Slow    RAMB18E2/CLKARDCLK  n/a            0.542         1.667       1.125      RAMB18_X8Y92  dut/g_head4_a_in_bind[0].u/u/xpm_fifo_base_inst/gen_sdpram.xpm_memory_base_inst/gen_wr_a.gen_word_narrow.mem_reg/CLKARDCLK
High Pulse Width  Slow    RAMB18E2/CLKARDCLK  n/a            0.542         1.666       1.124      RAMB18_X8Y92  dut/g_head4_a_in_bind[0].u/u/xpm_fifo_base_inst/gen_sdpram.xpm_memory_base_inst/gen_wr_a.gen_word_narrow.mem_reg/CLKARDCLK



