Copyright 1986-2022 Xilinx, Inc. All Rights Reserved. Copyright 2022-2023 Advanced Micro Devices, Inc. All Rights Reserved.
--------------------------------------------------------------------------------------------------------------------------------------------------
| Tool Version      : Vivado v.2023.2 (lin64) Build 4029153 Fri Oct 13 20:13:54 MDT 2023
| Date              : Fri Oct  2 04:04:49 2026
| Host              : brg-zhang-xcel.ece.cornell.edu running 64-bit Red Hat Enterprise Linux 9.8 (Plow)
| Command           : report_timing -max_paths 1 -nworst 1 -file /scratch/hc676/e13_mem/b_ptpumem-micro_4/worst_paths.rpt
| Design            : spmw_harness
| Device            : xcu280-fsvh2892
| Speed File        : -2L  PRODUCTION 1.30 05-01-2022
| Design State      : Routed
| Temperature Grade : E
--------------------------------------------------------------------------------------------------------------------------------------------------

Timing Report

Slack (MET) :             0.461ns  (required time - arrival time)
  Source:                 dut/u_pe_r0_2_1/u/v27_fu_82_reg[1]/C
                            (rising edge-triggered cell FDRE clocked by ap_clk  {rise@0.000ns fall@1.666ns period=3.333ns})
  Destination:            dut/g_pe_p_out_p_in[13].u/bare.q0_reg[17]/D
                            (rising edge-triggered cell FDRE clocked by ap_clk  {rise@0.000ns fall@1.666ns period=3.333ns})
  Path Group:             ap_clk
  Path Type:              Setup (Max at Slow Process Corner)
  Requirement:            3.333ns  (ap_clk rise@3.333ns - ap_clk rise@0.000ns)
  Data Path Delay:        2.780ns  (logic 1.100ns (39.573%)  route 1.680ns (60.427%))
  Logic Levels:           11  (CARRY8=6 LUT2=2 LUT3=1 LUT6=2)
  Clock Path Skew:        -0.082ns (DCD - SCD + CPR)
    Destination Clock Delay (DCD):    2.065ns = ( 5.398 - 3.333 ) 
    Source Clock Delay      (SCD):    2.538ns
    Clock Pessimism Removal (CPR):    0.390ns
  Clock Uncertainty:      0.035ns  ((TSJ^2 + TIJ^2)^1/2 + DJ) / 2 + PE
    Total System Jitter     (TSJ):    0.071ns
    Total Input Jitter      (TIJ):    0.000ns
    Discrete Jitter          (DJ):    0.000ns
    Phase Error              (PE):    0.000ns
  Clock Net Delay (Source):      1.551ns (routing 0.581ns, distribution 0.970ns)
  Clock Net Delay (Destination): 1.371ns (routing 0.530ns, distribution 0.841ns)

    Location             Delay type                Incr(ns)  Path(ns)    Netlist Resource(s)
  -------------------------------------------------------------------    -------------------
                         (clock ap_clk rise edge)     0.000     0.000 r  
    BH26                                              0.000     0.000 r  ap_clk (IN)
                         net (fo=0)                   0.000     0.000    ap_clk_IBUF_inst/I
    BH26                 INBUF (Prop_INBUF_HPIOB_M_PAD_O)
                                                      0.636     0.636 r  ap_clk_IBUF_inst/INBUF_INST/O
                         net (fo=1, routed)           0.000     0.636    ap_clk_IBUF_inst/OUT
    BH26                 IBUFCTRL (Prop_IBUFCTRL_HPIOB_M_I_O)
                                                      0.000     0.636 r  ap_clk_IBUF_inst/IBUFCTRL_INST/O
                         net (fo=1, routed)           0.323     0.959    ap_clk_IBUF
    BUFGCE_X0Y72         BUFGCE (Prop_BUFCE_BUFGCE_I_O)
                                                      0.028     0.987 r  ap_clk_IBUF_BUFG_inst/O
    X3Y3 (CLOCK_ROOT)    net (fo=5996, routed)        1.551     2.538    dut/u_pe_r0_2_1/u/ap_clk_IBUF_BUFG
    SLICE_X118Y208       FDRE                                         r  dut/u_pe_r0_2_1/u/v27_fu_82_reg[1]/C
  -------------------------------------------------------------------    -------------------
    SLICE_X118Y208       FDRE (Prop_AFF2_SLICEM_C_Q)
                                                      0.080     2.618 r  dut/u_pe_r0_2_1/u/v27_fu_82_reg[1]/Q
                         net (fo=8, routed)           0.138     2.756    dut/u_pe_r0_2_1/u/flow_control_loop_pipe_no_ap_cont_U/v27_fu_82[1]
    SLICE_X117Y208       LUT2 (Prop_B5LUT_SLICEL_I1_O)
                                                      0.165     2.921 f  dut/u_pe_r0_2_1/u/flow_control_loop_pipe_no_ap_cont_U/tmp_product__0_carry_i_17__1/O
                         net (fo=11, routed)          0.305     3.226    dut/g_pe_a_out_a_in[9].u/tmp_product__0_carry_0
    SLICE_X117Y208       LUT6 (Prop_H6LUT_SLICEL_I2_O)
                                                      0.051     3.277 r  dut/g_pe_a_out_a_in[9].u/tmp_product__0_carry_i_2__1/O
                         net (fo=2, routed)           0.185     3.461    dut/g_pe_a_out_a_in[9].u/DI[1]
    SLICE_X117Y209       LUT6 (Prop_G6LUT_SLICEL_I0_O)
                                                      0.089     3.550 r  dut/g_pe_a_out_a_in[9].u/tmp_product__0_carry_i_9__1/O
                         net (fo=1, routed)           0.008     3.558    dut/u_pe_r0_2_1/u/mul_8s_8s_16_1_1_U1/S[6]
    SLICE_X117Y209       CARRY8 (Prop_CARRY8_SLICEL_S[6]_CO[7])
                                                      0.115     3.673 r  dut/u_pe_r0_2_1/u/mul_8s_8s_16_1_1_U1/tmp_product__0_carry/CO[7]
                         net (fo=1, routed)           0.052     3.725    dut/u_pe_r0_2_1/u/mul_8s_8s_16_1_1_U1/tmp_product__0_carry_n_0
    SLICE_X117Y210       CARRY8 (Prop_CARRY8_SLICEL_CI_O[1])
                                                      0.076     3.801 r  dut/u_pe_r0_2_1/u/mul_8s_8s_16_1_1_U1/tmp_product__0_carry__0/O[1]
                         net (fo=3, routed)           0.310     4.112    dut/u_pe_r0_2_1/u/mul_8s_8s_16_1_1_U1/tmp_product__0_carry__0_n_14
    SLICE_X119Y207       LUT3 (Prop_E6LUT_SLICEL_I1_O)
                                                      0.099     4.211 r  dut/u_pe_r0_2_1/u/mul_8s_8s_16_1_1_U1/tmp_product__85_carry_i_2__1/O
                         net (fo=1, routed)           0.372     4.583    dut/u_pe_r0_2_1/u/mul_8s_8s_16_1_1_U1/tmp_product__85_carry_i_2__1_n_0
    SLICE_X118Y209       CARRY8 (Prop_CARRY8_SLICEM_DI[6]_CO[7])
                                                      0.060     4.643 r  dut/u_pe_r0_2_1/u/mul_8s_8s_16_1_1_U1/tmp_product__85_carry/CO[7]
                         net (fo=1, routed)           0.052     4.695    dut/u_pe_r0_2_1/u/mul_8s_8s_16_1_1_U1/tmp_product__85_carry_n_0
    SLICE_X118Y210       CARRY8 (Prop_CARRY8_SLICEM_CI_O[3])
                                                      0.082     4.777 r  dut/u_pe_r0_2_1/u/mul_8s_8s_16_1_1_U1/tmp_product__85_carry__0/O[3]
                         net (fo=4, routed)           0.192     4.969    dut/u_pe_r0_2_1/u/flow_control_loop_pipe_no_ap_cont_U/O[0]
    SLICE_X118Y212       LUT2 (Prop_H6LUT_SLICEM_I0_O)
                                                      0.090     5.059 r  dut/u_pe_r0_2_1/u/flow_control_loop_pipe_no_ap_cont_U/v3_din_carry__0_i_1/O
                         net (fo=1, routed)           0.015     5.074    dut/u_pe_r0_2_1/u/flow_control_loop_pipe_no_ap_cont_U_n_70
    SLICE_X118Y212       CARRY8 (Prop_CARRY8_SLICEM_S[7]_CO[7])
                                                      0.117     5.191 r  dut/u_pe_r0_2_1/u/v3_din_carry__0/CO[7]
                         net (fo=1, routed)           0.026     5.217    dut/u_pe_r0_2_1/u/v3_din_carry__0_n_0
    SLICE_X118Y213       CARRY8 (Prop_CARRY8_SLICEM_CI_O[1])
                                                      0.076     5.293 r  dut/u_pe_r0_2_1/u/v3_din_carry__1/O[1]
                         net (fo=1, routed)           0.025     5.318    dut/g_pe_p_out_p_in[13].u/D[17]
    SLICE_X118Y213       FDRE                                         r  dut/g_pe_p_out_p_in[13].u/bare.q0_reg[17]/D
  -------------------------------------------------------------------    -------------------

                         (clock ap_clk rise edge)     3.333     3.333 r  
    BH26                                              0.000     3.333 r  ap_clk (IN)
                         net (fo=0)                   0.000     3.333    ap_clk_IBUF_inst/I
    BH26                 INBUF (Prop_INBUF_HPIOB_M_PAD_O)
                                                      0.385     3.718 r  ap_clk_IBUF_inst/INBUF_INST/O
                         net (fo=1, routed)           0.000     3.718    ap_clk_IBUF_inst/OUT
    BH26                 IBUFCTRL (Prop_IBUFCTRL_HPIOB_M_I_O)
                                                      0.000     3.718 r  ap_clk_IBUF_inst/IBUFCTRL_INST/O
                         net (fo=1, routed)           0.286     4.004    ap_clk_IBUF
    BUFGCE_X0Y72         BUFGCE (Prop_BUFCE_BUFGCE_I_O)
                                                      0.024     4.028 r  ap_clk_IBUF_BUFG_inst/O
    X3Y3 (CLOCK_ROOT)    net (fo=5996, routed)        1.371     5.398    dut/g_pe_p_out_p_in[13].u/ap_clk_IBUF_BUFG
    SLICE_X118Y213       FDRE                                         r  dut/g_pe_p_out_p_in[13].u/bare.q0_reg[17]/C
                         clock pessimism              0.390     5.789    
                         clock uncertainty           -0.035     5.754    
    SLICE_X118Y213       FDRE (Setup_BFF_SLICEM_C_D)
                                                      0.025     5.779    dut/g_pe_p_out_p_in[13].u/bare.q0_reg[17]
  -------------------------------------------------------------------
                         required time                          5.779    
                         arrival time                          -5.318    
  -------------------------------------------------------------------
                         slack                                  0.461    




