#-----------------------------------------------------------
# xsim v2023.2 (64-bit)
# SW Build 4029153 on Fri Oct 13 20:13:54 MDT 2023
# IP Build 4028589 on Sat Oct 14 00:45:43 MDT 2023
# SharedData Build 4025554 on Tue Oct 10 17:18:54 MDT 2023
# Start of session at: Thu Oct  1 16:07:56 2026
# Process ID: 3367242
# Current directory: /scratch/hc676/vta_build/core_bench/dsv4_w16
# Command line: xsim -mode tcl -source {xsim.dir/tbsim/xsim_script.tcl}
# Log file: /scratch/hc676/vta_build/core_bench/dsv4_w16/xsim.log
# Journal file: /scratch/hc676/vta_build/core_bench/dsv4_w16/xsim.jou
# Running On: brg-zhang-xcel.ece.cornell.edu, OS: Linux, CPU Frequency: 3200.000 MHz, CPU Physical cores: 21, Host memory: 235732 MB
#-----------------------------------------------------------
source xsim.dir/tbsim/xsim_script.tcl
# xsim {tbsim} -autoloadwcfg -runall
Time resolution is 1 ps
run -all
VTACORE RESULT errs=0 total=239011 gemm=230062 alu=1554 cload=66 load=172200 store=1540 instructions=91 beats=172278 first_bad=-1 timeout=0
VTACORE PASS
$finish called at time : 2390395 ns : File "/scratch/hc676/vta_build/core_bench/dsv4_w16/tb.sv" Line 260
run: Time (s): cpu = 00:00:00.07 ; elapsed = 00:01:39 . Memory (MB): peak = 1577.723 ; gain = 0.000 ; free physical = 84830 ; free virtual = 138907
exit
INFO: xsimkernel Simulation Memory Usage: 108432 KB (Peak: 169736 KB), Simulation CPU Usage: 98330 ms
INFO: [Common 17-206] Exiting xsim at Thu Oct  1 16:09:40 2026...
