

================================================================
== Vitis HLS Report for 'perm4_r0_0_Pipeline_l_S_t_0_t'
================================================================
* Date:           Sat Sep 12 02:18:45 2026

* Version:        2023.2 (Build 4023990 on Oct 11 2023)
* Project:        prj
* Solution:       sol (Vivado IP Flow Target)
* Product family: virtexuplusHBM
* Target device:  xcu280-fsvh2892-2L-e


================================================================
== Performance Estimates
================================================================
+ Timing: 
    * Summary: 
    +--------+---------+----------+------------+
    |  Clock |  Target | Estimated| Uncertainty|
    +--------+---------+----------+------------+
    |ap_clk  |  3.33 ns|  1.668 ns|     0.90 ns|
    +--------+---------+----------+------------+

+ Latency: 
    * Summary: 
    +---------+---------+-----------+-----------+------+------+---------+
    |  Latency (cycles) |   Latency (absolute)  |   Interval  | Pipeline|
    |   min   |   max   |    min    |    max    |  min |  max |   Type  |
    +---------+---------+-----------+-----------+------+------+---------+
    |     4290|     4290|  14.286 us|  14.286 us|  4290|  4290|       no|
    +---------+---------+-----------+-----------+------+------+---------+

    + Detail: 
        * Instance: 
        N/A

        * Loop: 
        +-------------+---------+---------+----------+-----------+-----------+------+----------+
        |             |  Latency (cycles) | Iteration|  Initiation Interval  | Trip |          |
        |  Loop Name  |   min   |   max   |  Latency |  achieved |   target  | Count| Pipelined|
        +-------------+---------+---------+----------+-----------+-----------+------+----------+
        |- l_S_t_0_t  |     4288|     4288|         3|          1|          1|  4287|  yes(flp)|
        +-------------+---------+---------+----------+-----------+-----------+------+----------+



================================================================
== Utilization Estimates
================================================================
* Summary: 
+---------------------+---------+------+---------+---------+-----+
|         Name        | BRAM_18K|  DSP |    FF   |   LUT   | URAM|
+---------------------+---------+------+---------+---------+-----+
|DSP                  |        -|     -|        -|        -|    -|
|Expression           |        -|     -|        0|      174|    -|
|FIFO                 |        -|     -|        -|        -|    -|
|Instance             |        -|     -|        0|       80|    -|
|Memory               |        -|     -|        -|        -|    -|
|Multiplexer          |        -|     -|        -|      244|    -|
|Register             |        -|     -|      669|        -|    -|
+---------------------+---------+------+---------+---------+-----+
|Total                |        0|     0|      669|      498|    0|
+---------------------+---------+------+---------+---------+-----+
|Available SLR        |     1344|  3008|   869120|   434560|  320|
+---------------------+---------+------+---------+---------+-----+
|Utilization SLR (%)  |        0|     0|       ~0|       ~0|    0|
+---------------------+---------+------+---------+---------+-----+
|Available            |     4032|  9024|  2607360|  1303680|  960|
+---------------------+---------+------+---------+---------+-----+
|Utilization (%)      |        0|     0|       ~0|       ~0|    0|
+---------------------+---------+------+---------+---------+-----+

+ Detail: 
    * Instance: 
    +--------------------+----------------+---------+----+---+----+-----+
    |      Instance      |     Module     | BRAM_18K| DSP| FF| LUT| URAM|
    +--------------------+----------------+---------+----+---+----+-----+
    |mux_4_2_32_1_1_U17  |mux_4_2_32_1_1  |        0|   0|  0|  20|    0|
    |mux_4_2_32_1_1_U18  |mux_4_2_32_1_1  |        0|   0|  0|  20|    0|
    |mux_4_2_32_1_1_U19  |mux_4_2_32_1_1  |        0|   0|  0|  20|    0|
    |mux_4_2_32_1_1_U20  |mux_4_2_32_1_1  |        0|   0|  0|  20|    0|
    +--------------------+----------------+---------+----+---+----+-----+
    |Total               |                |        0|   0|  0|  80|    0|
    +--------------------+----------------+---------+----+---+----+-----+

    * DSP: 
    N/A

    * Memory: 
    N/A

    * FIFO: 
    N/A

    * Expression: 
    +----------------------------------+----------+----+---+----+------------+------------+
    |           Variable Name          | Operation| DSP| FF| LUT| Bitwidth P0| Bitwidth P1|
    +----------------------------------+----------+----+---+----+------------+------------+
    |t_2_fu_378_p2                     |         +|   0|  0|  20|          13|           1|
    |ap_condition_93                   |       and|   0|  0|   2|           1|           1|
    |icmp_ln34_fu_372_p2               |      icmp|   0|  0|  20|          13|          13|
    |ap_block_state2_pp0_stage0_iter1  |        or|   0|  0|   2|           1|           1|
    |ap_block_state3_pp0_stage0_iter2  |        or|   0|  0|   2|           1|           1|
    |u2r_fu_559_p3                     |    select|   0|  0|  32|           1|          32|
    |v65_fu_569_p3                     |    select|   0|  0|  32|           1|          32|
    |v68_fu_564_p3                     |    select|   0|  0|  32|           1|          32|
    |v69_fu_574_p3                     |    select|   0|  0|  32|           1|          32|
    +----------------------------------+----------+----+---+----+------------+------------+
    |Total                             |          |   0|  0| 174|          33|         145|
    +----------------------------------+----------+----+---+----+------------+------------+

    * Multiplexer: 
    +----------------------------------+----+-----------+-----+-----------+
    |               Name               | LUT| Input Size| Bits| Total Bits|
    +----------------------------------+----+-----------+-----+-----------+
    |ap_NS_iter1_fsm                   |  14|          3|    2|          6|
    |ap_NS_iter2_fsm                   |  14|          3|    2|          6|
    |ap_done_int                       |   9|          2|    1|          2|
    |ap_loop_exit_ready_pp0_iter2_reg  |   9|          2|    1|          2|
    |ap_sig_allocacmp_t_1              |   9|          2|   13|         26|
    |t_fu_94                           |   9|          2|   13|         26|
    |ui_0_2_fu_146                     |   9|          2|   32|         64|
    |ui_1_2_fu_150                     |   9|          2|   32|         64|
    |ui_2_2_fu_154                     |   9|          2|   32|         64|
    |ui_3_2_fu_158                     |   9|          2|   32|         64|
    |ur_0_2_fu_130                     |   9|          2|   32|         64|
    |ur_1_2_fu_134                     |   9|          2|   32|         64|
    |ur_2_2_fu_138                     |   9|          2|   32|         64|
    |ur_3_2_fu_142                     |   9|          2|   32|         64|
    |v0_blk_n                          |   9|          2|    1|          2|
    |v1_blk_n                          |   9|          2|    1|          2|
    |v2_blk_n                          |   9|          2|    1|          2|
    |v3_blk_n                          |   9|          2|    1|          2|
    |vi_0_2_fu_114                     |   9|          2|   32|         64|
    |vi_1_2_fu_118                     |   9|          2|   32|         64|
    |vi_2_2_fu_122                     |   9|          2|   32|         64|
    |vi_3_2_fu_126                     |   9|          2|   32|         64|
    |vr_0_2_fu_98                      |   9|          2|   32|         64|
    |vr_1_2_fu_102                     |   9|          2|   32|         64|
    |vr_2_2_fu_106                     |   9|          2|   32|         64|
    |vr_3_2_fu_110                     |   9|          2|   32|         64|
    +----------------------------------+----+-----------+-----+-----------+
    |Total                             | 244|         54|  548|       1100|
    +----------------------------------+----+-----------+-----+-----------+

    * Register: 
    +----------------------------------+----+----+-----+-----------+
    |               Name               | FF | LUT| Bits| Const Bits|
    +----------------------------------+----+----+-----+-----------+
    |ap_CS_iter0_fsm                   |   1|   0|    1|          0|
    |ap_CS_iter1_fsm                   |   2|   0|    2|          0|
    |ap_CS_iter2_fsm                   |   2|   0|    2|          0|
    |ap_done_reg                       |   1|   0|    1|          0|
    |ap_loop_exit_ready_pp0_iter1_reg  |   1|   0|    1|          0|
    |ap_loop_exit_ready_pp0_iter2_reg  |   1|   0|    1|          0|
    |icmp_ln34_reg_798                 |   1|   0|    1|          0|
    |icmp_ln34_reg_798_pp0_iter1_reg   |   1|   0|    1|          0|
    |t_fu_94                           |  13|   0|   13|          0|
    |trunc_ln56_reg_802                |   2|   0|    2|          0|
    |trunc_ln56_reg_802_pp0_iter1_reg  |   2|   0|    2|          0|
    |ui_0_2_fu_146                     |  32|   0|   32|          0|
    |ui_1_2_fu_150                     |  32|   0|   32|          0|
    |ui_2_2_fu_154                     |  32|   0|   32|          0|
    |ui_3_2_fu_158                     |  32|   0|   32|          0|
    |ur_0_2_fu_130                     |  32|   0|   32|          0|
    |ur_1_2_fu_134                     |  32|   0|   32|          0|
    |ur_2_2_fu_138                     |  32|   0|   32|          0|
    |ur_3_2_fu_142                     |  32|   0|   32|          0|
    |v38_reg_818                       |  32|   0|   32|          0|
    |v40_reg_824                       |  32|   0|   32|          0|
    |v42_reg_830                       |  32|   0|   32|          0|
    |v44_reg_836                       |  32|   0|   32|          0|
    |v47_reg_810                       |   1|   0|    1|          0|
    |v47_reg_810_pp0_iter1_reg         |   1|   0|    1|          0|
    |vi_0_2_fu_114                     |  32|   0|   32|          0|
    |vi_1_2_fu_118                     |  32|   0|   32|          0|
    |vi_2_2_fu_122                     |  32|   0|   32|          0|
    |vi_3_2_fu_126                     |  32|   0|   32|          0|
    |vr_0_2_fu_98                      |  32|   0|   32|          0|
    |vr_1_2_fu_102                     |  32|   0|   32|          0|
    |vr_2_2_fu_106                     |  32|   0|   32|          0|
    |vr_3_2_fu_110                     |  32|   0|   32|          0|
    +----------------------------------+----+----+-----+-----------+
    |Total                             | 669|   0|  669|          0|
    +----------------------------------+----+----+-----+-----------+



================================================================
== Interface
================================================================
* Summary: 
+---------------+-----+-----+------------+-------------------------------+--------------+
|   RTL Ports   | Dir | Bits|  Protocol  |         Source Object         |    C Type    |
+---------------+-----+-----+------------+-------------------------------+--------------+
|ap_clk         |   in|    1|  ap_ctrl_hs|  perm4_r0_0_Pipeline_l_S_t_0_t|  return value|
|ap_rst         |   in|    1|  ap_ctrl_hs|  perm4_r0_0_Pipeline_l_S_t_0_t|  return value|
|ap_start       |   in|    1|  ap_ctrl_hs|  perm4_r0_0_Pipeline_l_S_t_0_t|  return value|
|ap_done        |  out|    1|  ap_ctrl_hs|  perm4_r0_0_Pipeline_l_S_t_0_t|  return value|
|ap_idle        |  out|    1|  ap_ctrl_hs|  perm4_r0_0_Pipeline_l_S_t_0_t|  return value|
|ap_ready       |  out|    1|  ap_ctrl_hs|  perm4_r0_0_Pipeline_l_S_t_0_t|  return value|
|v0_dout        |   in|   64|     ap_fifo|                             v0|       pointer|
|v0_empty_n     |   in|    1|     ap_fifo|                             v0|       pointer|
|v0_read        |  out|    1|     ap_fifo|                             v0|       pointer|
|v1_dout        |   in|   64|     ap_fifo|                             v1|       pointer|
|v1_empty_n     |   in|    1|     ap_fifo|                             v1|       pointer|
|v1_read        |  out|    1|     ap_fifo|                             v1|       pointer|
|v2_din         |  out|   64|     ap_fifo|                             v2|       pointer|
|v2_full_n      |   in|    1|     ap_fifo|                             v2|       pointer|
|v2_write       |  out|    1|     ap_fifo|                             v2|       pointer|
|v3_din         |  out|   64|     ap_fifo|                             v3|       pointer|
|v3_full_n      |   in|    1|     ap_fifo|                             v3|       pointer|
|v3_write       |  out|    1|     ap_fifo|                             v3|       pointer|
|ui_3_0_reload  |   in|   32|     ap_none|                  ui_3_0_reload|        scalar|
|ui_2_0_reload  |   in|   32|     ap_none|                  ui_2_0_reload|        scalar|
|ui_1_0_reload  |   in|   32|     ap_none|                  ui_1_0_reload|        scalar|
|ui_0_0_reload  |   in|   32|     ap_none|                  ui_0_0_reload|        scalar|
|ur_3_0_reload  |   in|   32|     ap_none|                  ur_3_0_reload|        scalar|
|ur_2_0_reload  |   in|   32|     ap_none|                  ur_2_0_reload|        scalar|
|ur_1_0_reload  |   in|   32|     ap_none|                  ur_1_0_reload|        scalar|
|ur_0_0_reload  |   in|   32|     ap_none|                  ur_0_0_reload|        scalar|
|vi_3_0_reload  |   in|   32|     ap_none|                  vi_3_0_reload|        scalar|
|vi_2_0_reload  |   in|   32|     ap_none|                  vi_2_0_reload|        scalar|
|vi_1_0_reload  |   in|   32|     ap_none|                  vi_1_0_reload|        scalar|
|vi_0_0_reload  |   in|   32|     ap_none|                  vi_0_0_reload|        scalar|
|vr_3_0_reload  |   in|   32|     ap_none|                  vr_3_0_reload|        scalar|
|vr_2_0_reload  |   in|   32|     ap_none|                  vr_2_0_reload|        scalar|
|vr_1_0_reload  |   in|   32|     ap_none|                  vr_1_0_reload|        scalar|
|vr_0_0_reload  |   in|   32|     ap_none|                  vr_0_0_reload|        scalar|
+---------------+-----+-----+------------+-------------------------------+--------------+

