#-----------------------------------------------------------
# xsim v2023.2 (64-bit)
# SW Build 4029153 on Fri Oct 13 20:13:54 MDT 2023
# IP Build 4028589 on Sat Oct 14 00:45:43 MDT 2023
# SharedData Build 4025554 on Tue Oct 10 17:18:54 MDT 2023
# Start of session at: Fri Sep 25 04:11:45 2026
# Process ID: 3286993
# Current directory: /scratch/hc676/e9_lean/vta_bench/run_w16_batched
# Command line: xsim -mode tcl -source {xsim.dir/tbsim/xsim_script.tcl}
# Log file: /scratch/hc676/e9_lean/vta_bench/run_w16_batched/xsim.log
# Journal file: /scratch/hc676/e9_lean/vta_bench/run_w16_batched/xsim.jou
# Running On: brg-zhang-xcel.ece.cornell.edu, OS: Linux, CPU Frequency: 2732.669 MHz, CPU Physical cores: 21, Host memory: 235732 MB
#-----------------------------------------------------------
source xsim.dir/tbsim/xsim_script.tcl
# xsim {tbsim} -autoloadwcfg -runall
Time resolution is 1 ps
run -all
VTAMICRO RESULT tiles=16 errs=0 cycles=1050 per_tile=65 first_tile=811 first_gemm=262
VTAMICRO PASS
$finish called at time : 2143 ns : File "/scratch/hc676/e9_lean/vta_bench/run_w16_batched/tb.sv" Line 1167
exit
INFO: [Common 17-206] Exiting xsim at Fri Sep 25 04:11:49 2026...
