Copyright 1986-2022 Xilinx, Inc. All Rights Reserved. Copyright 2022-2023 Advanced Micro Devices, Inc. All Rights Reserved.
--------------------------------------------------------------------------------------------------------------------------------------------------
| Tool Version      : Vivado v.2023.2 (lin64) Build 4029153 Fri Oct 13 20:13:54 MDT 2023
| Date              : Thu Oct  1 17:17:52 2026
| Host              : brg-zhang-xcel.ece.cornell.edu running 64-bit Red Hat Enterprise Linux 9.8 (Plow)
| Command           : report_timing_summary -file timing.rpt
| Design            : Gemmini
| Device            : xcu280-fsvh2892
| Speed File        : -2L  PRODUCTION 1.30 05-01-2022
| Design State      : Physopt postRoute
| Temperature Grade : E
--------------------------------------------------------------------------------------------------------------------------------------------------

Timing Summary Report

------------------------------------------------------------------------------------------------
| Timer Settings
| --------------
------------------------------------------------------------------------------------------------

  Enable Multi Corner Analysis               :  Yes
  Enable Pessimism Removal                   :  Yes
  Pessimism Removal Resolution               :  Nearest Common Node
  Enable Input Delay Default Clock           :  No
  Enable Preset / Clear Arcs                 :  No
  Disable Flight Delays                      :  No
  Ignore I/O Paths                           :  No
  Timing Early Launch at Borrowing Latches   :  No
  Borrow Time for Max Delay Exceptions       :  Yes
  Merge Timing Exceptions                    :  Yes
  Inter-SLR Compensation                     :  Conservative

  Corner  Analyze    Analyze    
  Name    Max Paths  Min Paths  
  ------  ---------  ---------  
  Slow    Yes        Yes        
  Fast    Yes        Yes        


------------------------------------------------------------------------------------------------
| Report Methodology
| ------------------
------------------------------------------------------------------------------------------------

No report available as report_methodology has not been run prior. Run report_methodology on the current design for the summary of methodology violations.



check_timing report

Table of Contents
-----------------
1. checking no_clock (0)
2. checking constant_clock (0)
3. checking pulse_width_clock (0)
4. checking unconstrained_internal_endpoints (0)
5. checking no_input_delay (874)
6. checking no_output_delay (224)
7. checking multiple_clock (0)
8. checking generated_clocks (0)
9. checking loops (0)
10. checking partial_input_delay (0)
11. checking partial_output_delay (0)
12. checking latch_loops (0)

1. checking no_clock (0)
------------------------
 There are 0 register/latch pins with no clock.


2. checking constant_clock (0)
------------------------------
 There are 0 register/latch pins with constant_clock.


3. checking pulse_width_clock (0)
---------------------------------
 There are 0 register/latch pins which need pulse_width check


4. checking unconstrained_internal_endpoints (0)
------------------------------------------------
 There are 0 pins that are not constrained for maximum delay.

 There are 0 pins that are not constrained for maximum delay due to constant clock.


5. checking no_input_delay (874)
--------------------------------
 There are 874 input ports with no input delay specified. (HIGH)

 There are 0 input ports with no input delay but user has a false path constraint.


6. checking no_output_delay (224)
---------------------------------
 There are 224 ports with no output delay specified. (HIGH)

 There are 0 ports with no output delay but user has a false path constraint

 There are 0 ports with no output delay but with a timing clock defined on it or propagating through it


7. checking multiple_clock (0)
------------------------------
 There are 0 register/latch pins with multiple clocks.


8. checking generated_clocks (0)
--------------------------------
 There are 0 generated clocks that are not connected to a clock source.


9. checking loops (0)
---------------------
 There are 0 combinational loops in the design.


10. checking partial_input_delay (0)
------------------------------------
 There are 0 input ports with partial input delay specified.


11. checking partial_output_delay (0)
-------------------------------------
 There are 0 ports with partial output delay specified.


12. checking latch_loops (0)
----------------------------
 There are 0 combinational latch loops in the design through latch input



------------------------------------------------------------------------------------------------
| Design Timing Summary
| ---------------------
------------------------------------------------------------------------------------------------

    WNS(ns)      TNS(ns)  TNS Failing Endpoints  TNS Total Endpoints      WHS(ns)      THS(ns)  THS Failing Endpoints  THS Total Endpoints     WPWS(ns)     TPWS(ns)  TPWS Failing Endpoints  TPWS Total Endpoints  
    -------      -------  ---------------------  -------------------      -------      -------  ---------------------  -------------------     --------     --------  ----------------------  --------------------  
     -0.797    -1061.210                   4277                57221        0.019        0.000                      0                57221        2.300        0.000                       0                 25306  


Timing constraints are not met.


------------------------------------------------------------------------------------------------
| Clock Summary
| -------------
------------------------------------------------------------------------------------------------

Clock  Waveform(ns)         Period(ns)      Frequency(MHz)
-----  ------------         ----------      --------------
clk    {0.000 3.000}        6.000           166.667         


------------------------------------------------------------------------------------------------
| Intra Clock Table
| -----------------
------------------------------------------------------------------------------------------------

Clock             WNS(ns)      TNS(ns)  TNS Failing Endpoints  TNS Total Endpoints      WHS(ns)      THS(ns)  THS Failing Endpoints  THS Total Endpoints     WPWS(ns)     TPWS(ns)  TPWS Failing Endpoints  TPWS Total Endpoints  
-----             -------      -------  ---------------------  -------------------      -------      -------  ---------------------  -------------------     --------     --------  ----------------------  --------------------  
clk                -0.797    -1061.210                   4277                57221        0.019        0.000                      0                57221        2.300        0.000                       0                 25306  


------------------------------------------------------------------------------------------------
| Inter Clock Table
| -----------------
------------------------------------------------------------------------------------------------

From Clock    To Clock          WNS(ns)      TNS(ns)  TNS Failing Endpoints  TNS Total Endpoints      WHS(ns)      THS(ns)  THS Failing Endpoints  THS Total Endpoints  
----------    --------          -------      -------  ---------------------  -------------------      -------      -------  ---------------------  -------------------  


------------------------------------------------------------------------------------------------
| Other Path Groups Table
| -----------------------
------------------------------------------------------------------------------------------------

Path Group    From Clock    To Clock          WNS(ns)      TNS(ns)  TNS Failing Endpoints  TNS Total Endpoints      WHS(ns)      THS(ns)  THS Failing Endpoints  THS Total Endpoints  
----------    ----------    --------          -------      -------  ---------------------  -------------------      -------      -------  ---------------------  -------------------  


------------------------------------------------------------------------------------------------
| Timing Details
| --------------
------------------------------------------------------------------------------------------------


---------------------------------------------------------------------------------------------------
From Clock:  clk
  To Clock:  clk

Setup :         4277  Failing Endpoints,  Worst Slack       -0.797ns,  Total Violation    -1061.210ns
Hold  :            0  Failing Endpoints,  Worst Slack        0.019ns,  Total Violation        0.000ns
PW    :            0  Failing Endpoints,  Worst Slack        2.300ns,  Total Violation        0.000ns
---------------------------------------------------------------------------------------------------


Max Delay Paths
--------------------------------------------------------------------------------------
Slack (VIOLATED) :        -0.797ns  (required time - arrival time)
  Source:                 store_controller/porow_counter_reg[3]/C
                            (rising edge-triggered cell FDRE clocked by clk  {rise@0.000ns fall@3.000ns period=6.000ns})
  Destination:            spad/write_dispatch_q_q/ram_ext/Memory_reg_0_1_28_41/RAME_D1/I
                            (rising edge-triggered cell RAMD32 clocked by clk  {rise@0.000ns fall@3.000ns period=6.000ns})
  Path Group:             clk
  Path Type:              Setup (Max at Slow Process Corner)
  Requirement:            6.000ns  (clk rise@6.000ns - clk rise@0.000ns)
  Data Path Delay:        6.696ns  (logic 3.938ns (58.807%)  route 2.758ns (41.193%))
  Logic Levels:           25  (CARRY8=9 DSP_A_B_DATA=1 DSP_ALU=2 DSP_M_DATA=1 DSP_MULTIPLIER=1 DSP_OUTPUT=2 DSP_PREADD_DATA=1 LUT2=3 LUT4=1 LUT5=2 LUT6=2)
  Clock Path Skew:        0.014ns (DCD - SCD + CPR)
    Destination Clock Delay (DCD):    0.043ns = ( 6.043 - 6.000 ) 
    Source Clock Delay      (SCD):    0.029ns
    Clock Pessimism Removal (CPR):    0.000ns
  Clock Uncertainty:      0.035ns  ((TSJ^2 + TIJ^2)^1/2 + DJ) / 2 + PE
    Total System Jitter     (TSJ):    0.071ns
    Total Input Jitter      (TIJ):    0.000ns
    Discrete Jitter          (DJ):    0.000ns
    Phase Error              (PE):    0.000ns

    Location             Delay type                Incr(ns)  Path(ns)    Netlist Resource(s)
  -------------------------------------------------------------------    -------------------
                         (clock clk rise edge)        0.000     0.000 r  
                                                      0.000     0.000 r  clock (IN)
                         net (fo=25407, unset)        0.029     0.029    store_controller/clock
    SLICE_X153Y547       FDRE                                         r  store_controller/porow_counter_reg[3]/C
  -------------------------------------------------------------------    -------------------
    SLICE_X153Y547       FDRE (Prop_EFF2_SLICEL_C_Q)
                                                      0.081     0.110 f  store_controller/porow_counter_reg[3]/Q
                         net (fo=27, routed)          0.176     0.286    store_controller/porow_counter_reg[3]
    SLICE_X153Y546       LUT2 (Prop_G6LUT_SLICEL_I0_O)
                                                      0.089     0.375 r  store_controller/p_2_out__1_i_87/O
                         net (fo=1, routed)           0.179     0.554    store_controller/p_2_out__1_i_87_n_0
    SLICE_X153Y547       LUT6 (Prop_F6LUT_SLICEL_I3_O)
                                                      0.035     0.589 r  store_controller/p_2_out__1_i_62/O
                         net (fo=1, routed)           0.011     0.600    store_controller/p_2_out__1_i_62_n_0
    SLICE_X153Y547       CARRY8 (Prop_CARRY8_SLICEL_S[5]_CO[7])
                                                      0.155     0.755 r  store_controller/p_2_out__1_i_22/CO[7]
                         net (fo=1, routed)           0.026     0.781    store_controller/p_2_out__1_i_22_n_0
    SLICE_X153Y548       CARRY8 (Prop_CARRY8_SLICEL_CI_O[0])
                                                      0.056     0.837 r  store_controller/p_2_out__1_i_94/O[0]
                         net (fo=2, routed)           0.319     1.156    store_controller/p_2_out__1_i_94_n_15
    SLICE_X156Y548       LUT4 (Prop_E6LUT_SLICEM_I3_O)
                                                      0.052     1.208 f  store_controller/p_2_out__1_i_81/O
                         net (fo=3, routed)           0.070     1.278    store_controller/p_2_out__1_i_81_n_0
    SLICE_X156Y548       LUT6 (Prop_F6LUT_SLICEM_I2_O)
                                                      0.148     1.426 r  store_controller/p_2_out__1_i_41/O
                         net (fo=2, routed)           0.087     1.513    store_controller/p_2_out__1_i_41_n_0
    SLICE_X155Y548       LUT5 (Prop_G6LUT_SLICEL_I0_O)
                                                      0.089     1.602 r  store_controller/p_2_out__1_i_46/O
                         net (fo=1, routed)           0.008     1.610    store_controller/p_2_out__1_i_46_n_0
    SLICE_X155Y548       CARRY8 (Prop_CARRY8_SLICEL_S[6]_CO[7])
                                                      0.115     1.725 r  store_controller/p_2_out__1_i_21/CO[7]
                         net (fo=1, routed)           0.026     1.751    store_controller/p_2_out__1_i_21_n_0
    SLICE_X155Y549       CARRY8 (Prop_CARRY8_SLICEL_CI_O[0])
                                                      0.056     1.807 r  store_controller/p_2_out__1_i_20/O[0]
                         net (fo=1, routed)           0.245     2.052    store_controller/io_dma_req_bits_vaddr4[11]
    SLICE_X155Y552       CARRY8 (Prop_CARRY8_SLICEL_S[3]_O[5])
                                                      0.180     2.232 f  store_controller/p_2_out__1_i_18/O[5]
                         net (fo=1, routed)           0.130     2.362    store_controller/cmd_q/ram_ext/p_2_out__1_0[5]
    SLICE_X156Y552       LUT5 (Prop_D6LUT_SLICEM_I4_O)
                                                      0.037     2.399 f  store_controller/cmd_q/ram_ext/p_2_out__1_i_4/O
                         net (fo=1, routed)           0.313     2.712    store_controller/p_2_out__1/A[13]
    DSP48E2_X21Y218      DSP_A_B_DATA (Prop_DSP_A_B_DATA_DSP48E2_A[13]_A2_DATA[13])
                                                      0.192     2.904 r  store_controller/p_2_out__1/DSP_A_B_DATA_INST/A2_DATA[13]
                         net (fo=1, routed)           0.000     2.904    store_controller/p_2_out__1/DSP_A_B_DATA.A2_DATA<13>
    DSP48E2_X21Y218      DSP_PREADD_DATA (Prop_DSP_PREADD_DATA_DSP48E2_A2_DATA[13]_A2A1[13])
                                                      0.076     2.980 r  store_controller/p_2_out__1/DSP_PREADD_DATA_INST/A2A1[13]
                         net (fo=1, routed)           0.000     2.980    store_controller/p_2_out__1/DSP_PREADD_DATA.A2A1<13>
    DSP48E2_X21Y218      DSP_MULTIPLIER (Prop_DSP_MULTIPLIER_DSP48E2_A2A1[13]_U[34])
                                                      0.505     3.485 f  store_controller/p_2_out__1/DSP_MULTIPLIER_INST/U[34]
                         net (fo=1, routed)           0.000     3.485    store_controller/p_2_out__1/DSP_MULTIPLIER.U<34>
    DSP48E2_X21Y218      DSP_M_DATA (Prop_DSP_M_DATA_DSP48E2_U[34]_U_DATA[34])
                                                      0.047     3.532 r  store_controller/p_2_out__1/DSP_M_DATA_INST/U_DATA[34]
                         net (fo=1, routed)           0.000     3.532    store_controller/p_2_out__1/DSP_M_DATA.U_DATA<34>
    DSP48E2_X21Y218      DSP_ALU (Prop_DSP_ALU_DSP48E2_U_DATA[34]_ALU_OUT[47])
                                                      0.585     4.117 f  store_controller/p_2_out__1/DSP_ALU_INST/ALU_OUT[47]
                         net (fo=1, routed)           0.000     4.117    store_controller/p_2_out__1/DSP_ALU.ALU_OUT<47>
    DSP48E2_X21Y218      DSP_OUTPUT (Prop_DSP_OUTPUT_DSP48E2_ALU_OUT[47]_PCOUT[47])
                                                      0.122     4.239 r  store_controller/p_2_out__1/DSP_OUTPUT_INST/PCOUT[47]
                         net (fo=1, routed)           0.014     4.253    store_controller/p_2_out__2/PCIN[47]
    DSP48E2_X21Y219      DSP_ALU (Prop_DSP_ALU_DSP48E2_PCIN[47]_ALU_OUT[0])
                                                      0.546     4.799 f  store_controller/p_2_out__2/DSP_ALU_INST/ALU_OUT[0]
                         net (fo=1, routed)           0.000     4.799    store_controller/p_2_out__2/DSP_ALU.ALU_OUT<0>
    DSP48E2_X21Y219      DSP_OUTPUT (Prop_DSP_OUTPUT_DSP48E2_ALU_OUT[0]_P[0])
                                                      0.109     4.908 r  store_controller/p_2_out__2/DSP_OUTPUT_INST/P[0]
                         net (fo=2, routed)           0.260     5.168    store_controller/p_2_out__2_n_105
    SLICE_X157Y557       LUT2 (Prop_B6LUT_SLICEM_I0_O)
                                                      0.037     5.205 r  store_controller/Memory_reg_0_1_14_27_i_27__1/O
                         net (fo=1, routed)           0.016     5.221    store_controller/Memory_reg_0_1_14_27_i_27__1_n_0
    SLICE_X157Y557       CARRY8 (Prop_CARRY8_SLICEM_S[1]_CO[7])
                                                      0.190     5.411 r  store_controller/Memory_reg_0_1_14_27_i_19__1/CO[7]
                         net (fo=1, routed)           0.026     5.437    store_controller/Memory_reg_0_1_14_27_i_19__1_n_0
    SLICE_X157Y558       CARRY8 (Prop_CARRY8_SLICEM_CI_O[5])
                                                      0.116     5.553 r  store_controller/Memory_reg_0_1_14_27_i_20__1/O[5]
                         net (fo=1, routed)           0.323     5.876    store_controller/cmd_q/ram_ext/p_2_out__3[13]
    SLICE_X155Y562       LUT2 (Prop_F6LUT_SLICEL_I1_O)
                                                      0.049     5.925 r  store_controller/cmd_q/ram_ext/Memory_reg_0_1_14_27_i_13__3/O
                         net (fo=1, routed)           0.011     5.936    store_controller/cmd_q/ram_ext/Memory_reg_0_1_14_27_i_13__3_n_0
    SLICE_X155Y562       CARRY8 (Prop_CARRY8_SLICEL_S[5]_CO[7])
                                                      0.155     6.091 r  store_controller/cmd_q/ram_ext/Memory_reg_0_1_14_27_i_2__4/CO[7]
                         net (fo=1, routed)           0.026     6.117    store_controller/cmd_q/ram_ext/Memory_reg_0_1_14_27_i_2__4_n_0
    SLICE_X155Y563       CARRY8 (Prop_CARRY8_SLICEL_CI_O[5])
                                                      0.116     6.233 r  store_controller/cmd_q/ram_ext/Memory_reg_0_1_28_41_i_1__6/O[5]
                         net (fo=1, routed)           0.492     6.725    spad/write_dispatch_q_q/ram_ext/Memory_reg_0_1_28_41/DIE1
    SLICE_X150Y566       RAMD32                                       r  spad/write_dispatch_q_q/ram_ext/Memory_reg_0_1_28_41/RAME_D1/I
  -------------------------------------------------------------------    -------------------

                         (clock clk rise edge)        6.000     6.000 r  
                                                      0.000     6.000 r  clock (IN)
                         net (fo=25407, unset)        0.043     6.043    spad/write_dispatch_q_q/ram_ext/Memory_reg_0_1_28_41/WCLK
    SLICE_X150Y566       RAMD32                                       r  spad/write_dispatch_q_q/ram_ext/Memory_reg_0_1_28_41/RAME_D1/CLK
                         clock pessimism              0.000     6.043    
                         clock uncertainty           -0.035     6.008    
    SLICE_X150Y566       RAMD32 (Setup_E6LUT_SLICEM_CLK_I)
                                                     -0.079     5.929    spad/write_dispatch_q_q/ram_ext/Memory_reg_0_1_28_41/RAME_D1
  -------------------------------------------------------------------
                         required time                          5.929    
                         arrival time                          -6.725    
  -------------------------------------------------------------------
                         slack                                 -0.797    





Min Delay Paths
--------------------------------------------------------------------------------------
