Copyright 1986-2022 Xilinx, Inc. All Rights Reserved. Copyright 2022-2023 Advanced Micro Devices, Inc. All Rights Reserved.
---------------------------------------------------------------------------------------------------------------------------------------------------------------------------------------------------------------------------------------------------------------------------------------------------------------------------------------------------------------------------------------------------------------------------------------------------------------------------------------------------------------------------------------
| Tool Version      : Vivado v.2023.2 (lin64) Build 4029153 Fri Oct 13 20:13:54 MDT 2023
| Date              : Thu Oct  1 19:10:47 2026
| Host              : brg-zhang-xcel.ece.cornell.edu running 64-bit Red Hat Enterprise Linux 9.8 (Plow)
| Command           : report_timing -from [get_cells -hier -filter {IS_PRIMITIVE && (NAME =~ ex_controller/* || NAME =~ spad/*) && NAME !~ spad/reader* && NAME !~ spad/writer* && NAME !~ spad/buffer* && NAME !~ spad/xbar* && NAME !~ spad/widget*}] -to [get_cells -hier -filter {IS_PRIMITIVE && (NAME =~ ex_controller/* || NAME =~ spad/*) && NAME !~ spad/reader* && NAME !~ spad/writer* && NAME !~ spad/buffer* && NAME !~ spad/xbar* && NAME !~ spad/widget*}] -max_paths 3 -nworst 1 -sort_by slack -file scope_timing.rpt
| Design            : Gemmini
| Device            : xcu280-fsvh2892
| Speed File        : -2L  PRODUCTION 1.30 05-01-2022
| Design State      : Physopt postRoute
| Temperature Grade : E
---------------------------------------------------------------------------------------------------------------------------------------------------------------------------------------------------------------------------------------------------------------------------------------------------------------------------------------------------------------------------------------------------------------------------------------------------------------------------------------------------------------------------------------

Timing Report

Slack (VIOLATED) :        -0.113ns  (required time - arrival time)
  Source:                 ex_controller/cmd_q/raddr_reg[1]_rep/C
                            (rising edge-triggered cell FDRE clocked by clk  {rise@0.000ns fall@3.000ns period=6.000ns})
  Destination:            spad/spad_mems_2/mem_ext/Memory_reg_uram_0/ADDR_A[5]
                            (rising edge-triggered cell URAM288 clocked by clk  {rise@0.000ns fall@3.000ns period=6.000ns})
  Path Group:             clk
  Path Type:              Setup (Max at Slow Process Corner)
  Requirement:            6.000ns  (clk rise@6.000ns - clk rise@0.000ns)
  Data Path Delay:        5.642ns  (logic 1.233ns (21.855%)  route 4.409ns (78.145%))
  Logic Levels:           14  (LUT2=1 LUT4=1 LUT5=7 LUT6=4 MUXF7=1)
  Clock Path Skew:        0.035ns (DCD - SCD + CPR)
    Destination Clock Delay (DCD):    0.064ns = ( 6.064 - 6.000 ) 
    Source Clock Delay      (SCD):    0.029ns
    Clock Pessimism Removal (CPR):    0.000ns
  Clock Uncertainty:      0.035ns  ((TSJ^2 + TIJ^2)^1/2 + DJ) / 2 + PE
    Total System Jitter     (TSJ):    0.071ns
    Total Input Jitter      (TIJ):    0.000ns
    Discrete Jitter          (DJ):    0.000ns
    Phase Error              (PE):    0.000ns

    Location             Delay type                Incr(ns)  Path(ns)    Netlist Resource(s)
  -------------------------------------------------------------------    -------------------
                         (clock clk rise edge)        0.000     0.000 r  
                                                      0.000     0.000 r  clock (IN)
                         net (fo=46429, unset)        0.029     0.029    ex_controller/cmd_q/clock
    SLICE_X138Y153       FDRE                                         r  ex_controller/cmd_q/raddr_reg[1]_rep/C
  -------------------------------------------------------------------    -------------------
    SLICE_X138Y153       FDRE (Prop_FFF_SLICEL_C_Q)
                                                      0.079     0.108 r  ex_controller/cmd_q/raddr_reg[1]_rep/Q
                         net (fo=173, routed)         0.574     0.682    ex_controller/cmd_q/raddr_reg[1]_rep_n_0
    SLICE_X144Y146       LUT2 (Prop_B6LUT_SLICEL_I0_O)
                                                      0.124     0.806 r  ex_controller/cmd_q/Memory_reg_0_7_14_27_i_131/O
                         net (fo=22, routed)          0.510     1.316    ex_controller/cmd_q/Memory_reg_0_7_14_27_i_131_n_0
    SLICE_X141Y138       MUXF7 (Prop_F7MUX_CD_SLICEM_S_O)
                                                      0.077     1.393 f  ex_controller/cmd_q/Memory_reg_0_7_14_27_i_180/O
                         net (fo=1, routed)           0.175     1.568    ex_controller/cmd_q/_cmd_q_io_deq_bits_2_cmd_rs1[1]
    SLICE_X141Y138       LUT5 (Prop_F6LUT_SLICEM_I3_O)
                                                      0.051     1.619 r  ex_controller/cmd_q/Memory_reg_0_7_14_27_i_68/O
                         net (fo=2, routed)           0.335     1.954    ex_controller/cmd_q/Memory_reg_0_7_14_27_i_68_n_0
    SLICE_X145Y141       LUT6 (Prop_H6LUT_SLICEM_I2_O)
                                                      0.152     2.106 f  ex_controller/cmd_q/Memory_reg_0_7_14_27_i_16/O
                         net (fo=5, routed)           0.218     2.324    ex_controller/cmd_q/Memory_reg_0_7_14_27_i_16_n_0
    SLICE_X145Y145       LUT5 (Prop_F6LUT_SLICEM_I3_O)
                                                      0.037     2.361 f  ex_controller/cmd_q/Memory_reg_0_7_14_27_i_1/O
                         net (fo=13, routed)          0.199     2.560    ex_controller/cmd_q/a_garbage
    SLICE_X145Y149       LUT5 (Prop_E6LUT_SLICEM_I3_O)
                                                      0.100     2.660 r  ex_controller/cmd_q/Memory_reg_0_7_56_69_i_10/O
                         net (fo=45, routed)          0.169     2.829    ex_controller/cmd_q/total_rows[0]
    SLICE_X144Y148       LUT4 (Prop_F6LUT_SLICEL_I2_O)
                                                      0.089     2.918 f  ex_controller/cmd_q/d_fire_counter[1]_i_6/O
                         net (fo=8, routed)           0.174     3.092    ex_controller/cmd_q/d_fire_counter[1]_i_6_n_0
    SLICE_X145Y150       LUT6 (Prop_D6LUT_SLICEM_I4_O)
                                                      0.122     3.214 r  ex_controller/cmd_q/d_fire_counter[1]_i_2/O
                         net (fo=9, routed)           0.258     3.472    ex_controller/cmd_q/d_fire_counter[1]_i_2_n_0
    SLICE_X144Y147       LUT6 (Prop_B6LUT_SLICEL_I5_O)
                                                      0.090     3.562 f  ex_controller/cmd_q/Memory_reg_0_7_14_27_i_193/O
                         net (fo=2, routed)           0.481     4.043    ex_controller/cmd_q/Memory_reg_0_7_14_27_i_193_n_0
    SLICE_X139Y150       LUT5 (Prop_B6LUT_SLICEM_I4_O)
                                                      0.037     4.080 f  ex_controller/cmd_q/q_io_enq_bits_fromDMA_REG_i_4/O
                         net (fo=2, routed)           0.096     4.177    ex_controller/cmd_q/q_io_enq_bits_fromDMA_REG_i_4_n_0
    SLICE_X139Y150       LUT6 (Prop_C6LUT_SLICEM_I0_O)
                                                      0.037     4.214 r  ex_controller/cmd_q/q_io_enq_bits_fromDMA_REG_i_3/O
                         net (fo=5, routed)           0.274     4.487    ex_controller/cmd_q/q_io_enq_bits_fromDMA_REG_i_3_n_0
    SLICE_X136Y146       LUT5 (Prop_F6LUT_SLICEL_I2_O)
                                                      0.148     4.635 r  ex_controller/cmd_q/q_io_enq_bits_fromDMA_REG_i_2__0/O
                         net (fo=15, routed)          0.380     5.015    ex_controller/cmd_q/q_io_enq_bits_fromDMA_REG_i_2__0_0
    SLICE_X128Y144       LUT5 (Prop_H6LUT_SLICEM_I3_O)
                                                      0.039     5.054 r  ex_controller/cmd_q/Memory_reg_uram_0_i_102/O
                         net (fo=1, routed)           0.158     5.212    spad/vsm/ram_reg[71]_16
    SLICE_X127Y144       LUT5 (Prop_B6LUT_SLICEL_I3_O)
                                                      0.051     5.263 r  spad/vsm/Memory_reg_uram_0_i_7__0/O
                         net (fo=4, routed)           0.408     5.671    spad/spad_mems_2/mem_ext/ADDR_A[5]
    URAM288_X2Y40        URAM288                                      r  spad/spad_mems_2/mem_ext/Memory_reg_uram_0/ADDR_A[5]
  -------------------------------------------------------------------    -------------------

                         (clock clk rise edge)        6.000     6.000 r  
                                                      0.000     6.000 r  clock (IN)
                         net (fo=46429, unset)        0.064     6.064    spad/spad_mems_2/mem_ext/clock
    URAM288_X2Y40        URAM288                                      r  spad/spad_mems_2/mem_ext/Memory_reg_uram_0/CLK
                         clock pessimism              0.000     6.064    
                         clock uncertainty           -0.035     6.029    
    URAM288_X2Y40        URAM288 (Setup_URAM_288K_INST_URAM288_CLK_ADDR_A[5])
                                                     -0.471     5.558    spad/spad_mems_2/mem_ext/Memory_reg_uram_0
  -------------------------------------------------------------------
                         required time                          5.558    
                         arrival time                          -5.671    
  -------------------------------------------------------------------
                         slack                                 -0.113    

Slack (VIOLATED) :        -0.073ns  (required time - arrival time)
  Source:                 ex_controller/cmd_q/raddr_reg[1]_rep/C
                            (rising edge-triggered cell FDRE clocked by clk  {rise@0.000ns fall@3.000ns period=6.000ns})
  Destination:            spad/spad_mems_0/mem_ext/Memory_reg_uram_1/ADDR_A[1]
                            (rising edge-triggered cell URAM288 clocked by clk  {rise@0.000ns fall@3.000ns period=6.000ns})
  Path Group:             clk
  Path Type:              Setup (Max at Slow Process Corner)
  Requirement:            6.000ns  (clk rise@6.000ns - clk rise@0.000ns)
  Data Path Delay:        5.558ns  (logic 1.228ns (22.095%)  route 4.330ns (77.905%))
  Logic Levels:           14  (LUT2=1 LUT4=1 LUT5=7 LUT6=4 MUXF7=1)
  Clock Path Skew:        0.035ns (DCD - SCD + CPR)
    Destination Clock Delay (DCD):    0.064ns = ( 6.064 - 6.000 ) 
    Source Clock Delay      (SCD):    0.029ns
    Clock Pessimism Removal (CPR):    0.000ns
  Clock Uncertainty:      0.035ns  ((TSJ^2 + TIJ^2)^1/2 + DJ) / 2 + PE
    Total System Jitter     (TSJ):    0.071ns
    Total Input Jitter      (TIJ):    0.000ns
    Discrete Jitter          (DJ):    0.000ns
    Phase Error              (PE):    0.000ns

    Location             Delay type                Incr(ns)  Path(ns)    Netlist Resource(s)
  -------------------------------------------------------------------    -------------------
                         (clock clk rise edge)        0.000     0.000 r  
                                                      0.000     0.000 r  clock (IN)
                         net (fo=46429, unset)        0.029     0.029    ex_controller/cmd_q/clock
    SLICE_X138Y153       FDRE                                         r  ex_controller/cmd_q/raddr_reg[1]_rep/C
  -------------------------------------------------------------------    -------------------
    SLICE_X138Y153       FDRE (Prop_FFF_SLICEL_C_Q)
                                                      0.079     0.108 r  ex_controller/cmd_q/raddr_reg[1]_rep/Q
                         net (fo=173, routed)         0.574     0.682    ex_controller/cmd_q/raddr_reg[1]_rep_n_0
    SLICE_X144Y146       LUT2 (Prop_B6LUT_SLICEL_I0_O)
                                                      0.124     0.806 r  ex_controller/cmd_q/Memory_reg_0_7_14_27_i_131/O
                         net (fo=22, routed)          0.510     1.316    ex_controller/cmd_q/Memory_reg_0_7_14_27_i_131_n_0
    SLICE_X141Y138       MUXF7 (Prop_F7MUX_CD_SLICEM_S_O)
                                                      0.077     1.393 f  ex_controller/cmd_q/Memory_reg_0_7_14_27_i_180/O
                         net (fo=1, routed)           0.175     1.568    ex_controller/cmd_q/_cmd_q_io_deq_bits_2_cmd_rs1[1]
    SLICE_X141Y138       LUT5 (Prop_F6LUT_SLICEM_I3_O)
                                                      0.051     1.619 r  ex_controller/cmd_q/Memory_reg_0_7_14_27_i_68/O
                         net (fo=2, routed)           0.335     1.954    ex_controller/cmd_q/Memory_reg_0_7_14_27_i_68_n_0
    SLICE_X145Y141       LUT6 (Prop_H6LUT_SLICEM_I2_O)
                                                      0.152     2.106 f  ex_controller/cmd_q/Memory_reg_0_7_14_27_i_16/O
                         net (fo=5, routed)           0.218     2.324    ex_controller/cmd_q/Memory_reg_0_7_14_27_i_16_n_0
    SLICE_X145Y145       LUT5 (Prop_F6LUT_SLICEM_I3_O)
                                                      0.037     2.361 f  ex_controller/cmd_q/Memory_reg_0_7_14_27_i_1/O
                         net (fo=13, routed)          0.199     2.560    ex_controller/cmd_q/a_garbage
    SLICE_X145Y149       LUT5 (Prop_E6LUT_SLICEM_I3_O)
                                                      0.100     2.660 r  ex_controller/cmd_q/Memory_reg_0_7_56_69_i_10/O
                         net (fo=45, routed)          0.169     2.829    ex_controller/cmd_q/total_rows[0]
    SLICE_X144Y148       LUT4 (Prop_F6LUT_SLICEL_I2_O)
                                                      0.089     2.918 f  ex_controller/cmd_q/d_fire_counter[1]_i_6/O
                         net (fo=8, routed)           0.174     3.092    ex_controller/cmd_q/d_fire_counter[1]_i_6_n_0
    SLICE_X145Y150       LUT6 (Prop_D6LUT_SLICEM_I4_O)
                                                      0.122     3.214 r  ex_controller/cmd_q/d_fire_counter[1]_i_2/O
                         net (fo=9, routed)           0.258     3.472    ex_controller/cmd_q/d_fire_counter[1]_i_2_n_0
    SLICE_X144Y147       LUT6 (Prop_B6LUT_SLICEL_I5_O)
                                                      0.090     3.562 f  ex_controller/cmd_q/Memory_reg_0_7_14_27_i_193/O
                         net (fo=2, routed)           0.481     4.043    ex_controller/cmd_q/Memory_reg_0_7_14_27_i_193_n_0
    SLICE_X139Y150       LUT5 (Prop_B6LUT_SLICEM_I4_O)
                                                      0.037     4.080 f  ex_controller/cmd_q/q_io_enq_bits_fromDMA_REG_i_4/O
                         net (fo=2, routed)           0.096     4.177    ex_controller/cmd_q/q_io_enq_bits_fromDMA_REG_i_4_n_0
    SLICE_X139Y150       LUT6 (Prop_C6LUT_SLICEM_I0_O)
                                                      0.037     4.214 r  ex_controller/cmd_q/q_io_enq_bits_fromDMA_REG_i_3/O
                         net (fo=5, routed)           0.267     4.480    ex_controller/cmd_q/q_io_enq_bits_fromDMA_REG_i_3_n_0
    SLICE_X136Y146       LUT5 (Prop_G6LUT_SLICEL_I2_O)
                                                      0.035     4.515 r  ex_controller/cmd_q/q_io_enq_bits_fromDMA_REG_i_2/O
                         net (fo=15, routed)          0.291     4.806    ex_controller/cmd_q/q_io_enq_bits_fromDMA_REG_i_2_0
    SLICE_X129Y145       LUT5 (Prop_D6LUT_SLICEM_I3_O)
                                                      0.145     4.951 r  ex_controller/cmd_q/Memory_reg_uram_0_i_106__0/O
                         net (fo=1, routed)           0.040     4.991    spad/vsm/ram_reg[71]_36
    SLICE_X129Y145       LUT5 (Prop_A6LUT_SLICEM_I3_O)
                                                      0.053     5.044 r  spad/vsm/Memory_reg_uram_0_i_11__2/O
                         net (fo=4, routed)           0.543     5.587    spad/spad_mems_0/mem_ext/ADDR_A[1]
    URAM288_X2Y36        URAM288                                      r  spad/spad_mems_0/mem_ext/Memory_reg_uram_1/ADDR_A[1]
  -------------------------------------------------------------------    -------------------

                         (clock clk rise edge)        6.000     6.000 r  
                                                      0.000     6.000 r  clock (IN)
                         net (fo=46429, unset)        0.064     6.064    spad/spad_mems_0/mem_ext/clock
    URAM288_X2Y36        URAM288                                      r  spad/spad_mems_0/mem_ext/Memory_reg_uram_1/CLK
                         clock pessimism              0.000     6.064    
                         clock uncertainty           -0.035     6.029    
    URAM288_X2Y36        URAM288 (Setup_URAM_288K_INST_URAM288_CLK_ADDR_A[1])
                                                     -0.515     5.514    spad/spad_mems_0/mem_ext/Memory_reg_uram_1
  -------------------------------------------------------------------
                         required time                          5.514    
                         arrival time                          -5.587    
  -------------------------------------------------------------------
                         slack                                 -0.073    

Slack (VIOLATED) :        -0.068ns  (required time - arrival time)
  Source:                 ex_controller/cmd_q/raddr_reg[1]_rep/C
                            (rising edge-triggered cell FDRE clocked by clk  {rise@0.000ns fall@3.000ns period=6.000ns})
  Destination:            spad/spad_mems_3/mem_ext/Memory_reg_uram_0/ADDR_A[1]
                            (rising edge-triggered cell URAM288 clocked by clk  {rise@0.000ns fall@3.000ns period=6.000ns})
  Path Group:             clk
  Path Type:              Setup (Max at Slow Process Corner)
  Requirement:            6.000ns  (clk rise@6.000ns - clk rise@0.000ns)
  Data Path Delay:        5.552ns  (logic 1.267ns (22.819%)  route 4.285ns (77.181%))
  Logic Levels:           14  (LUT2=1 LUT4=1 LUT5=7 LUT6=4 MUXF7=1)
  Clock Path Skew:        0.035ns (DCD - SCD + CPR)
    Destination Clock Delay (DCD):    0.064ns = ( 6.064 - 6.000 ) 
    Source Clock Delay      (SCD):    0.029ns
    Clock Pessimism Removal (CPR):    0.000ns
  Clock Uncertainty:      0.035ns  ((TSJ^2 + TIJ^2)^1/2 + DJ) / 2 + PE
    Total System Jitter     (TSJ):    0.071ns
    Total Input Jitter      (TIJ):    0.000ns
    Discrete Jitter          (DJ):    0.000ns
    Phase Error              (PE):    0.000ns

    Location             Delay type                Incr(ns)  Path(ns)    Netlist Resource(s)
  -------------------------------------------------------------------    -------------------
                         (clock clk rise edge)        0.000     0.000 r  
                                                      0.000     0.000 r  clock (IN)
                         net (fo=46429, unset)        0.029     0.029    ex_controller/cmd_q/clock
    SLICE_X138Y153       FDRE                                         r  ex_controller/cmd_q/raddr_reg[1]_rep/C
  -------------------------------------------------------------------    -------------------
    SLICE_X138Y153       FDRE (Prop_FFF_SLICEL_C_Q)
                                                      0.079     0.108 r  ex_controller/cmd_q/raddr_reg[1]_rep/Q
                         net (fo=173, routed)         0.574     0.682    ex_controller/cmd_q/raddr_reg[1]_rep_n_0
    SLICE_X144Y146       LUT2 (Prop_B6LUT_SLICEL_I0_O)
                                                      0.124     0.806 r  ex_controller/cmd_q/Memory_reg_0_7_14_27_i_131/O
                         net (fo=22, routed)          0.510     1.316    ex_controller/cmd_q/Memory_reg_0_7_14_27_i_131_n_0
    SLICE_X141Y138       MUXF7 (Prop_F7MUX_CD_SLICEM_S_O)
                                                      0.077     1.393 f  ex_controller/cmd_q/Memory_reg_0_7_14_27_i_180/O
                         net (fo=1, routed)           0.175     1.568    ex_controller/cmd_q/_cmd_q_io_deq_bits_2_cmd_rs1[1]
    SLICE_X141Y138       LUT5 (Prop_F6LUT_SLICEM_I3_O)
                                                      0.051     1.619 r  ex_controller/cmd_q/Memory_reg_0_7_14_27_i_68/O
                         net (fo=2, routed)           0.335     1.954    ex_controller/cmd_q/Memory_reg_0_7_14_27_i_68_n_0
    SLICE_X145Y141       LUT6 (Prop_H6LUT_SLICEM_I2_O)
                                                      0.152     2.106 f  ex_controller/cmd_q/Memory_reg_0_7_14_27_i_16/O
                         net (fo=5, routed)           0.218     2.324    ex_controller/cmd_q/Memory_reg_0_7_14_27_i_16_n_0
    SLICE_X145Y145       LUT5 (Prop_F6LUT_SLICEM_I3_O)
                                                      0.037     2.361 f  ex_controller/cmd_q/Memory_reg_0_7_14_27_i_1/O
                         net (fo=13, routed)          0.199     2.560    ex_controller/cmd_q/a_garbage
    SLICE_X145Y149       LUT5 (Prop_E6LUT_SLICEM_I3_O)
                                                      0.100     2.660 r  ex_controller/cmd_q/Memory_reg_0_7_56_69_i_10/O
                         net (fo=45, routed)          0.169     2.829    ex_controller/cmd_q/total_rows[0]
    SLICE_X144Y148       LUT4 (Prop_F6LUT_SLICEL_I2_O)
                                                      0.089     2.918 f  ex_controller/cmd_q/d_fire_counter[1]_i_6/O
                         net (fo=8, routed)           0.174     3.092    ex_controller/cmd_q/d_fire_counter[1]_i_6_n_0
    SLICE_X145Y150       LUT6 (Prop_D6LUT_SLICEM_I4_O)
                                                      0.122     3.214 r  ex_controller/cmd_q/d_fire_counter[1]_i_2/O
                         net (fo=9, routed)           0.258     3.472    ex_controller/cmd_q/d_fire_counter[1]_i_2_n_0
    SLICE_X144Y147       LUT6 (Prop_B6LUT_SLICEL_I5_O)
                                                      0.090     3.562 f  ex_controller/cmd_q/Memory_reg_0_7_14_27_i_193/O
                         net (fo=2, routed)           0.481     4.043    ex_controller/cmd_q/Memory_reg_0_7_14_27_i_193_n_0
    SLICE_X139Y150       LUT5 (Prop_B6LUT_SLICEM_I4_O)
                                                      0.037     4.080 f  ex_controller/cmd_q/q_io_enq_bits_fromDMA_REG_i_4/O
                         net (fo=2, routed)           0.096     4.177    ex_controller/cmd_q/q_io_enq_bits_fromDMA_REG_i_4_n_0
    SLICE_X139Y150       LUT6 (Prop_C6LUT_SLICEM_I0_O)
                                                      0.037     4.214 r  ex_controller/cmd_q/q_io_enq_bits_fromDMA_REG_i_3/O
                         net (fo=5, routed)           0.267     4.480    ex_controller/cmd_q/q_io_enq_bits_fromDMA_REG_i_3_n_0
    SLICE_X137Y143       LUT5 (Prop_F6LUT_SLICEM_I3_O)
                                                      0.051     4.531 r  ex_controller/cmd_q/q_io_enq_bits_fromDMA_REG_i_2__1/O
                         net (fo=15, routed)          0.313     4.845    ex_controller/cmd_q/io_read_req_bits_fromDMA
    SLICE_X129Y145       LUT5 (Prop_G6LUT_SLICEM_I3_O)
                                                      0.123     4.968 r  ex_controller/cmd_q/Memory_reg_uram_0_i_108__2/O
                         net (fo=1, routed)           0.045     5.013    spad/vsm/ram_reg[71]_0
    SLICE_X129Y145       LUT5 (Prop_F6LUT_SLICEM_I3_O)
                                                      0.098     5.111 r  spad/vsm/Memory_reg_uram_0_i_11/O
                         net (fo=4, routed)           0.471     5.581    spad/spad_mems_3/mem_ext/ADDR_A[1]
    URAM288_X2Y37        URAM288                                      r  spad/spad_mems_3/mem_ext/Memory_reg_uram_0/ADDR_A[1]
  -------------------------------------------------------------------    -------------------

                         (clock clk rise edge)        6.000     6.000 r  
                                                      0.000     6.000 r  clock (IN)
                         net (fo=46429, unset)        0.064     6.064    spad/spad_mems_3/mem_ext/clock
    URAM288_X2Y37        URAM288                                      r  spad/spad_mems_3/mem_ext/Memory_reg_uram_0/CLK
                         clock pessimism              0.000     6.064    
                         clock uncertainty           -0.035     6.029    
    URAM288_X2Y37        URAM288 (Setup_URAM_288K_INST_URAM288_CLK_ADDR_A[1])
                                                     -0.515     5.514    spad/spad_mems_3/mem_ext/Memory_reg_uram_0
  -------------------------------------------------------------------
                         required time                          5.514    
                         arrival time                          -5.581    
  -------------------------------------------------------------------
                         slack                                 -0.068    




