B_START tpumicro-blocked S=16  Fri Sep 25 04:11:46 EDT 2026
tpumicro-blocked: {"roles": 10, "instances": 272, "fifos": 784, "streams": 64}
staged 10 role project(s) in 1.3s (frontend + per-role HLS codegen)
synthesising and exporting 10 unit(s) concurrently:
  pe_r2: rc=0 45.2s
  pe_r1: rc=0 45.3s
  pe_r5: rc=0 45.3s
  pe_r0: rc=0 45.4s
  pe_r8: rc=0 45.4s
  pe_r6: rc=0 45.4s
  pe_r3: rc=0 45.5s
  pe_r7: rc=0 45.6s
  pe_r4: rc=0 45.7s
  lane_k1n1_r0: rc=0 47.1s
HLS: 47.1s wall for 10 roles and 0 movers (455.9s of CPU work, 272 instances)
assembling the array in Vivado:
  stage synth 260.866
  stage opt 15.355
  stage place 280.993
  stage physopt 5.859
  stage route 109.854
  unrouted 0
Vivado implemented 272 instances in 723.3s
  array clock: 2.952 ns achieved against a 3.333 ns target (WNS +0.381 ns)
simulating the assembled array:
  SPMW XFORM 1 done_cycle=58 first_in=1
  SPMW XFORM 2 done_cycle=74 first_in=1
  SPMW XFORM 3 done_cycle=90 first_in=1
  SPMW XFORM 4 done_cycle=106 first_in=1
  SPMW XFORM 5 done_cycle=122 first_in=1
  SPMW XFORM 6 done_cycle=138 first_in=1
  SPMW XFORM 7 done_cycle=154 first_in=1
  SPMW XFORM 8 done_cycle=170 first_in=1
  SPMW XFORM 9 done_cycle=186 first_in=1
  SPMW XFORM 10 done_cycle=202 first_in=1
  SPMW XFORM 11 done_cycle=218 first_in=1
  SPMW XFORM 12 done_cycle=234 first_in=1
  SPMW XFORM 13 done_cycle=250 first_in=1
  SPMW XFORM 14 done_cycle=266 first_in=1
  SPMW XFORM 15 done_cycle=282 first_in=1
  SPMW XFORM 16 done_cycle=305 first_in=1
  SPMW COSIM PASS (4096/4096 tokens, 0 errors)
  SPMW CYCLES total=305 first_out=35 first_in=1
B_RC=0 wall_s=816
