Copyright 1986-2022 Xilinx, Inc. All Rights Reserved. Copyright 2022-2023 Advanced Micro Devices, Inc. All Rights Reserved.
--------------------------------------------------------------------------------------------------------------------------------------------------
| Tool Version      : Vivado v.2023.2 (lin64) Build 4029153 Fri Oct 13 20:13:54 MDT 2023
| Date              : Fri Sep 25 04:24:12 2026
| Host              : brg-zhang-xcel.ece.cornell.edu running 64-bit Red Hat Enterprise Linux 9.8 (Plow)
| Command           : report_timing_summary -file timing.rpt
| Design            : spmw_harness
| Device            : xcu280-fsvh2892
| Speed File        : -2L  PRODUCTION 1.30 05-01-2022
| Design State      : Routed
| Temperature Grade : E
--------------------------------------------------------------------------------------------------------------------------------------------------

Timing Summary Report

------------------------------------------------------------------------------------------------
| Timer Settings
| --------------
------------------------------------------------------------------------------------------------

  Enable Multi Corner Analysis               :  Yes
  Enable Pessimism Removal                   :  Yes
  Pessimism Removal Resolution               :  Nearest Common Node
  Enable Input Delay Default Clock           :  No
  Enable Preset / Clear Arcs                 :  No
  Disable Flight Delays                      :  No
  Ignore I/O Paths                           :  No
  Timing Early Launch at Borrowing Latches   :  No
  Borrow Time for Max Delay Exceptions       :  Yes
  Merge Timing Exceptions                    :  Yes
  Inter-SLR Compensation                     :  Conservative

  Corner  Analyze    Analyze    
  Name    Max Paths  Min Paths  
  ------  ---------  ---------  
  Slow    Yes        Yes        
  Fast    Yes        Yes        


------------------------------------------------------------------------------------------------
| Report Methodology
| ------------------
------------------------------------------------------------------------------------------------

No report available as report_methodology has not been run prior. Run report_methodology on the current design for the summary of methodology violations.



check_timing report

Table of Contents
-----------------
1. checking no_clock (0)
2. checking constant_clock (0)
3. checking pulse_width_clock (0)
4. checking unconstrained_internal_endpoints (0)
5. checking no_input_delay (2)
6. checking no_output_delay (7)
7. checking multiple_clock (0)
8. checking generated_clocks (0)
9. checking loops (0)
10. checking partial_input_delay (0)
11. checking partial_output_delay (0)
12. checking latch_loops (0)

1. checking no_clock (0)
------------------------
 There are 0 register/latch pins with no clock.


2. checking constant_clock (0)
------------------------------
 There are 0 register/latch pins with constant_clock.


3. checking pulse_width_clock (0)
---------------------------------
 There are 0 register/latch pins which need pulse_width check


4. checking unconstrained_internal_endpoints (0)
------------------------------------------------
 There are 0 pins that are not constrained for maximum delay.

 There are 0 pins that are not constrained for maximum delay due to constant clock.


5. checking no_input_delay (2)
------------------------------
 There are 2 input ports with no input delay specified. (HIGH)

 There are 0 input ports with no input delay but user has a false path constraint.


6. checking no_output_delay (7)
-------------------------------
 There are 7 ports with no output delay specified. (HIGH)

 There are 0 ports with no output delay but user has a false path constraint

 There are 0 ports with no output delay but with a timing clock defined on it or propagating through it


7. checking multiple_clock (0)
------------------------------
 There are 0 register/latch pins with multiple clocks.


8. checking generated_clocks (0)
--------------------------------
 There are 0 generated clocks that are not connected to a clock source.


9. checking loops (0)
---------------------
 There are 0 combinational loops in the design.


10. checking partial_input_delay (0)
------------------------------------
 There are 0 input ports with partial input delay specified.


11. checking partial_output_delay (0)
-------------------------------------
 There are 0 ports with partial output delay specified.


12. checking latch_loops (0)
----------------------------
 There are 0 combinational latch loops in the design through latch input



------------------------------------------------------------------------------------------------
| Design Timing Summary
| ---------------------
------------------------------------------------------------------------------------------------

    WNS(ns)      TNS(ns)  TNS Failing Endpoints  TNS Total Endpoints      WHS(ns)      THS(ns)  THS Failing Endpoints  THS Total Endpoints     WPWS(ns)     TPWS(ns)  TPWS Failing Endpoints  TPWS Total Endpoints  
    -------      -------  ---------------------  -------------------      -------      -------  ---------------------  -------------------     --------     --------  ----------------------  --------------------  
      0.381        0.000                      0                46890        0.010        0.000                      0                46890        1.134        0.000                       0                 22217  


All user specified timing constraints are met.


------------------------------------------------------------------------------------------------
| Clock Summary
| -------------
------------------------------------------------------------------------------------------------

Clock   Waveform(ns)         Period(ns)      Frequency(MHz)
-----   ------------         ----------      --------------
ap_clk  {0.000 1.666}        3.333           300.030         


------------------------------------------------------------------------------------------------
| Intra Clock Table
| -----------------
------------------------------------------------------------------------------------------------

Clock             WNS(ns)      TNS(ns)  TNS Failing Endpoints  TNS Total Endpoints      WHS(ns)      THS(ns)  THS Failing Endpoints  THS Total Endpoints     WPWS(ns)     TPWS(ns)  TPWS Failing Endpoints  TPWS Total Endpoints  
-----             -------      -------  ---------------------  -------------------      -------      -------  ---------------------  -------------------     --------     --------  ----------------------  --------------------  
ap_clk              0.381        0.000                      0                46890        0.010        0.000                      0                46890        1.134        0.000                       0                 22217  


------------------------------------------------------------------------------------------------
| Inter Clock Table
| -----------------
------------------------------------------------------------------------------------------------

From Clock    To Clock          WNS(ns)      TNS(ns)  TNS Failing Endpoints  TNS Total Endpoints      WHS(ns)      THS(ns)  THS Failing Endpoints  THS Total Endpoints  
----------    --------          -------      -------  ---------------------  -------------------      -------      -------  ---------------------  -------------------  


------------------------------------------------------------------------------------------------
| Other Path Groups Table
| -----------------------
------------------------------------------------------------------------------------------------

Path Group    From Clock    To Clock          WNS(ns)      TNS(ns)  TNS Failing Endpoints  TNS Total Endpoints      WHS(ns)      THS(ns)  THS Failing Endpoints  THS Total Endpoints  
----------    ----------    --------          -------      -------  ---------------------  -------------------      -------      -------  ---------------------  -------------------  


------------------------------------------------------------------------------------------------
| Timing Details
| --------------
------------------------------------------------------------------------------------------------


---------------------------------------------------------------------------------------------------
From Clock:  ap_clk
  To Clock:  ap_clk

Setup :            0  Failing Endpoints,  Worst Slack        0.381ns,  Total Violation        0.000ns
Hold  :            0  Failing Endpoints,  Worst Slack        0.010ns,  Total Violation        0.000ns
PW    :            0  Failing Endpoints,  Worst Slack        1.134ns,  Total Violation        0.000ns
---------------------------------------------------------------------------------------------------


Max Delay Paths
--------------------------------------------------------------------------------------
Slack (MET) :             0.381ns  (required time - arrival time)
  Source:                 dut/g_pe_a_out_a_in[252].u/bare.q0_reg[2]/C
                            (rising edge-triggered cell FDRE clocked by ap_clk  {rise@0.000ns fall@1.666ns period=3.333ns})
  Destination:            dut/g_lane_k1n1_z_in_bind[12].u/slice.q0_reg[29]/D
                            (rising edge-triggered cell FDRE clocked by ap_clk  {rise@0.000ns fall@1.666ns period=3.333ns})
  Path Group:             ap_clk
  Path Type:              Setup (Max at Slow Process Corner)
  Requirement:            3.333ns  (ap_clk rise@3.333ns - ap_clk rise@0.000ns)
  Data Path Delay:        2.913ns  (logic 1.136ns (38.992%)  route 1.777ns (61.008%))
  Logic Levels:           11  (CARRY8=6 LUT2=2 LUT3=1 LUT6=2)
  Clock Path Skew:        -0.028ns (DCD - SCD + CPR)
    Destination Clock Delay (DCD):    3.147ns = ( 6.480 - 3.333 ) 
    Source Clock Delay      (SCD):    3.721ns
    Clock Pessimism Removal (CPR):    0.546ns
  Clock Uncertainty:      0.035ns  ((TSJ^2 + TIJ^2)^1/2 + DJ) / 2 + PE
    Total System Jitter     (TSJ):    0.071ns
    Total Input Jitter      (TIJ):    0.000ns
    Discrete Jitter          (DJ):    0.000ns
    Phase Error              (PE):    0.000ns
  Clock Net Delay (Source):      2.734ns (routing 1.650ns, distribution 1.084ns)
  Clock Net Delay (Destination): 2.452ns (routing 1.502ns, distribution 0.950ns)

    Location             Delay type                Incr(ns)  Path(ns)    Netlist Resource(s)
  -------------------------------------------------------------------    -------------------
                         (clock ap_clk rise edge)     0.000     0.000 r  
    BH26                                              0.000     0.000 r  ap_clk (IN)
                         net (fo=0)                   0.000     0.000    ap_clk_IBUF_inst/I
    BH26                 INBUF (Prop_INBUF_HPIOB_M_PAD_O)
                                                      0.636     0.636 r  ap_clk_IBUF_inst/INBUF_INST/O
                         net (fo=1, routed)           0.000     0.636    ap_clk_IBUF_inst/OUT
    BH26                 IBUFCTRL (Prop_IBUFCTRL_HPIOB_M_I_O)
                                                      0.000     0.636 r  ap_clk_IBUF_inst/IBUFCTRL_INST/O
                         net (fo=1, routed)           0.323     0.959    ap_clk_IBUF
    BUFGCE_X0Y72         BUFGCE (Prop_BUFCE_BUFGCE_I_O)
                                                      0.028     0.987 r  ap_clk_IBUF_BUFG_inst/O
    X1Y1 (CLOCK_ROOT)    net (fo=22216, routed)       2.734     3.721    dut/g_pe_a_out_a_in[252].u/ap_clk_IBUF_BUFG
    SLICE_X54Y161        FDRE                                         r  dut/g_pe_a_out_a_in[252].u/bare.q0_reg[2]/C
  -------------------------------------------------------------------    -------------------
    SLICE_X54Y161        FDRE (Prop_FFF2_SLICEL_C_Q)
                                                      0.081     3.802 f  dut/g_pe_a_out_a_in[252].u/bare.q0_reg[2]/Q
                         net (fo=17, routed)          0.348     4.149    dut/g_pe_a_out_a_in[252].u/Q[2]
    SLICE_X56Y162        LUT2 (Prop_H5LUT_SLICEM_I0_O)
                                                      0.096     4.245 r  dut/g_pe_a_out_a_in[252].u/tmp_product__30_carry_i_19__125/O
                         net (fo=1, routed)           0.281     4.526    dut/u_pe_r1_15_12/u/mul_8s_8s_16_1_1_U1/tmp_product__30_carry_0
    SLICE_X56Y163        LUT6 (Prop_E6LUT_SLICEM_I3_O)
                                                      0.037     4.563 r  dut/u_pe_r1_15_12/u/mul_8s_8s_16_1_1_U1/tmp_product__30_carry_i_11__125/O
                         net (fo=1, routed)           0.014     4.577    dut/u_pe_r1_15_12/u/mul_8s_8s_16_1_1_U1/tmp_product__30_carry_i_11__125_n_0
    SLICE_X56Y163        CARRY8 (Prop_CARRY8_SLICEM_S[4]_O[7])
                                                      0.137     4.714 r  dut/u_pe_r1_15_12/u/mul_8s_8s_16_1_1_U1/tmp_product__30_carry/O[7]
                         net (fo=3, routed)           0.394     5.108    dut/u_pe_r1_15_12/u/mul_8s_8s_16_1_1_U1/tmp_product__30_carry_n_8
    SLICE_X53Y162        LUT6 (Prop_G6LUT_SLICEM_I3_O)
                                                      0.150     5.258 r  dut/u_pe_r1_15_12/u/mul_8s_8s_16_1_1_U1/tmp_product__85_carry_i_10__125/O
                         net (fo=1, routed)           0.016     5.274    dut/u_pe_r1_15_12/u/mul_8s_8s_16_1_1_U1/tmp_product__85_carry_i_10__125_n_0
    SLICE_X53Y162        CARRY8 (Prop_CARRY8_SLICEM_S[6]_CO[7])
                                                      0.117     5.391 r  dut/u_pe_r1_15_12/u/mul_8s_8s_16_1_1_U1/tmp_product__85_carry/CO[7]
                         net (fo=1, routed)           0.026     5.417    dut/u_pe_r1_15_12/u/mul_8s_8s_16_1_1_U1/tmp_product__85_carry_n_0
    SLICE_X53Y163        CARRY8 (Prop_CARRY8_SLICEM_CI_O[1])
                                                      0.076     5.493 r  dut/u_pe_r1_15_12/u/mul_8s_8s_16_1_1_U1/tmp_product__85_carry__0/O[1]
                         net (fo=1, routed)           0.308     5.801    dut/g_pe_p_out_p_in[252].u/sext_ln47_fu_212_p1[12]
    SLICE_X55Y162        LUT2 (Prop_F6LUT_SLICEL_I1_O)
                                                      0.097     5.898 r  dut/g_pe_p_out_p_in[252].u/v3_din_carry__0_i_3__125/O
                         net (fo=1, routed)           0.011     5.909    dut/u_pe_r1_15_12/u/slice.q1_reg[15][5]
    SLICE_X55Y162        CARRY8 (Prop_CARRY8_SLICEL_S[5]_CO[7])
                                                      0.155     6.064 r  dut/u_pe_r1_15_12/u/v3_din_carry__0/CO[7]
                         net (fo=1, routed)           0.026     6.090    dut/u_pe_r1_15_12/u/v3_din_carry__0_n_0
    SLICE_X55Y163        CARRY8 (Prop_CARRY8_SLICEL_CI_CO[7])
                                                      0.015     6.105 r  dut/u_pe_r1_15_12/u/v3_din_carry__1/CO[7]
                         net (fo=1, routed)           0.026     6.131    dut/u_pe_r1_15_12/u/v3_din_carry__1_n_0
    SLICE_X55Y164        CARRY8 (Prop_CARRY8_SLICEL_CI_O[5])
                                                      0.123     6.254 r  dut/u_pe_r1_15_12/u/v3_din_carry__2/O[5]
                         net (fo=2, routed)           0.269     6.523    dut/g_lane_k1n1_z_in_bind[12].u/p_out_din[29]
    SLICE_X53Y164        LUT3 (Prop_G6LUT_SLICEM_I1_O)
                                                      0.052     6.575 r  dut/g_lane_k1n1_z_in_bind[12].u/slice.q0[29]_i_1__11/O
                         net (fo=1, routed)           0.059     6.634    dut/g_lane_k1n1_z_in_bind[12].u/slice.q0[29]_i_1__11_n_0
    SLICE_X53Y164        FDRE                                         r  dut/g_lane_k1n1_z_in_bind[12].u/slice.q0_reg[29]/D
  -------------------------------------------------------------------    -------------------

                         (clock ap_clk rise edge)     3.333     3.333 r  
    BH26                                              0.000     3.333 r  ap_clk (IN)
                         net (fo=0)                   0.000     3.333    ap_clk_IBUF_inst/I
    BH26                 INBUF (Prop_INBUF_HPIOB_M_PAD_O)
                                                      0.385     3.718 r  ap_clk_IBUF_inst/INBUF_INST/O
                         net (fo=1, routed)           0.000     3.718    ap_clk_IBUF_inst/OUT
    BH26                 IBUFCTRL (Prop_IBUFCTRL_HPIOB_M_I_O)
                                                      0.000     3.718 r  ap_clk_IBUF_inst/IBUFCTRL_INST/O
                         net (fo=1, routed)           0.286     4.004    ap_clk_IBUF
    BUFGCE_X0Y72         BUFGCE (Prop_BUFCE_BUFGCE_I_O)
                                                      0.024     4.028 r  ap_clk_IBUF_BUFG_inst/O
    X1Y1 (CLOCK_ROOT)    net (fo=22216, routed)       2.452     6.480    dut/g_lane_k1n1_z_in_bind[12].u/ap_clk_IBUF_BUFG
    SLICE_X53Y164        FDRE                                         r  dut/g_lane_k1n1_z_in_bind[12].u/slice.q0_reg[29]/C
                         clock pessimism              0.546     7.026    
                         clock uncertainty           -0.035     6.990    
    SLICE_X53Y164        FDRE (Setup_GFF_SLICEM_C_D)
                                                      0.025     7.015    dut/g_lane_k1n1_z_in_bind[12].u/slice.q0_reg[29]
  -------------------------------------------------------------------
                         required time                          7.015    
                         arrival time                          -6.634    
  -------------------------------------------------------------------
                         slack                                  0.381    





Min Delay Paths
--------------------------------------------------------------------------------------
Slack (MET) :             0.010ns  (arrival time - required time)
  Source:                 dut/u_pe_r0_4_7/u/v25_fu_82_reg[5]/C
                            (rising edge-triggered cell FDRE clocked by ap_clk  {rise@0.000ns fall@1.666ns period=3.333ns})
  Destination:            dut/g_pe_w_out_w_in[72].u/bare.q0_reg[5]/D
                            (rising edge-triggered cell FDRE clocked by ap_clk  {rise@0.000ns fall@1.666ns period=3.333ns})
  Path Group:             ap_clk
  Path Type:              Hold (Min at Slow Process Corner)
  Requirement:            0.000ns  (ap_clk rise@0.000ns - ap_clk rise@0.000ns)
  Data Path Delay:        0.186ns  (logic 0.057ns (30.645%)  route 0.129ns (69.355%))
  Logic Levels:           0  
  Clock Path Skew:        0.114ns (DCD - SCD - CPR)
    Destination Clock Delay (DCD):    3.874ns
    Source Clock Delay      (SCD):    3.257ns
    Clock Pessimism Removal (CPR):    0.502ns
  Clock Net Delay (Source):      2.563ns (routing 1.502ns, distribution 1.061ns)
  Clock Net Delay (Destination): 2.887ns (routing 1.650ns, distribution 1.237ns)

    Location             Delay type                Incr(ns)  Path(ns)    Netlist Resource(s)
  -------------------------------------------------------------------    -------------------
                         (clock ap_clk rise edge)     0.000     0.000 r  
    BH26                                              0.000     0.000 r  ap_clk (IN)
                         net (fo=0)                   0.000     0.000    ap_clk_IBUF_inst/I
    BH26                 INBUF (Prop_INBUF_HPIOB_M_PAD_O)
                                                      0.385     0.385 r  ap_clk_IBUF_inst/INBUF_INST/O
                         net (fo=1, routed)           0.000     0.385    ap_clk_IBUF_inst/OUT
    BH26                 IBUFCTRL (Prop_IBUFCTRL_HPIOB_M_I_O)
                                                      0.000     0.385 r  ap_clk_IBUF_inst/IBUFCTRL_INST/O
                         net (fo=1, routed)           0.286     0.671    ap_clk_IBUF
    BUFGCE_X0Y72         BUFGCE (Prop_BUFCE_BUFGCE_I_O)
                                                      0.024     0.695 r  ap_clk_IBUF_BUFG_inst/O
    X1Y1 (CLOCK_ROOT)    net (fo=22216, routed)       2.563     3.257    dut/u_pe_r0_4_7/u/ap_clk_IBUF_BUFG
    SLICE_X76Y120        FDRE                                         r  dut/u_pe_r0_4_7/u/v25_fu_82_reg[5]/C
  -------------------------------------------------------------------    -------------------
    SLICE_X76Y120        FDRE (Prop_FFF_SLICEM_C_Q)
                                                      0.057     3.314 r  dut/u_pe_r0_4_7/u/v25_fu_82_reg[5]/Q
                         net (fo=1, routed)           0.129     3.443    dut/g_pe_w_out_w_in[72].u/bare.q0_reg[7]_0[5]
    SLICE_X79Y121        FDRE                                         r  dut/g_pe_w_out_w_in[72].u/bare.q0_reg[5]/D
  -------------------------------------------------------------------    -------------------

                         (clock ap_clk rise edge)     0.000     0.000 r  
    BH26                                              0.000     0.000 r  ap_clk (IN)
                         net (fo=0)                   0.000     0.000    ap_clk_IBUF_inst/I
    BH26                 INBUF (Prop_INBUF_HPIOB_M_PAD_O)
                                                      0.636     0.636 r  ap_clk_IBUF_inst/INBUF_INST/O
                         net (fo=1, routed)           0.000     0.636    ap_clk_IBUF_inst/OUT
    BH26                 IBUFCTRL (Prop_IBUFCTRL_HPIOB_M_I_O)
                                                      0.000     0.636 r  ap_clk_IBUF_inst/IBUFCTRL_INST/O
                         net (fo=1, routed)           0.323     0.959    ap_clk_IBUF
    BUFGCE_X0Y72         BUFGCE (Prop_BUFCE_BUFGCE_I_O)
                                                      0.028     0.987 r  ap_clk_IBUF_BUFG_inst/O
    X1Y1 (CLOCK_ROOT)    net (fo=22216, routed)       2.887     3.874    dut/g_pe_w_out_w_in[72].u/ap_clk_IBUF_BUFG
    SLICE_X79Y121        FDRE                                         r  dut/g_pe_w_out_w_in[72].u/bare.q0_reg[5]/C
                         clock pessimism             -0.502     3.372    
    SLICE_X79Y121        FDRE (Hold_FFF2_SLICEL_C_D)
                                                      0.062     3.434    dut/g_pe_w_out_w_in[72].u/bare.q0_reg[5]
  -------------------------------------------------------------------
                         required time                         -3.434    
                         arrival time                           3.443    
  -------------------------------------------------------------------
                         slack                                  0.010    





Pulse Width Checks
--------------------------------------------------------------------------------------
Clock Name:         ap_clk
Waveform(ns):       { 0.000 1.666 }
Period(ns):         3.333
Sources:            { ap_clk }

Check Type        Corner  Lib Pin     Reference Pin  Required(ns)  Actual(ns)  Slack(ns)  Location      Pin
Min Period        n/a     BUFGCE/I    n/a            1.290         3.333       2.043      BUFGCE_X0Y72  ap_clk_IBUF_BUFG_inst/I
Low Pulse Width   Slow    SRL16E/CLK  n/a            0.532         1.667       1.135      SLICE_X85Y69  gen_pe_a_in_bind[0].lf_pe_a_in_bind_reg[19]_srl12___gen_pe_a_in_bind_r_10/CLK
High Pulse Width  Slow    SRL16E/CLK  n/a            0.532         1.666       1.134      SLICE_X85Y69  gen_pe_a_in_bind[0].lf_pe_a_in_bind_reg[19]_srl12___gen_pe_a_in_bind_r_10/CLK



