

================================================================
== Vitis HLS Report for 'deal8_r0_0'
================================================================
* Date:           Fri Oct  2 03:50:38 2026

* Version:        2023.2 (Build 4023990 on Oct 11 2023)
* Project:        prj
* Solution:       sol (Vivado IP Flow Target)
* Product family: virtexuplusHBM
* Target device:  xcu280-fsvh2892-2L-e


================================================================
== Performance Estimates
================================================================
+ Timing: 
    * Summary: 
    +--------+---------+----------+------------+
    |  Clock |  Target | Estimated| Uncertainty|
    +--------+---------+----------+------------+
    |ap_clk  |  3.33 ns|  2.935 ns|     0.90 ns|
    +--------+---------+----------+------------+

+ Latency: 
    * Summary: 
    +---------+---------+----------+----------+-----+-----+---------+
    |  Latency (cycles) |  Latency (absolute) |  Interval | Pipeline|
    |   min   |   max   |    min   |    max   | min | max |   Type  |
    +---------+---------+----------+----------+-----+-----+---------+
    |        ?|        ?|         ?|         ?|    ?|    ?|       no|
    +---------+---------+----------+----------+-----+-----+---------+

    + Detail: 
        * Instance: 
        N/A

        * Loop: 
        +-------------------+---------+---------+----------+-----------+-----------+------+----------+
        |                   |  Latency (cycles) | Iteration|  Initiation Interval  | Trip |          |
        |     Loop Name     |   min   |   max   |  Latency |  achieved |   target  | Count| Pipelined|
        +-------------------+---------+---------+----------+-----------+-----------+------+----------+
        |- VITIS_LOOP_41_1  |        ?|        ?|         2|          1|          1|     ?|  yes(flp)|
        +-------------------+---------+---------+----------+-----------+-----------+------+----------+



================================================================
== Utilization Estimates
================================================================
* Summary: 
+---------------------+---------+------+---------+---------+-----+
|         Name        | BRAM_18K|  DSP |    FF   |   LUT   | URAM|
+---------------------+---------+------+---------+---------+-----+
|DSP                  |        -|     -|        -|        -|    -|
|Expression           |        -|     -|        0|      178|    -|
|FIFO                 |        -|     -|        -|        -|    -|
|Instance             |        -|     -|        -|        -|    -|
|Memory               |        -|     -|        -|        -|    -|
|Multiplexer          |        -|     -|        -|      257|    -|
|Register             |        -|     -|       73|        -|    -|
+---------------------+---------+------+---------+---------+-----+
|Total                |        0|     0|       73|      435|    0|
+---------------------+---------+------+---------+---------+-----+
|Available SLR        |     1344|  3008|   869120|   434560|  320|
+---------------------+---------+------+---------+---------+-----+
|Utilization SLR (%)  |        0|     0|       ~0|       ~0|    0|
+---------------------+---------+------+---------+---------+-----+
|Available            |     4032|  9024|  2607360|  1303680|  960|
+---------------------+---------+------+---------+---------+-----+
|Utilization (%)      |        0|     0|       ~0|       ~0|    0|
+---------------------+---------+------+---------+---------+-----+

+ Detail: 
    * Instance: 
    N/A

    * DSP: 
    N/A

    * Memory: 
    N/A

    * FIFO: 
    N/A

    * Expression: 
    +----------------------------------+----------+----+---+----+------------+------------+
    |           Variable Name          | Operation| DSP| FF| LUT| Bitwidth P0| Bitwidth P1|
    +----------------------------------+----------+----+---+----+------------+------------+
    |n_fu_353_p2                       |         +|   0|  0|  23|          16|           2|
    |ap_condition_131                  |       and|   0|  0|   2|           1|           1|
    |ap_condition_35                   |       and|   0|  0|   2|           1|           1|
    |ap_predicate_op62_read_state1     |       and|   0|  0|   2|           1|           1|
    |ap_predicate_op74_read_state2     |       and|   0|  0|   2|           1|           1|
    |ap_predicate_op77_write_state2    |       and|   0|  0|   2|           1|           1|
    |ap_predicate_op79_write_state2    |       and|   0|  0|   2|           1|           1|
    |ap_predicate_op81_write_state2    |       and|   0|  0|   2|           1|           1|
    |ap_predicate_op83_write_state2    |       and|   0|  0|   2|           1|           1|
    |islast_fu_345_p2                  |      icmp|   0|  0|  23|          16|           2|
    |v113_fu_259_p2                    |      icmp|   0|  0|  39|          32|           2|
    |v19_fu_253_p2                     |      icmp|   0|  0|  39|          32|           1|
    |ap_block_state1_pp0_stage0_iter0  |        or|   0|  0|   2|           1|           1|
    |ap_block_state2_pp0_stage0_iter1  |        or|   0|  0|   2|           1|           1|
    |st_4_fu_268_p3                    |    select|   0|  0|  32|           1|          32|
    |go_fu_364_p2                      |       xor|   0|  0|   2|           1|           2|
    +----------------------------------+----------+----+---+----+------------+------------+
    |Total                             |          |   0|  0| 178|         108|          51|
    +----------------------------------+----------+----+---+----+------------+------------+

    * Multiplexer: 
    +------------------------------------------+----+-----------+-----+-----------+
    |                   Name                   | LUT| Input Size| Bits| Total Bits|
    +------------------------------------------+----+-----------+-----+-----------+
    |ap_NS_iter1_fsm                           |  14|          3|    2|          6|
    |ap_phi_mux_go_2_phi_fu_144_p4             |  14|          3|    1|          3|
    |ap_phi_mux_go_4_ph_phi_fu_175_p8          |  14|          3|    1|          3|
    |ap_phi_mux_islast_2_phi_fu_133_p4         |  14|          3|    1|          3|
    |ap_phi_mux_islast_5_ph_phi_fu_157_p8      |   9|          2|    1|          2|
    |ap_phi_reg_pp0_iter1_go_4_ph_reg_170      |   9|          2|    1|          2|
    |ap_phi_reg_pp0_iter1_islast_5_ph_reg_152  |   9|          2|    1|          2|
    |ap_sig_allocacmp_kind_3                   |   9|          2|    2|          4|
    |ap_sig_allocacmp_last                     |   9|          2|    1|          2|
    |ap_sig_allocacmp_st_3                     |   9|          2|   32|         64|
    |ap_sig_allocacmp_v116_load                |   9|          2|    1|          2|
    |go_2_reg_141                              |   9|          2|    1|          2|
    |islast_2_reg_130                          |   9|          2|    1|          2|
    |kind_fu_70                                |  14|          3|    2|          6|
    |st_fu_82                                  |  14|          3|   32|         96|
    |v0_blk_n                                  |   9|          2|    1|          2|
    |v116_fu_78                                |   9|          2|    1|          2|
    |v133_fu_74                                |   9|          2|    1|          2|
    |v1_blk_n                                  |   9|          2|    1|          2|
    |v2_blk_n                                  |   9|          2|    1|          2|
    |v3_blk_n                                  |   9|          2|    1|          2|
    |v43_fu_66                                 |  20|          4|   16|         64|
    |v4_blk_n                                  |   9|          2|    1|          2|
    |v5_blk_n                                  |   9|          2|    1|          2|
    +------------------------------------------+----+-----------+-----+-----------+
    |Total                                     | 257|         56|  104|        279|
    +------------------------------------------+----+-----------+-----+-----------+

    * Register: 
    +------------------------------------------+----+----+-----+-----------+
    |                   Name                   | FF | LUT| Bits| Const Bits|
    +------------------------------------------+----+----+-----+-----------+
    |ap_CS_iter0_fsm                           |   1|   0|    1|          0|
    |ap_CS_iter1_fsm                           |   2|   0|    2|          0|
    |ap_phi_reg_pp0_iter1_go_4_ph_reg_170      |   1|   0|    1|          0|
    |ap_phi_reg_pp0_iter1_islast_5_ph_reg_152  |   1|   0|    1|          0|
    |go_2_reg_141                              |   1|   0|    1|          0|
    |islast_2_reg_130                          |   1|   0|    1|          0|
    |kind_3_reg_437                            |   2|   0|   32|         30|
    |kind_fu_70                                |   2|   0|   32|         30|
    |last_reg_441                              |   1|   0|    1|          0|
    |reg_215                                   |   8|   0|    8|          0|
    |st_fu_82                                  |  32|   0|   32|          0|
    |v113_reg_450                              |   1|   0|    1|          0|
    |v116_fu_78                                |   1|   0|    1|          0|
    |v116_load_reg_454                         |   1|   0|    1|          0|
    |v133_fu_74                                |   1|   0|    1|          0|
    |v19_reg_446                               |   1|   0|    1|          0|
    |v43_fu_66                                 |  16|   0|   16|          0|
    +------------------------------------------+----+----+-----+-----------+
    |Total                                     |  73|   0|  133|         60|
    +------------------------------------------+----+----+-----+-----------+



================================================================
== Interface
================================================================
* Summary: 
+------------+-----+-----+--------------+--------------+--------------+
|  RTL Ports | Dir | Bits|   Protocol   | Source Object|    C Type    |
+------------+-----+-----+--------------+--------------+--------------+
|ap_clk      |   in|    1|  ap_ctrl_none|    deal8_r0_0|  return value|
|ap_rst      |   in|    1|  ap_ctrl_none|    deal8_r0_0|  return value|
|v4_dout     |   in|   32|       ap_fifo|            v4|       pointer|
|v4_empty_n  |   in|    1|       ap_fifo|            v4|       pointer|
|v4_read     |  out|    1|       ap_fifo|            v4|       pointer|
|v3_dout     |   in|   64|       ap_fifo|            v3|       pointer|
|v3_empty_n  |   in|    1|       ap_fifo|            v3|       pointer|
|v3_read     |  out|    1|       ap_fifo|            v3|       pointer|
|v1_din      |  out|   64|       ap_fifo|            v1|       pointer|
|v1_full_n   |   in|    1|       ap_fifo|            v1|       pointer|
|v1_write    |  out|    1|       ap_fifo|            v1|       pointer|
|v2_din      |  out|   64|       ap_fifo|            v2|       pointer|
|v2_full_n   |   in|    1|       ap_fifo|            v2|       pointer|
|v2_write    |  out|    1|       ap_fifo|            v2|       pointer|
|v5_din      |  out|   64|       ap_fifo|            v5|       pointer|
|v5_full_n   |   in|    1|       ap_fifo|            v5|       pointer|
|v5_write    |  out|    1|       ap_fifo|            v5|       pointer|
|v0_din      |  out|   64|       ap_fifo|            v0|       pointer|
|v0_full_n   |   in|    1|       ap_fifo|            v0|       pointer|
|v0_write    |  out|    1|       ap_fifo|            v0|       pointer|
+------------+-----+-----+--------------+--------------+--------------+

