Copyright 1986-2022 Xilinx, Inc. All Rights Reserved. Copyright 2022-2023 Advanced Micro Devices, Inc. All Rights Reserved.
--------------------------------------------------------------------------------------------------------------------------------------------------
| Tool Version      : Vivado v.2023.2 (lin64) Build 4029153 Fri Oct 13 20:13:54 MDT 2023
| Date              : Fri Oct  2 04:02:06 2026
| Host              : brg-zhang-xcel.ece.cornell.edu running 64-bit Red Hat Enterprise Linux 9.8 (Plow)
| Command           : report_timing_summary -file timing.rpt
| Design            : spmw_harness
| Device            : xcu280-fsvh2892
| Speed File        : -2L  PRODUCTION 1.30 05-01-2022
| Design State      : Routed
| Temperature Grade : E
--------------------------------------------------------------------------------------------------------------------------------------------------

Timing Summary Report

------------------------------------------------------------------------------------------------
| Timer Settings
| --------------
------------------------------------------------------------------------------------------------

  Enable Multi Corner Analysis               :  Yes
  Enable Pessimism Removal                   :  Yes
  Pessimism Removal Resolution               :  Nearest Common Node
  Enable Input Delay Default Clock           :  No
  Enable Preset / Clear Arcs                 :  No
  Disable Flight Delays                      :  No
  Ignore I/O Paths                           :  No
  Timing Early Launch at Borrowing Latches   :  No
  Borrow Time for Max Delay Exceptions       :  Yes
  Merge Timing Exceptions                    :  Yes
  Inter-SLR Compensation                     :  Conservative

  Corner  Analyze    Analyze    
  Name    Max Paths  Min Paths  
  ------  ---------  ---------  
  Slow    Yes        Yes        
  Fast    Yes        Yes        


------------------------------------------------------------------------------------------------
| Report Methodology
| ------------------
------------------------------------------------------------------------------------------------

No report available as report_methodology has not been run prior. Run report_methodology on the current design for the summary of methodology violations.



check_timing report

Table of Contents
-----------------
1. checking no_clock (0)
2. checking constant_clock (0)
3. checking pulse_width_clock (0)
4. checking unconstrained_internal_endpoints (0)
5. checking no_input_delay (2)
6. checking no_output_delay (32)
7. checking multiple_clock (0)
8. checking generated_clocks (0)
9. checking loops (0)
10. checking partial_input_delay (0)
11. checking partial_output_delay (0)
12. checking latch_loops (0)

1. checking no_clock (0)
------------------------
 There are 0 register/latch pins with no clock.


2. checking constant_clock (0)
------------------------------
 There are 0 register/latch pins with constant_clock.


3. checking pulse_width_clock (0)
---------------------------------
 There are 0 register/latch pins which need pulse_width check


4. checking unconstrained_internal_endpoints (0)
------------------------------------------------
 There are 0 pins that are not constrained for maximum delay.

 There are 0 pins that are not constrained for maximum delay due to constant clock.


5. checking no_input_delay (2)
------------------------------
 There are 2 input ports with no input delay specified. (HIGH)

 There are 0 input ports with no input delay but user has a false path constraint.


6. checking no_output_delay (32)
--------------------------------
 There are 32 ports with no output delay specified. (HIGH)

 There are 0 ports with no output delay but user has a false path constraint

 There are 0 ports with no output delay but with a timing clock defined on it or propagating through it


7. checking multiple_clock (0)
------------------------------
 There are 0 register/latch pins with multiple clocks.


8. checking generated_clocks (0)
--------------------------------
 There are 0 generated clocks that are not connected to a clock source.


9. checking loops (0)
---------------------
 There are 0 combinational loops in the design.


10. checking partial_input_delay (0)
------------------------------------
 There are 0 input ports with partial input delay specified.


11. checking partial_output_delay (0)
-------------------------------------
 There are 0 ports with partial output delay specified.


12. checking latch_loops (0)
----------------------------
 There are 0 combinational latch loops in the design through latch input



------------------------------------------------------------------------------------------------
| Design Timing Summary
| ---------------------
------------------------------------------------------------------------------------------------

    WNS(ns)      TNS(ns)  TNS Failing Endpoints  TNS Total Endpoints      WHS(ns)      THS(ns)  THS Failing Endpoints  THS Total Endpoints     WPWS(ns)     TPWS(ns)  TPWS Failing Endpoints  TPWS Total Endpoints  
    -------      -------  ---------------------  -------------------      -------      -------  ---------------------  -------------------     --------     --------  ----------------------  --------------------  
      0.358        0.000                      0                28514        0.010        0.000                      0                28514        1.124        0.000                       0                 12250  


All user specified timing constraints are met.


------------------------------------------------------------------------------------------------
| Clock Summary
| -------------
------------------------------------------------------------------------------------------------

Clock   Waveform(ns)         Period(ns)      Frequency(MHz)
-----   ------------         ----------      --------------
ap_clk  {0.000 1.666}        3.333           300.030         


------------------------------------------------------------------------------------------------
| Intra Clock Table
| -----------------
------------------------------------------------------------------------------------------------

Clock             WNS(ns)      TNS(ns)  TNS Failing Endpoints  TNS Total Endpoints      WHS(ns)      THS(ns)  THS Failing Endpoints  THS Total Endpoints     WPWS(ns)     TPWS(ns)  TPWS Failing Endpoints  TPWS Total Endpoints  
-----             -------      -------  ---------------------  -------------------      -------      -------  ---------------------  -------------------     --------     --------  ----------------------  --------------------  
ap_clk              0.358        0.000                      0                28514        0.010        0.000                      0                28514        1.124        0.000                       0                 12250  


------------------------------------------------------------------------------------------------
| Inter Clock Table
| -----------------
------------------------------------------------------------------------------------------------

From Clock    To Clock          WNS(ns)      TNS(ns)  TNS Failing Endpoints  TNS Total Endpoints      WHS(ns)      THS(ns)  THS Failing Endpoints  THS Total Endpoints  
----------    --------          -------      -------  ---------------------  -------------------      -------      -------  ---------------------  -------------------  


------------------------------------------------------------------------------------------------
| Other Path Groups Table
| -----------------------
------------------------------------------------------------------------------------------------

Path Group    From Clock    To Clock          WNS(ns)      TNS(ns)  TNS Failing Endpoints  TNS Total Endpoints      WHS(ns)      THS(ns)  THS Failing Endpoints  THS Total Endpoints  
----------    ----------    --------          -------      -------  ---------------------  -------------------      -------      -------  ---------------------  -------------------  


------------------------------------------------------------------------------------------------
| Timing Details
| --------------
------------------------------------------------------------------------------------------------


---------------------------------------------------------------------------------------------------
From Clock:  ap_clk
  To Clock:  ap_clk

Setup :            0  Failing Endpoints,  Worst Slack        0.358ns,  Total Violation        0.000ns
Hold  :            0  Failing Endpoints,  Worst Slack        0.010ns,  Total Violation        0.000ns
PW    :            0  Failing Endpoints,  Worst Slack        1.124ns,  Total Violation        0.000ns
---------------------------------------------------------------------------------------------------


Max Delay Paths
--------------------------------------------------------------------------------------
Slack (MET) :             0.358ns  (required time - arrival time)
  Source:                 dut/u_pe_r4_4_0/u/v27_fu_82_reg[1]/C
                            (rising edge-triggered cell FDRE clocked by ap_clk  {rise@0.000ns fall@1.666ns period=3.333ns})
  Destination:            dut/g_pe_p_out_p_in[40].u/bare.q0_reg[27]/D
                            (rising edge-triggered cell FDRE clocked by ap_clk  {rise@0.000ns fall@1.666ns period=3.333ns})
  Path Group:             ap_clk
  Path Type:              Setup (Max at Slow Process Corner)
  Requirement:            3.333ns  (ap_clk rise@3.333ns - ap_clk rise@0.000ns)
  Data Path Delay:        2.725ns  (logic 1.239ns (45.466%)  route 1.486ns (54.534%))
  Logic Levels:           10  (CARRY8=5 LUT2=2 LUT3=1 LUT4=1 LUT6=1)
  Clock Path Skew:        -0.239ns (DCD - SCD + CPR)
    Destination Clock Delay (DCD):    1.708ns = ( 5.041 - 3.333 ) 
    Source Clock Delay      (SCD):    2.255ns
    Clock Pessimism Removal (CPR):    0.307ns
  Clock Uncertainty:      0.035ns  ((TSJ^2 + TIJ^2)^1/2 + DJ) / 2 + PE
    Total System Jitter     (TSJ):    0.071ns
    Total Input Jitter      (TIJ):    0.000ns
    Discrete Jitter          (DJ):    0.000ns
    Phase Error              (PE):    0.000ns
  Clock Net Delay (Source):      1.268ns (routing 0.170ns, distribution 1.098ns)
  Clock Net Delay (Destination): 1.014ns (routing 0.155ns, distribution 0.859ns)

    Location             Delay type                Incr(ns)  Path(ns)    Netlist Resource(s)
  -------------------------------------------------------------------    -------------------
                         (clock ap_clk rise edge)     0.000     0.000 r  
    BH26                                              0.000     0.000 r  ap_clk (IN)
                         net (fo=0)                   0.000     0.000    ap_clk_IBUF_inst/I
    BH26                 INBUF (Prop_INBUF_HPIOB_M_PAD_O)
                                                      0.636     0.636 r  ap_clk_IBUF_inst/INBUF_INST/O
                         net (fo=1, routed)           0.000     0.636    ap_clk_IBUF_inst/OUT
    BH26                 IBUFCTRL (Prop_IBUFCTRL_HPIOB_M_I_O)
                                                      0.000     0.636 r  ap_clk_IBUF_inst/IBUFCTRL_INST/O
                         net (fo=1, routed)           0.323     0.959    ap_clk_IBUF
    BUFGCE_X0Y72         BUFGCE (Prop_BUFCE_BUFGCE_I_O)
                                                      0.028     0.987 r  ap_clk_IBUF_BUFG_inst/O
    X4Y3 (CLOCK_ROOT)    net (fo=12249, routed)       1.268     2.255    dut/u_pe_r4_4_0/u/ap_clk_IBUF_BUFG
    SLICE_X116Y177       FDRE                                         r  dut/u_pe_r4_4_0/u/v27_fu_82_reg[1]/C
  -------------------------------------------------------------------    -------------------
    SLICE_X116Y177       FDRE (Prop_EFF2_SLICEL_C_Q)
                                                      0.081     2.336 f  dut/u_pe_r4_4_0/u/v27_fu_82_reg[1]/Q
                         net (fo=8, routed)           0.551     2.887    dut/u_pe_r4_4_0/u/flow_control_loop_pipe_no_ap_cont_U/v27_fu_82[1]
    SLICE_X117Y178       LUT2 (Prop_E6LUT_SLICEL_I1_O)
                                                      0.123     3.010 r  dut/u_pe_r4_4_0/u/flow_control_loop_pipe_no_ap_cont_U/tmp_product__0_carry_i_17__60/O
                         net (fo=10, routed)          0.132     3.142    dut/u_pe_r4_4_0/u/flow_control_loop_pipe_no_ap_cont_U/ap_loop_init_reg_5
    SLICE_X117Y178       LUT6 (Prop_G6LUT_SLICEL_I4_O)
                                                      0.149     3.291 r  dut/u_pe_r4_4_0/u/flow_control_loop_pipe_no_ap_cont_U/tmp_product__0_carry_i_5__60/O
                         net (fo=2, routed)           0.222     3.513    dut/u_pe_r4_4_0/u/mul_8s_8s_16_1_1_U1/DI[2]
    SLICE_X117Y177       CARRY8 (Prop_CARRY8_SLICEL_DI[3]_O[7])
                                                      0.180     3.693 r  dut/u_pe_r4_4_0/u/mul_8s_8s_16_1_1_U1/tmp_product__0_carry/O[7]
                         net (fo=2, routed)           0.130     3.823    dut/u_pe_r4_4_0/u/mul_8s_8s_16_1_1_U1/tmp_product__0_carry_n_8
    SLICE_X117Y178       LUT3 (Prop_D6LUT_SLICEL_I0_O)
                                                      0.099     3.922 r  dut/u_pe_r4_4_0/u/mul_8s_8s_16_1_1_U1/tmp_product__85_carry_i_4__60/O
                         net (fo=2, routed)           0.174     4.096    dut/u_pe_r4_4_0/u/mul_8s_8s_16_1_1_U1/tmp_product__85_carry_i_4__60_n_0
    SLICE_X117Y179       LUT4 (Prop_E6LUT_SLICEL_I0_O)
                                                      0.035     4.131 r  dut/u_pe_r4_4_0/u/mul_8s_8s_16_1_1_U1/tmp_product__85_carry_i_12__60/O
                         net (fo=1, routed)           0.007     4.138    dut/u_pe_r4_4_0/u/mul_8s_8s_16_1_1_U1/tmp_product__85_carry_i_12__60_n_0
    SLICE_X117Y179       CARRY8 (Prop_CARRY8_SLICEL_S[4]_CO[7])
                                                      0.153     4.291 r  dut/u_pe_r4_4_0/u/mul_8s_8s_16_1_1_U1/tmp_product__85_carry/CO[7]
                         net (fo=1, routed)           0.026     4.317    dut/u_pe_r4_4_0/u/mul_8s_8s_16_1_1_U1/tmp_product__85_carry_n_0
    SLICE_X117Y180       CARRY8 (Prop_CARRY8_SLICEL_CI_O[1])
                                                      0.076     4.393 r  dut/u_pe_r4_4_0/u/mul_8s_8s_16_1_1_U1/tmp_product__85_carry__0/O[1]
                         net (fo=1, routed)           0.171     4.564    dut/g_pe_p_out_p_in[32].u/sext_ln62_fu_181_p1[12]
    SLICE_X118Y179       LUT2 (Prop_F6LUT_SLICEM_I1_O)
                                                      0.098     4.662 r  dut/g_pe_p_out_p_in[32].u/v3_din_carry__0_i_3__45/O
                         net (fo=1, routed)           0.022     4.684    dut/u_pe_r4_4_0/u/bare.q0_reg[15][5]
    SLICE_X118Y179       CARRY8 (Prop_CARRY8_SLICEM_S[5]_CO[7])
                                                      0.159     4.843 r  dut/u_pe_r4_4_0/u/v3_din_carry__0/CO[7]
                         net (fo=1, routed)           0.026     4.869    dut/u_pe_r4_4_0/u/v3_din_carry__0_n_0
    SLICE_X118Y180       CARRY8 (Prop_CARRY8_SLICEM_CI_O[4])
                                                      0.086     4.955 r  dut/u_pe_r4_4_0/u/v3_din_carry__1/O[4]
                         net (fo=1, routed)           0.025     4.980    dut/g_pe_p_out_p_in[40].u/D[20]
    SLICE_X118Y180       FDRE                                         r  dut/g_pe_p_out_p_in[40].u/bare.q0_reg[27]/D
  -------------------------------------------------------------------    -------------------

                         (clock ap_clk rise edge)     3.333     3.333 r  
    BH26                                              0.000     3.333 r  ap_clk (IN)
                         net (fo=0)                   0.000     3.333    ap_clk_IBUF_inst/I
    BH26                 INBUF (Prop_INBUF_HPIOB_M_PAD_O)
                                                      0.385     3.718 r  ap_clk_IBUF_inst/INBUF_INST/O
                         net (fo=1, routed)           0.000     3.718    ap_clk_IBUF_inst/OUT
    BH26                 IBUFCTRL (Prop_IBUFCTRL_HPIOB_M_I_O)
                                                      0.000     3.718 r  ap_clk_IBUF_inst/IBUFCTRL_INST/O
                         net (fo=1, routed)           0.286     4.004    ap_clk_IBUF
    BUFGCE_X0Y72         BUFGCE (Prop_BUFCE_BUFGCE_I_O)
                                                      0.024     4.028 r  ap_clk_IBUF_BUFG_inst/O
    X4Y3 (CLOCK_ROOT)    net (fo=12249, routed)       1.014     5.041    dut/g_pe_p_out_p_in[40].u/ap_clk_IBUF_BUFG
    SLICE_X118Y180       FDRE                                         r  dut/g_pe_p_out_p_in[40].u/bare.q0_reg[27]/C
                         clock pessimism              0.307     5.349    
                         clock uncertainty           -0.035     5.313    
    SLICE_X118Y180       FDRE (Setup_EFF_SLICEM_C_D)
                                                      0.025     5.338    dut/g_pe_p_out_p_in[40].u/bare.q0_reg[27]
  -------------------------------------------------------------------
                         required time                          5.338    
                         arrival time                          -4.980    
  -------------------------------------------------------------------
                         slack                                  0.358    





Min Delay Paths
--------------------------------------------------------------------------------------
Slack (MET) :             0.010ns  (arrival time - required time)
  Source:                 dut/g_etap_e_out_e_in[2].u/bare.q0_reg[8]/C
                            (rising edge-triggered cell FDRE clocked by ap_clk  {rise@0.000ns fall@1.666ns period=3.333ns})
  Destination:            dut/g_etap_e_out_e_in[3].u/bare.q0_reg[0]/D
                            (rising edge-triggered cell FDRE clocked by ap_clk  {rise@0.000ns fall@1.666ns period=3.333ns})
  Path Group:             ap_clk
  Path Type:              Hold (Min at Slow Process Corner)
  Requirement:            0.000ns  (ap_clk rise@0.000ns - ap_clk rise@0.000ns)
  Data Path Delay:        0.236ns  (logic 0.060ns (25.424%)  route 0.176ns (74.576%))
  Logic Levels:           0  
  Clock Path Skew:        0.166ns (DCD - SCD - CPR)
    Destination Clock Delay (DCD):    2.205ns
    Source Clock Delay      (SCD):    1.731ns
    Clock Pessimism Removal (CPR):    0.307ns
  Clock Net Delay (Source):      1.037ns (routing 0.155ns, distribution 0.882ns)
  Clock Net Delay (Destination): 1.218ns (routing 0.170ns, distribution 1.048ns)

    Location             Delay type                Incr(ns)  Path(ns)    Netlist Resource(s)
  -------------------------------------------------------------------    -------------------
                         (clock ap_clk rise edge)     0.000     0.000 r  
    BH26                                              0.000     0.000 r  ap_clk (IN)
                         net (fo=0)                   0.000     0.000    ap_clk_IBUF_inst/I
    BH26                 INBUF (Prop_INBUF_HPIOB_M_PAD_O)
                                                      0.385     0.385 r  ap_clk_IBUF_inst/INBUF_INST/O
                         net (fo=1, routed)           0.000     0.385    ap_clk_IBUF_inst/OUT
    BH26                 IBUFCTRL (Prop_IBUFCTRL_HPIOB_M_I_O)
                                                      0.000     0.385 r  ap_clk_IBUF_inst/IBUFCTRL_INST/O
                         net (fo=1, routed)           0.286     0.671    ap_clk_IBUF
    BUFGCE_X0Y72         BUFGCE (Prop_BUFCE_BUFGCE_I_O)
                                                      0.024     0.695 r  ap_clk_IBUF_BUFG_inst/O
    X4Y3 (CLOCK_ROOT)    net (fo=12249, routed)       1.037     1.731    dut/g_etap_e_out_e_in[2].u/ap_clk_IBUF_BUFG
    SLICE_X126Y182       FDRE                                         r  dut/g_etap_e_out_e_in[2].u/bare.q0_reg[8]/C
  -------------------------------------------------------------------    -------------------
    SLICE_X126Y182       FDRE (Prop_FFF2_SLICEM_C_Q)
                                                      0.060     1.791 r  dut/g_etap_e_out_e_in[2].u/bare.q0_reg[8]/Q
                         net (fo=1, routed)           0.176     1.967    dut/g_etap_e_out_e_in[3].u/Q[0]
    SLICE_X124Y178       FDRE                                         r  dut/g_etap_e_out_e_in[3].u/bare.q0_reg[0]/D
  -------------------------------------------------------------------    -------------------

                         (clock ap_clk rise edge)     0.000     0.000 r  
    BH26                                              0.000     0.000 r  ap_clk (IN)
                         net (fo=0)                   0.000     0.000    ap_clk_IBUF_inst/I
    BH26                 INBUF (Prop_INBUF_HPIOB_M_PAD_O)
                                                      0.636     0.636 r  ap_clk_IBUF_inst/INBUF_INST/O
                         net (fo=1, routed)           0.000     0.636    ap_clk_IBUF_inst/OUT
    BH26                 IBUFCTRL (Prop_IBUFCTRL_HPIOB_M_I_O)
                                                      0.000     0.636 r  ap_clk_IBUF_inst/IBUFCTRL_INST/O
                         net (fo=1, routed)           0.323     0.959    ap_clk_IBUF
    BUFGCE_X0Y72         BUFGCE (Prop_BUFCE_BUFGCE_I_O)
                                                      0.028     0.987 r  ap_clk_IBUF_BUFG_inst/O
    X4Y3 (CLOCK_ROOT)    net (fo=12249, routed)       1.218     2.205    dut/g_etap_e_out_e_in[3].u/ap_clk_IBUF_BUFG
    SLICE_X124Y178       FDRE                                         r  dut/g_etap_e_out_e_in[3].u/bare.q0_reg[0]/C
                         clock pessimism             -0.307     1.898    
    SLICE_X124Y178       FDRE (Hold_DFF_SLICEM_C_D)
                                                      0.060     1.958    dut/g_etap_e_out_e_in[3].u/bare.q0_reg[0]
  -------------------------------------------------------------------
                         required time                         -1.958    
                         arrival time                           1.967    
  -------------------------------------------------------------------
                         slack                                  0.010    





Pulse Width Checks
--------------------------------------------------------------------------------------
Clock Name:         ap_clk
Waveform(ns):       { 0.000 1.666 }
Period(ns):         3.333
Sources:            { ap_clk }

Check Type        Corner  Lib Pin             Reference Pin  Required(ns)  Actual(ns)  Slack(ns)  Location      Pin
Min Period        n/a     RAMB36E2/CLKARDCLK  n/a            1.569         3.333       1.764      RAMB36_X8Y41  dut/u_lane_r0_0/u/grp_lane_r0_0_Pipeline_VITIS_LOOP_33_1_fu_40/buf_r_U/ram_reg_bram_0/CLKARDCLK
Low Pulse Width   Slow    RAMB36E2/CLKARDCLK  n/a            0.542         1.666       1.124      RAMB36_X8Y37  dut/g_head8_a_in_bind[0].u/u/xpm_fifo_base_inst/gen_sdpram.xpm_memory_base_inst/gen_wr_a.gen_word_narrow.mem_reg/CLKARDCLK
High Pulse Width  Slow    RAMB36E2/CLKARDCLK  n/a            0.542         1.666       1.124      RAMB36_X8Y37  dut/g_head8_a_in_bind[0].u/u/xpm_fifo_base_inst/gen_sdpram.xpm_memory_base_inst/gen_wr_a.gen_word_narrow.mem_reg/CLKARDCLK



