

================================================================
== Vitis HLS Report for 'fft'
================================================================
* Date:           Sun Sep  6 21:10:25 2026

* Version:        2023.2 (Build 4023990 on Oct 11 2023)
* Project:        out.prj
* Solution:       solution1 (Vivado IP Flow Target)
* Product family: virtexuplusHBM
* Target device:  xcu280-fsvh2892-2L-e


================================================================
== Performance Estimates
================================================================
+ Timing: 
    * Summary: 
    +--------+---------+----------+------------+
    |  Clock |  Target | Estimated| Uncertainty|
    +--------+---------+----------+------------+
    |ap_clk  |  3.33 ns|  2.431 ns|     0.90 ns|
    +--------+---------+----------+------------+

+ Latency: 
    * Summary: 
    +---------+---------+----------+----------+-----+-----+---------+
    |  Latency (cycles) |  Latency (absolute) |  Interval | Pipeline|
    |   min   |   max   |    min   |    max   | min | max |   Type  |
    +---------+---------+----------+----------+-----+-----+---------+
    |        ?|        ?|         ?|         ?|    ?|    ?|       no|
    +---------+---------+----------+----------+-----+-----+---------+

    + Detail: 
        * Instance: 
        +------------------------------------------+-------------------------------+---------+---------+----------+----------+-----+-----+------------------------------------------+
        |                                          |                               |  Latency (cycles) |  Latency (absolute) |  Interval |                 Pipeline                 |
        |                 Instance                 |             Module            |   min   |   max   |    min   |    max   | min | max |                   Type                   |
        +------------------------------------------+-------------------------------+---------+---------+----------+----------+-----+-----+------------------------------------------+
        |grp_load_buf0_1_fu_152                    |load_buf0_1                    |      137|      138|  0.456 us|  0.460 us|  128|  128|  loop rewind stp(delay=0 clock cycles(s))|
        |grp_load_buf1_1_fu_162                    |load_buf1_1                    |      137|      138|  0.456 us|  0.460 us|  128|  128|  loop rewind stp(delay=0 clock cycles(s))|
        |grp_load_buf2_1_fu_172                    |load_buf2_1                    |       73|       74|  0.243 us|  0.246 us|   64|   64|  loop rewind stp(delay=0 clock cycles(s))|
        |grp_load_buf3_1_fu_182                    |load_buf3_1                    |       73|       74|  0.243 us|  0.246 us|   64|   64|  loop rewind stp(delay=0 clock cycles(s))|
        |grp_store_res0_1_fu_192                   |store_res0_1                   |      134|      135|  0.446 us|  0.450 us|  128|  128|  loop rewind stp(delay=0 clock cycles(s))|
        |grp_store_res1_1_fu_200                   |store_res1_1                   |      134|      135|  0.446 us|  0.450 us|  128|  128|  loop rewind stp(delay=0 clock cycles(s))|
        |grp_fft_Pipeline_VITIS_LOOP_123_2_fu_208  |fft_Pipeline_VITIS_LOOP_123_2  |        ?|        ?|         ?|         ?|    ?|    ?|                                        no|
        +------------------------------------------+-------------------------------+---------+---------+----------+----------+-----+-----+------------------------------------------+

        * Loop: 
        +--------------------+---------+---------+----------+-----------+-----------+------+----------+
        |                    |  Latency (cycles) | Iteration|  Initiation Interval  | Trip |          |
        |      Loop Name     |   min   |   max   |  Latency |  achieved |   target  | Count| Pipelined|
        +--------------------+---------+---------+----------+-----------+-----------+------+----------+
        |- VITIS_LOOP_117_1  |        ?|        ?|         ?|          -|          -|     7|        no|
        +--------------------+---------+---------+----------+-----------+-----------+------+----------+



================================================================
== Utilization Estimates
================================================================
* Summary: 
+---------------------+---------+------+---------+---------+-----+
|         Name        | BRAM_18K|  DSP |    FF   |   LUT   | URAM|
+---------------------+---------+------+---------+---------+-----+
|DSP                  |        -|     -|        -|        -|    -|
|Expression           |        -|     -|        0|       24|    -|
|FIFO                 |        -|     -|        -|        -|    -|
|Instance             |        8|    16|     7332|     5961|    0|
|Memory               |        0|     -|      128|      196|    0|
|Multiplexer          |        -|     -|        -|      427|    -|
|Register             |        -|     -|      342|        -|    -|
+---------------------+---------+------+---------+---------+-----+
|Total                |        8|    16|     7802|     6608|    0|
+---------------------+---------+------+---------+---------+-----+
|Available SLR        |     1344|  3008|   869120|   434560|  320|
+---------------------+---------+------+---------+---------+-----+
|Utilization SLR (%)  |       ~0|    ~0|       ~0|        1|    0|
+---------------------+---------+------+---------+---------+-----+
|Available            |     4032|  9024|  2607360|  1303680|  960|
+---------------------+---------+------+---------+---------+-----+
|Utilization (%)      |       ~0|    ~0|       ~0|       ~0|    0|
+---------------------+---------+------+---------+---------+-----+

+ Detail: 
    * Instance: 
    +------------------------------------------+-------------------------------+---------+----+------+------+-----+
    |                 Instance                 |             Module            | BRAM_18K| DSP|  FF  |  LUT | URAM|
    +------------------------------------------+-------------------------------+---------+----+------+------+-----+
    |control_s_axi_U                           |control_s_axi                  |        0|   0|   310|   552|    0|
    |grp_fft_Pipeline_VITIS_LOOP_123_2_fu_208  |fft_Pipeline_VITIS_LOOP_123_2  |        0|  16|  1712|  1179|    0|
    |gmem0_m_axi_U                             |gmem0_m_axi                    |        2|   0|   696|   720|    0|
    |gmem1_m_axi_U                             |gmem1_m_axi                    |        2|   0|   696|   720|    0|
    |gmem2_m_axi_U                             |gmem2_m_axi                    |        2|   0|   696|   720|    0|
    |gmem3_m_axi_U                             |gmem3_m_axi                    |        2|   0|   696|   720|    0|
    |grp_load_buf0_1_fu_152                    |load_buf0_1                    |        0|   0|   444|   232|    0|
    |grp_load_buf1_1_fu_162                    |load_buf1_1                    |        0|   0|   444|   232|    0|
    |grp_load_buf2_1_fu_172                    |load_buf2_1                    |        0|   0|   442|   230|    0|
    |grp_load_buf3_1_fu_182                    |load_buf3_1                    |        0|   0|   442|   230|    0|
    |grp_store_res0_1_fu_192                   |store_res0_1                   |        0|   0|   377|   213|    0|
    |grp_store_res1_1_fu_200                   |store_res1_1                   |        0|   0|   377|   213|    0|
    +------------------------------------------+-------------------------------+---------+----+------+------+-----+
    |Total                                     |                               |        8|  16|  7332|  5961|    0|
    +------------------------------------------+-------------------------------+---------+----+------+------+-----+

    * DSP: 
    N/A

    * Memory: 
    +--------+--------------------+---------+----+----+-----+------+-----+------+-------------+
    | Memory |       Module       | BRAM_18K| FF | LUT| URAM| Words| Bits| Banks| W*Bits*Banks|
    +--------+--------------------+---------+----+----+-----+------+-----+------+-------------+
    |buf0_U  |buf0_RAM_AUTO_1R1W  |        0|  32|  65|    0|   128|   32|     1|         4096|
    |buf1_U  |buf0_RAM_AUTO_1R1W  |        0|  32|  65|    0|   128|   32|     1|         4096|
    |buf2_U  |buf2_RAM_AUTO_1R1W  |        0|  32|  33|    0|    64|   32|     1|         2048|
    |buf3_U  |buf2_RAM_AUTO_1R1W  |        0|  32|  33|    0|    64|   32|     1|         2048|
    +--------+--------------------+---------+----+----+-----+------+-----+------+-------------+
    |Total   |                    |        0| 128| 196|    0|   384|  128|     4|        12288|
    +--------+--------------------+---------+----+----+-----+------+-----+------+-------------+

    * FIFO: 
    N/A

    * Expression: 
    +---------------------------------+----------+----+---+----+------------+------------+
    |          Variable Name          | Operation| DSP| FF| LUT| Bitwidth P0| Bitwidth P1|
    +---------------------------------+----------+----+---+----+------------+------------+
    |v125_fu_238_p2                   |         +|   0|  0|  10|           3|           1|
    |icmp_ln120_fu_232_p2             |      icmp|   0|  0|  10|           3|           2|
    |ap_block_state2_on_subcall_done  |        or|   0|  0|   2|           1|           1|
    |ap_block_state6_on_subcall_done  |        or|   0|  0|   2|           1|           1|
    +---------------------------------+----------+----+---+----+------------+------------+
    |Total                            |          |   0|  0|  24|           8|           5|
    +---------------------------------+----------+----+---+----+------------+------------+

    * Multiplexer: 
    +---------------+----+-----------+-----+-----------+
    |      Name     | LUT| Input Size| Bits| Total Bits|
    +---------------+----+-----------+-----+-----------+
    |ap_NS_fsm      |  37|          7|    1|          7|
    |buf0_address0  |  20|          4|    7|         28|
    |buf0_ce0       |  20|          4|    1|          4|
    |buf0_ce1       |   9|          2|    1|          2|
    |buf0_d0        |  14|          3|   32|         96|
    |buf0_we0       |  14|          3|    1|          3|
    |buf0_we1       |   9|          2|    1|          2|
    |buf1_address0  |  20|          4|    7|         28|
    |buf1_ce0       |  20|          4|    1|          4|
    |buf1_ce1       |   9|          2|    1|          2|
    |buf1_d0        |  14|          3|   32|         96|
    |buf1_we0       |  14|          3|    1|          3|
    |buf1_we1       |   9|          2|    1|          2|
    |buf2_address0  |  14|          3|    6|         18|
    |buf2_ce0       |  14|          3|    1|          3|
    |buf2_we0       |   9|          2|    1|          2|
    |buf3_address0  |  14|          3|    6|         18|
    |buf3_ce0       |  14|          3|    1|          3|
    |buf3_we0       |   9|          2|    1|          2|
    |gmem0_ARVALID  |   9|          2|    1|          2|
    |gmem0_AWVALID  |   9|          2|    1|          2|
    |gmem0_BREADY   |   9|          2|    1|          2|
    |gmem0_RREADY   |   9|          2|    1|          2|
    |gmem0_WVALID   |   9|          2|    1|          2|
    |gmem1_ARVALID  |   9|          2|    1|          2|
    |gmem1_AWVALID  |   9|          2|    1|          2|
    |gmem1_BREADY   |   9|          2|    1|          2|
    |gmem1_RREADY   |   9|          2|    1|          2|
    |gmem1_WVALID   |   9|          2|    1|          2|
    |gmem2_ARVALID  |   9|          2|    1|          2|
    |gmem2_RREADY   |   9|          2|    1|          2|
    |gmem3_ARVALID  |   9|          2|    1|          2|
    |gmem3_RREADY   |   9|          2|    1|          2|
    |v120_fu_104    |   9|          2|   30|         60|
    |v122_fu_108    |   9|          2|    3|          6|
    +---------------+----+-----------+-----+-----------+
    |Total          | 427|         91|  150|        417|
    +---------------+----+-----------+-----+-----------+

    * Register: 
    +-------------------------------------------------------+----+----+-----+-----------+
    |                          Name                         | FF | LUT| Bits| Const Bits|
    +-------------------------------------------------------+----+----+-----+-----------+
    |ap_CS_fsm                                              |   6|   0|    6|          0|
    |grp_fft_Pipeline_VITIS_LOOP_123_2_fu_208_ap_start_reg  |   1|   0|    1|          0|
    |grp_load_buf0_1_fu_152_ap_start_reg                    |   1|   0|    1|          0|
    |grp_load_buf1_1_fu_162_ap_start_reg                    |   1|   0|    1|          0|
    |grp_load_buf2_1_fu_172_ap_start_reg                    |   1|   0|    1|          0|
    |grp_load_buf3_1_fu_182_ap_start_reg                    |   1|   0|    1|          0|
    |grp_store_res0_1_fu_192_ap_start_reg                   |   1|   0|    1|          0|
    |grp_store_res1_1_fu_200_ap_start_reg                   |   1|   0|    1|          0|
    |log_1_reg_313                                          |   3|   0|    3|          0|
    |trunc_ln105_reg_326                                    |   7|   0|    7|          0|
    |v120_fu_104                                            |  30|   0|   30|          0|
    |v120_load_reg_321                                      |  30|   0|   30|          0|
    |v122_fu_108                                            |   3|   0|    3|          0|
    |v24_read_reg_307                                       |  64|   0|   64|          0|
    |v25_read_reg_301                                       |  64|   0|   64|          0|
    |v26_read_reg_296                                       |  64|   0|   64|          0|
    |v27_read_reg_291                                       |  64|   0|   64|          0|
    +-------------------------------------------------------+----+----+-----+-----------+
    |Total                                                  | 342|   0|  342|          0|
    +-------------------------------------------------------+----+----+-----+-----------+



================================================================
== Interface
================================================================
* Summary: 
+-----------------------+-----+-----+------------+--------------+--------------+
|       RTL Ports       | Dir | Bits|  Protocol  | Source Object|    C Type    |
+-----------------------+-----+-----+------------+--------------+--------------+
|s_axi_control_AWVALID  |   in|    1|       s_axi|       control|        scalar|
|s_axi_control_AWREADY  |  out|    1|       s_axi|       control|        scalar|
|s_axi_control_AWADDR   |   in|    6|       s_axi|       control|        scalar|
|s_axi_control_WVALID   |   in|    1|       s_axi|       control|        scalar|
|s_axi_control_WREADY   |  out|    1|       s_axi|       control|        scalar|
|s_axi_control_WDATA    |   in|   32|       s_axi|       control|        scalar|
|s_axi_control_WSTRB    |   in|    4|       s_axi|       control|        scalar|
|s_axi_control_ARVALID  |   in|    1|       s_axi|       control|        scalar|
|s_axi_control_ARREADY  |  out|    1|       s_axi|       control|        scalar|
|s_axi_control_ARADDR   |   in|    6|       s_axi|       control|        scalar|
|s_axi_control_RVALID   |  out|    1|       s_axi|       control|        scalar|
|s_axi_control_RREADY   |   in|    1|       s_axi|       control|        scalar|
|s_axi_control_RDATA    |  out|   32|       s_axi|       control|        scalar|
|s_axi_control_RRESP    |  out|    2|       s_axi|       control|        scalar|
|s_axi_control_BVALID   |  out|    1|       s_axi|       control|        scalar|
|s_axi_control_BREADY   |   in|    1|       s_axi|       control|        scalar|
|s_axi_control_BRESP    |  out|    2|       s_axi|       control|        scalar|
|ap_clk                 |   in|    1|  ap_ctrl_hs|           fft|  return value|
|ap_rst_n               |   in|    1|  ap_ctrl_hs|           fft|  return value|
|ap_start               |   in|    1|  ap_ctrl_hs|           fft|  return value|
|ap_done                |  out|    1|  ap_ctrl_hs|           fft|  return value|
|ap_idle                |  out|    1|  ap_ctrl_hs|           fft|  return value|
|ap_ready               |  out|    1|  ap_ctrl_hs|           fft|  return value|
|m_axi_gmem0_AWVALID    |  out|    1|       m_axi|         gmem0|       pointer|
|m_axi_gmem0_AWREADY    |   in|    1|       m_axi|         gmem0|       pointer|
|m_axi_gmem0_AWADDR     |  out|   64|       m_axi|         gmem0|       pointer|
|m_axi_gmem0_AWID       |  out|    1|       m_axi|         gmem0|       pointer|
|m_axi_gmem0_AWLEN      |  out|    8|       m_axi|         gmem0|       pointer|
|m_axi_gmem0_AWSIZE     |  out|    3|       m_axi|         gmem0|       pointer|
|m_axi_gmem0_AWBURST    |  out|    2|       m_axi|         gmem0|       pointer|
|m_axi_gmem0_AWLOCK     |  out|    2|       m_axi|         gmem0|       pointer|
|m_axi_gmem0_AWCACHE    |  out|    4|       m_axi|         gmem0|       pointer|
|m_axi_gmem0_AWPROT     |  out|    3|       m_axi|         gmem0|       pointer|
|m_axi_gmem0_AWQOS      |  out|    4|       m_axi|         gmem0|       pointer|
|m_axi_gmem0_AWREGION   |  out|    4|       m_axi|         gmem0|       pointer|
|m_axi_gmem0_AWUSER     |  out|    1|       m_axi|         gmem0|       pointer|
|m_axi_gmem0_WVALID     |  out|    1|       m_axi|         gmem0|       pointer|
|m_axi_gmem0_WREADY     |   in|    1|       m_axi|         gmem0|       pointer|
|m_axi_gmem0_WDATA      |  out|   32|       m_axi|         gmem0|       pointer|
|m_axi_gmem0_WSTRB      |  out|    4|       m_axi|         gmem0|       pointer|
|m_axi_gmem0_WLAST      |  out|    1|       m_axi|         gmem0|       pointer|
|m_axi_gmem0_WID        |  out|    1|       m_axi|         gmem0|       pointer|
|m_axi_gmem0_WUSER      |  out|    1|       m_axi|         gmem0|       pointer|
|m_axi_gmem0_ARVALID    |  out|    1|       m_axi|         gmem0|       pointer|
|m_axi_gmem0_ARREADY    |   in|    1|       m_axi|         gmem0|       pointer|
|m_axi_gmem0_ARADDR     |  out|   64|       m_axi|         gmem0|       pointer|
|m_axi_gmem0_ARID       |  out|    1|       m_axi|         gmem0|       pointer|
|m_axi_gmem0_ARLEN      |  out|    8|       m_axi|         gmem0|       pointer|
|m_axi_gmem0_ARSIZE     |  out|    3|       m_axi|         gmem0|       pointer|
|m_axi_gmem0_ARBURST    |  out|    2|       m_axi|         gmem0|       pointer|
|m_axi_gmem0_ARLOCK     |  out|    2|       m_axi|         gmem0|       pointer|
|m_axi_gmem0_ARCACHE    |  out|    4|       m_axi|         gmem0|       pointer|
|m_axi_gmem0_ARPROT     |  out|    3|       m_axi|         gmem0|       pointer|
|m_axi_gmem0_ARQOS      |  out|    4|       m_axi|         gmem0|       pointer|
|m_axi_gmem0_ARREGION   |  out|    4|       m_axi|         gmem0|       pointer|
|m_axi_gmem0_ARUSER     |  out|    1|       m_axi|         gmem0|       pointer|
|m_axi_gmem0_RVALID     |   in|    1|       m_axi|         gmem0|       pointer|
|m_axi_gmem0_RREADY     |  out|    1|       m_axi|         gmem0|       pointer|
|m_axi_gmem0_RDATA      |   in|   32|       m_axi|         gmem0|       pointer|
|m_axi_gmem0_RLAST      |   in|    1|       m_axi|         gmem0|       pointer|
|m_axi_gmem0_RID        |   in|    1|       m_axi|         gmem0|       pointer|
|m_axi_gmem0_RUSER      |   in|    1|       m_axi|         gmem0|       pointer|
|m_axi_gmem0_RRESP      |   in|    2|       m_axi|         gmem0|       pointer|
|m_axi_gmem0_BVALID     |   in|    1|       m_axi|         gmem0|       pointer|
|m_axi_gmem0_BREADY     |  out|    1|       m_axi|         gmem0|       pointer|
|m_axi_gmem0_BRESP      |   in|    2|       m_axi|         gmem0|       pointer|
|m_axi_gmem0_BID        |   in|    1|       m_axi|         gmem0|       pointer|
|m_axi_gmem0_BUSER      |   in|    1|       m_axi|         gmem0|       pointer|
|m_axi_gmem1_AWVALID    |  out|    1|       m_axi|         gmem1|       pointer|
|m_axi_gmem1_AWREADY    |   in|    1|       m_axi|         gmem1|       pointer|
|m_axi_gmem1_AWADDR     |  out|   64|       m_axi|         gmem1|       pointer|
|m_axi_gmem1_AWID       |  out|    1|       m_axi|         gmem1|       pointer|
|m_axi_gmem1_AWLEN      |  out|    8|       m_axi|         gmem1|       pointer|
|m_axi_gmem1_AWSIZE     |  out|    3|       m_axi|         gmem1|       pointer|
|m_axi_gmem1_AWBURST    |  out|    2|       m_axi|         gmem1|       pointer|
|m_axi_gmem1_AWLOCK     |  out|    2|       m_axi|         gmem1|       pointer|
|m_axi_gmem1_AWCACHE    |  out|    4|       m_axi|         gmem1|       pointer|
|m_axi_gmem1_AWPROT     |  out|    3|       m_axi|         gmem1|       pointer|
|m_axi_gmem1_AWQOS      |  out|    4|       m_axi|         gmem1|       pointer|
|m_axi_gmem1_AWREGION   |  out|    4|       m_axi|         gmem1|       pointer|
|m_axi_gmem1_AWUSER     |  out|    1|       m_axi|         gmem1|       pointer|
|m_axi_gmem1_WVALID     |  out|    1|       m_axi|         gmem1|       pointer|
|m_axi_gmem1_WREADY     |   in|    1|       m_axi|         gmem1|       pointer|
|m_axi_gmem1_WDATA      |  out|   32|       m_axi|         gmem1|       pointer|
|m_axi_gmem1_WSTRB      |  out|    4|       m_axi|         gmem1|       pointer|
|m_axi_gmem1_WLAST      |  out|    1|       m_axi|         gmem1|       pointer|
|m_axi_gmem1_WID        |  out|    1|       m_axi|         gmem1|       pointer|
|m_axi_gmem1_WUSER      |  out|    1|       m_axi|         gmem1|       pointer|
|m_axi_gmem1_ARVALID    |  out|    1|       m_axi|         gmem1|       pointer|
|m_axi_gmem1_ARREADY    |   in|    1|       m_axi|         gmem1|       pointer|
|m_axi_gmem1_ARADDR     |  out|   64|       m_axi|         gmem1|       pointer|
|m_axi_gmem1_ARID       |  out|    1|       m_axi|         gmem1|       pointer|
|m_axi_gmem1_ARLEN      |  out|    8|       m_axi|         gmem1|       pointer|
|m_axi_gmem1_ARSIZE     |  out|    3|       m_axi|         gmem1|       pointer|
|m_axi_gmem1_ARBURST    |  out|    2|       m_axi|         gmem1|       pointer|
|m_axi_gmem1_ARLOCK     |  out|    2|       m_axi|         gmem1|       pointer|
|m_axi_gmem1_ARCACHE    |  out|    4|       m_axi|         gmem1|       pointer|
|m_axi_gmem1_ARPROT     |  out|    3|       m_axi|         gmem1|       pointer|
|m_axi_gmem1_ARQOS      |  out|    4|       m_axi|         gmem1|       pointer|
|m_axi_gmem1_ARREGION   |  out|    4|       m_axi|         gmem1|       pointer|
|m_axi_gmem1_ARUSER     |  out|    1|       m_axi|         gmem1|       pointer|
|m_axi_gmem1_RVALID     |   in|    1|       m_axi|         gmem1|       pointer|
|m_axi_gmem1_RREADY     |  out|    1|       m_axi|         gmem1|       pointer|
|m_axi_gmem1_RDATA      |   in|   32|       m_axi|         gmem1|       pointer|
|m_axi_gmem1_RLAST      |   in|    1|       m_axi|         gmem1|       pointer|
|m_axi_gmem1_RID        |   in|    1|       m_axi|         gmem1|       pointer|
|m_axi_gmem1_RUSER      |   in|    1|       m_axi|         gmem1|       pointer|
|m_axi_gmem1_RRESP      |   in|    2|       m_axi|         gmem1|       pointer|
|m_axi_gmem1_BVALID     |   in|    1|       m_axi|         gmem1|       pointer|
|m_axi_gmem1_BREADY     |  out|    1|       m_axi|         gmem1|       pointer|
|m_axi_gmem1_BRESP      |   in|    2|       m_axi|         gmem1|       pointer|
|m_axi_gmem1_BID        |   in|    1|       m_axi|         gmem1|       pointer|
|m_axi_gmem1_BUSER      |   in|    1|       m_axi|         gmem1|       pointer|
|m_axi_gmem2_AWVALID    |  out|    1|       m_axi|         gmem2|       pointer|
|m_axi_gmem2_AWREADY    |   in|    1|       m_axi|         gmem2|       pointer|
|m_axi_gmem2_AWADDR     |  out|   64|       m_axi|         gmem2|       pointer|
|m_axi_gmem2_AWID       |  out|    1|       m_axi|         gmem2|       pointer|
|m_axi_gmem2_AWLEN      |  out|    8|       m_axi|         gmem2|       pointer|
|m_axi_gmem2_AWSIZE     |  out|    3|       m_axi|         gmem2|       pointer|
|m_axi_gmem2_AWBURST    |  out|    2|       m_axi|         gmem2|       pointer|
|m_axi_gmem2_AWLOCK     |  out|    2|       m_axi|         gmem2|       pointer|
|m_axi_gmem2_AWCACHE    |  out|    4|       m_axi|         gmem2|       pointer|
|m_axi_gmem2_AWPROT     |  out|    3|       m_axi|         gmem2|       pointer|
|m_axi_gmem2_AWQOS      |  out|    4|       m_axi|         gmem2|       pointer|
|m_axi_gmem2_AWREGION   |  out|    4|       m_axi|         gmem2|       pointer|
|m_axi_gmem2_AWUSER     |  out|    1|       m_axi|         gmem2|       pointer|
|m_axi_gmem2_WVALID     |  out|    1|       m_axi|         gmem2|       pointer|
|m_axi_gmem2_WREADY     |   in|    1|       m_axi|         gmem2|       pointer|
|m_axi_gmem2_WDATA      |  out|   32|       m_axi|         gmem2|       pointer|
|m_axi_gmem2_WSTRB      |  out|    4|       m_axi|         gmem2|       pointer|
|m_axi_gmem2_WLAST      |  out|    1|       m_axi|         gmem2|       pointer|
|m_axi_gmem2_WID        |  out|    1|       m_axi|         gmem2|       pointer|
|m_axi_gmem2_WUSER      |  out|    1|       m_axi|         gmem2|       pointer|
|m_axi_gmem2_ARVALID    |  out|    1|       m_axi|         gmem2|       pointer|
|m_axi_gmem2_ARREADY    |   in|    1|       m_axi|         gmem2|       pointer|
|m_axi_gmem2_ARADDR     |  out|   64|       m_axi|         gmem2|       pointer|
|m_axi_gmem2_ARID       |  out|    1|       m_axi|         gmem2|       pointer|
|m_axi_gmem2_ARLEN      |  out|    8|       m_axi|         gmem2|       pointer|
|m_axi_gmem2_ARSIZE     |  out|    3|       m_axi|         gmem2|       pointer|
|m_axi_gmem2_ARBURST    |  out|    2|       m_axi|         gmem2|       pointer|
|m_axi_gmem2_ARLOCK     |  out|    2|       m_axi|         gmem2|       pointer|
|m_axi_gmem2_ARCACHE    |  out|    4|       m_axi|         gmem2|       pointer|
|m_axi_gmem2_ARPROT     |  out|    3|       m_axi|         gmem2|       pointer|
|m_axi_gmem2_ARQOS      |  out|    4|       m_axi|         gmem2|       pointer|
|m_axi_gmem2_ARREGION   |  out|    4|       m_axi|         gmem2|       pointer|
|m_axi_gmem2_ARUSER     |  out|    1|       m_axi|         gmem2|       pointer|
|m_axi_gmem2_RVALID     |   in|    1|       m_axi|         gmem2|       pointer|
|m_axi_gmem2_RREADY     |  out|    1|       m_axi|         gmem2|       pointer|
|m_axi_gmem2_RDATA      |   in|   32|       m_axi|         gmem2|       pointer|
|m_axi_gmem2_RLAST      |   in|    1|       m_axi|         gmem2|       pointer|
|m_axi_gmem2_RID        |   in|    1|       m_axi|         gmem2|       pointer|
|m_axi_gmem2_RUSER      |   in|    1|       m_axi|         gmem2|       pointer|
|m_axi_gmem2_RRESP      |   in|    2|       m_axi|         gmem2|       pointer|
|m_axi_gmem2_BVALID     |   in|    1|       m_axi|         gmem2|       pointer|
|m_axi_gmem2_BREADY     |  out|    1|       m_axi|         gmem2|       pointer|
|m_axi_gmem2_BRESP      |   in|    2|       m_axi|         gmem2|       pointer|
|m_axi_gmem2_BID        |   in|    1|       m_axi|         gmem2|       pointer|
|m_axi_gmem2_BUSER      |   in|    1|       m_axi|         gmem2|       pointer|
|m_axi_gmem3_AWVALID    |  out|    1|       m_axi|         gmem3|       pointer|
|m_axi_gmem3_AWREADY    |   in|    1|       m_axi|         gmem3|       pointer|
|m_axi_gmem3_AWADDR     |  out|   64|       m_axi|         gmem3|       pointer|
|m_axi_gmem3_AWID       |  out|    1|       m_axi|         gmem3|       pointer|
|m_axi_gmem3_AWLEN      |  out|    8|       m_axi|         gmem3|       pointer|
|m_axi_gmem3_AWSIZE     |  out|    3|       m_axi|         gmem3|       pointer|
|m_axi_gmem3_AWBURST    |  out|    2|       m_axi|         gmem3|       pointer|
|m_axi_gmem3_AWLOCK     |  out|    2|       m_axi|         gmem3|       pointer|
|m_axi_gmem3_AWCACHE    |  out|    4|       m_axi|         gmem3|       pointer|
|m_axi_gmem3_AWPROT     |  out|    3|       m_axi|         gmem3|       pointer|
|m_axi_gmem3_AWQOS      |  out|    4|       m_axi|         gmem3|       pointer|
|m_axi_gmem3_AWREGION   |  out|    4|       m_axi|         gmem3|       pointer|
|m_axi_gmem3_AWUSER     |  out|    1|       m_axi|         gmem3|       pointer|
|m_axi_gmem3_WVALID     |  out|    1|       m_axi|         gmem3|       pointer|
|m_axi_gmem3_WREADY     |   in|    1|       m_axi|         gmem3|       pointer|
|m_axi_gmem3_WDATA      |  out|   32|       m_axi|         gmem3|       pointer|
|m_axi_gmem3_WSTRB      |  out|    4|       m_axi|         gmem3|       pointer|
|m_axi_gmem3_WLAST      |  out|    1|       m_axi|         gmem3|       pointer|
|m_axi_gmem3_WID        |  out|    1|       m_axi|         gmem3|       pointer|
|m_axi_gmem3_WUSER      |  out|    1|       m_axi|         gmem3|       pointer|
|m_axi_gmem3_ARVALID    |  out|    1|       m_axi|         gmem3|       pointer|
|m_axi_gmem3_ARREADY    |   in|    1|       m_axi|         gmem3|       pointer|
|m_axi_gmem3_ARADDR     |  out|   64|       m_axi|         gmem3|       pointer|
|m_axi_gmem3_ARID       |  out|    1|       m_axi|         gmem3|       pointer|
|m_axi_gmem3_ARLEN      |  out|    8|       m_axi|         gmem3|       pointer|
|m_axi_gmem3_ARSIZE     |  out|    3|       m_axi|         gmem3|       pointer|
|m_axi_gmem3_ARBURST    |  out|    2|       m_axi|         gmem3|       pointer|
|m_axi_gmem3_ARLOCK     |  out|    2|       m_axi|         gmem3|       pointer|
|m_axi_gmem3_ARCACHE    |  out|    4|       m_axi|         gmem3|       pointer|
|m_axi_gmem3_ARPROT     |  out|    3|       m_axi|         gmem3|       pointer|
|m_axi_gmem3_ARQOS      |  out|    4|       m_axi|         gmem3|       pointer|
|m_axi_gmem3_ARREGION   |  out|    4|       m_axi|         gmem3|       pointer|
|m_axi_gmem3_ARUSER     |  out|    1|       m_axi|         gmem3|       pointer|
|m_axi_gmem3_RVALID     |   in|    1|       m_axi|         gmem3|       pointer|
|m_axi_gmem3_RREADY     |  out|    1|       m_axi|         gmem3|       pointer|
|m_axi_gmem3_RDATA      |   in|   32|       m_axi|         gmem3|       pointer|
|m_axi_gmem3_RLAST      |   in|    1|       m_axi|         gmem3|       pointer|
|m_axi_gmem3_RID        |   in|    1|       m_axi|         gmem3|       pointer|
|m_axi_gmem3_RUSER      |   in|    1|       m_axi|         gmem3|       pointer|
|m_axi_gmem3_RRESP      |   in|    2|       m_axi|         gmem3|       pointer|
|m_axi_gmem3_BVALID     |   in|    1|       m_axi|         gmem3|       pointer|
|m_axi_gmem3_BREADY     |  out|    1|       m_axi|         gmem3|       pointer|
|m_axi_gmem3_BRESP      |   in|    2|       m_axi|         gmem3|       pointer|
|m_axi_gmem3_BID        |   in|    1|       m_axi|         gmem3|       pointer|
|m_axi_gmem3_BUSER      |   in|    1|       m_axi|         gmem3|       pointer|
+-----------------------+-----+-----+------------+--------------+--------------+

