

================================================================
== Vitis HLS Report for 'bfly5_r0_0'
================================================================
* Date:           Sat Sep 12 02:20:13 2026

* Version:        2023.2 (Build 4023990 on Oct 11 2023)
* Project:        prj
* Solution:       sol (Vivado IP Flow Target)
* Product family: virtexuplusHBM
* Target device:  xcu280-fsvh2892-2L-e


================================================================
== Performance Estimates
================================================================
+ Timing: 
    * Summary: 
    +--------+---------+----------+------------+
    |  Clock |  Target | Estimated| Uncertainty|
    +--------+---------+----------+------------+
    |ap_clk  |  3.33 ns|  2.357 ns|     0.90 ns|
    +--------+---------+----------+------------+

+ Latency: 
    * Summary: 
    +---------+---------+-----------+-----------+------+------+---------+
    |  Latency (cycles) |   Latency (absolute)  |   Interval  | Pipeline|
    |   min   |   max   |    min    |    max    |  min |  max |   Type  |
    +---------+---------+-----------+-----------+------+------+---------+
    |     4305|     4305|  14.336 us|  14.336 us|  4306|  4306|       no|
    +---------+---------+-----------+-----------+------+------+---------+

    + Detail: 
        * Instance: 
        +-----------------------------------------+-------------------------------+---------+---------+-----------+-----------+------+------+---------+
        |                                         |                               |  Latency (cycles) |   Latency (absolute)  |   Interval  | Pipeline|
        |                 Instance                |             Module            |   min   |   max   |    min    |    max    |  min |  max |   Type  |
        +-----------------------------------------+-------------------------------+---------+---------+-----------+-----------+------+------+---------+
        |grp_bfly5_r0_0_Pipeline_l_S_t_0_t_fu_44  |bfly5_r0_0_Pipeline_l_S_t_0_t  |     4303|     4303|  14.329 us|  14.329 us|  4303|  4303|       no|
        +-----------------------------------------+-------------------------------+---------+---------+-----------+-----------+------+------+---------+

        * Loop: 
        N/A



================================================================
== Utilization Estimates
================================================================
* Summary: 
+---------------------+---------+------+---------+---------+-----+
|         Name        | BRAM_18K|  DSP |    FF   |   LUT   | URAM|
+---------------------+---------+------+---------+---------+-----+
|DSP                  |        -|     -|        -|        -|    -|
|Expression           |        -|     -|        -|        -|    -|
|FIFO                 |        -|     -|        -|        -|    -|
|Instance             |        0|    12|     3285|     2798|    -|
|Memory               |        -|     -|        -|        -|    -|
|Multiplexer          |        -|     -|        -|       65|    -|
|Register             |        -|     -|        4|        -|    -|
+---------------------+---------+------+---------+---------+-----+
|Total                |        0|    12|     3289|     2863|    0|
+---------------------+---------+------+---------+---------+-----+
|Available SLR        |     1344|  3008|   869120|   434560|  320|
+---------------------+---------+------+---------+---------+-----+
|Utilization SLR (%)  |        0|    ~0|       ~0|       ~0|    0|
+---------------------+---------+------+---------+---------+-----+
|Available            |     4032|  9024|  2607360|  1303680|  960|
+---------------------+---------+------+---------+---------+-----+
|Utilization (%)      |        0|    ~0|       ~0|       ~0|    0|
+---------------------+---------+------+---------+---------+-----+

+ Detail: 
    * Instance: 
    +-----------------------------------------+-------------------------------+---------+----+------+------+-----+
    |                 Instance                |             Module            | BRAM_18K| DSP|  FF  |  LUT | URAM|
    +-----------------------------------------+-------------------------------+---------+----+------+------+-----+
    |grp_bfly5_r0_0_Pipeline_l_S_t_0_t_fu_44  |bfly5_r0_0_Pipeline_l_S_t_0_t  |        0|  12|  3285|  2798|    0|
    +-----------------------------------------+-------------------------------+---------+----+------+------+-----+
    |Total                                    |                               |        0|  12|  3285|  2798|    0|
    +-----------------------------------------+-------------------------------+---------+----+------+------+-----+

    * DSP: 
    N/A

    * Memory: 
    N/A

    * FIFO: 
    N/A

    * Expression: 
    N/A

    * Multiplexer: 
    +-----------+----+-----------+-----+-----------+
    |    Name   | LUT| Input Size| Bits| Total Bits|
    +-----------+----+-----------+-----+-----------+
    |ap_NS_fsm  |  20|          4|    1|          4|
    |v0_blk_n   |   9|          2|    1|          2|
    |v1_read    |   9|          2|    1|          2|
    |v2_read    |   9|          2|    1|          2|
    |v3_write   |   9|          2|    1|          2|
    |v4_write   |   9|          2|    1|          2|
    +-----------+----+-----------+-----+-----------+
    |Total      |  65|         14|    6|         14|
    +-----------+----+-----------+-----+-----------+

    * Register: 
    +------------------------------------------------------+---+----+-----+-----------+
    |                         Name                         | FF| LUT| Bits| Const Bits|
    +------------------------------------------------------+---+----+-----+-----------+
    |ap_CS_fsm                                             |  3|   0|    3|          0|
    |grp_bfly5_r0_0_Pipeline_l_S_t_0_t_fu_44_ap_start_reg  |  1|   0|    1|          0|
    +------------------------------------------------------+---+----+-----+-----------+
    |Total                                                 |  4|   0|    4|          0|
    +------------------------------------------------------+---+----+-----+-----------+



================================================================
== Interface
================================================================
* Summary: 
+------------+-----+-----+--------------+--------------+--------------+
|  RTL Ports | Dir | Bits|   Protocol   | Source Object|    C Type    |
+------------+-----+-----+--------------+--------------+--------------+
|ap_clk      |   in|    1|  ap_ctrl_none|    bfly5_r0_0|  return value|
|ap_rst      |   in|    1|  ap_ctrl_none|    bfly5_r0_0|  return value|
|v0_dout     |   in|   32|       ap_fifo|            v0|       pointer|
|v0_empty_n  |   in|    1|       ap_fifo|            v0|       pointer|
|v0_read     |  out|    1|       ap_fifo|            v0|       pointer|
|v1_dout     |   in|   64|       ap_fifo|            v1|       pointer|
|v1_empty_n  |   in|    1|       ap_fifo|            v1|       pointer|
|v1_read     |  out|    1|       ap_fifo|            v1|       pointer|
|v2_dout     |   in|   64|       ap_fifo|            v2|       pointer|
|v2_empty_n  |   in|    1|       ap_fifo|            v2|       pointer|
|v2_read     |  out|    1|       ap_fifo|            v2|       pointer|
|v3_din      |  out|   64|       ap_fifo|            v3|       pointer|
|v3_full_n   |   in|    1|       ap_fifo|            v3|       pointer|
|v3_write    |  out|    1|       ap_fifo|            v3|       pointer|
|v4_din      |  out|   64|       ap_fifo|            v4|       pointer|
|v4_full_n   |   in|    1|       ap_fifo|            v4|       pointer|
|v4_write    |  out|    1|       ap_fifo|            v4|       pointer|
+------------+-----+-----+--------------+--------------+--------------+

