

================================================================
== Vitis HLS Report for 'vpu_r1_0_Pipeline_VITIS_LOOP_116_8'
================================================================
* Date:           Sat Sep 12 18:35:10 2026

* Version:        2023.2 (Build 4023990 on Oct 11 2023)
* Project:        prj
* Solution:       sol (Vivado IP Flow Target)
* Product family: virtexuplusHBM
* Target device:  xcu280-fsvh2892-2L-e


================================================================
== Performance Estimates
================================================================
+ Timing: 
    * Summary: 
    +--------+---------+----------+------------+
    |  Clock |  Target | Estimated| Uncertainty|
    +--------+---------+----------+------------+
    |ap_clk  |  3.33 ns|  1.559 ns|     0.90 ns|
    +--------+---------+----------+------------+

+ Latency: 
    * Summary: 
    +---------+---------+----------+----------+-----+-------+---------+
    |  Latency (cycles) |  Latency (absolute) |   Interval  | Pipeline|
    |   min   |   max   |    min   |    max   | min |  max  |   Type  |
    +---------+---------+----------+----------+-----+-------+---------+
    |        2|    65538|  6.660 ns|  0.218 ms|    2|  65538|       no|
    +---------+---------+----------+----------+-----+-------+---------+

    + Detail: 
        * Instance: 
        N/A

        * Loop: 
        +--------------------+---------+---------+----------+-----------+-----------+-----------+----------+
        |                    |  Latency (cycles) | Iteration|  Initiation Interval  |    Trip   |          |
        |      Loop Name     |   min   |   max   |  Latency |  achieved |   target  |   Count   | Pipelined|
        +--------------------+---------+---------+----------+-----------+-----------+-----------+----------+
        |- VITIS_LOOP_116_8  |        0|    65536|         3|          1|          1|  0 ~ 65535|       yes|
        +--------------------+---------+---------+----------+-----------+-----------+-----------+----------+



================================================================
== Utilization Estimates
================================================================
* Summary: 
+---------------------+---------+------+---------+---------+-----+
|         Name        | BRAM_18K|  DSP |    FF   |   LUT   | URAM|
+---------------------+---------+------+---------+---------+-----+
|DSP                  |        -|     -|        -|        -|    -|
|Expression           |        -|     -|        0|       89|    -|
|FIFO                 |        -|     -|        -|        -|    -|
|Instance             |        -|     -|        -|        -|    -|
|Memory               |        -|     -|        -|        -|    -|
|Multiplexer          |        -|     -|        -|       54|    -|
|Register             |        -|     -|       86|        -|    -|
+---------------------+---------+------+---------+---------+-----+
|Total                |        0|     0|       86|      143|    0|
+---------------------+---------+------+---------+---------+-----+
|Available SLR        |     1344|  3008|   869120|   434560|  320|
+---------------------+---------+------+---------+---------+-----+
|Utilization SLR (%)  |        0|     0|       ~0|       ~0|    0|
+---------------------+---------+------+---------+---------+-----+
|Available            |     4032|  9024|  2607360|  1303680|  960|
+---------------------+---------+------+---------+---------+-----+
|Utilization (%)      |        0|     0|       ~0|       ~0|    0|
+---------------------+---------+------+---------+---------+-----+

+ Detail: 
    * Instance: 
    N/A

    * DSP: 
    N/A

    * Memory: 
    N/A

    * FIFO: 
    N/A

    * Expression: 
    +---------------------------+----------+----+---+----+------------+------------+
    |       Variable Name       | Operation| DSP| FF| LUT| Bitwidth P0| Bitwidth P1|
    +---------------------------+----------+----+---+----+------------+------------+
    |v70_2_fu_98_p2             |         +|   0|  0|  23|          16|           1|
    |v78_fu_112_p2              |         +|   0|  0|  39|          32|          32|
    |ap_block_pp0_stage0_01001  |       and|   0|  0|   2|           1|           1|
    |icmp_ln116_fu_92_p2        |      icmp|   0|  0|  23|          16|          16|
    |ap_enable_pp0              |       xor|   0|  0|   2|           1|           2|
    +---------------------------+----------+----+---+----+------------+------------+
    |Total                      |          |   0|  0|  89|          66|          52|
    +---------------------------+----------+----+---+----+------------+------------+

    * Multiplexer: 
    +-------------------------+----+-----------+-----+-----------+
    |           Name          | LUT| Input Size| Bits| Total Bits|
    +-------------------------+----+-----------+-----+-----------+
    |ap_done_int              |   9|          2|    1|          2|
    |ap_enable_reg_pp0_iter1  |   9|          2|    1|          2|
    |ap_sig_allocacmp_v70_1   |   9|          2|   16|         32|
    |v2_blk_n                 |   9|          2|    1|          2|
    |v70_fu_50                |   9|          2|   16|         32|
    |v73_fu_46                |   9|          2|   32|         64|
    +-------------------------+----+-----------+-----+-----------+
    |Total                    |  54|         12|   67|        134|
    +-------------------------+----+-----------+-----+-----------+

    * Register: 
    +----------------------------------+----+----+-----+-----------+
    |               Name               | FF | LUT| Bits| Const Bits|
    +----------------------------------+----+----+-----+-----------+
    |ap_CS_fsm                         |   1|   0|    1|          0|
    |ap_done_reg                       |   1|   0|    1|          0|
    |ap_enable_reg_pp0_iter1           |   1|   0|    1|          0|
    |ap_enable_reg_pp0_iter2           |   1|   0|    1|          0|
    |ap_loop_exit_ready_pp0_iter1_reg  |   1|   0|    1|          0|
    |icmp_ln116_reg_141                |   1|   0|    1|          0|
    |v70_fu_50                         |  16|   0|   16|          0|
    |v71_reg_145                       |  32|   0|   32|          0|
    |v73_fu_46                         |  32|   0|   32|          0|
    +----------------------------------+----+----+-----+-----------+
    |Total                             |  86|   0|   86|          0|
    +----------------------------------+----+----+-----+-----------+



================================================================
== Interface
================================================================
* Summary: 
+------------------+-----+-----+------------+------------------------------------+--------------+
|     RTL Ports    | Dir | Bits|  Protocol  |            Source Object           |    C Type    |
+------------------+-----+-----+------------+------------------------------------+--------------+
|ap_clk            |   in|    1|  ap_ctrl_hs|  vpu_r1_0_Pipeline_VITIS_LOOP_116_8|  return value|
|ap_rst            |   in|    1|  ap_ctrl_hs|  vpu_r1_0_Pipeline_VITIS_LOOP_116_8|  return value|
|ap_start          |   in|    1|  ap_ctrl_hs|  vpu_r1_0_Pipeline_VITIS_LOOP_116_8|  return value|
|ap_done           |  out|    1|  ap_ctrl_hs|  vpu_r1_0_Pipeline_VITIS_LOOP_116_8|  return value|
|ap_idle           |  out|    1|  ap_ctrl_hs|  vpu_r1_0_Pipeline_VITIS_LOOP_116_8|  return value|
|ap_ready          |  out|    1|  ap_ctrl_hs|  vpu_r1_0_Pipeline_VITIS_LOOP_116_8|  return value|
|v2_dout           |   in|   32|     ap_fifo|                                  v2|       pointer|
|v2_empty_n        |   in|    1|     ap_fifo|                                  v2|       pointer|
|v2_read           |  out|    1|     ap_fifo|                                  v2|       pointer|
|v66               |   in|   32|     ap_none|                                 v66|        scalar|
|empty             |   in|   16|     ap_none|                               empty|        scalar|
|acc_2_out         |  out|   32|      ap_vld|                           acc_2_out|       pointer|
|acc_2_out_ap_vld  |  out|    1|      ap_vld|                           acc_2_out|       pointer|
+------------------+-----+-----+------------+------------------------------------+--------------+

