

================================================================
== Vitis HLS Report for 'vpu_r0_0'
================================================================
* Date:           Sat Sep 12 18:35:10 2026

* Version:        2023.2 (Build 4023990 on Oct 11 2023)
* Project:        prj
* Solution:       sol (Vivado IP Flow Target)
* Product family: virtexuplusHBM
* Target device:  xcu280-fsvh2892-2L-e


================================================================
== Performance Estimates
================================================================
+ Timing: 
    * Summary: 
    +--------+---------+----------+------------+
    |  Clock |  Target | Estimated| Uncertainty|
    +--------+---------+----------+------------+
    |ap_clk  |  3.33 ns|  2.431 ns|     0.90 ns|
    +--------+---------+----------+------------+

+ Latency: 
    * Summary: 
    +---------+--------------+----------+-------------+-----+--------------+---------+
    |    Latency (cycles)    |   Latency (absolute)   |      Interval      | Pipeline|
    |   min   |      max     |    min   |     max     | min |      max     |   Type  |
    +---------+--------------+----------+-------------+-----+--------------+---------+
    |       47|  133158272856|  0.157 us|  443.417 sec|   48|  133158272857|       no|
    +---------+--------------+----------+-------------+-----+--------------+---------+

    + Detail: 
        * Instance: 
        +-----------------------------------------------+------------------------------------+---------+---------+-----------+-----------+-----+-------+---------+
        |                                               |                                    |  Latency (cycles) |   Latency (absolute)  |   Interval  | Pipeline|
        |                    Instance                   |               Module               |   min   |   max   |    min    |    max    | min |  max  |   Type  |
        +-----------------------------------------------+------------------------------------+---------+---------+-----------+-----------+-----+-------+---------+
        |grp_vpu_r0_0_Pipeline_VITIS_LOOP_22_1_fu_246   |vpu_r0_0_Pipeline_VITIS_LOOP_22_1   |        4|        4|  13.320 ns|  13.320 ns|    4|      4|       no|
        |grp_vpu_r0_0_Pipeline_VITIS_LOOP_41_2_fu_253   |vpu_r0_0_Pipeline_VITIS_LOOP_41_2   |       18|       18|  59.940 ns|  59.940 ns|   18|     18|       no|
        |grp_vpu_r0_0_Pipeline_VITIS_LOOP_46_3_fu_258   |vpu_r0_0_Pipeline_VITIS_LOOP_46_3   |        2|    65537|   6.660 ns|   0.218 ms|    2|  65537|       no|
        |grp_vpu_r0_0_Pipeline_VITIS_LOOP_59_4_fu_268   |vpu_r0_0_Pipeline_VITIS_LOOP_59_4   |        2|       18|   6.660 ns|  59.940 ns|    2|     18|       no|
        |grp_vpu_r0_0_Pipeline_VITIS_LOOP_79_5_fu_277   |vpu_r0_0_Pipeline_VITIS_LOOP_79_5   |        6|        6|  19.980 ns|  19.980 ns|    6|      6|       no|
        |grp_vpu_r0_0_Pipeline_l_S_r0_2_r0_fu_285       |vpu_r0_0_Pipeline_l_S_r0_2_r0       |        6|        6|  19.980 ns|  19.980 ns|    6|      6|       no|
        |grp_vpu_r0_0_Pipeline_VITIS_LOOP_123_8_fu_297  |vpu_r0_0_Pipeline_VITIS_LOOP_123_8  |        2|    65538|   6.660 ns|   0.218 ms|    2|  65538|       no|
        +-----------------------------------------------+------------------------------------+---------+---------+-----------+-----------+-----+-------+---------+

        * Loop: 
        +-----------------------------------+---------+--------------+-----------+-----------+-----------+-------------+----------+
        |                                   |    Latency (cycles)    | Iteration |  Initiation Interval  |     Trip    |          |
        |             Loop Name             |   min   |      max     |  Latency  |  achieved |   target  |    Count    | Pipelined|
        +-----------------------------------+---------+--------------+-----------+-----------+-----------+-------------+----------+
        |- VITIS_LOOP_87_6_VITIS_LOOP_90_7  |        0|  133158207240|  3 ~ 65544|          -|          -|  0 ~ 2031585|        no|
        +-----------------------------------+---------+--------------+-----------+-----------+-----------+-------------+----------+



================================================================
== Utilization Estimates
================================================================
* Summary: 
+---------------------+---------+------+---------+---------+-----+
|         Name        | BRAM_18K|  DSP |    FF   |   LUT   | URAM|
+---------------------+---------+------+---------+---------+-----+
|DSP                  |        -|     -|        -|        -|    -|
|Expression           |        -|     -|        0|     2367|    -|
|FIFO                 |        -|     -|        -|        -|    -|
|Instance             |        -|     4|      620|     1186|    -|
|Memory               |        0|     -|       32|       33|    0|
|Multiplexer          |        -|     -|        -|      681|    -|
|Register             |        -|     -|     1042|        -|    -|
+---------------------+---------+------+---------+---------+-----+
|Total                |        0|     4|     1694|     4267|    0|
+---------------------+---------+------+---------+---------+-----+
|Available SLR        |     1344|  3008|   869120|   434560|  320|
+---------------------+---------+------+---------+---------+-----+
|Utilization SLR (%)  |        0|    ~0|       ~0|       ~0|    0|
+---------------------+---------+------+---------+---------+-----+
|Available            |     4032|  9024|  2607360|  1303680|  960|
+---------------------+---------+------+---------+---------+-----+
|Utilization (%)      |        0|    ~0|       ~0|       ~0|    0|
+---------------------+---------+------+---------+---------+-----+

+ Detail: 
    * Instance: 
    +-----------------------------------------------+------------------------------------+---------+----+-----+-----+-----+
    |                    Instance                   |               Module               | BRAM_18K| DSP|  FF | LUT | URAM|
    +-----------------------------------------------+------------------------------------+---------+----+-----+-----+-----+
    |mul_16ns_16ns_32_1_1_U32                       |mul_16ns_16ns_32_1_1                |        0|   1|    0|    0|    0|
    |mul_32s_32s_32_3_1_U28                         |mul_32s_32s_32_3_1                  |        0|   3|   34|   47|    0|
    |mux_4_2_32_1_1_U29                             |mux_4_2_32_1_1                      |        0|   0|    0|   20|    0|
    |mux_4_2_32_1_1_U30                             |mux_4_2_32_1_1                      |        0|   0|    0|   20|    0|
    |mux_4_2_32_1_1_U33                             |mux_4_2_32_1_1                      |        0|   0|    0|   20|    0|
    |mux_4_2_32_1_1_U34                             |mux_4_2_32_1_1                      |        0|   0|    0|   20|    0|
    |udiv_16ns_32ns_15_20_seq_1_U31                 |udiv_16ns_32ns_15_20_seq_1          |        0|   0|  394|  238|    0|
    |grp_vpu_r0_0_Pipeline_VITIS_LOOP_123_8_fu_297  |vpu_r0_0_Pipeline_VITIS_LOOP_123_8  |        0|   0|   86|  143|    0|
    |grp_vpu_r0_0_Pipeline_VITIS_LOOP_22_1_fu_246   |vpu_r0_0_Pipeline_VITIS_LOOP_22_1   |        0|   0|   68|  292|    0|
    |grp_vpu_r0_0_Pipeline_VITIS_LOOP_41_2_fu_253   |vpu_r0_0_Pipeline_VITIS_LOOP_41_2   |        0|   0|    7|   52|    0|
    |grp_vpu_r0_0_Pipeline_VITIS_LOOP_46_3_fu_258   |vpu_r0_0_Pipeline_VITIS_LOOP_46_3   |        0|   0|   13|   95|    0|
    |grp_vpu_r0_0_Pipeline_VITIS_LOOP_59_4_fu_268   |vpu_r0_0_Pipeline_VITIS_LOOP_59_4   |        0|   0|    8|   85|    0|
    |grp_vpu_r0_0_Pipeline_VITIS_LOOP_79_5_fu_277   |vpu_r0_0_Pipeline_VITIS_LOOP_79_5   |        0|   0|    5|   49|    0|
    |grp_vpu_r0_0_Pipeline_l_S_r0_2_r0_fu_285       |vpu_r0_0_Pipeline_l_S_r0_2_r0       |        0|   0|    5|  105|    0|
    +-----------------------------------------------+------------------------------------+---------+----+-----+-----+-----+
    |Total                                          |                                    |        0|   4|  620| 1186|    0|
    +-----------------------------------------------+------------------------------------+---------+----+-----+-----+-----+

    * DSP: 
    N/A

    * Memory: 
    +--------+--------------------+---------+----+----+-----+------+-----+------+-------------+
    | Memory |       Module       | BRAM_18K| FF | LUT| URAM| Words| Bits| Banks| W*Bits*Banks|
    +--------+--------------------+---------+----+----+-----+------+-----+------+-------------+
    |prog_U  |prog_RAM_AUTO_1R1W  |        0|  32|  33|    0|    16|   32|     1|          512|
    +--------+--------------------+---------+----+----+-----+------+-----+------+-------------+
    |Total   |                    |        0|  32|  33|    0|    16|   32|     1|          512|
    +--------+--------------------+---------+----+----+-----+------+-----+------+-------------+

    * FIFO: 
    N/A

    * Expression: 
    +---------------------------------+----------+----+---+----+------------+------------+
    |          Variable Name          | Operation| DSP| FF| LUT| Bitwidth P0| Bitwidth P1|
    +---------------------------------+----------+----+---+----+------------+------------+
    |add_ln87_fu_446_p2               |         +|   0|  0|  39|          32|           1|
    |add_ln90_fu_1010_p2              |         +|   0|  0|  23|          16|           1|
    |v128_fu_1078_p2                  |         +|   0|  0|  39|          32|          32|
    |v97_fu_1180_p2                   |         +|   0|  0|  39|          32|          32|
    |v140_fu_1024_p2                  |         -|   0|  0|  39|          32|          32|
    |v28_fu_368_p2                    |         -|   0|  0|  13|           5|           6|
    |ap_block_state34                 |       and|   0|  0|   2|           1|           1|
    |v173_fu_831_p2                   |      ashr|   0|  0|  92|          32|          32|
    |icmp_ln138_1_fu_517_p2           |      icmp|   0|  0|   9|           2|           1|
    |icmp_ln138_2_fu_523_p2           |      icmp|   0|  0|  10|           2|           3|
    |icmp_ln138_fu_511_p2             |      icmp|   0|  0|   9|           2|           1|
    |icmp_ln87_fu_441_p2              |      icmp|   0|  0|  39|          32|          32|
    |icmp_ln90_fu_455_p2              |      icmp|   0|  0|  23|          16|          16|
    |v161_fu_884_p2                   |      icmp|   0|  0|  39|          32|          32|
    |v183_fu_759_p2                   |      icmp|   0|  0|  38|          31|           5|
    |v37_fu_380_p2                    |      icmp|   0|  0|  39|          32|           1|
    |ap_block_state1                  |        or|   0|  0|   2|           1|           1|
    |ap_block_state3_on_subcall_done  |        or|   0|  0|   2|           1|           1|
    |or_ln138_1_fu_535_p2             |        or|   0|  0|   2|           1|           1|
    |or_ln138_fu_529_p2               |        or|   0|  0|   2|           1|           1|
    |e_fu_747_p3                      |    select|   0|  0|  31|           1|           1|
    |reg_0_1_fu_1248_p3               |    select|   0|  0|  32|           1|          32|
    |reg_0_2_fu_1254_p3               |    select|   0|  0|  32|           1|          32|
    |reg_0_fu_1242_p3                 |    select|   0|  0|  32|           1|          32|
    |reg_3_10_fu_1146_p3              |    select|   0|  0|  32|           1|          32|
    |reg_3_11_fu_1153_p3              |    select|   0|  0|  32|           1|          32|
    |reg_3_13_fu_683_p3               |    select|   0|  0|  32|           1|          32|
    |reg_3_14_fu_691_p3               |    select|   0|  0|  32|           1|          32|
    |reg_3_15_fu_699_p3               |    select|   0|  0|  32|           1|          32|
    |reg_3_16_fu_707_p3               |    select|   0|  0|  32|           1|          32|
    |reg_3_18_fu_617_p3               |    select|   0|  0|  32|           1|          32|
    |reg_3_19_fu_625_p3               |    select|   0|  0|  32|           1|          32|
    |reg_3_1_fu_1236_p3               |    select|   0|  0|  32|           1|          32|
    |reg_3_20_fu_633_p3               |    select|   0|  0|  32|           1|          32|
    |reg_3_21_fu_641_p3               |    select|   0|  0|  32|           1|          32|
    |reg_3_23_fu_1084_p3              |    select|   0|  0|  32|           1|          32|
    |reg_3_24_fu_1091_p3              |    select|   0|  0|  32|           1|          32|
    |reg_3_25_fu_1098_p3              |    select|   0|  0|  32|           1|          32|
    |reg_3_26_fu_1105_p3              |    select|   0|  0|  32|           1|          32|
    |reg_3_28_fu_1030_p3              |    select|   0|  0|  32|           1|          32|
    |reg_3_29_fu_1037_p3              |    select|   0|  0|  32|           1|          32|
    |reg_3_30_fu_1044_p3              |    select|   0|  0|  32|           1|          32|
    |reg_3_31_fu_1051_p3              |    select|   0|  0|  32|           1|          32|
    |reg_3_33_fu_970_p3               |    select|   0|  0|  32|           1|          32|
    |reg_3_34_fu_975_p3               |    select|   0|  0|  32|           1|          32|
    |reg_3_35_fu_980_p3               |    select|   0|  0|  32|           1|          32|
    |reg_3_36_fu_985_p3               |    select|   0|  0|  32|           1|          32|
    |reg_3_38_fu_890_p3               |    select|   0|  0|  32|           1|          32|
    |reg_3_39_fu_897_p3               |    select|   0|  0|  32|           1|          32|
    |reg_3_3_fu_1192_p3               |    select|   0|  0|  32|           1|          32|
    |reg_3_40_fu_904_p3               |    select|   0|  0|  32|           1|          32|
    |reg_3_41_fu_911_p3               |    select|   0|  0|  32|           1|          32|
    |reg_3_42_fu_918_p3               |    select|   0|  0|  32|           1|          32|
    |reg_3_43_fu_926_p3               |    select|   0|  0|  32|           1|          32|
    |reg_3_44_fu_934_p3               |    select|   0|  0|  32|           1|          32|
    |reg_3_45_fu_942_p3               |    select|   0|  0|  32|           1|          32|
    |reg_3_47_fu_836_p3               |    select|   0|  0|  32|           1|          32|
    |reg_3_48_fu_843_p3               |    select|   0|  0|  32|           1|          32|
    |reg_3_49_fu_850_p3               |    select|   0|  0|  32|           1|          32|
    |reg_3_4_fu_1199_p3               |    select|   0|  0|  32|           1|          32|
    |reg_3_50_fu_857_p3               |    select|   0|  0|  32|           1|          32|
    |reg_3_52_fu_787_p3               |    select|   0|  0|  32|           1|          32|
    |reg_3_53_fu_794_p3               |    select|   0|  0|  32|           1|          32|
    |reg_3_54_fu_801_p3               |    select|   0|  0|  32|           1|          32|
    |reg_3_55_fu_808_p3               |    select|   0|  0|  32|           1|          32|
    |reg_3_57_fu_541_p3               |    select|   0|  0|  32|           1|          32|
    |reg_3_58_fu_548_p3               |    select|   0|  0|  32|           1|          32|
    |reg_3_59_fu_555_p3               |    select|   0|  0|  32|           1|          32|
    |reg_3_60_fu_562_p3               |    select|   0|  0|  32|           1|          32|
    |reg_3_6_fu_1206_p3               |    select|   0|  0|  32|           1|          32|
    |reg_3_8_fu_1132_p3               |    select|   0|  0|  32|           1|          32|
    |reg_3_9_fu_1139_p3               |    select|   0|  0|  32|           1|          32|
    |reg_3_fu_1185_p3                 |    select|   0|  0|  32|           1|          32|
    |select_ln87_fu_460_p3            |    select|   0|  0|  16|           1|           1|
    |v109_fu_677_p3                   |    select|   0|  0|  32|           1|          32|
    |v185_fu_775_p3                   |    select|   0|  0|  32|           1|          32|
    |shl_ln278_fu_765_p2              |       shl|   0|  0|  92|           1|          32|
    +---------------------------------+----------+----+---+----+------------+------------+
    |Total                            |          |   0|  0|2367|         392|        1994|
    +---------------------------------+----------+----+---+----+------------+------------+

    * Multiplexer: 
    +-----------------------+-----+-----------+-----+-----------+
    |          Name         | LUT | Input Size| Bits| Total Bits|
    +-----------------------+-----+-----------+-----+-----------+
    |ap_NS_fsm              |  213|         49|    1|         49|
    |indvar_flatten_fu_170  |    9|          2|   32|         64|
    |prog_address0          |   20|          4|    4|         16|
    |prog_ce0               |   20|          4|    1|          4|
    |prog_d0                |   14|          3|   32|         96|
    |prog_we0               |   14|          3|    1|          3|
    |rcp_reg_235            |    9|          2|   15|         30|
    |reg_0_5_fu_174         |   65|         13|   32|        416|
    |reg_1_5_fu_178         |   65|         13|   32|        416|
    |reg_2_5_fu_182         |   65|         13|   32|        416|
    |reg_3_5_fu_186         |   65|         13|   32|        416|
    |v0_blk_n               |    9|          2|    1|          2|
    |v1_blk_n               |    9|          2|    1|          2|
    |v1_read                |   20|          4|    1|          4|
    |v2_blk_n               |    9|          2|    1|          2|
    |v2_din                 |   14|          3|   32|         96|
    |v2_write               |   20|          4|    1|          4|
    |v3_blk_n               |    9|          2|    1|          2|
    |v3_read                |   14|          3|    1|          3|
    |v48_fu_166             |    9|          2|   16|         32|
    |v4_blk_n               |    9|          2|    1|          2|
    +-----------------------+-----+-----------+-----+-----------+
    |Total                  |  681|        145|  270|       2075|
    +-----------------------+-----+-----------+-----+-----------+

    * Register: 
    +------------------------------------------------------------+----+----+-----+-----------+
    |                            Name                            | FF | LUT| Bits| Const Bits|
    +------------------------------------------------------------+----+----+-----+-----------+
    |add_ln87_reg_1478                                           |  32|   0|   32|          0|
    |ap_CS_fsm                                                   |  48|   0|   48|          0|
    |grp_vpu_r0_0_Pipeline_VITIS_LOOP_123_8_fu_297_ap_start_reg  |   1|   0|    1|          0|
    |grp_vpu_r0_0_Pipeline_VITIS_LOOP_22_1_fu_246_ap_start_reg   |   1|   0|    1|          0|
    |grp_vpu_r0_0_Pipeline_VITIS_LOOP_41_2_fu_253_ap_start_reg   |   1|   0|    1|          0|
    |grp_vpu_r0_0_Pipeline_VITIS_LOOP_46_3_fu_258_ap_start_reg   |   1|   0|    1|          0|
    |grp_vpu_r0_0_Pipeline_VITIS_LOOP_59_4_fu_268_ap_start_reg   |   1|   0|    1|          0|
    |grp_vpu_r0_0_Pipeline_VITIS_LOOP_79_5_fu_277_ap_start_reg   |   1|   0|    1|          0|
    |grp_vpu_r0_0_Pipeline_l_S_r0_2_r0_fu_285_ap_start_reg       |   1|   0|    1|          0|
    |icmp_ln138_1_reg_1530                                       |   1|   0|    1|          0|
    |icmp_ln138_2_reg_1543                                       |   1|   0|    1|          0|
    |icmp_ln138_reg_1517                                         |   1|   0|    1|          0|
    |indvar_flatten_fu_170                                       |  32|   0|   32|          0|
    |lshr_ln1_reg_1507                                           |   2|   0|    2|          0|
    |lshr_ln_reg_1502                                            |   2|   0|    2|          0|
    |mul_ln87_reg_1470                                           |  32|   0|   32|          0|
    |or_ln138_1_reg_1556                                         |   1|   0|    1|          0|
    |rcp_reg_235                                                 |  15|   0|   15|          0|
    |reg_0_5_fu_174                                              |  32|   0|   32|          0|
    |reg_0_5_load62_reg_1569                                     |  32|   0|   32|          0|
    |reg_0_5_load_1_reg_1632                                     |  32|   0|   32|          0|
    |reg_1_5_fu_178                                              |  32|   0|   32|          0|
    |reg_1_5_load_1_reg_1637                                     |  32|   0|   32|          0|
    |reg_1_5_load_5_reg_1574                                     |  32|   0|   32|          0|
    |reg_2_5_fu_182                                              |  32|   0|   32|          0|
    |reg_2_5_load_1_reg_1642                                     |  32|   0|   32|          0|
    |reg_2_5_load_6_reg_1579                                     |  32|   0|   32|          0|
    |reg_3_52_reg_1599                                           |  32|   0|   32|          0|
    |reg_3_53_reg_1604                                           |  32|   0|   32|          0|
    |reg_3_54_reg_1609                                           |  32|   0|   32|          0|
    |reg_3_55_reg_1614                                           |  32|   0|   32|          0|
    |reg_3_5_fu_186                                              |  32|   0|   32|          0|
    |reg_3_5_load26_reg_1584                                     |  32|   0|   32|          0|
    |reg_3_5_load_1_reg_1647                                     |  32|   0|   32|          0|
    |select_ln87_reg_1483                                        |  16|   0|   16|          0|
    |trunc_ln58_reg_1339                                         |   6|   0|    6|          0|
    |trunc_ln5_reg_1498                                          |   8|   0|    8|          0|
    |trunc_ln_reg_1334                                           |  16|   0|   16|          0|
    |v0_read_reg_1322                                            |  64|   0|   64|          0|
    |v10_reg_1327                                                |  16|   0|   16|          0|
    |v145_reg_1589                                               |  32|   0|   32|          0|
    |v148_reg_1594                                               |  32|   0|   32|          0|
    |v152_reg_1619                                               |  32|   0|   32|          0|
    |v28_reg_1344                                                |   6|   0|    6|          0|
    |v37_reg_1355                                                |   1|   0|    1|          0|
    |v48_fu_166                                                  |  16|   0|   16|          0|
    |v70_reg_1652                                                |  32|   0|   32|          0|
    |v72_reg_1493                                                |  16|   0|   16|          0|
    |v88_reg_1627                                                |  32|   0|   32|          0|
    |zext_ln110_reg_1512                                         |  16|   0|   32|         16|
    |zext_ln69_reg_1462                                          |  15|   0|   32|         17|
    +------------------------------------------------------------+----+----+-----+-----------+
    |Total                                                       |1042|   0| 1075|         33|
    +------------------------------------------------------------+----+----+-----+-----------+



================================================================
== Interface
================================================================
* Summary: 
+------------+-----+-----+--------------+--------------+--------------+
|  RTL Ports | Dir | Bits|   Protocol   | Source Object|    C Type    |
+------------+-----+-----+--------------+--------------+--------------+
|ap_clk      |   in|    1|  ap_ctrl_none|      vpu_r0_0|  return value|
|ap_rst      |   in|    1|  ap_ctrl_none|      vpu_r0_0|  return value|
|v0_dout     |   in|   64|       ap_fifo|            v0|       pointer|
|v0_empty_n  |   in|    1|       ap_fifo|            v0|       pointer|
|v0_read     |  out|    1|       ap_fifo|            v0|       pointer|
|v1_dout     |   in|   32|       ap_fifo|            v1|       pointer|
|v1_empty_n  |   in|    1|       ap_fifo|            v1|       pointer|
|v1_read     |  out|    1|       ap_fifo|            v1|       pointer|
|v2_din      |  out|   32|       ap_fifo|            v2|       pointer|
|v2_full_n   |   in|    1|       ap_fifo|            v2|       pointer|
|v2_write    |  out|    1|       ap_fifo|            v2|       pointer|
|v3_dout     |   in|   32|       ap_fifo|            v3|       pointer|
|v3_empty_n  |   in|    1|       ap_fifo|            v3|       pointer|
|v3_read     |  out|    1|       ap_fifo|            v3|       pointer|
|v4_din      |  out|   32|       ap_fifo|            v4|       pointer|
|v4_full_n   |   in|    1|       ap_fifo|            v4|       pointer|
|v4_write    |  out|    1|       ap_fifo|            v4|       pointer|
+------------+-----+-----+--------------+--------------+--------------+

