Copyright 1986-2022 Xilinx, Inc. All Rights Reserved. Copyright 2022-2023 Advanced Micro Devices, Inc. All Rights Reserved.
--------------------------------------------------------------------------------------------------------------------------------------------------
| Tool Version      : Vivado v.2023.2 (lin64) Build 4029153 Fri Oct 13 20:13:54 MDT 2023
| Date              : Tue Sep  8 05:27:37 2026
| Host              : brg-zhang-xcel.ece.cornell.edu running 64-bit Red Hat Enterprise Linux 9.8 (Plow)
| Command           : report_timing_summary -file timing.rpt
| Design            : dut_norm
| Device            : xcu280-fsvh2892
| Speed File        : -2L  PRODUCTION 1.30 05-01-2022
| Design State      : Routed
| Temperature Grade : E
--------------------------------------------------------------------------------------------------------------------------------------------------

Timing Summary Report

------------------------------------------------------------------------------------------------
| Timer Settings
| --------------
------------------------------------------------------------------------------------------------

  Enable Multi Corner Analysis               :  Yes
  Enable Pessimism Removal                   :  Yes
  Pessimism Removal Resolution               :  Nearest Common Node
  Enable Input Delay Default Clock           :  No
  Enable Preset / Clear Arcs                 :  No
  Disable Flight Delays                      :  No
  Ignore I/O Paths                           :  No
  Timing Early Launch at Borrowing Latches   :  No
  Borrow Time for Max Delay Exceptions       :  Yes
  Merge Timing Exceptions                    :  Yes
  Inter-SLR Compensation                     :  Conservative

  Corner  Analyze    Analyze    
  Name    Max Paths  Min Paths  
  ------  ---------  ---------  
  Slow    Yes        Yes        
  Fast    Yes        Yes        


------------------------------------------------------------------------------------------------
| Report Methodology
| ------------------
------------------------------------------------------------------------------------------------

No report available as report_methodology has not been run prior. Run report_methodology on the current design for the summary of methodology violations.



check_timing report

Table of Contents
-----------------
1. checking no_clock (0)
2. checking constant_clock (0)
3. checking pulse_width_clock (0)
4. checking unconstrained_internal_endpoints (0)
5. checking no_input_delay (153)
6. checking no_output_delay (280)
7. checking multiple_clock (0)
8. checking generated_clocks (0)
9. checking loops (0)
10. checking partial_input_delay (0)
11. checking partial_output_delay (0)
12. checking latch_loops (0)

1. checking no_clock (0)
------------------------
 There are 0 register/latch pins with no clock.


2. checking constant_clock (0)
------------------------------
 There are 0 register/latch pins with constant_clock.


3. checking pulse_width_clock (0)
---------------------------------
 There are 0 register/latch pins which need pulse_width check


4. checking unconstrained_internal_endpoints (0)
------------------------------------------------
 There are 0 pins that are not constrained for maximum delay.

 There are 0 pins that are not constrained for maximum delay due to constant clock.


5. checking no_input_delay (153)
--------------------------------
 There are 153 input ports with no input delay specified. (HIGH)

 There are 0 input ports with no input delay but user has a false path constraint.


6. checking no_output_delay (280)
---------------------------------
 There are 280 ports with no output delay specified. (HIGH)

 There are 0 ports with no output delay but user has a false path constraint

 There are 0 ports with no output delay but with a timing clock defined on it or propagating through it


7. checking multiple_clock (0)
------------------------------
 There are 0 register/latch pins with multiple clocks.


8. checking generated_clocks (0)
--------------------------------
 There are 0 generated clocks that are not connected to a clock source.


9. checking loops (0)
---------------------
 There are 0 combinational loops in the design.


10. checking partial_input_delay (0)
------------------------------------
 There are 0 input ports with partial input delay specified.


11. checking partial_output_delay (0)
-------------------------------------
 There are 0 ports with partial output delay specified.


12. checking latch_loops (0)
----------------------------
 There are 0 combinational latch loops in the design through latch input



------------------------------------------------------------------------------------------------
| Design Timing Summary
| ---------------------
------------------------------------------------------------------------------------------------

    WNS(ns)      TNS(ns)  TNS Failing Endpoints  TNS Total Endpoints      WHS(ns)      THS(ns)  THS Failing Endpoints  THS Total Endpoints     WPWS(ns)     TPWS(ns)  TPWS Failing Endpoints  TPWS Total Endpoints  
    -------      -------  ---------------------  -------------------      -------      -------  ---------------------  -------------------     --------     --------  ----------------------  --------------------  
      1.399        0.000                      0                33664        0.041        0.000                      0                33664        1.134        0.000                       0                  8679  


All user specified timing constraints are met.


------------------------------------------------------------------------------------------------
| Clock Summary
| -------------
------------------------------------------------------------------------------------------------

Clock   Waveform(ns)         Period(ns)      Frequency(MHz)
-----   ------------         ----------      --------------
ap_clk  {0.000 1.666}        3.333           300.030         


------------------------------------------------------------------------------------------------
| Intra Clock Table
| -----------------
------------------------------------------------------------------------------------------------

Clock             WNS(ns)      TNS(ns)  TNS Failing Endpoints  TNS Total Endpoints      WHS(ns)      THS(ns)  THS Failing Endpoints  THS Total Endpoints     WPWS(ns)     TPWS(ns)  TPWS Failing Endpoints  TPWS Total Endpoints  
-----             -------      -------  ---------------------  -------------------      -------      -------  ---------------------  -------------------     --------     --------  ----------------------  --------------------  
ap_clk              1.399        0.000                      0                33664        0.041        0.000                      0                33664        1.134        0.000                       0                  8679  


------------------------------------------------------------------------------------------------
| Inter Clock Table
| -----------------
------------------------------------------------------------------------------------------------

From Clock    To Clock          WNS(ns)      TNS(ns)  TNS Failing Endpoints  TNS Total Endpoints      WHS(ns)      THS(ns)  THS Failing Endpoints  THS Total Endpoints  
----------    --------          -------      -------  ---------------------  -------------------      -------      -------  ---------------------  -------------------  


------------------------------------------------------------------------------------------------
| Other Path Groups Table
| -----------------------
------------------------------------------------------------------------------------------------

Path Group    From Clock    To Clock          WNS(ns)      TNS(ns)  TNS Failing Endpoints  TNS Total Endpoints      WHS(ns)      THS(ns)  THS Failing Endpoints  THS Total Endpoints  
----------    ----------    --------          -------      -------  ---------------------  -------------------      -------      -------  ---------------------  -------------------  


------------------------------------------------------------------------------------------------
| Timing Details
| --------------
------------------------------------------------------------------------------------------------


---------------------------------------------------------------------------------------------------
From Clock:  ap_clk
  To Clock:  ap_clk

Setup :            0  Failing Endpoints,  Worst Slack        1.399ns,  Total Violation        0.000ns
Hold  :            0  Failing Endpoints,  Worst Slack        0.041ns,  Total Violation        0.000ns
PW    :            0  Failing Endpoints,  Worst Slack        1.134ns,  Total Violation        0.000ns
---------------------------------------------------------------------------------------------------


Max Delay Paths
--------------------------------------------------------------------------------------
Slack (MET) :             1.399ns  (required time - arrival time)
  Source:                 dut/u_pe_r2_0_1/u/grp_pe_r2_0_Pipeline_l_S_k_0_k_fu_61/ap_enable_reg_pp0_iter1_reg/C
                            (rising edge-triggered cell FDRE clocked by ap_clk  {rise@0.000ns fall@1.666ns period=3.333ns})
  Destination:            dut/u_pe_r2_0_1/u/grp_pe_r2_0_Pipeline_l_S_k_0_k_fu_61/mac_muladd_8s_8s_19s_19_4_1_U1/pe_r2_0_mac_muladd_8s_8s_19s_19_4_1_DSP48_0_U/p_reg_reg/DSP_C_DATA_INST/RSTC
                            (rising edge-triggered cell DSP_C_DATA clocked by ap_clk  {rise@0.000ns fall@1.666ns period=3.333ns})
  Path Group:             ap_clk
  Path Type:              Setup (Max at Slow Process Corner)
  Requirement:            3.333ns  (ap_clk rise@3.333ns - ap_clk rise@0.000ns)
  Data Path Delay:        1.705ns  (logic 0.345ns (20.231%)  route 1.360ns (79.769%))
  Logic Levels:           2  (LUT3=1 LUT5=1)
  Clock Path Skew:        0.013ns (DCD - SCD + CPR)
    Destination Clock Delay (DCD):    0.043ns = ( 3.376 - 3.333 ) 
    Source Clock Delay      (SCD):    0.030ns
    Clock Pessimism Removal (CPR):    0.000ns
  Clock Uncertainty:      0.035ns  ((TSJ^2 + TIJ^2)^1/2 + DJ) / 2 + PE
    Total System Jitter     (TSJ):    0.071ns
    Total Input Jitter      (TIJ):    0.000ns
    Discrete Jitter          (DJ):    0.000ns
    Phase Error              (PE):    0.000ns

    Location             Delay type                Incr(ns)  Path(ns)    Netlist Resource(s)
  -------------------------------------------------------------------    -------------------
                         (clock ap_clk rise edge)     0.000     0.000 r  
                                                      0.000     0.000 r  ap_clk (IN)
                         net (fo=8935, unset)         0.030     0.030    dut/u_pe_r2_0_1/u/grp_pe_r2_0_Pipeline_l_S_k_0_k_fu_61/ap_clk
    SLICE_X88Y128        FDRE                                         r  dut/u_pe_r2_0_1/u/grp_pe_r2_0_Pipeline_l_S_k_0_k_fu_61/ap_enable_reg_pp0_iter1_reg/C
  -------------------------------------------------------------------    -------------------
    SLICE_X88Y128        FDRE (Prop_HFF_SLICEM_C_Q)
                                                      0.079     0.109 f  dut/u_pe_r2_0_1/u/grp_pe_r2_0_Pipeline_l_S_k_0_k_fu_61/ap_enable_reg_pp0_iter1_reg/Q
                         net (fo=13, routed)          0.217     0.326    dut/g_pe_a_out_a_in[1].u/ap_enable_reg_pp0_iter1
    SLICE_X88Y132        LUT5 (Prop_A6LUT_SLICEM_I4_O)
                                                      0.150     0.476 r  dut/g_pe_a_out_a_in[1].u/ap_enable_reg_pp0_iter2_i_1__41/O
                         net (fo=26, routed)          0.406     0.882    dut/u_pe_r2_0_1/u/grp_pe_r2_0_Pipeline_l_S_k_0_k_fu_61/flow_control_loop_pipe_sequential_init_U/ap_block_pp0_stage0_subdone
    SLICE_X88Y128        LUT3 (Prop_B5LUT_SLICEM_I0_O)
                                                      0.116     0.998 r  dut/u_pe_r2_0_1/u/grp_pe_r2_0_Pipeline_l_S_k_0_k_fu_61/flow_control_loop_pipe_sequential_init_U/p_reg_reg_i_3__41/O
                         net (fo=20, routed)          0.737     1.735    dut/u_pe_r2_0_1/u/grp_pe_r2_0_Pipeline_l_S_k_0_k_fu_61/mac_muladd_8s_8s_19s_19_4_1_U1/pe_r2_0_mac_muladd_8s_8s_19s_19_4_1_DSP48_0_U/p_reg_reg/RSTC
    DSP48E2_X11Y48       DSP_C_DATA                                   r  dut/u_pe_r2_0_1/u/grp_pe_r2_0_Pipeline_l_S_k_0_k_fu_61/mac_muladd_8s_8s_19s_19_4_1_U1/pe_r2_0_mac_muladd_8s_8s_19s_19_4_1_DSP48_0_U/p_reg_reg/DSP_C_DATA_INST/RSTC
  -------------------------------------------------------------------    -------------------

                         (clock ap_clk rise edge)     3.333     3.333 r  
                                                      0.000     3.333 r  ap_clk (IN)
                         net (fo=8935, unset)         0.043     3.376    dut/u_pe_r2_0_1/u/grp_pe_r2_0_Pipeline_l_S_k_0_k_fu_61/mac_muladd_8s_8s_19s_19_4_1_U1/pe_r2_0_mac_muladd_8s_8s_19s_19_4_1_DSP48_0_U/p_reg_reg/CLK
    DSP48E2_X11Y48       DSP_C_DATA                                   r  dut/u_pe_r2_0_1/u/grp_pe_r2_0_Pipeline_l_S_k_0_k_fu_61/mac_muladd_8s_8s_19s_19_4_1_U1/pe_r2_0_mac_muladd_8s_8s_19s_19_4_1_DSP48_0_U/p_reg_reg/DSP_C_DATA_INST/CLK
                         clock pessimism              0.000     3.376    
                         clock uncertainty           -0.035     3.341    
    DSP48E2_X11Y48       DSP_C_DATA (Setup_DSP_C_DATA_DSP48E2_CLK_RSTC)
                                                     -0.206     3.135    dut/u_pe_r2_0_1/u/grp_pe_r2_0_Pipeline_l_S_k_0_k_fu_61/mac_muladd_8s_8s_19s_19_4_1_U1/pe_r2_0_mac_muladd_8s_8s_19s_19_4_1_DSP48_0_U/p_reg_reg/DSP_C_DATA_INST
  -------------------------------------------------------------------
                         required time                          3.135    
                         arrival time                          -1.735    
  -------------------------------------------------------------------
                         slack                                  1.399    





Min Delay Paths
--------------------------------------------------------------------------------------
Slack (MET) :             0.041ns  (arrival time - required time)
  Source:                 dut/u_pe_r0_3_6/u/ap_CS_fsm_reg[3]/C
                            (rising edge-triggered cell FDRE clocked by ap_clk  {rise@0.000ns fall@1.666ns period=3.333ns})
  Destination:            dut/u_pe_r0_3_6/u/ap_CS_fsm_reg[4]/D
                            (rising edge-triggered cell FDRE clocked by ap_clk  {rise@0.000ns fall@1.666ns period=3.333ns})
  Path Group:             ap_clk
  Path Type:              Hold (Min at Fast Process Corner)
  Requirement:            0.000ns  (ap_clk rise@0.000ns - ap_clk rise@0.000ns)
  Data Path Delay:        0.094ns  (logic 0.039ns (41.489%)  route 0.055ns (58.511%))
  Logic Levels:           0  
  Clock Path Skew:        0.006ns (DCD - SCD - CPR)
    Destination Clock Delay (DCD):    0.018ns
    Source Clock Delay      (SCD):    0.012ns
    Clock Pessimism Removal (CPR):    -0.000ns

    Location             Delay type                Incr(ns)  Path(ns)    Netlist Resource(s)
  -------------------------------------------------------------------    -------------------
                         (clock ap_clk rise edge)     0.000     0.000 r  
                                                      0.000     0.000 r  ap_clk (IN)
                         net (fo=8935, unset)         0.012     0.012    dut/u_pe_r0_3_6/u/ap_clk
    SLICE_X67Y103        FDRE                                         r  dut/u_pe_r0_3_6/u/ap_CS_fsm_reg[3]/C
  -------------------------------------------------------------------    -------------------
    SLICE_X67Y103        FDRE (Prop_CFF_SLICEL_C_Q)
                                                      0.039     0.051 r  dut/u_pe_r0_3_6/u/ap_CS_fsm_reg[3]/Q
                         net (fo=1, routed)           0.055     0.106    dut/u_pe_r0_3_6/u/ap_CS_fsm_reg_n_0_[3]
    SLICE_X68Y103        FDRE                                         r  dut/u_pe_r0_3_6/u/ap_CS_fsm_reg[4]/D
  -------------------------------------------------------------------    -------------------

                         (clock ap_clk rise edge)     0.000     0.000 r  
                                                      0.000     0.000 r  ap_clk (IN)
                         net (fo=8935, unset)         0.018     0.018    dut/u_pe_r0_3_6/u/ap_clk
    SLICE_X68Y103        FDRE                                         r  dut/u_pe_r0_3_6/u/ap_CS_fsm_reg[4]/C
                         clock pessimism              0.000     0.018    
    SLICE_X68Y103        FDRE (Hold_AFF2_SLICEL_C_D)
                                                      0.047     0.065    dut/u_pe_r0_3_6/u/ap_CS_fsm_reg[4]
  -------------------------------------------------------------------
                         required time                         -0.065    
                         arrival time                           0.106    
  -------------------------------------------------------------------
                         slack                                  0.041    





Pulse Width Checks
--------------------------------------------------------------------------------------
Clock Name:         ap_clk
Waveform(ns):       { 0.000 1.666 }
Period(ns):         3.333
Sources:            { ap_clk }

Check Type        Corner  Lib Pin     Reference Pin  Required(ns)  Actual(ns)  Slack(ns)  Location       Pin
Min Period        n/a     SRL16E/CLK  n/a            1.064         3.333       2.269      SLICE_X85Y122  dut/u_pe_r0_1_1/u/grp_pe_r0_0_Pipeline_l_S_k_0_k_fu_61/ap_loop_exit_ready_pp0_iter2_reg_reg_srl2/CLK
Low Pulse Width   Slow    SRL16E/CLK  n/a            0.532         1.667       1.135      SLICE_X85Y122  dut/u_pe_r0_1_1/u/grp_pe_r0_0_Pipeline_l_S_k_0_k_fu_61/ap_loop_exit_ready_pp0_iter2_reg_reg_srl2/CLK
High Pulse Width  Slow    SRL16E/CLK  n/a            0.532         1.666       1.134      SLICE_X85Y122  dut/u_pe_r0_1_1/u/grp_pe_r0_0_Pipeline_l_S_k_0_k_fu_61/ap_loop_exit_ready_pp0_iter2_reg_reg_srl2/CLK



