

================================================================
== Vitis HLS Report for 'blk16_r0_0'
================================================================
* Date:           Wed Sep 23 05:16:00 2026

* Version:        2023.2 (Build 4023990 on Oct 11 2023)
* Project:        prj
* Solution:       sol (Vivado IP Flow Target)
* Product family: virtexuplusHBM
* Target device:  xcu280-fsvh2892-2L-e


================================================================
== Performance Estimates
================================================================
+ Timing: 
    * Summary: 
    +--------+---------+----------+------------+
    |  Clock |  Target | Estimated| Uncertainty|
    +--------+---------+----------+------------+
    |ap_clk  |  4.75 ns|  3.720 ns|     0.90 ns|
    +--------+---------+----------+------------+

+ Latency: 
    * Summary: 
    +---------+---------+----------+----------+-----+-----+---------+
    |  Latency (cycles) |  Latency (absolute) |  Interval | Pipeline|
    |   min   |   max   |    min   |    max   | min | max |   Type  |
    +---------+---------+----------+----------+-----+-----+---------+
    |      283|      283|  1.344 us|  1.344 us|  284|  284|       no|
    +---------+---------+----------+----------+-----+-----+---------+

    + Detail: 
        * Instance: 
        +-------------------------------------------+-------------------------------+---------+---------+-----------+-----------+-----+-----+---------+
        |                                           |                               |  Latency (cycles) |   Latency (absolute)  |  Interval | Pipeline|
        |                  Instance                 |             Module            |   min   |   max   |    min    |    max    | min | max |   Type  |
        +-------------------------------------------+-------------------------------+---------+---------+-----------+-----------+-----+-----+---------+
        |grp_blk16_r0_0_Pipeline_l_S_k_0_k_fu_1178  |blk16_r0_0_Pipeline_l_S_k_0_k  |       19|       19|  90.250 ns|  90.250 ns|   19|   19|       no|
        |grp_blk16_r0_0_Pipeline_l_S_s_1_s_fu_1470  |blk16_r0_0_Pipeline_l_S_s_1_s  |      260|      260|   1.235 us|   1.235 us|  260|  260|       no|
        +-------------------------------------------+-------------------------------+---------+---------+-----------+-----------+-----+-----+---------+

        * Loop: 
        N/A



================================================================
== Utilization Estimates
================================================================
* Summary: 
+---------------------+---------+------+---------+---------+-----+
|         Name        | BRAM_18K|  DSP |    FF   |   LUT   | URAM|
+---------------------+---------+------+---------+---------+-----+
|DSP                  |        -|     -|        -|        -|    -|
|Expression           |        -|     -|        -|        -|    -|
|FIFO                 |        -|     -|        -|        -|    -|
|Instance             |        -|     0|     7934|    31980|    -|
|Memory               |        -|     -|        -|        -|    -|
|Multiplexer          |        -|     -|        -|      687|    -|
|Register             |        -|     -|        7|        -|    -|
+---------------------+---------+------+---------+---------+-----+
|Total                |        0|     0|     7941|    32667|    0|
+---------------------+---------+------+---------+---------+-----+
|Available SLR        |     1344|  3008|   869120|   434560|  320|
+---------------------+---------+------+---------+---------+-----+
|Utilization SLR (%)  |        0|     0|       ~0|        7|    0|
+---------------------+---------+------+---------+---------+-----+
|Available            |     4032|  9024|  2607360|  1303680|  960|
+---------------------+---------+------+---------+---------+-----+
|Utilization (%)      |        0|     0|       ~0|        2|    0|
+---------------------+---------+------+---------+---------+-----+

+ Detail: 
    * Instance: 
    +-------------------------------------------+-------------------------------+---------+----+------+-------+-----+
    |                  Instance                 |             Module            | BRAM_18K| DSP|  FF  |  LUT  | URAM|
    +-------------------------------------------+-------------------------------+---------+----+------+-------+-----+
    |grp_blk16_r0_0_Pipeline_l_S_k_0_k_fu_1178  |blk16_r0_0_Pipeline_l_S_k_0_k  |        0|   0|  2058|   2371|    0|
    |grp_blk16_r0_0_Pipeline_l_S_s_1_s_fu_1470  |blk16_r0_0_Pipeline_l_S_s_1_s  |        0|   0|  5876|  29609|    0|
    +-------------------------------------------+-------------------------------+---------+----+------+-------+-----+
    |Total                                      |                               |        0|   0|  7934|  31980|    0|
    +-------------------------------------------+-------------------------------+---------+----+------+-------+-----+

    * DSP: 
    N/A

    * Memory: 
    N/A

    * FIFO: 
    N/A

    * Expression: 
    N/A

    * Multiplexer: 
    +-----------+----+-----------+-----+-----------+
    |    Name   | LUT| Input Size| Bits| Total Bits|
    +-----------+----+-----------+-----+-----------+
    |ap_NS_fsm  |  31|          6|    1|          6|
    |v0_read    |   9|          2|    1|          2|
    |v10_read   |   9|          2|    1|          2|
    |v11_read   |   9|          2|    1|          2|
    |v12_read   |   9|          2|    1|          2|
    |v13_read   |   9|          2|    1|          2|
    |v14_read   |   9|          2|    1|          2|
    |v15_read   |   9|          2|    1|          2|
    |v16_read   |   9|          2|    1|          2|
    |v17_write  |   9|          2|    1|          2|
    |v18_read   |   9|          2|    1|          2|
    |v19_write  |   9|          2|    1|          2|
    |v1_read    |   9|          2|    1|          2|
    |v20_read   |   9|          2|    1|          2|
    |v21_write  |   9|          2|    1|          2|
    |v22_read   |   9|          2|    1|          2|
    |v23_write  |   9|          2|    1|          2|
    |v24_read   |   9|          2|    1|          2|
    |v25_write  |   9|          2|    1|          2|
    |v26_read   |   9|          2|    1|          2|
    |v27_write  |   9|          2|    1|          2|
    |v28_read   |   9|          2|    1|          2|
    |v29_write  |   9|          2|    1|          2|
    |v2_read    |   9|          2|    1|          2|
    |v30_read   |   9|          2|    1|          2|
    |v31_write  |   9|          2|    1|          2|
    |v32_read   |   9|          2|    1|          2|
    |v33_write  |   9|          2|    1|          2|
    |v34_read   |   9|          2|    1|          2|
    |v35_write  |   9|          2|    1|          2|
    |v36_read   |   9|          2|    1|          2|
    |v37_write  |   9|          2|    1|          2|
    |v38_read   |   9|          2|    1|          2|
    |v39_write  |   9|          2|    1|          2|
    |v3_read    |   9|          2|    1|          2|
    |v40_read   |   9|          2|    1|          2|
    |v41_write  |   9|          2|    1|          2|
    |v42_read   |   9|          2|    1|          2|
    |v43_write  |   9|          2|    1|          2|
    |v44_read   |   9|          2|    1|          2|
    |v45_write  |   9|          2|    1|          2|
    |v46_read   |   9|          2|    1|          2|
    |v47_write  |   9|          2|    1|          2|
    |v48_read   |  14|          3|    1|          3|
    |v49_read   |  14|          3|    1|          3|
    |v4_read    |   9|          2|    1|          2|
    |v50_read   |  14|          3|    1|          3|
    |v51_read   |  14|          3|    1|          3|
    |v52_read   |  14|          3|    1|          3|
    |v53_read   |  14|          3|    1|          3|
    |v54_read   |  14|          3|    1|          3|
    |v55_read   |  14|          3|    1|          3|
    |v56_read   |  14|          3|    1|          3|
    |v57_read   |  14|          3|    1|          3|
    |v58_read   |  14|          3|    1|          3|
    |v59_read   |  14|          3|    1|          3|
    |v5_read    |   9|          2|    1|          2|
    |v60_read   |  14|          3|    1|          3|
    |v61_read   |  14|          3|    1|          3|
    |v62_read   |  14|          3|    1|          3|
    |v63_read   |  14|          3|    1|          3|
    |v6_read    |   9|          2|    1|          2|
    |v7_read    |   9|          2|    1|          2|
    |v8_read    |   9|          2|    1|          2|
    |v9_read    |   9|          2|    1|          2|
    +-----------+----+-----------+-----+-----------+
    |Total      | 687|        150|   65|        150|
    +-----------+----+-----------+-----+-----------+

    * Register: 
    +--------------------------------------------------------+---+----+-----+-----------+
    |                          Name                          | FF| LUT| Bits| Const Bits|
    +--------------------------------------------------------+---+----+-----+-----------+
    |ap_CS_fsm                                               |  5|   0|    5|          0|
    |grp_blk16_r0_0_Pipeline_l_S_k_0_k_fu_1178_ap_start_reg  |  1|   0|    1|          0|
    |grp_blk16_r0_0_Pipeline_l_S_s_1_s_fu_1470_ap_start_reg  |  1|   0|    1|          0|
    +--------------------------------------------------------+---+----+-----+-----------+
    |Total                                                   |  7|   0|    7|          0|
    +--------------------------------------------------------+---+----+-----+-----------+



================================================================
== Interface
================================================================
* Summary: 
+-------------+-----+-----+--------------+--------------+--------------+
|  RTL Ports  | Dir | Bits|   Protocol   | Source Object|    C Type    |
+-------------+-----+-----+--------------+--------------+--------------+
|ap_clk       |   in|    1|  ap_ctrl_none|    blk16_r0_0|  return value|
|ap_rst       |   in|    1|  ap_ctrl_none|    blk16_r0_0|  return value|
|v0_dout      |   in|    8|       ap_fifo|            v0|       pointer|
|v0_empty_n   |   in|    1|       ap_fifo|            v0|       pointer|
|v0_read      |  out|    1|       ap_fifo|            v0|       pointer|
|v1_dout      |   in|    8|       ap_fifo|            v1|       pointer|
|v1_empty_n   |   in|    1|       ap_fifo|            v1|       pointer|
|v1_read      |  out|    1|       ap_fifo|            v1|       pointer|
|v2_dout      |   in|    8|       ap_fifo|            v2|       pointer|
|v2_empty_n   |   in|    1|       ap_fifo|            v2|       pointer|
|v2_read      |  out|    1|       ap_fifo|            v2|       pointer|
|v3_dout      |   in|    8|       ap_fifo|            v3|       pointer|
|v3_empty_n   |   in|    1|       ap_fifo|            v3|       pointer|
|v3_read      |  out|    1|       ap_fifo|            v3|       pointer|
|v4_dout      |   in|    8|       ap_fifo|            v4|       pointer|
|v4_empty_n   |   in|    1|       ap_fifo|            v4|       pointer|
|v4_read      |  out|    1|       ap_fifo|            v4|       pointer|
|v5_dout      |   in|    8|       ap_fifo|            v5|       pointer|
|v5_empty_n   |   in|    1|       ap_fifo|            v5|       pointer|
|v5_read      |  out|    1|       ap_fifo|            v5|       pointer|
|v6_dout      |   in|    8|       ap_fifo|            v6|       pointer|
|v6_empty_n   |   in|    1|       ap_fifo|            v6|       pointer|
|v6_read      |  out|    1|       ap_fifo|            v6|       pointer|
|v7_dout      |   in|    8|       ap_fifo|            v7|       pointer|
|v7_empty_n   |   in|    1|       ap_fifo|            v7|       pointer|
|v7_read      |  out|    1|       ap_fifo|            v7|       pointer|
|v8_dout      |   in|    8|       ap_fifo|            v8|       pointer|
|v8_empty_n   |   in|    1|       ap_fifo|            v8|       pointer|
|v8_read      |  out|    1|       ap_fifo|            v8|       pointer|
|v9_dout      |   in|    8|       ap_fifo|            v9|       pointer|
|v9_empty_n   |   in|    1|       ap_fifo|            v9|       pointer|
|v9_read      |  out|    1|       ap_fifo|            v9|       pointer|
|v10_dout     |   in|    8|       ap_fifo|           v10|       pointer|
|v10_empty_n  |   in|    1|       ap_fifo|           v10|       pointer|
|v10_read     |  out|    1|       ap_fifo|           v10|       pointer|
|v11_dout     |   in|    8|       ap_fifo|           v11|       pointer|
|v11_empty_n  |   in|    1|       ap_fifo|           v11|       pointer|
|v11_read     |  out|    1|       ap_fifo|           v11|       pointer|
|v12_dout     |   in|    8|       ap_fifo|           v12|       pointer|
|v12_empty_n  |   in|    1|       ap_fifo|           v12|       pointer|
|v12_read     |  out|    1|       ap_fifo|           v12|       pointer|
|v13_dout     |   in|    8|       ap_fifo|           v13|       pointer|
|v13_empty_n  |   in|    1|       ap_fifo|           v13|       pointer|
|v13_read     |  out|    1|       ap_fifo|           v13|       pointer|
|v14_dout     |   in|    8|       ap_fifo|           v14|       pointer|
|v14_empty_n  |   in|    1|       ap_fifo|           v14|       pointer|
|v14_read     |  out|    1|       ap_fifo|           v14|       pointer|
|v15_dout     |   in|    8|       ap_fifo|           v15|       pointer|
|v15_empty_n  |   in|    1|       ap_fifo|           v15|       pointer|
|v15_read     |  out|    1|       ap_fifo|           v15|       pointer|
|v16_dout     |   in|   32|       ap_fifo|           v16|       pointer|
|v16_empty_n  |   in|    1|       ap_fifo|           v16|       pointer|
|v16_read     |  out|    1|       ap_fifo|           v16|       pointer|
|v17_din      |  out|   32|       ap_fifo|           v17|       pointer|
|v17_full_n   |   in|    1|       ap_fifo|           v17|       pointer|
|v17_write    |  out|    1|       ap_fifo|           v17|       pointer|
|v18_dout     |   in|   32|       ap_fifo|           v18|       pointer|
|v18_empty_n  |   in|    1|       ap_fifo|           v18|       pointer|
|v18_read     |  out|    1|       ap_fifo|           v18|       pointer|
|v19_din      |  out|   32|       ap_fifo|           v19|       pointer|
|v19_full_n   |   in|    1|       ap_fifo|           v19|       pointer|
|v19_write    |  out|    1|       ap_fifo|           v19|       pointer|
|v20_dout     |   in|   32|       ap_fifo|           v20|       pointer|
|v20_empty_n  |   in|    1|       ap_fifo|           v20|       pointer|
|v20_read     |  out|    1|       ap_fifo|           v20|       pointer|
|v21_din      |  out|   32|       ap_fifo|           v21|       pointer|
|v21_full_n   |   in|    1|       ap_fifo|           v21|       pointer|
|v21_write    |  out|    1|       ap_fifo|           v21|       pointer|
|v22_dout     |   in|   32|       ap_fifo|           v22|       pointer|
|v22_empty_n  |   in|    1|       ap_fifo|           v22|       pointer|
|v22_read     |  out|    1|       ap_fifo|           v22|       pointer|
|v23_din      |  out|   32|       ap_fifo|           v23|       pointer|
|v23_full_n   |   in|    1|       ap_fifo|           v23|       pointer|
|v23_write    |  out|    1|       ap_fifo|           v23|       pointer|
|v24_dout     |   in|   32|       ap_fifo|           v24|       pointer|
|v24_empty_n  |   in|    1|       ap_fifo|           v24|       pointer|
|v24_read     |  out|    1|       ap_fifo|           v24|       pointer|
|v25_din      |  out|   32|       ap_fifo|           v25|       pointer|
|v25_full_n   |   in|    1|       ap_fifo|           v25|       pointer|
|v25_write    |  out|    1|       ap_fifo|           v25|       pointer|
|v26_dout     |   in|   32|       ap_fifo|           v26|       pointer|
|v26_empty_n  |   in|    1|       ap_fifo|           v26|       pointer|
|v26_read     |  out|    1|       ap_fifo|           v26|       pointer|
|v27_din      |  out|   32|       ap_fifo|           v27|       pointer|
|v27_full_n   |   in|    1|       ap_fifo|           v27|       pointer|
|v27_write    |  out|    1|       ap_fifo|           v27|       pointer|
|v28_dout     |   in|   32|       ap_fifo|           v28|       pointer|
|v28_empty_n  |   in|    1|       ap_fifo|           v28|       pointer|
|v28_read     |  out|    1|       ap_fifo|           v28|       pointer|
|v29_din      |  out|   32|       ap_fifo|           v29|       pointer|
|v29_full_n   |   in|    1|       ap_fifo|           v29|       pointer|
|v29_write    |  out|    1|       ap_fifo|           v29|       pointer|
|v30_dout     |   in|   32|       ap_fifo|           v30|       pointer|
|v30_empty_n  |   in|    1|       ap_fifo|           v30|       pointer|
|v30_read     |  out|    1|       ap_fifo|           v30|       pointer|
|v31_din      |  out|   32|       ap_fifo|           v31|       pointer|
|v31_full_n   |   in|    1|       ap_fifo|           v31|       pointer|
|v31_write    |  out|    1|       ap_fifo|           v31|       pointer|
|v32_dout     |   in|   32|       ap_fifo|           v32|       pointer|
|v32_empty_n  |   in|    1|       ap_fifo|           v32|       pointer|
|v32_read     |  out|    1|       ap_fifo|           v32|       pointer|
|v33_din      |  out|   32|       ap_fifo|           v33|       pointer|
|v33_full_n   |   in|    1|       ap_fifo|           v33|       pointer|
|v33_write    |  out|    1|       ap_fifo|           v33|       pointer|
|v34_dout     |   in|   32|       ap_fifo|           v34|       pointer|
|v34_empty_n  |   in|    1|       ap_fifo|           v34|       pointer|
|v34_read     |  out|    1|       ap_fifo|           v34|       pointer|
|v35_din      |  out|   32|       ap_fifo|           v35|       pointer|
|v35_full_n   |   in|    1|       ap_fifo|           v35|       pointer|
|v35_write    |  out|    1|       ap_fifo|           v35|       pointer|
|v36_dout     |   in|   32|       ap_fifo|           v36|       pointer|
|v36_empty_n  |   in|    1|       ap_fifo|           v36|       pointer|
|v36_read     |  out|    1|       ap_fifo|           v36|       pointer|
|v37_din      |  out|   32|       ap_fifo|           v37|       pointer|
|v37_full_n   |   in|    1|       ap_fifo|           v37|       pointer|
|v37_write    |  out|    1|       ap_fifo|           v37|       pointer|
|v38_dout     |   in|   32|       ap_fifo|           v38|       pointer|
|v38_empty_n  |   in|    1|       ap_fifo|           v38|       pointer|
|v38_read     |  out|    1|       ap_fifo|           v38|       pointer|
|v39_din      |  out|   32|       ap_fifo|           v39|       pointer|
|v39_full_n   |   in|    1|       ap_fifo|           v39|       pointer|
|v39_write    |  out|    1|       ap_fifo|           v39|       pointer|
|v40_dout     |   in|   32|       ap_fifo|           v40|       pointer|
|v40_empty_n  |   in|    1|       ap_fifo|           v40|       pointer|
|v40_read     |  out|    1|       ap_fifo|           v40|       pointer|
|v41_din      |  out|   32|       ap_fifo|           v41|       pointer|
|v41_full_n   |   in|    1|       ap_fifo|           v41|       pointer|
|v41_write    |  out|    1|       ap_fifo|           v41|       pointer|
|v42_dout     |   in|   32|       ap_fifo|           v42|       pointer|
|v42_empty_n  |   in|    1|       ap_fifo|           v42|       pointer|
|v42_read     |  out|    1|       ap_fifo|           v42|       pointer|
|v43_din      |  out|   32|       ap_fifo|           v43|       pointer|
|v43_full_n   |   in|    1|       ap_fifo|           v43|       pointer|
|v43_write    |  out|    1|       ap_fifo|           v43|       pointer|
|v44_dout     |   in|   32|       ap_fifo|           v44|       pointer|
|v44_empty_n  |   in|    1|       ap_fifo|           v44|       pointer|
|v44_read     |  out|    1|       ap_fifo|           v44|       pointer|
|v45_din      |  out|   32|       ap_fifo|           v45|       pointer|
|v45_full_n   |   in|    1|       ap_fifo|           v45|       pointer|
|v45_write    |  out|    1|       ap_fifo|           v45|       pointer|
|v46_dout     |   in|   32|       ap_fifo|           v46|       pointer|
|v46_empty_n  |   in|    1|       ap_fifo|           v46|       pointer|
|v46_read     |  out|    1|       ap_fifo|           v46|       pointer|
|v47_din      |  out|   32|       ap_fifo|           v47|       pointer|
|v47_full_n   |   in|    1|       ap_fifo|           v47|       pointer|
|v47_write    |  out|    1|       ap_fifo|           v47|       pointer|
|v48_dout     |   in|    8|       ap_fifo|           v48|       pointer|
|v48_empty_n  |   in|    1|       ap_fifo|           v48|       pointer|
|v48_read     |  out|    1|       ap_fifo|           v48|       pointer|
|v49_dout     |   in|    8|       ap_fifo|           v49|       pointer|
|v49_empty_n  |   in|    1|       ap_fifo|           v49|       pointer|
|v49_read     |  out|    1|       ap_fifo|           v49|       pointer|
|v50_dout     |   in|    8|       ap_fifo|           v50|       pointer|
|v50_empty_n  |   in|    1|       ap_fifo|           v50|       pointer|
|v50_read     |  out|    1|       ap_fifo|           v50|       pointer|
|v51_dout     |   in|    8|       ap_fifo|           v51|       pointer|
|v51_empty_n  |   in|    1|       ap_fifo|           v51|       pointer|
|v51_read     |  out|    1|       ap_fifo|           v51|       pointer|
|v52_dout     |   in|    8|       ap_fifo|           v52|       pointer|
|v52_empty_n  |   in|    1|       ap_fifo|           v52|       pointer|
|v52_read     |  out|    1|       ap_fifo|           v52|       pointer|
|v53_dout     |   in|    8|       ap_fifo|           v53|       pointer|
|v53_empty_n  |   in|    1|       ap_fifo|           v53|       pointer|
|v53_read     |  out|    1|       ap_fifo|           v53|       pointer|
|v54_dout     |   in|    8|       ap_fifo|           v54|       pointer|
|v54_empty_n  |   in|    1|       ap_fifo|           v54|       pointer|
|v54_read     |  out|    1|       ap_fifo|           v54|       pointer|
|v55_dout     |   in|    8|       ap_fifo|           v55|       pointer|
|v55_empty_n  |   in|    1|       ap_fifo|           v55|       pointer|
|v55_read     |  out|    1|       ap_fifo|           v55|       pointer|
|v56_dout     |   in|    8|       ap_fifo|           v56|       pointer|
|v56_empty_n  |   in|    1|       ap_fifo|           v56|       pointer|
|v56_read     |  out|    1|       ap_fifo|           v56|       pointer|
|v57_dout     |   in|    8|       ap_fifo|           v57|       pointer|
|v57_empty_n  |   in|    1|       ap_fifo|           v57|       pointer|
|v57_read     |  out|    1|       ap_fifo|           v57|       pointer|
|v58_dout     |   in|    8|       ap_fifo|           v58|       pointer|
|v58_empty_n  |   in|    1|       ap_fifo|           v58|       pointer|
|v58_read     |  out|    1|       ap_fifo|           v58|       pointer|
|v59_dout     |   in|    8|       ap_fifo|           v59|       pointer|
|v59_empty_n  |   in|    1|       ap_fifo|           v59|       pointer|
|v59_read     |  out|    1|       ap_fifo|           v59|       pointer|
|v60_dout     |   in|    8|       ap_fifo|           v60|       pointer|
|v60_empty_n  |   in|    1|       ap_fifo|           v60|       pointer|
|v60_read     |  out|    1|       ap_fifo|           v60|       pointer|
|v61_dout     |   in|    8|       ap_fifo|           v61|       pointer|
|v61_empty_n  |   in|    1|       ap_fifo|           v61|       pointer|
|v61_read     |  out|    1|       ap_fifo|           v61|       pointer|
|v62_dout     |   in|    8|       ap_fifo|           v62|       pointer|
|v62_empty_n  |   in|    1|       ap_fifo|           v62|       pointer|
|v62_read     |  out|    1|       ap_fifo|           v62|       pointer|
|v63_dout     |   in|    8|       ap_fifo|           v63|       pointer|
|v63_empty_n  |   in|    1|       ap_fifo|           v63|       pointer|
|v63_read     |  out|    1|       ap_fifo|           v63|       pointer|
+-------------+-----+-----+--------------+--------------+--------------+

