

================================================================
== Vitis HLS Report for 'lanes16_r0_0_Pipeline_l_S_m_0_m'
================================================================
* Date:           Wed Sep 23 05:15:36 2026

* Version:        2023.2 (Build 4023990 on Oct 11 2023)
* Project:        prj
* Solution:       sol (Vivado IP Flow Target)
* Product family: virtexuplusHBM
* Target device:  xcu280-fsvh2892-2L-e


================================================================
== Performance Estimates
================================================================
+ Timing: 
    * Summary: 
    +--------+---------+----------+------------+
    |  Clock |  Target | Estimated| Uncertainty|
    +--------+---------+----------+------------+
    |ap_clk  |  4.75 ns|  3.512 ns|     0.90 ns|
    +--------+---------+----------+------------+

+ Latency: 
    * Summary: 
    +---------+---------+----------+----------+-----+-----+---------+
    |  Latency (cycles) |  Latency (absolute) |  Interval | Pipeline|
    |   min   |   max   |    min   |    max   | min | max |   Type  |
    +---------+---------+----------+----------+-----+-----+---------+
    |      259|      259|  1.230 us|  1.230 us|  259|  259|       no|
    +---------+---------+----------+----------+-----+-----+---------+

    + Detail: 
        * Instance: 
        N/A

        * Loop: 
        +---------------+---------+---------+----------+-----------+-----------+------+----------+
        |               |  Latency (cycles) | Iteration|  Initiation Interval  | Trip |          |
        |   Loop Name   |   min   |   max   |  Latency |  achieved |   target  | Count| Pipelined|
        +---------------+---------+---------+----------+-----------+-----------+------+----------+
        |- l_S__m_0__m  |      257|      257|         3|          1|          1|   256|       yes|
        +---------------+---------+---------+----------+-----------+-----------+------+----------+



================================================================
== Utilization Estimates
================================================================
* Summary: 
+---------------------+---------+------+---------+---------+-----+
|         Name        | BRAM_18K|  DSP |    FF   |   LUT   | URAM|
+---------------------+---------+------+---------+---------+-----+
|DSP                  |        -|     -|        -|        -|    -|
|Expression           |        -|     -|        0|     2633|    -|
|FIFO                 |        -|     -|        -|        -|    -|
|Instance             |        -|     -|        -|        -|    -|
|Memory               |        -|     -|        -|        -|    -|
|Multiplexer          |        -|     -|        -|      324|    -|
|Register             |        -|     -|      131|        -|    -|
+---------------------+---------+------+---------+---------+-----+
|Total                |        0|     0|      131|     2957|    0|
+---------------------+---------+------+---------+---------+-----+
|Available SLR        |     1344|  3008|   869120|   434560|  320|
+---------------------+---------+------+---------+---------+-----+
|Utilization SLR (%)  |        0|     0|       ~0|       ~0|    0|
+---------------------+---------+------+---------+---------+-----+
|Available            |     4032|  9024|  2607360|  1303680|  960|
+---------------------+---------+------+---------+---------+-----+
|Utilization (%)      |        0|     0|       ~0|       ~0|    0|
+---------------------+---------+------+---------+---------+-----+

+ Detail: 
    * Instance: 
    N/A

    * DSP: 
    N/A

    * Memory: 
    N/A

    * FIFO: 
    N/A

    * Expression: 
    +----------------------------------+----------+----+---+----+------------+------------+
    |           Variable Name          | Operation| DSP| FF| LUT| Bitwidth P0| Bitwidth P1|
    +----------------------------------+----------+----+---+----+------------+------------+
    |p_m_2_fu_350_p2                   |         +|   0|  0|  16|           9|           1|
    |icmp_ln58_fu_344_p2               |      icmp|   0|  0|  17|           9|          10|
    |v106_fu_746_p2                    |      icmp|   0|  0|  32|          25|           1|
    |v116_fu_803_p2                    |      icmp|   0|  0|  32|          25|           1|
    |v126_fu_860_p2                    |      icmp|   0|  0|  32|          25|           1|
    |v136_fu_917_p2                    |      icmp|   0|  0|  32|          25|           1|
    |v146_fu_974_p2                    |      icmp|   0|  0|  32|          25|           1|
    |v156_fu_1031_p2                   |      icmp|   0|  0|  32|          25|           1|
    |v166_fu_1088_p2                   |      icmp|   0|  0|  32|          25|           1|
    |v176_fu_1145_p2                   |      icmp|   0|  0|  32|          25|           1|
    |v186_fu_1202_p2                   |      icmp|   0|  0|  32|          25|           1|
    |v196_fu_1259_p2                   |      icmp|   0|  0|  32|          25|           1|
    |v46_fu_404_p2                     |      icmp|   0|  0|  32|          25|           1|
    |v56_fu_461_p2                     |      icmp|   0|  0|  32|          25|           1|
    |v66_fu_518_p2                     |      icmp|   0|  0|  32|          25|           1|
    |v76_fu_575_p2                     |      icmp|   0|  0|  32|          25|           1|
    |v86_fu_632_p2                     |      icmp|   0|  0|  32|          25|           1|
    |v96_fu_689_p2                     |      icmp|   0|  0|  32|          25|           1|
    |v104_fu_727_p2                    |      lshr|   0|  0|  92|          32|          32|
    |v114_fu_784_p2                    |      lshr|   0|  0|  92|          32|          32|
    |v124_fu_841_p2                    |      lshr|   0|  0|  92|          32|          32|
    |v134_fu_898_p2                    |      lshr|   0|  0|  92|          32|          32|
    |v144_fu_955_p2                    |      lshr|   0|  0|  92|          32|          32|
    |v154_fu_1012_p2                   |      lshr|   0|  0|  92|          32|          32|
    |v164_fu_1069_p2                   |      lshr|   0|  0|  92|          32|          32|
    |v174_fu_1126_p2                   |      lshr|   0|  0|  92|          32|          32|
    |v184_fu_1183_p2                   |      lshr|   0|  0|  92|          32|          32|
    |v194_fu_1240_p2                   |      lshr|   0|  0|  92|          32|          32|
    |v44_fu_385_p2                     |      lshr|   0|  0|  92|          32|          32|
    |v54_fu_442_p2                     |      lshr|   0|  0|  92|          32|          32|
    |v64_fu_499_p2                     |      lshr|   0|  0|  92|          32|          32|
    |v74_fu_556_p2                     |      lshr|   0|  0|  92|          32|          32|
    |v84_fu_613_p2                     |      lshr|   0|  0|  92|          32|          32|
    |v94_fu_670_p2                     |      lshr|   0|  0|  92|          32|          32|
    |ap_block_pp0_stage0_01001         |        or|   0|  0|   2|           1|           1|
    |ap_block_state2_pp0_stage0_iter1  |        or|   0|  0|   2|           1|           1|
    |ap_block_state3_pp0_stage0_iter2  |        or|   0|  0|   2|           1|           1|
    |y0_2_fu_410_p3                    |    select|   0|  0|   7|           1|           2|
    |y0_fu_373_p3                      |    select|   0|  0|  31|           1|           1|
    |y10_2_fu_980_p3                   |    select|   0|  0|   7|           1|           2|
    |y10_fu_943_p3                     |    select|   0|  0|  31|           1|           1|
    |y11_2_fu_1037_p3                  |    select|   0|  0|   7|           1|           2|
    |y11_fu_1000_p3                    |    select|   0|  0|  31|           1|           1|
    |y12_2_fu_1094_p3                  |    select|   0|  0|   7|           1|           2|
    |y12_fu_1057_p3                    |    select|   0|  0|  31|           1|           1|
    |y13_2_fu_1151_p3                  |    select|   0|  0|   7|           1|           2|
    |y13_fu_1114_p3                    |    select|   0|  0|  31|           1|           1|
    |y14_2_fu_1208_p3                  |    select|   0|  0|   7|           1|           2|
    |y14_fu_1171_p3                    |    select|   0|  0|  31|           1|           1|
    |y15_2_fu_1265_p3                  |    select|   0|  0|   7|           1|           2|
    |y15_fu_1228_p3                    |    select|   0|  0|  31|           1|           1|
    |y1_2_fu_467_p3                    |    select|   0|  0|   7|           1|           2|
    |y1_fu_430_p3                      |    select|   0|  0|  31|           1|           1|
    |y2_2_fu_524_p3                    |    select|   0|  0|   7|           1|           2|
    |y2_fu_487_p3                      |    select|   0|  0|  31|           1|           1|
    |y3_2_fu_581_p3                    |    select|   0|  0|   7|           1|           2|
    |y3_fu_544_p3                      |    select|   0|  0|  31|           1|           1|
    |y4_2_fu_638_p3                    |    select|   0|  0|   7|           1|           2|
    |y4_fu_601_p3                      |    select|   0|  0|  31|           1|           1|
    |y5_2_fu_695_p3                    |    select|   0|  0|   7|           1|           2|
    |y5_fu_658_p3                      |    select|   0|  0|  31|           1|           1|
    |y6_2_fu_752_p3                    |    select|   0|  0|   7|           1|           2|
    |y6_fu_715_p3                      |    select|   0|  0|  31|           1|           1|
    |y7_2_fu_809_p3                    |    select|   0|  0|   7|           1|           2|
    |y7_fu_772_p3                      |    select|   0|  0|  31|           1|           1|
    |y8_2_fu_866_p3                    |    select|   0|  0|   7|           1|           2|
    |y8_fu_829_p3                      |    select|   0|  0|  31|           1|           1|
    |y9_2_fu_923_p3                    |    select|   0|  0|   7|           1|           2|
    |y9_fu_886_p3                      |    select|   0|  0|  31|           1|           1|
    |ap_enable_pp0                     |       xor|   0|  0|   2|           1|           2|
    +----------------------------------+----------+----+---+----+------------+------------+
    |Total                             |          |   0|  0|2633|         966|         592|
    +----------------------------------+----------+----+---+----+------------+------------+

    * Multiplexer: 
    +-------------------------+----+-----------+-----+-----------+
    |           Name          | LUT| Input Size| Bits| Total Bits|
    +-------------------------+----+-----------+-----+-----------+
    |ap_done_int              |   9|          2|    1|          2|
    |ap_enable_reg_pp0_iter1  |   9|          2|    1|          2|
    |ap_sig_allocacmp_p_m_1   |   9|          2|    9|         18|
    |p_m_fu_114               |   9|          2|    9|         18|
    |v10_blk_n                |   9|          2|    1|          2|
    |v11_blk_n                |   9|          2|    1|          2|
    |v12_blk_n                |   9|          2|    1|          2|
    |v13_blk_n                |   9|          2|    1|          2|
    |v14_blk_n                |   9|          2|    1|          2|
    |v15_blk_n                |   9|          2|    1|          2|
    |v16_blk_n                |   9|          2|    1|          2|
    |v17_blk_n                |   9|          2|    1|          2|
    |v18_blk_n                |   9|          2|    1|          2|
    |v19_blk_n                |   9|          2|    1|          2|
    |v1_blk_n                 |   9|          2|    1|          2|
    |v20_blk_n                |   9|          2|    1|          2|
    |v21_blk_n                |   9|          2|    1|          2|
    |v22_blk_n                |   9|          2|    1|          2|
    |v23_blk_n                |   9|          2|    1|          2|
    |v24_blk_n                |   9|          2|    1|          2|
    |v25_blk_n                |   9|          2|    1|          2|
    |v26_blk_n                |   9|          2|    1|          2|
    |v27_blk_n                |   9|          2|    1|          2|
    |v28_blk_n                |   9|          2|    1|          2|
    |v29_blk_n                |   9|          2|    1|          2|
    |v2_blk_n                 |   9|          2|    1|          2|
    |v30_blk_n                |   9|          2|    1|          2|
    |v31_blk_n                |   9|          2|    1|          2|
    |v32_blk_n                |   9|          2|    1|          2|
    |v3_blk_n                 |   9|          2|    1|          2|
    |v4_blk_n                 |   9|          2|    1|          2|
    |v5_blk_n                 |   9|          2|    1|          2|
    |v6_blk_n                 |   9|          2|    1|          2|
    |v7_blk_n                 |   9|          2|    1|          2|
    |v8_blk_n                 |   9|          2|    1|          2|
    |v9_blk_n                 |   9|          2|    1|          2|
    +-------------------------+----+-----------+-----+-----------+
    |Total                    | 324|         72|   52|        104|
    +-------------------------+----+-----------+-----+-----------+

    * Register: 
    +----------------------------------+---+----+-----+-----------+
    |               Name               | FF| LUT| Bits| Const Bits|
    +----------------------------------+---+----+-----+-----------+
    |ap_CS_fsm                         |  1|   0|    1|          0|
    |ap_done_reg                       |  1|   0|    1|          0|
    |ap_enable_reg_pp0_iter1           |  1|   0|    1|          0|
    |ap_enable_reg_pp0_iter2           |  1|   0|    1|          0|
    |ap_loop_exit_ready_pp0_iter1_reg  |  1|   0|    1|          0|
    |p_m_fu_114                        |  9|   0|    9|          0|
    |y0_2_reg_1368                     |  7|   0|    7|          0|
    |y10_2_reg_1418                    |  7|   0|    7|          0|
    |y11_2_reg_1423                    |  7|   0|    7|          0|
    |y12_2_reg_1428                    |  7|   0|    7|          0|
    |y13_2_reg_1433                    |  7|   0|    7|          0|
    |y14_2_reg_1438                    |  7|   0|    7|          0|
    |y15_2_reg_1443                    |  7|   0|    7|          0|
    |y1_2_reg_1373                     |  7|   0|    7|          0|
    |y2_2_reg_1378                     |  7|   0|    7|          0|
    |y3_2_reg_1383                     |  7|   0|    7|          0|
    |y4_2_reg_1388                     |  7|   0|    7|          0|
    |y5_2_reg_1393                     |  7|   0|    7|          0|
    |y6_2_reg_1398                     |  7|   0|    7|          0|
    |y7_2_reg_1403                     |  7|   0|    7|          0|
    |y8_2_reg_1408                     |  7|   0|    7|          0|
    |y9_2_reg_1413                     |  7|   0|    7|          0|
    |zext_ln55_cast_reg_1344           |  5|   0|   32|         27|
    +----------------------------------+---+----+-----+-----------+
    |Total                             |131|   0|  158|         27|
    +----------------------------------+---+----+-----+-----------+



================================================================
== Interface
================================================================
* Summary: 
+-------------+-----+-----+------------+-----------------------------------+--------------+
|  RTL Ports  | Dir | Bits|  Protocol  |           Source Object           |    C Type    |
+-------------+-----+-----+------------+-----------------------------------+--------------+
|ap_clk       |   in|    1|  ap_ctrl_hs|  lanes16_r0_0_Pipeline_l_S__m_0__m|  return value|
|ap_rst       |   in|    1|  ap_ctrl_hs|  lanes16_r0_0_Pipeline_l_S__m_0__m|  return value|
|ap_start     |   in|    1|  ap_ctrl_hs|  lanes16_r0_0_Pipeline_l_S__m_0__m|  return value|
|ap_done      |  out|    1|  ap_ctrl_hs|  lanes16_r0_0_Pipeline_l_S__m_0__m|  return value|
|ap_idle      |  out|    1|  ap_ctrl_hs|  lanes16_r0_0_Pipeline_l_S__m_0__m|  return value|
|ap_ready     |  out|    1|  ap_ctrl_hs|  lanes16_r0_0_Pipeline_l_S__m_0__m|  return value|
|v17_dout     |   in|   32|     ap_fifo|                                v17|       pointer|
|v17_empty_n  |   in|    1|     ap_fifo|                                v17|       pointer|
|v17_read     |  out|    1|     ap_fifo|                                v17|       pointer|
|v24_dout     |   in|   32|     ap_fifo|                                v24|       pointer|
|v24_empty_n  |   in|    1|     ap_fifo|                                v24|       pointer|
|v24_read     |  out|    1|     ap_fifo|                                v24|       pointer|
|v25_dout     |   in|   32|     ap_fifo|                                v25|       pointer|
|v25_empty_n  |   in|    1|     ap_fifo|                                v25|       pointer|
|v25_read     |  out|    1|     ap_fifo|                                v25|       pointer|
|v26_dout     |   in|   32|     ap_fifo|                                v26|       pointer|
|v26_empty_n  |   in|    1|     ap_fifo|                                v26|       pointer|
|v26_read     |  out|    1|     ap_fifo|                                v26|       pointer|
|v27_dout     |   in|   32|     ap_fifo|                                v27|       pointer|
|v27_empty_n  |   in|    1|     ap_fifo|                                v27|       pointer|
|v27_read     |  out|    1|     ap_fifo|                                v27|       pointer|
|v28_dout     |   in|   32|     ap_fifo|                                v28|       pointer|
|v28_empty_n  |   in|    1|     ap_fifo|                                v28|       pointer|
|v28_read     |  out|    1|     ap_fifo|                                v28|       pointer|
|v29_dout     |   in|   32|     ap_fifo|                                v29|       pointer|
|v29_empty_n  |   in|    1|     ap_fifo|                                v29|       pointer|
|v29_read     |  out|    1|     ap_fifo|                                v29|       pointer|
|v30_dout     |   in|   32|     ap_fifo|                                v30|       pointer|
|v30_empty_n  |   in|    1|     ap_fifo|                                v30|       pointer|
|v30_read     |  out|    1|     ap_fifo|                                v30|       pointer|
|v31_dout     |   in|   32|     ap_fifo|                                v31|       pointer|
|v31_empty_n  |   in|    1|     ap_fifo|                                v31|       pointer|
|v31_read     |  out|    1|     ap_fifo|                                v31|       pointer|
|v32_dout     |   in|   32|     ap_fifo|                                v32|       pointer|
|v32_empty_n  |   in|    1|     ap_fifo|                                v32|       pointer|
|v32_read     |  out|    1|     ap_fifo|                                v32|       pointer|
|v18_dout     |   in|   32|     ap_fifo|                                v18|       pointer|
|v18_empty_n  |   in|    1|     ap_fifo|                                v18|       pointer|
|v18_read     |  out|    1|     ap_fifo|                                v18|       pointer|
|v19_dout     |   in|   32|     ap_fifo|                                v19|       pointer|
|v19_empty_n  |   in|    1|     ap_fifo|                                v19|       pointer|
|v19_read     |  out|    1|     ap_fifo|                                v19|       pointer|
|v20_dout     |   in|   32|     ap_fifo|                                v20|       pointer|
|v20_empty_n  |   in|    1|     ap_fifo|                                v20|       pointer|
|v20_read     |  out|    1|     ap_fifo|                                v20|       pointer|
|v21_dout     |   in|   32|     ap_fifo|                                v21|       pointer|
|v21_empty_n  |   in|    1|     ap_fifo|                                v21|       pointer|
|v21_read     |  out|    1|     ap_fifo|                                v21|       pointer|
|v22_dout     |   in|   32|     ap_fifo|                                v22|       pointer|
|v22_empty_n  |   in|    1|     ap_fifo|                                v22|       pointer|
|v22_read     |  out|    1|     ap_fifo|                                v22|       pointer|
|v23_dout     |   in|   32|     ap_fifo|                                v23|       pointer|
|v23_empty_n  |   in|    1|     ap_fifo|                                v23|       pointer|
|v23_read     |  out|    1|     ap_fifo|                                v23|       pointer|
|v1_din       |  out|   32|     ap_fifo|                                 v1|       pointer|
|v1_full_n    |   in|    1|     ap_fifo|                                 v1|       pointer|
|v1_write     |  out|    1|     ap_fifo|                                 v1|       pointer|
|v8_din       |  out|   32|     ap_fifo|                                 v8|       pointer|
|v8_full_n    |   in|    1|     ap_fifo|                                 v8|       pointer|
|v8_write     |  out|    1|     ap_fifo|                                 v8|       pointer|
|v9_din       |  out|   32|     ap_fifo|                                 v9|       pointer|
|v9_full_n    |   in|    1|     ap_fifo|                                 v9|       pointer|
|v9_write     |  out|    1|     ap_fifo|                                 v9|       pointer|
|v10_din      |  out|   32|     ap_fifo|                                v10|       pointer|
|v10_full_n   |   in|    1|     ap_fifo|                                v10|       pointer|
|v10_write    |  out|    1|     ap_fifo|                                v10|       pointer|
|v11_din      |  out|   32|     ap_fifo|                                v11|       pointer|
|v11_full_n   |   in|    1|     ap_fifo|                                v11|       pointer|
|v11_write    |  out|    1|     ap_fifo|                                v11|       pointer|
|v12_din      |  out|   32|     ap_fifo|                                v12|       pointer|
|v12_full_n   |   in|    1|     ap_fifo|                                v12|       pointer|
|v12_write    |  out|    1|     ap_fifo|                                v12|       pointer|
|v13_din      |  out|   32|     ap_fifo|                                v13|       pointer|
|v13_full_n   |   in|    1|     ap_fifo|                                v13|       pointer|
|v13_write    |  out|    1|     ap_fifo|                                v13|       pointer|
|v14_din      |  out|   32|     ap_fifo|                                v14|       pointer|
|v14_full_n   |   in|    1|     ap_fifo|                                v14|       pointer|
|v14_write    |  out|    1|     ap_fifo|                                v14|       pointer|
|v15_din      |  out|   32|     ap_fifo|                                v15|       pointer|
|v15_full_n   |   in|    1|     ap_fifo|                                v15|       pointer|
|v15_write    |  out|    1|     ap_fifo|                                v15|       pointer|
|v16_din      |  out|   32|     ap_fifo|                                v16|       pointer|
|v16_full_n   |   in|    1|     ap_fifo|                                v16|       pointer|
|v16_write    |  out|    1|     ap_fifo|                                v16|       pointer|
|v2_din       |  out|   32|     ap_fifo|                                 v2|       pointer|
|v2_full_n    |   in|    1|     ap_fifo|                                 v2|       pointer|
|v2_write     |  out|    1|     ap_fifo|                                 v2|       pointer|
|v3_din       |  out|   32|     ap_fifo|                                 v3|       pointer|
|v3_full_n    |   in|    1|     ap_fifo|                                 v3|       pointer|
|v3_write     |  out|    1|     ap_fifo|                                 v3|       pointer|
|v4_din       |  out|   32|     ap_fifo|                                 v4|       pointer|
|v4_full_n    |   in|    1|     ap_fifo|                                 v4|       pointer|
|v4_write     |  out|    1|     ap_fifo|                                 v4|       pointer|
|v5_din       |  out|   32|     ap_fifo|                                 v5|       pointer|
|v5_full_n    |   in|    1|     ap_fifo|                                 v5|       pointer|
|v5_write     |  out|    1|     ap_fifo|                                 v5|       pointer|
|v6_din       |  out|   32|     ap_fifo|                                 v6|       pointer|
|v6_full_n    |   in|    1|     ap_fifo|                                 v6|       pointer|
|v6_write     |  out|    1|     ap_fifo|                                 v6|       pointer|
|v7_din       |  out|   32|     ap_fifo|                                 v7|       pointer|
|v7_full_n    |   in|    1|     ap_fifo|                                 v7|       pointer|
|v7_write     |  out|    1|     ap_fifo|                                 v7|       pointer|
|zext_ln55    |   in|    5|     ap_none|                          zext_ln55|        scalar|
+-------------+-----+-----+------------+-----------------------------------+--------------+

