Copyright 1986-2022 Xilinx, Inc. All Rights Reserved. Copyright 2022-2023 Advanced Micro Devices, Inc. All Rights Reserved.
--------------------------------------------------------------------------------------------------------------------------------------------------
| Tool Version      : Vivado v.2023.2 (lin64) Build 4029153 Fri Oct 13 20:13:54 MDT 2023
| Date              : Wed Sep 23 05:45:44 2026
| Host              : brg-zhang-xcel.ece.cornell.edu running 64-bit Red Hat Enterprise Linux 9.8 (Plow)
| Command           : report_timing_summary -file timing.rpt
| Design            : spmw_harness
| Device            : xcu280-fsvh2892
| Speed File        : -2L  PRODUCTION 1.30 05-01-2022
| Design State      : Routed
| Temperature Grade : E
--------------------------------------------------------------------------------------------------------------------------------------------------

Timing Summary Report

------------------------------------------------------------------------------------------------
| Timer Settings
| --------------
------------------------------------------------------------------------------------------------

  Enable Multi Corner Analysis               :  Yes
  Enable Pessimism Removal                   :  Yes
  Pessimism Removal Resolution               :  Nearest Common Node
  Enable Input Delay Default Clock           :  No
  Enable Preset / Clear Arcs                 :  No
  Disable Flight Delays                      :  No
  Ignore I/O Paths                           :  No
  Timing Early Launch at Borrowing Latches   :  No
  Borrow Time for Max Delay Exceptions       :  Yes
  Merge Timing Exceptions                    :  Yes
  Inter-SLR Compensation                     :  Conservative

  Corner  Analyze    Analyze    
  Name    Max Paths  Min Paths  
  ------  ---------  ---------  
  Slow    Yes        Yes        
  Fast    Yes        Yes        


------------------------------------------------------------------------------------------------
| Report Methodology
| ------------------
------------------------------------------------------------------------------------------------

No report available as report_methodology has not been run prior. Run report_methodology on the current design for the summary of methodology violations.



check_timing report

Table of Contents
-----------------
1. checking no_clock (0)
2. checking constant_clock (0)
3. checking pulse_width_clock (0)
4. checking unconstrained_internal_endpoints (0)
5. checking no_input_delay (2)
6. checking no_output_delay (7)
7. checking multiple_clock (0)
8. checking generated_clocks (0)
9. checking loops (0)
10. checking partial_input_delay (0)
11. checking partial_output_delay (0)
12. checking latch_loops (0)

1. checking no_clock (0)
------------------------
 There are 0 register/latch pins with no clock.


2. checking constant_clock (0)
------------------------------
 There are 0 register/latch pins with constant_clock.


3. checking pulse_width_clock (0)
---------------------------------
 There are 0 register/latch pins which need pulse_width check


4. checking unconstrained_internal_endpoints (0)
------------------------------------------------
 There are 0 pins that are not constrained for maximum delay.

 There are 0 pins that are not constrained for maximum delay due to constant clock.


5. checking no_input_delay (2)
------------------------------
 There are 2 input ports with no input delay specified. (HIGH)

 There are 0 input ports with no input delay but user has a false path constraint.


6. checking no_output_delay (7)
-------------------------------
 There are 7 ports with no output delay specified. (HIGH)

 There are 0 ports with no output delay but user has a false path constraint

 There are 0 ports with no output delay but with a timing clock defined on it or propagating through it


7. checking multiple_clock (0)
------------------------------
 There are 0 register/latch pins with multiple clocks.


8. checking generated_clocks (0)
--------------------------------
 There are 0 generated clocks that are not connected to a clock source.


9. checking loops (0)
---------------------
 There are 0 combinational loops in the design.


10. checking partial_input_delay (0)
------------------------------------
 There are 0 input ports with partial input delay specified.


11. checking partial_output_delay (0)
-------------------------------------
 There are 0 ports with partial output delay specified.


12. checking latch_loops (0)
----------------------------
 There are 0 combinational latch loops in the design through latch input



------------------------------------------------------------------------------------------------
| Design Timing Summary
| ---------------------
------------------------------------------------------------------------------------------------

    WNS(ns)      TNS(ns)  TNS Failing Endpoints  TNS Total Endpoints      WHS(ns)      THS(ns)  THS Failing Endpoints  THS Total Endpoints     WPWS(ns)     TPWS(ns)  TPWS Failing Endpoints  TPWS Total Endpoints  
    -------      -------  ---------------------  -------------------      -------      -------  ---------------------  -------------------     --------     --------  ----------------------  --------------------  
      0.121        0.000                      0                26149        0.010        0.000                      0                26149        1.134        0.000                       0                 12626  


All user specified timing constraints are met.


------------------------------------------------------------------------------------------------
| Clock Summary
| -------------
------------------------------------------------------------------------------------------------

Clock   Waveform(ns)         Period(ns)      Frequency(MHz)
-----   ------------         ----------      --------------
ap_clk  {0.000 1.666}        3.333           300.030         


------------------------------------------------------------------------------------------------
| Intra Clock Table
| -----------------
------------------------------------------------------------------------------------------------

Clock             WNS(ns)      TNS(ns)  TNS Failing Endpoints  TNS Total Endpoints      WHS(ns)      THS(ns)  THS Failing Endpoints  THS Total Endpoints     WPWS(ns)     TPWS(ns)  TPWS Failing Endpoints  TPWS Total Endpoints  
-----             -------      -------  ---------------------  -------------------      -------      -------  ---------------------  -------------------     --------     --------  ----------------------  --------------------  
ap_clk              0.121        0.000                      0                26149        0.010        0.000                      0                26149        1.134        0.000                       0                 12626  


------------------------------------------------------------------------------------------------
| Inter Clock Table
| -----------------
------------------------------------------------------------------------------------------------

From Clock    To Clock          WNS(ns)      TNS(ns)  TNS Failing Endpoints  TNS Total Endpoints      WHS(ns)      THS(ns)  THS Failing Endpoints  THS Total Endpoints  
----------    --------          -------      -------  ---------------------  -------------------      -------      -------  ---------------------  -------------------  


------------------------------------------------------------------------------------------------
| Other Path Groups Table
| -----------------------
------------------------------------------------------------------------------------------------

Path Group    From Clock    To Clock          WNS(ns)      TNS(ns)  TNS Failing Endpoints  TNS Total Endpoints      WHS(ns)      THS(ns)  THS Failing Endpoints  THS Total Endpoints  
----------    ----------    --------          -------      -------  ---------------------  -------------------      -------      -------  ---------------------  -------------------  


------------------------------------------------------------------------------------------------
| Timing Details
| --------------
------------------------------------------------------------------------------------------------


---------------------------------------------------------------------------------------------------
From Clock:  ap_clk
  To Clock:  ap_clk

Setup :            0  Failing Endpoints,  Worst Slack        0.121ns,  Total Violation        0.000ns
Hold  :            0  Failing Endpoints,  Worst Slack        0.010ns,  Total Violation        0.000ns
PW    :            0  Failing Endpoints,  Worst Slack        1.134ns,  Total Violation        0.000ns
---------------------------------------------------------------------------------------------------


Max Delay Paths
--------------------------------------------------------------------------------------
Slack (MET) :             0.121ns  (required time - arrival time)
  Source:                 dut/u_blk16_r0_0_0/u/grp_blk16_r0_0_Pipeline_l_S_s_1_s_fu_1470/v1118_reg_23166_reg[2]_rep/C
                            (rising edge-triggered cell FDRE clocked by ap_clk  {rise@0.000ns fall@1.666ns period=3.333ns})
  Destination:            dut/u_blk16_r0_0_0/u/grp_blk16_r0_0_Pipeline_l_S_s_1_s_fu_1470/v1786_reg_23547_reg[16]/D
                            (rising edge-triggered cell FDRE clocked by ap_clk  {rise@0.000ns fall@1.666ns period=3.333ns})
  Path Group:             ap_clk
  Path Type:              Setup (Max at Slow Process Corner)
  Requirement:            3.333ns  (ap_clk rise@3.333ns - ap_clk rise@0.000ns)
  Data Path Delay:        3.003ns  (logic 1.116ns (37.164%)  route 1.887ns (62.836%))
  Logic Levels:           10  (CARRY8=6 LUT2=2 LUT5=1 LUT6=1)
  Clock Path Skew:        -0.198ns (DCD - SCD + CPR)
    Destination Clock Delay (DCD):    1.695ns = ( 5.028 - 3.333 ) 
    Source Clock Delay      (SCD):    2.258ns
    Clock Pessimism Removal (CPR):    0.364ns
  Clock Uncertainty:      0.035ns  ((TSJ^2 + TIJ^2)^1/2 + DJ) / 2 + PE
    Total System Jitter     (TSJ):    0.071ns
    Total Input Jitter      (TIJ):    0.000ns
    Discrete Jitter          (DJ):    0.000ns
    Phase Error              (PE):    0.000ns
  Clock Net Delay (Source):      1.271ns (routing 0.170ns, distribution 1.101ns)
  Clock Net Delay (Destination): 1.001ns (routing 0.155ns, distribution 0.846ns)

    Location             Delay type                Incr(ns)  Path(ns)    Netlist Resource(s)
  -------------------------------------------------------------------    -------------------
                         (clock ap_clk rise edge)     0.000     0.000 r  
    BH26                                              0.000     0.000 r  ap_clk (IN)
                         net (fo=0)                   0.000     0.000    ap_clk_IBUF_inst/I
    BH26                 INBUF (Prop_INBUF_HPIOB_M_PAD_O)
                                                      0.636     0.636 r  ap_clk_IBUF_inst/INBUF_INST/O
                         net (fo=1, routed)           0.000     0.636    ap_clk_IBUF_inst/OUT
    BH26                 IBUFCTRL (Prop_IBUFCTRL_HPIOB_M_I_O)
                                                      0.000     0.636 r  ap_clk_IBUF_inst/IBUFCTRL_INST/O
                         net (fo=1, routed)           0.323     0.959    ap_clk_IBUF
    BUFGCE_X0Y72         BUFGCE (Prop_BUFCE_BUFGCE_I_O)
                                                      0.028     0.987 r  ap_clk_IBUF_BUFG_inst/O
    X4Y3 (CLOCK_ROOT)    net (fo=12625, routed)       1.271     2.258    dut/u_blk16_r0_0_0/u/grp_blk16_r0_0_Pipeline_l_S_s_1_s_fu_1470/ap_clk_IBUF_BUFG
    SLICE_X114Y169       FDRE                                         r  dut/u_blk16_r0_0_0/u/grp_blk16_r0_0_Pipeline_l_S_s_1_s_fu_1470/v1118_reg_23166_reg[2]_rep/C
  -------------------------------------------------------------------    -------------------
    SLICE_X114Y169       FDRE (Prop_HFF2_SLICEM_C_Q)
                                                      0.078     2.336 f  dut/u_blk16_r0_0_0/u/grp_blk16_r0_0_Pipeline_l_S_s_1_s_fu_1470/v1118_reg_23166_reg[2]_rep/Q
                         net (fo=123, routed)         0.989     3.325    dut/u_blk16_r0_0_0/u/grp_blk16_r0_0_Pipeline_l_S_s_1_s_fu_1470/mul_8s_8s_16_1_1_U351/mul_8s_8s_16_1_1_U351/v1786_reg_23547_reg[7]_i_29_1
    SLICE_X121Y152       LUT2 (Prop_B5LUT_SLICEM_I0_O)
                                                      0.143     3.468 r  dut/u_blk16_r0_0_0/u/grp_blk16_r0_0_Pipeline_l_S_s_1_s_fu_1470/mul_8s_8s_16_1_1_U351/v1786_reg_23547[7]_i_93/O
                         net (fo=1, routed)           0.212     3.680    dut/u_blk16_r0_0_0/u/grp_blk16_r0_0_Pipeline_l_S_s_1_s_fu_1470/mul_8s_8s_16_1_1_U351/v1786_reg_23547[7]_i_93_n_0
    SLICE_X121Y153       LUT6 (Prop_E6LUT_SLICEM_I3_O)
                                                      0.091     3.771 r  dut/u_blk16_r0_0_0/u/grp_blk16_r0_0_Pipeline_l_S_s_1_s_fu_1470/mul_8s_8s_16_1_1_U351/v1786_reg_23547[7]_i_75/O
                         net (fo=1, routed)           0.014     3.785    dut_n_234
    SLICE_X121Y153       CARRY8 (Prop_CARRY8_SLICEM_S[4]_CO[7])
                                                      0.156     3.941 r  mul_8s_8s_16_1_1_U351/v1786_reg_23547_reg[7]_i_29/CO[7]
                         net (fo=1, routed)           0.026     3.967    dut/u_blk16_r0_0_0/u/grp_blk16_r0_0_Pipeline_l_S_s_1_s_fu_1470/mul_8s_8s_16_1_1_U351/mul_8s_8s_16_1_1_U351/v1786_reg_23547[15]_i_59[0]
    SLICE_X121Y154       CARRY8 (Prop_CARRY8_SLICEM_CI_CO[2])
                                                      0.057     4.024 r  dut/u_blk16_r0_0_0/u/grp_blk16_r0_0_Pipeline_l_S_s_1_s_fu_1470/mul_8s_8s_16_1_1_U351/v1786_reg_23547_reg[15]_i_91/CO[2]
                         net (fo=3, routed)           0.334     4.358    dut_n_4408
    SLICE_X118Y153       LUT5 (Prop_H6LUT_SLICEM_I0_O)
                                                      0.152     4.510 r  mul_8s_8s_16_1_1_U351/v1786_reg_23547[15]_i_56/O
                         net (fo=1, routed)           0.015     4.525    mul_8s_8s_16_1_1_U351/v1786_reg_23547[15]_i_56_n_0
    SLICE_X118Y153       CARRY8 (Prop_CARRY8_SLICEM_S[7]_CO[7])
                                                      0.117     4.642 r  mul_8s_8s_16_1_1_U351/v1786_reg_23547_reg[15]_i_36/CO[7]
                         net (fo=1, routed)           0.026     4.668    dut/u_blk16_r0_0_0/u/grp_blk16_r0_0_Pipeline_l_S_s_1_s_fu_1470/mul_8s_8s_16_1_1_U351/v1786_reg_23547[15]_i_8[0]
    SLICE_X118Y154       CARRY8 (Prop_CARRY8_SLICEM_CI_O[1])
                                                      0.076     4.744 r  dut/u_blk16_r0_0_0/u/grp_blk16_r0_0_Pipeline_l_S_s_1_s_fu_1470/mul_8s_8s_16_1_1_U351/v1786_reg_23547_reg[15]_i_35/O[1]
                         net (fo=1, routed)           0.209     4.953    dut/u_blk16_r0_0_0/u/grp_blk16_r0_0_Pipeline_l_S_s_1_s_fu_1470/v1778_fu_10507_p2[13]
    SLICE_X119Y154       LUT2 (Prop_F6LUT_SLICEL_I1_O)
                                                      0.035     4.988 r  dut/u_blk16_r0_0_0/u/grp_blk16_r0_0_Pipeline_l_S_s_1_s_fu_1470/v1786_reg_23547[15]_i_7/O
                         net (fo=1, routed)           0.011     4.999    dut/u_blk16_r0_0_0/u/grp_blk16_r0_0_Pipeline_l_S_s_1_s_fu_1470/mul_8s_8s_16_1_1_U352/v1786_reg_23547_reg[15]_2[1]
    SLICE_X119Y154       CARRY8 (Prop_CARRY8_SLICEL_S[5]_CO[7])
                                                      0.155     5.154 r  dut/u_blk16_r0_0_0/u/grp_blk16_r0_0_Pipeline_l_S_s_1_s_fu_1470/mul_8s_8s_16_1_1_U352/v1786_reg_23547_reg[15]_i_1/CO[7]
                         net (fo=1, routed)           0.026     5.180    dut/u_blk16_r0_0_0/u/grp_blk16_r0_0_Pipeline_l_S_s_1_s_fu_1470/mul_8s_8s_16_1_1_U352/v1786_reg_23547_reg[15]_i_1_n_0
    SLICE_X119Y155       CARRY8 (Prop_CARRY8_SLICEL_CI_O[0])
                                                      0.056     5.236 r  dut/u_blk16_r0_0_0/u/grp_blk16_r0_0_Pipeline_l_S_s_1_s_fu_1470/mul_8s_8s_16_1_1_U352/v1786_reg_23547_reg[16]_i_1/O[0]
                         net (fo=1, routed)           0.025     5.261    dut/u_blk16_r0_0_0/u/grp_blk16_r0_0_Pipeline_l_S_s_1_s_fu_1470/v1786_fu_10531_p2[16]
    SLICE_X119Y155       FDRE                                         r  dut/u_blk16_r0_0_0/u/grp_blk16_r0_0_Pipeline_l_S_s_1_s_fu_1470/v1786_reg_23547_reg[16]/D
  -------------------------------------------------------------------    -------------------

                         (clock ap_clk rise edge)     3.333     3.333 r  
    BH26                                              0.000     3.333 r  ap_clk (IN)
                         net (fo=0)                   0.000     3.333    ap_clk_IBUF_inst/I
    BH26                 INBUF (Prop_INBUF_HPIOB_M_PAD_O)
                                                      0.385     3.718 r  ap_clk_IBUF_inst/INBUF_INST/O
                         net (fo=1, routed)           0.000     3.718    ap_clk_IBUF_inst/OUT
    BH26                 IBUFCTRL (Prop_IBUFCTRL_HPIOB_M_I_O)
                                                      0.000     3.718 r  ap_clk_IBUF_inst/IBUFCTRL_INST/O
                         net (fo=1, routed)           0.286     4.004    ap_clk_IBUF
    BUFGCE_X0Y72         BUFGCE (Prop_BUFCE_BUFGCE_I_O)
                                                      0.024     4.028 r  ap_clk_IBUF_BUFG_inst/O
    X4Y3 (CLOCK_ROOT)    net (fo=12625, routed)       1.001     5.028    dut/u_blk16_r0_0_0/u/grp_blk16_r0_0_Pipeline_l_S_s_1_s_fu_1470/ap_clk_IBUF_BUFG
    SLICE_X119Y155       FDRE                                         r  dut/u_blk16_r0_0_0/u/grp_blk16_r0_0_Pipeline_l_S_s_1_s_fu_1470/v1786_reg_23547_reg[16]/C
                         clock pessimism              0.364     5.392    
                         clock uncertainty           -0.035     5.357    
    SLICE_X119Y155       FDRE (Setup_AFF_SLICEL_C_D)
                                                      0.025     5.382    dut/u_blk16_r0_0_0/u/grp_blk16_r0_0_Pipeline_l_S_s_1_s_fu_1470/v1786_reg_23547_reg[16]
  -------------------------------------------------------------------
                         required time                          5.382    
                         arrival time                          -5.261    
  -------------------------------------------------------------------
                         slack                                  0.121    





Min Delay Paths
--------------------------------------------------------------------------------------
Slack (MET) :             0.010ns  (arrival time - required time)
  Source:                 dut/u_blk16_r0_0_0/u/grp_blk16_r0_0_Pipeline_l_S_k_0_k_fu_1178/v420_fu_1198_reg[7]/C
                            (rising edge-triggered cell FDRE clocked by ap_clk  {rise@0.000ns fall@1.666ns period=3.333ns})
  Destination:            dut/u_blk16_r0_0_0/u/grp_blk16_r0_0_Pipeline_l_S_k_0_k_fu_1178/v419_fu_1194_reg[7]/D
                            (rising edge-triggered cell FDRE clocked by ap_clk  {rise@0.000ns fall@1.666ns period=3.333ns})
  Path Group:             ap_clk
  Path Type:              Hold (Min at Slow Process Corner)
  Requirement:            0.000ns  (ap_clk rise@0.000ns - ap_clk rise@0.000ns)
  Data Path Delay:        0.223ns  (logic 0.060ns (26.900%)  route 0.163ns (73.100%))
  Logic Levels:           0  
  Clock Path Skew:        0.151ns (DCD - SCD - CPR)
    Destination Clock Delay (DCD):    2.219ns
    Source Clock Delay      (SCD):    1.760ns
    Clock Pessimism Removal (CPR):    0.307ns
  Clock Net Delay (Source):      1.066ns (routing 0.155ns, distribution 0.911ns)
  Clock Net Delay (Destination): 1.232ns (routing 0.170ns, distribution 1.062ns)

    Location             Delay type                Incr(ns)  Path(ns)    Netlist Resource(s)
  -------------------------------------------------------------------    -------------------
                         (clock ap_clk rise edge)     0.000     0.000 r  
    BH26                                              0.000     0.000 r  ap_clk (IN)
                         net (fo=0)                   0.000     0.000    ap_clk_IBUF_inst/I
    BH26                 INBUF (Prop_INBUF_HPIOB_M_PAD_O)
                                                      0.385     0.385 r  ap_clk_IBUF_inst/INBUF_INST/O
                         net (fo=1, routed)           0.000     0.385    ap_clk_IBUF_inst/OUT
    BH26                 IBUFCTRL (Prop_IBUFCTRL_HPIOB_M_I_O)
                                                      0.000     0.385 r  ap_clk_IBUF_inst/IBUFCTRL_INST/O
                         net (fo=1, routed)           0.286     0.671    ap_clk_IBUF
    BUFGCE_X0Y72         BUFGCE (Prop_BUFCE_BUFGCE_I_O)
                                                      0.024     0.695 r  ap_clk_IBUF_BUFG_inst/O
    X4Y3 (CLOCK_ROOT)    net (fo=12625, routed)       1.066     1.760    dut/u_blk16_r0_0_0/u/grp_blk16_r0_0_Pipeline_l_S_k_0_k_fu_1178/ap_clk_IBUF_BUFG
    SLICE_X145Y181       FDRE                                         r  dut/u_blk16_r0_0_0/u/grp_blk16_r0_0_Pipeline_l_S_k_0_k_fu_1178/v420_fu_1198_reg[7]/C
  -------------------------------------------------------------------    -------------------
    SLICE_X145Y181       FDRE (Prop_EFF2_SLICEM_C_Q)
                                                      0.060     1.820 r  dut/u_blk16_r0_0_0/u/grp_blk16_r0_0_Pipeline_l_S_k_0_k_fu_1178/v420_fu_1198_reg[7]/Q
                         net (fo=2, routed)           0.163     1.983    dut/u_blk16_r0_0_0/u/grp_blk16_r0_0_Pipeline_l_S_k_0_k_fu_1178/v420_fu_1198_reg[7]_0[7]
    SLICE_X145Y175       FDRE                                         r  dut/u_blk16_r0_0_0/u/grp_blk16_r0_0_Pipeline_l_S_k_0_k_fu_1178/v419_fu_1194_reg[7]/D
  -------------------------------------------------------------------    -------------------

                         (clock ap_clk rise edge)     0.000     0.000 r  
    BH26                                              0.000     0.000 r  ap_clk (IN)
                         net (fo=0)                   0.000     0.000    ap_clk_IBUF_inst/I
    BH26                 INBUF (Prop_INBUF_HPIOB_M_PAD_O)
                                                      0.636     0.636 r  ap_clk_IBUF_inst/INBUF_INST/O
                         net (fo=1, routed)           0.000     0.636    ap_clk_IBUF_inst/OUT
    BH26                 IBUFCTRL (Prop_IBUFCTRL_HPIOB_M_I_O)
                                                      0.000     0.636 r  ap_clk_IBUF_inst/IBUFCTRL_INST/O
                         net (fo=1, routed)           0.323     0.959    ap_clk_IBUF
    BUFGCE_X0Y72         BUFGCE (Prop_BUFCE_BUFGCE_I_O)
                                                      0.028     0.987 r  ap_clk_IBUF_BUFG_inst/O
    X4Y3 (CLOCK_ROOT)    net (fo=12625, routed)       1.232     2.219    dut/u_blk16_r0_0_0/u/grp_blk16_r0_0_Pipeline_l_S_k_0_k_fu_1178/ap_clk_IBUF_BUFG
    SLICE_X145Y175       FDRE                                         r  dut/u_blk16_r0_0_0/u/grp_blk16_r0_0_Pipeline_l_S_k_0_k_fu_1178/v419_fu_1194_reg[7]/C
                         clock pessimism             -0.307     1.912    
    SLICE_X145Y175       FDRE (Hold_AFF2_SLICEM_C_D)
                                                      0.062     1.974    dut/u_blk16_r0_0_0/u/grp_blk16_r0_0_Pipeline_l_S_k_0_k_fu_1178/v419_fu_1194_reg[7]
  -------------------------------------------------------------------
                         required time                         -1.974    
                         arrival time                           1.983    
  -------------------------------------------------------------------
                         slack                                  0.010    





Pulse Width Checks
--------------------------------------------------------------------------------------
Clock Name:         ap_clk
Waveform(ns):       { 0.000 1.666 }
Period(ns):         3.333
Sources:            { ap_clk }

Check Type        Corner  Lib Pin     Reference Pin  Required(ns)  Actual(ns)  Slack(ns)  Location        Pin
Min Period        n/a     BUFGCE/I    n/a            1.290         3.333       2.043      BUFGCE_X0Y72    ap_clk_IBUF_BUFG_inst/I
Low Pulse Width   Slow    SRL16E/CLK  n/a            0.532         1.666       1.134      SLICE_X141Y162  gen_blk16_a0_in_bind[0].lf_blk16_a0_in_bind_reg[19]_srl12___gen_lanes16_b_mem_r_10/CLK
High Pulse Width  Slow    SRL16E/CLK  n/a            0.532         1.666       1.134      SLICE_X141Y162  gen_blk16_a0_in_bind[0].lf_blk16_a0_in_bind_reg[19]_srl12___gen_lanes16_b_mem_r_10/CLK



