================================================================
== Vivado Place & Route Results
================================================================
+ General Information:
    * Date:            Sun Sep 06 21:15:37 EDT 2026
    * Version:         2023.2 (Build 4023990 on Oct 11 2023)
    * Project:         out.prj
    * Solution:        solution1 (Vivado IP Flow Target)
    * Product family:  virtexuplusHBM
    * Target device:   xcu280-fsvh2892-2L-e


================================================================
== Run Constraints & Options
================================================================
+ Design Constraints & Options:
    * Place & Route target clock:  3.333 ns
    * C-Synthesis target clock:    3.333 ns
    * C-Synthesis uncertainty:     27%

+ RTL Synthesis Options:
    * config_export -vivado_synth_strategy:     default
    * config_export -vivado_synth_design_args:  -directive sdx_optimization_effort_high

+ Place & Route Options:
    * config_export -vivado_impl_strategy:  default
    * config_export -vivado_phys_opt:       none

+ Reporting Options:
    * config_export -vivado_report_level:      2
    * config_export -vivado_max_timing_paths:  10


================================================================
== Place & Route Resource Summary
================================================================
LUT:              3693
FF:               4459
DSP:              16
BRAM:             3
URAM:             0
SRL:              474


================================================================
== Place & Route Timing Summary
================================================================
* Timing was met
+----------------+-------------+
| Timing         | Period (ns) |
+----------------+-------------+
| Target         | 3.333       |
| Post-Synthesis | 2.078       |
| Post-Route     | 2.708       |
+----------------+-------------+


================================================================
== Place & Route Resources
================================================================
+---------------------------------------------------------------------+------+------+-----+------+------+-----+--------+------+---------+----------+--------+
| Name                                                                | LUT  | FF   | DSP | BRAM | URAM | SRL | Pragma | Impl | Latency | Variable | Source |
+---------------------------------------------------------------------+------+------+-----+------+------+-----+--------+------+---------+----------+--------+
| inst                                                                | 3693 | 4459 | 16  | 3    |      |     |        |      |         |          |        |
|   (inst)                                                            | 59   | 332  |     |      |      |     |        |      |         |          |        |
|   buf0_1_U                                                          | 4    | 8    |     |      |      |     |        |      |         |          |        |
|   buf0_2_U                                                          | 4    | 8    |     |      |      |     |        |      |         |          |        |
|   buf0_3_U                                                          | 5    | 8    |     |      |      |     |        |      |         |          |        |
|   buf0_U                                                            | 4    | 8    |     |      |      |     |        |      |         |          |        |
|   buf1_1_U                                                          | 4    | 8    |     |      |      |     |        |      |         |          |        |
|   buf1_2_U                                                          | 4    | 8    |     |      |      |     |        |      |         |          |        |
|   buf1_3_U                                                          | 5    | 8    |     |      |      |     |        |      |         |          |        |
|   buf1_U                                                            | 4    | 8    |     |      |      |     |        |      |         |          |        |
|   buf2_1_U                                                          | 9    | 18   |     |      |      |     |        |      |         |          |        |
|   buf2_2_U                                                          | 9    | 18   |     |      |      |     |        |      |         |          |        |
|   buf2_3_U                                                          | 9    | 18   |     |      |      |     |        |      |         |          |        |
|   buf2_U                                                            | 12   | 18   |     |      |      |     |        |      |         |          |        |
|   control_s_axi_U                                                   | 202  | 235  |     |      |      |     |        |      |         |          |        |
|   gmem0_m_axi_U                                                     | 564  | 793  |     | 1    |      |     |        |      |         |          |        |
|   gmem1_m_axi_U                                                     | 561  | 793  |     | 1    |      |     |        |      |         |          |        |
|   gmem2_m_axi_U                                                     | 627  | 966  |     | 1    |      |     |        |      |         |          |        |
|   grp_systolic_gemm_fu_533                                          | 1599 | 1204 | 16  |      |      |     |        |      |         |          |        |
|     (grp_systolic_gemm_fu_533)                                      | 127  | 300  |     |      |      |     |        |      |         |          |        |
|       A_fifo_10_U                                                   | 13   | 6    |     |      |      |     |        |      |         |          |        |
|       A_fifo_11_U                                                   | 13   | 6    |     |      |      |     |        |      |         |          |        |
|       A_fifo_12_U                                                   | 13   | 6    |     |      |      |     |        |      |         |          |        |
|       A_fifo_13_U                                                   | 13   | 6    |     |      |      |     |        |      |         |          |        |
|       A_fifo_14_U                                                   | 4    | 6    |     |      |      |     |        |      |         |          |        |
|       A_fifo_15_U                                                   | 14   | 6    |     |      |      |     |        |      |         |          |        |
|       A_fifo_16_U                                                   | 13   | 6    |     |      |      |     |        |      |         |          |        |
|       A_fifo_17_U                                                   | 13   | 6    |     |      |      |     |        |      |         |          |        |
|       A_fifo_18_U                                                   | 13   | 6    |     |      |      |     |        |      |         |          |        |
|       A_fifo_19_U                                                   | 4    | 6    |     |      |      |     |        |      |         |          |        |
|       A_fifo_1_U                                                    | 13   | 6    |     |      |      |     |        |      |         |          |        |
|       A_fifo_2_U                                                    | 13   | 6    |     |      |      |     |        |      |         |          |        |
|       A_fifo_3_U                                                    | 13   | 6    |     |      |      |     |        |      |         |          |        |
|       A_fifo_4_U                                                    | 4    | 6    |     |      |      |     |        |      |         |          |        |
|       A_fifo_5_U                                                    | 13   | 6    |     |      |      |     |        |      |         |          |        |
|       A_fifo_6_U                                                    | 13   | 6    |     |      |      |     |        |      |         |          |        |
|       A_fifo_7_U                                                    | 13   | 6    |     |      |      |     |        |      |         |          |        |
|       A_fifo_8_U                                                    | 13   | 6    |     |      |      |     |        |      |         |          |        |
|       A_fifo_9_U                                                    | 5    | 6    |     |      |      |     |        |      |         |          |        |
|       A_fifo_U                                                      | 13   | 6    |     |      |      |     |        |      |         |          |        |
|       B_fifo_10_U                                                   | 13   | 6    |     |      |      |     |        |      |         |          |        |
|       B_fifo_11_U                                                   | 13   | 6    |     |      |      |     |        |      |         |          |        |
|       B_fifo_12_U                                                   | 13   | 6    |     |      |      |     |        |      |         |          |        |
|       B_fifo_13_U                                                   | 13   | 6    |     |      |      |     |        |      |         |          |        |
|       B_fifo_14_U                                                   | 4    | 6    |     |      |      |     |        |      |         |          |        |
|       B_fifo_15_U                                                   | 13   | 6    |     |      |      |     |        |      |         |          |        |
|       B_fifo_16_U                                                   | 13   | 6    |     |      |      |     |        |      |         |          |        |
|       B_fifo_17_U                                                   | 13   | 6    |     |      |      |     |        |      |         |          |        |
|       B_fifo_18_U                                                   | 13   | 6    |     |      |      |     |        |      |         |          |        |
|       B_fifo_19_U                                                   | 4    | 6    |     |      |      |     |        |      |         |          |        |
|       B_fifo_1_U                                                    | 13   | 6    |     |      |      |     |        |      |         |          |        |
|       B_fifo_2_U                                                    | 13   | 6    |     |      |      |     |        |      |         |          |        |
|       B_fifo_3_U                                                    | 13   | 6    |     |      |      |     |        |      |         |          |        |
|       B_fifo_4_U                                                    | 4    | 6    |     |      |      |     |        |      |         |          |        |
|       B_fifo_5_U                                                    | 13   | 6    |     |      |      |     |        |      |         |          |        |
|       B_fifo_6_U                                                    | 13   | 6    |     |      |      |     |        |      |         |          |        |
|       B_fifo_7_U                                                    | 13   | 6    |     |      |      |     |        |      |         |          |        |
|       B_fifo_8_U                                                    | 13   | 6    |     |      |      |     |        |      |         |          |        |
|       B_fifo_9_U                                                    | 5    | 6    |     |      |      |     |        |      |         |          |        |
|       B_fifo_U                                                      | 13   | 6    |     |      |      |     |        |      |         |          |        |
|       PE_kernel_gemm_0_0_U0                                         | 47   | 30   | 1   |      |      |     |        |      |         |          |        |
|         (PE_kernel_gemm_0_0_U0)                                     | 10   | 29   |     |      |      |     |        |      |         |          |        |
|         mac_muladd_8s_8s_18s_18_4_1_U33                             | 29   |      | 1   |      |      |     |        |      |         |          |        |
|       PE_kernel_gemm_0_1_U0                                         | 47   | 30   | 1   |      |      |     |        |      |         |          |        |
|         (PE_kernel_gemm_0_1_U0)                                     | 10   | 29   |     |      |      |     |        |      |         |          |        |
|         flow_control_loop_pipe_U                                    | 8    | 1    |     |      |      |     |        |      |         |          |        |
|         mac_muladd_8s_8s_18s_18_4_1_U58                             | 29   |      | 1   |      |      |     |        |      |         |          |        |
|       PE_kernel_gemm_0_2_U0                                         | 46   | 31   | 1   |      |      |     |        |      |         |          |        |
|         (PE_kernel_gemm_0_2_U0)                                     | 8    | 30   |     |      |      |     |        |      |         |          |        |
|         flow_control_loop_pipe_U                                    | 9    | 1    |     |      |      |     |        |      |         |          |        |
|         mac_muladd_8s_8s_18s_18_4_1_U82                             | 29   |      | 1   |      |      |     |        |      |         |          |        |
|       PE_kernel_gemm_0_3_U0                                         | 47   | 31   | 1   |      |      |     |        |      |         |          |        |
|         (PE_kernel_gemm_0_3_U0)                                     | 9    | 30   |     |      |      |     |        |      |         |          |        |
|         flow_control_loop_pipe_U                                    | 9    | 1    |     |      |      |     |        |      |         |          |        |
|         mac_muladd_8s_8s_18s_18_4_1_U106                            | 29   |      | 1   |      |      |     |        |      |         |          |        |
|       PE_kernel_gemm_1_0_U0                                         | 46   | 31   | 1   |      |      |     |        |      |         |          |        |
|         (PE_kernel_gemm_1_0_U0)                                     | 8    | 30   |     |      |      |     |        |      |         |          |        |
|         flow_control_loop_pipe_U                                    | 9    | 1    |     |      |      |     |        |      |         |          |        |
|         mac_muladd_8s_8s_18s_18_4_1_U40                             | 29   |      | 1   |      |      |     |        |      |         |          |        |
|       PE_kernel_gemm_1_1_U0                                         | 46   | 30   | 1   |      |      |     |        |      |         |          |        |
|         (PE_kernel_gemm_1_1_U0)                                     | 9    | 29   |     |      |      |     |        |      |         |          |        |
|         flow_control_loop_pipe_U                                    | 8    | 1    |     |      |      |     |        |      |         |          |        |
|         mac_muladd_8s_8s_18s_18_4_1_U64                             | 29   |      | 1   |      |      |     |        |      |         |          |        |
|       PE_kernel_gemm_1_2_U0                                         | 46   | 30   | 1   |      |      |     |        |      |         |          |        |
|         (PE_kernel_gemm_1_2_U0)                                     | 9    | 29   |     |      |      |     |        |      |         |          |        |
|         flow_control_loop_pipe_U                                    | 8    | 1    |     |      |      |     |        |      |         |          |        |
|         mac_muladd_8s_8s_18s_18_4_1_U88                             | 29   |      | 1   |      |      |     |        |      |         |          |        |
|       PE_kernel_gemm_1_3_U0                                         | 47   | 31   | 1   |      |      |     |        |      |         |          |        |
|         (PE_kernel_gemm_1_3_U0)                                     | 9    | 30   |     |      |      |     |        |      |         |          |        |
|         flow_control_loop_pipe_U                                    | 9    | 1    |     |      |      |     |        |      |         |          |        |
|         mac_muladd_8s_8s_18s_18_4_1_U112                            | 29   |      | 1   |      |      |     |        |      |         |          |        |
|       PE_kernel_gemm_2_0_U0                                         | 46   | 31   | 1   |      |      |     |        |      |         |          |        |
|         (PE_kernel_gemm_2_0_U0)                                     | 8    | 30   |     |      |      |     |        |      |         |          |        |
|         flow_control_loop_pipe_U                                    | 9    | 1    |     |      |      |     |        |      |         |          |        |
|         mac_muladd_8s_8s_18s_18_4_1_U46                             | 29   |      | 1   |      |      |     |        |      |         |          |        |
|       PE_kernel_gemm_2_1_U0                                         | 46   | 31   | 1   |      |      |     |        |      |         |          |        |
|         (PE_kernel_gemm_2_1_U0)                                     | 8    | 30   |     |      |      |     |        |      |         |          |        |
|         flow_control_loop_pipe_U                                    | 9    | 1    |     |      |      |     |        |      |         |          |        |
|         mac_muladd_8s_8s_18s_18_4_1_U70                             | 29   |      | 1   |      |      |     |        |      |         |          |        |
|       PE_kernel_gemm_2_2_U0                                         | 46   | 30   | 1   |      |      |     |        |      |         |          |        |
|         (PE_kernel_gemm_2_2_U0)                                     | 9    | 29   |     |      |      |     |        |      |         |          |        |
|         flow_control_loop_pipe_U                                    | 8    | 1    |     |      |      |     |        |      |         |          |        |
|         mac_muladd_8s_8s_18s_18_4_1_U94                             | 29   |      | 1   |      |      |     |        |      |         |          |        |
|       PE_kernel_gemm_2_3_U0                                         | 47   | 30   | 1   |      |      |     |        |      |         |          |        |
|         (PE_kernel_gemm_2_3_U0)                                     | 10   | 29   |     |      |      |     |        |      |         |          |        |
|         flow_control_loop_pipe_U                                    | 8    | 1    |     |      |      |     |        |      |         |          |        |
|         mac_muladd_8s_8s_18s_18_4_1_U118                            | 29   |      | 1   |      |      |     |        |      |         |          |        |
|       PE_kernel_gemm_3_0_U0                                         | 45   | 31   | 1   |      |      |     |        |      |         |          |        |
|         (PE_kernel_gemm_3_0_U0)                                     | 8    | 30   |     |      |      |     |        |      |         |          |        |
|         flow_control_loop_pipe_U                                    | 8    | 1    |     |      |      |     |        |      |         |          |        |
|         mac_muladd_8s_8s_18s_18_4_1_U52                             | 29   |      | 1   |      |      |     |        |      |         |          |        |
|       PE_kernel_gemm_3_1_U0                                         | 46   | 31   | 1   |      |      |     |        |      |         |          |        |
|         (PE_kernel_gemm_3_1_U0)                                     | 8    | 30   |     |      |      |     |        |      |         |          |        |
|         flow_control_loop_pipe_U                                    | 9    | 1    |     |      |      |     |        |      |         |          |        |
|         mac_muladd_8s_8s_18s_18_4_1_U76                             | 29   |      | 1   |      |      |     |        |      |         |          |        |
|       PE_kernel_gemm_3_2_U0                                         | 46   | 31   | 1   |      |      |     |        |      |         |          |        |
|         (PE_kernel_gemm_3_2_U0)                                     | 8    | 30   |     |      |      |     |        |      |         |          |        |
|         flow_control_loop_pipe_U                                    | 9    | 1    |     |      |      |     |        |      |         |          |        |
|         mac_muladd_8s_8s_18s_18_4_1_U100                            | 29   |      | 1   |      |      |     |        |      |         |          |        |
|       PE_kernel_gemm_3_3_U0                                         | 44   | 30   | 1   |      |      |     |        |      |         |          |        |
|         (PE_kernel_gemm_3_3_U0)                                     | 7    | 29   |     |      |      |     |        |      |         |          |        |
|         flow_control_loop_pipe_U                                    | 8    | 1    |     |      |      |     |        |      |         |          |        |
|         mac_muladd_8s_8s_18s_18_4_1_U124                            | 29   |      | 1   |      |      |     |        |      |         |          |        |
|       start_for_PE_kernel_gemm_0_0_U0_U                             | 1    | 4    |     |      |      |     |        |      |         |          |        |
|       start_for_PE_kernel_gemm_0_1_U0_U                             | 2    | 5    |     |      |      |     |        |      |         |          |        |
|       start_for_PE_kernel_gemm_0_2_U0_U                             | 4    | 5    |     |      |      |     |        |      |         |          |        |
|       start_for_PE_kernel_gemm_0_3_U0_U                             | 6    | 6    |     |      |      |     |        |      |         |          |        |
|       start_for_PE_kernel_gemm_1_0_U0_U                             | 4    | 5    |     |      |      |     |        |      |         |          |        |
|       start_for_PE_kernel_gemm_1_1_U0_U                             | 2    | 4    |     |      |      |     |        |      |         |          |        |
|       start_for_PE_kernel_gemm_1_2_U0_U                             | 2    | 4    |     |      |      |     |        |      |         |          |        |
|       start_for_PE_kernel_gemm_1_3_U0_U                             | 3    | 4    |     |      |      |     |        |      |         |          |        |
|       start_for_PE_kernel_gemm_2_0_U0_U                             | 2    | 5    |     |      |      |     |        |      |         |          |        |
|       start_for_PE_kernel_gemm_2_1_U0_U                             | 4    | 4    |     |      |      |     |        |      |         |          |        |
|       start_for_PE_kernel_gemm_2_2_U0_U                             | 2    | 4    |     |      |      |     |        |      |         |          |        |
|       start_for_PE_kernel_gemm_2_3_U0_U                             | 2    | 4    |     |      |      |     |        |      |         |          |        |
|       start_for_PE_kernel_gemm_3_0_U0_U                             | 5    | 6    |     |      |      |     |        |      |         |          |        |
|       start_for_PE_kernel_gemm_3_1_U0_U                             | 4    | 4    |     |      |      |     |        |      |         |          |        |
|       start_for_PE_kernel_gemm_3_2_U0_U                             | 3    | 4    |     |      |      |     |        |      |         |          |        |
|       start_for_PE_kernel_gemm_3_3_U0_U                             | 2    | 4    |     |      |      |     |        |      |         |          |        |
|       start_for_systolic_tile_gemm_Loop_l_data_drain_k17_proc2_U0_U | 3    | 6    |     |      |      |     |        |      |         |          |        |
|       systolic_tile_gemm_Loop_l_data_drain_k17_proc2_U0             | 16   | 6    |     |      |      |     |        |      |         |          |        |
|         (systolic_tile_gemm_Loop_l_data_drain_k17_proc2_U0)         | 4    | 5    |     |      |      |     |        |      |         |          |        |
|         flow_control_loop_pipe_U                                    | 13   | 1    |     |      |      |     |        |      |         |          |        |
|       systolic_tile_gemm_Loop_l_data_load_k16_proc1_U0              | 25   | 6    |     |      |      |     |        |      |         |          |        |
|         (systolic_tile_gemm_Loop_l_data_load_k16_proc1_U0)          | 7    | 5    |     |      |      |     |        |      |         |          |        |
|         flow_control_loop_pipe_U                                    | 18   | 1    |     |      |      |     |        |      |         |          |        |
|     local_A_1_U                                                     | 4    | 8    |     |      |      |     |        |      |         |          |        |
|     local_A_2_U                                                     | 4    | 8    |     |      |      |     |        |      |         |          |        |
|     local_A_3_U                                                     | 4    | 8    |     |      |      |     |        |      |         |          |        |
|     local_A_U                                                       | 4    | 8    |     |      |      |     |        |      |         |          |        |
|     local_B_1_U                                                     | 4    | 8    |     |      |      |     |        |      |         |          |        |
|     local_B_2_U                                                     | 4    | 8    |     |      |      |     |        |      |         |          |        |
|     local_B_3_U                                                     | 4    | 8    |     |      |      |     |        |      |         |          |        |
|     local_B_U                                                       | 4    | 8    |     |      |      |     |        |      |         |          |        |
|   sparsemux_9_2_18_1_1_U257                                         | 18   |      |     |      |      |     |        |      |         |          |        |
+---------------------------------------------------------------------+------+------+-----+------+------+-----+--------+------+---------+----------+--------+


================================================================
== Place & Route Fail Fast
================================================================
+-----------------------------------------------------------+-----------+--------+--------+
| Criteria                                                  | Guideline | Actual | Status |
+-----------------------------------------------------------+-----------+--------+--------+
| LUT                                                       | 70%       | 0.28%  | OK     |
| FD                                                        | 50%       | 0.17%  | OK     |
| LUTRAM+SRL                                                | 25%       | 0.10%  | OK     |
| CARRY8                                                    | 25%       | 0.04%  | OK     |
| MUXF7                                                     | 15%       | 0.00%  | OK     |
| DSP                                                       | 80%       | 0.18%  | OK     |
| RAMB/FIFO                                                 | 80%       | 0.07%  | OK     |
| URAM                                                      | 80%       | 0.00%  | OK     |
| DSP+RAMB+URAM (Avg)                                       | 70%       | 0.12%  | OK     |
| BUFGCE* + BUFGCTRL                                        | 24        | 0      | OK     |
| DONT_TOUCH (cells/nets)                                   | 0         | 0      | OK     |
| MARK_DEBUG (nets)                                         | 0         | 0      | OK     |
| Control Sets                                              | 24444     | 276    | OK     |
| Average Fanout for modules > 100k cells                   | 4         | 1.68   | OK     |
| Max Average Fanout for modules > 100k cells               | 4         | 0      | OK     |
| Non-FD high fanout nets > 10k loads                       | 0         | 0      | OK     |
+-----------------------------------------------------------+-----------+--------+--------+
| TIMING-6 (No common primary clock between related clocks) | 0         | 0      | OK     |
| TIMING-7 (No common node between related clocks)          | 0         | 0      | OK     |
| TIMING-8 (No common period between related clocks)        | 0         | 0      | OK     |
| TIMING-14 (LUT on the clock tree)                         | 0         | 0      | OK     |
| TIMING-35 (No common node in paths with the same clock)   | 0         | 0      | OK     |
+-----------------------------------------------------------+-----------+--------+--------+
| Number of paths above max LUT budgeting (0.300ns)         | 0         | 0      | OK     |
| Number of paths above max Net budgeting (0.208ns)         | 0         | 0      | OK     |
+-----------------------------------------------------------+-----------+--------+--------+


================================================================
== Place & Route Timing Paths
================================================================
* Timing was met
+-------+-------+--------------------------------------------------------+------------------------------------------------------------------+--------------+------------+----------------+----------------+--------------+
| Path  | SLACK | STARTPOINT PIN                                         | ENDPOINT PIN                                                     | LOGIC LEVELS | MAX FANOUT | DATAPATH DELAY | DATAPATH LOGIC | DATAPATH NET |
|       |       |                                                        |                                                                  |              |            |                |          DELAY |        DELAY |
+-------+-------+--------------------------------------------------------+------------------------------------------------------------------+--------------+------------+----------------+----------------+--------------+
| Path1 | 0.625 | gmem2_m_axi_U/bus_write/wreq_throttle/flying_req_reg/C | gmem2_m_axi_U/bus_write/wreq_throttle/req_fifo/mOutPtr_reg[1]/CE |            4 |         75 |          2.602 |          0.440 |        2.162 |
| Path2 | 0.627 | gmem2_m_axi_U/bus_write/wreq_throttle/flying_req_reg/C | gmem2_m_axi_U/bus_write/wreq_throttle/req_fifo/mOutPtr_reg[0]/CE |            4 |         75 |          2.600 |          0.440 |        2.160 |
| Path3 | 0.627 | gmem2_m_axi_U/bus_write/wreq_throttle/flying_req_reg/C | gmem2_m_axi_U/bus_write/wreq_throttle/req_fifo/mOutPtr_reg[2]/CE |            4 |         75 |          2.600 |          0.440 |        2.160 |
| Path4 | 0.627 | gmem2_m_axi_U/bus_write/wreq_throttle/flying_req_reg/C | gmem2_m_axi_U/bus_write/wreq_throttle/req_fifo/mOutPtr_reg[3]/CE |            4 |         75 |          2.600 |          0.440 |        2.160 |
| Path5 | 0.627 | gmem2_m_axi_U/bus_write/wreq_throttle/flying_req_reg/C | gmem2_m_axi_U/bus_write/wreq_throttle/req_fifo/mOutPtr_reg[4]/CE |            4 |         75 |          2.600 |          0.440 |        2.160 |
+-------+-------+--------------------------------------------------------+------------------------------------------------------------------+--------------+------------+----------------+----------------+--------------+

    +----------------------------------------------------------------------------+-------------------+
    | Path1 Cells                                                                | Primitive Type    |
    +----------------------------------------------------------------------------+-------------------+
    | gmem2_m_axi_U/bus_write/wreq_throttle/flying_req_reg                       | REGISTER.SDR.FDRE |
    | gmem2_m_axi_U/bus_write/wreq_throttle/data_fifo/U_fifo_srl/last_cnt[4]_i_3 | CLB.LUT.LUT5      |
    | gmem2_m_axi_U/bus_write/wreq_throttle/data_fifo/U_fifo_srl/state[0]_i_2    | CLB.LUT.LUT6      |
    | gmem2_m_axi_U/bus_write/wreq_throttle/req_fifo/U_fifo_srl/dout[67]_i_1     | CLB.LUT.LUT4      |
    | gmem2_m_axi_U/bus_write/wreq_throttle/req_fifo/mOutPtr[4]_i_1__12          | CLB.LUT.LUT3      |
    | gmem2_m_axi_U/bus_write/wreq_throttle/req_fifo/mOutPtr_reg[1]              | REGISTER.SDR.FDRE |
    +----------------------------------------------------------------------------+-------------------+

    +----------------------------------------------------------------------------+-------------------+
    | Path2 Cells                                                                | Primitive Type    |
    +----------------------------------------------------------------------------+-------------------+
    | gmem2_m_axi_U/bus_write/wreq_throttle/flying_req_reg                       | REGISTER.SDR.FDRE |
    | gmem2_m_axi_U/bus_write/wreq_throttle/data_fifo/U_fifo_srl/last_cnt[4]_i_3 | CLB.LUT.LUT5      |
    | gmem2_m_axi_U/bus_write/wreq_throttle/data_fifo/U_fifo_srl/state[0]_i_2    | CLB.LUT.LUT6      |
    | gmem2_m_axi_U/bus_write/wreq_throttle/req_fifo/U_fifo_srl/dout[67]_i_1     | CLB.LUT.LUT4      |
    | gmem2_m_axi_U/bus_write/wreq_throttle/req_fifo/mOutPtr[4]_i_1__12          | CLB.LUT.LUT3      |
    | gmem2_m_axi_U/bus_write/wreq_throttle/req_fifo/mOutPtr_reg[0]              | REGISTER.SDR.FDRE |
    +----------------------------------------------------------------------------+-------------------+

    +----------------------------------------------------------------------------+-------------------+
    | Path3 Cells                                                                | Primitive Type    |
    +----------------------------------------------------------------------------+-------------------+
    | gmem2_m_axi_U/bus_write/wreq_throttle/flying_req_reg                       | REGISTER.SDR.FDRE |
    | gmem2_m_axi_U/bus_write/wreq_throttle/data_fifo/U_fifo_srl/last_cnt[4]_i_3 | CLB.LUT.LUT5      |
    | gmem2_m_axi_U/bus_write/wreq_throttle/data_fifo/U_fifo_srl/state[0]_i_2    | CLB.LUT.LUT6      |
    | gmem2_m_axi_U/bus_write/wreq_throttle/req_fifo/U_fifo_srl/dout[67]_i_1     | CLB.LUT.LUT4      |
    | gmem2_m_axi_U/bus_write/wreq_throttle/req_fifo/mOutPtr[4]_i_1__12          | CLB.LUT.LUT3      |
    | gmem2_m_axi_U/bus_write/wreq_throttle/req_fifo/mOutPtr_reg[2]              | REGISTER.SDR.FDRE |
    +----------------------------------------------------------------------------+-------------------+

    +----------------------------------------------------------------------------+-------------------+
    | Path4 Cells                                                                | Primitive Type    |
    +----------------------------------------------------------------------------+-------------------+
    | gmem2_m_axi_U/bus_write/wreq_throttle/flying_req_reg                       | REGISTER.SDR.FDRE |
    | gmem2_m_axi_U/bus_write/wreq_throttle/data_fifo/U_fifo_srl/last_cnt[4]_i_3 | CLB.LUT.LUT5      |
    | gmem2_m_axi_U/bus_write/wreq_throttle/data_fifo/U_fifo_srl/state[0]_i_2    | CLB.LUT.LUT6      |
    | gmem2_m_axi_U/bus_write/wreq_throttle/req_fifo/U_fifo_srl/dout[67]_i_1     | CLB.LUT.LUT4      |
    | gmem2_m_axi_U/bus_write/wreq_throttle/req_fifo/mOutPtr[4]_i_1__12          | CLB.LUT.LUT3      |
    | gmem2_m_axi_U/bus_write/wreq_throttle/req_fifo/mOutPtr_reg[3]              | REGISTER.SDR.FDRE |
    +----------------------------------------------------------------------------+-------------------+

    +----------------------------------------------------------------------------+-------------------+
    | Path5 Cells                                                                | Primitive Type    |
    +----------------------------------------------------------------------------+-------------------+
    | gmem2_m_axi_U/bus_write/wreq_throttle/flying_req_reg                       | REGISTER.SDR.FDRE |
    | gmem2_m_axi_U/bus_write/wreq_throttle/data_fifo/U_fifo_srl/last_cnt[4]_i_3 | CLB.LUT.LUT5      |
    | gmem2_m_axi_U/bus_write/wreq_throttle/data_fifo/U_fifo_srl/state[0]_i_2    | CLB.LUT.LUT6      |
    | gmem2_m_axi_U/bus_write/wreq_throttle/req_fifo/U_fifo_srl/dout[67]_i_1     | CLB.LUT.LUT4      |
    | gmem2_m_axi_U/bus_write/wreq_throttle/req_fifo/mOutPtr[4]_i_1__12          | CLB.LUT.LUT3      |
    | gmem2_m_axi_U/bus_write/wreq_throttle/req_fifo/mOutPtr_reg[4]              | REGISTER.SDR.FDRE |
    +----------------------------------------------------------------------------+-------------------+


================================================================
== Place & Route Vivado Reports
================================================================
+--------------------------+--------------------------------------------------------------+
| Report Type              | Report Location                                              |
+--------------------------+--------------------------------------------------------------+
| design_analysis          | impl/verilog/report/gemm_design_analysis_routed.rpt          |
| failfast                 | impl/verilog/report/gemm_failfast_routed.rpt                 |
| status                   | impl/verilog/report/gemm_status_routed.rpt                   |
| timing                   | impl/verilog/report/gemm_timing_routed.rpt                   |
| timing_paths             | impl/verilog/report/gemm_timing_paths_routed.rpt             |
| utilization              | impl/verilog/report/gemm_utilization_routed.rpt              |
| utilization_hierarchical | impl/verilog/report/gemm_utilization_hierarchical_routed.rpt |
+--------------------------+--------------------------------------------------------------+


