

================================================================
== Vitis HLS Report for 'lane_k2n2_r0_0_Pipeline_VITIS_LOOP_21_1'
================================================================
* Date:           Fri Sep 25 04:10:37 2026

* Version:        2023.2 (Build 4023990 on Oct 11 2023)
* Project:        prj
* Solution:       sol (Vivado IP Flow Target)
* Product family: virtexuplusHBM
* Target device:  xcu280-fsvh2892-2L-e


================================================================
== Performance Estimates
================================================================
+ Timing: 
    * Summary: 
    +--------+---------+----------+------------+
    |  Clock |  Target | Estimated| Uncertainty|
    +--------+---------+----------+------------+
    |ap_clk  |  4.75 ns|  1.557 ns|     0.90 ns|
    +--------+---------+----------+------------+

+ Latency: 
    * Summary: 
    +---------+---------+-----------+-----------+-----+-----+---------+
    |  Latency (cycles) |   Latency (absolute)  |  Interval | Pipeline|
    |   min   |   max   |    min    |    max    | min | max |   Type  |
    +---------+---------+-----------+-----------+-----+-----+---------+
    |        5|        5|  23.750 ns|  23.750 ns|    5|    5|       no|
    +---------+---------+-----------+-----------+-----+-----+---------+

    + Detail: 
        * Instance: 
        N/A

        * Loop: 
        +-------------------+---------+---------+----------+-----------+-----------+------+----------+
        |                   |  Latency (cycles) | Iteration|  Initiation Interval  | Trip |          |
        |     Loop Name     |   min   |   max   |  Latency |  achieved |   target  | Count| Pipelined|
        +-------------------+---------+---------+----------+-----------+-----------+------+----------+
        |- VITIS_LOOP_21_1  |        3|        3|         1|          1|          1|     3|       yes|
        +-------------------+---------+---------+----------+-----------+-----------+------+----------+



================================================================
== Utilization Estimates
================================================================
* Summary: 
+---------------------+---------+------+---------+---------+-----+
|         Name        | BRAM_18K|  DSP |    FF   |   LUT   | URAM|
+---------------------+---------+------+---------+---------+-----+
|DSP                  |        -|     -|        -|        -|    -|
|Expression           |        -|     -|        0|      329|    -|
|FIFO                 |        -|     -|        -|        -|    -|
|Instance             |        -|     -|        -|        -|    -|
|Memory               |        -|     -|        -|        -|    -|
|Multiplexer          |        -|     -|        -|       27|    -|
|Register             |        -|     -|      100|        -|    -|
+---------------------+---------+------+---------+---------+-----+
|Total                |        0|     0|      100|      356|    0|
+---------------------+---------+------+---------+---------+-----+
|Available SLR        |     1344|  3008|   869120|   434560|  320|
+---------------------+---------+------+---------+---------+-----+
|Utilization SLR (%)  |        0|     0|       ~0|       ~0|    0|
+---------------------+---------+------+---------+---------+-----+
|Available            |     4032|  9024|  2607360|  1303680|  960|
+---------------------+---------+------+---------+---------+-----+
|Utilization (%)      |        0|     0|       ~0|       ~0|    0|
+---------------------+---------+------+---------+---------+-----+

+ Detail: 
    * Instance: 
    N/A

    * DSP: 
    N/A

    * Memory: 
    N/A

    * FIFO: 
    N/A

    * Expression: 
    +---------------------+----------+----+---+-----+------------+------------+
    |    Variable Name    | Operation| DSP| FF| LUT | Bitwidth P0| Bitwidth P1|
    +---------------------+----------+----+---+-----+------------+------------+
    |add_ln21_fu_107_p2   |         +|   0|  0|    9|           2|           1|
    |icmp_ln21_fu_101_p2  |      icmp|   0|  0|    9|           2|           2|
    |lshr_ln22_fu_125_p2  |      lshr|   0|  0|  311|          96|          96|
    +---------------------+----------+----+---+-----+------------+------------+
    |Total                |          |   0|  0|  329|         100|          99|
    +---------------------+----------+----+---+-----+------------+------------+

    * Multiplexer: 
    +--------------------------+----+-----------+-----+-----------+
    |           Name           | LUT| Input Size| Bits| Total Bits|
    +--------------------------+----+-----------+-----+-----------+
    |ap_done_int               |   9|          2|    1|          2|
    |ap_sig_allocacmp_p_iv0_1  |   9|          2|    2|          4|
    |p_iv0_fu_42               |   9|          2|    2|          4|
    +--------------------------+----+-----------+-----+-----------+
    |Total                     |  27|          6|    5|         10|
    +--------------------------+----+-----------+-----+-----------+

    * Register: 
    +----------------+----+----+-----+-----------+
    |      Name      | FF | LUT| Bits| Const Bits|
    +----------------+----+----+-----+-----------+
    |ap_CS_fsm       |   1|   0|    1|          0|
    |ap_done_reg     |   1|   0|    1|          0|
    |p_iv0_fu_42     |   2|   0|    2|          0|
    |v3_0_015_fu_46  |  32|   0|   32|          0|
    |v3_1_016_fu_50  |  32|   0|   32|          0|
    |v4_fu_54        |  32|   0|   32|          0|
    +----------------+----+----+-----+-----------+
    |Total           | 100|   0|  100|          0|
    +----------------+----+----+-----+-----------+



================================================================
== Interface
================================================================
* Summary: 
+---------------------+-----+-----+------------+-----------------------------------------+--------------+
|      RTL Ports      | Dir | Bits|  Protocol  |              Source Object              |    C Type    |
+---------------------+-----+-----+------------+-----------------------------------------+--------------+
|ap_clk               |   in|    1|  ap_ctrl_hs|  lane_k2n2_r0_0_Pipeline_VITIS_LOOP_21_1|  return value|
|ap_rst               |   in|    1|  ap_ctrl_hs|  lane_k2n2_r0_0_Pipeline_VITIS_LOOP_21_1|  return value|
|ap_start             |   in|    1|  ap_ctrl_hs|  lane_k2n2_r0_0_Pipeline_VITIS_LOOP_21_1|  return value|
|ap_done              |  out|    1|  ap_ctrl_hs|  lane_k2n2_r0_0_Pipeline_VITIS_LOOP_21_1|  return value|
|ap_idle              |  out|    1|  ap_ctrl_hs|  lane_k2n2_r0_0_Pipeline_VITIS_LOOP_21_1|  return value|
|ap_ready             |  out|    1|  ap_ctrl_hs|  lane_k2n2_r0_0_Pipeline_VITIS_LOOP_21_1|  return value|
|empty                |   in|   96|     ap_none|                                    empty|        scalar|
|v4_out               |  out|    5|      ap_vld|                                   v4_out|       pointer|
|v4_out_ap_vld        |  out|    1|      ap_vld|                                   v4_out|       pointer|
|v3_1_016_out         |  out|   32|      ap_vld|                             v3_1_016_out|       pointer|
|v3_1_016_out_ap_vld  |  out|    1|      ap_vld|                             v3_1_016_out|       pointer|
|v3_0_015_out         |  out|   32|      ap_vld|                             v3_0_015_out|       pointer|
|v3_0_015_out_ap_vld  |  out|    1|      ap_vld|                             v3_0_015_out|       pointer|
+---------------------+-----+-----+------------+-----------------------------------------+--------------+

