Copyright 1986-2022 Xilinx, Inc. All Rights Reserved. Copyright 2022-2023 Advanced Micro Devices, Inc. All Rights Reserved.
---------------------------------------------------------------------------------------------------------------------------------------------------------------------------------------------------------------------------------------------------------------------------------------------------------------------------------------------------------------------------------------------------------------------------------------------------------------------------------------------------------------------------------------
| Tool Version      : Vivado v.2023.2 (lin64) Build 4029153 Fri Oct 13 20:13:54 MDT 2023
| Date              : Thu Oct  1 18:19:31 2026
| Host              : brg-zhang-xcel.ece.cornell.edu running 64-bit Red Hat Enterprise Linux 9.8 (Plow)
| Command           : report_timing -from [get_cells -hier -filter {IS_PRIMITIVE && (NAME =~ ex_controller/* || NAME =~ spad/*) && NAME !~ spad/reader* && NAME !~ spad/writer* && NAME !~ spad/buffer* && NAME !~ spad/xbar* && NAME !~ spad/widget*}] -to [get_cells -hier -filter {IS_PRIMITIVE && (NAME =~ ex_controller/* || NAME =~ spad/*) && NAME !~ spad/reader* && NAME !~ spad/writer* && NAME !~ spad/buffer* && NAME !~ spad/xbar* && NAME !~ spad/widget*}] -max_paths 3 -nworst 1 -sort_by slack -file scope_timing.rpt
| Design            : Gemmini
| Device            : xcu280-fsvh2892
| Speed File        : -2L  PRODUCTION 1.30 05-01-2022
| Design State      : Physopt postRoute
| Temperature Grade : E
---------------------------------------------------------------------------------------------------------------------------------------------------------------------------------------------------------------------------------------------------------------------------------------------------------------------------------------------------------------------------------------------------------------------------------------------------------------------------------------------------------------------------------------

Timing Report

Slack (VIOLATED) :        -11.291ns  (required time - arrival time)
  Source:                 spad/norm_unit_passthru_q/wrap_1_reg/C
                            (rising edge-triggered cell FDRE clocked by clk  {rise@0.000ns fall@1.666ns period=3.333ns})
  Destination:            spad/acc_scale_unit/pipe_out_p/stages_0_resp_data_2_0_reg[2]/S
                            (rising edge-triggered cell FDSE clocked by clk  {rise@0.000ns fall@1.666ns period=3.333ns})
  Path Group:             clk
  Path Type:              Setup (Max at Slow Process Corner)
  Requirement:            3.333ns  (clk rise@3.333ns - clk rise@0.000ns)
  Data Path Delay:        14.505ns  (logic 6.580ns (45.364%)  route 7.925ns (54.636%))
  Logic Levels:           55  (CARRY8=13 DSP_A_B_DATA=1 DSP_ALU=2 DSP_M_DATA=1 DSP_MULTIPLIER=1 DSP_OUTPUT=2 DSP_PREADD_DATA=1 LUT2=4 LUT3=2 LUT4=5 LUT5=9 LUT6=13 RAMD32=1)
  Clock Path Skew:        -0.010ns (DCD - SCD + CPR)
    Destination Clock Delay (DCD):    0.020ns = ( 3.353 - 3.333 ) 
    Source Clock Delay      (SCD):    0.030ns
    Clock Pessimism Removal (CPR):    0.000ns
  Clock Uncertainty:      0.035ns  ((TSJ^2 + TIJ^2)^1/2 + DJ) / 2 + PE
    Total System Jitter     (TSJ):    0.071ns
    Total Input Jitter      (TIJ):    0.000ns
    Discrete Jitter          (DJ):    0.000ns
    Phase Error              (PE):    0.000ns

    Location             Delay type                Incr(ns)  Path(ns)    Netlist Resource(s)
  -------------------------------------------------------------------    -------------------
                         (clock clk rise edge)        0.000     0.000 r  
                                                      0.000     0.000 r  clock (IN)
                         net (fo=34587, unset)        0.030     0.030    spad/norm_unit_passthru_q/clock
    SLICE_X137Y407       FDRE                                         r  spad/norm_unit_passthru_q/wrap_1_reg/C
  -------------------------------------------------------------------    -------------------
    SLICE_X137Y407       FDRE (Prop_DFF2_SLICEM_C_Q)
                                                      0.080     0.110 r  spad/norm_unit_passthru_q/wrap_1_reg/Q
                         net (fo=176, routed)         0.340     0.450    spad/norm_unit_passthru_q/ram_ext/Memory_reg_0_1_84_97/ADDRF0
    SLICE_X137Y413       RAMD32 (Prop_F6LUT_SLICEM_RADR0_O)
                                                      0.148     0.598 r  spad/norm_unit_passthru_q/ram_ext/Memory_reg_0_1_84_97/RAMF_D1/O
                         net (fo=92, routed)          0.189     0.787    spad/norm_unit_passthru_q/ram_ext/_norm_unit_passthru_q_io_deq_bits_acc_read_resp_data_2_0[31]
    SLICE_X137Y412       LUT5 (Prop_F5LUT_SLICEM_I4_O)
                                                      0.142     0.929 r  spad/norm_unit_passthru_q/ram_ext/roundedSig1_carry_i_83__1/O
                         net (fo=1, routed)           0.188     1.117    spad/norm_unit_passthru_q/ram_ext/roundedSig1_carry_i_83__1_n_0
    SLICE_X136Y412       CARRY8 (Prop_CARRY8_SLICEL_CI_CO[7])
                                                      0.151     1.268 r  spad/norm_unit_passthru_q/ram_ext/roundedSig1_carry_i_72__1/CO[7]
                         net (fo=1, routed)           0.026     1.294    spad/norm_unit_passthru_q/ram_ext/roundedSig1_carry_i_72__1_n_0
    SLICE_X136Y413       CARRY8 (Prop_CARRY8_SLICEL_CI_CO[7])
                                                      0.015     1.309 r  spad/norm_unit_passthru_q/ram_ext/io_toPostMul_sExpSum0__0_carry_i_40__1/CO[7]
                         net (fo=1, routed)           0.026     1.335    spad/norm_unit_passthru_q/ram_ext/io_toPostMul_sExpSum0__0_carry_i_40__1_n_0
    SLICE_X136Y414       CARRY8 (Prop_CARRY8_SLICEL_CI_O[6])
                                                      0.103     1.438 f  spad/norm_unit_passthru_q/ram_ext/roundedSig1_carry_i_43__1/O[6]
                         net (fo=2, routed)           0.129     1.567    spad/norm_unit_passthru_q/ram_ext/acc_scale_unit/activated_data_e_scaled_in_to_rec_fn_2/intAsRawFloat_absIn0[23]
    SLICE_X135Y414       LUT6 (Prop_F6LUT_SLICEL_I1_O)
                                                      0.123     1.690 f  spad/norm_unit_passthru_q/ram_ext/io_toPostMul_sExpSum0__0_carry_i_38__1/O
                         net (fo=2, routed)           0.111     1.801    spad/norm_unit_passthru_q/ram_ext/io_toPostMul_sExpSum0__0_carry_i_38__1_n_0
    SLICE_X135Y415       LUT6 (Prop_H6LUT_SLICEL_I5_O)
                                                      0.150     1.951 r  spad/norm_unit_passthru_q/ram_ext/io_toPostMul_sExpSum0__0_carry_i_24__0/O
                         net (fo=3, routed)           0.090     2.042    spad/norm_unit_passthru_q/ram_ext/io_toPostMul_sExpSum0__0_carry_i_24__0_n_0
    SLICE_X135Y414       LUT6 (Prop_H6LUT_SLICEL_I0_O)
                                                      0.051     2.093 f  spad/norm_unit_passthru_q/ram_ext/io_toPostMul_sExpSum0__0_carry_i_36__1/O
                         net (fo=3, routed)           0.141     2.234    spad/norm_unit_passthru_q/ram_ext/io_toPostMul_sExpSum0__0_carry_i_36__1_n_0
    SLICE_X136Y416       LUT6 (Prop_H6LUT_SLICEL_I5_O)
                                                      0.036     2.270 r  spad/norm_unit_passthru_q/ram_ext/io_toPostMul_sExpSum0__0_carry_i_22__0/O
                         net (fo=1, routed)           0.038     2.308    spad/norm_unit_passthru_q/ram_ext/io_toPostMul_sExpSum0__0_carry_i_22__0_n_0
    SLICE_X136Y416       LUT4 (Prop_G6LUT_SLICEL_I0_O)
                                                      0.050     2.358 r  spad/norm_unit_passthru_q/ram_ext/io_toPostMul_sExpSum0__0_carry_i_15__1/O
                         net (fo=38, routed)          0.337     2.694    spad/norm_unit_passthru_q/ram_ext/io_toPostMul_sExpSum0__0_carry_i_15__1_n_0
    SLICE_X139Y412       LUT5 (Prop_F6LUT_SLICEM_I1_O)
                                                      0.098     2.792 r  spad/norm_unit_passthru_q/ram_ext/roundedSig1_carry_i_21__1/O
                         net (fo=2, routed)           0.138     2.931    spad/norm_unit_passthru_q/ram_ext/roundedSig1_carry_i_21__1_n_0
    SLICE_X141Y413       LUT3 (Prop_D6LUT_SLICEM_I0_O)
                                                      0.099     3.030 r  spad/norm_unit_passthru_q/ram_ext/roundedSig1_carry_i_10__1/O
                         net (fo=3, routed)           0.144     3.174    spad/norm_unit_passthru_q/ram_ext/roundedSig1_carry_i_10__1_n_0
    SLICE_X142Y413       LUT2 (Prop_B6LUT_SLICEM_I0_O)
                                                      0.089     3.263 r  spad/norm_unit_passthru_q/ram_ext/io_toPostMul_sExpSum0__0_carry_i_20__1/O
                         net (fo=4, routed)           0.184     3.447    spad/norm_unit_passthru_q/ram_ext/io_toPostMul_sExpSum0__0_carry_i_20__1_n_0
    SLICE_X142Y413       LUT3 (Prop_A6LUT_SLICEM_I0_O)
                                                      0.038     3.485 r  spad/norm_unit_passthru_q/ram_ext/io_mulAddResult1_i_18__0/O
                         net (fo=27, routed)          0.165     3.650    spad/norm_unit_passthru_q/ram_ext/io_mulAddResult1_i_18__0_n_0
    SLICE_X141Y413       LUT5 (Prop_E6LUT_SLICEM_I3_O)
                                                      0.148     3.798 f  spad/norm_unit_passthru_q/ram_ext/io_mulAddResult1_i_6__1/O
                         net (fo=1, routed)           0.201     3.999    spad/acc_scale_unit/activated_data_e_scaled_muladder_2/io_mulAddResult1/B[11]
    DSP48E2_X18Y159      DSP_A_B_DATA (Prop_DSP_A_B_DATA_DSP48E2_B[11]_B2_DATA[11])
                                                      0.151     4.150 r  spad/acc_scale_unit/activated_data_e_scaled_muladder_2/io_mulAddResult1/DSP_A_B_DATA_INST/B2_DATA[11]
                         net (fo=1, routed)           0.000     4.150    spad/acc_scale_unit/activated_data_e_scaled_muladder_2/io_mulAddResult1/DSP_A_B_DATA.B2_DATA<11>
    DSP48E2_X18Y159      DSP_PREADD_DATA (Prop_DSP_PREADD_DATA_DSP48E2_B2_DATA[11]_B2B1[11])
                                                      0.073     4.223 r  spad/acc_scale_unit/activated_data_e_scaled_muladder_2/io_mulAddResult1/DSP_PREADD_DATA_INST/B2B1[11]
                         net (fo=1, routed)           0.000     4.223    spad/acc_scale_unit/activated_data_e_scaled_muladder_2/io_mulAddResult1/DSP_PREADD_DATA.B2B1<11>
    DSP48E2_X18Y159      DSP_MULTIPLIER (Prop_DSP_MULTIPLIER_DSP48E2_B2B1[11]_V[40])
                                                      0.609     4.832 f  spad/acc_scale_unit/activated_data_e_scaled_muladder_2/io_mulAddResult1/DSP_MULTIPLIER_INST/V[40]
                         net (fo=1, routed)           0.000     4.832    spad/acc_scale_unit/activated_data_e_scaled_muladder_2/io_mulAddResult1/DSP_MULTIPLIER.V<40>
    DSP48E2_X18Y159      DSP_M_DATA (Prop_DSP_M_DATA_DSP48E2_V[40]_V_DATA[40])
                                                      0.046     4.878 r  spad/acc_scale_unit/activated_data_e_scaled_muladder_2/io_mulAddResult1/DSP_M_DATA_INST/V_DATA[40]
                         net (fo=1, routed)           0.000     4.878    spad/acc_scale_unit/activated_data_e_scaled_muladder_2/io_mulAddResult1/DSP_M_DATA.V_DATA<40>
    DSP48E2_X18Y159      DSP_ALU (Prop_DSP_ALU_DSP48E2_V_DATA[40]_ALU_OUT[47])
                                                      0.571     5.449 f  spad/acc_scale_unit/activated_data_e_scaled_muladder_2/io_mulAddResult1/DSP_ALU_INST/ALU_OUT[47]
                         net (fo=1, routed)           0.000     5.449    spad/acc_scale_unit/activated_data_e_scaled_muladder_2/io_mulAddResult1/DSP_ALU.ALU_OUT<47>
    DSP48E2_X18Y159      DSP_OUTPUT (Prop_DSP_OUTPUT_DSP48E2_ALU_OUT[47]_PCOUT[47])
                                                      0.122     5.571 r  spad/acc_scale_unit/activated_data_e_scaled_muladder_2/io_mulAddResult1/DSP_OUTPUT_INST/PCOUT[47]
                         net (fo=1, routed)           0.038     5.609    spad/acc_scale_unit/activated_data_e_scaled_muladder_2/io_mulAddResult1__0/PCIN[47]
    DSP48E2_X18Y160      DSP_ALU (Prop_DSP_ALU_DSP48E2_PCIN[47]_ALU_OUT[3])
                                                      0.546     6.155 f  spad/acc_scale_unit/activated_data_e_scaled_muladder_2/io_mulAddResult1__0/DSP_ALU_INST/ALU_OUT[3]
                         net (fo=1, routed)           0.000     6.155    spad/acc_scale_unit/activated_data_e_scaled_muladder_2/io_mulAddResult1__0/DSP_ALU.ALU_OUT<3>
    DSP48E2_X18Y160      DSP_OUTPUT (Prop_DSP_OUTPUT_DSP48E2_ALU_OUT[3]_P[3])
                                                      0.109     6.264 r  spad/acc_scale_unit/activated_data_e_scaled_muladder_2/io_mulAddResult1__0/DSP_OUTPUT_INST/P[3]
                         net (fo=2, routed)           0.257     6.521    spad/acc_scale_unit/activated_data_e_scaled_muladder_2/io_mulAddResult1__1[20]
    SLICE_X140Y413       LUT2 (Prop_E6LUT_SLICEL_I0_O)
                                                      0.051     6.572 r  spad/acc_scale_unit/activated_data_e_scaled_muladder_2/i__carry_i_189__1/O
                         net (fo=1, routed)           0.007     6.579    spad/acc_scale_unit/activated_data_e_scaled_muladder_2/i__carry_i_189__1_n_0
    SLICE_X140Y413       CARRY8 (Prop_CARRY8_SLICEL_S[4]_CO[7])
                                                      0.153     6.732 r  spad/acc_scale_unit/activated_data_e_scaled_muladder_2/i__carry_i_143__1/CO[7]
                         net (fo=1, routed)           0.026     6.758    spad/acc_scale_unit/activated_data_e_scaled_muladder_2/i__carry_i_143__1_n_0
    SLICE_X140Y414       CARRY8 (Prop_CARRY8_SLICEL_CI_O[5])
                                                      0.116     6.874 r  spad/acc_scale_unit/activated_data_e_scaled_muladder_2/i__carry_i_144__1/O[5]
                         net (fo=5, routed)           0.466     7.340    spad/acc_scale_unit/activated_data_e_scaled_muladder_2/i__carry_i_144__1_n_10
    SLICE_X140Y424       CARRY8 (Prop_CARRY8_SLICEL_S[5]_CO[7])
                                                      0.155     7.495 r  spad/acc_scale_unit/activated_data_e_scaled_muladder_2/i__carry_i_145__1/CO[7]
                         net (fo=1, routed)           0.026     7.521    spad/acc_scale_unit/activated_data_e_scaled_muladder_2/i__carry_i_145__1_n_0
    SLICE_X140Y425       CARRY8 (Prop_CARRY8_SLICEL_CI_CO[7])
                                                      0.015     7.536 r  spad/acc_scale_unit/activated_data_e_scaled_muladder_2/i__carry_i_131__1/CO[7]
                         net (fo=1, routed)           0.026     7.562    spad/acc_scale_unit/activated_data_e_scaled_muladder_2/i__carry_i_131__1_n_0
    SLICE_X140Y426       CARRY8 (Prop_CARRY8_SLICEL_CI_O[0])
                                                      0.056     7.618 f  spad/acc_scale_unit/activated_data_e_scaled_muladder_2/i__carry__0_i_82__1/O[0]
                         net (fo=4, routed)           0.297     7.915    spad/acc_scale_unit/activated_data_e_scaled_muladder_2/mulAddRecFNToRaw_postMul/notCDom_absSigSum0[41]
    SLICE_X141Y421       LUT5 (Prop_E6LUT_SLICEM_I1_O)
                                                      0.091     8.006 r  spad/acc_scale_unit/activated_data_e_scaled_muladder_2/i__carry_i_177__1/O
                         net (fo=2, routed)           0.107     8.113    spad/acc_scale_unit/activated_data_e_scaled_muladder_2/i__carry_i_177__1_n_0
    SLICE_X141Y420       LUT6 (Prop_H6LUT_SLICEM_I5_O)
                                                      0.125     8.238 f  spad/acc_scale_unit/activated_data_e_scaled_muladder_2/i__carry_i_133__1/O
                         net (fo=4, routed)           0.113     8.351    spad/acc_scale_unit/activated_data_e_scaled_muladder_2/i__carry_i_133__1_n_0
    SLICE_X142Y420       LUT4 (Prop_F6LUT_SLICEM_I3_O)
                                                      0.088     8.439 r  spad/acc_scale_unit/activated_data_e_scaled_muladder_2/i__carry_i_124__1/O
                         net (fo=1, routed)           0.174     8.613    spad/acc_scale_unit/activated_data_e_scaled_muladder_2/i__carry_i_124__1_n_0
    SLICE_X142Y421       LUT6 (Prop_E6LUT_SLICEM_I4_O)
                                                      0.052     8.665 r  spad/acc_scale_unit/activated_data_e_scaled_muladder_2/i__carry_i_69__1/O
                         net (fo=72, routed)          0.309     8.974    spad/acc_scale_unit/activated_data_e_scaled_muladder_2/mulAddRecFNToRaw_preMul/i__carry_i_67__1_0
    SLICE_X140Y427       LUT6 (Prop_H6LUT_SLICEL_I0_O)
                                                      0.099     9.073 f  spad/acc_scale_unit/activated_data_e_scaled_muladder_2/mulAddRecFNToRaw_preMul/i__carry__0_i_50__1/O
                         net (fo=23, routed)          0.257     9.330    spad/acc_scale_unit/activated_data_e_scaled_muladder_2/mulAddRecFNToRaw_preMul/i__carry__0_i_50__1_n_0
    SLICE_X141Y428       LUT2 (Prop_A5LUT_SLICEM_I1_O)
                                                      0.112     9.442 r  spad/acc_scale_unit/activated_data_e_scaled_muladder_2/mulAddRecFNToRaw_preMul/i__carry_i_45__1/O
                         net (fo=3, routed)           0.232     9.673    spad/acc_scale_unit/activated_data_e_scaled_muladder_2/mulAddRecFNToRaw_preMul/i__carry_i_45__1_n_0
    SLICE_X140Y429       LUT6 (Prop_G6LUT_SLICEL_I4_O)
                                                      0.035     9.708 r  spad/acc_scale_unit/activated_data_e_scaled_muladder_2/mulAddRecFNToRaw_preMul/i__carry__1_i_13__1/O
                         net (fo=4, routed)           0.206     9.914    spad/acc_scale_unit/activated_data_e_scaled_muladder_2/mulAddRecFNToRaw_preMul/i__carry__1_i_13__1_n_0
    SLICE_X141Y432       LUT4 (Prop_B6LUT_SLICEM_I1_O)
                                                      0.125    10.039 r  spad/acc_scale_unit/activated_data_e_scaled_muladder_2/mulAddRecFNToRaw_preMul/stages_0_resp_data_2_0[7]_i_304/O
                         net (fo=1, routed)           0.094    10.133    spad/acc_scale_unit/activated_data_e_scaled_muladder_2/mulAddRecFNToRaw_preMul/stages_0_resp_data_2_0[7]_i_304_n_0
    SLICE_X141Y432       LUT5 (Prop_D6LUT_SLICEM_I4_O)
                                                      0.099    10.232 r  spad/acc_scale_unit/activated_data_e_scaled_muladder_2/mulAddRecFNToRaw_preMul/stages_0_resp_data_2_0[7]_i_235/O
                         net (fo=2, routed)           0.217    10.449    spad/acc_scale_unit/activated_data_e_scaled_muladder_2/mulAddRecFNToRaw_preMul/stages_0_resp_data_2_0[7]_i_235_n_0
    SLICE_X141Y432       LUT5 (Prop_F6LUT_SLICEM_I2_O)
                                                      0.051    10.500 r  spad/acc_scale_unit/activated_data_e_scaled_muladder_2/mulAddRecFNToRaw_preMul/stages_0_resp_data_2_0[7]_i_173/O
                         net (fo=28, routed)          0.216    10.716    spad/acc_scale_unit/activated_data_e_scaled_muladder_2/mulAddRecFNToRaw_preMul/stages_0_resp_data_2_0[7]_i_173_n_0
    SLICE_X140Y435       LUT6 (Prop_F6LUT_SLICEL_I3_O)
                                                      0.097    10.813 r  spad/acc_scale_unit/activated_data_e_scaled_muladder_2/mulAddRecFNToRaw_preMul/stages_0_resp_data_2_0[7]_i_78/O
                         net (fo=9, routed)           0.171    10.983    spad/acc_scale_unit/activated_data_e_scaled_muladder_2/mulAddRecFNToRaw_preMul/stages_0_resp_data_2_0[7]_i_78_n_0
    SLICE_X141Y436       LUT5 (Prop_G6LUT_SLICEM_I2_O)
                                                      0.123    11.106 r  spad/acc_scale_unit/activated_data_e_scaled_muladder_2/mulAddRecFNToRaw_preMul/stages_0_resp_data_2_0[7]_i_22/O
                         net (fo=7, routed)           0.062    11.168    spad/acc_scale_unit/activated_data_e_scaled_muladder_2/mulAddRecFNToRaw_preMul/i__carry__1_i_36__1_0
    SLICE_X141Y436       LUT5 (Prop_H5LUT_SLICEM_I3_O)
                                                      0.066    11.234 f  spad/acc_scale_unit/activated_data_e_scaled_muladder_2/mulAddRecFNToRaw_preMul/stages_0_resp_data_2_0[6]_i_46/O
                         net (fo=27, routed)          0.197    11.432    spad/acc_scale_unit/activated_data_e_scaled_muladder_2/mulAddRecFNToRaw_preMul/stages_0_resp_data_2_0[6]_i_46_n_0
    SLICE_X141Y435       LUT6 (Prop_G6LUT_SLICEM_I4_O)
                                                      0.090    11.522 r  spad/acc_scale_unit/activated_data_e_scaled_muladder_2/mulAddRecFNToRaw_preMul/stages_0_resp_data_2_0[3]_i_10/O
                         net (fo=50, routed)          0.231    11.753    spad/acc_scale_unit/activated_data_e_scaled_muladder_2/mulAddRecFNToRaw_preMul/stages_0_resp_data_2_0[3]_i_10_n_0
    SLICE_X143Y434       LUT6 (Prop_D6LUT_SLICEL_I1_O)
                                                      0.146    11.899 r  spad/acc_scale_unit/activated_data_e_scaled_muladder_2/mulAddRecFNToRaw_preMul/stages_0_resp_data_2_0[6]_i_36/O
                         net (fo=4, routed)           0.115    12.013    spad/acc_scale_unit/activated_data_e_scaled_muladder_2/mulAddRecFNToRaw_preMul/stages_0_resp_data_2_0[6]_i_36_n_0
    SLICE_X143Y434       LUT6 (Prop_H6LUT_SLICEL_I5_O)
                                                      0.150    12.163 r  spad/acc_scale_unit/activated_data_e_scaled_muladder_2/mulAddRecFNToRaw_preMul/stages_0_resp_data_2_0[0]_i_5/O
                         net (fo=5, routed)           0.326    12.489    spad/acc_scale_unit/activated_data_e_scaled_muladder_2/mulAddRecFNToRaw_preMul/stages_0_resp_data_2_0[0]_i_5_n_0
    SLICE_X144Y432       LUT5 (Prop_B6LUT_SLICEL_I1_O)
                                                      0.090    12.579 r  spad/acc_scale_unit/activated_data_e_scaled_muladder_2/mulAddRecFNToRaw_preMul/stages_0_resp_data_2_0[7]_i_136/O
                         net (fo=4, routed)           0.213    12.792    spad/acc_scale_unit/activated_data_e_scaled_muladder_2/mulAddRecFNToRaw_preMul/activated_data_e_scaled_rec_fn_to_in_2/p_0_in[8]
    SLICE_X144Y428       LUT2 (Prop_H6LUT_SLICEL_I0_O)
                                                      0.051    12.843 r  spad/acc_scale_unit/activated_data_e_scaled_muladder_2/mulAddRecFNToRaw_preMul/stages_0_resp_data_2_0[6]_i_18/O
                         net (fo=1, routed)           0.010    12.853    spad/acc_scale_unit/activated_data_e_scaled_muladder_2/mulAddRecFNToRaw_preMul/stages_0_resp_data_2_0[6]_i_18_n_0
    SLICE_X144Y428       CARRY8 (Prop_CARRY8_SLICEL_S[7]_CO[7])
                                                      0.115    12.968 r  spad/acc_scale_unit/activated_data_e_scaled_muladder_2/mulAddRecFNToRaw_preMul/stages_0_resp_data_2_0_reg[6]_i_7/CO[7]
                         net (fo=1, routed)           0.026    12.994    spad/acc_scale_unit/activated_data_e_scaled_muladder_2/mulAddRecFNToRaw_preMul/stages_0_resp_data_2_0_reg[6]_i_7_n_0
    SLICE_X144Y429       CARRY8 (Prop_CARRY8_SLICEL_CI_CO[7])
                                                      0.015    13.009 r  spad/acc_scale_unit/activated_data_e_scaled_muladder_2/mulAddRecFNToRaw_preMul/stages_0_resp_data_2_0_reg[7]_i_241/CO[7]
                         net (fo=1, routed)           0.026    13.035    spad/acc_scale_unit/activated_data_e_scaled_muladder_2/mulAddRecFNToRaw_preMul/stages_0_resp_data_2_0_reg[7]_i_241_n_0
    SLICE_X144Y430       CARRY8 (Prop_CARRY8_SLICEL_CI_CO[7])
                                                      0.015    13.050 r  spad/acc_scale_unit/activated_data_e_scaled_muladder_2/mulAddRecFNToRaw_preMul/stages_0_resp_data_2_0_reg[7]_i_192/CO[7]
                         net (fo=1, routed)           0.026    13.076    spad/acc_scale_unit/activated_data_e_scaled_muladder_2/mulAddRecFNToRaw_preMul/stages_0_resp_data_2_0_reg[7]_i_192_n_0
    SLICE_X144Y431       CARRY8 (Prop_CARRY8_SLICEL_CI_O[1])
                                                      0.076    13.152 r  spad/acc_scale_unit/activated_data_e_scaled_muladder_2/mulAddRecFNToRaw_preMul/stages_0_resp_data_2_0_reg[7]_i_188/O[1]
                         net (fo=1, routed)           0.173    13.325    spad/acc_scale_unit/activated_data_e_scaled_muladder_2/mulAddRecFNToRaw_preMul/stages_0_resp_data_2_0_reg[7]_i_188_n_14
    SLICE_X145Y431       LUT4 (Prop_E6LUT_SLICEM_I2_O)
                                                      0.037    13.362 r  spad/acc_scale_unit/activated_data_e_scaled_muladder_2/mulAddRecFNToRaw_preMul/stages_0_resp_data_2_0[7]_i_99/O
                         net (fo=4, routed)           0.111    13.473    spad/acc_scale_unit/activated_data_e_scaled_muladder_2/mulAddRecFNToRaw_preMul/stages_0_resp_data_2_0[7]_i_99_n_0
    SLICE_X145Y430       LUT6 (Prop_H6LUT_SLICEM_I1_O)
                                                      0.125    13.598 r  spad/acc_scale_unit/activated_data_e_scaled_muladder_2/mulAddRecFNToRaw_preMul/stages_0_resp_data_2_0[7]_i_37/O
                         net (fo=1, routed)           0.283    13.881    spad/acc_scale_unit/activated_data_e_scaled_muladder_2/mulAddRecFNToRaw_preMul/stages_0_resp_data_2_0[7]_i_37_n_0
    SLICE_X145Y428       CARRY8 (Prop_CARRY8_SLICEM_DI[2]_CO[4])
                                                      0.160    14.041 r  spad/acc_scale_unit/activated_data_e_scaled_muladder_2/mulAddRecFNToRaw_preMul/stages_0_resp_data_2_0_reg[7]_i_7/CO[4]
                         net (fo=2, routed)           0.134    14.175    spad/acc_scale_unit/pipe_out_p/stages_0_resp_data_2_0_reg[0]_0[0]
    SLICE_X145Y429       LUT4 (Prop_H6LUT_SLICEM_I3_O)
                                                      0.053    14.228 r  spad/acc_scale_unit/pipe_out_p/stages_0_resp_data_2_0[6]_i_1/O
                         net (fo=7, routed)           0.307    14.535    spad/acc_scale_unit/pipe_out_p/stages_0_resp_data_2_0[6]_i_1_n_0
    SLICE_X147Y429       FDSE                                         r  spad/acc_scale_unit/pipe_out_p/stages_0_resp_data_2_0_reg[2]/S
  -------------------------------------------------------------------    -------------------

                         (clock clk rise edge)        3.333     3.333 r  
                                                      0.000     3.333 r  clock (IN)
                         net (fo=34587, unset)        0.020     3.353    spad/acc_scale_unit/pipe_out_p/clock
    SLICE_X147Y429       FDSE                                         r  spad/acc_scale_unit/pipe_out_p/stages_0_resp_data_2_0_reg[2]/C
                         clock pessimism              0.000     3.353    
                         clock uncertainty           -0.035     3.318    
    SLICE_X147Y429       FDSE (Setup_BFF_SLICEL_C_S)
                                                     -0.074     3.244    spad/acc_scale_unit/pipe_out_p/stages_0_resp_data_2_0_reg[2]
  -------------------------------------------------------------------
                         required time                          3.244    
                         arrival time                         -14.535    
  -------------------------------------------------------------------
                         slack                                -11.291    

Slack (VIOLATED) :        -11.290ns  (required time - arrival time)
  Source:                 spad/norm_unit_passthru_q/wrap_1_reg/C
                            (rising edge-triggered cell FDRE clocked by clk  {rise@0.000ns fall@1.666ns period=3.333ns})
  Destination:            spad/acc_scale_unit/pipe_out_p/stages_0_resp_data_2_0_reg[1]/S
                            (rising edge-triggered cell FDSE clocked by clk  {rise@0.000ns fall@1.666ns period=3.333ns})
  Path Group:             clk
  Path Type:              Setup (Max at Slow Process Corner)
  Requirement:            3.333ns  (clk rise@3.333ns - clk rise@0.000ns)
  Data Path Delay:        14.504ns  (logic 6.580ns (45.367%)  route 7.924ns (54.633%))
  Logic Levels:           55  (CARRY8=13 DSP_A_B_DATA=1 DSP_ALU=2 DSP_M_DATA=1 DSP_MULTIPLIER=1 DSP_OUTPUT=2 DSP_PREADD_DATA=1 LUT2=4 LUT3=2 LUT4=5 LUT5=9 LUT6=13 RAMD32=1)
  Clock Path Skew:        -0.010ns (DCD - SCD + CPR)
    Destination Clock Delay (DCD):    0.020ns = ( 3.353 - 3.333 ) 
    Source Clock Delay      (SCD):    0.030ns
    Clock Pessimism Removal (CPR):    0.000ns
  Clock Uncertainty:      0.035ns  ((TSJ^2 + TIJ^2)^1/2 + DJ) / 2 + PE
    Total System Jitter     (TSJ):    0.071ns
    Total Input Jitter      (TIJ):    0.000ns
    Discrete Jitter          (DJ):    0.000ns
    Phase Error              (PE):    0.000ns

    Location             Delay type                Incr(ns)  Path(ns)    Netlist Resource(s)
  -------------------------------------------------------------------    -------------------
                         (clock clk rise edge)        0.000     0.000 r  
                                                      0.000     0.000 r  clock (IN)
                         net (fo=34587, unset)        0.030     0.030    spad/norm_unit_passthru_q/clock
    SLICE_X137Y407       FDRE                                         r  spad/norm_unit_passthru_q/wrap_1_reg/C
  -------------------------------------------------------------------    -------------------
    SLICE_X137Y407       FDRE (Prop_DFF2_SLICEM_C_Q)
                                                      0.080     0.110 r  spad/norm_unit_passthru_q/wrap_1_reg/Q
                         net (fo=176, routed)         0.340     0.450    spad/norm_unit_passthru_q/ram_ext/Memory_reg_0_1_84_97/ADDRF0
    SLICE_X137Y413       RAMD32 (Prop_F6LUT_SLICEM_RADR0_O)
                                                      0.148     0.598 r  spad/norm_unit_passthru_q/ram_ext/Memory_reg_0_1_84_97/RAMF_D1/O
                         net (fo=92, routed)          0.189     0.787    spad/norm_unit_passthru_q/ram_ext/_norm_unit_passthru_q_io_deq_bits_acc_read_resp_data_2_0[31]
    SLICE_X137Y412       LUT5 (Prop_F5LUT_SLICEM_I4_O)
                                                      0.142     0.929 r  spad/norm_unit_passthru_q/ram_ext/roundedSig1_carry_i_83__1/O
                         net (fo=1, routed)           0.188     1.117    spad/norm_unit_passthru_q/ram_ext/roundedSig1_carry_i_83__1_n_0
    SLICE_X136Y412       CARRY8 (Prop_CARRY8_SLICEL_CI_CO[7])
                                                      0.151     1.268 r  spad/norm_unit_passthru_q/ram_ext/roundedSig1_carry_i_72__1/CO[7]
                         net (fo=1, routed)           0.026     1.294    spad/norm_unit_passthru_q/ram_ext/roundedSig1_carry_i_72__1_n_0
    SLICE_X136Y413       CARRY8 (Prop_CARRY8_SLICEL_CI_CO[7])
                                                      0.015     1.309 r  spad/norm_unit_passthru_q/ram_ext/io_toPostMul_sExpSum0__0_carry_i_40__1/CO[7]
                         net (fo=1, routed)           0.026     1.335    spad/norm_unit_passthru_q/ram_ext/io_toPostMul_sExpSum0__0_carry_i_40__1_n_0
    SLICE_X136Y414       CARRY8 (Prop_CARRY8_SLICEL_CI_O[6])
                                                      0.103     1.438 f  spad/norm_unit_passthru_q/ram_ext/roundedSig1_carry_i_43__1/O[6]
                         net (fo=2, routed)           0.129     1.567    spad/norm_unit_passthru_q/ram_ext/acc_scale_unit/activated_data_e_scaled_in_to_rec_fn_2/intAsRawFloat_absIn0[23]
    SLICE_X135Y414       LUT6 (Prop_F6LUT_SLICEL_I1_O)
                                                      0.123     1.690 f  spad/norm_unit_passthru_q/ram_ext/io_toPostMul_sExpSum0__0_carry_i_38__1/O
                         net (fo=2, routed)           0.111     1.801    spad/norm_unit_passthru_q/ram_ext/io_toPostMul_sExpSum0__0_carry_i_38__1_n_0
    SLICE_X135Y415       LUT6 (Prop_H6LUT_SLICEL_I5_O)
                                                      0.150     1.951 r  spad/norm_unit_passthru_q/ram_ext/io_toPostMul_sExpSum0__0_carry_i_24__0/O
                         net (fo=3, routed)           0.090     2.042    spad/norm_unit_passthru_q/ram_ext/io_toPostMul_sExpSum0__0_carry_i_24__0_n_0
    SLICE_X135Y414       LUT6 (Prop_H6LUT_SLICEL_I0_O)
                                                      0.051     2.093 f  spad/norm_unit_passthru_q/ram_ext/io_toPostMul_sExpSum0__0_carry_i_36__1/O
                         net (fo=3, routed)           0.141     2.234    spad/norm_unit_passthru_q/ram_ext/io_toPostMul_sExpSum0__0_carry_i_36__1_n_0
    SLICE_X136Y416       LUT6 (Prop_H6LUT_SLICEL_I5_O)
                                                      0.036     2.270 r  spad/norm_unit_passthru_q/ram_ext/io_toPostMul_sExpSum0__0_carry_i_22__0/O
                         net (fo=1, routed)           0.038     2.308    spad/norm_unit_passthru_q/ram_ext/io_toPostMul_sExpSum0__0_carry_i_22__0_n_0
    SLICE_X136Y416       LUT4 (Prop_G6LUT_SLICEL_I0_O)
                                                      0.050     2.358 r  spad/norm_unit_passthru_q/ram_ext/io_toPostMul_sExpSum0__0_carry_i_15__1/O
                         net (fo=38, routed)          0.337     2.694    spad/norm_unit_passthru_q/ram_ext/io_toPostMul_sExpSum0__0_carry_i_15__1_n_0
    SLICE_X139Y412       LUT5 (Prop_F6LUT_SLICEM_I1_O)
                                                      0.098     2.792 r  spad/norm_unit_passthru_q/ram_ext/roundedSig1_carry_i_21__1/O
                         net (fo=2, routed)           0.138     2.931    spad/norm_unit_passthru_q/ram_ext/roundedSig1_carry_i_21__1_n_0
    SLICE_X141Y413       LUT3 (Prop_D6LUT_SLICEM_I0_O)
                                                      0.099     3.030 r  spad/norm_unit_passthru_q/ram_ext/roundedSig1_carry_i_10__1/O
                         net (fo=3, routed)           0.144     3.174    spad/norm_unit_passthru_q/ram_ext/roundedSig1_carry_i_10__1_n_0
    SLICE_X142Y413       LUT2 (Prop_B6LUT_SLICEM_I0_O)
                                                      0.089     3.263 r  spad/norm_unit_passthru_q/ram_ext/io_toPostMul_sExpSum0__0_carry_i_20__1/O
                         net (fo=4, routed)           0.184     3.447    spad/norm_unit_passthru_q/ram_ext/io_toPostMul_sExpSum0__0_carry_i_20__1_n_0
    SLICE_X142Y413       LUT3 (Prop_A6LUT_SLICEM_I0_O)
                                                      0.038     3.485 r  spad/norm_unit_passthru_q/ram_ext/io_mulAddResult1_i_18__0/O
                         net (fo=27, routed)          0.165     3.650    spad/norm_unit_passthru_q/ram_ext/io_mulAddResult1_i_18__0_n_0
    SLICE_X141Y413       LUT5 (Prop_E6LUT_SLICEM_I3_O)
                                                      0.148     3.798 f  spad/norm_unit_passthru_q/ram_ext/io_mulAddResult1_i_6__1/O
                         net (fo=1, routed)           0.201     3.999    spad/acc_scale_unit/activated_data_e_scaled_muladder_2/io_mulAddResult1/B[11]
    DSP48E2_X18Y159      DSP_A_B_DATA (Prop_DSP_A_B_DATA_DSP48E2_B[11]_B2_DATA[11])
                                                      0.151     4.150 r  spad/acc_scale_unit/activated_data_e_scaled_muladder_2/io_mulAddResult1/DSP_A_B_DATA_INST/B2_DATA[11]
                         net (fo=1, routed)           0.000     4.150    spad/acc_scale_unit/activated_data_e_scaled_muladder_2/io_mulAddResult1/DSP_A_B_DATA.B2_DATA<11>
    DSP48E2_X18Y159      DSP_PREADD_DATA (Prop_DSP_PREADD_DATA_DSP48E2_B2_DATA[11]_B2B1[11])
                                                      0.073     4.223 r  spad/acc_scale_unit/activated_data_e_scaled_muladder_2/io_mulAddResult1/DSP_PREADD_DATA_INST/B2B1[11]
                         net (fo=1, routed)           0.000     4.223    spad/acc_scale_unit/activated_data_e_scaled_muladder_2/io_mulAddResult1/DSP_PREADD_DATA.B2B1<11>
    DSP48E2_X18Y159      DSP_MULTIPLIER (Prop_DSP_MULTIPLIER_DSP48E2_B2B1[11]_V[40])
                                                      0.609     4.832 f  spad/acc_scale_unit/activated_data_e_scaled_muladder_2/io_mulAddResult1/DSP_MULTIPLIER_INST/V[40]
                         net (fo=1, routed)           0.000     4.832    spad/acc_scale_unit/activated_data_e_scaled_muladder_2/io_mulAddResult1/DSP_MULTIPLIER.V<40>
    DSP48E2_X18Y159      DSP_M_DATA (Prop_DSP_M_DATA_DSP48E2_V[40]_V_DATA[40])
                                                      0.046     4.878 r  spad/acc_scale_unit/activated_data_e_scaled_muladder_2/io_mulAddResult1/DSP_M_DATA_INST/V_DATA[40]
                         net (fo=1, routed)           0.000     4.878    spad/acc_scale_unit/activated_data_e_scaled_muladder_2/io_mulAddResult1/DSP_M_DATA.V_DATA<40>
    DSP48E2_X18Y159      DSP_ALU (Prop_DSP_ALU_DSP48E2_V_DATA[40]_ALU_OUT[47])
                                                      0.571     5.449 f  spad/acc_scale_unit/activated_data_e_scaled_muladder_2/io_mulAddResult1/DSP_ALU_INST/ALU_OUT[47]
                         net (fo=1, routed)           0.000     5.449    spad/acc_scale_unit/activated_data_e_scaled_muladder_2/io_mulAddResult1/DSP_ALU.ALU_OUT<47>
    DSP48E2_X18Y159      DSP_OUTPUT (Prop_DSP_OUTPUT_DSP48E2_ALU_OUT[47]_PCOUT[47])
                                                      0.122     5.571 r  spad/acc_scale_unit/activated_data_e_scaled_muladder_2/io_mulAddResult1/DSP_OUTPUT_INST/PCOUT[47]
                         net (fo=1, routed)           0.038     5.609    spad/acc_scale_unit/activated_data_e_scaled_muladder_2/io_mulAddResult1__0/PCIN[47]
    DSP48E2_X18Y160      DSP_ALU (Prop_DSP_ALU_DSP48E2_PCIN[47]_ALU_OUT[3])
                                                      0.546     6.155 f  spad/acc_scale_unit/activated_data_e_scaled_muladder_2/io_mulAddResult1__0/DSP_ALU_INST/ALU_OUT[3]
                         net (fo=1, routed)           0.000     6.155    spad/acc_scale_unit/activated_data_e_scaled_muladder_2/io_mulAddResult1__0/DSP_ALU.ALU_OUT<3>
    DSP48E2_X18Y160      DSP_OUTPUT (Prop_DSP_OUTPUT_DSP48E2_ALU_OUT[3]_P[3])
                                                      0.109     6.264 r  spad/acc_scale_unit/activated_data_e_scaled_muladder_2/io_mulAddResult1__0/DSP_OUTPUT_INST/P[3]
                         net (fo=2, routed)           0.257     6.521    spad/acc_scale_unit/activated_data_e_scaled_muladder_2/io_mulAddResult1__1[20]
    SLICE_X140Y413       LUT2 (Prop_E6LUT_SLICEL_I0_O)
                                                      0.051     6.572 r  spad/acc_scale_unit/activated_data_e_scaled_muladder_2/i__carry_i_189__1/O
                         net (fo=1, routed)           0.007     6.579    spad/acc_scale_unit/activated_data_e_scaled_muladder_2/i__carry_i_189__1_n_0
    SLICE_X140Y413       CARRY8 (Prop_CARRY8_SLICEL_S[4]_CO[7])
                                                      0.153     6.732 r  spad/acc_scale_unit/activated_data_e_scaled_muladder_2/i__carry_i_143__1/CO[7]
                         net (fo=1, routed)           0.026     6.758    spad/acc_scale_unit/activated_data_e_scaled_muladder_2/i__carry_i_143__1_n_0
    SLICE_X140Y414       CARRY8 (Prop_CARRY8_SLICEL_CI_O[5])
                                                      0.116     6.874 r  spad/acc_scale_unit/activated_data_e_scaled_muladder_2/i__carry_i_144__1/O[5]
                         net (fo=5, routed)           0.466     7.340    spad/acc_scale_unit/activated_data_e_scaled_muladder_2/i__carry_i_144__1_n_10
    SLICE_X140Y424       CARRY8 (Prop_CARRY8_SLICEL_S[5]_CO[7])
                                                      0.155     7.495 r  spad/acc_scale_unit/activated_data_e_scaled_muladder_2/i__carry_i_145__1/CO[7]
                         net (fo=1, routed)           0.026     7.521    spad/acc_scale_unit/activated_data_e_scaled_muladder_2/i__carry_i_145__1_n_0
    SLICE_X140Y425       CARRY8 (Prop_CARRY8_SLICEL_CI_CO[7])
                                                      0.015     7.536 r  spad/acc_scale_unit/activated_data_e_scaled_muladder_2/i__carry_i_131__1/CO[7]
                         net (fo=1, routed)           0.026     7.562    spad/acc_scale_unit/activated_data_e_scaled_muladder_2/i__carry_i_131__1_n_0
    SLICE_X140Y426       CARRY8 (Prop_CARRY8_SLICEL_CI_O[0])
                                                      0.056     7.618 f  spad/acc_scale_unit/activated_data_e_scaled_muladder_2/i__carry__0_i_82__1/O[0]
                         net (fo=4, routed)           0.297     7.915    spad/acc_scale_unit/activated_data_e_scaled_muladder_2/mulAddRecFNToRaw_postMul/notCDom_absSigSum0[41]
    SLICE_X141Y421       LUT5 (Prop_E6LUT_SLICEM_I1_O)
                                                      0.091     8.006 r  spad/acc_scale_unit/activated_data_e_scaled_muladder_2/i__carry_i_177__1/O
                         net (fo=2, routed)           0.107     8.113    spad/acc_scale_unit/activated_data_e_scaled_muladder_2/i__carry_i_177__1_n_0
    SLICE_X141Y420       LUT6 (Prop_H6LUT_SLICEM_I5_O)
                                                      0.125     8.238 f  spad/acc_scale_unit/activated_data_e_scaled_muladder_2/i__carry_i_133__1/O
                         net (fo=4, routed)           0.113     8.351    spad/acc_scale_unit/activated_data_e_scaled_muladder_2/i__carry_i_133__1_n_0
    SLICE_X142Y420       LUT4 (Prop_F6LUT_SLICEM_I3_O)
                                                      0.088     8.439 r  spad/acc_scale_unit/activated_data_e_scaled_muladder_2/i__carry_i_124__1/O
                         net (fo=1, routed)           0.174     8.613    spad/acc_scale_unit/activated_data_e_scaled_muladder_2/i__carry_i_124__1_n_0
    SLICE_X142Y421       LUT6 (Prop_E6LUT_SLICEM_I4_O)
                                                      0.052     8.665 r  spad/acc_scale_unit/activated_data_e_scaled_muladder_2/i__carry_i_69__1/O
                         net (fo=72, routed)          0.309     8.974    spad/acc_scale_unit/activated_data_e_scaled_muladder_2/mulAddRecFNToRaw_preMul/i__carry_i_67__1_0
    SLICE_X140Y427       LUT6 (Prop_H6LUT_SLICEL_I0_O)
                                                      0.099     9.073 f  spad/acc_scale_unit/activated_data_e_scaled_muladder_2/mulAddRecFNToRaw_preMul/i__carry__0_i_50__1/O
                         net (fo=23, routed)          0.257     9.330    spad/acc_scale_unit/activated_data_e_scaled_muladder_2/mulAddRecFNToRaw_preMul/i__carry__0_i_50__1_n_0
    SLICE_X141Y428       LUT2 (Prop_A5LUT_SLICEM_I1_O)
                                                      0.112     9.442 r  spad/acc_scale_unit/activated_data_e_scaled_muladder_2/mulAddRecFNToRaw_preMul/i__carry_i_45__1/O
                         net (fo=3, routed)           0.232     9.673    spad/acc_scale_unit/activated_data_e_scaled_muladder_2/mulAddRecFNToRaw_preMul/i__carry_i_45__1_n_0
    SLICE_X140Y429       LUT6 (Prop_G6LUT_SLICEL_I4_O)
                                                      0.035     9.708 r  spad/acc_scale_unit/activated_data_e_scaled_muladder_2/mulAddRecFNToRaw_preMul/i__carry__1_i_13__1/O
                         net (fo=4, routed)           0.206     9.914    spad/acc_scale_unit/activated_data_e_scaled_muladder_2/mulAddRecFNToRaw_preMul/i__carry__1_i_13__1_n_0
    SLICE_X141Y432       LUT4 (Prop_B6LUT_SLICEM_I1_O)
                                                      0.125    10.039 r  spad/acc_scale_unit/activated_data_e_scaled_muladder_2/mulAddRecFNToRaw_preMul/stages_0_resp_data_2_0[7]_i_304/O
                         net (fo=1, routed)           0.094    10.133    spad/acc_scale_unit/activated_data_e_scaled_muladder_2/mulAddRecFNToRaw_preMul/stages_0_resp_data_2_0[7]_i_304_n_0
    SLICE_X141Y432       LUT5 (Prop_D6LUT_SLICEM_I4_O)
                                                      0.099    10.232 r  spad/acc_scale_unit/activated_data_e_scaled_muladder_2/mulAddRecFNToRaw_preMul/stages_0_resp_data_2_0[7]_i_235/O
                         net (fo=2, routed)           0.217    10.449    spad/acc_scale_unit/activated_data_e_scaled_muladder_2/mulAddRecFNToRaw_preMul/stages_0_resp_data_2_0[7]_i_235_n_0
    SLICE_X141Y432       LUT5 (Prop_F6LUT_SLICEM_I2_O)
                                                      0.051    10.500 r  spad/acc_scale_unit/activated_data_e_scaled_muladder_2/mulAddRecFNToRaw_preMul/stages_0_resp_data_2_0[7]_i_173/O
                         net (fo=28, routed)          0.216    10.716    spad/acc_scale_unit/activated_data_e_scaled_muladder_2/mulAddRecFNToRaw_preMul/stages_0_resp_data_2_0[7]_i_173_n_0
    SLICE_X140Y435       LUT6 (Prop_F6LUT_SLICEL_I3_O)
                                                      0.097    10.813 r  spad/acc_scale_unit/activated_data_e_scaled_muladder_2/mulAddRecFNToRaw_preMul/stages_0_resp_data_2_0[7]_i_78/O
                         net (fo=9, routed)           0.171    10.983    spad/acc_scale_unit/activated_data_e_scaled_muladder_2/mulAddRecFNToRaw_preMul/stages_0_resp_data_2_0[7]_i_78_n_0
    SLICE_X141Y436       LUT5 (Prop_G6LUT_SLICEM_I2_O)
                                                      0.123    11.106 r  spad/acc_scale_unit/activated_data_e_scaled_muladder_2/mulAddRecFNToRaw_preMul/stages_0_resp_data_2_0[7]_i_22/O
                         net (fo=7, routed)           0.062    11.168    spad/acc_scale_unit/activated_data_e_scaled_muladder_2/mulAddRecFNToRaw_preMul/i__carry__1_i_36__1_0
    SLICE_X141Y436       LUT5 (Prop_H5LUT_SLICEM_I3_O)
                                                      0.066    11.234 f  spad/acc_scale_unit/activated_data_e_scaled_muladder_2/mulAddRecFNToRaw_preMul/stages_0_resp_data_2_0[6]_i_46/O
                         net (fo=27, routed)          0.197    11.432    spad/acc_scale_unit/activated_data_e_scaled_muladder_2/mulAddRecFNToRaw_preMul/stages_0_resp_data_2_0[6]_i_46_n_0
    SLICE_X141Y435       LUT6 (Prop_G6LUT_SLICEM_I4_O)
                                                      0.090    11.522 r  spad/acc_scale_unit/activated_data_e_scaled_muladder_2/mulAddRecFNToRaw_preMul/stages_0_resp_data_2_0[3]_i_10/O
                         net (fo=50, routed)          0.231    11.753    spad/acc_scale_unit/activated_data_e_scaled_muladder_2/mulAddRecFNToRaw_preMul/stages_0_resp_data_2_0[3]_i_10_n_0
    SLICE_X143Y434       LUT6 (Prop_D6LUT_SLICEL_I1_O)
                                                      0.146    11.899 r  spad/acc_scale_unit/activated_data_e_scaled_muladder_2/mulAddRecFNToRaw_preMul/stages_0_resp_data_2_0[6]_i_36/O
                         net (fo=4, routed)           0.115    12.013    spad/acc_scale_unit/activated_data_e_scaled_muladder_2/mulAddRecFNToRaw_preMul/stages_0_resp_data_2_0[6]_i_36_n_0
    SLICE_X143Y434       LUT6 (Prop_H6LUT_SLICEL_I5_O)
                                                      0.150    12.163 r  spad/acc_scale_unit/activated_data_e_scaled_muladder_2/mulAddRecFNToRaw_preMul/stages_0_resp_data_2_0[0]_i_5/O
                         net (fo=5, routed)           0.326    12.489    spad/acc_scale_unit/activated_data_e_scaled_muladder_2/mulAddRecFNToRaw_preMul/stages_0_resp_data_2_0[0]_i_5_n_0
    SLICE_X144Y432       LUT5 (Prop_B6LUT_SLICEL_I1_O)
                                                      0.090    12.579 r  spad/acc_scale_unit/activated_data_e_scaled_muladder_2/mulAddRecFNToRaw_preMul/stages_0_resp_data_2_0[7]_i_136/O
                         net (fo=4, routed)           0.213    12.792    spad/acc_scale_unit/activated_data_e_scaled_muladder_2/mulAddRecFNToRaw_preMul/activated_data_e_scaled_rec_fn_to_in_2/p_0_in[8]
    SLICE_X144Y428       LUT2 (Prop_H6LUT_SLICEL_I0_O)
                                                      0.051    12.843 r  spad/acc_scale_unit/activated_data_e_scaled_muladder_2/mulAddRecFNToRaw_preMul/stages_0_resp_data_2_0[6]_i_18/O
                         net (fo=1, routed)           0.010    12.853    spad/acc_scale_unit/activated_data_e_scaled_muladder_2/mulAddRecFNToRaw_preMul/stages_0_resp_data_2_0[6]_i_18_n_0
    SLICE_X144Y428       CARRY8 (Prop_CARRY8_SLICEL_S[7]_CO[7])
                                                      0.115    12.968 r  spad/acc_scale_unit/activated_data_e_scaled_muladder_2/mulAddRecFNToRaw_preMul/stages_0_resp_data_2_0_reg[6]_i_7/CO[7]
                         net (fo=1, routed)           0.026    12.994    spad/acc_scale_unit/activated_data_e_scaled_muladder_2/mulAddRecFNToRaw_preMul/stages_0_resp_data_2_0_reg[6]_i_7_n_0
    SLICE_X144Y429       CARRY8 (Prop_CARRY8_SLICEL_CI_CO[7])
                                                      0.015    13.009 r  spad/acc_scale_unit/activated_data_e_scaled_muladder_2/mulAddRecFNToRaw_preMul/stages_0_resp_data_2_0_reg[7]_i_241/CO[7]
                         net (fo=1, routed)           0.026    13.035    spad/acc_scale_unit/activated_data_e_scaled_muladder_2/mulAddRecFNToRaw_preMul/stages_0_resp_data_2_0_reg[7]_i_241_n_0
    SLICE_X144Y430       CARRY8 (Prop_CARRY8_SLICEL_CI_CO[7])
                                                      0.015    13.050 r  spad/acc_scale_unit/activated_data_e_scaled_muladder_2/mulAddRecFNToRaw_preMul/stages_0_resp_data_2_0_reg[7]_i_192/CO[7]
                         net (fo=1, routed)           0.026    13.076    spad/acc_scale_unit/activated_data_e_scaled_muladder_2/mulAddRecFNToRaw_preMul/stages_0_resp_data_2_0_reg[7]_i_192_n_0
    SLICE_X144Y431       CARRY8 (Prop_CARRY8_SLICEL_CI_O[1])
                                                      0.076    13.152 r  spad/acc_scale_unit/activated_data_e_scaled_muladder_2/mulAddRecFNToRaw_preMul/stages_0_resp_data_2_0_reg[7]_i_188/O[1]
                         net (fo=1, routed)           0.173    13.325    spad/acc_scale_unit/activated_data_e_scaled_muladder_2/mulAddRecFNToRaw_preMul/stages_0_resp_data_2_0_reg[7]_i_188_n_14
    SLICE_X145Y431       LUT4 (Prop_E6LUT_SLICEM_I2_O)
                                                      0.037    13.362 r  spad/acc_scale_unit/activated_data_e_scaled_muladder_2/mulAddRecFNToRaw_preMul/stages_0_resp_data_2_0[7]_i_99/O
                         net (fo=4, routed)           0.111    13.473    spad/acc_scale_unit/activated_data_e_scaled_muladder_2/mulAddRecFNToRaw_preMul/stages_0_resp_data_2_0[7]_i_99_n_0
    SLICE_X145Y430       LUT6 (Prop_H6LUT_SLICEM_I1_O)
                                                      0.125    13.598 r  spad/acc_scale_unit/activated_data_e_scaled_muladder_2/mulAddRecFNToRaw_preMul/stages_0_resp_data_2_0[7]_i_37/O
                         net (fo=1, routed)           0.283    13.881    spad/acc_scale_unit/activated_data_e_scaled_muladder_2/mulAddRecFNToRaw_preMul/stages_0_resp_data_2_0[7]_i_37_n_0
    SLICE_X145Y428       CARRY8 (Prop_CARRY8_SLICEM_DI[2]_CO[4])
                                                      0.160    14.041 r  spad/acc_scale_unit/activated_data_e_scaled_muladder_2/mulAddRecFNToRaw_preMul/stages_0_resp_data_2_0_reg[7]_i_7/CO[4]
                         net (fo=2, routed)           0.134    14.175    spad/acc_scale_unit/pipe_out_p/stages_0_resp_data_2_0_reg[0]_0[0]
    SLICE_X145Y429       LUT4 (Prop_H6LUT_SLICEM_I3_O)
                                                      0.053    14.228 r  spad/acc_scale_unit/pipe_out_p/stages_0_resp_data_2_0[6]_i_1/O
                         net (fo=7, routed)           0.306    14.534    spad/acc_scale_unit/pipe_out_p/stages_0_resp_data_2_0[6]_i_1_n_0
    SLICE_X147Y429       FDSE                                         r  spad/acc_scale_unit/pipe_out_p/stages_0_resp_data_2_0_reg[1]/S
  -------------------------------------------------------------------    -------------------

                         (clock clk rise edge)        3.333     3.333 r  
                                                      0.000     3.333 r  clock (IN)
                         net (fo=34587, unset)        0.020     3.353    spad/acc_scale_unit/pipe_out_p/clock
    SLICE_X147Y429       FDSE                                         r  spad/acc_scale_unit/pipe_out_p/stages_0_resp_data_2_0_reg[1]/C
                         clock pessimism              0.000     3.353    
                         clock uncertainty           -0.035     3.318    
    SLICE_X147Y429       FDSE (Setup_HFF_SLICEL_C_S)
                                                     -0.074     3.244    spad/acc_scale_unit/pipe_out_p/stages_0_resp_data_2_0_reg[1]
  -------------------------------------------------------------------
                         required time                          3.244    
                         arrival time                         -14.534    
  -------------------------------------------------------------------
                         slack                                -11.290    

Slack (VIOLATED) :        -11.286ns  (required time - arrival time)
  Source:                 spad/norm_unit_passthru_q/wrap_1_reg/C
                            (rising edge-triggered cell FDRE clocked by clk  {rise@0.000ns fall@1.666ns period=3.333ns})
  Destination:            spad/acc_scale_unit/pipe_out_p/stages_0_resp_data_3_0_reg[0]/S
                            (rising edge-triggered cell FDSE clocked by clk  {rise@0.000ns fall@1.666ns period=3.333ns})
  Path Group:             clk
  Path Type:              Setup (Max at Slow Process Corner)
  Requirement:            3.333ns  (clk rise@3.333ns - clk rise@0.000ns)
  Data Path Delay:        14.500ns  (logic 7.069ns (48.752%)  route 7.431ns (51.248%))
  Logic Levels:           55  (CARRY8=14 DSP_A_B_DATA=1 DSP_ALU=2 DSP_M_DATA=1 DSP_MULTIPLIER=1 DSP_OUTPUT=2 DSP_PREADD_DATA=1 LUT2=3 LUT3=2 LUT4=4 LUT5=7 LUT6=16 RAMD32=1)
  Clock Path Skew:        -0.010ns (DCD - SCD + CPR)
    Destination Clock Delay (DCD):    0.020ns = ( 3.353 - 3.333 ) 
    Source Clock Delay      (SCD):    0.030ns
    Clock Pessimism Removal (CPR):    0.000ns
  Clock Uncertainty:      0.035ns  ((TSJ^2 + TIJ^2)^1/2 + DJ) / 2 + PE
    Total System Jitter     (TSJ):    0.071ns
    Total Input Jitter      (TIJ):    0.000ns
    Discrete Jitter          (DJ):    0.000ns
    Phase Error              (PE):    0.000ns

    Location             Delay type                Incr(ns)  Path(ns)    Netlist Resource(s)
  -------------------------------------------------------------------    -------------------
                         (clock clk rise edge)        0.000     0.000 r  
                                                      0.000     0.000 r  clock (IN)
                         net (fo=34587, unset)        0.030     0.030    spad/norm_unit_passthru_q/clock
    SLICE_X137Y407       FDRE                                         r  spad/norm_unit_passthru_q/wrap_1_reg/C
  -------------------------------------------------------------------    -------------------
    SLICE_X137Y407       FDRE (Prop_DFF2_SLICEM_C_Q)
                                                      0.080     0.110 r  spad/norm_unit_passthru_q/wrap_1_reg/Q
                         net (fo=176, routed)         0.334     0.444    spad/norm_unit_passthru_q/ram_ext/Memory_reg_0_1_154_165/ADDRD0
    SLICE_X137Y406       RAMD32 (Prop_D6LUT_SLICEM_RADR0_O)
                                                      0.145     0.589 r  spad/norm_unit_passthru_q/ram_ext/Memory_reg_0_1_154_165/RAMD_D1/O
                         net (fo=156, routed)         0.203     0.792    spad/norm_unit_passthru_q/ram_ext/_norm_unit_passthru_q_io_deq_bits_acc_read_resp_act[0]
    SLICE_X138Y405       LUT5 (Prop_B6LUT_SLICEL_I1_O)
                                                      0.124     0.916 r  spad/norm_unit_passthru_q/ram_ext/roundedSig1_carry_i_91__2/O
                         net (fo=1, routed)           0.232     1.148    spad/norm_unit_passthru_q/ram_ext/roundedSig1_carry_i_91__2_n_0
    SLICE_X138Y400       CARRY8 (Prop_CARRY8_SLICEL_S[0]_CO[7])
                                                      0.190     1.338 r  spad/norm_unit_passthru_q/ram_ext/roundedSig1_carry_i_72__2/CO[7]
                         net (fo=1, routed)           0.026     1.364    spad/norm_unit_passthru_q/ram_ext/roundedSig1_carry_i_72__2_n_0
    SLICE_X138Y401       CARRY8 (Prop_CARRY8_SLICEL_CI_O[0])
                                                      0.056     1.420 f  spad/norm_unit_passthru_q/ram_ext/io_toPostMul_sExpSum0__0_carry_i_40__2/O[0]
                         net (fo=3, routed)           0.156     1.576    spad/norm_unit_passthru_q/ram_ext/acc_scale_unit/activated_data_e_scaled_in_to_rec_fn_3/intAsRawFloat_absIn0[9]
    SLICE_X136Y401       LUT6 (Prop_A6LUT_SLICEL_I1_O)
                                                      0.149     1.725 r  spad/norm_unit_passthru_q/ram_ext/io_toPostMul_sExpSum0__0_carry_i_46__2/O
                         net (fo=3, routed)           0.196     1.921    spad/norm_unit_passthru_q/ram_ext/io_toPostMul_sExpSum0__0_carry_i_46__2_n_0
    SLICE_X137Y398       LUT4 (Prop_E6LUT_SLICEM_I1_O)
                                                      0.091     2.012 r  spad/norm_unit_passthru_q/ram_ext/io_toPostMul_sExpSum0__0_carry_i_31__1/O
                         net (fo=1, routed)           0.120     2.132    spad/norm_unit_passthru_q/ram_ext/io_toPostMul_sExpSum0__0_carry_i_31__1_n_0
    SLICE_X137Y398       LUT6 (Prop_H6LUT_SLICEM_I0_O)
                                                      0.152     2.284 r  spad/norm_unit_passthru_q/ram_ext/io_toPostMul_sExpSum0__0_carry_i_22__1/O
                         net (fo=1, routed)           0.133     2.417    spad/norm_unit_passthru_q/ram_ext/io_toPostMul_sExpSum0__0_carry_i_22__1_n_0
    SLICE_X138Y397       LUT4 (Prop_G6LUT_SLICEL_I0_O)
                                                      0.035     2.452 r  spad/norm_unit_passthru_q/ram_ext/io_toPostMul_sExpSum0__0_carry_i_15__2/O
                         net (fo=38, routed)          0.125     2.577    spad/norm_unit_passthru_q/ram_ext/io_toPostMul_sExpSum0__0_carry_i_15__2_n_0
    SLICE_X138Y396       LUT5 (Prop_A6LUT_SLICEL_I1_O)
                                                      0.124     2.701 r  spad/norm_unit_passthru_q/ram_ext/roundedSig1_carry_i_22__2/O
                         net (fo=2, routed)           0.160     2.861    spad/norm_unit_passthru_q/ram_ext/roundedSig1_carry_i_22__2_n_0
    SLICE_X141Y396       LUT3 (Prop_E5LUT_SLICEM_I2_O)
                                                      0.139     3.000 f  spad/norm_unit_passthru_q/ram_ext/roundedSig1_carry_i_10__2/O
                         net (fo=3, routed)           0.228     3.228    spad/norm_unit_passthru_q/ram_ext/roundedSig1_carry_i_10__2_n_0
    SLICE_X141Y392       LUT3 (Prop_F6LUT_SLICEM_I0_O)
                                                      0.051     3.279 r  spad/norm_unit_passthru_q/ram_ext/roundedSig1_carry_i_1__2/O
                         net (fo=1, routed)           0.129     3.408    spad/acc_scale_unit/activated_data_e_scaled_in_to_rec_fn_3/roundAnyRawFNToRecFN/_intAsRawFloat_sig_T_5[0]
    SLICE_X141Y393       CARRY8 (Prop_CARRY8_SLICEM_CI_CO[7])
                                                      0.153     3.561 r  spad/acc_scale_unit/activated_data_e_scaled_in_to_rec_fn_3/roundAnyRawFNToRecFN/roundedSig1_carry/CO[7]
                         net (fo=1, routed)           0.026     3.587    spad/acc_scale_unit/activated_data_e_scaled_in_to_rec_fn_3/roundAnyRawFNToRecFN/roundedSig1_carry_n_0
    SLICE_X141Y394       CARRY8 (Prop_CARRY8_SLICEM_CI_O[4])
                                                      0.086     3.673 f  spad/acc_scale_unit/activated_data_e_scaled_in_to_rec_fn_3/roundAnyRawFNToRecFN/roundedSig1_carry__0/O[4]
                         net (fo=1, routed)           0.193     3.866    spad/norm_unit_passthru_q/ram_ext/roundedSig1_8[12]
    SLICE_X142Y396       LUT5 (Prop_F6LUT_SLICEM_I4_O)
                                                      0.098     3.964 f  spad/norm_unit_passthru_q/ram_ext/io_mulAddResult1_i_4__2/O
                         net (fo=1, routed)           0.200     4.164    spad/acc_scale_unit/activated_data_e_scaled_muladder_3/io_mulAddResult1/B[13]
    DSP48E2_X18Y152      DSP_A_B_DATA (Prop_DSP_A_B_DATA_DSP48E2_B[13]_B2_DATA[13])
                                                      0.151     4.315 r  spad/acc_scale_unit/activated_data_e_scaled_muladder_3/io_mulAddResult1/DSP_A_B_DATA_INST/B2_DATA[13]
                         net (fo=1, routed)           0.000     4.315    spad/acc_scale_unit/activated_data_e_scaled_muladder_3/io_mulAddResult1/DSP_A_B_DATA.B2_DATA<13>
    DSP48E2_X18Y152      DSP_PREADD_DATA (Prop_DSP_PREADD_DATA_DSP48E2_B2_DATA[13]_B2B1[13])
                                                      0.073     4.388 r  spad/acc_scale_unit/activated_data_e_scaled_muladder_3/io_mulAddResult1/DSP_PREADD_DATA_INST/B2B1[13]
                         net (fo=1, routed)           0.000     4.388    spad/acc_scale_unit/activated_data_e_scaled_muladder_3/io_mulAddResult1/DSP_PREADD_DATA.B2B1<13>
    DSP48E2_X18Y152      DSP_MULTIPLIER (Prop_DSP_MULTIPLIER_DSP48E2_B2B1[13]_V[41])
                                                      0.609     4.997 f  spad/acc_scale_unit/activated_data_e_scaled_muladder_3/io_mulAddResult1/DSP_MULTIPLIER_INST/V[41]
                         net (fo=1, routed)           0.000     4.997    spad/acc_scale_unit/activated_data_e_scaled_muladder_3/io_mulAddResult1/DSP_MULTIPLIER.V<41>
    DSP48E2_X18Y152      DSP_M_DATA (Prop_DSP_M_DATA_DSP48E2_V[41]_V_DATA[41])
                                                      0.046     5.043 r  spad/acc_scale_unit/activated_data_e_scaled_muladder_3/io_mulAddResult1/DSP_M_DATA_INST/V_DATA[41]
                         net (fo=1, routed)           0.000     5.043    spad/acc_scale_unit/activated_data_e_scaled_muladder_3/io_mulAddResult1/DSP_M_DATA.V_DATA<41>
    DSP48E2_X18Y152      DSP_ALU (Prop_DSP_ALU_DSP48E2_V_DATA[41]_ALU_OUT[47])
                                                      0.571     5.614 f  spad/acc_scale_unit/activated_data_e_scaled_muladder_3/io_mulAddResult1/DSP_ALU_INST/ALU_OUT[47]
                         net (fo=1, routed)           0.000     5.614    spad/acc_scale_unit/activated_data_e_scaled_muladder_3/io_mulAddResult1/DSP_ALU.ALU_OUT<47>
    DSP48E2_X18Y152      DSP_OUTPUT (Prop_DSP_OUTPUT_DSP48E2_ALU_OUT[47]_PCOUT[47])
                                                      0.122     5.736 r  spad/acc_scale_unit/activated_data_e_scaled_muladder_3/io_mulAddResult1/DSP_OUTPUT_INST/PCOUT[47]
                         net (fo=1, routed)           0.014     5.750    spad/acc_scale_unit/activated_data_e_scaled_muladder_3/io_mulAddResult1__0/PCIN[47]
    DSP48E2_X18Y153      DSP_ALU (Prop_DSP_ALU_DSP48E2_PCIN[47]_ALU_OUT[2])
                                                      0.546     6.296 f  spad/acc_scale_unit/activated_data_e_scaled_muladder_3/io_mulAddResult1__0/DSP_ALU_INST/ALU_OUT[2]
                         net (fo=1, routed)           0.000     6.296    spad/acc_scale_unit/activated_data_e_scaled_muladder_3/io_mulAddResult1__0/DSP_ALU.ALU_OUT<2>
    DSP48E2_X18Y153      DSP_OUTPUT (Prop_DSP_OUTPUT_DSP48E2_ALU_OUT[2]_P[2])
                                                      0.109     6.405 r  spad/acc_scale_unit/activated_data_e_scaled_muladder_3/io_mulAddResult1__0/DSP_OUTPUT_INST/P[2]
                         net (fo=2, routed)           0.298     6.703    spad/acc_scale_unit/activated_data_e_scaled_muladder_3/io_mulAddResult1__1[19]
    SLICE_X140Y397       LUT2 (Prop_D6LUT_SLICEL_I0_O)
                                                      0.036     6.739 r  spad/acc_scale_unit/activated_data_e_scaled_muladder_3/i__carry_i_190__2/O
                         net (fo=1, routed)           0.009     6.748    spad/acc_scale_unit/activated_data_e_scaled_muladder_3/i__carry_i_190__2_n_0
    SLICE_X140Y397       CARRY8 (Prop_CARRY8_SLICEL_S[3]_CO[7])
                                                      0.154     6.902 r  spad/acc_scale_unit/activated_data_e_scaled_muladder_3/i__carry_i_143__2/CO[7]
                         net (fo=1, routed)           0.026     6.928    spad/acc_scale_unit/activated_data_e_scaled_muladder_3/i__carry_i_143__2_n_0
    SLICE_X140Y398       CARRY8 (Prop_CARRY8_SLICEL_CI_CO[7])
                                                      0.015     6.943 r  spad/acc_scale_unit/activated_data_e_scaled_muladder_3/i__carry_i_144__2/CO[7]
                         net (fo=1, routed)           0.026     6.969    spad/acc_scale_unit/activated_data_e_scaled_muladder_3/i__carry_i_144__2_n_0
    SLICE_X140Y399       CARRY8 (Prop_CARRY8_SLICEL_CI_CO[7])
                                                      0.015     6.984 r  spad/acc_scale_unit/activated_data_e_scaled_muladder_3/i__carry_i_132__2/CO[7]
                         net (fo=1, routed)           0.026     7.010    spad/acc_scale_unit/activated_data_e_scaled_muladder_3/i__carry_i_132__2_n_0
    SLICE_X140Y400       CARRY8 (Prop_CARRY8_SLICEL_CI_CO[7])
                                                      0.015     7.025 r  spad/acc_scale_unit/activated_data_e_scaled_muladder_3/i__carry__0_i_83__2/CO[7]
                         net (fo=1, routed)           0.026     7.051    spad/acc_scale_unit/activated_data_e_scaled_muladder_3/i__carry__0_i_83__2_n_0
    SLICE_X140Y401       CARRY8 (Prop_CARRY8_SLICEL_CI_CO[0])
                                                      0.052     7.103 r  spad/acc_scale_unit/activated_data_e_scaled_muladder_3/stages_0_resp_data_3_0_reg[7]_i_45/CO[0]
                         net (fo=2, routed)           0.315     7.418    spad/norm_unit_passthru_q/ram_ext/i__carry_i_147__2[0]
    SLICE_X142Y401       LUT2 (Prop_A6LUT_SLICEM_I1_O)
                                                      0.090     7.508 r  spad/norm_unit_passthru_q/ram_ext/stages_0_resp_data_3_0[7]_i_48/O
                         net (fo=1, routed)           0.013     7.521    spad/norm_unit_passthru_q/ram_ext/stages_0_resp_data_3_0[7]_i_48_n_0
    SLICE_X142Y401       CARRY8 (Prop_CARRY8_SLICEM_S[0]_O[2])
                                                      0.134     7.655 r  spad/norm_unit_passthru_q/ram_ext/stages_0_resp_data_3_0_reg[7]_i_8/O[2]
                         net (fo=121, routed)         0.307     7.962    spad/acc_scale_unit/activated_data_e_scaled_muladder_3/i__carry__1_i_16__2_0[2]
    SLICE_X142Y398       LUT5 (Prop_B6LUT_SLICEM_I2_O)
                                                      0.125     8.087 f  spad/acc_scale_unit/activated_data_e_scaled_muladder_3/i__carry_i_214__2/O
                         net (fo=1, routed)           0.108     8.195    spad/acc_scale_unit/activated_data_e_scaled_muladder_3/i__carry_i_214__2_n_0
    SLICE_X142Y398       LUT6 (Prop_D6LUT_SLICEM_I3_O)
                                                      0.145     8.340 r  spad/acc_scale_unit/activated_data_e_scaled_muladder_3/i__carry_i_207__2/O
                         net (fo=1, routed)           0.045     8.385    spad/acc_scale_unit/activated_data_e_scaled_muladder_3/i__carry_i_207__2_n_0
    SLICE_X142Y398       LUT6 (Prop_H6LUT_SLICEM_I1_O)
                                                      0.101     8.486 f  spad/acc_scale_unit/activated_data_e_scaled_muladder_3/i__carry_i_150__2/O
                         net (fo=1, routed)           0.123     8.609    spad/acc_scale_unit/activated_data_e_scaled_muladder_3/i__carry_i_150__2_n_0
    SLICE_X142Y401       LUT6 (Prop_H6LUT_SLICEM_I4_O)
                                                      0.152     8.761 r  spad/acc_scale_unit/activated_data_e_scaled_muladder_3/i__carry_i_90__2/O
                         net (fo=73, routed)          0.219     8.979    spad/acc_scale_unit/activated_data_e_scaled_muladder_3/mulAddRecFNToRaw_preMul/stages_0_resp_data_3_0[7]_i_123_2
    SLICE_X143Y402       LUT6 (Prop_G6LUT_SLICEL_I3_O)
                                                      0.123     9.102 r  spad/acc_scale_unit/activated_data_e_scaled_muladder_3/mulAddRecFNToRaw_preMul/i__carry_i_81__2/O
                         net (fo=12, routed)          0.260     9.362    spad/acc_scale_unit/activated_data_e_scaled_muladder_3/mulAddRecFNToRaw_preMul/i__carry_i_81__2_n_0
    SLICE_X147Y402       LUT5 (Prop_E6LUT_SLICEL_I0_O)
                                                      0.090     9.452 f  spad/acc_scale_unit/activated_data_e_scaled_muladder_3/mulAddRecFNToRaw_preMul/i__carry__0_i_29__2/O
                         net (fo=15, routed)          0.267     9.719    spad/acc_scale_unit/activated_data_e_scaled_muladder_3/mulAddRecFNToRaw_preMul/i__carry__0_i_29__2_n_0
    SLICE_X144Y404       LUT6 (Prop_D6LUT_SLICEL_I4_O)
                                                      0.036     9.755 f  spad/acc_scale_unit/activated_data_e_scaled_muladder_3/mulAddRecFNToRaw_preMul/i__carry__0_i_11__2/O
                         net (fo=6, routed)           0.184     9.939    spad/acc_scale_unit/activated_data_e_scaled_muladder_3/mulAddRecFNToRaw_preMul/i__carry__0_i_11__2_n_0
    SLICE_X146Y404       LUT5 (Prop_B6LUT_SLICEM_I0_O)
                                                      0.149    10.088 r  spad/acc_scale_unit/activated_data_e_scaled_muladder_3/mulAddRecFNToRaw_preMul/stages_0_resp_data_3_0[7]_i_298/O
                         net (fo=1, routed)           0.170    10.258    spad/acc_scale_unit/activated_data_e_scaled_muladder_3/mulAddRecFNToRaw_preMul/stages_0_resp_data_3_0[7]_i_298_n_0
    SLICE_X146Y405       LUT6 (Prop_C6LUT_SLICEM_I5_O)
                                                      0.145    10.403 r  spad/acc_scale_unit/activated_data_e_scaled_muladder_3/mulAddRecFNToRaw_preMul/stages_0_resp_data_3_0[7]_i_229/O
                         net (fo=1, routed)           0.156    10.559    spad/acc_scale_unit/activated_data_e_scaled_muladder_3/mulAddRecFNToRaw_preMul/stages_0_resp_data_3_0[7]_i_229_n_0
    SLICE_X146Y406       LUT5 (Prop_H6LUT_SLICEM_I1_O)
                                                      0.125    10.684 r  spad/acc_scale_unit/activated_data_e_scaled_muladder_3/mulAddRecFNToRaw_preMul/stages_0_resp_data_3_0[7]_i_171/O
                         net (fo=29, routed)          0.252    10.936    spad/acc_scale_unit/activated_data_e_scaled_muladder_3/mulAddRecFNToRaw_preMul/stages_0_resp_data_3_0[7]_i_171_n_0
    SLICE_X144Y407       LUT6 (Prop_E6LUT_SLICEL_I5_O)
                                                      0.099    11.035 f  spad/acc_scale_unit/activated_data_e_scaled_muladder_3/mulAddRecFNToRaw_preMul/stages_0_resp_data_3_0[7]_i_195/O
                         net (fo=1, routed)           0.084    11.119    spad/acc_scale_unit/activated_data_e_scaled_muladder_3/mulAddRecFNToRaw_preMul/stages_0_resp_data_3_0[7]_i_195_n_0
    SLICE_X144Y408       LUT6 (Prop_C6LUT_SLICEL_I3_O)
                                                      0.096    11.215 r  spad/acc_scale_unit/activated_data_e_scaled_muladder_3/mulAddRecFNToRaw_preMul/stages_0_resp_data_3_0[7]_i_121/O
                         net (fo=1, routed)           0.064    11.279    spad/acc_scale_unit/activated_data_e_scaled_muladder_3/mulAddRecFNToRaw_preMul/stages_0_resp_data_3_0[7]_i_121_n_0
    SLICE_X144Y408       LUT6 (Prop_G6LUT_SLICEL_I0_O)
                                                      0.149    11.428 r  spad/acc_scale_unit/activated_data_e_scaled_muladder_3/mulAddRecFNToRaw_preMul/stages_0_resp_data_3_0[7]_i_52/O
                         net (fo=4, routed)           0.153    11.581    spad/acc_scale_unit/activated_data_e_scaled_muladder_3/mulAddRecFNToRaw_preMul/stages_0_resp_data_3_0[7]_i_52_n_0
    SLICE_X145Y409       LUT6 (Prop_G6LUT_SLICEM_I3_O)
                                                      0.052    11.633 r  spad/acc_scale_unit/activated_data_e_scaled_muladder_3/mulAddRecFNToRaw_preMul/stages_0_resp_data_3_0[3]_i_10/O
                         net (fo=50, routed)          0.241    11.874    spad/acc_scale_unit/activated_data_e_scaled_muladder_3/mulAddRecFNToRaw_preMul/stages_0_resp_data_3_0[3]_i_10_n_0
    SLICE_X145Y410       LUT6 (Prop_F6LUT_SLICEM_I1_O)
                                                      0.148    12.022 r  spad/acc_scale_unit/activated_data_e_scaled_muladder_3/mulAddRecFNToRaw_preMul/stages_0_resp_data_3_0[5]_i_12/O
                         net (fo=4, routed)           0.158    12.179    spad/acc_scale_unit/activated_data_e_scaled_muladder_3/mulAddRecFNToRaw_preMul/stages_0_resp_data_3_0[5]_i_12_n_0
    SLICE_X144Y412       LUT6 (Prop_D6LUT_SLICEL_I0_O)
                                                      0.122    12.301 r  spad/acc_scale_unit/activated_data_e_scaled_muladder_3/mulAddRecFNToRaw_preMul/stages_0_resp_data_3_0[7]_i_145/O
                         net (fo=5, routed)           0.262    12.563    spad/acc_scale_unit/activated_data_e_scaled_muladder_3/mulAddRecFNToRaw_preMul/stages_0_resp_data_3_0[7]_i_145_n_0
    SLICE_X145Y415       LUT6 (Prop_B6LUT_SLICEM_I1_O)
                                                      0.125    12.688 r  spad/acc_scale_unit/activated_data_e_scaled_muladder_3/mulAddRecFNToRaw_preMul/stages_0_resp_data_3_0[7]_i_62/O
                         net (fo=4, routed)           0.098    12.786    spad/acc_scale_unit/activated_data_e_scaled_muladder_3/mulAddRecFNToRaw_preMul/activated_data_e_scaled_rec_fn_to_in_3/p_0_in[7]
    SLICE_X144Y415       LUT2 (Prop_G6LUT_SLICEL_I0_O)
                                                      0.089    12.875 r  spad/acc_scale_unit/activated_data_e_scaled_muladder_3/mulAddRecFNToRaw_preMul/stages_0_resp_data_3_0[6]_i_19/O
                         net (fo=1, routed)           0.008    12.883    spad/acc_scale_unit/activated_data_e_scaled_muladder_3/mulAddRecFNToRaw_preMul/stages_0_resp_data_3_0[6]_i_19_n_0
    SLICE_X144Y415       CARRY8 (Prop_CARRY8_SLICEL_S[6]_CO[7])
                                                      0.115    12.998 r  spad/acc_scale_unit/activated_data_e_scaled_muladder_3/mulAddRecFNToRaw_preMul/stages_0_resp_data_3_0_reg[6]_i_7/CO[7]
                         net (fo=1, routed)           0.026    13.024    spad/acc_scale_unit/activated_data_e_scaled_muladder_3/mulAddRecFNToRaw_preMul/stages_0_resp_data_3_0_reg[6]_i_7_n_0
    SLICE_X144Y416       CARRY8 (Prop_CARRY8_SLICEL_CI_O[0])
                                                      0.056    13.080 r  spad/acc_scale_unit/activated_data_e_scaled_muladder_3/mulAddRecFNToRaw_preMul/stages_0_resp_data_3_0_reg[7]_i_241/O[0]
                         net (fo=1, routed)           0.255    13.335    spad/acc_scale_unit/activated_data_e_scaled_muladder_3/mulAddRecFNToRaw_preMul/stages_0_resp_data_3_0_reg[7]_i_241_n_15
    SLICE_X147Y419       LUT4 (Prop_F6LUT_SLICEL_I2_O)
                                                      0.049    13.384 r  spad/acc_scale_unit/activated_data_e_scaled_muladder_3/mulAddRecFNToRaw_preMul/stages_0_resp_data_3_0[7]_i_187/O
                         net (fo=4, routed)           0.101    13.485    spad/acc_scale_unit/activated_data_e_scaled_muladder_3/mulAddRecFNToRaw_preMul/stages_0_resp_data_3_0[7]_i_187_n_0
    SLICE_X146Y419       LUT6 (Prop_G6LUT_SLICEM_I3_O)
                                                      0.123    13.608 r  spad/acc_scale_unit/activated_data_e_scaled_muladder_3/mulAddRecFNToRaw_preMul/stages_0_resp_data_3_0[7]_i_111/O
                         net (fo=1, routed)           0.302    13.910    spad/acc_scale_unit/activated_data_e_scaled_muladder_3/mulAddRecFNToRaw_preMul/stages_0_resp_data_3_0[7]_i_111_n_0
    SLICE_X144Y419       CARRY8 (Prop_CARRY8_SLICEL_DI[1]_CO[7])
                                                      0.117    14.027 r  spad/acc_scale_unit/activated_data_e_scaled_muladder_3/mulAddRecFNToRaw_preMul/stages_0_resp_data_3_0_reg[7]_i_34/CO[7]
                         net (fo=1, routed)           0.026    14.053    spad/acc_scale_unit/activated_data_e_scaled_muladder_3/mulAddRecFNToRaw_preMul/stages_0_resp_data_3_0_reg[7]_i_34_n_0
    SLICE_X144Y420       CARRY8 (Prop_CARRY8_SLICEL_CI_CO[4])
                                                      0.092    14.145 r  spad/acc_scale_unit/activated_data_e_scaled_muladder_3/mulAddRecFNToRaw_preMul/stages_0_resp_data_3_0_reg[7]_i_7/CO[4]
                         net (fo=2, routed)           0.123    14.269    spad/acc_scale_unit/pipe_out_p/CO[0]
    SLICE_X144Y421       LUT4 (Prop_E6LUT_SLICEL_I3_O)
                                                      0.035    14.304 r  spad/acc_scale_unit/pipe_out_p/stages_0_resp_data_3_0[6]_i_1/O
                         net (fo=7, routed)           0.226    14.530    spad/acc_scale_unit/pipe_out_p/stages_0_resp_data_3_0[6]_i_1_n_0
    SLICE_X144Y421       FDSE                                         r  spad/acc_scale_unit/pipe_out_p/stages_0_resp_data_3_0_reg[0]/S
  -------------------------------------------------------------------    -------------------

                         (clock clk rise edge)        3.333     3.333 r  
                                                      0.000     3.333 r  clock (IN)
                         net (fo=34587, unset)        0.020     3.353    spad/acc_scale_unit/pipe_out_p/clock
    SLICE_X144Y421       FDSE                                         r  spad/acc_scale_unit/pipe_out_p/stages_0_resp_data_3_0_reg[0]/C
                         clock pessimism              0.000     3.353    
                         clock uncertainty           -0.035     3.318    
    SLICE_X144Y421       FDSE (Setup_BFF_SLICEL_C_S)
                                                     -0.074     3.244    spad/acc_scale_unit/pipe_out_p/stages_0_resp_data_3_0_reg[0]
  -------------------------------------------------------------------
                         required time                          3.244    
                         arrival time                         -14.530    
  -------------------------------------------------------------------
                         slack                                -11.286    




