#-----------------------------------------------------------
# xsim v2023.2 (64-bit)
# SW Build 4029153 on Fri Oct 13 20:13:54 MDT 2023
# IP Build 4028589 on Sat Oct 14 00:45:43 MDT 2023
# SharedData Build 4025554 on Tue Oct 10 17:18:54 MDT 2023
# Start of session at: Tue Sep  8 02:19:09 2026
# Process ID: 1902302
# Current directory: /scratch/hc676/agentstudy/steady/z-ai_glm-5_3__hls/sim
# Command line: xsim -mode tcl -source {xsim.dir/tbsim/xsim_script.tcl}
# Log file: /scratch/hc676/agentstudy/steady/z-ai_glm-5_3__hls/sim/xsim.log
# Journal file: /scratch/hc676/agentstudy/steady/z-ai_glm-5_3__hls/sim/xsim.jou
# Running On: brg-zhang-xcel.ece.cornell.edu, OS: Linux, CPU Frequency: 3200.000 MHz, CPU Physical cores: 22, Host memory: 235732 MB
#-----------------------------------------------------------
source xsim.dir/tbsim/xsim_script.tcl
# xsim {tbsim} -testplusarg vecdir=/scratch/hc676/agentstudy/task/vectors/steady -autoloadwcfg -runall
Time resolution is 1 ps
run -all
STUDY VALUES 768 checked, 0 wrong
STUDY PRODUCT 0 first_in 5 last_out 49 latency 44
STUDY PRODUCT 1 first_in 20 last_out 64 latency 44
STUDY PRODUCT 2 first_in 35 last_out 79 latency 44
STUDY PRODUCT 3 first_in 50 last_out 94 latency 44
STUDY PRODUCT 4 first_in 65 last_out 109 latency 44
STUDY PRODUCT 5 first_in 80 last_out 124 latency 44
STUDY PRODUCT 6 first_in 95 last_out 139 latency 44
STUDY PRODUCT 7 first_in 110 last_out 154 latency 44
STUDY PRODUCT 8 first_in 125 last_out 169 latency 44
STUDY PRODUCT 9 first_in 140 last_out 184 latency 44
STUDY PRODUCT 10 first_in 155 last_out 199 latency 44
STUDY PRODUCT 11 first_in 170 last_out 214 latency 44
STUDY INTERVAL 1 15
STUDY INTERVAL 2 15
STUDY INTERVAL 3 15
STUDY INTERVAL 4 15
STUDY INTERVAL 5 15
STUDY INTERVAL 6 15
STUDY INTERVAL 7 15
STUDY INTERVAL 8 15
STUDY INTERVAL 9 15
STUDY INTERVAL 10 15
STUDY INTERVAL 11 15
STUDY RESULT CORRECT
$finish called at time : 882 ns : File "/scratch/hc676/agentstudy/steady/z-ai_glm-5_3__hls/sim/tb_study.sv" Line 123
exit
INFO: [Common 17-206] Exiting xsim at Tue Sep  8 02:19:13 2026...
