Copyright 1986-2022 Xilinx, Inc. All Rights Reserved. Copyright 2022-2023 Advanced Micro Devices, Inc. All Rights Reserved.
---------------------------------------------------------------------------------------------------------------------------------------------------------------------------------------------------------------------------------------------------------------------------------------------------------------------------------------------------------------------------------------------------------------------------------------------------------------------------------------------------------------------------------------------------------------
| Tool Version      : Vivado v.2023.2 (lin64) Build 4029153 Fri Oct 13 20:13:54 MDT 2023
| Date              : Wed Sep 30 04:11:40 2026
| Host              : brg-zhang-xcel.ece.cornell.edu running 64-bit Red Hat Enterprise Linux 9.8 (Plow)
| Command           : report_timing -from [get_cells -hier -filter {IS_PRIMITIVE && NAME !~ fetch/* && NAME !~ *inst_q/* && NAME !~ *vmeCmd/* && NAME !~ */dec/* && NAME !~ ecounters/* && NAME !~ store/* && NAME !~ */s/* && NAME !~ */s_0/* && NAME !~ */s_1/*}] -to [get_cells -hier -filter {IS_PRIMITIVE && NAME !~ fetch/* && NAME !~ *inst_q/* && NAME !~ *vmeCmd/* && NAME !~ */dec/* && NAME !~ ecounters/* && NAME !~ store/* && NAME !~ */s/* && NAME !~ */s_0/* && NAME !~ */s_1/*}] -max_paths 3 -nworst 1 -sort_by slack -file scope_timing.rpt
| Design            : Core
| Device            : xcu280-fsvh2892
| Speed File        : -2L  PRODUCTION 1.30 05-01-2022
| Design State      : Physopt postRoute
| Temperature Grade : E
---------------------------------------------------------------------------------------------------------------------------------------------------------------------------------------------------------------------------------------------------------------------------------------------------------------------------------------------------------------------------------------------------------------------------------------------------------------------------------------------------------------------------------------------------------------

Timing Report

Slack (VIOLATED) :        -1.154ns  (required time - arrival time)
  Source:                 compute/tensorAcc/tensorLoad/tensorFile_0_reg_uram_0/CLK
                            (rising edge-triggered cell URAM288 clocked by clk  {rise@0.000ns fall@1.666ns period=3.333ns})
  Destination:            compute/tensorAcc/tensorLoad/tensorFile_0_reg_uram_0/DIN_A[13]
                            (rising edge-triggered cell URAM288 clocked by clk  {rise@0.000ns fall@1.666ns period=3.333ns})
  Path Group:             clk
  Path Type:              Setup (Max at Slow Process Corner)
  Requirement:            3.333ns  (clk rise@3.333ns - clk rise@0.000ns)
  Data Path Delay:        3.909ns  (logic 2.515ns (64.333%)  route 1.394ns (35.667%))
  Logic Levels:           4  (CARRY8=2 LUT4=1 LUT6=1)
  Clock Path Skew:        -0.019ns (DCD - SCD + CPR)
    Destination Clock Delay (DCD):    0.064ns = ( 3.397 - 3.333 ) 
    Source Clock Delay      (SCD):    0.083ns
    Clock Pessimism Removal (CPR):    0.000ns
  Clock Uncertainty:      0.035ns  ((TSJ^2 + TIJ^2)^1/2 + DJ) / 2 + PE
    Total System Jitter     (TSJ):    0.071ns
    Total Input Jitter      (TIJ):    0.000ns
    Discrete Jitter          (DJ):    0.000ns
    Phase Error              (PE):    0.000ns

    Location             Delay type                Incr(ns)  Path(ns)    Netlist Resource(s)
  -------------------------------------------------------------------    -------------------
                         (clock clk rise edge)        0.000     0.000 r  
                                                      0.000     0.000 r  clock (IN)
                         net (fo=7311, unset)         0.083     0.083    compute/tensorAcc/tensorLoad/clock
    URAM288_X0Y132       URAM288                                      r  compute/tensorAcc/tensorLoad/tensorFile_0_reg_uram_0/CLK
  -------------------------------------------------------------------    -------------------
    URAM288_X0Y132       URAM288 (Prop_URAM_288K_INST_URAM288_CLK_DOUT_B[5])
                                                      1.994     2.077 r  compute/tensorAcc/tensorLoad/tensorFile_0_reg_uram_0/DOUT_B[5]
                         net (fo=6, routed)           0.521     2.598    compute/tensorGemm/mvc_0/dot_0_0/a_2_0/DOUT_B[5]
    SLICE_X35Y495        LUT4 (Prop_F6LUT_SLICEM_I2_O)
                                                      0.123     2.721 r  compute/tensorGemm/mvc_0/dot_0_0/a_2_0/tensorFile_0_reg_uram_0_i_420/O
                         net (fo=1, routed)           0.022     2.743    compute/tensorGemm/mvc_0/dot_0_0/a_2_0/tensorFile_0_reg_uram_0_i_420_n_0
    SLICE_X35Y495        CARRY8 (Prop_CARRY8_SLICEM_S[5]_CO[7])
                                                      0.159     2.902 r  compute/tensorGemm/mvc_0/dot_0_0/a_2_0/tensorFile_0_reg_uram_0_i_223/CO[7]
                         net (fo=1, routed)           0.026     2.928    compute/tensorGemm/mvc_0/dot_0_0/a_2_0/tensorFile_0_reg_uram_0_i_223_n_0
    SLICE_X35Y496        CARRY8 (Prop_CARRY8_SLICEM_CI_O[5])
                                                      0.116     3.044 r  compute/tensorGemm/mvc_0/dot_0_0/a_2_0/tensorFile_0_reg_uram_0_i_206__0/O[5]
                         net (fo=1, routed)           0.504     3.548    compute/tensorAcc/tensorLoad/fillPadding/add_0_0[13]
    SLICE_X40Y492        LUT6 (Prop_G6LUT_SLICEL_I2_O)
                                                      0.123     3.671 r  compute/tensorAcc/tensorLoad/fillPadding/tensorFile_0_reg_uram_0_i_73__0/O
                         net (fo=1, routed)           0.321     3.992    compute/tensorAcc/tensorLoad/tensorFile_0_MPORT_data[13]
    URAM288_X0Y132       URAM288                                      r  compute/tensorAcc/tensorLoad/tensorFile_0_reg_uram_0/DIN_A[13]
  -------------------------------------------------------------------    -------------------

                         (clock clk rise edge)        3.333     3.333 r  
                                                      0.000     3.333 r  clock (IN)
                         net (fo=7311, unset)         0.064     3.397    compute/tensorAcc/tensorLoad/clock
    URAM288_X0Y132       URAM288                                      r  compute/tensorAcc/tensorLoad/tensorFile_0_reg_uram_0/CLK
                         clock pessimism              0.000     3.397    
                         clock uncertainty           -0.035     3.362    
    URAM288_X0Y132       URAM288 (Setup_URAM_288K_INST_URAM288_CLK_DIN_A[13])
                                                     -0.523     2.839    compute/tensorAcc/tensorLoad/tensorFile_0_reg_uram_0
  -------------------------------------------------------------------
                         required time                          2.839    
                         arrival time                          -3.992    
  -------------------------------------------------------------------
                         slack                                 -1.154    

Slack (VIOLATED) :        -1.141ns  (required time - arrival time)
  Source:                 compute/tensorAcc/tensorLoad/tensorFile_0_reg_uram_0/CLK
                            (rising edge-triggered cell URAM288 clocked by clk  {rise@0.000ns fall@1.666ns period=3.333ns})
  Destination:            compute/tensorAcc/tensorLoad/tensorFile_0_reg_uram_0/DIN_A[29]
                            (rising edge-triggered cell URAM288 clocked by clk  {rise@0.000ns fall@1.666ns period=3.333ns})
  Path Group:             clk
  Path Type:              Setup (Max at Slow Process Corner)
  Requirement:            3.333ns  (clk rise@3.333ns - clk rise@0.000ns)
  Data Path Delay:        3.942ns  (logic 2.461ns (62.425%)  route 1.481ns (37.575%))
  Logic Levels:           6  (CARRY8=4 LUT4=1 LUT6=1)
  Clock Path Skew:        -0.019ns (DCD - SCD + CPR)
    Destination Clock Delay (DCD):    0.064ns = ( 3.397 - 3.333 ) 
    Source Clock Delay      (SCD):    0.083ns
    Clock Pessimism Removal (CPR):    0.000ns
  Clock Uncertainty:      0.035ns  ((TSJ^2 + TIJ^2)^1/2 + DJ) / 2 + PE
    Total System Jitter     (TSJ):    0.071ns
    Total Input Jitter      (TIJ):    0.000ns
    Discrete Jitter          (DJ):    0.000ns
    Phase Error              (PE):    0.000ns

    Location             Delay type                Incr(ns)  Path(ns)    Netlist Resource(s)
  -------------------------------------------------------------------    -------------------
                         (clock clk rise edge)        0.000     0.000 r  
                                                      0.000     0.000 r  clock (IN)
                         net (fo=7311, unset)         0.083     0.083    compute/tensorAcc/tensorLoad/clock
    URAM288_X0Y132       URAM288                                      r  compute/tensorAcc/tensorLoad/tensorFile_0_reg_uram_0/CLK
  -------------------------------------------------------------------    -------------------
    URAM288_X0Y132       URAM288 (Prop_URAM_288K_INST_URAM288_CLK_DOUT_B[5])
                                                      1.994     2.077 r  compute/tensorAcc/tensorLoad/tensorFile_0_reg_uram_0/DOUT_B[5]
                         net (fo=6, routed)           0.521     2.598    compute/tensorGemm/mvc_0/dot_0_0/a_2_0/DOUT_B[5]
    SLICE_X35Y495        LUT4 (Prop_F6LUT_SLICEM_I2_O)
                                                      0.123     2.721 r  compute/tensorGemm/mvc_0/dot_0_0/a_2_0/tensorFile_0_reg_uram_0_i_420/O
                         net (fo=1, routed)           0.022     2.743    compute/tensorGemm/mvc_0/dot_0_0/a_2_0/tensorFile_0_reg_uram_0_i_420_n_0
    SLICE_X35Y495        CARRY8 (Prop_CARRY8_SLICEM_S[5]_CO[7])
                                                      0.159     2.902 r  compute/tensorGemm/mvc_0/dot_0_0/a_2_0/tensorFile_0_reg_uram_0_i_223/CO[7]
                         net (fo=1, routed)           0.026     2.928    compute/tensorGemm/mvc_0/dot_0_0/a_2_0/tensorFile_0_reg_uram_0_i_223_n_0
    SLICE_X35Y496        CARRY8 (Prop_CARRY8_SLICEM_CI_CO[7])
                                                      0.015     2.943 r  compute/tensorGemm/mvc_0/dot_0_0/a_2_0/tensorFile_0_reg_uram_0_i_206__0/CO[7]
                         net (fo=1, routed)           0.026     2.969    compute/tensorGemm/mvc_0/dot_0_0/a_2_0/tensorFile_0_reg_uram_0_i_206__0_n_0
    SLICE_X35Y497        CARRY8 (Prop_CARRY8_SLICEM_CI_CO[7])
                                                      0.015     2.984 r  compute/tensorGemm/mvc_0/dot_0_0/a_2_0/tensorFile_0_reg_uram_0_i_189__0/CO[7]
                         net (fo=1, routed)           0.026     3.010    compute/tensorGemm/mvc_0/dot_0_0/a_2_0/tensorFile_0_reg_uram_0_i_189__0_n_0
    SLICE_X35Y498        CARRY8 (Prop_CARRY8_SLICEM_CI_O[5])
                                                      0.116     3.126 r  compute/tensorGemm/mvc_0/dot_0_0/a_2_0/tensorFile_0_reg_uram_0_i_172/O[5]
                         net (fo=1, routed)           0.479     3.605    compute/tensorAcc/tensorLoad/fillPadding/add_0_0[29]
    SLICE_X41Y496        LUT6 (Prop_H6LUT_SLICEM_I2_O)
                                                      0.039     3.644 r  compute/tensorAcc/tensorLoad/fillPadding/tensorFile_0_reg_uram_0_i_57__0/O
                         net (fo=1, routed)           0.381     4.025    compute/tensorAcc/tensorLoad/tensorFile_0_MPORT_data[29]
    URAM288_X0Y132       URAM288                                      r  compute/tensorAcc/tensorLoad/tensorFile_0_reg_uram_0/DIN_A[29]
  -------------------------------------------------------------------    -------------------

                         (clock clk rise edge)        3.333     3.333 r  
                                                      0.000     3.333 r  clock (IN)
                         net (fo=7311, unset)         0.064     3.397    compute/tensorAcc/tensorLoad/clock
    URAM288_X0Y132       URAM288                                      r  compute/tensorAcc/tensorLoad/tensorFile_0_reg_uram_0/CLK
                         clock pessimism              0.000     3.397    
                         clock uncertainty           -0.035     3.362    
    URAM288_X0Y132       URAM288 (Setup_URAM_288K_INST_URAM288_CLK_DIN_A[29])
                                                     -0.477     2.885    compute/tensorAcc/tensorLoad/tensorFile_0_reg_uram_0
  -------------------------------------------------------------------
                         required time                          2.885    
                         arrival time                          -4.025    
  -------------------------------------------------------------------
                         slack                                 -1.141    

Slack (VIOLATED) :        -1.122ns  (required time - arrival time)
  Source:                 compute/tensorGemm/mvc_0/dot_0_1/a_0_3/rB_reg[5]/C
                            (rising edge-triggered cell FDRE clocked by clk  {rise@0.000ns fall@1.666ns period=3.333ns})
  Destination:            compute/tensorAcc/tensorLoad/tensorFile_0_reg_uram_0/DIN_A[63]
                            (rising edge-triggered cell URAM288 clocked by clk  {rise@0.000ns fall@1.666ns period=3.333ns})
  Path Group:             clk
  Path Type:              Setup (Max at Slow Process Corner)
  Requirement:            3.333ns  (clk rise@3.333ns - clk rise@0.000ns)
  Data Path Delay:        4.034ns  (logic 1.623ns (40.237%)  route 2.411ns (59.763%))
  Logic Levels:           12  (CARRY8=7 LUT2=3 LUT4=1 LUT6=1)
  Clock Path Skew:        0.034ns (DCD - SCD + CPR)
    Destination Clock Delay (DCD):    0.064ns = ( 3.397 - 3.333 ) 
    Source Clock Delay      (SCD):    0.030ns
    Clock Pessimism Removal (CPR):    0.000ns
  Clock Uncertainty:      0.035ns  ((TSJ^2 + TIJ^2)^1/2 + DJ) / 2 + PE
    Total System Jitter     (TSJ):    0.071ns
    Total Input Jitter      (TIJ):    0.000ns
    Discrete Jitter          (DJ):    0.000ns
    Phase Error              (PE):    0.000ns

    Location             Delay type                Incr(ns)  Path(ns)    Netlist Resource(s)
  -------------------------------------------------------------------    -------------------
                         (clock clk rise edge)        0.000     0.000 r  
                                                      0.000     0.000 r  clock (IN)
                         net (fo=7311, unset)         0.030     0.030    compute/tensorGemm/mvc_0/dot_0_1/a_0_3/clock
    SLICE_X60Y526        FDRE                                         r  compute/tensorGemm/mvc_0/dot_0_1/a_0_3/rB_reg[5]/C
  -------------------------------------------------------------------    -------------------
    SLICE_X60Y526        FDRE (Prop_BFF_SLICEM_C_Q)
                                                      0.078     0.108 r  compute/tensorGemm/mvc_0/dot_0_1/a_0_3/rB_reg[5]/Q
                         net (fo=1, routed)           0.286     0.394    compute/tensorGemm/mvc_0/dot_0_1/a_2_0/last_acc_write_0_1_reg[8]_i_67_1[5]
    SLICE_X55Y526        LUT2 (Prop_F6LUT_SLICEL_I1_O)
                                                      0.123     0.517 r  compute/tensorGemm/mvc_0/dot_0_1/a_2_0/tensorFile_0_reg_uram_0_i_1344/O
                         net (fo=1, routed)           0.011     0.528    compute/tensorGemm/mvc_0/dot_0_1/a_2_0/tensorFile_0_reg_uram_0_i_1344_n_0
    SLICE_X55Y526        CARRY8 (Prop_CARRY8_SLICEL_S[5]_CO[7])
                                                      0.155     0.683 r  compute/tensorGemm/mvc_0/dot_0_1/a_2_0/tensorFile_0_reg_uram_0_i_1262/CO[7]
                         net (fo=1, routed)           0.026     0.709    compute/tensorGemm/mvc_0/dot_0_1/a_2_0/tensorFile_0_reg_uram_0_i_1262_n_0
    SLICE_X55Y527        CARRY8 (Prop_CARRY8_SLICEL_CI_O[0])
                                                      0.056     0.765 r  compute/tensorGemm/mvc_0/dot_0_1/a_2_0/last_acc_write_0_1_reg[8]_i_67/O[0]
                         net (fo=1, routed)           0.424     1.189    compute/tensorGemm/mvc_0/dot_0_1/a_2_0/last_acc_write_0_1_reg[8]_i_67_n_15
    SLICE_X53Y522        LUT2 (Prop_A6LUT_SLICEM_I1_O)
                                                      0.125     1.314 r  compute/tensorGemm/mvc_0/dot_0_1/a_2_0/last_acc_write_0_1[8]_i_48/O
                         net (fo=1, routed)           0.013     1.327    compute/tensorGemm/mvc_0/dot_0_1/a_2_0/last_acc_write_0_1[8]_i_48_n_0
    SLICE_X53Y522        CARRY8 (Prop_CARRY8_SLICEM_S[0]_O[4])
                                                      0.206     1.533 r  compute/tensorGemm/mvc_0/dot_0_1/a_2_0/last_acc_write_0_1_reg[8]_i_29/O[4]
                         net (fo=1, routed)           0.593     2.126    compute/tensorGemm/mvc_0/dot_0_1/a_2_0/last_acc_write_0_1_reg[8]_i_29_n_11
    SLICE_X39Y507        LUT2 (Prop_E6LUT_SLICEM_I1_O)
                                                      0.148     2.274 r  compute/tensorGemm/mvc_0/dot_0_1/a_2_0/last_acc_write_0_1[8]_i_15/O
                         net (fo=1, routed)           0.014     2.288    compute/tensorGemm/mvc_0/dot_0_1/a_2_0/last_acc_write_0_1[8]_i_15_n_0
    SLICE_X39Y507        CARRY8 (Prop_CARRY8_SLICEM_S[4]_CO[7])
                                                      0.156     2.444 r  compute/tensorGemm/mvc_0/dot_0_1/a_2_0/last_acc_write_0_1_reg[8]_i_2/CO[7]
                         net (fo=1, routed)           0.026     2.470    compute/tensorGemm/mvc_0/dot_0_1/a_2_0/last_acc_write_0_1_reg[8]_i_2_n_0
    SLICE_X39Y508        CARRY8 (Prop_CARRY8_SLICEM_CI_O[0])
                                                      0.056     2.526 r  compute/tensorGemm/mvc_0/dot_0_1/a_2_0/last_acc_write_0_1_reg[16]_i_2/O[0]
                         net (fo=4, routed)           0.270     2.796    compute/tensorGemm/mvc_0/dot_0_1/a_2_0/dot_0_1_io_y[16]
    SLICE_X38Y502        LUT4 (Prop_A6LUT_SLICEL_I3_O)
                                                      0.124     2.920 r  compute/tensorGemm/mvc_0/dot_0_1/a_2_0/tensorFile_0_reg_uram_0_i_285/O
                         net (fo=1, routed)           0.009     2.929    compute/tensorGemm/mvc_0/dot_0_1/a_2_0/tensorFile_0_reg_uram_0_i_285_n_0
    SLICE_X38Y502        CARRY8 (Prop_CARRY8_SLICEL_S[0]_CO[7])
                                                      0.190     3.119 r  compute/tensorGemm/mvc_0/dot_0_1/a_2_0/tensorFile_0_reg_uram_0_i_129__0/CO[7]
                         net (fo=1, routed)           0.026     3.145    compute/tensorGemm/mvc_0/dot_0_1/a_2_0/tensorFile_0_reg_uram_0_i_129__0_n_0
    SLICE_X38Y503        CARRY8 (Prop_CARRY8_SLICEL_CI_O[7])
                                                      0.116     3.261 r  compute/tensorGemm/mvc_0/dot_0_1/a_2_0/tensorFile_0_reg_uram_0_i_112__0/O[7]
                         net (fo=1, routed)           0.354     3.615    compute/tensorAcc/tensorLoad/fillPadding/add_0_1[31]
    SLICE_X40Y503        LUT6 (Prop_H6LUT_SLICEL_I2_O)
                                                      0.090     3.705 r  compute/tensorAcc/tensorLoad/fillPadding/tensorFile_0_reg_uram_0_i_23__0/O
                         net (fo=1, routed)           0.359     4.064    compute/tensorAcc/tensorLoad/tensorFile_0_MPORT_data[63]
    URAM288_X0Y132       URAM288                                      r  compute/tensorAcc/tensorLoad/tensorFile_0_reg_uram_0/DIN_A[63]
  -------------------------------------------------------------------    -------------------

                         (clock clk rise edge)        3.333     3.333 r  
                                                      0.000     3.333 r  clock (IN)
                         net (fo=7311, unset)         0.064     3.397    compute/tensorAcc/tensorLoad/clock
    URAM288_X0Y132       URAM288                                      r  compute/tensorAcc/tensorLoad/tensorFile_0_reg_uram_0/CLK
                         clock pessimism              0.000     3.397    
                         clock uncertainty           -0.035     3.362    
    URAM288_X0Y132       URAM288 (Setup_URAM_288K_INST_URAM288_CLK_DIN_A[63])
                                                     -0.420     2.942    compute/tensorAcc/tensorLoad/tensorFile_0_reg_uram_0
  -------------------------------------------------------------------
                         required time                          2.942    
                         arrival time                          -4.064    
  -------------------------------------------------------------------
                         slack                                 -1.122    




