
****** Vivado v2023.2 (64-bit)
  **** SW Build 4029153 on Fri Oct 13 20:13:54 MDT 2023
  **** IP Build 4028589 on Sat Oct 14 00:45:43 MDT 2023
  **** SharedData Build 4025554 on Tue Oct 10 17:18:54 MDT 2023
    ** Copyright 1986-2022 Xilinx, Inc. All Rights Reserved.
    ** Copyright 2022-2023 Advanced Micro Devices, Inc. All Rights Reserved.

source ../scope_timing.tcl
# open_checkpoint routed.dcp
Command: open_checkpoint routed.dcp

Starting open_checkpoint Task

Time (s): cpu = 00:00:00.03 ; elapsed = 00:00:00.04 . Memory (MB): peak = 1561.738 ; gain = 0.000 ; free physical = 69522 ; free virtual = 153091
INFO: [Device 21-403] Loading part xcu280-fsvh2892-2L-e
Netlist sorting complete. Time (s): cpu = 00:00:00.27 ; elapsed = 00:00:00.28 . Memory (MB): peak = 2950.465 ; gain = 0.000 ; free physical = 65477 ; free virtual = 149047
INFO: [Netlist 29-17] Analyzing 1776 Unisim elements for replacement
INFO: [Netlist 29-28] Unisim Transformation completed in 0 CPU seconds
INFO: [Project 1-479] Netlist was created with Vivado 2023.2
INFO: [Project 1-570] Preparing netlist for logic optimization
Read ShapeDB Complete: Time (s): cpu = 00:00:00.03 ; elapsed = 00:00:00.03 . Memory (MB): peak = 3086.027 ; gain = 3.000 ; free physical = 65082 ; free virtual = 148651
INFO: [Timing 38-478] Restoring timing data from binary archive.
INFO: [Timing 38-479] Binary timing data restore complete.
INFO: [Project 1-856] Restoring constraints from binary archive.
INFO: [Project 1-853] Binary constraint restore complete.
INFO: [Designutils 20-5722] Start Reading Physical Databases.
Reading placement.
Read Netlist Cache: Time (s): cpu = 00:00:00.03 ; elapsed = 00:00:00.02 . Memory (MB): peak = 3556.934 ; gain = 0.000 ; free physical = 63827 ; free virtual = 147396
Reading placer database...
Read Device Cache: Time (s): cpu = 00:00:00.02 ; elapsed = 00:00:00.03 . Memory (MB): peak = 3556.934 ; gain = 0.000 ; free physical = 63826 ; free virtual = 147396
Read PlaceDB: Time (s): cpu = 00:00:00.87 ; elapsed = 00:00:00.87 . Memory (MB): peak = 3566.895 ; gain = 9.961 ; free physical = 63749 ; free virtual = 147318
Read PulsedLatchDB: Time (s): cpu = 00:00:00 ; elapsed = 00:00:00 . Memory (MB): peak = 3566.895 ; gain = 0.000 ; free physical = 63748 ; free virtual = 147318
Reading routing.
Read RouteStorage: Time (s): cpu = 00:00:00.53 ; elapsed = 00:00:00.55 . Memory (MB): peak = 3574.895 ; gain = 8.000 ; free physical = 63698 ; free virtual = 147267
Read Physdb Files: Time (s): cpu = 00:00:01 ; elapsed = 00:00:01 . Memory (MB): peak = 3574.895 ; gain = 17.961 ; free physical = 63697 ; free virtual = 147266
Restored from archive | CPU: 1.520000 secs | Memory: 29.110718 MB |
Finished XDEF File Restore: Time (s): cpu = 00:00:02 ; elapsed = 00:00:02 . Memory (MB): peak = 3574.895 ; gain = 17.961 ; free physical = 63697 ; free virtual = 147266
Netlist sorting complete. Time (s): cpu = 00:00:00 ; elapsed = 00:00:00.01 . Memory (MB): peak = 3844.035 ; gain = 0.000 ; free physical = 63157 ; free virtual = 146726
INFO: [Project 1-111] Unisim Transformation Summary:
  A total of 302 instances were transformed.
  RAM32M16 => RAM32M16 (RAMD32(x14), RAMS32(x2)): 18 instances
  RAM32X1D => RAM32X1D (RAMD32(x2)): 4 instances
  RAM64M => RAM64M (RAMD64E(x4)): 8 instances
  RAM64M8 => RAM64M8 (RAMD64E(x8)): 272 instances

INFO: [Project 1-604] Checkpoint was created with Vivado v2023.2 (64-bit) build 4029153
open_checkpoint: Time (s): cpu = 00:00:34 ; elapsed = 00:00:56 . Memory (MB): peak = 3844.070 ; gain = 2282.332 ; free physical = 63036 ; free virtual = 146606
# set scope [get_cells -hier -filter {IS_PRIMITIVE && NAME !~ fetch/* && NAME !~ *inst_q/* && NAME !~ *vmeCmd/* && NAME !~ */dec/* && NAME !~ ecounters/* && NAME !~ store/* && NAME !~ */s/* && NAME !~ */s_0/* && NAME !~ */s_1/*}]
# puts "SCOPE_CELLS [llength $scope]"
SCOPE_CELLS 16155
# report_timing -from $scope -to $scope -max_paths 3 -nworst 1 -sort_by slack -file scope_timing.rpt
INFO: [Timing 38-91] UpdateTimingParams: Speed grade: -2L, Temperature grade: E, Delay Type: max.
INFO: [Timing 38-191] Multithreading enabled for timing update using a maximum of 8 CPUs
WARNING: [Timing 38-242] The property HD.CLK_SRC of clock port "clock" is not set. In out-of-context mode, this prevents timing estimation for clock delay/skew
Resolution: Set the HD.CLK_SRC property of the out-of-context port to the location of the clock buffer instance in the top-level design
INFO: [Timing 38-78] ReportTimingParams: -from_pins  -to_pins  -max_paths 3 -nworst 1 -delay_type max -sort_by slack.
# set p [get_timing_paths -from $scope -to $scope -max_paths 1]
# puts "SCOPE_SLACK [get_property SLACK $p]"
SCOPE_SLACK -1.154
# puts "SCOPE_FROM [get_property NAME [get_property STARTPOINT_PIN $p]]"
SCOPE_FROM compute/tensorAcc/tensorLoad/tensorFile_0_reg_uram_0/CLK
# puts "SCOPE_TO [get_property NAME [get_property ENDPOINT_PIN $p]]"
SCOPE_TO compute/tensorAcc/tensorLoad/tensorFile_0_reg_uram_0/DIN_A[13]
# set g [get_cells -hier -filter {IS_PRIMITIVE && (NAME =~ compute/tensorGemm/* || NAME =~ compute/tensorAlu/*)}]
# set q [get_timing_paths -from $g -to $g -max_paths 1]
# puts "DATAPATH_SLACK [get_property SLACK $q]"
DATAPATH_SLACK -0.115
INFO: [Common 17-206] Exiting Vivado at Wed Sep 30 04:11:41 2026...
