#-----------------------------------------------------------
# xsim v2023.2 (64-bit)
# SW Build 4029153 on Fri Oct 13 20:13:54 MDT 2023
# IP Build 4028589 on Sat Oct 14 00:45:43 MDT 2023
# SharedData Build 4025554 on Tue Oct 10 17:18:54 MDT 2023
# Start of session at: Tue Sep  8 01:21:41 2026
# Process ID: 1753587
# Current directory: /scratch/hc676/agentstudy/trials/z-ai_glm-5_3__hls/sim
# Command line: xsim -mode tcl -source {xsim.dir/tbsim/xsim_script.tcl}
# Log file: /scratch/hc676/agentstudy/trials/z-ai_glm-5_3__hls/sim/xsim.log
# Journal file: /scratch/hc676/agentstudy/trials/z-ai_glm-5_3__hls/sim/xsim.jou
# Running On: brg-zhang-xcel.ece.cornell.edu, OS: Linux, CPU Frequency: 3200.000 MHz, CPU Physical cores: 22, Host memory: 235732 MB
#-----------------------------------------------------------
source xsim.dir/tbsim/xsim_script.tcl
# xsim {tbsim} -testplusarg vecdir=/scratch/hc676/agentstudy/task/vectors/visible -autoloadwcfg -runall
Time resolution is 1 ps
run -all
STUDY VALUES 128 checked, 0 wrong
STUDY PRODUCT 0 first_in 5 last_out 49 latency 44
STUDY PRODUCT 1 first_in 20 last_out 64 latency 44
STUDY INTERVAL 1 15
STUDY RESULT CORRECT
$finish called at time : 282 ns : File "/scratch/hc676/agentstudy/trials/z-ai_glm-5_3__hls/sim/tb_study.sv" Line 123
exit
INFO: [Common 17-206] Exiting xsim at Tue Sep  8 01:21:45 2026...
