INFO: [VRFC 10-2263] Analyzing Verilog file "/scratch/hc676/agentstudy/trials/z-ai_glm-5_3__hls/sim/gemm_tile.v" into library work
INFO: [VRFC 10-311] analyzing module gemm_tile
INFO: [VRFC 10-2263] Analyzing Verilog file "/scratch/hc676/agentstudy/trials/z-ai_glm-5_3__hls/sim/gemm_tile_fifo_w32_d2_S.v" into library work
INFO: [VRFC 10-311] analyzing module gemm_tile_fifo_w32_d2_S
INFO: [VRFC 10-311] analyzing module gemm_tile_fifo_w32_d2_S_ShiftReg
INFO: [VRFC 10-2263] Analyzing Verilog file "/scratch/hc676/agentstudy/trials/z-ai_glm-5_3__hls/sim/gemm_tile_fifo_w8_d2_S.v" into library work
INFO: [VRFC 10-311] analyzing module gemm_tile_fifo_w8_d2_S
INFO: [VRFC 10-311] analyzing module gemm_tile_fifo_w8_d2_S_ShiftReg
INFO: [VRFC 10-2263] Analyzing Verilog file "/scratch/hc676/agentstudy/trials/z-ai_glm-5_3__hls/sim/gemm_tile_fifo_w9_d2_S.v" into library work
INFO: [VRFC 10-311] analyzing module gemm_tile_fifo_w9_d2_S
INFO: [VRFC 10-311] analyzing module gemm_tile_fifo_w9_d2_S_ShiftReg
INFO: [VRFC 10-2263] Analyzing Verilog file "/scratch/hc676/agentstudy/trials/z-ai_glm-5_3__hls/sim/gemm_tile_flow_control_loop_pipe_sequential_init.v" into library work
INFO: [VRFC 10-311] analyzing module gemm_tile_flow_control_loop_pipe_sequential_init
INFO: [VRFC 10-2263] Analyzing Verilog file "/scratch/hc676/agentstudy/trials/z-ai_glm-5_3__hls/sim/gemm_tile_mac_muladd_8s_8s_32s_32_4_1.v" into library work
INFO: [VRFC 10-311] analyzing module gemm_tile_mac_muladd_8s_8s_32s_32_4_1_DSP48_0
INFO: [VRFC 10-311] analyzing module gemm_tile_mac_muladd_8s_8s_32s_32_4_1
INFO: [VRFC 10-2263] Analyzing Verilog file "/scratch/hc676/agentstudy/trials/z-ai_glm-5_3__hls/sim/gemm_tile_pe0_0_Pipeline_VITIS_LOOP_49_2.v" into library work
INFO: [VRFC 10-311] analyzing module gemm_tile_pe0_0_Pipeline_VITIS_LOOP_49_2
INFO: [VRFC 10-2263] Analyzing Verilog file "/scratch/hc676/agentstudy/trials/z-ai_glm-5_3__hls/sim/gemm_tile_pe0_0_s.v" into library work
INFO: [VRFC 10-311] analyzing module gemm_tile_pe0_0_s
INFO: [VRFC 10-2263] Analyzing Verilog file "/scratch/hc676/agentstudy/trials/z-ai_glm-5_3__hls/sim/gemm_tile_pe0_1_Pipeline_VITIS_LOOP_49_2.v" into library work
INFO: [VRFC 10-311] analyzing module gemm_tile_pe0_1_Pipeline_VITIS_LOOP_49_2
INFO: [VRFC 10-2263] Analyzing Verilog file "/scratch/hc676/agentstudy/trials/z-ai_glm-5_3__hls/sim/gemm_tile_pe0_1_s.v" into library work
INFO: [VRFC 10-311] analyzing module gemm_tile_pe0_1_s
INFO: [VRFC 10-2263] Analyzing Verilog file "/scratch/hc676/agentstudy/trials/z-ai_glm-5_3__hls/sim/gemm_tile_pe0_2_Pipeline_VITIS_LOOP_49_2.v" into library work
INFO: [VRFC 10-311] analyzing module gemm_tile_pe0_2_Pipeline_VITIS_LOOP_49_2
INFO: [VRFC 10-2263] Analyzing Verilog file "/scratch/hc676/agentstudy/trials/z-ai_glm-5_3__hls/sim/gemm_tile_pe0_2_s.v" into library work
INFO: [VRFC 10-311] analyzing module gemm_tile_pe0_2_s
INFO: [VRFC 10-2263] Analyzing Verilog file "/scratch/hc676/agentstudy/trials/z-ai_glm-5_3__hls/sim/gemm_tile_pe0_3_Pipeline_VITIS_LOOP_49_2.v" into library work
INFO: [VRFC 10-311] analyzing module gemm_tile_pe0_3_Pipeline_VITIS_LOOP_49_2
INFO: [VRFC 10-2263] Analyzing Verilog file "/scratch/hc676/agentstudy/trials/z-ai_glm-5_3__hls/sim/gemm_tile_pe0_3_s.v" into library work
INFO: [VRFC 10-311] analyzing module gemm_tile_pe0_3_s
INFO: [VRFC 10-2263] Analyzing Verilog file "/scratch/hc676/agentstudy/trials/z-ai_glm-5_3__hls/sim/gemm_tile_pe0_4_Pipeline_VITIS_LOOP_49_2.v" into library work
INFO: [VRFC 10-311] analyzing module gemm_tile_pe0_4_Pipeline_VITIS_LOOP_49_2
INFO: [VRFC 10-2263] Analyzing Verilog file "/scratch/hc676/agentstudy/trials/z-ai_glm-5_3__hls/sim/gemm_tile_pe0_4_s.v" into library work
INFO: [VRFC 10-311] analyzing module gemm_tile_pe0_4_s
INFO: [VRFC 10-2263] Analyzing Verilog file "/scratch/hc676/agentstudy/trials/z-ai_glm-5_3__hls/sim/gemm_tile_pe0_5_Pipeline_VITIS_LOOP_49_2.v" into library work
INFO: [VRFC 10-311] analyzing module gemm_tile_pe0_5_Pipeline_VITIS_LOOP_49_2
INFO: [VRFC 10-2263] Analyzing Verilog file "/scratch/hc676/agentstudy/trials/z-ai_glm-5_3__hls/sim/gemm_tile_pe0_5_s.v" into library work
INFO: [VRFC 10-311] analyzing module gemm_tile_pe0_5_s
INFO: [VRFC 10-2263] Analyzing Verilog file "/scratch/hc676/agentstudy/trials/z-ai_glm-5_3__hls/sim/gemm_tile_pe0_6_Pipeline_VITIS_LOOP_49_2.v" into library work
INFO: [VRFC 10-311] analyzing module gemm_tile_pe0_6_Pipeline_VITIS_LOOP_49_2
INFO: [VRFC 10-2263] Analyzing Verilog file "/scratch/hc676/agentstudy/trials/z-ai_glm-5_3__hls/sim/gemm_tile_pe0_6_s.v" into library work
INFO: [VRFC 10-311] analyzing module gemm_tile_pe0_6_s
INFO: [VRFC 10-2263] Analyzing Verilog file "/scratch/hc676/agentstudy/trials/z-ai_glm-5_3__hls/sim/gemm_tile_pe0_7_Pipeline_VITIS_LOOP_49_2.v" into library work
INFO: [VRFC 10-311] analyzing module gemm_tile_pe0_7_Pipeline_VITIS_LOOP_49_2
INFO: [VRFC 10-2263] Analyzing Verilog file "/scratch/hc676/agentstudy/trials/z-ai_glm-5_3__hls/sim/gemm_tile_pe0_7_s.v" into library work
INFO: [VRFC 10-311] analyzing module gemm_tile_pe0_7_s
INFO: [VRFC 10-2263] Analyzing Verilog file "/scratch/hc676/agentstudy/trials/z-ai_glm-5_3__hls/sim/gemm_tile_pej_0_1_Pipeline_VITIS_LOOP_102_2.v" into library work
INFO: [VRFC 10-311] analyzing module gemm_tile_pej_0_1_Pipeline_VITIS_LOOP_102_2
INFO: [VRFC 10-2263] Analyzing Verilog file "/scratch/hc676/agentstudy/trials/z-ai_glm-5_3__hls/sim/gemm_tile_pej_0_1_s.v" into library work
INFO: [VRFC 10-311] analyzing module gemm_tile_pej_0_1_s
INFO: [VRFC 10-2263] Analyzing Verilog file "/scratch/hc676/agentstudy/trials/z-ai_glm-5_3__hls/sim/gemm_tile_pej_0_2_Pipeline_VITIS_LOOP_102_2.v" into library work
INFO: [VRFC 10-311] analyzing module gemm_tile_pej_0_2_Pipeline_VITIS_LOOP_102_2
INFO: [VRFC 10-2263] Analyzing Verilog file "/scratch/hc676/agentstudy/trials/z-ai_glm-5_3__hls/sim/gemm_tile_pej_0_2_s.v" into library work
INFO: [VRFC 10-311] analyzing module gemm_tile_pej_0_2_s
INFO: [VRFC 10-2263] Analyzing Verilog file "/scratch/hc676/agentstudy/trials/z-ai_glm-5_3__hls/sim/gemm_tile_pej_0_3_Pipeline_VITIS_LOOP_102_2.v" into library work
INFO: [VRFC 10-311] analyzing module gemm_tile_pej_0_3_Pipeline_VITIS_LOOP_102_2
INFO: [VRFC 10-2263] Analyzing Verilog file "/scratch/hc676/agentstudy/trials/z-ai_glm-5_3__hls/sim/gemm_tile_pej_0_3_s.v" into library work
INFO: [VRFC 10-311] analyzing module gemm_tile_pej_0_3_s
INFO: [VRFC 10-2263] Analyzing Verilog file "/scratch/hc676/agentstudy/trials/z-ai_glm-5_3__hls/sim/gemm_tile_pej_0_4_Pipeline_VITIS_LOOP_102_2.v" into library work
INFO: [VRFC 10-311] analyzing module gemm_tile_pej_0_4_Pipeline_VITIS_LOOP_102_2
INFO: [VRFC 10-2263] Analyzing Verilog file "/scratch/hc676/agentstudy/trials/z-ai_glm-5_3__hls/sim/gemm_tile_pej_0_4_s.v" into library work
INFO: [VRFC 10-311] analyzing module gemm_tile_pej_0_4_s
INFO: [VRFC 10-2263] Analyzing Verilog file "/scratch/hc676/agentstudy/trials/z-ai_glm-5_3__hls/sim/gemm_tile_pej_0_5_Pipeline_VITIS_LOOP_102_2.v" into library work
INFO: [VRFC 10-311] analyzing module gemm_tile_pej_0_5_Pipeline_VITIS_LOOP_102_2
INFO: [VRFC 10-2263] Analyzing Verilog file "/scratch/hc676/agentstudy/trials/z-ai_glm-5_3__hls/sim/gemm_tile_pej_0_5_s.v" into library work
INFO: [VRFC 10-311] analyzing module gemm_tile_pej_0_5_s
INFO: [VRFC 10-2263] Analyzing Verilog file "/scratch/hc676/agentstudy/trials/z-ai_glm-5_3__hls/sim/gemm_tile_pej_0_6_Pipeline_VITIS_LOOP_102_2.v" into library work
INFO: [VRFC 10-311] analyzing module gemm_tile_pej_0_6_Pipeline_VITIS_LOOP_102_2
INFO: [VRFC 10-2263] Analyzing Verilog file "/scratch/hc676/agentstudy/trials/z-ai_glm-5_3__hls/sim/gemm_tile_pej_0_6_s.v" into library work
INFO: [VRFC 10-311] analyzing module gemm_tile_pej_0_6_s
INFO: [VRFC 10-2263] Analyzing Verilog file "/scratch/hc676/agentstudy/trials/z-ai_glm-5_3__hls/sim/gemm_tile_pej_0_7_Pipeline_VITIS_LOOP_102_2.v" into library work
INFO: [VRFC 10-311] analyzing module gemm_tile_pej_0_7_Pipeline_VITIS_LOOP_102_2
INFO: [VRFC 10-2263] Analyzing Verilog file "/scratch/hc676/agentstudy/trials/z-ai_glm-5_3__hls/sim/gemm_tile_pej_0_7_s.v" into library work
INFO: [VRFC 10-311] analyzing module gemm_tile_pej_0_7_s
INFO: [VRFC 10-2263] Analyzing Verilog file "/scratch/hc676/agentstudy/trials/z-ai_glm-5_3__hls/sim/gemm_tile_pej_1_1_Pipeline_VITIS_LOOP_102_2.v" into library work
INFO: [VRFC 10-311] analyzing module gemm_tile_pej_1_1_Pipeline_VITIS_LOOP_102_2
INFO: [VRFC 10-2263] Analyzing Verilog file "/scratch/hc676/agentstudy/trials/z-ai_glm-5_3__hls/sim/gemm_tile_pej_1_1_s.v" into library work
INFO: [VRFC 10-311] analyzing module gemm_tile_pej_1_1_s
INFO: [VRFC 10-2263] Analyzing Verilog file "/scratch/hc676/agentstudy/trials/z-ai_glm-5_3__hls/sim/gemm_tile_pej_1_2_Pipeline_VITIS_LOOP_102_2.v" into library work
INFO: [VRFC 10-311] analyzing module gemm_tile_pej_1_2_Pipeline_VITIS_LOOP_102_2
INFO: [VRFC 10-2263] Analyzing Verilog file "/scratch/hc676/agentstudy/trials/z-ai_glm-5_3__hls/sim/gemm_tile_pej_1_2_s.v" into library work
INFO: [VRFC 10-311] analyzing module gemm_tile_pej_1_2_s
INFO: [VRFC 10-2263] Analyzing Verilog file "/scratch/hc676/agentstudy/trials/z-ai_glm-5_3__hls/sim/gemm_tile_pej_1_3_Pipeline_VITIS_LOOP_102_2.v" into library work
INFO: [VRFC 10-311] analyzing module gemm_tile_pej_1_3_Pipeline_VITIS_LOOP_102_2
INFO: [VRFC 10-2263] Analyzing Verilog file "/scratch/hc676/agentstudy/trials/z-ai_glm-5_3__hls/sim/gemm_tile_pej_1_3_s.v" into library work
INFO: [VRFC 10-311] analyzing module gemm_tile_pej_1_3_s
INFO: [VRFC 10-2263] Analyzing Verilog file "/scratch/hc676/agentstudy/trials/z-ai_glm-5_3__hls/sim/gemm_tile_pej_1_4_Pipeline_VITIS_LOOP_102_2.v" into library work
INFO: [VRFC 10-311] analyzing module gemm_tile_pej_1_4_Pipeline_VITIS_LOOP_102_2
INFO: [VRFC 10-2263] Analyzing Verilog file "/scratch/hc676/agentstudy/trials/z-ai_glm-5_3__hls/sim/gemm_tile_pej_1_4_s.v" into library work
INFO: [VRFC 10-311] analyzing module gemm_tile_pej_1_4_s
INFO: [VRFC 10-2263] Analyzing Verilog file "/scratch/hc676/agentstudy/trials/z-ai_glm-5_3__hls/sim/gemm_tile_pej_1_5_Pipeline_VITIS_LOOP_102_2.v" into library work
INFO: [VRFC 10-311] analyzing module gemm_tile_pej_1_5_Pipeline_VITIS_LOOP_102_2
INFO: [VRFC 10-2263] Analyzing Verilog file "/scratch/hc676/agentstudy/trials/z-ai_glm-5_3__hls/sim/gemm_tile_pej_1_5_s.v" into library work
INFO: [VRFC 10-311] analyzing module gemm_tile_pej_1_5_s
INFO: [VRFC 10-2263] Analyzing Verilog file "/scratch/hc676/agentstudy/trials/z-ai_glm-5_3__hls/sim/gemm_tile_pej_1_6_Pipeline_VITIS_LOOP_102_2.v" into library work
INFO: [VRFC 10-311] analyzing module gemm_tile_pej_1_6_Pipeline_VITIS_LOOP_102_2
INFO: [VRFC 10-2263] Analyzing Verilog file "/scratch/hc676/agentstudy/trials/z-ai_glm-5_3__hls/sim/gemm_tile_pej_1_6_s.v" into library work
INFO: [VRFC 10-311] analyzing module gemm_tile_pej_1_6_s
INFO: [VRFC 10-2263] Analyzing Verilog file "/scratch/hc676/agentstudy/trials/z-ai_glm-5_3__hls/sim/gemm_tile_pej_1_7_Pipeline_VITIS_LOOP_102_2.v" into library work
INFO: [VRFC 10-311] analyzing module gemm_tile_pej_1_7_Pipeline_VITIS_LOOP_102_2
INFO: [VRFC 10-2263] Analyzing Verilog file "/scratch/hc676/agentstudy/trials/z-ai_glm-5_3__hls/sim/gemm_tile_pej_1_7_s.v" into library work
INFO: [VRFC 10-311] analyzing module gemm_tile_pej_1_7_s
INFO: [VRFC 10-2263] Analyzing Verilog file "/scratch/hc676/agentstudy/trials/z-ai_glm-5_3__hls/sim/gemm_tile_pej_2_1_Pipeline_VITIS_LOOP_102_2.v" into library work
INFO: [VRFC 10-311] analyzing module gemm_tile_pej_2_1_Pipeline_VITIS_LOOP_102_2
INFO: [VRFC 10-2263] Analyzing Verilog file "/scratch/hc676/agentstudy/trials/z-ai_glm-5_3__hls/sim/gemm_tile_pej_2_1_s.v" into library work
INFO: [VRFC 10-311] analyzing module gemm_tile_pej_2_1_s
INFO: [VRFC 10-2263] Analyzing Verilog file "/scratch/hc676/agentstudy/trials/z-ai_glm-5_3__hls/sim/gemm_tile_pej_2_2_Pipeline_VITIS_LOOP_102_2.v" into library work
INFO: [VRFC 10-311] analyzing module gemm_tile_pej_2_2_Pipeline_VITIS_LOOP_102_2
INFO: [VRFC 10-2263] Analyzing Verilog file "/scratch/hc676/agentstudy/trials/z-ai_glm-5_3__hls/sim/gemm_tile_pej_2_2_s.v" into library work
INFO: [VRFC 10-311] analyzing module gemm_tile_pej_2_2_s
INFO: [VRFC 10-2263] Analyzing Verilog file "/scratch/hc676/agentstudy/trials/z-ai_glm-5_3__hls/sim/gemm_tile_pej_2_3_Pipeline_VITIS_LOOP_102_2.v" into library work
INFO: [VRFC 10-311] analyzing module gemm_tile_pej_2_3_Pipeline_VITIS_LOOP_102_2
INFO: [VRFC 10-2263] Analyzing Verilog file "/scratch/hc676/agentstudy/trials/z-ai_glm-5_3__hls/sim/gemm_tile_pej_2_3_s.v" into library work
INFO: [VRFC 10-311] analyzing module gemm_tile_pej_2_3_s
INFO: [VRFC 10-2263] Analyzing Verilog file "/scratch/hc676/agentstudy/trials/z-ai_glm-5_3__hls/sim/gemm_tile_pej_2_4_Pipeline_VITIS_LOOP_102_2.v" into library work
INFO: [VRFC 10-311] analyzing module gemm_tile_pej_2_4_Pipeline_VITIS_LOOP_102_2
INFO: [VRFC 10-2263] Analyzing Verilog file "/scratch/hc676/agentstudy/trials/z-ai_glm-5_3__hls/sim/gemm_tile_pej_2_4_s.v" into library work
INFO: [VRFC 10-311] analyzing module gemm_tile_pej_2_4_s
INFO: [VRFC 10-2263] Analyzing Verilog file "/scratch/hc676/agentstudy/trials/z-ai_glm-5_3__hls/sim/gemm_tile_pej_2_5_Pipeline_VITIS_LOOP_102_2.v" into library work
INFO: [VRFC 10-311] analyzing module gemm_tile_pej_2_5_Pipeline_VITIS_LOOP_102_2
INFO: [VRFC 10-2263] Analyzing Verilog file "/scratch/hc676/agentstudy/trials/z-ai_glm-5_3__hls/sim/gemm_tile_pej_2_5_s.v" into library work
INFO: [VRFC 10-311] analyzing module gemm_tile_pej_2_5_s
INFO: [VRFC 10-2263] Analyzing Verilog file "/scratch/hc676/agentstudy/trials/z-ai_glm-5_3__hls/sim/gemm_tile_pej_2_6_Pipeline_VITIS_LOOP_102_2.v" into library work
INFO: [VRFC 10-311] analyzing module gemm_tile_pej_2_6_Pipeline_VITIS_LOOP_102_2
INFO: [VRFC 10-2263] Analyzing Verilog file "/scratch/hc676/agentstudy/trials/z-ai_glm-5_3__hls/sim/gemm_tile_pej_2_6_s.v" into library work
INFO: [VRFC 10-311] analyzing module gemm_tile_pej_2_6_s
INFO: [VRFC 10-2263] Analyzing Verilog file "/scratch/hc676/agentstudy/trials/z-ai_glm-5_3__hls/sim/gemm_tile_pej_2_7_Pipeline_VITIS_LOOP_102_2.v" into library work
INFO: [VRFC 10-311] analyzing module gemm_tile_pej_2_7_Pipeline_VITIS_LOOP_102_2
INFO: [VRFC 10-2263] Analyzing Verilog file "/scratch/hc676/agentstudy/trials/z-ai_glm-5_3__hls/sim/gemm_tile_pej_2_7_s.v" into library work
INFO: [VRFC 10-311] analyzing module gemm_tile_pej_2_7_s
INFO: [VRFC 10-2263] Analyzing Verilog file "/scratch/hc676/agentstudy/trials/z-ai_glm-5_3__hls/sim/gemm_tile_pej_3_1_Pipeline_VITIS_LOOP_102_2.v" into library work
INFO: [VRFC 10-311] analyzing module gemm_tile_pej_3_1_Pipeline_VITIS_LOOP_102_2
INFO: [VRFC 10-2263] Analyzing Verilog file "/scratch/hc676/agentstudy/trials/z-ai_glm-5_3__hls/sim/gemm_tile_pej_3_1_s.v" into library work
INFO: [VRFC 10-311] analyzing module gemm_tile_pej_3_1_s
INFO: [VRFC 10-2263] Analyzing Verilog file "/scratch/hc676/agentstudy/trials/z-ai_glm-5_3__hls/sim/gemm_tile_pej_3_2_Pipeline_VITIS_LOOP_102_2.v" into library work
INFO: [VRFC 10-311] analyzing module gemm_tile_pej_3_2_Pipeline_VITIS_LOOP_102_2
INFO: [VRFC 10-2263] Analyzing Verilog file "/scratch/hc676/agentstudy/trials/z-ai_glm-5_3__hls/sim/gemm_tile_pej_3_2_s.v" into library work
INFO: [VRFC 10-311] analyzing module gemm_tile_pej_3_2_s
INFO: [VRFC 10-2263] Analyzing Verilog file "/scratch/hc676/agentstudy/trials/z-ai_glm-5_3__hls/sim/gemm_tile_pej_3_3_Pipeline_VITIS_LOOP_102_2.v" into library work
INFO: [VRFC 10-311] analyzing module gemm_tile_pej_3_3_Pipeline_VITIS_LOOP_102_2
INFO: [VRFC 10-2263] Analyzing Verilog file "/scratch/hc676/agentstudy/trials/z-ai_glm-5_3__hls/sim/gemm_tile_pej_3_3_s.v" into library work
INFO: [VRFC 10-311] analyzing module gemm_tile_pej_3_3_s
INFO: [VRFC 10-2263] Analyzing Verilog file "/scratch/hc676/agentstudy/trials/z-ai_glm-5_3__hls/sim/gemm_tile_pej_3_4_Pipeline_VITIS_LOOP_102_2.v" into library work
INFO: [VRFC 10-311] analyzing module gemm_tile_pej_3_4_Pipeline_VITIS_LOOP_102_2
INFO: [VRFC 10-2263] Analyzing Verilog file "/scratch/hc676/agentstudy/trials/z-ai_glm-5_3__hls/sim/gemm_tile_pej_3_4_s.v" into library work
INFO: [VRFC 10-311] analyzing module gemm_tile_pej_3_4_s
INFO: [VRFC 10-2263] Analyzing Verilog file "/scratch/hc676/agentstudy/trials/z-ai_glm-5_3__hls/sim/gemm_tile_pej_3_5_Pipeline_VITIS_LOOP_102_2.v" into library work
INFO: [VRFC 10-311] analyzing module gemm_tile_pej_3_5_Pipeline_VITIS_LOOP_102_2
INFO: [VRFC 10-2263] Analyzing Verilog file "/scratch/hc676/agentstudy/trials/z-ai_glm-5_3__hls/sim/gemm_tile_pej_3_5_s.v" into library work
INFO: [VRFC 10-311] analyzing module gemm_tile_pej_3_5_s
INFO: [VRFC 10-2263] Analyzing Verilog file "/scratch/hc676/agentstudy/trials/z-ai_glm-5_3__hls/sim/gemm_tile_pej_3_6_Pipeline_VITIS_LOOP_102_2.v" into library work
INFO: [VRFC 10-311] analyzing module gemm_tile_pej_3_6_Pipeline_VITIS_LOOP_102_2
INFO: [VRFC 10-2263] Analyzing Verilog file "/scratch/hc676/agentstudy/trials/z-ai_glm-5_3__hls/sim/gemm_tile_pej_3_6_s.v" into library work
INFO: [VRFC 10-311] analyzing module gemm_tile_pej_3_6_s
INFO: [VRFC 10-2263] Analyzing Verilog file "/scratch/hc676/agentstudy/trials/z-ai_glm-5_3__hls/sim/gemm_tile_pej_3_7_Pipeline_VITIS_LOOP_102_2.v" into library work
INFO: [VRFC 10-311] analyzing module gemm_tile_pej_3_7_Pipeline_VITIS_LOOP_102_2
INFO: [VRFC 10-2263] Analyzing Verilog file "/scratch/hc676/agentstudy/trials/z-ai_glm-5_3__hls/sim/gemm_tile_pej_3_7_s.v" into library work
INFO: [VRFC 10-311] analyzing module gemm_tile_pej_3_7_s
INFO: [VRFC 10-2263] Analyzing Verilog file "/scratch/hc676/agentstudy/trials/z-ai_glm-5_3__hls/sim/gemm_tile_pej_4_1_Pipeline_VITIS_LOOP_102_2.v" into library work
INFO: [VRFC 10-311] analyzing module gemm_tile_pej_4_1_Pipeline_VITIS_LOOP_102_2
INFO: [VRFC 10-2263] Analyzing Verilog file "/scratch/hc676/agentstudy/trials/z-ai_glm-5_3__hls/sim/gemm_tile_pej_4_1_s.v" into library work
INFO: [VRFC 10-311] analyzing module gemm_tile_pej_4_1_s
INFO: [VRFC 10-2263] Analyzing Verilog file "/scratch/hc676/agentstudy/trials/z-ai_glm-5_3__hls/sim/gemm_tile_pej_4_2_Pipeline_VITIS_LOOP_102_2.v" into library work
INFO: [VRFC 10-311] analyzing module gemm_tile_pej_4_2_Pipeline_VITIS_LOOP_102_2
INFO: [VRFC 10-2263] Analyzing Verilog file "/scratch/hc676/agentstudy/trials/z-ai_glm-5_3__hls/sim/gemm_tile_pej_4_2_s.v" into library work
INFO: [VRFC 10-311] analyzing module gemm_tile_pej_4_2_s
INFO: [VRFC 10-2263] Analyzing Verilog file "/scratch/hc676/agentstudy/trials/z-ai_glm-5_3__hls/sim/gemm_tile_pej_4_3_Pipeline_VITIS_LOOP_102_2.v" into library work
INFO: [VRFC 10-311] analyzing module gemm_tile_pej_4_3_Pipeline_VITIS_LOOP_102_2
INFO: [VRFC 10-2263] Analyzing Verilog file "/scratch/hc676/agentstudy/trials/z-ai_glm-5_3__hls/sim/gemm_tile_pej_4_3_s.v" into library work
INFO: [VRFC 10-311] analyzing module gemm_tile_pej_4_3_s
INFO: [VRFC 10-2263] Analyzing Verilog file "/scratch/hc676/agentstudy/trials/z-ai_glm-5_3__hls/sim/gemm_tile_pej_4_4_Pipeline_VITIS_LOOP_102_2.v" into library work
INFO: [VRFC 10-311] analyzing module gemm_tile_pej_4_4_Pipeline_VITIS_LOOP_102_2
INFO: [VRFC 10-2263] Analyzing Verilog file "/scratch/hc676/agentstudy/trials/z-ai_glm-5_3__hls/sim/gemm_tile_pej_4_4_s.v" into library work
INFO: [VRFC 10-311] analyzing module gemm_tile_pej_4_4_s
INFO: [VRFC 10-2263] Analyzing Verilog file "/scratch/hc676/agentstudy/trials/z-ai_glm-5_3__hls/sim/gemm_tile_pej_4_5_Pipeline_VITIS_LOOP_102_2.v" into library work
INFO: [VRFC 10-311] analyzing module gemm_tile_pej_4_5_Pipeline_VITIS_LOOP_102_2
INFO: [VRFC 10-2263] Analyzing Verilog file "/scratch/hc676/agentstudy/trials/z-ai_glm-5_3__hls/sim/gemm_tile_pej_4_5_s.v" into library work
INFO: [VRFC 10-311] analyzing module gemm_tile_pej_4_5_s
INFO: [VRFC 10-2263] Analyzing Verilog file "/scratch/hc676/agentstudy/trials/z-ai_glm-5_3__hls/sim/gemm_tile_pej_4_6_Pipeline_VITIS_LOOP_102_2.v" into library work
INFO: [VRFC 10-311] analyzing module gemm_tile_pej_4_6_Pipeline_VITIS_LOOP_102_2
INFO: [VRFC 10-2263] Analyzing Verilog file "/scratch/hc676/agentstudy/trials/z-ai_glm-5_3__hls/sim/gemm_tile_pej_4_6_s.v" into library work
INFO: [VRFC 10-311] analyzing module gemm_tile_pej_4_6_s
INFO: [VRFC 10-2263] Analyzing Verilog file "/scratch/hc676/agentstudy/trials/z-ai_glm-5_3__hls/sim/gemm_tile_pej_4_7_Pipeline_VITIS_LOOP_102_2.v" into library work
INFO: [VRFC 10-311] analyzing module gemm_tile_pej_4_7_Pipeline_VITIS_LOOP_102_2
INFO: [VRFC 10-2263] Analyzing Verilog file "/scratch/hc676/agentstudy/trials/z-ai_glm-5_3__hls/sim/gemm_tile_pej_4_7_s.v" into library work
INFO: [VRFC 10-311] analyzing module gemm_tile_pej_4_7_s
INFO: [VRFC 10-2263] Analyzing Verilog file "/scratch/hc676/agentstudy/trials/z-ai_glm-5_3__hls/sim/gemm_tile_pej_5_1_Pipeline_VITIS_LOOP_102_2.v" into library work
INFO: [VRFC 10-311] analyzing module gemm_tile_pej_5_1_Pipeline_VITIS_LOOP_102_2
INFO: [VRFC 10-2263] Analyzing Verilog file "/scratch/hc676/agentstudy/trials/z-ai_glm-5_3__hls/sim/gemm_tile_pej_5_1_s.v" into library work
INFO: [VRFC 10-311] analyzing module gemm_tile_pej_5_1_s
INFO: [VRFC 10-2263] Analyzing Verilog file "/scratch/hc676/agentstudy/trials/z-ai_glm-5_3__hls/sim/gemm_tile_pej_5_2_Pipeline_VITIS_LOOP_102_2.v" into library work
INFO: [VRFC 10-311] analyzing module gemm_tile_pej_5_2_Pipeline_VITIS_LOOP_102_2
INFO: [VRFC 10-2263] Analyzing Verilog file "/scratch/hc676/agentstudy/trials/z-ai_glm-5_3__hls/sim/gemm_tile_pej_5_2_s.v" into library work
INFO: [VRFC 10-311] analyzing module gemm_tile_pej_5_2_s
INFO: [VRFC 10-2263] Analyzing Verilog file "/scratch/hc676/agentstudy/trials/z-ai_glm-5_3__hls/sim/gemm_tile_pej_5_3_Pipeline_VITIS_LOOP_102_2.v" into library work
INFO: [VRFC 10-311] analyzing module gemm_tile_pej_5_3_Pipeline_VITIS_LOOP_102_2
INFO: [VRFC 10-2263] Analyzing Verilog file "/scratch/hc676/agentstudy/trials/z-ai_glm-5_3__hls/sim/gemm_tile_pej_5_3_s.v" into library work
INFO: [VRFC 10-311] analyzing module gemm_tile_pej_5_3_s
INFO: [VRFC 10-2263] Analyzing Verilog file "/scratch/hc676/agentstudy/trials/z-ai_glm-5_3__hls/sim/gemm_tile_pej_5_4_Pipeline_VITIS_LOOP_102_2.v" into library work
INFO: [VRFC 10-311] analyzing module gemm_tile_pej_5_4_Pipeline_VITIS_LOOP_102_2
INFO: [VRFC 10-2263] Analyzing Verilog file "/scratch/hc676/agentstudy/trials/z-ai_glm-5_3__hls/sim/gemm_tile_pej_5_4_s.v" into library work
INFO: [VRFC 10-311] analyzing module gemm_tile_pej_5_4_s
INFO: [VRFC 10-2263] Analyzing Verilog file "/scratch/hc676/agentstudy/trials/z-ai_glm-5_3__hls/sim/gemm_tile_pej_5_5_Pipeline_VITIS_LOOP_102_2.v" into library work
INFO: [VRFC 10-311] analyzing module gemm_tile_pej_5_5_Pipeline_VITIS_LOOP_102_2
INFO: [VRFC 10-2263] Analyzing Verilog file "/scratch/hc676/agentstudy/trials/z-ai_glm-5_3__hls/sim/gemm_tile_pej_5_5_s.v" into library work
INFO: [VRFC 10-311] analyzing module gemm_tile_pej_5_5_s
INFO: [VRFC 10-2263] Analyzing Verilog file "/scratch/hc676/agentstudy/trials/z-ai_glm-5_3__hls/sim/gemm_tile_pej_5_6_Pipeline_VITIS_LOOP_102_2.v" into library work
INFO: [VRFC 10-311] analyzing module gemm_tile_pej_5_6_Pipeline_VITIS_LOOP_102_2
INFO: [VRFC 10-2263] Analyzing Verilog file "/scratch/hc676/agentstudy/trials/z-ai_glm-5_3__hls/sim/gemm_tile_pej_5_6_s.v" into library work
INFO: [VRFC 10-311] analyzing module gemm_tile_pej_5_6_s
INFO: [VRFC 10-2263] Analyzing Verilog file "/scratch/hc676/agentstudy/trials/z-ai_glm-5_3__hls/sim/gemm_tile_pej_5_7_Pipeline_VITIS_LOOP_102_2.v" into library work
INFO: [VRFC 10-311] analyzing module gemm_tile_pej_5_7_Pipeline_VITIS_LOOP_102_2
INFO: [VRFC 10-2263] Analyzing Verilog file "/scratch/hc676/agentstudy/trials/z-ai_glm-5_3__hls/sim/gemm_tile_pej_5_7_s.v" into library work
INFO: [VRFC 10-311] analyzing module gemm_tile_pej_5_7_s
INFO: [VRFC 10-2263] Analyzing Verilog file "/scratch/hc676/agentstudy/trials/z-ai_glm-5_3__hls/sim/gemm_tile_pej_6_1_Pipeline_VITIS_LOOP_102_2.v" into library work
INFO: [VRFC 10-311] analyzing module gemm_tile_pej_6_1_Pipeline_VITIS_LOOP_102_2
INFO: [VRFC 10-2263] Analyzing Verilog file "/scratch/hc676/agentstudy/trials/z-ai_glm-5_3__hls/sim/gemm_tile_pej_6_1_s.v" into library work
INFO: [VRFC 10-311] analyzing module gemm_tile_pej_6_1_s
INFO: [VRFC 10-2263] Analyzing Verilog file "/scratch/hc676/agentstudy/trials/z-ai_glm-5_3__hls/sim/gemm_tile_pej_6_2_Pipeline_VITIS_LOOP_102_2.v" into library work
INFO: [VRFC 10-311] analyzing module gemm_tile_pej_6_2_Pipeline_VITIS_LOOP_102_2
INFO: [VRFC 10-2263] Analyzing Verilog file "/scratch/hc676/agentstudy/trials/z-ai_glm-5_3__hls/sim/gemm_tile_pej_6_2_s.v" into library work
INFO: [VRFC 10-311] analyzing module gemm_tile_pej_6_2_s
INFO: [VRFC 10-2263] Analyzing Verilog file "/scratch/hc676/agentstudy/trials/z-ai_glm-5_3__hls/sim/gemm_tile_pej_6_3_Pipeline_VITIS_LOOP_102_2.v" into library work
INFO: [VRFC 10-311] analyzing module gemm_tile_pej_6_3_Pipeline_VITIS_LOOP_102_2
INFO: [VRFC 10-2263] Analyzing Verilog file "/scratch/hc676/agentstudy/trials/z-ai_glm-5_3__hls/sim/gemm_tile_pej_6_3_s.v" into library work
INFO: [VRFC 10-311] analyzing module gemm_tile_pej_6_3_s
INFO: [VRFC 10-2263] Analyzing Verilog file "/scratch/hc676/agentstudy/trials/z-ai_glm-5_3__hls/sim/gemm_tile_pej_6_4_Pipeline_VITIS_LOOP_102_2.v" into library work
INFO: [VRFC 10-311] analyzing module gemm_tile_pej_6_4_Pipeline_VITIS_LOOP_102_2
INFO: [VRFC 10-2263] Analyzing Verilog file "/scratch/hc676/agentstudy/trials/z-ai_glm-5_3__hls/sim/gemm_tile_pej_6_4_s.v" into library work
INFO: [VRFC 10-311] analyzing module gemm_tile_pej_6_4_s
INFO: [VRFC 10-2263] Analyzing Verilog file "/scratch/hc676/agentstudy/trials/z-ai_glm-5_3__hls/sim/gemm_tile_pej_6_5_Pipeline_VITIS_LOOP_102_2.v" into library work
INFO: [VRFC 10-311] analyzing module gemm_tile_pej_6_5_Pipeline_VITIS_LOOP_102_2
INFO: [VRFC 10-2263] Analyzing Verilog file "/scratch/hc676/agentstudy/trials/z-ai_glm-5_3__hls/sim/gemm_tile_pej_6_5_s.v" into library work
INFO: [VRFC 10-311] analyzing module gemm_tile_pej_6_5_s
INFO: [VRFC 10-2263] Analyzing Verilog file "/scratch/hc676/agentstudy/trials/z-ai_glm-5_3__hls/sim/gemm_tile_pej_6_6_Pipeline_VITIS_LOOP_102_2.v" into library work
INFO: [VRFC 10-311] analyzing module gemm_tile_pej_6_6_Pipeline_VITIS_LOOP_102_2
INFO: [VRFC 10-2263] Analyzing Verilog file "/scratch/hc676/agentstudy/trials/z-ai_glm-5_3__hls/sim/gemm_tile_pej_6_6_s.v" into library work
INFO: [VRFC 10-311] analyzing module gemm_tile_pej_6_6_s
INFO: [VRFC 10-2263] Analyzing Verilog file "/scratch/hc676/agentstudy/trials/z-ai_glm-5_3__hls/sim/gemm_tile_pej_6_7_Pipeline_VITIS_LOOP_102_2.v" into library work
INFO: [VRFC 10-311] analyzing module gemm_tile_pej_6_7_Pipeline_VITIS_LOOP_102_2
INFO: [VRFC 10-2263] Analyzing Verilog file "/scratch/hc676/agentstudy/trials/z-ai_glm-5_3__hls/sim/gemm_tile_pej_6_7_s.v" into library work
INFO: [VRFC 10-311] analyzing module gemm_tile_pej_6_7_s
INFO: [VRFC 10-2263] Analyzing Verilog file "/scratch/hc676/agentstudy/trials/z-ai_glm-5_3__hls/sim/gemm_tile_pej_7_1_Pipeline_VITIS_LOOP_102_2.v" into library work
INFO: [VRFC 10-311] analyzing module gemm_tile_pej_7_1_Pipeline_VITIS_LOOP_102_2
INFO: [VRFC 10-2263] Analyzing Verilog file "/scratch/hc676/agentstudy/trials/z-ai_glm-5_3__hls/sim/gemm_tile_pej_7_1_s.v" into library work
INFO: [VRFC 10-311] analyzing module gemm_tile_pej_7_1_s
INFO: [VRFC 10-2263] Analyzing Verilog file "/scratch/hc676/agentstudy/trials/z-ai_glm-5_3__hls/sim/gemm_tile_pej_7_2_Pipeline_VITIS_LOOP_102_2.v" into library work
INFO: [VRFC 10-311] analyzing module gemm_tile_pej_7_2_Pipeline_VITIS_LOOP_102_2
INFO: [VRFC 10-2263] Analyzing Verilog file "/scratch/hc676/agentstudy/trials/z-ai_glm-5_3__hls/sim/gemm_tile_pej_7_2_s.v" into library work
INFO: [VRFC 10-311] analyzing module gemm_tile_pej_7_2_s
INFO: [VRFC 10-2263] Analyzing Verilog file "/scratch/hc676/agentstudy/trials/z-ai_glm-5_3__hls/sim/gemm_tile_pej_7_3_Pipeline_VITIS_LOOP_102_2.v" into library work
INFO: [VRFC 10-311] analyzing module gemm_tile_pej_7_3_Pipeline_VITIS_LOOP_102_2
INFO: [VRFC 10-2263] Analyzing Verilog file "/scratch/hc676/agentstudy/trials/z-ai_glm-5_3__hls/sim/gemm_tile_pej_7_3_s.v" into library work
INFO: [VRFC 10-311] analyzing module gemm_tile_pej_7_3_s
INFO: [VRFC 10-2263] Analyzing Verilog file "/scratch/hc676/agentstudy/trials/z-ai_glm-5_3__hls/sim/gemm_tile_pej_7_4_Pipeline_VITIS_LOOP_102_2.v" into library work
INFO: [VRFC 10-311] analyzing module gemm_tile_pej_7_4_Pipeline_VITIS_LOOP_102_2
INFO: [VRFC 10-2263] Analyzing Verilog file "/scratch/hc676/agentstudy/trials/z-ai_glm-5_3__hls/sim/gemm_tile_pej_7_4_s.v" into library work
INFO: [VRFC 10-311] analyzing module gemm_tile_pej_7_4_s
INFO: [VRFC 10-2263] Analyzing Verilog file "/scratch/hc676/agentstudy/trials/z-ai_glm-5_3__hls/sim/gemm_tile_pej_7_5_Pipeline_VITIS_LOOP_102_2.v" into library work
INFO: [VRFC 10-311] analyzing module gemm_tile_pej_7_5_Pipeline_VITIS_LOOP_102_2
INFO: [VRFC 10-2263] Analyzing Verilog file "/scratch/hc676/agentstudy/trials/z-ai_glm-5_3__hls/sim/gemm_tile_pej_7_5_s.v" into library work
INFO: [VRFC 10-311] analyzing module gemm_tile_pej_7_5_s
INFO: [VRFC 10-2263] Analyzing Verilog file "/scratch/hc676/agentstudy/trials/z-ai_glm-5_3__hls/sim/gemm_tile_pej_7_6_Pipeline_VITIS_LOOP_102_2.v" into library work
INFO: [VRFC 10-311] analyzing module gemm_tile_pej_7_6_Pipeline_VITIS_LOOP_102_2
INFO: [VRFC 10-2263] Analyzing Verilog file "/scratch/hc676/agentstudy/trials/z-ai_glm-5_3__hls/sim/gemm_tile_pej_7_6_s.v" into library work
INFO: [VRFC 10-311] analyzing module gemm_tile_pej_7_6_s
INFO: [VRFC 10-2263] Analyzing Verilog file "/scratch/hc676/agentstudy/trials/z-ai_glm-5_3__hls/sim/gemm_tile_pej_7_7_Pipeline_VITIS_LOOP_102_2.v" into library work
INFO: [VRFC 10-311] analyzing module gemm_tile_pej_7_7_Pipeline_VITIS_LOOP_102_2
INFO: [VRFC 10-2263] Analyzing Verilog file "/scratch/hc676/agentstudy/trials/z-ai_glm-5_3__hls/sim/gemm_tile_pej_7_7_s.v" into library work
INFO: [VRFC 10-311] analyzing module gemm_tile_pej_7_7_s
INFO: [VRFC 10-2263] Analyzing Verilog file "/scratch/hc676/agentstudy/trials/z-ai_glm-5_3__hls/sim/gemm_tile_start_for_pe0_1_U0.v" into library work
INFO: [VRFC 10-311] analyzing module gemm_tile_start_for_pe0_1_U0
INFO: [VRFC 10-311] analyzing module gemm_tile_start_for_pe0_1_U0_ShiftReg
INFO: [VRFC 10-2263] Analyzing Verilog file "/scratch/hc676/agentstudy/trials/z-ai_glm-5_3__hls/sim/gemm_tile_start_for_pe0_2_U0.v" into library work
INFO: [VRFC 10-311] analyzing module gemm_tile_start_for_pe0_2_U0
INFO: [VRFC 10-311] analyzing module gemm_tile_start_for_pe0_2_U0_ShiftReg
INFO: [VRFC 10-2263] Analyzing Verilog file "/scratch/hc676/agentstudy/trials/z-ai_glm-5_3__hls/sim/gemm_tile_start_for_pe0_3_U0.v" into library work
INFO: [VRFC 10-311] analyzing module gemm_tile_start_for_pe0_3_U0
INFO: [VRFC 10-311] analyzing module gemm_tile_start_for_pe0_3_U0_ShiftReg
INFO: [VRFC 10-2263] Analyzing Verilog file "/scratch/hc676/agentstudy/trials/z-ai_glm-5_3__hls/sim/gemm_tile_start_for_pe0_4_U0.v" into library work
INFO: [VRFC 10-311] analyzing module gemm_tile_start_for_pe0_4_U0
INFO: [VRFC 10-311] analyzing module gemm_tile_start_for_pe0_4_U0_ShiftReg
INFO: [VRFC 10-2263] Analyzing Verilog file "/scratch/hc676/agentstudy/trials/z-ai_glm-5_3__hls/sim/gemm_tile_start_for_pe0_5_U0.v" into library work
INFO: [VRFC 10-311] analyzing module gemm_tile_start_for_pe0_5_U0
INFO: [VRFC 10-311] analyzing module gemm_tile_start_for_pe0_5_U0_ShiftReg
INFO: [VRFC 10-2263] Analyzing Verilog file "/scratch/hc676/agentstudy/trials/z-ai_glm-5_3__hls/sim/gemm_tile_start_for_pe0_6_U0.v" into library work
INFO: [VRFC 10-311] analyzing module gemm_tile_start_for_pe0_6_U0
INFO: [VRFC 10-311] analyzing module gemm_tile_start_for_pe0_6_U0_ShiftReg
INFO: [VRFC 10-2263] Analyzing Verilog file "/scratch/hc676/agentstudy/trials/z-ai_glm-5_3__hls/sim/gemm_tile_start_for_pe0_7_U0.v" into library work
INFO: [VRFC 10-311] analyzing module gemm_tile_start_for_pe0_7_U0
INFO: [VRFC 10-311] analyzing module gemm_tile_start_for_pe0_7_U0_ShiftReg
INFO: [VRFC 10-2263] Analyzing Verilog file "/scratch/hc676/agentstudy/trials/z-ai_glm-5_3__hls/sim/gemm_tile_start_for_pej_0_1_U0.v" into library work
INFO: [VRFC 10-311] analyzing module gemm_tile_start_for_pej_0_1_U0
INFO: [VRFC 10-311] analyzing module gemm_tile_start_for_pej_0_1_U0_ShiftReg
INFO: [VRFC 10-2263] Analyzing Verilog file "/scratch/hc676/agentstudy/trials/z-ai_glm-5_3__hls/sim/gemm_tile_start_for_pej_0_2_U0.v" into library work
INFO: [VRFC 10-311] analyzing module gemm_tile_start_for_pej_0_2_U0
INFO: [VRFC 10-311] analyzing module gemm_tile_start_for_pej_0_2_U0_ShiftReg
INFO: [VRFC 10-2263] Analyzing Verilog file "/scratch/hc676/agentstudy/trials/z-ai_glm-5_3__hls/sim/gemm_tile_start_for_pej_0_3_U0.v" into library work
INFO: [VRFC 10-311] analyzing module gemm_tile_start_for_pej_0_3_U0
INFO: [VRFC 10-311] analyzing module gemm_tile_start_for_pej_0_3_U0_ShiftReg
INFO: [VRFC 10-2263] Analyzing Verilog file "/scratch/hc676/agentstudy/trials/z-ai_glm-5_3__hls/sim/gemm_tile_start_for_pej_0_4_U0.v" into library work
INFO: [VRFC 10-311] analyzing module gemm_tile_start_for_pej_0_4_U0
INFO: [VRFC 10-311] analyzing module gemm_tile_start_for_pej_0_4_U0_ShiftReg
INFO: [VRFC 10-2263] Analyzing Verilog file "/scratch/hc676/agentstudy/trials/z-ai_glm-5_3__hls/sim/gemm_tile_start_for_pej_0_5_U0.v" into library work
INFO: [VRFC 10-311] analyzing module gemm_tile_start_for_pej_0_5_U0
INFO: [VRFC 10-311] analyzing module gemm_tile_start_for_pej_0_5_U0_ShiftReg
INFO: [VRFC 10-2263] Analyzing Verilog file "/scratch/hc676/agentstudy/trials/z-ai_glm-5_3__hls/sim/gemm_tile_start_for_pej_0_6_U0.v" into library work
INFO: [VRFC 10-311] analyzing module gemm_tile_start_for_pej_0_6_U0
INFO: [VRFC 10-311] analyzing module gemm_tile_start_for_pej_0_6_U0_ShiftReg
INFO: [VRFC 10-2263] Analyzing Verilog file "/scratch/hc676/agentstudy/trials/z-ai_glm-5_3__hls/sim/gemm_tile_start_for_pej_0_7_U0.v" into library work
INFO: [VRFC 10-311] analyzing module gemm_tile_start_for_pej_0_7_U0
INFO: [VRFC 10-311] analyzing module gemm_tile_start_for_pej_0_7_U0_ShiftReg
INFO: [VRFC 10-2263] Analyzing Verilog file "/scratch/hc676/agentstudy/trials/z-ai_glm-5_3__hls/sim/gemm_tile_start_for_pej_1_1_U0.v" into library work
INFO: [VRFC 10-311] analyzing module gemm_tile_start_for_pej_1_1_U0
INFO: [VRFC 10-311] analyzing module gemm_tile_start_for_pej_1_1_U0_ShiftReg
INFO: [VRFC 10-2263] Analyzing Verilog file "/scratch/hc676/agentstudy/trials/z-ai_glm-5_3__hls/sim/gemm_tile_start_for_pej_1_2_U0.v" into library work
INFO: [VRFC 10-311] analyzing module gemm_tile_start_for_pej_1_2_U0
INFO: [VRFC 10-311] analyzing module gemm_tile_start_for_pej_1_2_U0_ShiftReg
INFO: [VRFC 10-2263] Analyzing Verilog file "/scratch/hc676/agentstudy/trials/z-ai_glm-5_3__hls/sim/gemm_tile_start_for_pej_1_3_U0.v" into library work
INFO: [VRFC 10-311] analyzing module gemm_tile_start_for_pej_1_3_U0
INFO: [VRFC 10-311] analyzing module gemm_tile_start_for_pej_1_3_U0_ShiftReg
INFO: [VRFC 10-2263] Analyzing Verilog file "/scratch/hc676/agentstudy/trials/z-ai_glm-5_3__hls/sim/gemm_tile_start_for_pej_1_4_U0.v" into library work
INFO: [VRFC 10-311] analyzing module gemm_tile_start_for_pej_1_4_U0
INFO: [VRFC 10-311] analyzing module gemm_tile_start_for_pej_1_4_U0_ShiftReg
INFO: [VRFC 10-2263] Analyzing Verilog file "/scratch/hc676/agentstudy/trials/z-ai_glm-5_3__hls/sim/gemm_tile_start_for_pej_1_5_U0.v" into library work
INFO: [VRFC 10-311] analyzing module gemm_tile_start_for_pej_1_5_U0
INFO: [VRFC 10-311] analyzing module gemm_tile_start_for_pej_1_5_U0_ShiftReg
INFO: [VRFC 10-2263] Analyzing Verilog file "/scratch/hc676/agentstudy/trials/z-ai_glm-5_3__hls/sim/gemm_tile_start_for_pej_1_6_U0.v" into library work
INFO: [VRFC 10-311] analyzing module gemm_tile_start_for_pej_1_6_U0
INFO: [VRFC 10-311] analyzing module gemm_tile_start_for_pej_1_6_U0_ShiftReg
INFO: [VRFC 10-2263] Analyzing Verilog file "/scratch/hc676/agentstudy/trials/z-ai_glm-5_3__hls/sim/gemm_tile_start_for_pej_1_7_U0.v" into library work
INFO: [VRFC 10-311] analyzing module gemm_tile_start_for_pej_1_7_U0
INFO: [VRFC 10-311] analyzing module gemm_tile_start_for_pej_1_7_U0_ShiftReg
INFO: [VRFC 10-2263] Analyzing Verilog file "/scratch/hc676/agentstudy/trials/z-ai_glm-5_3__hls/sim/gemm_tile_start_for_pej_2_1_U0.v" into library work
INFO: [VRFC 10-311] analyzing module gemm_tile_start_for_pej_2_1_U0
INFO: [VRFC 10-311] analyzing module gemm_tile_start_for_pej_2_1_U0_ShiftReg
INFO: [VRFC 10-2263] Analyzing Verilog file "/scratch/hc676/agentstudy/trials/z-ai_glm-5_3__hls/sim/gemm_tile_start_for_pej_2_2_U0.v" into library work
INFO: [VRFC 10-311] analyzing module gemm_tile_start_for_pej_2_2_U0
INFO: [VRFC 10-311] analyzing module gemm_tile_start_for_pej_2_2_U0_ShiftReg
INFO: [VRFC 10-2263] Analyzing Verilog file "/scratch/hc676/agentstudy/trials/z-ai_glm-5_3__hls/sim/gemm_tile_start_for_pej_2_3_U0.v" into library work
INFO: [VRFC 10-311] analyzing module gemm_tile_start_for_pej_2_3_U0
INFO: [VRFC 10-311] analyzing module gemm_tile_start_for_pej_2_3_U0_ShiftReg
INFO: [VRFC 10-2263] Analyzing Verilog file "/scratch/hc676/agentstudy/trials/z-ai_glm-5_3__hls/sim/gemm_tile_start_for_pej_2_4_U0.v" into library work
INFO: [VRFC 10-311] analyzing module gemm_tile_start_for_pej_2_4_U0
INFO: [VRFC 10-311] analyzing module gemm_tile_start_for_pej_2_4_U0_ShiftReg
INFO: [VRFC 10-2263] Analyzing Verilog file "/scratch/hc676/agentstudy/trials/z-ai_glm-5_3__hls/sim/gemm_tile_start_for_pej_2_5_U0.v" into library work
INFO: [VRFC 10-311] analyzing module gemm_tile_start_for_pej_2_5_U0
INFO: [VRFC 10-311] analyzing module gemm_tile_start_for_pej_2_5_U0_ShiftReg
INFO: [VRFC 10-2263] Analyzing Verilog file "/scratch/hc676/agentstudy/trials/z-ai_glm-5_3__hls/sim/gemm_tile_start_for_pej_2_6_U0.v" into library work
INFO: [VRFC 10-311] analyzing module gemm_tile_start_for_pej_2_6_U0
INFO: [VRFC 10-311] analyzing module gemm_tile_start_for_pej_2_6_U0_ShiftReg
INFO: [VRFC 10-2263] Analyzing Verilog file "/scratch/hc676/agentstudy/trials/z-ai_glm-5_3__hls/sim/gemm_tile_start_for_pej_2_7_U0.v" into library work
INFO: [VRFC 10-311] analyzing module gemm_tile_start_for_pej_2_7_U0
INFO: [VRFC 10-311] analyzing module gemm_tile_start_for_pej_2_7_U0_ShiftReg
INFO: [VRFC 10-2263] Analyzing Verilog file "/scratch/hc676/agentstudy/trials/z-ai_glm-5_3__hls/sim/gemm_tile_start_for_pej_3_1_U0.v" into library work
INFO: [VRFC 10-311] analyzing module gemm_tile_start_for_pej_3_1_U0
INFO: [VRFC 10-311] analyzing module gemm_tile_start_for_pej_3_1_U0_ShiftReg
INFO: [VRFC 10-2263] Analyzing Verilog file "/scratch/hc676/agentstudy/trials/z-ai_glm-5_3__hls/sim/gemm_tile_start_for_pej_3_2_U0.v" into library work
INFO: [VRFC 10-311] analyzing module gemm_tile_start_for_pej_3_2_U0
INFO: [VRFC 10-311] analyzing module gemm_tile_start_for_pej_3_2_U0_ShiftReg
INFO: [VRFC 10-2263] Analyzing Verilog file "/scratch/hc676/agentstudy/trials/z-ai_glm-5_3__hls/sim/gemm_tile_start_for_pej_3_3_U0.v" into library work
INFO: [VRFC 10-311] analyzing module gemm_tile_start_for_pej_3_3_U0
INFO: [VRFC 10-311] analyzing module gemm_tile_start_for_pej_3_3_U0_ShiftReg
INFO: [VRFC 10-2263] Analyzing Verilog file "/scratch/hc676/agentstudy/trials/z-ai_glm-5_3__hls/sim/gemm_tile_start_for_pej_3_4_U0.v" into library work
INFO: [VRFC 10-311] analyzing module gemm_tile_start_for_pej_3_4_U0
INFO: [VRFC 10-311] analyzing module gemm_tile_start_for_pej_3_4_U0_ShiftReg
INFO: [VRFC 10-2263] Analyzing Verilog file "/scratch/hc676/agentstudy/trials/z-ai_glm-5_3__hls/sim/gemm_tile_start_for_pej_3_5_U0.v" into library work
INFO: [VRFC 10-311] analyzing module gemm_tile_start_for_pej_3_5_U0
INFO: [VRFC 10-311] analyzing module gemm_tile_start_for_pej_3_5_U0_ShiftReg
INFO: [VRFC 10-2263] Analyzing Verilog file "/scratch/hc676/agentstudy/trials/z-ai_glm-5_3__hls/sim/gemm_tile_start_for_pej_3_6_U0.v" into library work
INFO: [VRFC 10-311] analyzing module gemm_tile_start_for_pej_3_6_U0
INFO: [VRFC 10-311] analyzing module gemm_tile_start_for_pej_3_6_U0_ShiftReg
INFO: [VRFC 10-2263] Analyzing Verilog file "/scratch/hc676/agentstudy/trials/z-ai_glm-5_3__hls/sim/gemm_tile_start_for_pej_3_7_U0.v" into library work
INFO: [VRFC 10-311] analyzing module gemm_tile_start_for_pej_3_7_U0
INFO: [VRFC 10-311] analyzing module gemm_tile_start_for_pej_3_7_U0_ShiftReg
INFO: [VRFC 10-2263] Analyzing Verilog file "/scratch/hc676/agentstudy/trials/z-ai_glm-5_3__hls/sim/gemm_tile_start_for_pej_4_1_U0.v" into library work
INFO: [VRFC 10-311] analyzing module gemm_tile_start_for_pej_4_1_U0
INFO: [VRFC 10-311] analyzing module gemm_tile_start_for_pej_4_1_U0_ShiftReg
INFO: [VRFC 10-2263] Analyzing Verilog file "/scratch/hc676/agentstudy/trials/z-ai_glm-5_3__hls/sim/gemm_tile_start_for_pej_4_2_U0.v" into library work
INFO: [VRFC 10-311] analyzing module gemm_tile_start_for_pej_4_2_U0
INFO: [VRFC 10-311] analyzing module gemm_tile_start_for_pej_4_2_U0_ShiftReg
INFO: [VRFC 10-2263] Analyzing Verilog file "/scratch/hc676/agentstudy/trials/z-ai_glm-5_3__hls/sim/gemm_tile_start_for_pej_4_3_U0.v" into library work
INFO: [VRFC 10-311] analyzing module gemm_tile_start_for_pej_4_3_U0
INFO: [VRFC 10-311] analyzing module gemm_tile_start_for_pej_4_3_U0_ShiftReg
INFO: [VRFC 10-2263] Analyzing Verilog file "/scratch/hc676/agentstudy/trials/z-ai_glm-5_3__hls/sim/gemm_tile_start_for_pej_4_4_U0.v" into library work
INFO: [VRFC 10-311] analyzing module gemm_tile_start_for_pej_4_4_U0
INFO: [VRFC 10-311] analyzing module gemm_tile_start_for_pej_4_4_U0_ShiftReg
INFO: [VRFC 10-2263] Analyzing Verilog file "/scratch/hc676/agentstudy/trials/z-ai_glm-5_3__hls/sim/gemm_tile_start_for_pej_4_5_U0.v" into library work
INFO: [VRFC 10-311] analyzing module gemm_tile_start_for_pej_4_5_U0
INFO: [VRFC 10-311] analyzing module gemm_tile_start_for_pej_4_5_U0_ShiftReg
INFO: [VRFC 10-2263] Analyzing Verilog file "/scratch/hc676/agentstudy/trials/z-ai_glm-5_3__hls/sim/gemm_tile_start_for_pej_4_6_U0.v" into library work
INFO: [VRFC 10-311] analyzing module gemm_tile_start_for_pej_4_6_U0
INFO: [VRFC 10-311] analyzing module gemm_tile_start_for_pej_4_6_U0_ShiftReg
INFO: [VRFC 10-2263] Analyzing Verilog file "/scratch/hc676/agentstudy/trials/z-ai_glm-5_3__hls/sim/gemm_tile_start_for_pej_4_7_U0.v" into library work
INFO: [VRFC 10-311] analyzing module gemm_tile_start_for_pej_4_7_U0
INFO: [VRFC 10-311] analyzing module gemm_tile_start_for_pej_4_7_U0_ShiftReg
INFO: [VRFC 10-2263] Analyzing Verilog file "/scratch/hc676/agentstudy/trials/z-ai_glm-5_3__hls/sim/gemm_tile_start_for_pej_5_1_U0.v" into library work
INFO: [VRFC 10-311] analyzing module gemm_tile_start_for_pej_5_1_U0
INFO: [VRFC 10-311] analyzing module gemm_tile_start_for_pej_5_1_U0_ShiftReg
INFO: [VRFC 10-2263] Analyzing Verilog file "/scratch/hc676/agentstudy/trials/z-ai_glm-5_3__hls/sim/gemm_tile_start_for_pej_5_2_U0.v" into library work
INFO: [VRFC 10-311] analyzing module gemm_tile_start_for_pej_5_2_U0
INFO: [VRFC 10-311] analyzing module gemm_tile_start_for_pej_5_2_U0_ShiftReg
INFO: [VRFC 10-2263] Analyzing Verilog file "/scratch/hc676/agentstudy/trials/z-ai_glm-5_3__hls/sim/gemm_tile_start_for_pej_5_3_U0.v" into library work
INFO: [VRFC 10-311] analyzing module gemm_tile_start_for_pej_5_3_U0
INFO: [VRFC 10-311] analyzing module gemm_tile_start_for_pej_5_3_U0_ShiftReg
INFO: [VRFC 10-2263] Analyzing Verilog file "/scratch/hc676/agentstudy/trials/z-ai_glm-5_3__hls/sim/gemm_tile_start_for_pej_5_4_U0.v" into library work
INFO: [VRFC 10-311] analyzing module gemm_tile_start_for_pej_5_4_U0
INFO: [VRFC 10-311] analyzing module gemm_tile_start_for_pej_5_4_U0_ShiftReg
INFO: [VRFC 10-2263] Analyzing Verilog file "/scratch/hc676/agentstudy/trials/z-ai_glm-5_3__hls/sim/gemm_tile_start_for_pej_5_5_U0.v" into library work
INFO: [VRFC 10-311] analyzing module gemm_tile_start_for_pej_5_5_U0
INFO: [VRFC 10-311] analyzing module gemm_tile_start_for_pej_5_5_U0_ShiftReg
INFO: [VRFC 10-2263] Analyzing Verilog file "/scratch/hc676/agentstudy/trials/z-ai_glm-5_3__hls/sim/gemm_tile_start_for_pej_5_6_U0.v" into library work
INFO: [VRFC 10-311] analyzing module gemm_tile_start_for_pej_5_6_U0
INFO: [VRFC 10-311] analyzing module gemm_tile_start_for_pej_5_6_U0_ShiftReg
INFO: [VRFC 10-2263] Analyzing Verilog file "/scratch/hc676/agentstudy/trials/z-ai_glm-5_3__hls/sim/gemm_tile_start_for_pej_5_7_U0.v" into library work
INFO: [VRFC 10-311] analyzing module gemm_tile_start_for_pej_5_7_U0
INFO: [VRFC 10-311] analyzing module gemm_tile_start_for_pej_5_7_U0_ShiftReg
INFO: [VRFC 10-2263] Analyzing Verilog file "/scratch/hc676/agentstudy/trials/z-ai_glm-5_3__hls/sim/gemm_tile_start_for_pej_6_1_U0.v" into library work
INFO: [VRFC 10-311] analyzing module gemm_tile_start_for_pej_6_1_U0
INFO: [VRFC 10-311] analyzing module gemm_tile_start_for_pej_6_1_U0_ShiftReg
INFO: [VRFC 10-2263] Analyzing Verilog file "/scratch/hc676/agentstudy/trials/z-ai_glm-5_3__hls/sim/gemm_tile_start_for_pej_6_2_U0.v" into library work
INFO: [VRFC 10-311] analyzing module gemm_tile_start_for_pej_6_2_U0
INFO: [VRFC 10-311] analyzing module gemm_tile_start_for_pej_6_2_U0_ShiftReg
INFO: [VRFC 10-2263] Analyzing Verilog file "/scratch/hc676/agentstudy/trials/z-ai_glm-5_3__hls/sim/gemm_tile_start_for_pej_6_3_U0.v" into library work
INFO: [VRFC 10-311] analyzing module gemm_tile_start_for_pej_6_3_U0
INFO: [VRFC 10-311] analyzing module gemm_tile_start_for_pej_6_3_U0_ShiftReg
INFO: [VRFC 10-2263] Analyzing Verilog file "/scratch/hc676/agentstudy/trials/z-ai_glm-5_3__hls/sim/gemm_tile_start_for_pej_6_4_U0.v" into library work
INFO: [VRFC 10-311] analyzing module gemm_tile_start_for_pej_6_4_U0
INFO: [VRFC 10-311] analyzing module gemm_tile_start_for_pej_6_4_U0_ShiftReg
INFO: [VRFC 10-2263] Analyzing Verilog file "/scratch/hc676/agentstudy/trials/z-ai_glm-5_3__hls/sim/gemm_tile_start_for_pej_6_5_U0.v" into library work
INFO: [VRFC 10-311] analyzing module gemm_tile_start_for_pej_6_5_U0
INFO: [VRFC 10-311] analyzing module gemm_tile_start_for_pej_6_5_U0_ShiftReg
INFO: [VRFC 10-2263] Analyzing Verilog file "/scratch/hc676/agentstudy/trials/z-ai_glm-5_3__hls/sim/gemm_tile_start_for_pej_6_6_U0.v" into library work
INFO: [VRFC 10-311] analyzing module gemm_tile_start_for_pej_6_6_U0
INFO: [VRFC 10-311] analyzing module gemm_tile_start_for_pej_6_6_U0_ShiftReg
INFO: [VRFC 10-2263] Analyzing Verilog file "/scratch/hc676/agentstudy/trials/z-ai_glm-5_3__hls/sim/gemm_tile_start_for_pej_6_7_U0.v" into library work
INFO: [VRFC 10-311] analyzing module gemm_tile_start_for_pej_6_7_U0
INFO: [VRFC 10-311] analyzing module gemm_tile_start_for_pej_6_7_U0_ShiftReg
INFO: [VRFC 10-2263] Analyzing Verilog file "/scratch/hc676/agentstudy/trials/z-ai_glm-5_3__hls/sim/gemm_tile_start_for_pej_7_1_U0.v" into library work
INFO: [VRFC 10-311] analyzing module gemm_tile_start_for_pej_7_1_U0
INFO: [VRFC 10-311] analyzing module gemm_tile_start_for_pej_7_1_U0_ShiftReg
INFO: [VRFC 10-2263] Analyzing Verilog file "/scratch/hc676/agentstudy/trials/z-ai_glm-5_3__hls/sim/gemm_tile_start_for_pej_7_2_U0.v" into library work
INFO: [VRFC 10-311] analyzing module gemm_tile_start_for_pej_7_2_U0
INFO: [VRFC 10-311] analyzing module gemm_tile_start_for_pej_7_2_U0_ShiftReg
INFO: [VRFC 10-2263] Analyzing Verilog file "/scratch/hc676/agentstudy/trials/z-ai_glm-5_3__hls/sim/gemm_tile_start_for_pej_7_3_U0.v" into library work
INFO: [VRFC 10-311] analyzing module gemm_tile_start_for_pej_7_3_U0
INFO: [VRFC 10-311] analyzing module gemm_tile_start_for_pej_7_3_U0_ShiftReg
INFO: [VRFC 10-2263] Analyzing Verilog file "/scratch/hc676/agentstudy/trials/z-ai_glm-5_3__hls/sim/gemm_tile_start_for_pej_7_4_U0.v" into library work
INFO: [VRFC 10-311] analyzing module gemm_tile_start_for_pej_7_4_U0
INFO: [VRFC 10-311] analyzing module gemm_tile_start_for_pej_7_4_U0_ShiftReg
INFO: [VRFC 10-2263] Analyzing Verilog file "/scratch/hc676/agentstudy/trials/z-ai_glm-5_3__hls/sim/gemm_tile_start_for_pej_7_5_U0.v" into library work
INFO: [VRFC 10-311] analyzing module gemm_tile_start_for_pej_7_5_U0
INFO: [VRFC 10-311] analyzing module gemm_tile_start_for_pej_7_5_U0_ShiftReg
INFO: [VRFC 10-2263] Analyzing Verilog file "/scratch/hc676/agentstudy/trials/z-ai_glm-5_3__hls/sim/gemm_tile_start_for_pej_7_6_U0.v" into library work
INFO: [VRFC 10-311] analyzing module gemm_tile_start_for_pej_7_6_U0
INFO: [VRFC 10-311] analyzing module gemm_tile_start_for_pej_7_6_U0_ShiftReg
INFO: [VRFC 10-2263] Analyzing Verilog file "/scratch/hc676/agentstudy/trials/z-ai_glm-5_3__hls/sim/gemm_tile_start_for_pej_7_7_U0.v" into library work
INFO: [VRFC 10-311] analyzing module gemm_tile_start_for_pej_7_7_U0
INFO: [VRFC 10-311] analyzing module gemm_tile_start_for_pej_7_7_U0_ShiftReg
