

================================================================
== Vitis HLS Report for 'lanesw_k1792n32_r0_0'
================================================================
* Date:           Tue Sep 29 02:42:48 2026

* Version:        2023.2 (Build 4023990 on Oct 11 2023)
* Project:        prj
* Solution:       sol (Vivado IP Flow Target)
* Product family: virtexuplusHBM
* Target device:  xcu280-fsvh2892-2L-e


================================================================
== Performance Estimates
================================================================
+ Timing: 
    * Summary: 
    +--------+---------+----------+------------+
    |  Clock |  Target | Estimated| Uncertainty|
    +--------+---------+----------+------------+
    |ap_clk  |  3.33 ns|  2.374 ns|     0.90 ns|
    +--------+---------+----------+------------+

+ Latency: 
    * Summary: 
    +---------+---------+-----------+-----------+---------+---------+---------+
    |  Latency (cycles) |   Latency (absolute)  |      Interval     | Pipeline|
    |   min   |   max   |    min    |    max    |   min   |   max   |   Type  |
    +---------+---------+-----------+-----------+---------+---------+---------+
    |  3670034|  3670034|  12.221 ms|  12.221 ms|  3670035|  3670035|       no|
    +---------+---------+-----------+-----------+---------+---------+---------+

    + Detail: 
        * Instance: 
        +---------------------------------------------------------+-----------------------------------------------+---------+---------+-----------+-----------+---------+---------+---------+
        |                                                         |                                               |  Latency (cycles) |   Latency (absolute)  |      Interval     | Pipeline|
        |                         Instance                        |                     Module                    |   min   |   max   |    min    |    max    |   min   |   max   |   Type  |
        +---------------------------------------------------------+-----------------------------------------------+---------+---------+-----------+-----------+---------+---------+---------+
        |grp_lanesw_k1792n32_r0_0_Pipeline_VITIS_LOOP_21_1_fu_48  |lanesw_k1792n32_r0_0_Pipeline_VITIS_LOOP_21_1  |        4|        4|  13.320 ns|  13.320 ns|        4|        4|       no|
        |grp_lanesw_k1792n32_r0_0_Pipeline_l_S_s_0_s_fu_55        |lanesw_k1792n32_r0_0_Pipeline_l_S_s_0_s        |  3670026|  3670026|  12.221 ms|  12.221 ms|  3670026|  3670026|       no|
        +---------------------------------------------------------+-----------------------------------------------+---------+---------+-----------+-----------+---------+---------+---------+

        * Loop: 
        N/A



================================================================
== Utilization Estimates
================================================================
* Summary: 
+---------------------+---------+------+---------+---------+-----+
|         Name        | BRAM_18K|  DSP |    FF   |   LUT   | URAM|
+---------------------+---------+------+---------+---------+-----+
|DSP                  |        -|     -|        -|        -|    -|
|Expression           |        -|     -|        -|        -|    -|
|FIFO                 |        -|     -|        -|        -|    -|
|Instance             |        -|     0|     4747|     3253|    -|
|Memory               |        -|     -|        -|        -|    -|
|Multiplexer          |        -|     -|        -|       58|    -|
|Register             |        -|     -|       81|        -|    -|
+---------------------+---------+------+---------+---------+-----+
|Total                |        0|     0|     4828|     3311|    0|
+---------------------+---------+------+---------+---------+-----+
|Available SLR        |     1344|  3008|   869120|   434560|  320|
+---------------------+---------+------+---------+---------+-----+
|Utilization SLR (%)  |        0|     0|       ~0|       ~0|    0|
+---------------------+---------+------+---------+---------+-----+
|Available            |     4032|  9024|  2607360|  1303680|  960|
+---------------------+---------+------+---------+---------+-----+
|Utilization (%)      |        0|     0|       ~0|       ~0|    0|
+---------------------+---------+------+---------+---------+-----+

+ Detail: 
    * Instance: 
    +---------------------------------------------------------+-----------------------------------------------+---------+----+------+------+-----+
    |                         Instance                        |                     Module                    | BRAM_18K| DSP|  FF  |  LUT | URAM|
    +---------------------------------------------------------+-----------------------------------------------+---------+----+------+------+-----+
    |grp_lanesw_k1792n32_r0_0_Pipeline_VITIS_LOOP_21_1_fu_48  |lanesw_k1792n32_r0_0_Pipeline_VITIS_LOOP_21_1  |        0|   0|    68|   292|    0|
    |grp_lanesw_k1792n32_r0_0_Pipeline_l_S_s_0_s_fu_55        |lanesw_k1792n32_r0_0_Pipeline_l_S_s_0_s        |        0|   0|  4679|  2961|    0|
    +---------------------------------------------------------+-----------------------------------------------+---------+----+------+------+-----+
    |Total                                                    |                                               |        0|   0|  4747|  3253|    0|
    +---------------------------------------------------------+-----------------------------------------------+---------+----+------+------+-----+

    * DSP: 
    N/A

    * Memory: 
    N/A

    * FIFO: 
    N/A

    * Expression: 
    N/A

    * Multiplexer: 
    +-----------+----+-----------+-----+-----------+
    |    Name   | LUT| Input Size| Bits| Total Bits|
    +-----------+----+-----------+-----+-----------+
    |ap_NS_fsm  |  31|          6|    1|          6|
    |v0_blk_n   |   9|          2|    1|          2|
    |v1_write   |   9|          2|    1|          2|
    |v2_read    |   9|          2|    1|          2|
    +-----------+----+-----------+-----+-----------+
    |Total      |  58|         12|    4|         12|
    +-----------+----+-----------+-----+-----------+

    * Register: 
    +----------------------------------------------------------------------+----+----+-----+-----------+
    |                                 Name                                 | FF | LUT| Bits| Const Bits|
    +----------------------------------------------------------------------+----+----+-----+-----------+
    |ap_CS_fsm                                                             |   5|   0|    5|          0|
    |grp_lanesw_k1792n32_r0_0_Pipeline_VITIS_LOOP_21_1_fu_48_ap_start_reg  |   1|   0|    1|          0|
    |grp_lanesw_k1792n32_r0_0_Pipeline_l_S_s_0_s_fu_55_ap_start_reg        |   1|   0|    1|          0|
    |v0_read_reg_85                                                        |  64|   0|   64|          0|
    |v4_loc_fu_34                                                          |   5|   0|    5|          0|
    |v7_loc_fu_38                                                          |   5|   0|    5|          0|
    +----------------------------------------------------------------------+----+----+-----+-----------+
    |Total                                                                 |  81|   0|   81|          0|
    +----------------------------------------------------------------------+----+----+-----+-----------+



================================================================
== Interface
================================================================
* Summary: 
+------------+-----+-----+--------------+----------------------+--------------+
|  RTL Ports | Dir | Bits|   Protocol   |     Source Object    |    C Type    |
+------------+-----+-----+--------------+----------------------+--------------+
|ap_clk      |   in|    1|  ap_ctrl_none|  lanesw_k1792n32_r0_0|  return value|
|ap_rst      |   in|    1|  ap_ctrl_none|  lanesw_k1792n32_r0_0|  return value|
|v0_dout     |   in|   64|       ap_fifo|                    v0|       pointer|
|v0_empty_n  |   in|    1|       ap_fifo|                    v0|       pointer|
|v0_read     |  out|    1|       ap_fifo|                    v0|       pointer|
|v1_din      |  out|   32|       ap_fifo|                    v1|       pointer|
|v1_full_n   |   in|    1|       ap_fifo|                    v1|       pointer|
|v1_write    |  out|    1|       ap_fifo|                    v1|       pointer|
|v2_dout     |   in|   32|       ap_fifo|                    v2|       pointer|
|v2_empty_n  |   in|    1|       ap_fifo|                    v2|       pointer|
|v2_read     |  out|    1|       ap_fifo|                    v2|       pointer|
+------------+-----+-----+--------------+----------------------+--------------+

