Copyright 1986-2022 Xilinx, Inc. All Rights Reserved. Copyright 2022-2023 Advanced Micro Devices, Inc. All Rights Reserved.
--------------------------------------------------------------------------------------------------------------------------------------------------
| Tool Version      : Vivado v.2023.2 (lin64) Build 4029153 Fri Oct 13 20:13:54 MDT 2023
| Date              : Thu Oct  1 17:27:54 2026
| Host              : brg-zhang-xcel.ece.cornell.edu running 64-bit Red Hat Enterprise Linux 9.8 (Plow)
| Command           : report_timing_summary -file timing.rpt
| Design            : Core
| Device            : xcu280-fsvh2892
| Speed File        : -2L  PRODUCTION 1.30 05-01-2022
| Design State      : Physopt postRoute
| Temperature Grade : E
--------------------------------------------------------------------------------------------------------------------------------------------------

Timing Summary Report

------------------------------------------------------------------------------------------------
| Timer Settings
| --------------
------------------------------------------------------------------------------------------------

  Enable Multi Corner Analysis               :  Yes
  Enable Pessimism Removal                   :  Yes
  Pessimism Removal Resolution               :  Nearest Common Node
  Enable Input Delay Default Clock           :  No
  Enable Preset / Clear Arcs                 :  No
  Disable Flight Delays                      :  No
  Ignore I/O Paths                           :  No
  Timing Early Launch at Borrowing Latches   :  No
  Borrow Time for Max Delay Exceptions       :  Yes
  Merge Timing Exceptions                    :  Yes
  Inter-SLR Compensation                     :  Conservative

  Corner  Analyze    Analyze    
  Name    Max Paths  Min Paths  
  ------  ---------  ---------  
  Slow    Yes        Yes        
  Fast    Yes        Yes        


------------------------------------------------------------------------------------------------
| Report Methodology
| ------------------
------------------------------------------------------------------------------------------------

No report available as report_methodology has not been run prior. Run report_methodology on the current design for the summary of methodology violations.



check_timing report

Table of Contents
-----------------
1. checking no_clock (0)
2. checking constant_clock (0)
3. checking pulse_width_clock (0)
4. checking unconstrained_internal_endpoints (0)
5. checking no_input_delay (837)
6. checking no_output_delay (638)
7. checking multiple_clock (0)
8. checking generated_clocks (0)
9. checking loops (0)
10. checking partial_input_delay (0)
11. checking partial_output_delay (0)
12. checking latch_loops (0)

1. checking no_clock (0)
------------------------
 There are 0 register/latch pins with no clock.


2. checking constant_clock (0)
------------------------------
 There are 0 register/latch pins with constant_clock.


3. checking pulse_width_clock (0)
---------------------------------
 There are 0 register/latch pins which need pulse_width check


4. checking unconstrained_internal_endpoints (0)
------------------------------------------------
 There are 0 pins that are not constrained for maximum delay.

 There are 0 pins that are not constrained for maximum delay due to constant clock.


5. checking no_input_delay (837)
--------------------------------
 There are 837 input ports with no input delay specified. (HIGH)

 There are 0 input ports with no input delay but user has a false path constraint.


6. checking no_output_delay (638)
---------------------------------
 There are 638 ports with no output delay specified. (HIGH)

 There are 0 ports with no output delay but user has a false path constraint

 There are 0 ports with no output delay but with a timing clock defined on it or propagating through it


7. checking multiple_clock (0)
------------------------------
 There are 0 register/latch pins with multiple clocks.


8. checking generated_clocks (0)
--------------------------------
 There are 0 generated clocks that are not connected to a clock source.


9. checking loops (0)
---------------------
 There are 0 combinational loops in the design.


10. checking partial_input_delay (0)
------------------------------------
 There are 0 input ports with partial input delay specified.


11. checking partial_output_delay (0)
-------------------------------------
 There are 0 ports with partial output delay specified.


12. checking latch_loops (0)
----------------------------
 There are 0 combinational latch loops in the design through latch input



------------------------------------------------------------------------------------------------
| Design Timing Summary
| ---------------------
------------------------------------------------------------------------------------------------

    WNS(ns)      TNS(ns)  TNS Failing Endpoints  TNS Total Endpoints      WHS(ns)      THS(ns)  THS Failing Endpoints  THS Total Endpoints     WPWS(ns)     TPWS(ns)  TPWS Failing Endpoints  TPWS Total Endpoints  
    -------      -------  ---------------------  -------------------      -------      -------  ---------------------  -------------------     --------     --------  ----------------------  --------------------  
     -0.539     -237.807                    943                26050        0.017        0.000                      0                26050        1.450        0.000                       0                  5992  


Timing constraints are not met.


------------------------------------------------------------------------------------------------
| Clock Summary
| -------------
------------------------------------------------------------------------------------------------

Clock  Waveform(ns)         Period(ns)      Frequency(MHz)
-----  ------------         ----------      --------------
clk    {0.000 2.150}        4.300           232.558         


------------------------------------------------------------------------------------------------
| Intra Clock Table
| -----------------
------------------------------------------------------------------------------------------------

Clock             WNS(ns)      TNS(ns)  TNS Failing Endpoints  TNS Total Endpoints      WHS(ns)      THS(ns)  THS Failing Endpoints  THS Total Endpoints     WPWS(ns)     TPWS(ns)  TPWS Failing Endpoints  TPWS Total Endpoints  
-----             -------      -------  ---------------------  -------------------      -------      -------  ---------------------  -------------------     --------     --------  ----------------------  --------------------  
clk                -0.539     -237.807                    943                26050        0.017        0.000                      0                26050        1.450        0.000                       0                  5992  


------------------------------------------------------------------------------------------------
| Inter Clock Table
| -----------------
------------------------------------------------------------------------------------------------

From Clock    To Clock          WNS(ns)      TNS(ns)  TNS Failing Endpoints  TNS Total Endpoints      WHS(ns)      THS(ns)  THS Failing Endpoints  THS Total Endpoints  
----------    --------          -------      -------  ---------------------  -------------------      -------      -------  ---------------------  -------------------  


------------------------------------------------------------------------------------------------
| Other Path Groups Table
| -----------------------
------------------------------------------------------------------------------------------------

Path Group    From Clock    To Clock          WNS(ns)      TNS(ns)  TNS Failing Endpoints  TNS Total Endpoints      WHS(ns)      THS(ns)  THS Failing Endpoints  THS Total Endpoints  
----------    ----------    --------          -------      -------  ---------------------  -------------------      -------      -------  ---------------------  -------------------  


------------------------------------------------------------------------------------------------
| Timing Details
| --------------
------------------------------------------------------------------------------------------------


---------------------------------------------------------------------------------------------------
From Clock:  clk
  To Clock:  clk

Setup :          943  Failing Endpoints,  Worst Slack       -0.539ns,  Total Violation     -237.807ns
Hold  :            0  Failing Endpoints,  Worst Slack        0.017ns,  Total Violation        0.000ns
PW    :            0  Failing Endpoints,  Worst Slack        1.450ns,  Total Violation        0.000ns
---------------------------------------------------------------------------------------------------


Max Delay Paths
--------------------------------------------------------------------------------------
Slack (VIOLATED) :        -0.539ns  (required time - arrival time)
  Source:                 load/inst_q/deq_ptr_value_reg[2]_replica/C
                            (rising edge-triggered cell FDRE clocked by clk  {rise@0.000ns fall@2.150ns period=4.300ns})
  Destination:            load/tensorLoad_0/tensorLoad/vmeCmd/cmdGen/rdCmdStartIdx_reg[4]/CE
                            (rising edge-triggered cell FDRE clocked by clk  {rise@0.000ns fall@2.150ns period=4.300ns})
  Path Group:             clk
  Path Type:              Setup (Max at Slow Process Corner)
  Requirement:            4.300ns  (clk rise@4.300ns - clk rise@0.000ns)
  Data Path Delay:        4.734ns  (logic 1.991ns (42.061%)  route 2.743ns (57.939%))
  Logic Levels:           18  (CARRY8=6 LUT1=1 LUT2=1 LUT3=1 LUT4=3 LUT5=3 LUT6=2 RAMD64E=1)
  Clock Path Skew:        -0.010ns (DCD - SCD + CPR)
    Destination Clock Delay (DCD):    0.020ns = ( 4.320 - 4.300 ) 
    Source Clock Delay      (SCD):    0.030ns
    Clock Pessimism Removal (CPR):    0.000ns
  Clock Uncertainty:      0.035ns  ((TSJ^2 + TIJ^2)^1/2 + DJ) / 2 + PE
    Total System Jitter     (TSJ):    0.071ns
    Total Input Jitter      (TIJ):    0.000ns
    Discrete Jitter          (DJ):    0.000ns
    Phase Error              (PE):    0.000ns

    Location             Delay type                Incr(ns)  Path(ns)    Netlist Resource(s)
  -------------------------------------------------------------------    -------------------
                         (clock clk rise edge)        0.000     0.000 r  
                                                      0.000     0.000 r  clock (IN)
                         net (fo=5991, unset)         0.030     0.030    load/inst_q/clock
    SLICE_X161Y377       FDRE                                         r  load/inst_q/deq_ptr_value_reg[2]_replica/C
  -------------------------------------------------------------------    -------------------
    SLICE_X161Y377       FDRE (Prop_BFF_SLICEM_C_Q)
                                                      0.078     0.108 r  load/inst_q/deq_ptr_value_reg[2]_replica/Q
                         net (fo=189, routed)         0.257     0.365    load/inst_q/ram_reg_384_447_77_83/ADDRD2
    SLICE_X161Y377       RAMD64E (Prop_D6LUT_SLICEM_RADR2_O)
                                                      0.099     0.464 r  load/inst_q/ram_reg_384_447_77_83/RAMD/O
                         net (fo=1, routed)           0.161     0.625    load/inst_q/ram_reg_384_447_77_83_n_3
    SLICE_X159Y375       LUT6 (Prop_B6LUT_SLICEL_I1_O)
                                                      0.148     0.773 r  load/inst_q/io_vme_rd_2_cmd_bits_tag[1]_INST_0_i_8/O
                         net (fo=4, routed)           0.137     0.909    load/inst_q/io_vme_rd_2_cmd_bits_tag[1]_INST_0_i_8_n_0
    SLICE_X159Y375       LUT3 (Prop_D6LUT_SLICEL_I0_O)
                                                      0.089     0.998 r  load/inst_q/io_vme_rd_2_cmd_bits_tag[1]_INST_0_i_2/O
                         net (fo=14, routed)          0.122     1.120    load/inst_q/deq_ptr_value_reg[8]_rep_0[28]
    SLICE_X159Y377       LUT2 (Prop_B6LUT_SLICEL_I0_O)
                                                      0.148     1.268 r  load/inst_q/clRemained_carry_i_24/O
                         net (fo=1, routed)           0.009     1.277    load/inst_q/clRemained_carry_i_24_n_0
    SLICE_X159Y377       CARRY8 (Prop_CARRY8_SLICEL_S[1]_O[4])
                                                      0.200     1.477 r  load/inst_q/clRemained_carry_i_8/O[4]
                         net (fo=11, routed)          0.238     1.716    load/tensorLoad_0/tensorLoad/vmeCmd/cmdGen/clRemained_carry__0_0[1]
    SLICE_X159Y380       LUT4 (Prop_C6LUT_SLICEL_I3_O)
                                                      0.123     1.839 r  load/tensorLoad_0/tensorLoad/vmeCmd/cmdGen/clRemained_carry_i_14/O
                         net (fo=1, routed)           0.010     1.849    load/tensorLoad_0/tensorLoad/vmeCmd/cmdGen/clRemained_carry_i_14_n_0
    SLICE_X159Y380       CARRY8 (Prop_CARRY8_SLICEL_S[2]_CO[7])
                                                      0.155     2.004 r  load/tensorLoad_0/tensorLoad/vmeCmd/cmdGen/clRemained_carry/CO[7]
                         net (fo=1, routed)           0.026     2.030    load/tensorLoad_0/tensorLoad/vmeCmd/cmdGen/clRemained_carry_n_0
    SLICE_X159Y381       CARRY8 (Prop_CARRY8_SLICEL_CI_O[6])
                                                      0.103     2.133 f  load/tensorLoad_0/tensorLoad/vmeCmd/cmdGen/clRemained_carry__0/O[6]
                         net (fo=2, routed)           0.342     2.475    load/tensorLoad_0/tensorLoad/vmeCmd/cmdGen/clRemained_carry__0_n_9
    SLICE_X161Y387       LUT1 (Prop_H6LUT_SLICEM_I0_O)
                                                      0.053     2.528 r  load/tensorLoad_0/tensorLoad/vmeCmd/cmdGen/_GEN_161_carry_i_6/O
                         net (fo=1, routed)           0.015     2.543    load/tensorLoad_0/tensorLoad/vmeCmd/cmdGen/_GEN_161_carry_i_6_n_0
    SLICE_X161Y387       CARRY8 (Prop_CARRY8_SLICEM_S[7]_CO[7])
                                                      0.124     2.667 r  load/tensorLoad_0/tensorLoad/vmeCmd/cmdGen/_GEN_161_carry/CO[7]
                         net (fo=15, routed)          0.333     3.000    load/tensorLoad_0/tensorLoad/vmeCmd/cmdGen/_GEN_161
    SLICE_X160Y384       LUT5 (Prop_H6LUT_SLICEL_I0_O)
                                                      0.090     3.090 r  load/tensorLoad_0/tensorLoad/vmeCmd/cmdGen/io_vme_rd_2_cmd_bits_len[7]_INST_0_i_3/O
                         net (fo=12, routed)          0.179     3.269    load/tensorLoad_0/tensorLoad/vmeCmd/cmdGen/rdLineElemBeginAddr_reg[10]_0
    SLICE_X159Y382       LUT4 (Prop_H6LUT_SLICEL_I2_O)
                                                      0.124     3.393 r  load/tensorLoad_0/tensorLoad/vmeCmd/cmdGen/_T_28_carry_i_8/O
                         net (fo=1, routed)           0.010     3.403    load/tensorLoad_0/tensorLoad/vmeCmd/cmdGen/_T_28_carry_i_8_n_0
    SLICE_X159Y382       CARRY8 (Prop_CARRY8_SLICEL_S[7]_CO[7])
                                                      0.115     3.518 r  load/tensorLoad_0/tensorLoad/vmeCmd/cmdGen/_T_28_carry/CO[7]
                         net (fo=1, routed)           0.026     3.544    load/tensorLoad_0/tensorLoad/vmeCmd/cmdGen/_T_28_carry_n_0
    SLICE_X159Y383       CARRY8 (Prop_CARRY8_SLICEL_CI_O[3])
                                                      0.082     3.626 r  load/tensorLoad_0/tensorLoad/vmeCmd/cmdGen/_T_28_carry__0/O[3]
                         net (fo=1, routed)           0.199     3.825    load/inst_q/io_vme_rd_2_cmd_bits_tag[1]_INST_0_i_1[2]
    SLICE_X155Y383       LUT6 (Prop_C6LUT_SLICEL_I3_O)
                                                      0.088     3.913 f  load/inst_q/io_vme_rd_2_cmd_bits_tag[1]_INST_0_i_6/O
                         net (fo=1, routed)           0.091     4.004    load/tensorLoad_0/tensorLoad/vmeCmd/cmdGen/io_vme_rd_2_cmd_bits_tag_1_sn_1
    SLICE_X156Y383       LUT5 (Prop_C6LUT_SLICEM_I3_O)
                                                      0.098     4.102 f  load/tensorLoad_0/tensorLoad/vmeCmd/cmdGen/io_vme_rd_2_cmd_bits_tag[1]_INST_0_i_1/O
                         net (fo=5, routed)           0.100     4.203    load/inst_q/rdLineElemBeginAddr_reg[0]_2
    SLICE_X156Y380       LUT5 (Prop_G6LUT_SLICEM_I1_O)
                                                      0.037     4.240 r  load/inst_q/dramLineIdx[15]_i_1/O
                         net (fo=18, routed)          0.171     4.411    load/inst_q/commandsDone_reg_0[0]
    SLICE_X156Y374       LUT4 (Prop_E6LUT_SLICEM_I2_O)
                                                      0.037     4.448 r  load/inst_q/rdCmdStartIdx[10]_i_1/O
                         net (fo=11, routed)          0.316     4.764    load/tensorLoad_0/tensorLoad/vmeCmd/cmdGen/rdCmdStartIdx_reg[0]_0[0]
    SLICE_X159Y368       FDRE                                         r  load/tensorLoad_0/tensorLoad/vmeCmd/cmdGen/rdCmdStartIdx_reg[4]/CE
  -------------------------------------------------------------------    -------------------

                         (clock clk rise edge)        4.300     4.300 r  
                                                      0.000     4.300 r  clock (IN)
                         net (fo=5991, unset)         0.020     4.320    load/tensorLoad_0/tensorLoad/vmeCmd/cmdGen/clock
    SLICE_X159Y368       FDRE                                         r  load/tensorLoad_0/tensorLoad/vmeCmd/cmdGen/rdCmdStartIdx_reg[4]/C
                         clock pessimism              0.000     4.320    
                         clock uncertainty           -0.035     4.285    
    SLICE_X159Y368       FDRE (Setup_EFF_SLICEL_C_CE)
                                                     -0.060     4.225    load/tensorLoad_0/tensorLoad/vmeCmd/cmdGen/rdCmdStartIdx_reg[4]
  -------------------------------------------------------------------
                         required time                          4.225    
                         arrival time                          -4.764    
  -------------------------------------------------------------------
                         slack                                 -0.539    





Min Delay Paths
--------------------------------------------------------------------------------------
