Copyright 1986-2022 Xilinx, Inc. All Rights Reserved. Copyright 2022-2023 Advanced Micro Devices, Inc. All Rights Reserved.
--------------------------------------------------------------------------------------------------------------------------------------------------
| Tool Version      : Vivado v.2023.2 (lin64) Build 4029153 Fri Oct 13 20:13:54 MDT 2023
| Date              : Sun Sep  6 21:44:48 2026
| Host              : brg-zhang-xcel.ece.cornell.edu running 64-bit Red Hat Enterprise Linux 9.8 (Plow)
| Command           : report_timing_summary -file /scratch/hc676/e2_hpfft/n1024/UF1/pnr/timing.rpt
| Design            : FFT_TOP
| Device            : xcu280-fsvh2892
| Speed File        : -2L  PRODUCTION 1.30 05-01-2022
| Design State      : Routed
| Temperature Grade : E
--------------------------------------------------------------------------------------------------------------------------------------------------

Timing Summary Report

------------------------------------------------------------------------------------------------
| Timer Settings
| --------------
------------------------------------------------------------------------------------------------

  Enable Multi Corner Analysis               :  Yes
  Enable Pessimism Removal                   :  Yes
  Pessimism Removal Resolution               :  Nearest Common Node
  Enable Input Delay Default Clock           :  No
  Enable Preset / Clear Arcs                 :  No
  Disable Flight Delays                      :  No
  Ignore I/O Paths                           :  No
  Timing Early Launch at Borrowing Latches   :  No
  Borrow Time for Max Delay Exceptions       :  Yes
  Merge Timing Exceptions                    :  Yes
  Inter-SLR Compensation                     :  Conservative

  Corner  Analyze    Analyze    
  Name    Max Paths  Min Paths  
  ------  ---------  ---------  
  Slow    Yes        Yes        
  Fast    Yes        Yes        


------------------------------------------------------------------------------------------------
| Report Methodology
| ------------------
------------------------------------------------------------------------------------------------

No report available as report_methodology has not been run prior. Run report_methodology on the current design for the summary of methodology violations.



check_timing report

Table of Contents
-----------------
1. checking no_clock (0)
2. checking constant_clock (0)
3. checking pulse_width_clock (0)
4. checking unconstrained_internal_endpoints (0)
5. checking no_input_delay (132)
6. checking no_output_delay (133)
7. checking multiple_clock (0)
8. checking generated_clocks (0)
9. checking loops (0)
10. checking partial_input_delay (0)
11. checking partial_output_delay (0)
12. checking latch_loops (0)

1. checking no_clock (0)
------------------------
 There are 0 register/latch pins with no clock.


2. checking constant_clock (0)
------------------------------
 There are 0 register/latch pins with constant_clock.


3. checking pulse_width_clock (0)
---------------------------------
 There are 0 register/latch pins which need pulse_width check


4. checking unconstrained_internal_endpoints (0)
------------------------------------------------
 There are 0 pins that are not constrained for maximum delay.

 There are 0 pins that are not constrained for maximum delay due to constant clock.


5. checking no_input_delay (132)
--------------------------------
 There are 132 input ports with no input delay specified. (HIGH)

 There are 0 input ports with no input delay but user has a false path constraint.


6. checking no_output_delay (133)
---------------------------------
 There are 133 ports with no output delay specified. (HIGH)

 There are 0 ports with no output delay but user has a false path constraint

 There are 0 ports with no output delay but with a timing clock defined on it or propagating through it


7. checking multiple_clock (0)
------------------------------
 There are 0 register/latch pins with multiple clocks.


8. checking generated_clocks (0)
--------------------------------
 There are 0 generated clocks that are not connected to a clock source.


9. checking loops (0)
---------------------
 There are 0 combinational loops in the design.


10. checking partial_input_delay (0)
------------------------------------
 There are 0 input ports with partial input delay specified.


11. checking partial_output_delay (0)
-------------------------------------
 There are 0 ports with partial output delay specified.


12. checking latch_loops (0)
----------------------------
 There are 0 combinational latch loops in the design through latch input



------------------------------------------------------------------------------------------------
| Design Timing Summary
| ---------------------
------------------------------------------------------------------------------------------------

    WNS(ns)      TNS(ns)  TNS Failing Endpoints  TNS Total Endpoints      WHS(ns)      THS(ns)  THS Failing Endpoints  THS Total Endpoints     WPWS(ns)     TPWS(ns)  TPWS Failing Endpoints  TPWS Total Endpoints  
    -------      -------  ---------------------  -------------------      -------      -------  ---------------------  -------------------     --------     --------  ----------------------  --------------------  
      0.261        0.000                      0                69795        0.019        0.000                      0                69795        1.124        0.000                       0                 29679  


All user specified timing constraints are met.


------------------------------------------------------------------------------------------------
| Clock Summary
| -------------
------------------------------------------------------------------------------------------------

Clock   Waveform(ns)         Period(ns)      Frequency(MHz)
-----   ------------         ----------      --------------
ap_clk  {0.000 1.666}        3.333           300.030         


------------------------------------------------------------------------------------------------
| Intra Clock Table
| -----------------
------------------------------------------------------------------------------------------------

Clock             WNS(ns)      TNS(ns)  TNS Failing Endpoints  TNS Total Endpoints      WHS(ns)      THS(ns)  THS Failing Endpoints  THS Total Endpoints     WPWS(ns)     TPWS(ns)  TPWS Failing Endpoints  TPWS Total Endpoints  
-----             -------      -------  ---------------------  -------------------      -------      -------  ---------------------  -------------------     --------     --------  ----------------------  --------------------  
ap_clk              0.261        0.000                      0                69795        0.019        0.000                      0                69795        1.124        0.000                       0                 29679  


------------------------------------------------------------------------------------------------
| Inter Clock Table
| -----------------
------------------------------------------------------------------------------------------------

From Clock    To Clock          WNS(ns)      TNS(ns)  TNS Failing Endpoints  TNS Total Endpoints      WHS(ns)      THS(ns)  THS Failing Endpoints  THS Total Endpoints  
----------    --------          -------      -------  ---------------------  -------------------      -------      -------  ---------------------  -------------------  


------------------------------------------------------------------------------------------------
| Other Path Groups Table
| -----------------------
------------------------------------------------------------------------------------------------

Path Group    From Clock    To Clock          WNS(ns)      TNS(ns)  TNS Failing Endpoints  TNS Total Endpoints      WHS(ns)      THS(ns)  THS Failing Endpoints  THS Total Endpoints  
----------    ----------    --------          -------      -------  ---------------------  -------------------      -------      -------  ---------------------  -------------------  


------------------------------------------------------------------------------------------------
| Timing Details
| --------------
------------------------------------------------------------------------------------------------


---------------------------------------------------------------------------------------------------
From Clock:  ap_clk
  To Clock:  ap_clk

Setup :            0  Failing Endpoints,  Worst Slack        0.261ns,  Total Violation        0.000ns
Hold  :            0  Failing Endpoints,  Worst Slack        0.019ns,  Total Violation        0.000ns
PW    :            0  Failing Endpoints,  Worst Slack        1.124ns,  Total Violation        0.000ns
---------------------------------------------------------------------------------------------------


Max Delay Paths
--------------------------------------------------------------------------------------
Slack (MET) :             0.261ns  (required time - arrival time)
  Source:                 FFT_DIT_spatial_unroll_CY_stream_vector_U0/FFT_stage_spatial_unroll_3_U0/ap_done_reg_reg_inv/C
                            (rising edge-triggered cell FDRE clocked by ap_clk  {rise@0.000ns fall@1.666ns period=3.333ns})
  Destination:            FFT_DIT_spatial_unroll_CY_stream_vector_U0/FFT_stage_spatial_unroll_3_U0/fsub_32ns_32ns_32_5_no_dsp_1_U39/din1_buf1_reg[27]/CE
                            (rising edge-triggered cell FDRE clocked by ap_clk  {rise@0.000ns fall@1.666ns period=3.333ns})
  Path Group:             ap_clk
  Path Type:              Setup (Max at Slow Process Corner)
  Requirement:            3.333ns  (ap_clk rise@3.333ns - ap_clk rise@0.000ns)
  Data Path Delay:        2.968ns  (logic 0.080ns (2.695%)  route 2.888ns (97.305%))
  Logic Levels:           0  
  Clock Path Skew:        -0.008ns (DCD - SCD + CPR)
    Destination Clock Delay (DCD):    0.021ns = ( 3.354 - 3.333 ) 
    Source Clock Delay      (SCD):    0.029ns
    Clock Pessimism Removal (CPR):    0.000ns
  Clock Uncertainty:      0.035ns  ((TSJ^2 + TIJ^2)^1/2 + DJ) / 2 + PE
    Total System Jitter     (TSJ):    0.071ns
    Total Input Jitter      (TIJ):    0.000ns
    Discrete Jitter          (DJ):    0.000ns
    Phase Error              (PE):    0.000ns

    Location             Delay type                Incr(ns)  Path(ns)    Netlist Resource(s)
  -------------------------------------------------------------------    -------------------
                         (clock ap_clk rise edge)     0.000     0.000 r  
                                                      0.000     0.000 r  ap_clk (IN)
                         net (fo=30222, unset)        0.029     0.029    FFT_DIT_spatial_unroll_CY_stream_vector_U0/FFT_stage_spatial_unroll_3_U0/ap_clk
    SLICE_X70Y126        FDRE                                         r  FFT_DIT_spatial_unroll_CY_stream_vector_U0/FFT_stage_spatial_unroll_3_U0/ap_done_reg_reg_inv/C
  -------------------------------------------------------------------    -------------------
    SLICE_X70Y126        FDRE (Prop_HFF2_SLICEL_C_Q)
                                                      0.080     0.109 r  FFT_DIT_spatial_unroll_CY_stream_vector_U0/FFT_stage_spatial_unroll_3_U0/ap_done_reg_reg_inv/Q
                         net (fo=894, routed)         2.888     2.997    FFT_DIT_spatial_unroll_CY_stream_vector_U0/FFT_stage_spatial_unroll_3_U0/fsub_32ns_32ns_32_5_no_dsp_1_U39/E[0]
    SLICE_X100Y156       FDRE                                         r  FFT_DIT_spatial_unroll_CY_stream_vector_U0/FFT_stage_spatial_unroll_3_U0/fsub_32ns_32ns_32_5_no_dsp_1_U39/din1_buf1_reg[27]/CE
  -------------------------------------------------------------------    -------------------

                         (clock ap_clk rise edge)     3.333     3.333 r  
                                                      0.000     3.333 r  ap_clk (IN)
                         net (fo=30222, unset)        0.021     3.354    FFT_DIT_spatial_unroll_CY_stream_vector_U0/FFT_stage_spatial_unroll_3_U0/fsub_32ns_32ns_32_5_no_dsp_1_U39/ap_clk
    SLICE_X100Y156       FDRE                                         r  FFT_DIT_spatial_unroll_CY_stream_vector_U0/FFT_stage_spatial_unroll_3_U0/fsub_32ns_32ns_32_5_no_dsp_1_U39/din1_buf1_reg[27]/C
                         clock pessimism              0.000     3.354    
                         clock uncertainty           -0.035     3.319    
    SLICE_X100Y156       FDRE (Setup_EFF2_SLICEM_C_CE)
                                                     -0.061     3.258    FFT_DIT_spatial_unroll_CY_stream_vector_U0/FFT_stage_spatial_unroll_3_U0/fsub_32ns_32ns_32_5_no_dsp_1_U39/din1_buf1_reg[27]
  -------------------------------------------------------------------
                         required time                          3.258    
                         arrival time                          -2.997    
  -------------------------------------------------------------------
                         slack                                  0.261    





Min Delay Paths
--------------------------------------------------------------------------------------
Slack (MET) :             0.019ns  (arrival time - required time)
  Source:                 FFT_DIT_spatial_unroll_CY_stream_vector_U0/FFT_stage_spatial_unroll_6_U0/d1_real_7_reg_895_reg[8]/C
                            (rising edge-triggered cell FDRE clocked by ap_clk  {rise@0.000ns fall@1.666ns period=3.333ns})
  Destination:            FFT_DIT_spatial_unroll_CY_stream_vector_U0/FFT_stage_spatial_unroll_6_U0/fmul_32ns_32ns_32_4_max_dsp_1_U98/din0_buf1_reg[8]/D
                            (rising edge-triggered cell FDRE clocked by ap_clk  {rise@0.000ns fall@1.666ns period=3.333ns})
  Path Group:             ap_clk
  Path Type:              Hold (Min at Fast Process Corner)
  Requirement:            0.000ns  (ap_clk rise@0.000ns - ap_clk rise@0.000ns)
  Data Path Delay:        0.072ns  (logic 0.039ns (54.167%)  route 0.033ns (45.833%))
  Logic Levels:           0  
  Clock Path Skew:        0.006ns (DCD - SCD - CPR)
    Destination Clock Delay (DCD):    0.018ns
    Source Clock Delay      (SCD):    0.012ns
    Clock Pessimism Removal (CPR):    -0.000ns

    Location             Delay type                Incr(ns)  Path(ns)    Netlist Resource(s)
  -------------------------------------------------------------------    -------------------
                         (clock ap_clk rise edge)     0.000     0.000 r  
                                                      0.000     0.000 r  ap_clk (IN)
                         net (fo=30222, unset)        0.012     0.012    FFT_DIT_spatial_unroll_CY_stream_vector_U0/FFT_stage_spatial_unroll_6_U0/ap_clk
    SLICE_X67Y78         FDRE                                         r  FFT_DIT_spatial_unroll_CY_stream_vector_U0/FFT_stage_spatial_unroll_6_U0/d1_real_7_reg_895_reg[8]/C
  -------------------------------------------------------------------    -------------------
    SLICE_X67Y78         FDRE (Prop_AFF_SLICEL_C_Q)
                                                      0.039     0.051 r  FFT_DIT_spatial_unroll_CY_stream_vector_U0/FFT_stage_spatial_unroll_6_U0/d1_real_7_reg_895_reg[8]/Q
                         net (fo=1, routed)           0.033     0.084    FFT_DIT_spatial_unroll_CY_stream_vector_U0/FFT_stage_spatial_unroll_6_U0/fmul_32ns_32ns_32_4_max_dsp_1_U98/din0_buf1_reg[30]_1[8]
    SLICE_X67Y78         FDRE                                         r  FFT_DIT_spatial_unroll_CY_stream_vector_U0/FFT_stage_spatial_unroll_6_U0/fmul_32ns_32ns_32_4_max_dsp_1_U98/din0_buf1_reg[8]/D
  -------------------------------------------------------------------    -------------------

                         (clock ap_clk rise edge)     0.000     0.000 r  
                                                      0.000     0.000 r  ap_clk (IN)
                         net (fo=30222, unset)        0.018     0.018    FFT_DIT_spatial_unroll_CY_stream_vector_U0/FFT_stage_spatial_unroll_6_U0/fmul_32ns_32ns_32_4_max_dsp_1_U98/ap_clk
    SLICE_X67Y78         FDRE                                         r  FFT_DIT_spatial_unroll_CY_stream_vector_U0/FFT_stage_spatial_unroll_6_U0/fmul_32ns_32ns_32_4_max_dsp_1_U98/din0_buf1_reg[8]/C
                         clock pessimism              0.000     0.018    
    SLICE_X67Y78         FDRE (Hold_CFF2_SLICEL_C_D)
                                                      0.047     0.065    FFT_DIT_spatial_unroll_CY_stream_vector_U0/FFT_stage_spatial_unroll_6_U0/fmul_32ns_32ns_32_4_max_dsp_1_U98/din0_buf1_reg[8]
  -------------------------------------------------------------------
                         required time                         -0.065    
                         arrival time                           0.084    
  -------------------------------------------------------------------
                         slack                                  0.019    





Pulse Width Checks
--------------------------------------------------------------------------------------
Clock Name:         ap_clk
Waveform(ns):       { 0.000 1.666 }
Period(ns):         3.333
Sources:            { ap_clk }

Check Type        Corner  Lib Pin             Reference Pin  Required(ns)  Actual(ns)  Slack(ns)  Location      Pin
Min Period        n/a     RAMB36E2/CLKARDCLK  n/a            1.569         3.333       1.764      RAMB36_X2Y1   FFT_DIT_spatial_unroll_CY_stream_vector_U0/data_10_1_U/gen_buffer[0].FFT_TOP_FFT_DIT_spatial_unroll_CY_stream_vector_data_1_RAM_AUTO_1R1W_memcore_U/ram_reg_bram_0/CLKARDCLK
Low Pulse Width   Slow    RAMB18E2/CLKARDCLK  n/a            0.542         1.666       1.124      RAMB18_X5Y26  FFT_DIT_spatial_unroll_CY_stream_vector_U0/p_1_out/CLKARDCLK
High Pulse Width  Slow    RAMB18E2/CLKARDCLK  n/a            0.542         1.666       1.124      RAMB18_X5Y26  FFT_DIT_spatial_unroll_CY_stream_vector_U0/p_1_out/CLKARDCLK



