Copyright 1986-2022 Xilinx, Inc. All Rights Reserved. Copyright 2022-2023 Advanced Micro Devices, Inc. All Rights Reserved.
--------------------------------------------------------------------------------------------------------------------------------------------------
| Tool Version      : Vivado v.2023.2 (lin64) Build 4029153 Fri Oct 13 20:13:54 MDT 2023
| Date              : Thu Oct  1 18:56:34 2026
| Host              : brg-zhang-xcel.ece.cornell.edu running 64-bit Red Hat Enterprise Linux 9.8 (Plow)
| Command           : report_timing_summary -file timing.rpt
| Design            : Gemmini
| Device            : xcu280-fsvh2892
| Speed File        : -2L  PRODUCTION 1.30 05-01-2022
| Design State      : Physopt postRoute
| Temperature Grade : E
--------------------------------------------------------------------------------------------------------------------------------------------------

Timing Summary Report

------------------------------------------------------------------------------------------------
| Timer Settings
| --------------
------------------------------------------------------------------------------------------------

  Enable Multi Corner Analysis               :  Yes
  Enable Pessimism Removal                   :  Yes
  Pessimism Removal Resolution               :  Nearest Common Node
  Enable Input Delay Default Clock           :  No
  Enable Preset / Clear Arcs                 :  No
  Disable Flight Delays                      :  No
  Ignore I/O Paths                           :  No
  Timing Early Launch at Borrowing Latches   :  No
  Borrow Time for Max Delay Exceptions       :  Yes
  Merge Timing Exceptions                    :  Yes
  Inter-SLR Compensation                     :  Conservative

  Corner  Analyze    Analyze    
  Name    Max Paths  Min Paths  
  ------  ---------  ---------  
  Slow    Yes        Yes        
  Fast    Yes        Yes        


------------------------------------------------------------------------------------------------
| Report Methodology
| ------------------
------------------------------------------------------------------------------------------------

No report available as report_methodology has not been run prior. Run report_methodology on the current design for the summary of methodology violations.



check_timing report

Table of Contents
-----------------
1. checking no_clock (0)
2. checking constant_clock (0)
3. checking pulse_width_clock (0)
4. checking unconstrained_internal_endpoints (0)
5. checking no_input_delay (890)
6. checking no_output_delay (226)
7. checking multiple_clock (0)
8. checking generated_clocks (0)
9. checking loops (0)
10. checking partial_input_delay (0)
11. checking partial_output_delay (0)
12. checking latch_loops (0)

1. checking no_clock (0)
------------------------
 There are 0 register/latch pins with no clock.


2. checking constant_clock (0)
------------------------------
 There are 0 register/latch pins with constant_clock.


3. checking pulse_width_clock (0)
---------------------------------
 There are 0 register/latch pins which need pulse_width check


4. checking unconstrained_internal_endpoints (0)
------------------------------------------------
 There are 0 pins that are not constrained for maximum delay.

 There are 0 pins that are not constrained for maximum delay due to constant clock.


5. checking no_input_delay (890)
--------------------------------
 There are 890 input ports with no input delay specified. (HIGH)

 There are 0 input ports with no input delay but user has a false path constraint.


6. checking no_output_delay (226)
---------------------------------
 There are 226 ports with no output delay specified. (HIGH)

 There are 0 ports with no output delay but user has a false path constraint

 There are 0 ports with no output delay but with a timing clock defined on it or propagating through it


7. checking multiple_clock (0)
------------------------------
 There are 0 register/latch pins with multiple clocks.


8. checking generated_clocks (0)
--------------------------------
 There are 0 generated clocks that are not connected to a clock source.


9. checking loops (0)
---------------------
 There are 0 combinational loops in the design.


10. checking partial_input_delay (0)
------------------------------------
 There are 0 input ports with partial input delay specified.


11. checking partial_output_delay (0)
-------------------------------------
 There are 0 ports with partial output delay specified.


12. checking latch_loops (0)
----------------------------
 There are 0 combinational latch loops in the design through latch input



------------------------------------------------------------------------------------------------
| Design Timing Summary
| ---------------------
------------------------------------------------------------------------------------------------

    WNS(ns)      TNS(ns)  TNS Failing Endpoints  TNS Total Endpoints      WHS(ns)      THS(ns)  THS Failing Endpoints  THS Total Endpoints     WPWS(ns)     TPWS(ns)  TPWS Failing Endpoints  TPWS Total Endpoints  
    -------      -------  ---------------------  -------------------      -------      -------  ---------------------  -------------------     --------     --------  ----------------------  --------------------  
     -0.871    -1481.106                   4069                67380        0.019        0.000                      0                67380        2.458        0.000                       0                 30457  


Timing constraints are not met.


------------------------------------------------------------------------------------------------
| Clock Summary
| -------------
------------------------------------------------------------------------------------------------

Clock  Waveform(ns)         Period(ns)      Frequency(MHz)
-----  ------------         ----------      --------------
clk    {0.000 3.000}        6.000           166.667         


------------------------------------------------------------------------------------------------
| Intra Clock Table
| -----------------
------------------------------------------------------------------------------------------------

Clock             WNS(ns)      TNS(ns)  TNS Failing Endpoints  TNS Total Endpoints      WHS(ns)      THS(ns)  THS Failing Endpoints  THS Total Endpoints     WPWS(ns)     TPWS(ns)  TPWS Failing Endpoints  TPWS Total Endpoints  
-----             -------      -------  ---------------------  -------------------      -------      -------  ---------------------  -------------------     --------     --------  ----------------------  --------------------  
clk                -0.871    -1481.106                   4069                67380        0.019        0.000                      0                67380        2.458        0.000                       0                 30457  


------------------------------------------------------------------------------------------------
| Inter Clock Table
| -----------------
------------------------------------------------------------------------------------------------

From Clock    To Clock          WNS(ns)      TNS(ns)  TNS Failing Endpoints  TNS Total Endpoints      WHS(ns)      THS(ns)  THS Failing Endpoints  THS Total Endpoints  
----------    --------          -------      -------  ---------------------  -------------------      -------      -------  ---------------------  -------------------  


------------------------------------------------------------------------------------------------
| Other Path Groups Table
| -----------------------
------------------------------------------------------------------------------------------------

Path Group    From Clock    To Clock          WNS(ns)      TNS(ns)  TNS Failing Endpoints  TNS Total Endpoints      WHS(ns)      THS(ns)  THS Failing Endpoints  THS Total Endpoints  
----------    ----------    --------          -------      -------  ---------------------  -------------------      -------      -------  ---------------------  -------------------  


------------------------------------------------------------------------------------------------
| Timing Details
| --------------
------------------------------------------------------------------------------------------------


---------------------------------------------------------------------------------------------------
From Clock:  clk
  To Clock:  clk

Setup :         4069  Failing Endpoints,  Worst Slack       -0.871ns,  Total Violation    -1481.106ns
Hold  :            0  Failing Endpoints,  Worst Slack        0.019ns,  Total Violation        0.000ns
PW    :            0  Failing Endpoints,  Worst Slack        2.458ns,  Total Violation        0.000ns
---------------------------------------------------------------------------------------------------


Max Delay Paths
--------------------------------------------------------------------------------------
Slack (VIOLATED) :        -0.871ns  (required time - arrival time)
  Source:                 unrolled_cmd_q/wrap_1_reg/C
                            (rising edge-triggered cell FDRE clocked by clk  {rise@0.000ns fall@3.000ns period=6.000ns})
  Destination:            reservation_station/entries_ld_1_bits_deps_ex_7_reg/D
                            (rising edge-triggered cell FDRE clocked by clk  {rise@0.000ns fall@3.000ns period=6.000ns})
  Path Group:             clk
  Path Type:              Setup (Max at Slow Process Corner)
  Requirement:            6.000ns  (clk rise@6.000ns - clk rise@0.000ns)
  Data Path Delay:        6.852ns  (logic 3.315ns (48.380%)  route 3.537ns (51.620%))
  Logic Levels:           22  (CARRY8=1 DSP_A_B_DATA=1 DSP_ALU=2 DSP_M_DATA=1 DSP_MULTIPLIER=1 DSP_OUTPUT=2 DSP_PREADD_DATA=1 LUT2=1 LUT3=1 LUT5=4 LUT6=5 MUXF7=1 RAMD32=1)
  Clock Path Skew:        -0.009ns (DCD - SCD + CPR)
    Destination Clock Delay (DCD):    0.021ns = ( 6.021 - 6.000 ) 
    Source Clock Delay      (SCD):    0.030ns
    Clock Pessimism Removal (CPR):    0.000ns
  Clock Uncertainty:      0.035ns  ((TSJ^2 + TIJ^2)^1/2 + DJ) / 2 + PE
    Total System Jitter     (TSJ):    0.071ns
    Total Input Jitter      (TIJ):    0.000ns
    Discrete Jitter          (DJ):    0.000ns
    Phase Error              (PE):    0.000ns

    Location             Delay type                Incr(ns)  Path(ns)    Netlist Resource(s)
  -------------------------------------------------------------------    -------------------
                         (clock clk rise edge)        0.000     0.000 r  
                                                      0.000     0.000 r  clock (IN)
                         net (fo=30546, unset)        0.030     0.030    unrolled_cmd_q/clock
    SLICE_X126Y359       FDRE                                         r  unrolled_cmd_q/wrap_1_reg/C
  -------------------------------------------------------------------    -------------------
    SLICE_X126Y359       FDRE (Prop_AFF_SLICEM_C_Q)
                                                      0.077     0.107 r  unrolled_cmd_q/wrap_1_reg/Q
                         net (fo=251, routed)         0.235     0.342    unrolled_cmd_q/ram_ext/Memory_reg_0_1_0_13/ADDRB0
    SLICE_X126Y360       RAMD32 (Prop_B5LUT_SLICEM_RADR0_O)
                                                      0.167     0.509 f  unrolled_cmd_q/ram_ext/Memory_reg_0_1_0_13/RAMB/O
                         net (fo=57, routed)          0.284     0.792    unrolled_cmd_q/ram_ext/R0_data0[2]
    SLICE_X124Y366       LUT2 (Prop_H6LUT_SLICEM_I0_O)
                                                      0.053     0.845 r  unrolled_cmd_q/ram_ext/entries_st_0_bits_opa_bits_start_accumulate_i_3/O
                         net (fo=2, routed)           0.044     0.889    unrolled_cmd_q/ram_ext/entries_st_0_bits_opa_bits_start_accumulate_i_3_n_0
    SLICE_X124Y366       LUT6 (Prop_G6LUT_SLICEM_I3_O)
                                                      0.052     0.941 r  unrolled_cmd_q/ram_ext/dst_bits_wraps_around_sum_21_i_23/O
                         net (fo=15, routed)          0.204     1.145    reservation_station/dst_bits_wraps_around_sum_21_1
    SLICE_X125Y363       LUT5 (Prop_E6LUT_SLICEL_I4_O)
                                                      0.099     1.244 f  reservation_station/dst_bits_wraps_around_sum_21_i_10/O
                         net (fo=1, routed)           0.273     1.517    reservation_station/dst_bits_wraps_around_sum_21/A[10]
    DSP48E2_X16Y144      DSP_A_B_DATA (Prop_DSP_A_B_DATA_DSP48E2_A[10]_A2_DATA[10])
                                                      0.192     1.709 r  reservation_station/dst_bits_wraps_around_sum_21/DSP_A_B_DATA_INST/A2_DATA[10]
                         net (fo=1, routed)           0.000     1.709    reservation_station/dst_bits_wraps_around_sum_21/DSP_A_B_DATA.A2_DATA<10>
    DSP48E2_X16Y144      DSP_PREADD_DATA (Prop_DSP_PREADD_DATA_DSP48E2_A2_DATA[10]_A2A1[10])
                                                      0.076     1.785 r  reservation_station/dst_bits_wraps_around_sum_21/DSP_PREADD_DATA_INST/A2A1[10]
                         net (fo=1, routed)           0.000     1.785    reservation_station/dst_bits_wraps_around_sum_21/DSP_PREADD_DATA.A2A1<10>
    DSP48E2_X16Y144      DSP_MULTIPLIER (Prop_DSP_MULTIPLIER_DSP48E2_A2A1[10]_U[31])
                                                      0.505     2.290 f  reservation_station/dst_bits_wraps_around_sum_21/DSP_MULTIPLIER_INST/U[31]
                         net (fo=1, routed)           0.000     2.290    reservation_station/dst_bits_wraps_around_sum_21/DSP_MULTIPLIER.U<31>
    DSP48E2_X16Y144      DSP_M_DATA (Prop_DSP_M_DATA_DSP48E2_U[31]_U_DATA[31])
                                                      0.047     2.337 r  reservation_station/dst_bits_wraps_around_sum_21/DSP_M_DATA_INST/U_DATA[31]
                         net (fo=1, routed)           0.000     2.337    reservation_station/dst_bits_wraps_around_sum_21/DSP_M_DATA.U_DATA<31>
    DSP48E2_X16Y144      DSP_ALU (Prop_DSP_ALU_DSP48E2_U_DATA[31]_ALU_OUT[47])
                                                      0.585     2.922 f  reservation_station/dst_bits_wraps_around_sum_21/DSP_ALU_INST/ALU_OUT[47]
                         net (fo=1, routed)           0.000     2.922    reservation_station/dst_bits_wraps_around_sum_21/DSP_ALU.ALU_OUT<47>
    DSP48E2_X16Y144      DSP_OUTPUT (Prop_DSP_OUTPUT_DSP48E2_ALU_OUT[47]_PCOUT[47])
                                                      0.122     3.044 r  reservation_station/dst_bits_wraps_around_sum_21/DSP_OUTPUT_INST/PCOUT[47]
                         net (fo=1, routed)           0.014     3.058    reservation_station/dst_bits_wraps_around_sum_2/PCIN[47]
    DSP48E2_X16Y145      DSP_ALU (Prop_DSP_ALU_DSP48E2_PCIN[47]_ALU_OUT[6])
                                                      0.546     3.604 f  reservation_station/dst_bits_wraps_around_sum_2/DSP_ALU_INST/ALU_OUT[6]
                         net (fo=1, routed)           0.000     3.604    reservation_station/dst_bits_wraps_around_sum_2/DSP_ALU.ALU_OUT<6>
    DSP48E2_X16Y145      DSP_OUTPUT (Prop_DSP_OUTPUT_DSP48E2_ALU_OUT[6]_P[6])
                                                      0.109     3.713 r  reservation_station/dst_bits_wraps_around_sum_2/DSP_OUTPUT_INST/P[6]
                         net (fo=1, routed)           0.213     3.926    unrolled_cmd_q/ram_ext/P[6]
    SLICE_X122Y375       LUT5 (Prop_C6LUT_SLICEM_I4_O)
                                                      0.051     3.977 r  unrolled_cmd_q/ram_ext/entries_st_0_bits_opa_bits_end_data[6]_i_3/O
                         net (fo=1, routed)           0.021     3.998    unrolled_cmd_q/ram_ext/entries_st_0_bits_opa_bits_end_data[6]_i_3_n_0
    SLICE_X122Y375       MUXF7 (Prop_F7MUX_CD_SLICEM_I1_O)
                                                      0.068     4.066 r  unrolled_cmd_q/ram_ext/entries_st_0_bits_opa_bits_end_data_reg[6]_i_1/O
                         net (fo=200, routed)         0.644     4.710    unrolled_cmd_q/ram_ext/pooling_is_enabled_reg_27[1]
    SLICE_X128Y382       LUT6 (Prop_F6LUT_SLICEM_I3_O)
                                                      0.088     4.798 r  unrolled_cmd_q/ram_ext/entries_ld_1_bits_deps_ex_7_i_206/O
                         net (fo=1, routed)           0.361     5.159    unrolled_cmd_q/ram_ext/entries_ld_1_bits_deps_ex_7_i_206_n_0
    SLICE_X126Y382       CARRY8 (Prop_CARRY8_SLICEM_DI[3]_CO[5])
                                                      0.144     5.303 r  unrolled_cmd_q/ram_ext/entries_ld_1_bits_deps_ex_7_reg_i_104/CO[5]
                         net (fo=1, routed)           0.281     5.584    unrolled_cmd_q/ram_ext/entries_ld_1_bits_deps_ex_7_reg_i_104_n_2
    SLICE_X122Y387       LUT5 (Prop_E6LUT_SLICEM_I2_O)
                                                      0.091     5.675 r  unrolled_cmd_q/ram_ext/entries_ld_1_bits_deps_ex_7_i_25/O
                         net (fo=1, routed)           0.204     5.879    unrolled_cmd_q/ram_ext/reservation_station/_GEN_9521278_in
    SLICE_X120Y389       LUT6 (Prop_F6LUT_SLICEL_I2_O)
                                                      0.035     5.914 r  unrolled_cmd_q/ram_ext/entries_ld_1_bits_deps_ex_7_i_13/O
                         net (fo=2, routed)           0.271     6.185    reservation_station/p_1305_in
    SLICE_X119Y390       LUT6 (Prop_B6LUT_SLICEL_I5_O)
                                                      0.051     6.236 r  reservation_station/entries_ld_1_bits_deps_ex_7_i_6/O
                         net (fo=1, routed)           0.041     6.277    reservation_station/_GEN_96
    SLICE_X119Y390       LUT6 (Prop_A6LUT_SLICEL_I0_O)
                                                      0.050     6.327 r  reservation_station/entries_ld_1_bits_deps_ex_7_i_5/O
                         net (fo=28, routed)          0.263     6.590    reservation_station/new_entry_deps_ex_7
    SLICE_X118Y392       LUT3 (Prop_E5LUT_SLICEM_I0_O)
                                                      0.070     6.660 r  reservation_station/entries_ld_1_bits_deps_ex_7_i_3/O
                         net (fo=1, routed)           0.126     6.786    reservation_station/_GEN_238
    SLICE_X118Y394       LUT5 (Prop_G6LUT_SLICEM_I2_O)
                                                      0.037     6.823 r  reservation_station/entries_ld_1_bits_deps_ex_7_i_1/O
                         net (fo=1, routed)           0.059     6.882    reservation_station/entries_ld_1_bits_deps_ex_7_i_1_n_0
    SLICE_X118Y394       FDRE                                         r  reservation_station/entries_ld_1_bits_deps_ex_7_reg/D
  -------------------------------------------------------------------    -------------------

                         (clock clk rise edge)        6.000     6.000 r  
                                                      0.000     6.000 r  clock (IN)
                         net (fo=30546, unset)        0.021     6.021    reservation_station/clock
    SLICE_X118Y394       FDRE                                         r  reservation_station/entries_ld_1_bits_deps_ex_7_reg/C
                         clock pessimism              0.000     6.021    
                         clock uncertainty           -0.035     5.986    
    SLICE_X118Y394       FDRE (Setup_GFF_SLICEM_C_D)
                                                      0.025     6.011    reservation_station/entries_ld_1_bits_deps_ex_7_reg
  -------------------------------------------------------------------
                         required time                          6.011    
                         arrival time                          -6.882    
  -------------------------------------------------------------------
                         slack                                 -0.871    





Min Delay Paths
--------------------------------------------------------------------------------------
