Copyright 1986-2022 Xilinx, Inc. All Rights Reserved. Copyright 2022-2023 Advanced Micro Devices, Inc. All Rights Reserved.
---------------------------------------------------------------------------------------------------------------------------------------------
| Tool Version : Vivado v.2023.2 (lin64) Build 4029153 Fri Oct 13 20:13:54 MDT 2023
| Date         : Thu Oct  1 18:56:28 2026
| Host         : brg-zhang-xcel.ece.cornell.edu running 64-bit Red Hat Enterprise Linux 9.8 (Plow)
| Command      : report_utilization -hierarchical -hierarchical_depth 6 -file util_hier.rpt
| Design       : Gemmini
| Device       : xcu280-fsvh2892-2L-e
| Speed File   : -2L
| Design State : Physopt postRoute
---------------------------------------------------------------------------------------------------------------------------------------------

Utilization Design Information

Table of Contents
-----------------
1. Utilization by Hierarchy

1. Utilization by Hierarchy
---------------------------

+------------------------------+-------------------------------------+------------+------------+---------+------+-------+--------+--------+------+------------+
|           Instance           |                Module               | Total LUTs | Logic LUTs | LUTRAMs | SRLs |  FFs  | RAMB36 | RAMB18 | URAM | DSP Blocks |
+------------------------------+-------------------------------------+------------+------------+---------+------+-------+--------+--------+------+------------+
| Gemmini                      |                               (top) |      38894 |      36415 |    2280 |  199 | 25586 |     80 |      0 |    0 |         25 |
|   (Gemmini)                  |                               (top) |          8 |          0 |       8 |    0 |     0 |      0 |      0 |    0 |          0 |
|   counters                   |                   CounterController |        764 |        764 |       0 |    0 |  1151 |      0 |      0 |    0 |          0 |
|     (counters)               |                   CounterController |          6 |          6 |       0 |    0 |    70 |      0 |      0 |    0 |          0 |
|     counterfile              |                         CounterFile |        758 |        758 |       0 |    0 |  1081 |      0 |      0 |    0 |          0 |
|   ex_controller              |                   ExecuteController |       9019 |       8772 |      48 |  199 |  5768 |      0 |      0 |    0 |          0 |
|     (ex_controller)          |                   ExecuteController |         57 |         57 |       0 |    0 |    76 |      0 |      0 |    0 |          0 |
|     cmd_q                    |                  MultiHeadedQueue_1 |        772 |        772 |       0 |    0 |   726 |      0 |      0 |    0 |          0 |
|     mesh                     |                      MeshWithDelays |       7862 |       7663 |       0 |  199 |  4776 |      0 |      0 |    0 |          0 |
|       (mesh)                 |                      MeshWithDelays |        209 |         10 |       0 |  199 |   525 |      0 |      0 |    0 |          0 |
|       mesh                   |                                Mesh |       6404 |       6404 |       0 |    0 |  3490 |      0 |      0 |    0 |          0 |
|         (mesh)               |                                Mesh |        261 |        261 |       0 |    0 |  2466 |      0 |      0 |    0 |          0 |
|         mesh_0_0             |                                Tile |         96 |         96 |       0 |    0 |    16 |      0 |      0 |    0 |          0 |
|           tile_0_0           |                           PE_64_307 |         96 |         96 |       0 |    0 |    16 |      0 |      0 |    0 |          0 |
|             (tile_0_0)       |                           PE_64_307 |          5 |          5 |       0 |    0 |    16 |      0 |      0 |    0 |          0 |
|             mac_unit         |                         MacUnit_308 |         91 |         91 |       0 |    0 |     0 |      0 |      0 |    0 |          0 |
|         mesh_0_1             |                            Tile_119 |         96 |         96 |       0 |    0 |    16 |      0 |      0 |    0 |          0 |
|           tile_0_0           |                           PE_64_305 |         96 |         96 |       0 |    0 |    16 |      0 |      0 |    0 |          0 |
|             (tile_0_0)       |                           PE_64_305 |          5 |          5 |       0 |    0 |    16 |      0 |      0 |    0 |          0 |
|             mac_unit         |                         MacUnit_306 |         91 |         91 |       0 |    0 |     0 |      0 |      0 |    0 |          0 |
|         mesh_0_2             |                            Tile_120 |         96 |         96 |       0 |    0 |    16 |      0 |      0 |    0 |          0 |
|           tile_0_0           |                           PE_64_303 |         96 |         96 |       0 |    0 |    16 |      0 |      0 |    0 |          0 |
|             (tile_0_0)       |                           PE_64_303 |          5 |          5 |       0 |    0 |    16 |      0 |      0 |    0 |          0 |
|             mac_unit         |                         MacUnit_304 |         91 |         91 |       0 |    0 |     0 |      0 |      0 |    0 |          0 |
|         mesh_0_3             |                            Tile_121 |         96 |         96 |       0 |    0 |    16 |      0 |      0 |    0 |          0 |
|           tile_0_0           |                           PE_64_301 |         96 |         96 |       0 |    0 |    16 |      0 |      0 |    0 |          0 |
|             (tile_0_0)       |                           PE_64_301 |          5 |          5 |       0 |    0 |    16 |      0 |      0 |    0 |          0 |
|             mac_unit         |                         MacUnit_302 |         91 |         91 |       0 |    0 |     0 |      0 |      0 |    0 |          0 |
|         mesh_0_4             |                            Tile_122 |         96 |         96 |       0 |    0 |    16 |      0 |      0 |    0 |          0 |
|           tile_0_0           |                           PE_64_299 |         96 |         96 |       0 |    0 |    16 |      0 |      0 |    0 |          0 |
|             (tile_0_0)       |                           PE_64_299 |          5 |          5 |       0 |    0 |    16 |      0 |      0 |    0 |          0 |
|             mac_unit         |                         MacUnit_300 |         91 |         91 |       0 |    0 |     0 |      0 |      0 |    0 |          0 |
|         mesh_0_5             |                            Tile_123 |         96 |         96 |       0 |    0 |    16 |      0 |      0 |    0 |          0 |
|           tile_0_0           |                           PE_64_297 |         96 |         96 |       0 |    0 |    16 |      0 |      0 |    0 |          0 |
|             (tile_0_0)       |                           PE_64_297 |          5 |          5 |       0 |    0 |    16 |      0 |      0 |    0 |          0 |
|             mac_unit         |                         MacUnit_298 |         91 |         91 |       0 |    0 |     0 |      0 |      0 |    0 |          0 |
|         mesh_0_6             |                            Tile_124 |         96 |         96 |       0 |    0 |    16 |      0 |      0 |    0 |          0 |
|           tile_0_0           |                           PE_64_295 |         96 |         96 |       0 |    0 |    16 |      0 |      0 |    0 |          0 |
|             (tile_0_0)       |                           PE_64_295 |          5 |          5 |       0 |    0 |    16 |      0 |      0 |    0 |          0 |
|             mac_unit         |                         MacUnit_296 |         91 |         91 |       0 |    0 |     0 |      0 |      0 |    0 |          0 |
|         mesh_0_7             |                            Tile_125 |         96 |         96 |       0 |    0 |    16 |      0 |      0 |    0 |          0 |
|           tile_0_0           |                           PE_64_293 |         96 |         96 |       0 |    0 |    16 |      0 |      0 |    0 |          0 |
|             (tile_0_0)       |                           PE_64_293 |          5 |          5 |       0 |    0 |    16 |      0 |      0 |    0 |          0 |
|             mac_unit         |                         MacUnit_294 |         91 |         91 |       0 |    0 |     0 |      0 |      0 |    0 |          0 |
|         mesh_1_0             |                            Tile_126 |         96 |         96 |       0 |    0 |    16 |      0 |      0 |    0 |          0 |
|           tile_0_0           |                           PE_64_291 |         96 |         96 |       0 |    0 |    16 |      0 |      0 |    0 |          0 |
|             (tile_0_0)       |                           PE_64_291 |          5 |          5 |       0 |    0 |    16 |      0 |      0 |    0 |          0 |
|             mac_unit         |                         MacUnit_292 |         91 |         91 |       0 |    0 |     0 |      0 |      0 |    0 |          0 |
|         mesh_1_1             |                            Tile_127 |         96 |         96 |       0 |    0 |    16 |      0 |      0 |    0 |          0 |
|           tile_0_0           |                           PE_64_289 |         96 |         96 |       0 |    0 |    16 |      0 |      0 |    0 |          0 |
|             (tile_0_0)       |                           PE_64_289 |          5 |          5 |       0 |    0 |    16 |      0 |      0 |    0 |          0 |
|             mac_unit         |                         MacUnit_290 |         91 |         91 |       0 |    0 |     0 |      0 |      0 |    0 |          0 |
|         mesh_1_2             |                            Tile_128 |         96 |         96 |       0 |    0 |    16 |      0 |      0 |    0 |          0 |
|           tile_0_0           |                           PE_64_287 |         96 |         96 |       0 |    0 |    16 |      0 |      0 |    0 |          0 |
|             (tile_0_0)       |                           PE_64_287 |          5 |          5 |       0 |    0 |    16 |      0 |      0 |    0 |          0 |
|             mac_unit         |                         MacUnit_288 |         91 |         91 |       0 |    0 |     0 |      0 |      0 |    0 |          0 |
|         mesh_1_3             |                            Tile_129 |         96 |         96 |       0 |    0 |    16 |      0 |      0 |    0 |          0 |
|           tile_0_0           |                           PE_64_285 |         96 |         96 |       0 |    0 |    16 |      0 |      0 |    0 |          0 |
|             (tile_0_0)       |                           PE_64_285 |          5 |          5 |       0 |    0 |    16 |      0 |      0 |    0 |          0 |
|             mac_unit         |                         MacUnit_286 |         91 |         91 |       0 |    0 |     0 |      0 |      0 |    0 |          0 |
|         mesh_1_4             |                            Tile_130 |         96 |         96 |       0 |    0 |    16 |      0 |      0 |    0 |          0 |
|           tile_0_0           |                           PE_64_283 |         96 |         96 |       0 |    0 |    16 |      0 |      0 |    0 |          0 |
|             (tile_0_0)       |                           PE_64_283 |          5 |          5 |       0 |    0 |    16 |      0 |      0 |    0 |          0 |
|             mac_unit         |                         MacUnit_284 |         91 |         91 |       0 |    0 |     0 |      0 |      0 |    0 |          0 |
|         mesh_1_5             |                            Tile_131 |         96 |         96 |       0 |    0 |    16 |      0 |      0 |    0 |          0 |
|           tile_0_0           |                           PE_64_281 |         96 |         96 |       0 |    0 |    16 |      0 |      0 |    0 |          0 |
|             (tile_0_0)       |                           PE_64_281 |          5 |          5 |       0 |    0 |    16 |      0 |      0 |    0 |          0 |
|             mac_unit         |                         MacUnit_282 |         91 |         91 |       0 |    0 |     0 |      0 |      0 |    0 |          0 |
|         mesh_1_6             |                            Tile_132 |         96 |         96 |       0 |    0 |    16 |      0 |      0 |    0 |          0 |
|           tile_0_0           |                           PE_64_279 |         96 |         96 |       0 |    0 |    16 |      0 |      0 |    0 |          0 |
|             (tile_0_0)       |                           PE_64_279 |          5 |          5 |       0 |    0 |    16 |      0 |      0 |    0 |          0 |
|             mac_unit         |                         MacUnit_280 |         91 |         91 |       0 |    0 |     0 |      0 |      0 |    0 |          0 |
|         mesh_1_7             |                            Tile_133 |         96 |         96 |       0 |    0 |    16 |      0 |      0 |    0 |          0 |
|           tile_0_0           |                           PE_64_277 |         96 |         96 |       0 |    0 |    16 |      0 |      0 |    0 |          0 |
|             (tile_0_0)       |                           PE_64_277 |          5 |          5 |       0 |    0 |    16 |      0 |      0 |    0 |          0 |
|             mac_unit         |                         MacUnit_278 |         91 |         91 |       0 |    0 |     0 |      0 |      0 |    0 |          0 |
|         mesh_2_0             |                            Tile_134 |         96 |         96 |       0 |    0 |    16 |      0 |      0 |    0 |          0 |
|           tile_0_0           |                           PE_64_275 |         96 |         96 |       0 |    0 |    16 |      0 |      0 |    0 |          0 |
|             (tile_0_0)       |                           PE_64_275 |          5 |          5 |       0 |    0 |    16 |      0 |      0 |    0 |          0 |
|             mac_unit         |                         MacUnit_276 |         91 |         91 |       0 |    0 |     0 |      0 |      0 |    0 |          0 |
|         mesh_2_1             |                            Tile_135 |         96 |         96 |       0 |    0 |    16 |      0 |      0 |    0 |          0 |
|           tile_0_0           |                           PE_64_273 |         96 |         96 |       0 |    0 |    16 |      0 |      0 |    0 |          0 |
|             (tile_0_0)       |                           PE_64_273 |          5 |          5 |       0 |    0 |    16 |      0 |      0 |    0 |          0 |
|             mac_unit         |                         MacUnit_274 |         91 |         91 |       0 |    0 |     0 |      0 |      0 |    0 |          0 |
|         mesh_2_2             |                            Tile_136 |         96 |         96 |       0 |    0 |    16 |      0 |      0 |    0 |          0 |
|           tile_0_0           |                           PE_64_271 |         96 |         96 |       0 |    0 |    16 |      0 |      0 |    0 |          0 |
|             (tile_0_0)       |                           PE_64_271 |          5 |          5 |       0 |    0 |    16 |      0 |      0 |    0 |          0 |
|             mac_unit         |                         MacUnit_272 |         91 |         91 |       0 |    0 |     0 |      0 |      0 |    0 |          0 |
|         mesh_2_3             |                            Tile_137 |         96 |         96 |       0 |    0 |    16 |      0 |      0 |    0 |          0 |
|           tile_0_0           |                           PE_64_269 |         96 |         96 |       0 |    0 |    16 |      0 |      0 |    0 |          0 |
|             (tile_0_0)       |                           PE_64_269 |          5 |          5 |       0 |    0 |    16 |      0 |      0 |    0 |          0 |
|             mac_unit         |                         MacUnit_270 |         91 |         91 |       0 |    0 |     0 |      0 |      0 |    0 |          0 |
|         mesh_2_4             |                            Tile_138 |         96 |         96 |       0 |    0 |    16 |      0 |      0 |    0 |          0 |
|           tile_0_0           |                           PE_64_267 |         96 |         96 |       0 |    0 |    16 |      0 |      0 |    0 |          0 |
|             (tile_0_0)       |                           PE_64_267 |          5 |          5 |       0 |    0 |    16 |      0 |      0 |    0 |          0 |
|             mac_unit         |                         MacUnit_268 |         91 |         91 |       0 |    0 |     0 |      0 |      0 |    0 |          0 |
|         mesh_2_5             |                            Tile_139 |         96 |         96 |       0 |    0 |    16 |      0 |      0 |    0 |          0 |
|           tile_0_0           |                           PE_64_265 |         96 |         96 |       0 |    0 |    16 |      0 |      0 |    0 |          0 |
|             (tile_0_0)       |                           PE_64_265 |          5 |          5 |       0 |    0 |    16 |      0 |      0 |    0 |          0 |
|             mac_unit         |                         MacUnit_266 |         91 |         91 |       0 |    0 |     0 |      0 |      0 |    0 |          0 |
|         mesh_2_6             |                            Tile_140 |         96 |         96 |       0 |    0 |    16 |      0 |      0 |    0 |          0 |
|           tile_0_0           |                           PE_64_263 |         96 |         96 |       0 |    0 |    16 |      0 |      0 |    0 |          0 |
|             (tile_0_0)       |                           PE_64_263 |          5 |          5 |       0 |    0 |    16 |      0 |      0 |    0 |          0 |
|             mac_unit         |                         MacUnit_264 |         91 |         91 |       0 |    0 |     0 |      0 |      0 |    0 |          0 |
|         mesh_2_7             |                            Tile_141 |         96 |         96 |       0 |    0 |    16 |      0 |      0 |    0 |          0 |
|           tile_0_0           |                           PE_64_261 |         96 |         96 |       0 |    0 |    16 |      0 |      0 |    0 |          0 |
|             (tile_0_0)       |                           PE_64_261 |          5 |          5 |       0 |    0 |    16 |      0 |      0 |    0 |          0 |
|             mac_unit         |                         MacUnit_262 |         91 |         91 |       0 |    0 |     0 |      0 |      0 |    0 |          0 |
|         mesh_3_0             |                            Tile_142 |         96 |         96 |       0 |    0 |    16 |      0 |      0 |    0 |          0 |
|           tile_0_0           |                           PE_64_259 |         96 |         96 |       0 |    0 |    16 |      0 |      0 |    0 |          0 |
|             (tile_0_0)       |                           PE_64_259 |          5 |          5 |       0 |    0 |    16 |      0 |      0 |    0 |          0 |
|             mac_unit         |                         MacUnit_260 |         91 |         91 |       0 |    0 |     0 |      0 |      0 |    0 |          0 |
|         mesh_3_1             |                            Tile_143 |         96 |         96 |       0 |    0 |    16 |      0 |      0 |    0 |          0 |
|           tile_0_0           |                           PE_64_257 |         96 |         96 |       0 |    0 |    16 |      0 |      0 |    0 |          0 |
|             (tile_0_0)       |                           PE_64_257 |          5 |          5 |       0 |    0 |    16 |      0 |      0 |    0 |          0 |
|             mac_unit         |                         MacUnit_258 |         91 |         91 |       0 |    0 |     0 |      0 |      0 |    0 |          0 |
|         mesh_3_2             |                            Tile_144 |         96 |         96 |       0 |    0 |    16 |      0 |      0 |    0 |          0 |
|           tile_0_0           |                           PE_64_255 |         96 |         96 |       0 |    0 |    16 |      0 |      0 |    0 |          0 |
|             (tile_0_0)       |                           PE_64_255 |          5 |          5 |       0 |    0 |    16 |      0 |      0 |    0 |          0 |
|             mac_unit         |                         MacUnit_256 |         91 |         91 |       0 |    0 |     0 |      0 |      0 |    0 |          0 |
|         mesh_3_3             |                            Tile_145 |         96 |         96 |       0 |    0 |    16 |      0 |      0 |    0 |          0 |
|           tile_0_0           |                           PE_64_253 |         96 |         96 |       0 |    0 |    16 |      0 |      0 |    0 |          0 |
|             (tile_0_0)       |                           PE_64_253 |          5 |          5 |       0 |    0 |    16 |      0 |      0 |    0 |          0 |
|             mac_unit         |                         MacUnit_254 |         91 |         91 |       0 |    0 |     0 |      0 |      0 |    0 |          0 |
|         mesh_3_4             |                            Tile_146 |         96 |         96 |       0 |    0 |    16 |      0 |      0 |    0 |          0 |
|           tile_0_0           |                           PE_64_251 |         96 |         96 |       0 |    0 |    16 |      0 |      0 |    0 |          0 |
|             (tile_0_0)       |                           PE_64_251 |          5 |          5 |       0 |    0 |    16 |      0 |      0 |    0 |          0 |
|             mac_unit         |                         MacUnit_252 |         91 |         91 |       0 |    0 |     0 |      0 |      0 |    0 |          0 |
|         mesh_3_5             |                            Tile_147 |         96 |         96 |       0 |    0 |    16 |      0 |      0 |    0 |          0 |
|           tile_0_0           |                           PE_64_249 |         96 |         96 |       0 |    0 |    16 |      0 |      0 |    0 |          0 |
|             (tile_0_0)       |                           PE_64_249 |          5 |          5 |       0 |    0 |    16 |      0 |      0 |    0 |          0 |
|             mac_unit         |                         MacUnit_250 |         91 |         91 |       0 |    0 |     0 |      0 |      0 |    0 |          0 |
|         mesh_3_6             |                            Tile_148 |         96 |         96 |       0 |    0 |    16 |      0 |      0 |    0 |          0 |
|           tile_0_0           |                           PE_64_247 |         96 |         96 |       0 |    0 |    16 |      0 |      0 |    0 |          0 |
|             (tile_0_0)       |                           PE_64_247 |          5 |          5 |       0 |    0 |    16 |      0 |      0 |    0 |          0 |
|             mac_unit         |                         MacUnit_248 |         91 |         91 |       0 |    0 |     0 |      0 |      0 |    0 |          0 |
|         mesh_3_7             |                            Tile_149 |         96 |         96 |       0 |    0 |    16 |      0 |      0 |    0 |          0 |
|           tile_0_0           |                           PE_64_245 |         96 |         96 |       0 |    0 |    16 |      0 |      0 |    0 |          0 |
|             (tile_0_0)       |                           PE_64_245 |          5 |          5 |       0 |    0 |    16 |      0 |      0 |    0 |          0 |
|             mac_unit         |                         MacUnit_246 |         91 |         91 |       0 |    0 |     0 |      0 |      0 |    0 |          0 |
|         mesh_4_0             |                            Tile_150 |         96 |         96 |       0 |    0 |    16 |      0 |      0 |    0 |          0 |
|           tile_0_0           |                           PE_64_243 |         96 |         96 |       0 |    0 |    16 |      0 |      0 |    0 |          0 |
|             (tile_0_0)       |                           PE_64_243 |          5 |          5 |       0 |    0 |    16 |      0 |      0 |    0 |          0 |
|             mac_unit         |                         MacUnit_244 |         91 |         91 |       0 |    0 |     0 |      0 |      0 |    0 |          0 |
|         mesh_4_1             |                            Tile_151 |         96 |         96 |       0 |    0 |    16 |      0 |      0 |    0 |          0 |
|           tile_0_0           |                           PE_64_241 |         96 |         96 |       0 |    0 |    16 |      0 |      0 |    0 |          0 |
|             (tile_0_0)       |                           PE_64_241 |          5 |          5 |       0 |    0 |    16 |      0 |      0 |    0 |          0 |
|             mac_unit         |                         MacUnit_242 |         91 |         91 |       0 |    0 |     0 |      0 |      0 |    0 |          0 |
|         mesh_4_2             |                            Tile_152 |         96 |         96 |       0 |    0 |    16 |      0 |      0 |    0 |          0 |
|           tile_0_0           |                           PE_64_239 |         96 |         96 |       0 |    0 |    16 |      0 |      0 |    0 |          0 |
|             (tile_0_0)       |                           PE_64_239 |          5 |          5 |       0 |    0 |    16 |      0 |      0 |    0 |          0 |
|             mac_unit         |                         MacUnit_240 |         91 |         91 |       0 |    0 |     0 |      0 |      0 |    0 |          0 |
|         mesh_4_3             |                            Tile_153 |         96 |         96 |       0 |    0 |    16 |      0 |      0 |    0 |          0 |
|           tile_0_0           |                           PE_64_237 |         96 |         96 |       0 |    0 |    16 |      0 |      0 |    0 |          0 |
|             (tile_0_0)       |                           PE_64_237 |          5 |          5 |       0 |    0 |    16 |      0 |      0 |    0 |          0 |
|             mac_unit         |                         MacUnit_238 |         91 |         91 |       0 |    0 |     0 |      0 |      0 |    0 |          0 |
|         mesh_4_4             |                            Tile_154 |         96 |         96 |       0 |    0 |    16 |      0 |      0 |    0 |          0 |
|           tile_0_0           |                           PE_64_235 |         96 |         96 |       0 |    0 |    16 |      0 |      0 |    0 |          0 |
|             (tile_0_0)       |                           PE_64_235 |          5 |          5 |       0 |    0 |    16 |      0 |      0 |    0 |          0 |
|             mac_unit         |                         MacUnit_236 |         91 |         91 |       0 |    0 |     0 |      0 |      0 |    0 |          0 |
|         mesh_4_5             |                            Tile_155 |         96 |         96 |       0 |    0 |    16 |      0 |      0 |    0 |          0 |
|           tile_0_0           |                           PE_64_233 |         96 |         96 |       0 |    0 |    16 |      0 |      0 |    0 |          0 |
|             (tile_0_0)       |                           PE_64_233 |          6 |          6 |       0 |    0 |    16 |      0 |      0 |    0 |          0 |
|             mac_unit         |                         MacUnit_234 |         91 |         91 |       0 |    0 |     0 |      0 |      0 |    0 |          0 |
|         mesh_4_6             |                            Tile_156 |         96 |         96 |       0 |    0 |    16 |      0 |      0 |    0 |          0 |
|           tile_0_0           |                           PE_64_231 |         96 |         96 |       0 |    0 |    16 |      0 |      0 |    0 |          0 |
|             (tile_0_0)       |                           PE_64_231 |          5 |          5 |       0 |    0 |    16 |      0 |      0 |    0 |          0 |
|             mac_unit         |                         MacUnit_232 |         91 |         91 |       0 |    0 |     0 |      0 |      0 |    0 |          0 |
|         mesh_4_7             |                            Tile_157 |         96 |         96 |       0 |    0 |    16 |      0 |      0 |    0 |          0 |
|           tile_0_0           |                           PE_64_229 |         96 |         96 |       0 |    0 |    16 |      0 |      0 |    0 |          0 |
|             (tile_0_0)       |                           PE_64_229 |          5 |          5 |       0 |    0 |    16 |      0 |      0 |    0 |          0 |
|             mac_unit         |                         MacUnit_230 |         91 |         91 |       0 |    0 |     0 |      0 |      0 |    0 |          0 |
|         mesh_5_0             |                            Tile_158 |         96 |         96 |       0 |    0 |    16 |      0 |      0 |    0 |          0 |
|           tile_0_0           |                           PE_64_227 |         96 |         96 |       0 |    0 |    16 |      0 |      0 |    0 |          0 |
|             (tile_0_0)       |                           PE_64_227 |          5 |          5 |       0 |    0 |    16 |      0 |      0 |    0 |          0 |
|             mac_unit         |                         MacUnit_228 |         91 |         91 |       0 |    0 |     0 |      0 |      0 |    0 |          0 |
|         mesh_5_1             |                            Tile_159 |         96 |         96 |       0 |    0 |    16 |      0 |      0 |    0 |          0 |
|           tile_0_0           |                           PE_64_225 |         96 |         96 |       0 |    0 |    16 |      0 |      0 |    0 |          0 |
|             (tile_0_0)       |                           PE_64_225 |          5 |          5 |       0 |    0 |    16 |      0 |      0 |    0 |          0 |
|             mac_unit         |                         MacUnit_226 |         91 |         91 |       0 |    0 |     0 |      0 |      0 |    0 |          0 |
|         mesh_5_2             |                            Tile_160 |         96 |         96 |       0 |    0 |    16 |      0 |      0 |    0 |          0 |
|           tile_0_0           |                           PE_64_223 |         96 |         96 |       0 |    0 |    16 |      0 |      0 |    0 |          0 |
|             (tile_0_0)       |                           PE_64_223 |          5 |          5 |       0 |    0 |    16 |      0 |      0 |    0 |          0 |
|             mac_unit         |                         MacUnit_224 |         91 |         91 |       0 |    0 |     0 |      0 |      0 |    0 |          0 |
|         mesh_5_3             |                            Tile_161 |         96 |         96 |       0 |    0 |    16 |      0 |      0 |    0 |          0 |
|           tile_0_0           |                           PE_64_221 |         96 |         96 |       0 |    0 |    16 |      0 |      0 |    0 |          0 |
|             (tile_0_0)       |                           PE_64_221 |          5 |          5 |       0 |    0 |    16 |      0 |      0 |    0 |          0 |
|             mac_unit         |                         MacUnit_222 |         91 |         91 |       0 |    0 |     0 |      0 |      0 |    0 |          0 |
|         mesh_5_4             |                            Tile_162 |         96 |         96 |       0 |    0 |    16 |      0 |      0 |    0 |          0 |
|           tile_0_0           |                           PE_64_219 |         96 |         96 |       0 |    0 |    16 |      0 |      0 |    0 |          0 |
|             (tile_0_0)       |                           PE_64_219 |          5 |          5 |       0 |    0 |    16 |      0 |      0 |    0 |          0 |
|             mac_unit         |                         MacUnit_220 |         91 |         91 |       0 |    0 |     0 |      0 |      0 |    0 |          0 |
|         mesh_5_5             |                            Tile_163 |         96 |         96 |       0 |    0 |    16 |      0 |      0 |    0 |          0 |
|           tile_0_0           |                           PE_64_217 |         96 |         96 |       0 |    0 |    16 |      0 |      0 |    0 |          0 |
|             (tile_0_0)       |                           PE_64_217 |          5 |          5 |       0 |    0 |    16 |      0 |      0 |    0 |          0 |
|             mac_unit         |                         MacUnit_218 |         91 |         91 |       0 |    0 |     0 |      0 |      0 |    0 |          0 |
|         mesh_5_6             |                            Tile_164 |         96 |         96 |       0 |    0 |    16 |      0 |      0 |    0 |          0 |
|           tile_0_0           |                           PE_64_215 |         96 |         96 |       0 |    0 |    16 |      0 |      0 |    0 |          0 |
|             (tile_0_0)       |                           PE_64_215 |          5 |          5 |       0 |    0 |    16 |      0 |      0 |    0 |          0 |
|             mac_unit         |                         MacUnit_216 |         91 |         91 |       0 |    0 |     0 |      0 |      0 |    0 |          0 |
|         mesh_5_7             |                            Tile_165 |         96 |         96 |       0 |    0 |    16 |      0 |      0 |    0 |          0 |
|           tile_0_0           |                           PE_64_213 |         96 |         96 |       0 |    0 |    16 |      0 |      0 |    0 |          0 |
|             (tile_0_0)       |                           PE_64_213 |          5 |          5 |       0 |    0 |    16 |      0 |      0 |    0 |          0 |
|             mac_unit         |                         MacUnit_214 |         91 |         91 |       0 |    0 |     0 |      0 |      0 |    0 |          0 |
|         mesh_6_0             |                            Tile_166 |         96 |         96 |       0 |    0 |    16 |      0 |      0 |    0 |          0 |
|           tile_0_0           |                           PE_64_211 |         96 |         96 |       0 |    0 |    16 |      0 |      0 |    0 |          0 |
|             (tile_0_0)       |                           PE_64_211 |          5 |          5 |       0 |    0 |    16 |      0 |      0 |    0 |          0 |
|             mac_unit         |                         MacUnit_212 |         91 |         91 |       0 |    0 |     0 |      0 |      0 |    0 |          0 |
|         mesh_6_1             |                            Tile_167 |         96 |         96 |       0 |    0 |    16 |      0 |      0 |    0 |          0 |
|           tile_0_0           |                           PE_64_209 |         96 |         96 |       0 |    0 |    16 |      0 |      0 |    0 |          0 |
|             (tile_0_0)       |                           PE_64_209 |          5 |          5 |       0 |    0 |    16 |      0 |      0 |    0 |          0 |
|             mac_unit         |                         MacUnit_210 |         91 |         91 |       0 |    0 |     0 |      0 |      0 |    0 |          0 |
|         mesh_6_2             |                            Tile_168 |         96 |         96 |       0 |    0 |    16 |      0 |      0 |    0 |          0 |
|           tile_0_0           |                           PE_64_207 |         96 |         96 |       0 |    0 |    16 |      0 |      0 |    0 |          0 |
|             (tile_0_0)       |                           PE_64_207 |          5 |          5 |       0 |    0 |    16 |      0 |      0 |    0 |          0 |
|             mac_unit         |                         MacUnit_208 |         91 |         91 |       0 |    0 |     0 |      0 |      0 |    0 |          0 |
|         mesh_6_3             |                            Tile_169 |         96 |         96 |       0 |    0 |    16 |      0 |      0 |    0 |          0 |
|           tile_0_0           |                           PE_64_205 |         96 |         96 |       0 |    0 |    16 |      0 |      0 |    0 |          0 |
|             (tile_0_0)       |                           PE_64_205 |          5 |          5 |       0 |    0 |    16 |      0 |      0 |    0 |          0 |
|             mac_unit         |                         MacUnit_206 |         91 |         91 |       0 |    0 |     0 |      0 |      0 |    0 |          0 |
|         mesh_6_4             |                            Tile_170 |         96 |         96 |       0 |    0 |    16 |      0 |      0 |    0 |          0 |
|           tile_0_0           |                           PE_64_203 |         96 |         96 |       0 |    0 |    16 |      0 |      0 |    0 |          0 |
|             (tile_0_0)       |                           PE_64_203 |          5 |          5 |       0 |    0 |    16 |      0 |      0 |    0 |          0 |
|             mac_unit         |                         MacUnit_204 |         91 |         91 |       0 |    0 |     0 |      0 |      0 |    0 |          0 |
|         mesh_6_5             |                            Tile_171 |         96 |         96 |       0 |    0 |    16 |      0 |      0 |    0 |          0 |
|           tile_0_0           |                           PE_64_201 |         96 |         96 |       0 |    0 |    16 |      0 |      0 |    0 |          0 |
|             (tile_0_0)       |                           PE_64_201 |          5 |          5 |       0 |    0 |    16 |      0 |      0 |    0 |          0 |
|             mac_unit         |                         MacUnit_202 |         91 |         91 |       0 |    0 |     0 |      0 |      0 |    0 |          0 |
|         mesh_6_6             |                            Tile_172 |         96 |         96 |       0 |    0 |    16 |      0 |      0 |    0 |          0 |
|           tile_0_0           |                           PE_64_199 |         96 |         96 |       0 |    0 |    16 |      0 |      0 |    0 |          0 |
|             (tile_0_0)       |                           PE_64_199 |          5 |          5 |       0 |    0 |    16 |      0 |      0 |    0 |          0 |
|             mac_unit         |                         MacUnit_200 |         91 |         91 |       0 |    0 |     0 |      0 |      0 |    0 |          0 |
|         mesh_6_7             |                            Tile_173 |         96 |         96 |       0 |    0 |    16 |      0 |      0 |    0 |          0 |
|           tile_0_0           |                           PE_64_197 |         96 |         96 |       0 |    0 |    16 |      0 |      0 |    0 |          0 |
|             (tile_0_0)       |                           PE_64_197 |          5 |          5 |       0 |    0 |    16 |      0 |      0 |    0 |          0 |
|             mac_unit         |                         MacUnit_198 |         91 |         91 |       0 |    0 |     0 |      0 |      0 |    0 |          0 |
|         mesh_7_0             |                            Tile_174 |         96 |         96 |       0 |    0 |    16 |      0 |      0 |    0 |          0 |
|           tile_0_0           |                           PE_64_195 |         96 |         96 |       0 |    0 |    16 |      0 |      0 |    0 |          0 |
|             (tile_0_0)       |                           PE_64_195 |          5 |          5 |       0 |    0 |    16 |      0 |      0 |    0 |          0 |
|             mac_unit         |                         MacUnit_196 |         91 |         91 |       0 |    0 |     0 |      0 |      0 |    0 |          0 |
|         mesh_7_1             |                            Tile_175 |         96 |         96 |       0 |    0 |    16 |      0 |      0 |    0 |          0 |
|           tile_0_0           |                           PE_64_193 |         96 |         96 |       0 |    0 |    16 |      0 |      0 |    0 |          0 |
|             (tile_0_0)       |                           PE_64_193 |          5 |          5 |       0 |    0 |    16 |      0 |      0 |    0 |          0 |
|             mac_unit         |                         MacUnit_194 |         91 |         91 |       0 |    0 |     0 |      0 |      0 |    0 |          0 |
|         mesh_7_2             |                            Tile_176 |         96 |         96 |       0 |    0 |    16 |      0 |      0 |    0 |          0 |
|           tile_0_0           |                           PE_64_191 |         96 |         96 |       0 |    0 |    16 |      0 |      0 |    0 |          0 |
|             (tile_0_0)       |                           PE_64_191 |          5 |          5 |       0 |    0 |    16 |      0 |      0 |    0 |          0 |
|             mac_unit         |                         MacUnit_192 |         91 |         91 |       0 |    0 |     0 |      0 |      0 |    0 |          0 |
|         mesh_7_3             |                            Tile_177 |         95 |         95 |       0 |    0 |    16 |      0 |      0 |    0 |          0 |
|           tile_0_0           |                           PE_64_189 |         95 |         95 |       0 |    0 |    16 |      0 |      0 |    0 |          0 |
|             (tile_0_0)       |                           PE_64_189 |          6 |          6 |       0 |    0 |    16 |      0 |      0 |    0 |          0 |
|             mac_unit         |                         MacUnit_190 |         91 |         91 |       0 |    0 |     0 |      0 |      0 |    0 |          0 |
|         mesh_7_4             |                            Tile_178 |         96 |         96 |       0 |    0 |    16 |      0 |      0 |    0 |          0 |
|           tile_0_0           |                           PE_64_187 |         96 |         96 |       0 |    0 |    16 |      0 |      0 |    0 |          0 |
|             (tile_0_0)       |                           PE_64_187 |          5 |          5 |       0 |    0 |    16 |      0 |      0 |    0 |          0 |
|             mac_unit         |                         MacUnit_188 |         91 |         91 |       0 |    0 |     0 |      0 |      0 |    0 |          0 |
|         mesh_7_5             |                            Tile_179 |         96 |         96 |       0 |    0 |    16 |      0 |      0 |    0 |          0 |
|           tile_0_0           |                           PE_64_185 |         96 |         96 |       0 |    0 |    16 |      0 |      0 |    0 |          0 |
|             (tile_0_0)       |                           PE_64_185 |          5 |          5 |       0 |    0 |    16 |      0 |      0 |    0 |          0 |
|             mac_unit         |                         MacUnit_186 |         91 |         91 |       0 |    0 |     0 |      0 |      0 |    0 |          0 |
|         mesh_7_6             |                            Tile_180 |         96 |         96 |       0 |    0 |    16 |      0 |      0 |    0 |          0 |
|           tile_0_0           |                           PE_64_183 |         96 |         96 |       0 |    0 |    16 |      0 |      0 |    0 |          0 |
|             (tile_0_0)       |                           PE_64_183 |          5 |          5 |       0 |    0 |    16 |      0 |      0 |    0 |          0 |
|             mac_unit         |                         MacUnit_184 |         91 |         91 |       0 |    0 |     0 |      0 |      0 |    0 |          0 |
|         mesh_7_7             |                            Tile_181 |         96 |         96 |       0 |    0 |    16 |      0 |      0 |    0 |          0 |
|           tile_0_0           |                           PE_64_182 |         96 |         96 |       0 |    0 |    16 |      0 |      0 |    0 |          0 |
|             (tile_0_0)       |                           PE_64_182 |          5 |          5 |       0 |    0 |    16 |      0 |      0 |    0 |          0 |
|             mac_unit         |                             MacUnit |         91 |         91 |       0 |    0 |     0 |      0 |      0 |    0 |          0 |
|       tagq                   |                            TagQueue |        524 |        524 |       0 |    0 |   231 |      0 |      0 |    0 |          0 |
|       total_rows_q           |        Queue6_TagWithIdAndTotalRows |         19 |         19 |       0 |    0 |     7 |      0 |      0 |    0 |          0 |
|       transposer             |                 AlwaysOutTransposer |        708 |        708 |       0 |    0 |   523 |      0 |      0 |    0 |          0 |
|         (transposer)         |                 AlwaysOutTransposer |         10 |         10 |       0 |    0 |    11 |      0 |      0 |    0 |          0 |
|         pes_0_0              |                                  PE |         18 |         18 |       0 |    0 |     8 |      0 |      0 |    0 |          0 |
|         pes_0_1              |                               PE_56 |         24 |         24 |       0 |    0 |     8 |      0 |      0 |    0 |          0 |
|         pes_0_2              |                               PE_57 |         24 |         24 |       0 |    0 |     8 |      0 |      0 |    0 |          0 |
|         pes_0_3              |                               PE_58 |         24 |         24 |       0 |    0 |     8 |      0 |      0 |    0 |          0 |
|         pes_0_4              |                               PE_59 |         24 |         24 |       0 |    0 |     8 |      0 |      0 |    0 |          0 |
|         pes_0_5              |                               PE_60 |         24 |         24 |       0 |    0 |     8 |      0 |      0 |    0 |          0 |
|         pes_0_6              |                               PE_61 |         24 |         24 |       0 |    0 |     8 |      0 |      0 |    0 |          0 |
|         pes_0_7              |                               PE_62 |         32 |         32 |       0 |    0 |     8 |      0 |      0 |    0 |          0 |
|         pes_1_0              |                               PE_63 |          8 |          8 |       0 |    0 |     8 |      0 |      0 |    0 |          0 |
|         pes_1_1              |                               PE_64 |          8 |          8 |       0 |    0 |     8 |      0 |      0 |    0 |          0 |
|         pes_1_2              |                               PE_65 |          8 |          8 |       0 |    0 |     8 |      0 |      0 |    0 |          0 |
|         pes_1_3              |                               PE_66 |          8 |          8 |       0 |    0 |     8 |      0 |      0 |    0 |          0 |
|         pes_1_4              |                               PE_67 |          8 |          8 |       0 |    0 |     8 |      0 |      0 |    0 |          0 |
|         pes_1_5              |                               PE_68 |          8 |          8 |       0 |    0 |     8 |      0 |      0 |    0 |          0 |
|         pes_1_6              |                               PE_69 |          8 |          8 |       0 |    0 |     8 |      0 |      0 |    0 |          0 |
|         pes_1_7              |                               PE_70 |         16 |         16 |       0 |    0 |     8 |      0 |      0 |    0 |          0 |
|         pes_2_0              |                               PE_71 |          8 |          8 |       0 |    0 |     8 |      0 |      0 |    0 |          0 |
|         pes_2_1              |                               PE_72 |          8 |          8 |       0 |    0 |     8 |      0 |      0 |    0 |          0 |
|         pes_2_2              |                               PE_73 |          8 |          8 |       0 |    0 |     8 |      0 |      0 |    0 |          0 |
|         pes_2_3              |                               PE_74 |          8 |          8 |       0 |    0 |     8 |      0 |      0 |    0 |          0 |
|         pes_2_4              |                               PE_75 |          8 |          8 |       0 |    0 |     8 |      0 |      0 |    0 |          0 |
|         pes_2_5              |                               PE_76 |          8 |          8 |       0 |    0 |     8 |      0 |      0 |    0 |          0 |
|         pes_2_6              |                               PE_77 |          8 |          8 |       0 |    0 |     8 |      0 |      0 |    0 |          0 |
|         pes_2_7              |                               PE_78 |         16 |         16 |       0 |    0 |     8 |      0 |      0 |    0 |          0 |
|         pes_3_0              |                               PE_79 |          8 |          8 |       0 |    0 |     8 |      0 |      0 |    0 |          0 |
|         pes_3_1              |                               PE_80 |          8 |          8 |       0 |    0 |     8 |      0 |      0 |    0 |          0 |
|         pes_3_2              |                               PE_81 |          8 |          8 |       0 |    0 |     8 |      0 |      0 |    0 |          0 |
|         pes_3_3              |                               PE_82 |          8 |          8 |       0 |    0 |     8 |      0 |      0 |    0 |          0 |
|         pes_3_4              |                               PE_83 |          8 |          8 |       0 |    0 |     8 |      0 |      0 |    0 |          0 |
|         pes_3_5              |                               PE_84 |          8 |          8 |       0 |    0 |     8 |      0 |      0 |    0 |          0 |
|         pes_3_6              |                               PE_85 |          8 |          8 |       0 |    0 |     8 |      0 |      0 |    0 |          0 |
|         pes_3_7              |                               PE_86 |         16 |         16 |       0 |    0 |     8 |      0 |      0 |    0 |          0 |
|         pes_4_0              |                               PE_87 |          8 |          8 |       0 |    0 |     8 |      0 |      0 |    0 |          0 |
|         pes_4_1              |                               PE_88 |          8 |          8 |       0 |    0 |     8 |      0 |      0 |    0 |          0 |
|         pes_4_2              |                               PE_89 |          8 |          8 |       0 |    0 |     8 |      0 |      0 |    0 |          0 |
|         pes_4_3              |                               PE_90 |          8 |          8 |       0 |    0 |     8 |      0 |      0 |    0 |          0 |
|         pes_4_4              |                               PE_91 |          8 |          8 |       0 |    0 |     8 |      0 |      0 |    0 |          0 |
|         pes_4_5              |                               PE_92 |          8 |          8 |       0 |    0 |     8 |      0 |      0 |    0 |          0 |
|         pes_4_6              |                               PE_93 |          8 |          8 |       0 |    0 |     8 |      0 |      0 |    0 |          0 |
|         pes_4_7              |                               PE_94 |         16 |         16 |       0 |    0 |     8 |      0 |      0 |    0 |          0 |
|         pes_5_0              |                               PE_95 |          8 |          8 |       0 |    0 |     8 |      0 |      0 |    0 |          0 |
|         pes_5_1              |                               PE_96 |          8 |          8 |       0 |    0 |     8 |      0 |      0 |    0 |          0 |
|         pes_5_2              |                               PE_97 |          8 |          8 |       0 |    0 |     8 |      0 |      0 |    0 |          0 |
|         pes_5_3              |                               PE_98 |          8 |          8 |       0 |    0 |     8 |      0 |      0 |    0 |          0 |
|         pes_5_4              |                               PE_99 |          8 |          8 |       0 |    0 |     8 |      0 |      0 |    0 |          0 |
|         pes_5_5              |                              PE_100 |          8 |          8 |       0 |    0 |     8 |      0 |      0 |    0 |          0 |
|         pes_5_6              |                              PE_101 |          8 |          8 |       0 |    0 |     8 |      0 |      0 |    0 |          0 |
|         pes_5_7              |                              PE_102 |         16 |         16 |       0 |    0 |     8 |      0 |      0 |    0 |          0 |
|         pes_6_0              |                              PE_103 |          8 |          8 |       0 |    0 |     8 |      0 |      0 |    0 |          0 |
|         pes_6_1              |                              PE_104 |          8 |          8 |       0 |    0 |     8 |      0 |      0 |    0 |          0 |
|         pes_6_2              |                              PE_105 |          8 |          8 |       0 |    0 |     8 |      0 |      0 |    0 |          0 |
|         pes_6_3              |                              PE_106 |          8 |          8 |       0 |    0 |     8 |      0 |      0 |    0 |          0 |
|         pes_6_4              |                              PE_107 |          8 |          8 |       0 |    0 |     8 |      0 |      0 |    0 |          0 |
|         pes_6_5              |                              PE_108 |          8 |          8 |       0 |    0 |     8 |      0 |      0 |    0 |          0 |
|         pes_6_6              |                              PE_109 |          8 |          8 |       0 |    0 |     8 |      0 |      0 |    0 |          0 |
|         pes_6_7              |                              PE_110 |         16 |         16 |       0 |    0 |     8 |      0 |      0 |    0 |          0 |
|         pes_7_0              |                              PE_111 |          8 |          8 |       0 |    0 |     8 |      0 |      0 |    0 |          0 |
|         pes_7_1              |                              PE_112 |          8 |          8 |       0 |    0 |     8 |      0 |      0 |    0 |          0 |
|         pes_7_2              |                              PE_113 |          8 |          8 |       0 |    0 |     8 |      0 |      0 |    0 |          0 |
|         pes_7_3              |                              PE_114 |          8 |          8 |       0 |    0 |     8 |      0 |      0 |    0 |          0 |
|         pes_7_4              |                              PE_115 |          8 |          8 |       0 |    0 |     8 |      0 |      0 |    0 |          0 |
|         pes_7_5              |                              PE_116 |          8 |          8 |       0 |    0 |     8 |      0 |      0 |    0 |          0 |
|         pes_7_6              |                              PE_117 |          8 |          8 |       0 |    0 |     8 |      0 |      0 |    0 |          0 |
|         pes_7_7              |                              PE_118 |         16 |         16 |       0 |    0 |     8 |      0 |      0 |    0 |          0 |
|     mesh_cntl_signals_q      |           Queue5_ComputeCntlSignals |        211 |        163 |      48 |    0 |     7 |      0 |      0 |    0 |          0 |
|       (mesh_cntl_signals_q)  |           Queue5_ComputeCntlSignals |          7 |          7 |       0 |    0 |     7 |      0 |      0 |    0 |          0 |
|       ram_ext                |                            ram_5x78 |        205 |        157 |      48 |    0 |     0 |      0 |      0 |    0 |          0 |
|     unrolled_cmd_mod         |            TransposePreloadUnroller |        124 |        124 |       0 |    0 |   183 |      0 |      0 |    0 |          0 |
|       (unrolled_cmd_mod)     |            TransposePreloadUnroller |          0 |          0 |       0 |    0 |     3 |      0 |      0 |    0 |          0 |
|       q                      |                    MultiHeadedQueue |        124 |        124 |       0 |    0 |   180 |      0 |      0 |    0 |          0 |
|   im2col                     |                              Im2Col |          0 |          0 |       0 |    0 |    13 |      0 |      0 |    0 |          0 |
|   load_controller            |                      LoadController |        634 |        534 |     100 |    0 |   322 |      0 |      0 |    0 |          0 |
|     (load_controller)        |                      LoadController |          4 |          4 |       0 |    0 |   180 |      0 |      0 |    0 |          0 |
|     cmd_q                    |                   Queue8_GemminiCmd |        413 |        313 |     100 |    0 |     7 |      0 |      0 |    0 |          0 |
|       (cmd_q)                |                   Queue8_GemminiCmd |          5 |          5 |       0 |    0 |     7 |      0 |      0 |    0 |          0 |
|       ram_ext                |                           ram_8x246 |        408 |        308 |     100 |    0 |     0 |      0 |      0 |    0 |          0 |
|     cmd_tracker              |                   DMACommandTracker |        219 |        219 |       0 |    0 |   135 |      0 |      0 |    0 |          0 |
|   mod                        |                          LoopMatmul |       3036 |       2900 |     136 |    0 |  1647 |      0 |      0 |    0 |         17 |
|     (mod)                    |                          LoopMatmul |         55 |         55 |       0 |    0 |   835 |      0 |      0 |    0 |          0 |
|     cmd_q                    |                Queue2_GemminiCmd_54 |        233 |         97 |     136 |    0 |     3 |      0 |      0 |    0 |          0 |
|       (cmd_q)                |                Queue2_GemminiCmd_54 |          4 |          4 |       0 |    0 |     3 |      0 |      0 |    0 |          0 |
|       ram_ext                |                        ram_2x274_55 |        229 |         93 |     136 |    0 |     0 |      0 |      0 |    0 |          0 |
|     ex                       |                   LoopMatmulExecute |        539 |        539 |       0 |    0 |   144 |      0 |      0 |    0 |          4 |
|     ldA                      |                       LoopMatmulLdA |        502 |        502 |       0 |    0 |   134 |      0 |      0 |    0 |          2 |
|     ldB                      |                       LoopMatmulLdB |        478 |        478 |       0 |    0 |   134 |      0 |      0 |    0 |          3 |
|     ldD                      |                       LoopMatmulLdD |        366 |        366 |       0 |    0 |   117 |      0 |      0 |    0 |          2 |
|     stC                      |                       LoopMatmulStC |        672 |        672 |       0 |    0 |   171 |      0 |      0 |    0 |          5 |
|     stC_spad                 |                   LoopMatmulStCSpad |        254 |        254 |       0 |    0 |   109 |      0 |      0 |    0 |          1 |
|   raw_cmd_q                  |                   Queue2_GemminiCmd |        139 |          3 |     136 |    0 |     3 |      0 |      0 |    0 |          0 |
|     (raw_cmd_q)              |                   Queue2_GemminiCmd |          3 |          3 |       0 |    0 |     3 |      0 |      0 |    0 |          0 |
|     ram_ext                  |                        ram_2x274_53 |        137 |          1 |     136 |    0 |     0 |      0 |      0 |    0 |          0 |
|   reservation_station        |                  ReservationStation |       4994 |       4994 |       0 |    0 |  6162 |      0 |      0 |    0 |          2 |
|   spad                       |                          Scratchpad |      13675 |      12085 |    1590 |    0 |  9538 |     80 |      0 |    0 |          2 |
|     (spad)                   |                          Scratchpad |          4 |          4 |       0 |    0 |     0 |      0 |      0 |    0 |          0 |
|     acc_adders               |                       AccPipeShared |          0 |          0 |       0 |    0 |   256 |      0 |      0 |    0 |          0 |
|       m                      |                             AccPipe |          0 |          0 |       0 |    0 |    32 |      0 |      0 |    0 |          0 |
|       m_1                    |                          AccPipe_46 |          0 |          0 |       0 |    0 |    32 |      0 |      0 |    0 |          0 |
|       m_2                    |                          AccPipe_47 |          0 |          0 |       0 |    0 |    32 |      0 |      0 |    0 |          0 |
|       m_3                    |                          AccPipe_48 |          0 |          0 |       0 |    0 |    32 |      0 |      0 |    0 |          0 |
|       m_4                    |                          AccPipe_49 |          0 |          0 |       0 |    0 |    32 |      0 |      0 |    0 |          0 |
|       m_5                    |                          AccPipe_50 |          0 |          0 |       0 |    0 |    32 |      0 |      0 |    0 |          0 |
|       m_6                    |                          AccPipe_51 |          0 |          0 |       0 |    0 |    32 |      0 |      0 |    0 |          0 |
|       m_7                    |                          AccPipe_52 |          0 |          0 |       0 |    0 |    32 |      0 |      0 |    0 |          0 |
|     acc_mems_0               |                      AccumulatorMem |        541 |        541 |       0 |    0 |   867 |      8 |      0 |    0 |          0 |
|       (acc_mems_0)           |                      AccumulatorMem |        150 |        150 |       0 |    0 |   602 |      0 |      0 |    0 |          0 |
|       mem                    |                   TwoPortSyncMem_39 |        259 |        259 |       0 |    0 |     0 |      8 |      0 |    0 |          0 |
|         mem_ext              |                     mem_1024x256_41 |        259 |        259 |       0 |    0 |     0 |      8 |      0 |    0 |          0 |
|           col[0].m           |                 mem_1024x256_col_42 |         62 |         62 |       0 |    0 |     0 |      2 |      0 |    0 |          0 |
|           col[1].m           |                 mem_1024x256_col_43 |         62 |         62 |       0 |    0 |     0 |      2 |      0 |    0 |          0 |
|           col[2].m           |                 mem_1024x256_col_44 |         62 |         62 |       0 |    0 |     0 |      2 |      0 |    0 |          0 |
|           col[3].m           |                 mem_1024x256_col_45 |         73 |         73 |       0 |    0 |     0 |      2 |      0 |    0 |          0 |
|       q                      |       Queue1_AccumulatorReadResp_40 |        132 |        132 |       0 |    0 |   265 |      0 |      0 |    0 |          0 |
|     acc_mems_1               |                    AccumulatorMem_3 |        687 |        687 |       0 |    0 |   879 |      8 |      0 |    0 |          0 |
|       (acc_mems_1)           |                    AccumulatorMem_3 |        148 |        148 |       0 |    0 |   611 |      0 |      0 |    0 |          0 |
|       mem                    |                      TwoPortSyncMem |        267 |        267 |       0 |    0 |     0 |      8 |      0 |    0 |          0 |
|         mem_ext              |                        mem_1024x256 |        267 |        267 |       0 |    0 |     0 |      8 |      0 |    0 |          0 |
|           col[0].m           |                    mem_1024x256_col |         64 |         64 |       0 |    0 |     0 |      2 |      0 |    0 |          0 |
|           col[1].m           |                 mem_1024x256_col_36 |         64 |         64 |       0 |    0 |     0 |      2 |      0 |    0 |          0 |
|           col[2].m           |                 mem_1024x256_col_37 |         64 |         64 |       0 |    0 |     0 |      2 |      0 |    0 |          0 |
|           col[3].m           |                 mem_1024x256_col_38 |         75 |         75 |       0 |    0 |     0 |      2 |      0 |    0 |          0 |
|       q                      |          Queue1_AccumulatorReadResp |        272 |        272 |       0 |    0 |   268 |      0 |      0 |    0 |          0 |
|     acc_scale_unit           |                    AccumulatorScale |          1 |          1 |       0 |    0 |    66 |      0 |      0 |    0 |          0 |
|       pipe_out_p             |                          Pipeline_2 |          1 |          1 |       0 |    0 |    66 |      0 |      0 |    0 |          0 |
|     buffer                   |             TLBuffer_a32d128s6k2z4u |        457 |        335 |     122 |    0 |     6 |      0 |      0 |    0 |          0 |
|       nodeIn_d_q             |  Queue2_TLBundleD_a32d128s6k2z4u_32 |        397 |        315 |      82 |    0 |     3 |      0 |      0 |    0 |          0 |
|         (nodeIn_d_q)         |  Queue2_TLBundleD_a32d128s6k2z4u_32 |          7 |          7 |       0 |    0 |     3 |      0 |      0 |    0 |          0 |
|         ram_ext              |                        ram_2x141_35 |        390 |        308 |      82 |    0 |     0 |      0 |      0 |    0 |          0 |
|       nodeOut_a_q            |  Queue2_TLBundleA_a32d128s6k2z4u_33 |         60 |         20 |      40 |    0 |     3 |      0 |      0 |    0 |          0 |
|         (nodeOut_a_q)        |  Queue2_TLBundleA_a32d128s6k2z4u_33 |         12 |         12 |       0 |    0 |     3 |      0 |      0 |    0 |          0 |
|         ram_ext              |                        ram_2x193_34 |         49 |          9 |      40 |    0 |     0 |      0 |      0 |    0 |          0 |
|     buffer_1                 |           TLBuffer_a32d128s6k2z4u_4 |        155 |         35 |     120 |    0 |     6 |      0 |      0 |    0 |          0 |
|       nodeIn_d_q             |     Queue2_TLBundleD_a32d128s6k2z4u |         33 |         25 |       8 |    0 |     3 |      0 |      0 |    0 |          0 |
|         (nodeIn_d_q)         |     Queue2_TLBundleD_a32d128s6k2z4u |          3 |          3 |       0 |    0 |     3 |      0 |      0 |    0 |          0 |
|         ram_ext              |                           ram_2x141 |         30 |         22 |       8 |    0 |     0 |      0 |      0 |    0 |          0 |
|       nodeOut_a_q            |     Queue2_TLBundleA_a32d128s6k2z4u |        122 |         10 |     112 |    0 |     3 |      0 |      0 |    0 |          0 |
|         (nodeOut_a_q)        |     Queue2_TLBundleA_a32d128s6k2z4u |          3 |          3 |       0 |    0 |     3 |      0 |      0 |    0 |          0 |
|         ram_ext              |                           ram_2x193 |        120 |          8 |     112 |    0 |     0 |      0 |      0 |    0 |          0 |
|     buffer_2                 |             TLBuffer_a32d128s7k2z4u |        212 |         12 |     200 |    0 |     6 |      0 |      0 |    0 |          0 |
|       nodeIn_d_q             |     Queue2_TLBundleD_a32d128s7k2z4u |         92 |          4 |      88 |    0 |     3 |      0 |      0 |    0 |          0 |
|         (nodeIn_d_q)         |     Queue2_TLBundleD_a32d128s7k2z4u |          3 |          3 |       0 |    0 |     3 |      0 |      0 |    0 |          0 |
|         ram_ext              |                           ram_2x148 |         89 |          1 |      88 |    0 |     0 |      0 |      0 |    0 |          0 |
|       nodeOut_a_q            |     Queue2_TLBundleA_a32d128s7k2z4u |        120 |          8 |     112 |    0 |     3 |      0 |      0 |    0 |          0 |
|         (nodeOut_a_q)        |     Queue2_TLBundleA_a32d128s7k2z4u |          8 |          8 |       0 |    0 |     3 |      0 |      0 |    0 |          0 |
|         ram_ext              |                           ram_2x194 |        113 |          1 |     112 |    0 |     0 |      0 |      0 |    0 |          0 |
|     dma_read_pipe            |           Queue4_ScratchpadReadResp |         45 |          5 |      40 |    0 |     5 |      0 |      0 |    0 |          0 |
|       (dma_read_pipe)        |           Queue4_ScratchpadReadResp |          4 |          4 |       0 |    0 |     5 |      0 |      0 |    0 |          0 |
|       ram_ext                |                         ram_4x65_31 |         41 |          1 |      40 |    0 |     0 |      0 |      0 |    0 |          0 |
|     dma_read_pipe_1          |         Queue4_ScratchpadReadResp_5 |         44 |          4 |      40 |    0 |     5 |      0 |      0 |    0 |          0 |
|       (dma_read_pipe_1)      |         Queue4_ScratchpadReadResp_5 |          4 |          4 |       0 |    0 |     5 |      0 |      0 |    0 |          0 |
|       ram_ext                |                         ram_4x65_30 |         41 |          1 |      40 |    0 |     0 |      0 |      0 |    0 |          0 |
|     dma_read_pipe_2          |         Queue4_ScratchpadReadResp_6 |         44 |          4 |      40 |    0 |     5 |      0 |      0 |    0 |          0 |
|       (dma_read_pipe_2)      |         Queue4_ScratchpadReadResp_6 |          3 |          3 |       0 |    0 |     5 |      0 |      0 |    0 |          0 |
|       ram_ext                |                         ram_4x65_29 |         41 |          1 |      40 |    0 |     0 |      0 |      0 |    0 |          0 |
|     dma_read_pipe_3          |         Queue4_ScratchpadReadResp_7 |         44 |          4 |      40 |    0 |     5 |      0 |      0 |    0 |          0 |
|       (dma_read_pipe_3)      |         Queue4_ScratchpadReadResp_7 |          3 |          3 |       0 |    0 |     5 |      0 |      0 |    0 |          0 |
|       ram_ext                |                         ram_4x65_28 |         41 |          1 |      40 |    0 |     0 |      0 |      0 |    0 |          0 |
|     ex_read_pipe             |         Queue4_ScratchpadReadResp_8 |         54 |         14 |      40 |    0 |     5 |      0 |      0 |    0 |          0 |
|       (ex_read_pipe)         |         Queue4_ScratchpadReadResp_8 |          6 |          6 |       0 |    0 |     5 |      0 |      0 |    0 |          0 |
|       ram_ext                |                         ram_4x65_27 |         48 |          8 |      40 |    0 |     0 |      0 |      0 |    0 |          0 |
|     ex_read_pipe_1           |         Queue4_ScratchpadReadResp_9 |        193 |        153 |      40 |    0 |     5 |      0 |      0 |    0 |          0 |
|       (ex_read_pipe_1)       |         Queue4_ScratchpadReadResp_9 |          6 |          6 |       0 |    0 |     5 |      0 |      0 |    0 |          0 |
|       ram_ext                |                         ram_4x65_26 |        187 |        147 |      40 |    0 |     0 |      0 |      0 |    0 |          0 |
|     ex_read_pipe_2           |        Queue4_ScratchpadReadResp_10 |         45 |          5 |      40 |    0 |     5 |      0 |      0 |    0 |          0 |
|       (ex_read_pipe_2)       |        Queue4_ScratchpadReadResp_10 |          4 |          4 |       0 |    0 |     5 |      0 |      0 |    0 |          0 |
|       ram_ext                |                         ram_4x65_25 |         41 |          1 |      40 |    0 |     0 |      0 |      0 |    0 |          0 |
|     ex_read_pipe_3           |        Queue4_ScratchpadReadResp_11 |        132 |         92 |      40 |    0 |     5 |      0 |      0 |    0 |          0 |
|       (ex_read_pipe_3)       |        Queue4_ScratchpadReadResp_11 |          4 |          4 |       0 |    0 |     5 |      0 |      0 |    0 |          0 |
|       ram_ext                |                            ram_4x65 |        128 |         88 |      40 |    0 |     0 |      0 |      0 |    0 |          0 |
|     norm_unit_passthru_q     |              Queue2_NormalizedInput |       1194 |       1042 |     152 |    0 |     3 |      0 |      0 |    0 |          0 |
|       (norm_unit_passthru_q) |              Queue2_NormalizedInput |          4 |          4 |       0 |    0 |     3 |      0 |      0 |    0 |          0 |
|       ram_ext                |                           ram_2x267 |       1190 |       1038 |     152 |    0 |     0 |      0 |      0 |    0 |          0 |
|     read_issue_q             |     Queue5_ScratchpadMemReadRequest |        114 |         42 |      72 |    0 |     7 |      0 |      0 |    0 |          0 |
|       (read_issue_q)         |     Queue5_ScratchpadMemReadRequest |          8 |          8 |       0 |    0 |     7 |      0 |      0 |    0 |          0 |
|       ram_ext                |                           ram_5x228 |        106 |         34 |      72 |    0 |     0 |      0 |      0 |    0 |          0 |
|     reader                   |                        StreamReader |       4944 |       4944 |       0 |    0 |  4858 |      0 |      0 |    0 |          1 |
|       (reader)               |                        StreamReader |          0 |          0 |       0 |    0 |    23 |      0 |      0 |    0 |          0 |
|       beatPacker             |                          BeatMerger |       3398 |       3398 |       0 |    0 |   568 |      0 |      0 |    0 |          1 |
|       core                   |                    StreamReaderCore |        218 |        218 |       0 |    0 |   267 |      0 |      0 |    0 |          0 |
|         (core)               |                    StreamReaderCore |        184 |        184 |       0 |    0 |   139 |      0 |      0 |    0 |          0 |
|         tlb_q                |            Queue1_TLBundleAWithInfo |         11 |         11 |       0 |    0 |    64 |      0 |      0 |    0 |          0 |
|         translate_q          |         Queue1_TLBundleAWithInfo_24 |         23 |         23 |       0 |    0 |    64 |      0 |      0 |    0 |          0 |
|       xactTracker            |                         XactTracker |       1328 |       1328 |       0 |    0 |  4000 |      0 |      0 |    0 |          0 |
|     spad_mems_0              |                      ScratchpadBank |         40 |         40 |       0 |    0 |    68 |     16 |      0 |    0 |          0 |
|       (spad_mems_0)          |                      ScratchpadBank |          0 |          0 |       0 |    0 |     2 |      0 |      0 |    0 |          0 |
|       mem_ext                |                      mem_8192x64_22 |          0 |          0 |       0 |    0 |     0 |     16 |      0 |    0 |          0 |
|       q                      |        Queue1_ScratchpadReadResp_23 |         40 |         40 |       0 |    0 |    66 |      0 |      0 |    0 |          0 |
|     spad_mems_1              |                   ScratchpadBank_12 |         38 |         38 |       0 |    0 |    68 |     16 |      0 |    0 |          0 |
|       (spad_mems_1)          |                   ScratchpadBank_12 |          0 |          0 |       0 |    0 |     2 |      0 |      0 |    0 |          0 |
|       mem_ext                |                      mem_8192x64_20 |          0 |          0 |       0 |    0 |     0 |     16 |      0 |    0 |          0 |
|       q                      |        Queue1_ScratchpadReadResp_21 |         38 |         38 |       0 |    0 |    66 |      0 |      0 |    0 |          0 |
|     spad_mems_2              |                   ScratchpadBank_13 |         41 |         41 |       0 |    0 |    68 |     16 |      0 |    0 |          0 |
|       (spad_mems_2)          |                   ScratchpadBank_13 |          0 |          0 |       0 |    0 |     2 |      0 |      0 |    0 |          0 |
|       mem_ext                |                      mem_8192x64_18 |          0 |          0 |       0 |    0 |     0 |     16 |      0 |    0 |          0 |
|       q                      |        Queue1_ScratchpadReadResp_19 |         41 |         41 |       0 |    0 |    66 |      0 |      0 |    0 |          0 |
|     spad_mems_3              |                   ScratchpadBank_14 |         40 |         40 |       0 |    0 |    68 |     16 |      0 |    0 |          0 |
|       (spad_mems_3)          |                   ScratchpadBank_14 |          0 |          0 |       0 |    0 |     2 |      0 |      0 |    0 |          0 |
|       mem_ext                |                         mem_8192x64 |          0 |          0 |       0 |    0 |     0 |     16 |      0 |    0 |          0 |
|       q                      |           Queue1_ScratchpadReadResp |         40 |         40 |       0 |    0 |    66 |      0 |      0 |    0 |          0 |
|     vsm                      |              VectorScalarMultiplier |        690 |        690 |       0 |    0 |   119 |      0 |      0 |    0 |          0 |
|     vsm_1                    |            VectorScalarMultiplier_1 |         42 |         42 |       0 |    0 |   331 |      0 |      0 |    0 |          0 |
|     vsm_in_q                 |    Queue2_VectorScalarMultiplierReq |         73 |          9 |      64 |    0 |     3 |      0 |      0 |    0 |          0 |
|       (vsm_in_q)             |    Queue2_VectorScalarMultiplierReq |          6 |          6 |       0 |    0 |     3 |      0 |      0 |    0 |          0 |
|       ram_ext                |                           ram_2x122 |         67 |          3 |      64 |    0 |     0 |      0 |      0 |    0 |          0 |
|     vsm_in_q_1               |  Queue2_VectorScalarMultiplierReq_1 |        201 |          9 |     192 |    0 |     3 |      0 |      0 |    0 |          0 |
|       (vsm_in_q_1)           |  Queue2_VectorScalarMultiplierReq_1 |          6 |          6 |       0 |    0 |     3 |      0 |      0 |    0 |          0 |
|       ram_ext                |                           ram_2x338 |        195 |          3 |     192 |    0 |     0 |      0 |      0 |    0 |          0 |
|     widget                   |                     TLWidthWidget16 |        168 |        168 |       0 |    0 |   198 |      0 |      0 |    0 |          0 |
|       (widget)               |                     TLWidthWidget16 |         67 |         67 |       0 |    0 |    67 |      0 |      0 |    0 |          0 |
|       repeated_repeater      |   Repeater_TLBundleA_a32d128s7k2z4u |        101 |        101 |       0 |    0 |   131 |      0 |      0 |    0 |          0 |
|     write_dispatch_q_q       |    Queue2_ScratchpadMemWriteRequest |        164 |         72 |      92 |    0 |     3 |      0 |      0 |    0 |          0 |
|       (write_dispatch_q_q)   |    Queue2_ScratchpadMemWriteRequest |          2 |          2 |       0 |    0 |     3 |      0 |      0 |    0 |          0 |
|       ram_ext                |                           ram_2x356 |        163 |         71 |      92 |    0 |     0 |      0 |      0 |    0 |          0 |
|     write_issue_q            |    Queue5_ScratchpadMemWriteRequest |        274 |        202 |      72 |    0 |     7 |      0 |      0 |    0 |          0 |
|       (write_issue_q)        |    Queue5_ScratchpadMemWriteRequest |          6 |          6 |       0 |    0 |     7 |      0 |      0 |    0 |          0 |
|       ram_ext                |                           ram_5x191 |        269 |        197 |      72 |    0 |     0 |      0 |      0 |    0 |          0 |
|     write_norm_q             |    Queue6_ScratchpadMemWriteRequest |        110 |         18 |      92 |    0 |     7 |      0 |      0 |    0 |          0 |
|       (write_norm_q)         |    Queue6_ScratchpadMemWriteRequest |          6 |          6 |       0 |    0 |     7 |      0 |      0 |    0 |          0 |
|       ram_ext                |                        ram_6x356_17 |        104 |         12 |      92 |    0 |     0 |      0 |      0 |    0 |          0 |
|     write_scale_q            | Queue6_ScratchpadMemWriteRequest_15 |        109 |         17 |      92 |    0 |     7 |      0 |      0 |    0 |          0 |
|       (write_scale_q)        | Queue6_ScratchpadMemWriteRequest_15 |          6 |          6 |       0 |    0 |     7 |      0 |      0 |    0 |          0 |
|       ram_ext                |                           ram_6x356 |        103 |         11 |      92 |    0 |     0 |      0 |      0 |    0 |          0 |
|     writer                   |                        StreamWriter |       2600 |       2600 |       0 |    0 |  1565 |      0 |      0 |    0 |          0 |
|       (writer)               |                        StreamWriter |       1016 |       1016 |       0 |    0 |   952 |      0 |      0 |    0 |          0 |
|       shadow_retry_a         |          Queue1_TLBundleAWithInfo_2 |         51 |         51 |       0 |    0 |   205 |      0 |      0 |    0 |          0 |
|       tlb_q                  |          Queue1_TLBundleAWithInfo_3 |       1292 |       1292 |       0 |    0 |   204 |      0 |      0 |    0 |          0 |
|       translate_q            |       Queue1_TLBundleAWithInfo_3_16 |        254 |        254 |       0 |    0 |   204 |      0 |      0 |    0 |          0 |
|     xbar                     |         TLXbar_i2_o1_a32d128s7k2z4u |        141 |        141 |       0 |    0 |    12 |      0 |      0 |    0 |          0 |
|     zero_writer              |                          ZeroWriter |         70 |         70 |       0 |    0 |    17 |      0 |      0 |    0 |          1 |
|   store_controller           |                     StoreController |        946 |        822 |     124 |    0 |   315 |      0 |      0 |    0 |          4 |
|     (store_controller)       |                     StoreController |        216 |        216 |       0 |    0 |   123 |      0 |      0 |    0 |          4 |
|     cmd_q                    |                 Queue2_GemminiCmd_1 |        360 |        236 |     124 |    0 |     3 |      0 |      0 |    0 |          0 |
|       (cmd_q)                |                 Queue2_GemminiCmd_1 |         36 |         36 |       0 |    0 |     3 |      0 |      0 |    0 |          0 |
|       ram_ext                |                         ram_2x274_2 |        325 |        201 |     124 |    0 |     0 |      0 |      0 |    0 |          0 |
|     cmd_tracker              |                 DMACommandTracker_1 |        373 |        373 |       0 |    0 |   189 |      0 |      0 |    0 |          0 |
|   tlb                        |                         FrontendTLB |        936 |        936 |       0 |    0 |   664 |      0 |      0 |    0 |          0 |
|     (tlb)                    |                         FrontendTLB |          1 |          1 |       0 |    0 |   219 |      0 |      0 |    0 |          0 |
|     tlbArbOpt                |                           RRArbiter |        611 |        611 |       0 |    0 |     1 |      0 |      0 |    0 |          0 |
|     tlbs_0                   |                        DecoupledTLB |        324 |        324 |       0 |    0 |   444 |      0 |      0 |    0 |          0 |
|       (tlbs_0)               |                        DecoupledTLB |          0 |          0 |       0 |    0 |     1 |      0 |      0 |    0 |          0 |
|       tlb                    |                              DTLB_2 |        324 |        324 |       0 |    0 |   443 |      0 |      0 |    0 |          0 |
|         (tlb)                |                              DTLB_2 |        293 |        293 |       0 |    0 |   443 |      0 |      0 |    0 |          0 |
|         pmp                  |                       PMPChecker_s6 |         31 |         31 |       0 |    0 |     0 |      0 |      0 |    0 |          0 |
|   unrolled_cmd_q             |                 Queue2_GemminiCmd_0 |       5711 |       5573 |     138 |    0 |     3 |      0 |      0 |    0 |          0 |
|     (unrolled_cmd_q)         |                 Queue2_GemminiCmd_0 |          5 |          5 |       0 |    0 |     3 |      0 |      0 |    0 |          0 |
|     ram_ext                  |                           ram_2x274 |       5706 |       5568 |     138 |    0 |     0 |      0 |      0 |    0 |          0 |
+------------------------------+-------------------------------------+------------+------------+---------+------+-------+--------+--------+------+------------+
* Note: The sum of lower-level cells may be larger than their parent cells total, due to cross-hierarchy LUT combining


