Copyright 1986-2022 Xilinx, Inc. All Rights Reserved. Copyright 2022-2023 Advanced Micro Devices, Inc. All Rights Reserved.
--------------------------------------------------------------------------------------------------------------------------------------------------
| Tool Version      : Vivado v.2023.2 (lin64) Build 4029153 Fri Oct 13 20:13:54 MDT 2023
| Date              : Tue Sep  8 00:52:21 2026
| Host              : brg-zhang-xcel.ece.cornell.edu running 64-bit Red Hat Enterprise Linux 9.8 (Plow)
| Command           : report_timing_summary -file timing.rpt
| Design            : dut_norm
| Device            : xcu280-fsvh2892
| Speed File        : -2L  PRODUCTION 1.30 05-01-2022
| Design State      : Routed
| Temperature Grade : E
--------------------------------------------------------------------------------------------------------------------------------------------------

Timing Summary Report

------------------------------------------------------------------------------------------------
| Timer Settings
| --------------
------------------------------------------------------------------------------------------------

  Enable Multi Corner Analysis               :  Yes
  Enable Pessimism Removal                   :  Yes
  Pessimism Removal Resolution               :  Nearest Common Node
  Enable Input Delay Default Clock           :  No
  Enable Preset / Clear Arcs                 :  No
  Disable Flight Delays                      :  No
  Ignore I/O Paths                           :  No
  Timing Early Launch at Borrowing Latches   :  No
  Borrow Time for Max Delay Exceptions       :  Yes
  Merge Timing Exceptions                    :  Yes
  Inter-SLR Compensation                     :  Conservative

  Corner  Analyze    Analyze    
  Name    Max Paths  Min Paths  
  ------  ---------  ---------  
  Slow    Yes        Yes        
  Fast    Yes        Yes        


------------------------------------------------------------------------------------------------
| Report Methodology
| ------------------
------------------------------------------------------------------------------------------------

No report available as report_methodology has not been run prior. Run report_methodology on the current design for the summary of methodology violations.



check_timing report

Table of Contents
-----------------
1. checking no_clock (0)
2. checking constant_clock (0)
3. checking pulse_width_clock (0)
4. checking unconstrained_internal_endpoints (0)
5. checking no_input_delay (145)
6. checking no_output_delay (280)
7. checking multiple_clock (0)
8. checking generated_clocks (0)
9. checking loops (0)
10. checking partial_input_delay (0)
11. checking partial_output_delay (0)
12. checking latch_loops (0)

1. checking no_clock (0)
------------------------
 There are 0 register/latch pins with no clock.


2. checking constant_clock (0)
------------------------------
 There are 0 register/latch pins with constant_clock.


3. checking pulse_width_clock (0)
---------------------------------
 There are 0 register/latch pins which need pulse_width check


4. checking unconstrained_internal_endpoints (0)
------------------------------------------------
 There are 0 pins that are not constrained for maximum delay.

 There are 0 pins that are not constrained for maximum delay due to constant clock.


5. checking no_input_delay (145)
--------------------------------
 There are 145 input ports with no input delay specified. (HIGH)

 There are 0 input ports with no input delay but user has a false path constraint.


6. checking no_output_delay (280)
---------------------------------
 There are 280 ports with no output delay specified. (HIGH)

 There are 0 ports with no output delay but user has a false path constraint

 There are 0 ports with no output delay but with a timing clock defined on it or propagating through it


7. checking multiple_clock (0)
------------------------------
 There are 0 register/latch pins with multiple clocks.


8. checking generated_clocks (0)
--------------------------------
 There are 0 generated clocks that are not connected to a clock source.


9. checking loops (0)
---------------------
 There are 0 combinational loops in the design.


10. checking partial_input_delay (0)
------------------------------------
 There are 0 input ports with partial input delay specified.


11. checking partial_output_delay (0)
-------------------------------------
 There are 0 ports with partial output delay specified.


12. checking latch_loops (0)
----------------------------
 There are 0 combinational latch loops in the design through latch input



------------------------------------------------------------------------------------------------
| Design Timing Summary
| ---------------------
------------------------------------------------------------------------------------------------

    WNS(ns)      TNS(ns)  TNS Failing Endpoints  TNS Total Endpoints      WHS(ns)      THS(ns)  THS Failing Endpoints  THS Total Endpoints     WPWS(ns)     TPWS(ns)  TPWS Failing Endpoints  TPWS Total Endpoints  
    -------      -------  ---------------------  -------------------      -------      -------  ---------------------  -------------------     --------     --------  ----------------------  --------------------  
      0.539        0.000                      0                14507        0.041        0.000                      0                14507        1.391        0.000                       0                  4034  


All user specified timing constraints are met.


------------------------------------------------------------------------------------------------
| Clock Summary
| -------------
------------------------------------------------------------------------------------------------

Clock   Waveform(ns)         Period(ns)      Frequency(MHz)
-----   ------------         ----------      --------------
ap_clk  {0.000 1.666}        3.333           300.030         


------------------------------------------------------------------------------------------------
| Intra Clock Table
| -----------------
------------------------------------------------------------------------------------------------

Clock             WNS(ns)      TNS(ns)  TNS Failing Endpoints  TNS Total Endpoints      WHS(ns)      THS(ns)  THS Failing Endpoints  THS Total Endpoints     WPWS(ns)     TPWS(ns)  TPWS Failing Endpoints  TPWS Total Endpoints  
-----             -------      -------  ---------------------  -------------------      -------      -------  ---------------------  -------------------     --------     --------  ----------------------  --------------------  
ap_clk              0.539        0.000                      0                14507        0.041        0.000                      0                14507        1.391        0.000                       0                  4034  


------------------------------------------------------------------------------------------------
| Inter Clock Table
| -----------------
------------------------------------------------------------------------------------------------

From Clock    To Clock          WNS(ns)      TNS(ns)  TNS Failing Endpoints  TNS Total Endpoints      WHS(ns)      THS(ns)  THS Failing Endpoints  THS Total Endpoints  
----------    --------          -------      -------  ---------------------  -------------------      -------      -------  ---------------------  -------------------  


------------------------------------------------------------------------------------------------
| Other Path Groups Table
| -----------------------
------------------------------------------------------------------------------------------------

Path Group    From Clock    To Clock          WNS(ns)      TNS(ns)  TNS Failing Endpoints  TNS Total Endpoints      WHS(ns)      THS(ns)  THS Failing Endpoints  THS Total Endpoints  
----------    ----------    --------          -------      -------  ---------------------  -------------------      -------      -------  ---------------------  -------------------  


------------------------------------------------------------------------------------------------
| Timing Details
| --------------
------------------------------------------------------------------------------------------------


---------------------------------------------------------------------------------------------------
From Clock:  ap_clk
  To Clock:  ap_clk

Setup :            0  Failing Endpoints,  Worst Slack        0.539ns,  Total Violation        0.000ns
Hold  :            0  Failing Endpoints,  Worst Slack        0.041ns,  Total Violation        0.000ns
PW    :            0  Failing Endpoints,  Worst Slack        1.391ns,  Total Violation        0.000ns
---------------------------------------------------------------------------------------------------


Max Delay Paths
--------------------------------------------------------------------------------------
Slack (MET) :             0.539ns  (required time - arrival time)
  Source:                 row[7].col[4].u_pe/prod/DSP_A_B_DATA_INST/CLK
                            (rising edge-triggered cell DSP_A_B_DATA clocked by ap_clk  {rise@0.000ns fall@1.666ns period=3.333ns})
  Destination:            row[7].col[4].u_pe/acc0/DSP_C_DATA_INST/C[33]
                            (rising edge-triggered cell DSP_C_DATA clocked by ap_clk  {rise@0.000ns fall@1.666ns period=3.333ns})
  Path Group:             ap_clk
  Path Type:              Setup (Max at Slow Process Corner)
  Requirement:            3.333ns  (ap_clk rise@3.333ns - ap_clk rise@0.000ns)
  Data Path Delay:        2.487ns  (logic 1.743ns (70.082%)  route 0.744ns (29.918%))
  Logic Levels:           6  (DSP_ALU=1 DSP_M_DATA=1 DSP_MULTIPLIER=1 DSP_OUTPUT=1 DSP_PREADD_DATA=1 LUT5=1)
  Clock Path Skew:        -0.017ns (DCD - SCD + CPR)
    Destination Clock Delay (DCD):    0.043ns = ( 3.376 - 3.333 ) 
    Source Clock Delay      (SCD):    0.060ns
    Clock Pessimism Removal (CPR):    0.000ns
  Clock Uncertainty:      0.035ns  ((TSJ^2 + TIJ^2)^1/2 + DJ) / 2 + PE
    Total System Jitter     (TSJ):    0.071ns
    Total Input Jitter      (TIJ):    0.000ns
    Discrete Jitter          (DJ):    0.000ns
    Phase Error              (PE):    0.000ns

    Location             Delay type                Incr(ns)  Path(ns)    Netlist Resource(s)
  -------------------------------------------------------------------    -------------------
                         (clock ap_clk rise edge)     0.000     0.000 r  
                                                      0.000     0.000 r  ap_clk (IN)
                         net (fo=4675, unset)         0.060     0.060    row[7].col[4].u_pe/prod/CLK
    DSP48E2_X10Y25       DSP_A_B_DATA                                 r  row[7].col[4].u_pe/prod/DSP_A_B_DATA_INST/CLK
  -------------------------------------------------------------------    -------------------
    DSP48E2_X10Y25       DSP_A_B_DATA (Prop_DSP_A_B_DATA_DSP48E2_CLK_B2_DATA[15])
                                                      0.212     0.272 r  row[7].col[4].u_pe/prod/DSP_A_B_DATA_INST/B2_DATA[15]
                         net (fo=1, routed)           0.000     0.272    row[7].col[4].u_pe/prod/DSP_A_B_DATA.B2_DATA<15>
    DSP48E2_X10Y25       DSP_PREADD_DATA (Prop_DSP_PREADD_DATA_DSP48E2_B2_DATA[15]_B2B1[15])
                                                      0.073     0.345 r  row[7].col[4].u_pe/prod/DSP_PREADD_DATA_INST/B2B1[15]
                         net (fo=1, routed)           0.000     0.345    row[7].col[4].u_pe/prod/DSP_PREADD_DATA.B2B1<15>
    DSP48E2_X10Y25       DSP_MULTIPLIER (Prop_DSP_MULTIPLIER_DSP48E2_B2B1[15]_V[15])
                                                      0.609     0.954 f  row[7].col[4].u_pe/prod/DSP_MULTIPLIER_INST/V[15]
                         net (fo=1, routed)           0.000     0.954    row[7].col[4].u_pe/prod/DSP_MULTIPLIER.V<15>
    DSP48E2_X10Y25       DSP_M_DATA (Prop_DSP_M_DATA_DSP48E2_V[15]_V_DATA[15])
                                                      0.046     1.000 r  row[7].col[4].u_pe/prod/DSP_M_DATA_INST/V_DATA[15]
                         net (fo=1, routed)           0.000     1.000    row[7].col[4].u_pe/prod/DSP_M_DATA.V_DATA<15>
    DSP48E2_X10Y25       DSP_ALU (Prop_DSP_ALU_DSP48E2_V_DATA[15]_ALU_OUT[15])
                                                      0.571     1.571 f  row[7].col[4].u_pe/prod/DSP_ALU_INST/ALU_OUT[15]
                         net (fo=1, routed)           0.000     1.571    row[7].col[4].u_pe/prod/DSP_ALU.ALU_OUT<15>
    DSP48E2_X10Y25       DSP_OUTPUT (Prop_DSP_OUTPUT_DSP48E2_ALU_OUT[15]_P[15])
                                                      0.109     1.680 r  row[7].col[4].u_pe/prod/DSP_OUTPUT_INST/P[15]
                         net (fo=4, routed)           0.346     2.026    row[7].col[4].u_pe/prod_n_90
    SLICE_X76Y75         LUT5 (Prop_G6LUT_SLICEM_I0_O)
                                                      0.123     2.149 r  row[7].col[4].u_pe/acc0_i_2__59/O
                         net (fo=30, routed)          0.398     2.547    row[7].col[4].u_pe/acc0/C[33]
    DSP48E2_X10Y24       DSP_C_DATA                                   r  row[7].col[4].u_pe/acc0/DSP_C_DATA_INST/C[33]
  -------------------------------------------------------------------    -------------------

                         (clock ap_clk rise edge)     3.333     3.333 r  
                                                      0.000     3.333 r  ap_clk (IN)
                         net (fo=4675, unset)         0.043     3.376    row[7].col[4].u_pe/acc0/CLK
    DSP48E2_X10Y24       DSP_C_DATA                                   r  row[7].col[4].u_pe/acc0/DSP_C_DATA_INST/CLK
                         clock pessimism              0.000     3.376    
                         clock uncertainty           -0.035     3.341    
    DSP48E2_X10Y24       DSP_C_DATA (Setup_DSP_C_DATA_DSP48E2_CLK_C[33])
                                                     -0.255     3.086    row[7].col[4].u_pe/acc0/DSP_C_DATA_INST
  -------------------------------------------------------------------
                         required time                          3.086    
                         arrival time                          -2.547    
  -------------------------------------------------------------------
                         slack                                  0.539    





Min Delay Paths
--------------------------------------------------------------------------------------
Slack (MET) :             0.041ns  (arrival time - required time)
  Source:                 row[3].col[0].u_pe/dcnt_reg[2]/C
                            (rising edge-triggered cell FDRE clocked by ap_clk  {rise@0.000ns fall@1.666ns period=3.333ns})
  Destination:            row[3].col[0].u_pe/dcnt_reg[3]/D
                            (rising edge-triggered cell FDRE clocked by ap_clk  {rise@0.000ns fall@1.666ns period=3.333ns})
  Path Group:             ap_clk
  Path Type:              Hold (Min at Fast Process Corner)
  Requirement:            0.000ns  (ap_clk rise@0.000ns - ap_clk rise@0.000ns)
  Data Path Delay:        0.094ns  (logic 0.059ns (62.916%)  route 0.035ns (37.084%))
  Logic Levels:           1  (LUT4=1)
  Clock Path Skew:        0.006ns (DCD - SCD - CPR)
    Destination Clock Delay (DCD):    0.019ns
    Source Clock Delay      (SCD):    0.013ns
    Clock Pessimism Removal (CPR):    -0.000ns

    Location             Delay type                Incr(ns)  Path(ns)    Netlist Resource(s)
  -------------------------------------------------------------------    -------------------
                         (clock ap_clk rise edge)     0.000     0.000 r  
                                                      0.000     0.000 r  ap_clk (IN)
                         net (fo=4675, unset)         0.013     0.013    row[3].col[0].u_pe/ap_clk
    SLICE_X54Y36         FDRE                                         r  row[3].col[0].u_pe/dcnt_reg[2]/C
  -------------------------------------------------------------------    -------------------
    SLICE_X54Y36         FDRE (Prop_HFF_SLICEL_C_Q)
                                                      0.039     0.052 r  row[3].col[0].u_pe/dcnt_reg[2]/Q
                         net (fo=5, routed)           0.029     0.081    row[3].col[0].u_pe/dcnt_reg_n_0_[2]
    SLICE_X54Y36         LUT4 (Prop_H5LUT_SLICEL_I2_O)
                                                      0.020     0.101 r  row[3].col[0].u_pe/dcnt[3]_i_3__16/O
                         net (fo=1, routed)           0.006     0.107    row[3].col[0].u_pe/dcnt[3]_i_3__16_n_0
    SLICE_X54Y36         FDRE                                         r  row[3].col[0].u_pe/dcnt_reg[3]/D
  -------------------------------------------------------------------    -------------------

                         (clock ap_clk rise edge)     0.000     0.000 r  
                                                      0.000     0.000 r  ap_clk (IN)
                         net (fo=4675, unset)         0.019     0.019    row[3].col[0].u_pe/ap_clk
    SLICE_X54Y36         FDRE                                         r  row[3].col[0].u_pe/dcnt_reg[3]/C
                         clock pessimism              0.000     0.019    
    SLICE_X54Y36         FDRE (Hold_HFF2_SLICEL_C_D)
                                                      0.047     0.066    row[3].col[0].u_pe/dcnt_reg[3]
  -------------------------------------------------------------------
                         required time                         -0.066    
                         arrival time                           0.107    
  -------------------------------------------------------------------
                         slack                                  0.041    





Pulse Width Checks
--------------------------------------------------------------------------------------
Clock Name:         ap_clk
Waveform(ns):       { 0.000 1.666 }
Period(ns):         3.333
Sources:            { ap_clk }

Check Type        Corner  Lib Pin  Reference Pin  Required(ns)  Actual(ns)  Slack(ns)  Location      Pin
Min Period        n/a     FDRE/C   n/a            0.550         3.333       2.783      SLICE_X58Y69  cnt_reg[0]/C
Low Pulse Width   Slow    FDRE/C   n/a            0.275         1.666       1.391      SLICE_X58Y69  cnt_reg[0]/C
High Pulse Width  Slow    FDRE/C   n/a            0.275         1.666       1.391      SLICE_X58Y69  cnt_reg[0]/C



