B_START tpumicro-lean0-m-v S=16  Thu Sep 24 13:23:12 EDT 2026
tpumicro-lean0-m-v: {"roles": 10, "instances": 272, "fifos": 784, "streams": 64}
staged 10 role project(s) in 1.4s (frontend + per-role HLS codegen)
synthesising and exporting 10 unit(s) concurrently:
  pe_r0: rc=0 42.3s
  pe_r5: rc=0 42.5s
  pe_r6: rc=0 42.7s
  pe_r7: rc=0 42.7s
  pe_r4: rc=0 42.8s
  pe_r1: rc=0 42.9s
  pe_r3: rc=0 43.0s
  pe_r2: rc=0 43.0s
  pe_r8: rc=0 43.1s
  vpu_r0: rc=0 44.3s
HLS: 44.3s wall for 10 roles and 0 movers (429.3s of CPU work, 272 instances)
assembling the array in Vivado:
  stage synth 233.759
  stage opt 14.281
  stage place 256.427
  stage physopt 5.743
  stage route 103.003
  unrouted 0
Vivado implemented 272 instances in 661.7s
  array clock: 2.965 ns achieved against a 3.333 ns target (WNS +0.368 ns)
simulating the assembled array:
  SPMW XFORM 1 done_cycle=58 first_in=1
  SPMW XFORM 2 done_cycle=74 first_in=1
  SPMW XFORM 3 done_cycle=90 first_in=1
  SPMW XFORM 4 done_cycle=106 first_in=1
  SPMW XFORM 5 done_cycle=122 first_in=1
  SPMW XFORM 6 done_cycle=138 first_in=1
  SPMW XFORM 7 done_cycle=154 first_in=1
  SPMW XFORM 8 done_cycle=170 first_in=1
  SPMW XFORM 9 done_cycle=186 first_in=1
  SPMW XFORM 10 done_cycle=202 first_in=1
  SPMW XFORM 11 done_cycle=218 first_in=1
  SPMW XFORM 12 done_cycle=234 first_in=1
  SPMW XFORM 13 done_cycle=250 first_in=1
  SPMW XFORM 14 done_cycle=266 first_in=1
  SPMW XFORM 15 done_cycle=282 first_in=1
  SPMW XFORM 16 done_cycle=305 first_in=1
  SPMW COSIM PASS (4096/4096 tokens, 0 errors)
  SPMW CYCLES total=305 first_out=35 first_in=1
B_RC=0 wall_s=751
