Copyright 1986-2022 Xilinx, Inc. All Rights Reserved. Copyright 2022-2023 Advanced Micro Devices, Inc. All Rights Reserved.
--------------------------------------------------------------------------------------------------------------------------------------------------
| Tool Version      : Vivado v.2023.2 (lin64) Build 4029153 Fri Oct 13 20:13:54 MDT 2023
| Date              : Thu Sep 24 13:34:03 2026
| Host              : brg-zhang-xcel.ece.cornell.edu running 64-bit Red Hat Enterprise Linux 9.8 (Plow)
| Command           : report_timing_summary -file timing.rpt
| Design            : spmw_harness
| Device            : xcu280-fsvh2892
| Speed File        : -2L  PRODUCTION 1.30 05-01-2022
| Design State      : Routed
| Temperature Grade : E
--------------------------------------------------------------------------------------------------------------------------------------------------

Timing Summary Report

------------------------------------------------------------------------------------------------
| Timer Settings
| --------------
------------------------------------------------------------------------------------------------

  Enable Multi Corner Analysis               :  Yes
  Enable Pessimism Removal                   :  Yes
  Pessimism Removal Resolution               :  Nearest Common Node
  Enable Input Delay Default Clock           :  No
  Enable Preset / Clear Arcs                 :  No
  Disable Flight Delays                      :  No
  Ignore I/O Paths                           :  No
  Timing Early Launch at Borrowing Latches   :  No
  Borrow Time for Max Delay Exceptions       :  Yes
  Merge Timing Exceptions                    :  Yes
  Inter-SLR Compensation                     :  Conservative

  Corner  Analyze    Analyze    
  Name    Max Paths  Min Paths  
  ------  ---------  ---------  
  Slow    Yes        Yes        
  Fast    Yes        Yes        


------------------------------------------------------------------------------------------------
| Report Methodology
| ------------------
------------------------------------------------------------------------------------------------

No report available as report_methodology has not been run prior. Run report_methodology on the current design for the summary of methodology violations.



check_timing report

Table of Contents
-----------------
1. checking no_clock (0)
2. checking constant_clock (0)
3. checking pulse_width_clock (0)
4. checking unconstrained_internal_endpoints (0)
5. checking no_input_delay (2)
6. checking no_output_delay (7)
7. checking multiple_clock (0)
8. checking generated_clocks (0)
9. checking loops (0)
10. checking partial_input_delay (0)
11. checking partial_output_delay (0)
12. checking latch_loops (0)

1. checking no_clock (0)
------------------------
 There are 0 register/latch pins with no clock.


2. checking constant_clock (0)
------------------------------
 There are 0 register/latch pins with constant_clock.


3. checking pulse_width_clock (0)
---------------------------------
 There are 0 register/latch pins which need pulse_width check


4. checking unconstrained_internal_endpoints (0)
------------------------------------------------
 There are 0 pins that are not constrained for maximum delay.

 There are 0 pins that are not constrained for maximum delay due to constant clock.


5. checking no_input_delay (2)
------------------------------
 There are 2 input ports with no input delay specified. (HIGH)

 There are 0 input ports with no input delay but user has a false path constraint.


6. checking no_output_delay (7)
-------------------------------
 There are 7 ports with no output delay specified. (HIGH)

 There are 0 ports with no output delay but user has a false path constraint

 There are 0 ports with no output delay but with a timing clock defined on it or propagating through it


7. checking multiple_clock (0)
------------------------------
 There are 0 register/latch pins with multiple clocks.


8. checking generated_clocks (0)
--------------------------------
 There are 0 generated clocks that are not connected to a clock source.


9. checking loops (0)
---------------------
 There are 0 combinational loops in the design.


10. checking partial_input_delay (0)
------------------------------------
 There are 0 input ports with partial input delay specified.


11. checking partial_output_delay (0)
-------------------------------------
 There are 0 ports with partial output delay specified.


12. checking latch_loops (0)
----------------------------
 There are 0 combinational latch loops in the design through latch input



------------------------------------------------------------------------------------------------
| Design Timing Summary
| ---------------------
------------------------------------------------------------------------------------------------

    WNS(ns)      TNS(ns)  TNS Failing Endpoints  TNS Total Endpoints      WHS(ns)      THS(ns)  THS Failing Endpoints  THS Total Endpoints     WPWS(ns)     TPWS(ns)  TPWS Failing Endpoints  TPWS Total Endpoints  
    -------      -------  ---------------------  -------------------      -------      -------  ---------------------  -------------------     --------     --------  ----------------------  --------------------  
      0.306        0.000                      0                47959        0.010        0.000                      0                47959        1.134        0.000                       0                 23039  


All user specified timing constraints are met.


------------------------------------------------------------------------------------------------
| Clock Summary
| -------------
------------------------------------------------------------------------------------------------

Clock   Waveform(ns)         Period(ns)      Frequency(MHz)
-----   ------------         ----------      --------------
ap_clk  {0.000 1.666}        3.333           300.030         


------------------------------------------------------------------------------------------------
| Intra Clock Table
| -----------------
------------------------------------------------------------------------------------------------

Clock             WNS(ns)      TNS(ns)  TNS Failing Endpoints  TNS Total Endpoints      WHS(ns)      THS(ns)  THS Failing Endpoints  THS Total Endpoints     WPWS(ns)     TPWS(ns)  TPWS Failing Endpoints  TPWS Total Endpoints  
-----             -------      -------  ---------------------  -------------------      -------      -------  ---------------------  -------------------     --------     --------  ----------------------  --------------------  
ap_clk              0.306        0.000                      0                47959        0.010        0.000                      0                47959        1.134        0.000                       0                 23039  


------------------------------------------------------------------------------------------------
| Inter Clock Table
| -----------------
------------------------------------------------------------------------------------------------

From Clock    To Clock          WNS(ns)      TNS(ns)  TNS Failing Endpoints  TNS Total Endpoints      WHS(ns)      THS(ns)  THS Failing Endpoints  THS Total Endpoints  
----------    --------          -------      -------  ---------------------  -------------------      -------      -------  ---------------------  -------------------  


------------------------------------------------------------------------------------------------
| Other Path Groups Table
| -----------------------
------------------------------------------------------------------------------------------------

Path Group    From Clock    To Clock          WNS(ns)      TNS(ns)  TNS Failing Endpoints  TNS Total Endpoints      WHS(ns)      THS(ns)  THS Failing Endpoints  THS Total Endpoints  
----------    ----------    --------          -------      -------  ---------------------  -------------------      -------      -------  ---------------------  -------------------  


------------------------------------------------------------------------------------------------
| Timing Details
| --------------
------------------------------------------------------------------------------------------------


---------------------------------------------------------------------------------------------------
From Clock:  ap_clk
  To Clock:  ap_clk

Setup :            0  Failing Endpoints,  Worst Slack        0.306ns,  Total Violation        0.000ns
Hold  :            0  Failing Endpoints,  Worst Slack        0.010ns,  Total Violation        0.000ns
PW    :            0  Failing Endpoints,  Worst Slack        1.134ns,  Total Violation        0.000ns
---------------------------------------------------------------------------------------------------


Max Delay Paths
--------------------------------------------------------------------------------------
Slack (MET) :             0.306ns  (required time - arrival time)
  Source:                 dut/u_pe_r1_15_4/u/v18_fu_86_reg[1]/C
                            (rising edge-triggered cell FDRE clocked by ap_clk  {rise@0.000ns fall@1.666ns period=3.333ns})
  Destination:            dut/g_vpu_z_in_bind[4].u/slice.q0_reg[27]/D
                            (rising edge-triggered cell FDRE clocked by ap_clk  {rise@0.000ns fall@1.666ns period=3.333ns})
  Path Group:             ap_clk
  Path Type:              Setup (Max at Slow Process Corner)
  Requirement:            3.333ns  (ap_clk rise@3.333ns - ap_clk rise@0.000ns)
  Data Path Delay:        2.905ns  (logic 1.260ns (43.372%)  route 1.645ns (56.628%))
  Logic Levels:           11  (CARRY8=6 LUT2=2 LUT3=1 LUT4=2)
  Clock Path Skew:        -0.112ns (DCD - SCD + CPR)
    Destination Clock Delay (DCD):    2.666ns = ( 5.999 - 3.333 ) 
    Source Clock Delay      (SCD):    3.226ns
    Clock Pessimism Removal (CPR):    0.448ns
  Clock Uncertainty:      0.035ns  ((TSJ^2 + TIJ^2)^1/2 + DJ) / 2 + PE
    Total System Jitter     (TSJ):    0.071ns
    Total Input Jitter      (TIJ):    0.000ns
    Discrete Jitter          (DJ):    0.000ns
    Phase Error              (PE):    0.000ns
  Clock Net Delay (Source):      2.239ns (routing 1.169ns, distribution 1.070ns)
  Clock Net Delay (Destination): 1.971ns (routing 1.062ns, distribution 0.909ns)

    Location             Delay type                Incr(ns)  Path(ns)    Netlist Resource(s)
  -------------------------------------------------------------------    -------------------
                         (clock ap_clk rise edge)     0.000     0.000 r  
    BH26                                              0.000     0.000 r  ap_clk (IN)
                         net (fo=0)                   0.000     0.000    ap_clk_IBUF_inst/I
    BH26                 INBUF (Prop_INBUF_HPIOB_M_PAD_O)
                                                      0.636     0.636 r  ap_clk_IBUF_inst/INBUF_INST/O
                         net (fo=1, routed)           0.000     0.636    ap_clk_IBUF_inst/OUT
    BH26                 IBUFCTRL (Prop_IBUFCTRL_HPIOB_M_I_O)
                                                      0.000     0.636 r  ap_clk_IBUF_inst/IBUFCTRL_INST/O
                         net (fo=1, routed)           0.323     0.959    ap_clk_IBUF
    BUFGCE_X0Y72         BUFGCE (Prop_BUFCE_BUFGCE_I_O)
                                                      0.028     0.987 r  ap_clk_IBUF_BUFG_inst/O
    X3Y1 (CLOCK_ROOT)    net (fo=23038, routed)       2.239     3.226    dut/u_pe_r1_15_4/u/ap_clk_IBUF_BUFG
    SLICE_X107Y71        FDRE                                         r  dut/u_pe_r1_15_4/u/v18_fu_86_reg[1]/C
  -------------------------------------------------------------------    -------------------
    SLICE_X107Y71        FDRE (Prop_BFF_SLICEM_C_Q)
                                                      0.078     3.304 r  dut/u_pe_r1_15_4/u/v18_fu_86_reg[1]/Q
                         net (fo=17, routed)          0.271     3.575    dut/u_pe_r1_15_4/u/mul_8s_8s_16_1_1_U1/Q[1]
    SLICE_X107Y72        LUT4 (Prop_A5LUT_SLICEM_I0_O)
                                                      0.112     3.687 r  dut/u_pe_r1_15_4/u/mul_8s_8s_16_1_1_U1/tmp_product__0_carry_i_6__91/O
                         net (fo=1, routed)           0.364     4.051    dut/u_pe_r1_15_4/u/mul_8s_8s_16_1_1_U1/tmp_product__0_carry_i_6__91_n_0
    SLICE_X107Y68        CARRY8 (Prop_CARRY8_SLICEM_DI[2]_O[5])
                                                      0.186     4.237 r  dut/u_pe_r1_15_4/u/mul_8s_8s_16_1_1_U1/tmp_product__0_carry/O[5]
                         net (fo=2, routed)           0.293     4.530    dut/u_pe_r1_15_4/u/mul_8s_8s_16_1_1_U1/tmp_product__0_carry_n_10
    SLICE_X105Y69        LUT2 (Prop_B5LUT_SLICEL_I1_O)
                                                      0.073     4.603 r  dut/u_pe_r1_15_4/u/mul_8s_8s_16_1_1_U1/tmp_product__85_carry_i_6__91/O
                         net (fo=2, routed)           0.212     4.815    dut/u_pe_r1_15_4/u/mul_8s_8s_16_1_1_U1/tmp_product__85_carry_i_6__91_n_0
    SLICE_X105Y69        LUT4 (Prop_C6LUT_SLICEL_I3_O)
                                                      0.096     4.911 r  dut/u_pe_r1_15_4/u/mul_8s_8s_16_1_1_U1/tmp_product__85_carry_i_14__91/O
                         net (fo=1, routed)           0.010     4.921    dut/u_pe_r1_15_4/u/mul_8s_8s_16_1_1_U1/tmp_product__85_carry_i_14__91_n_0
    SLICE_X105Y69        CARRY8 (Prop_CARRY8_SLICEL_S[2]_CO[7])
                                                      0.155     5.076 r  dut/u_pe_r1_15_4/u/mul_8s_8s_16_1_1_U1/tmp_product__85_carry/CO[7]
                         net (fo=1, routed)           0.026     5.102    dut/u_pe_r1_15_4/u/mul_8s_8s_16_1_1_U1/tmp_product__85_carry_n_0
    SLICE_X105Y70        CARRY8 (Prop_CARRY8_SLICEL_CI_O[1])
                                                      0.076     5.178 r  dut/u_pe_r1_15_4/u/mul_8s_8s_16_1_1_U1/tmp_product__85_carry__0/O[1]
                         net (fo=1, routed)           0.173     5.351    dut/g_pe_p_out_p_in[244].u/sext_ln47_fu_212_p1[12]
    SLICE_X106Y69        LUT2 (Prop_F6LUT_SLICEM_I1_O)
                                                      0.098     5.449 r  dut/g_pe_p_out_p_in[244].u/v3_din_carry__0_i_3__81/O
                         net (fo=1, routed)           0.022     5.471    dut/u_pe_r1_15_4/u/slice.q1_reg[15][5]
    SLICE_X106Y69        CARRY8 (Prop_CARRY8_SLICEM_S[5]_CO[7])
                                                      0.159     5.630 r  dut/u_pe_r1_15_4/u/v3_din_carry__0/CO[7]
                         net (fo=1, routed)           0.026     5.656    dut/u_pe_r1_15_4/u/v3_din_carry__0_n_0
    SLICE_X106Y70        CARRY8 (Prop_CARRY8_SLICEM_CI_CO[7])
                                                      0.015     5.671 r  dut/u_pe_r1_15_4/u/v3_din_carry__1/CO[7]
                         net (fo=1, routed)           0.026     5.697    dut/u_pe_r1_15_4/u/v3_din_carry__1_n_0
    SLICE_X106Y71        CARRY8 (Prop_CARRY8_SLICEM_CI_O[3])
                                                      0.089     5.786 r  dut/u_pe_r1_15_4/u/v3_din_carry__2/O[3]
                         net (fo=2, routed)           0.155     5.941    dut/g_vpu_z_in_bind[4].u/D[27]
    SLICE_X104Y71        LUT3 (Prop_F6LUT_SLICEM_I1_O)
                                                      0.123     6.064 r  dut/g_vpu_z_in_bind[4].u/slice.q0[27]_i_1__3/O
                         net (fo=1, routed)           0.067     6.131    dut/g_vpu_z_in_bind[4].u/slice.q0[27]_i_1__3_n_0
    SLICE_X104Y71        FDRE                                         r  dut/g_vpu_z_in_bind[4].u/slice.q0_reg[27]/D
  -------------------------------------------------------------------    -------------------

                         (clock ap_clk rise edge)     3.333     3.333 r  
    BH26                                              0.000     3.333 r  ap_clk (IN)
                         net (fo=0)                   0.000     3.333    ap_clk_IBUF_inst/I
    BH26                 INBUF (Prop_INBUF_HPIOB_M_PAD_O)
                                                      0.385     3.718 r  ap_clk_IBUF_inst/INBUF_INST/O
                         net (fo=1, routed)           0.000     3.718    ap_clk_IBUF_inst/OUT
    BH26                 IBUFCTRL (Prop_IBUFCTRL_HPIOB_M_I_O)
                                                      0.000     3.718 r  ap_clk_IBUF_inst/IBUFCTRL_INST/O
                         net (fo=1, routed)           0.286     4.004    ap_clk_IBUF
    BUFGCE_X0Y72         BUFGCE (Prop_BUFCE_BUFGCE_I_O)
                                                      0.024     4.028 r  ap_clk_IBUF_BUFG_inst/O
    X3Y1 (CLOCK_ROOT)    net (fo=23038, routed)       1.971     5.999    dut/g_vpu_z_in_bind[4].u/ap_clk_IBUF_BUFG
    SLICE_X104Y71        FDRE                                         r  dut/g_vpu_z_in_bind[4].u/slice.q0_reg[27]/C
                         clock pessimism              0.448     6.447    
                         clock uncertainty           -0.035     6.412    
    SLICE_X104Y71        FDRE (Setup_FFF_SLICEM_C_D)
                                                      0.025     6.437    dut/g_vpu_z_in_bind[4].u/slice.q0_reg[27]
  -------------------------------------------------------------------
                         required time                          6.437    
                         arrival time                          -6.131    
  -------------------------------------------------------------------
                         slack                                  0.306    





Min Delay Paths
--------------------------------------------------------------------------------------
Slack (MET) :             0.010ns  (arrival time - required time)
  Source:                 dut/g_pe_a_out_a_in[43].u/bare.q0_reg[7]/C
                            (rising edge-triggered cell FDRE clocked by ap_clk  {rise@0.000ns fall@1.666ns period=3.333ns})
  Destination:            dut/g_pe_a_out_a_in[44].u/bare.q0_reg[7]/D
                            (rising edge-triggered cell FDRE clocked by ap_clk  {rise@0.000ns fall@1.666ns period=3.333ns})
  Path Group:             ap_clk
  Path Type:              Hold (Min at Slow Process Corner)
  Requirement:            0.000ns  (ap_clk rise@0.000ns - ap_clk rise@0.000ns)
  Data Path Delay:        0.297ns  (logic 0.060ns (20.222%)  route 0.237ns (79.778%))
  Logic Levels:           0  
  Clock Path Skew:        0.225ns (DCD - SCD - CPR)
    Destination Clock Delay (DCD):    3.454ns
    Source Clock Delay      (SCD):    2.829ns
    Clock Pessimism Removal (CPR):    0.399ns
  Clock Net Delay (Source):      2.135ns (routing 1.062ns, distribution 1.073ns)
  Clock Net Delay (Destination): 2.467ns (routing 1.169ns, distribution 1.298ns)

    Location             Delay type                Incr(ns)  Path(ns)    Netlist Resource(s)
  -------------------------------------------------------------------    -------------------
                         (clock ap_clk rise edge)     0.000     0.000 r  
    BH26                                              0.000     0.000 r  ap_clk (IN)
                         net (fo=0)                   0.000     0.000    ap_clk_IBUF_inst/I
    BH26                 INBUF (Prop_INBUF_HPIOB_M_PAD_O)
                                                      0.385     0.385 r  ap_clk_IBUF_inst/INBUF_INST/O
                         net (fo=1, routed)           0.000     0.385    ap_clk_IBUF_inst/OUT
    BH26                 IBUFCTRL (Prop_IBUFCTRL_HPIOB_M_I_O)
                                                      0.000     0.385 r  ap_clk_IBUF_inst/IBUFCTRL_INST/O
                         net (fo=1, routed)           0.286     0.671    ap_clk_IBUF
    BUFGCE_X0Y72         BUFGCE (Prop_BUFCE_BUFGCE_I_O)
                                                      0.024     0.695 r  ap_clk_IBUF_BUFG_inst/O
    X3Y1 (CLOCK_ROOT)    net (fo=23038, routed)       2.135     2.829    dut/g_pe_a_out_a_in[43].u/ap_clk_IBUF_BUFG
    SLICE_X136Y115       FDRE                                         r  dut/g_pe_a_out_a_in[43].u/bare.q0_reg[7]/C
  -------------------------------------------------------------------    -------------------
    SLICE_X136Y115       FDRE (Prop_EFF2_SLICEL_C_Q)
                                                      0.060     2.889 r  dut/g_pe_a_out_a_in[43].u/bare.q0_reg[7]/Q
                         net (fo=14, routed)          0.237     3.126    dut/g_pe_a_out_a_in[44].u/D[7]
    SLICE_X137Y122       FDRE                                         r  dut/g_pe_a_out_a_in[44].u/bare.q0_reg[7]/D
  -------------------------------------------------------------------    -------------------

                         (clock ap_clk rise edge)     0.000     0.000 r  
    BH26                                              0.000     0.000 r  ap_clk (IN)
                         net (fo=0)                   0.000     0.000    ap_clk_IBUF_inst/I
    BH26                 INBUF (Prop_INBUF_HPIOB_M_PAD_O)
                                                      0.636     0.636 r  ap_clk_IBUF_inst/INBUF_INST/O
                         net (fo=1, routed)           0.000     0.636    ap_clk_IBUF_inst/OUT
    BH26                 IBUFCTRL (Prop_IBUFCTRL_HPIOB_M_I_O)
                                                      0.000     0.636 r  ap_clk_IBUF_inst/IBUFCTRL_INST/O
                         net (fo=1, routed)           0.323     0.959    ap_clk_IBUF
    BUFGCE_X0Y72         BUFGCE (Prop_BUFCE_BUFGCE_I_O)
                                                      0.028     0.987 r  ap_clk_IBUF_BUFG_inst/O
    X3Y1 (CLOCK_ROOT)    net (fo=23038, routed)       2.467     3.454    dut/g_pe_a_out_a_in[44].u/ap_clk_IBUF_BUFG
    SLICE_X137Y122       FDRE                                         r  dut/g_pe_a_out_a_in[44].u/bare.q0_reg[7]/C
                         clock pessimism             -0.399     3.055    
    SLICE_X137Y122       FDRE (Hold_CFF2_SLICEM_C_D)
                                                      0.062     3.117    dut/g_pe_a_out_a_in[44].u/bare.q0_reg[7]
  -------------------------------------------------------------------
                         required time                         -3.117    
                         arrival time                           3.126    
  -------------------------------------------------------------------
                         slack                                  0.010    





Pulse Width Checks
--------------------------------------------------------------------------------------
Clock Name:         ap_clk
Waveform(ns):       { 0.000 1.666 }
Period(ns):         3.333
Sources:            { ap_clk }

Check Type        Corner  Lib Pin     Reference Pin  Required(ns)  Actual(ns)  Slack(ns)  Location       Pin
Min Period        n/a     BUFGCE/I    n/a            1.290         3.333       2.043      BUFGCE_X0Y72   ap_clk_IBUF_BUFG_inst/I
Low Pulse Width   Slow    SRL16E/CLK  n/a            0.532         1.666       1.134      SLICE_X139Y37  gen_pe_a_in_bind[0].lf_pe_a_in_bind_reg[19]_srl12___gen_pe_a_in_bind_r_10/CLK
High Pulse Width  Slow    SRL16E/CLK  n/a            0.532         1.667       1.135      SLICE_X139Y37  gen_pe_a_in_bind[0].lf_pe_a_in_bind_reg[19]_srl12___gen_pe_a_in_bind_r_10/CLK



