Copyright 1986-2022 Xilinx, Inc. All Rights Reserved. Copyright 2022-2023 Advanced Micro Devices, Inc. All Rights Reserved.
--------------------------------------------------------------------------------------------------------------------------------------------------
| Tool Version      : Vivado v.2023.2 (lin64) Build 4029153 Fri Oct 13 20:13:54 MDT 2023
| Date              : Mon Sep  7 02:15:23 2026
| Host              : brg-zhang-xcel.ece.cornell.edu running 64-bit Red Hat Enterprise Linux 9.8 (Plow)
| Command           : report_timing_summary -file timing.rpt
| Design            : spmw_harness
| Device            : xcu280-fsvh2892
| Speed File        : -2L  PRODUCTION 1.30 05-01-2022
| Design State      : Routed
| Temperature Grade : E
--------------------------------------------------------------------------------------------------------------------------------------------------

Timing Summary Report

------------------------------------------------------------------------------------------------
| Timer Settings
| --------------
------------------------------------------------------------------------------------------------

  Enable Multi Corner Analysis               :  Yes
  Enable Pessimism Removal                   :  Yes
  Pessimism Removal Resolution               :  Nearest Common Node
  Enable Input Delay Default Clock           :  No
  Enable Preset / Clear Arcs                 :  No
  Disable Flight Delays                      :  No
  Ignore I/O Paths                           :  No
  Timing Early Launch at Borrowing Latches   :  No
  Borrow Time for Max Delay Exceptions       :  Yes
  Merge Timing Exceptions                    :  Yes
  Inter-SLR Compensation                     :  Conservative

  Corner  Analyze    Analyze    
  Name    Max Paths  Min Paths  
  ------  ---------  ---------  
  Slow    Yes        Yes        
  Fast    Yes        Yes        


------------------------------------------------------------------------------------------------
| Report Methodology
| ------------------
------------------------------------------------------------------------------------------------

No report available as report_methodology has not been run prior. Run report_methodology on the current design for the summary of methodology violations.



check_timing report

Table of Contents
-----------------
1. checking no_clock (0)
2. checking constant_clock (0)
3. checking pulse_width_clock (0)
4. checking unconstrained_internal_endpoints (0)
5. checking no_input_delay (2)
6. checking no_output_delay (32)
7. checking multiple_clock (0)
8. checking generated_clocks (0)
9. checking loops (0)
10. checking partial_input_delay (0)
11. checking partial_output_delay (0)
12. checking latch_loops (0)

1. checking no_clock (0)
------------------------
 There are 0 register/latch pins with no clock.


2. checking constant_clock (0)
------------------------------
 There are 0 register/latch pins with constant_clock.


3. checking pulse_width_clock (0)
---------------------------------
 There are 0 register/latch pins which need pulse_width check


4. checking unconstrained_internal_endpoints (0)
------------------------------------------------
 There are 0 pins that are not constrained for maximum delay.

 There are 0 pins that are not constrained for maximum delay due to constant clock.


5. checking no_input_delay (2)
------------------------------
 There are 2 input ports with no input delay specified. (HIGH)

 There are 0 input ports with no input delay but user has a false path constraint.


6. checking no_output_delay (32)
--------------------------------
 There are 32 ports with no output delay specified. (HIGH)

 There are 0 ports with no output delay but user has a false path constraint

 There are 0 ports with no output delay but with a timing clock defined on it or propagating through it


7. checking multiple_clock (0)
------------------------------
 There are 0 register/latch pins with multiple clocks.


8. checking generated_clocks (0)
--------------------------------
 There are 0 generated clocks that are not connected to a clock source.


9. checking loops (0)
---------------------
 There are 0 combinational loops in the design.


10. checking partial_input_delay (0)
------------------------------------
 There are 0 input ports with partial input delay specified.


11. checking partial_output_delay (0)
-------------------------------------
 There are 0 ports with partial output delay specified.


12. checking latch_loops (0)
----------------------------
 There are 0 combinational latch loops in the design through latch input



------------------------------------------------------------------------------------------------
| Design Timing Summary
| ---------------------
------------------------------------------------------------------------------------------------

    WNS(ns)      TNS(ns)  TNS Failing Endpoints  TNS Total Endpoints      WHS(ns)      THS(ns)  THS Failing Endpoints  THS Total Endpoints     WPWS(ns)     TPWS(ns)  TPWS Failing Endpoints  TPWS Total Endpoints  
    -------      -------  ---------------------  -------------------      -------      -------  ---------------------  -------------------     --------     --------  ----------------------  --------------------  
      0.129        0.000                      0                80913        0.010        0.000                      0                80913        1.124        0.000                       0                 33069  


All user specified timing constraints are met.


------------------------------------------------------------------------------------------------
| Clock Summary
| -------------
------------------------------------------------------------------------------------------------

Clock   Waveform(ns)         Period(ns)      Frequency(MHz)
-----   ------------         ----------      --------------
ap_clk  {0.000 1.666}        3.333           300.030         


------------------------------------------------------------------------------------------------
| Intra Clock Table
| -----------------
------------------------------------------------------------------------------------------------

Clock             WNS(ns)      TNS(ns)  TNS Failing Endpoints  TNS Total Endpoints      WHS(ns)      THS(ns)  THS Failing Endpoints  THS Total Endpoints     WPWS(ns)     TPWS(ns)  TPWS Failing Endpoints  TPWS Total Endpoints  
-----             -------      -------  ---------------------  -------------------      -------      -------  ---------------------  -------------------     --------     --------  ----------------------  --------------------  
ap_clk              0.129        0.000                      0                80913        0.010        0.000                      0                80913        1.124        0.000                       0                 33069  


------------------------------------------------------------------------------------------------
| Inter Clock Table
| -----------------
------------------------------------------------------------------------------------------------

From Clock    To Clock          WNS(ns)      TNS(ns)  TNS Failing Endpoints  TNS Total Endpoints      WHS(ns)      THS(ns)  THS Failing Endpoints  THS Total Endpoints  
----------    --------          -------      -------  ---------------------  -------------------      -------      -------  ---------------------  -------------------  


------------------------------------------------------------------------------------------------
| Other Path Groups Table
| -----------------------
------------------------------------------------------------------------------------------------

Path Group    From Clock    To Clock          WNS(ns)      TNS(ns)  TNS Failing Endpoints  TNS Total Endpoints      WHS(ns)      THS(ns)  THS Failing Endpoints  THS Total Endpoints  
----------    ----------    --------          -------      -------  ---------------------  -------------------      -------      -------  ---------------------  -------------------  


------------------------------------------------------------------------------------------------
| Timing Details
| --------------
------------------------------------------------------------------------------------------------


---------------------------------------------------------------------------------------------------
From Clock:  ap_clk
  To Clock:  ap_clk

Setup :            0  Failing Endpoints,  Worst Slack        0.129ns,  Total Violation        0.000ns
Hold  :            0  Failing Endpoints,  Worst Slack        0.010ns,  Total Violation        0.000ns
PW    :            0  Failing Endpoints,  Worst Slack        1.124ns,  Total Violation        0.000ns
---------------------------------------------------------------------------------------------------


Max Delay Paths
--------------------------------------------------------------------------------------
Slack (MET) :             0.129ns  (required time - arrival time)
  Source:                 dut/u_stage7_r0_0/u/grp_stage7_r0_0_Pipeline_l_S_b_0_b_l_S_h_0_h_l_S_c_0_c_fu_96/fsub_32ns_32ns_32_7_full_dsp_1_U13/ce_r_reg/C
                            (rising edge-triggered cell FDRE clocked by ap_clk  {rise@0.000ns fall@1.666ns period=3.333ns})
  Destination:            dut/u_stage7_r0_0/u/grp_stage7_r0_0_Pipeline_l_S_b_0_b_l_S_h_0_h_l_S_c_0_c_fu_96/fadd_32ns_32ns_32_7_full_dsp_1_U14/stage7_r0_0_fadd_32ns_32ns_32_7_full_dsp_1_ip_u/inst/i_synth/ADDSUB_OP.ADDSUB/DSP.OP/DSP48E1_BODY.NORM_RND/FULL_USAGE_DSP.SHIFT_RND/i_no_versal_es1_workaround.DSP/DSP_A_B_DATA_INST/CEA2
                            (rising edge-triggered cell DSP_A_B_DATA clocked by ap_clk  {rise@0.000ns fall@1.666ns period=3.333ns})
  Path Group:             ap_clk
  Path Type:              Setup (Max at Slow Process Corner)
  Requirement:            3.333ns  (ap_clk rise@3.333ns - ap_clk rise@0.000ns)
  Data Path Delay:        2.909ns  (logic 0.077ns (2.647%)  route 2.832ns (97.353%))
  Logic Levels:           0  
  Clock Path Skew:        -0.101ns (DCD - SCD + CPR)
    Destination Clock Delay (DCD):    2.461ns = ( 5.794 - 3.333 ) 
    Source Clock Delay      (SCD):    2.992ns
    Clock Pessimism Removal (CPR):    0.430ns
  Clock Uncertainty:      0.035ns  ((TSJ^2 + TIJ^2)^1/2 + DJ) / 2 + PE
    Total System Jitter     (TSJ):    0.071ns
    Total Input Jitter      (TIJ):    0.000ns
    Discrete Jitter          (DJ):    0.000ns
    Phase Error              (PE):    0.000ns
  Clock Net Delay (Source):      2.005ns (routing 0.916ns, distribution 1.089ns)
  Clock Net Delay (Destination): 1.766ns (routing 0.831ns, distribution 0.935ns)

    Location             Delay type                Incr(ns)  Path(ns)    Netlist Resource(s)
  -------------------------------------------------------------------    -------------------
                         (clock ap_clk rise edge)     0.000     0.000 r  
    BH26                                              0.000     0.000 r  ap_clk (IN)
                         net (fo=0)                   0.000     0.000    ap_clk_IBUF_inst/I
    BH26                 INBUF (Prop_INBUF_HPIOB_M_PAD_O)
                                                      0.636     0.636 r  ap_clk_IBUF_inst/INBUF_INST/O
                         net (fo=1, routed)           0.000     0.636    ap_clk_IBUF_inst/OUT
    BH26                 IBUFCTRL (Prop_IBUFCTRL_HPIOB_M_I_O)
                                                      0.000     0.636 r  ap_clk_IBUF_inst/IBUFCTRL_INST/O
                         net (fo=1, routed)           0.323     0.959    ap_clk_IBUF
    BUFGCE_X0Y72         BUFGCE (Prop_BUFCE_BUFGCE_I_O)
                                                      0.028     0.987 r  ap_clk_IBUF_BUFG_inst/O
    X4Y1 (CLOCK_ROOT)    net (fo=34109, routed)       2.005     2.992    dut/u_stage7_r0_0/u/grp_stage7_r0_0_Pipeline_l_S_b_0_b_l_S_h_0_h_l_S_c_0_c_fu_96/fsub_32ns_32ns_32_7_full_dsp_1_U13/ap_clk_IBUF_BUFG
    SLICE_X124Y160       FDRE                                         r  dut/u_stage7_r0_0/u/grp_stage7_r0_0_Pipeline_l_S_b_0_b_l_S_h_0_h_l_S_c_0_c_fu_96/fsub_32ns_32ns_32_7_full_dsp_1_U13/ce_r_reg/C
  -------------------------------------------------------------------    -------------------
    SLICE_X124Y160       FDRE (Prop_AFF_SLICEM_C_Q)
                                                      0.077     3.069 r  dut/u_stage7_r0_0/u/grp_stage7_r0_0_Pipeline_l_S_b_0_b_l_S_h_0_h_l_S_c_0_c_fu_96/fsub_32ns_32ns_32_7_full_dsp_1_U13/ce_r_reg/Q
                         net (fo=572, routed)         2.832     5.901    dut/u_stage7_r0_0/u/grp_stage7_r0_0_Pipeline_l_S_b_0_b_l_S_h_0_h_l_S_c_0_c_fu_96/fadd_32ns_32ns_32_7_full_dsp_1_U14/stage7_r0_0_fadd_32ns_32ns_32_7_full_dsp_1_ip_u/inst/i_synth/ADDSUB_OP.ADDSUB/DSP.OP/DSP48E1_BODY.NORM_RND/FULL_USAGE_DSP.SHIFT_RND/i_no_versal_es1_workaround.DSP/CEA2
    DSP48E2_X16Y56       DSP_A_B_DATA                                 r  dut/u_stage7_r0_0/u/grp_stage7_r0_0_Pipeline_l_S_b_0_b_l_S_h_0_h_l_S_c_0_c_fu_96/fadd_32ns_32ns_32_7_full_dsp_1_U14/stage7_r0_0_fadd_32ns_32ns_32_7_full_dsp_1_ip_u/inst/i_synth/ADDSUB_OP.ADDSUB/DSP.OP/DSP48E1_BODY.NORM_RND/FULL_USAGE_DSP.SHIFT_RND/i_no_versal_es1_workaround.DSP/DSP_A_B_DATA_INST/CEA2
  -------------------------------------------------------------------    -------------------

                         (clock ap_clk rise edge)     3.333     3.333 r  
    BH26                                              0.000     3.333 r  ap_clk (IN)
                         net (fo=0)                   0.000     3.333    ap_clk_IBUF_inst/I
    BH26                 INBUF (Prop_INBUF_HPIOB_M_PAD_O)
                                                      0.385     3.718 r  ap_clk_IBUF_inst/INBUF_INST/O
                         net (fo=1, routed)           0.000     3.718    ap_clk_IBUF_inst/OUT
    BH26                 IBUFCTRL (Prop_IBUFCTRL_HPIOB_M_I_O)
                                                      0.000     3.718 r  ap_clk_IBUF_inst/IBUFCTRL_INST/O
                         net (fo=1, routed)           0.286     4.004    ap_clk_IBUF
    BUFGCE_X0Y72         BUFGCE (Prop_BUFCE_BUFGCE_I_O)
                                                      0.024     4.028 r  ap_clk_IBUF_BUFG_inst/O
    X4Y1 (CLOCK_ROOT)    net (fo=34109, routed)       1.766     5.794    dut/u_stage7_r0_0/u/grp_stage7_r0_0_Pipeline_l_S_b_0_b_l_S_h_0_h_l_S_c_0_c_fu_96/fadd_32ns_32ns_32_7_full_dsp_1_U14/stage7_r0_0_fadd_32ns_32ns_32_7_full_dsp_1_ip_u/inst/i_synth/ADDSUB_OP.ADDSUB/DSP.OP/DSP48E1_BODY.NORM_RND/FULL_USAGE_DSP.SHIFT_RND/i_no_versal_es1_workaround.DSP/CLK
    DSP48E2_X16Y56       DSP_A_B_DATA                                 r  dut/u_stage7_r0_0/u/grp_stage7_r0_0_Pipeline_l_S_b_0_b_l_S_h_0_h_l_S_c_0_c_fu_96/fadd_32ns_32ns_32_7_full_dsp_1_U14/stage7_r0_0_fadd_32ns_32ns_32_7_full_dsp_1_ip_u/inst/i_synth/ADDSUB_OP.ADDSUB/DSP.OP/DSP48E1_BODY.NORM_RND/FULL_USAGE_DSP.SHIFT_RND/i_no_versal_es1_workaround.DSP/DSP_A_B_DATA_INST/CLK
                         clock pessimism              0.430     6.224    
                         clock uncertainty           -0.035     6.189    
    DSP48E2_X16Y56       DSP_A_B_DATA (Setup_DSP_A_B_DATA_DSP48E2_CLK_CEA2)
                                                     -0.159     6.030    dut/u_stage7_r0_0/u/grp_stage7_r0_0_Pipeline_l_S_b_0_b_l_S_h_0_h_l_S_c_0_c_fu_96/fadd_32ns_32ns_32_7_full_dsp_1_U14/stage7_r0_0_fadd_32ns_32ns_32_7_full_dsp_1_ip_u/inst/i_synth/ADDSUB_OP.ADDSUB/DSP.OP/DSP48E1_BODY.NORM_RND/FULL_USAGE_DSP.SHIFT_RND/i_no_versal_es1_workaround.DSP/DSP_A_B_DATA_INST
  -------------------------------------------------------------------
                         required time                          6.030    
                         arrival time                          -5.901    
  -------------------------------------------------------------------
                         slack                                  0.129    





Min Delay Paths
--------------------------------------------------------------------------------------
Slack (MET) :             0.010ns  (arrival time - required time)
  Source:                 dut/u_stage6_r0_0/u/grp_stage6_r0_0_Pipeline_l_S_b_0_b_l_S_h_0_h_l_S_c_0_c_fu_136/fadd_32ns_32ns_32_7_full_dsp_1_U19/din1_buf1_reg[18]/C
                            (rising edge-triggered cell FDRE clocked by ap_clk  {rise@0.000ns fall@1.666ns period=3.333ns})
  Destination:            dut/u_stage6_r0_0/u/grp_stage6_r0_0_Pipeline_l_S_b_0_b_l_S_h_0_h_l_S_c_0_c_fu_136/fadd_32ns_32ns_32_7_full_dsp_1_U19/stage6_r0_0_fadd_32ns_32ns_32_7_full_dsp_1_ip_u/inst/i_synth/ADDSUB_OP.ADDSUB/DSP.OP/B_IP_DELAY/i_pipe/opt_has_pipe.first_q_reg[18]/D
                            (rising edge-triggered cell FDRE clocked by ap_clk  {rise@0.000ns fall@1.666ns period=3.333ns})
  Path Group:             ap_clk
  Path Type:              Hold (Min at Slow Process Corner)
  Requirement:            0.000ns  (ap_clk rise@0.000ns - ap_clk rise@0.000ns)
  Data Path Delay:        0.242ns  (logic 0.058ns (23.968%)  route 0.184ns (76.032%))
  Logic Levels:           0  
  Clock Path Skew:        0.170ns (DCD - SCD - CPR)
    Destination Clock Delay (DCD):    2.972ns
    Source Clock Delay      (SCD):    2.424ns
    Clock Pessimism Removal (CPR):    0.377ns
  Clock Net Delay (Source):      1.730ns (routing 0.831ns, distribution 0.899ns)
  Clock Net Delay (Destination): 1.985ns (routing 0.916ns, distribution 1.069ns)

    Location             Delay type                Incr(ns)  Path(ns)    Netlist Resource(s)
  -------------------------------------------------------------------    -------------------
                         (clock ap_clk rise edge)     0.000     0.000 r  
    BH26                                              0.000     0.000 r  ap_clk (IN)
                         net (fo=0)                   0.000     0.000    ap_clk_IBUF_inst/I
    BH26                 INBUF (Prop_INBUF_HPIOB_M_PAD_O)
                                                      0.385     0.385 r  ap_clk_IBUF_inst/INBUF_INST/O
                         net (fo=1, routed)           0.000     0.385    ap_clk_IBUF_inst/OUT
    BH26                 IBUFCTRL (Prop_IBUFCTRL_HPIOB_M_I_O)
                                                      0.000     0.385 r  ap_clk_IBUF_inst/IBUFCTRL_INST/O
                         net (fo=1, routed)           0.286     0.671    ap_clk_IBUF
    BUFGCE_X0Y72         BUFGCE (Prop_BUFCE_BUFGCE_I_O)
                                                      0.024     0.695 r  ap_clk_IBUF_BUFG_inst/O
    X4Y1 (CLOCK_ROOT)    net (fo=34109, routed)       1.730     2.424    dut/u_stage6_r0_0/u/grp_stage6_r0_0_Pipeline_l_S_b_0_b_l_S_h_0_h_l_S_c_0_c_fu_136/fadd_32ns_32ns_32_7_full_dsp_1_U19/ap_clk_IBUF_BUFG
    SLICE_X122Y119       FDRE                                         r  dut/u_stage6_r0_0/u/grp_stage6_r0_0_Pipeline_l_S_b_0_b_l_S_h_0_h_l_S_c_0_c_fu_136/fadd_32ns_32ns_32_7_full_dsp_1_U19/din1_buf1_reg[18]/C
  -------------------------------------------------------------------    -------------------
    SLICE_X122Y119       FDRE (Prop_EFF_SLICEM_C_Q)
                                                      0.058     2.482 r  dut/u_stage6_r0_0/u/grp_stage6_r0_0_Pipeline_l_S_b_0_b_l_S_h_0_h_l_S_c_0_c_fu_136/fadd_32ns_32ns_32_7_full_dsp_1_U19/din1_buf1_reg[18]/Q
                         net (fo=4, routed)           0.184     2.666    dut/u_stage6_r0_0/u/grp_stage6_r0_0_Pipeline_l_S_b_0_b_l_S_h_0_h_l_S_c_0_c_fu_136/fadd_32ns_32ns_32_7_full_dsp_1_U19/stage6_r0_0_fadd_32ns_32ns_32_7_full_dsp_1_ip_u/inst/i_synth/ADDSUB_OP.ADDSUB/DSP.OP/B_IP_DELAY/i_pipe/s_axis_b_tdata[18]
    SLICE_X120Y123       FDRE                                         r  dut/u_stage6_r0_0/u/grp_stage6_r0_0_Pipeline_l_S_b_0_b_l_S_h_0_h_l_S_c_0_c_fu_136/fadd_32ns_32ns_32_7_full_dsp_1_U19/stage6_r0_0_fadd_32ns_32ns_32_7_full_dsp_1_ip_u/inst/i_synth/ADDSUB_OP.ADDSUB/DSP.OP/B_IP_DELAY/i_pipe/opt_has_pipe.first_q_reg[18]/D
  -------------------------------------------------------------------    -------------------

                         (clock ap_clk rise edge)     0.000     0.000 r  
    BH26                                              0.000     0.000 r  ap_clk (IN)
                         net (fo=0)                   0.000     0.000    ap_clk_IBUF_inst/I
    BH26                 INBUF (Prop_INBUF_HPIOB_M_PAD_O)
                                                      0.636     0.636 r  ap_clk_IBUF_inst/INBUF_INST/O
                         net (fo=1, routed)           0.000     0.636    ap_clk_IBUF_inst/OUT
    BH26                 IBUFCTRL (Prop_IBUFCTRL_HPIOB_M_I_O)
                                                      0.000     0.636 r  ap_clk_IBUF_inst/IBUFCTRL_INST/O
                         net (fo=1, routed)           0.323     0.959    ap_clk_IBUF
    BUFGCE_X0Y72         BUFGCE (Prop_BUFCE_BUFGCE_I_O)
                                                      0.028     0.987 r  ap_clk_IBUF_BUFG_inst/O
    X4Y1 (CLOCK_ROOT)    net (fo=34109, routed)       1.985     2.972    dut/u_stage6_r0_0/u/grp_stage6_r0_0_Pipeline_l_S_b_0_b_l_S_h_0_h_l_S_c_0_c_fu_136/fadd_32ns_32ns_32_7_full_dsp_1_U19/stage6_r0_0_fadd_32ns_32ns_32_7_full_dsp_1_ip_u/inst/i_synth/ADDSUB_OP.ADDSUB/DSP.OP/B_IP_DELAY/i_pipe/aclk
    SLICE_X120Y123       FDRE                                         r  dut/u_stage6_r0_0/u/grp_stage6_r0_0_Pipeline_l_S_b_0_b_l_S_h_0_h_l_S_c_0_c_fu_136/fadd_32ns_32ns_32_7_full_dsp_1_U19/stage6_r0_0_fadd_32ns_32ns_32_7_full_dsp_1_ip_u/inst/i_synth/ADDSUB_OP.ADDSUB/DSP.OP/B_IP_DELAY/i_pipe/opt_has_pipe.first_q_reg[18]/C
                         clock pessimism             -0.377     2.595    
    SLICE_X120Y123       FDRE (Hold_FFF2_SLICEL_C_D)
                                                      0.062     2.657    dut/u_stage6_r0_0/u/grp_stage6_r0_0_Pipeline_l_S_b_0_b_l_S_h_0_h_l_S_c_0_c_fu_136/fadd_32ns_32ns_32_7_full_dsp_1_U19/stage6_r0_0_fadd_32ns_32ns_32_7_full_dsp_1_ip_u/inst/i_synth/ADDSUB_OP.ADDSUB/DSP.OP/B_IP_DELAY/i_pipe/opt_has_pipe.first_q_reg[18]
  -------------------------------------------------------------------
                         required time                         -2.657    
                         arrival time                           2.666    
  -------------------------------------------------------------------
                         slack                                  0.010    





Pulse Width Checks
--------------------------------------------------------------------------------------
Clock Name:         ap_clk
Waveform(ns):       { 0.000 1.666 }
Period(ns):         3.333
Sources:            { ap_clk }

Check Type        Corner  Lib Pin             Reference Pin  Required(ns)  Actual(ns)  Slack(ns)  Location      Pin
Min Period        n/a     RAMB18E2/CLKARDCLK  n/a            1.569         3.333       1.764      RAMB18_X9Y54  dut/u_reorder_r0_0/u/bufr_1_U/ram_reg/CLKARDCLK
Low Pulse Width   Slow    RAMB18E2/CLKARDCLK  n/a            0.542         1.666       1.124      RAMB18_X8Y52  u_stage6_r0_0/v32_reg_1352_reg[31]_i_1/CLKARDCLK
High Pulse Width  Slow    RAMB18E2/CLKARDCLK  n/a            0.542         1.667       1.125      RAMB18_X8Y52  u_stage6_r0_0/v32_reg_1352_reg[31]_i_1/CLKARDCLK



