#-----------------------------------------------------------
# xsim v2023.2 (64-bit)
# SW Build 4029153 on Fri Oct 13 20:13:54 MDT 2023
# IP Build 4028589 on Sat Oct 14 00:45:43 MDT 2023
# SharedData Build 4025554 on Tue Oct 10 17:18:54 MDT 2023
# Start of session at: Thu Oct  1 16:07:56 2026
# Process ID: 3367129
# Current directory: /scratch/hc676/vta_build/core_bench/dsv4_w8
# Command line: xsim -mode tcl -source {xsim.dir/tbsim/xsim_script.tcl}
# Log file: /scratch/hc676/vta_build/core_bench/dsv4_w8/xsim.log
# Journal file: /scratch/hc676/vta_build/core_bench/dsv4_w8/xsim.jou
# Running On: brg-zhang-xcel.ece.cornell.edu, OS: Linux, CPU Frequency: 3200.000 MHz, CPU Physical cores: 22, Host memory: 235732 MB
#-----------------------------------------------------------
source xsim.dir/tbsim/xsim_script.tcl
# xsim {tbsim} -autoloadwcfg -runall
Time resolution is 1 ps
run -all
VTACORE RESULT errs=0 total=925364 gemm=918870 alu=3090 cload=66 load=172312 store=1032 instructions=175 beats=172446 first_bad=-1 timeout=0
VTACORE PASS
$finish called at time : 9253925 ns : File "/scratch/hc676/vta_build/core_bench/dsv4_w8/tb.sv" Line 260
run: Time (s): cpu = 00:00:00.11 ; elapsed = 00:01:55 . Memory (MB): peak = 1577.723 ; gain = 0.000 ; free physical = 85006 ; free virtual = 139078
exit
INFO: xsimkernel Simulation Memory Usage: 105732 KB (Peak: 166908 KB), Simulation CPU Usage: 115030 ms
INFO: [Common 17-206] Exiting xsim at Thu Oct  1 16:09:55 2026...
