Copyright 1986-2022 Xilinx, Inc. All Rights Reserved. Copyright 2022-2023 Advanced Micro Devices, Inc. All Rights Reserved.
--------------------------------------------------------------------------------------------------------------------------------------------------
| Tool Version      : Vivado v.2023.2 (lin64) Build 4029153 Fri Oct 13 20:13:54 MDT 2023
| Date              : Sat Sep 19 18:48:01 2026
| Host              : brg-zhang-xcel.ece.cornell.edu running 64-bit Red Hat Enterprise Linux 9.8 (Plow)
| Command           : report_timing_summary -file timing.rpt
| Design            : spmw_harness
| Device            : xcu280-fsvh2892
| Speed File        : -2L  PRODUCTION 1.30 05-01-2022
| Design State      : Routed
| Temperature Grade : E
--------------------------------------------------------------------------------------------------------------------------------------------------

Timing Summary Report

------------------------------------------------------------------------------------------------
| Timer Settings
| --------------
------------------------------------------------------------------------------------------------

  Enable Multi Corner Analysis               :  Yes
  Enable Pessimism Removal                   :  Yes
  Pessimism Removal Resolution               :  Nearest Common Node
  Enable Input Delay Default Clock           :  No
  Enable Preset / Clear Arcs                 :  No
  Disable Flight Delays                      :  No
  Ignore I/O Paths                           :  No
  Timing Early Launch at Borrowing Latches   :  No
  Borrow Time for Max Delay Exceptions       :  Yes
  Merge Timing Exceptions                    :  Yes
  Inter-SLR Compensation                     :  Conservative

  Corner  Analyze    Analyze    
  Name    Max Paths  Min Paths  
  ------  ---------  ---------  
  Slow    Yes        Yes        
  Fast    Yes        Yes        


------------------------------------------------------------------------------------------------
| Report Methodology
| ------------------
------------------------------------------------------------------------------------------------

No report available as report_methodology has not been run prior. Run report_methodology on the current design for the summary of methodology violations.



check_timing report

Table of Contents
-----------------
1. checking no_clock (0)
2. checking constant_clock (0)
3. checking pulse_width_clock (0)
4. checking unconstrained_internal_endpoints (0)
5. checking no_input_delay (2)
6. checking no_output_delay (32)
7. checking multiple_clock (0)
8. checking generated_clocks (0)
9. checking loops (0)
10. checking partial_input_delay (0)
11. checking partial_output_delay (0)
12. checking latch_loops (0)

1. checking no_clock (0)
------------------------
 There are 0 register/latch pins with no clock.


2. checking constant_clock (0)
------------------------------
 There are 0 register/latch pins with constant_clock.


3. checking pulse_width_clock (0)
---------------------------------
 There are 0 register/latch pins which need pulse_width check


4. checking unconstrained_internal_endpoints (0)
------------------------------------------------
 There are 0 pins that are not constrained for maximum delay.

 There are 0 pins that are not constrained for maximum delay due to constant clock.


5. checking no_input_delay (2)
------------------------------
 There are 2 input ports with no input delay specified. (HIGH)

 There are 0 input ports with no input delay but user has a false path constraint.


6. checking no_output_delay (32)
--------------------------------
 There are 32 ports with no output delay specified. (HIGH)

 There are 0 ports with no output delay but user has a false path constraint

 There are 0 ports with no output delay but with a timing clock defined on it or propagating through it


7. checking multiple_clock (0)
------------------------------
 There are 0 register/latch pins with multiple clocks.


8. checking generated_clocks (0)
--------------------------------
 There are 0 generated clocks that are not connected to a clock source.


9. checking loops (0)
---------------------
 There are 0 combinational loops in the design.


10. checking partial_input_delay (0)
------------------------------------
 There are 0 input ports with partial input delay specified.


11. checking partial_output_delay (0)
-------------------------------------
 There are 0 ports with partial output delay specified.


12. checking latch_loops (0)
----------------------------
 There are 0 combinational latch loops in the design through latch input



------------------------------------------------------------------------------------------------
| Design Timing Summary
| ---------------------
------------------------------------------------------------------------------------------------

    WNS(ns)      TNS(ns)  TNS Failing Endpoints  TNS Total Endpoints      WHS(ns)      THS(ns)  THS Failing Endpoints  THS Total Endpoints     WPWS(ns)     TPWS(ns)  TPWS Failing Endpoints  TPWS Total Endpoints  
    -------      -------  ---------------------  -------------------      -------      -------  ---------------------  -------------------     --------     --------  ----------------------  --------------------  
      0.049        0.000                      0               550817        0.009        0.000                      0               550817        1.134        0.000                       0                220354  


All user specified timing constraints are met.


------------------------------------------------------------------------------------------------
| Clock Summary
| -------------
------------------------------------------------------------------------------------------------

Clock   Waveform(ns)         Period(ns)      Frequency(MHz)
-----   ------------         ----------      --------------
ap_clk  {0.000 1.666}        3.333           300.030         


------------------------------------------------------------------------------------------------
| Intra Clock Table
| -----------------
------------------------------------------------------------------------------------------------

Clock             WNS(ns)      TNS(ns)  TNS Failing Endpoints  TNS Total Endpoints      WHS(ns)      THS(ns)  THS Failing Endpoints  THS Total Endpoints     WPWS(ns)     TPWS(ns)  TPWS Failing Endpoints  TPWS Total Endpoints  
-----             -------      -------  ---------------------  -------------------      -------      -------  ---------------------  -------------------     --------     --------  ----------------------  --------------------  
ap_clk              0.049        0.000                      0               550817        0.009        0.000                      0               550817        1.134        0.000                       0                220354  


------------------------------------------------------------------------------------------------
| Inter Clock Table
| -----------------
------------------------------------------------------------------------------------------------

From Clock    To Clock          WNS(ns)      TNS(ns)  TNS Failing Endpoints  TNS Total Endpoints      WHS(ns)      THS(ns)  THS Failing Endpoints  THS Total Endpoints  
----------    --------          -------      -------  ---------------------  -------------------      -------      -------  ---------------------  -------------------  


------------------------------------------------------------------------------------------------
| Other Path Groups Table
| -----------------------
------------------------------------------------------------------------------------------------

Path Group    From Clock    To Clock          WNS(ns)      TNS(ns)  TNS Failing Endpoints  TNS Total Endpoints      WHS(ns)      THS(ns)  THS Failing Endpoints  THS Total Endpoints  
----------    ----------    --------          -------      -------  ---------------------  -------------------      -------      -------  ---------------------  -------------------  


------------------------------------------------------------------------------------------------
| Timing Details
| --------------
------------------------------------------------------------------------------------------------


---------------------------------------------------------------------------------------------------
From Clock:  ap_clk
  To Clock:  ap_clk

Setup :            0  Failing Endpoints,  Worst Slack        0.049ns,  Total Violation        0.000ns
Hold  :            0  Failing Endpoints,  Worst Slack        0.009ns,  Total Violation        0.000ns
PW    :            0  Failing Endpoints,  Worst Slack        1.134ns,  Total Violation        0.000ns
---------------------------------------------------------------------------------------------------


Max Delay Paths
--------------------------------------------------------------------------------------
Slack (MET) :             0.049ns  (required time - arrival time)
  Source:                 dut/u_scale_r0_11/u/grp_scale_r0_0_Pipeline_VITIS_LOOP_58_2_fu_135/v112_reg_1117_pp0_iter4_reg_reg[0]/C
                            (rising edge-triggered cell FDRE clocked by ap_clk  {rise@0.000ns fall@1.666ns period=3.333ns})
  Destination:            dut/u_scale_r0_11/u/grp_scale_r0_0_Pipeline_VITIS_LOOP_58_2_fu_135/mul_32s_32s_32_3_1_U13/tmp_product/DSP_A_B_DATA_INST/B[15]
                            (rising edge-triggered cell DSP_A_B_DATA clocked by ap_clk  {rise@0.000ns fall@1.666ns period=3.333ns})
  Path Group:             ap_clk
  Path Type:              Setup (Max at Slow Process Corner)
  Requirement:            3.333ns  (ap_clk rise@3.333ns - ap_clk rise@0.000ns)
  Data Path Delay:        2.934ns  (logic 0.855ns (29.145%)  route 2.079ns (70.855%))
  Logic Levels:           9  (CARRY8=6 LUT3=1 LUT6=2)
  Clock Path Skew:        -0.066ns (DCD - SCD + CPR)
    Destination Clock Delay (DCD):    2.867ns = ( 6.200 - 3.333 ) 
    Source Clock Delay      (SCD):    3.397ns
    Clock Pessimism Removal (CPR):    0.464ns
  Clock Uncertainty:      0.035ns  ((TSJ^2 + TIJ^2)^1/2 + DJ) / 2 + PE
    Total System Jitter     (TSJ):    0.071ns
    Total Input Jitter      (TIJ):    0.000ns
    Discrete Jitter          (DJ):    0.000ns
    Phase Error              (PE):    0.000ns
  Clock Net Delay (Source):      2.410ns (routing 1.169ns, distribution 1.241ns)
  Clock Net Delay (Destination): 2.172ns (routing 1.062ns, distribution 1.110ns)

    Location             Delay type                Incr(ns)  Path(ns)    Netlist Resource(s)
  -------------------------------------------------------------------    -------------------
                         (clock ap_clk rise edge)     0.000     0.000 r  
    BH26                                              0.000     0.000 r  ap_clk (IN)
                         net (fo=0)                   0.000     0.000    ap_clk_IBUF_inst/I
    BH26                 INBUF (Prop_INBUF_HPIOB_M_PAD_O)
                                                      0.636     0.636 r  ap_clk_IBUF_inst/INBUF_INST/O
                         net (fo=1, routed)           0.000     0.636    ap_clk_IBUF_inst/OUT
    BH26                 IBUFCTRL (Prop_IBUFCTRL_HPIOB_M_I_O)
                                                      0.000     0.636 r  ap_clk_IBUF_inst/IBUFCTRL_INST/O
                         net (fo=1, routed)           0.323     0.959    ap_clk_IBUF
    BUFGCE_X0Y72         BUFGCE (Prop_BUFCE_BUFGCE_I_O)
                                                      0.028     0.987 r  ap_clk_IBUF_BUFG_inst/O
    X3Y1 (CLOCK_ROOT)    net (fo=225010, routed)      2.410     3.397    dut/u_scale_r0_11/u/grp_scale_r0_0_Pipeline_VITIS_LOOP_58_2_fu_135/ap_clk_IBUF_BUFG
    SLICE_X127Y163       FDRE                                         r  dut/u_scale_r0_11/u/grp_scale_r0_0_Pipeline_VITIS_LOOP_58_2_fu_135/v112_reg_1117_pp0_iter4_reg_reg[0]/C
  -------------------------------------------------------------------    -------------------
    SLICE_X127Y163       FDRE (Prop_AFF2_SLICEL_C_Q)
                                                      0.081     3.478 r  dut/u_scale_r0_11/u/grp_scale_r0_0_Pipeline_VITIS_LOOP_58_2_fu_135/v112_reg_1117_pp0_iter4_reg_reg[0]/Q
                         net (fo=80, routed)          0.512     3.990    dut/u_scale_r0_11/u/grp_scale_r0_0_Pipeline_VITIS_LOOP_58_2_fu_135/mul_32s_32s_32_3_1_U13/v112_reg_1117_pp0_iter4_reg
    SLICE_X126Y159       LUT3 (Prop_C5LUT_SLICEM_I2_O)
                                                      0.099     4.089 r  dut/u_scale_r0_11/u/grp_scale_r0_0_Pipeline_VITIS_LOOP_58_2_fu_135/mul_32s_32s_32_3_1_U13/tmp_product_i_85__9/O
                         net (fo=2, routed)           0.233     4.322    dut/u_scale_r0_11/u/grp_scale_r0_0_Pipeline_VITIS_LOOP_58_2_fu_135/mul_32s_32s_32_3_1_U13/qa_fu_452_p3[1]
    SLICE_X125Y163       LUT6 (Prop_E6LUT_SLICEL_I5_O)
                                                      0.090     4.412 r  dut/u_scale_r0_11/u/grp_scale_r0_0_Pipeline_VITIS_LOOP_58_2_fu_135/mul_32s_32s_32_3_1_U13/tmp_product_i_62__9/O
                         net (fo=1, routed)           0.401     4.813    dut/u_scale_r0_11/u/grp_scale_r0_0_Pipeline_VITIS_LOOP_58_2_fu_135/mul_32s_32s_32_3_1_U13/tmp_product_i_62__9_n_0
    SLICE_X124Y163       CARRY8 (Prop_CARRY8_SLICEM_DI[0]_CO[7])
                                                      0.133     4.946 r  dut/u_scale_r0_11/u/grp_scale_r0_0_Pipeline_VITIS_LOOP_58_2_fu_135/mul_32s_32s_32_3_1_U13/tmp_product_i_38__9/CO[7]
                         net (fo=1, routed)           0.026     4.972    dut/u_scale_r0_11/u/grp_scale_r0_0_Pipeline_VITIS_LOOP_58_2_fu_135/mul_32s_32s_32_3_1_U13/tmp_product_i_38__9_n_0
    SLICE_X124Y164       CARRY8 (Prop_CARRY8_SLICEM_CI_CO[7])
                                                      0.022     4.994 r  dut/u_scale_r0_11/u/grp_scale_r0_0_Pipeline_VITIS_LOOP_58_2_fu_135/mul_32s_32s_32_3_1_U13/tmp_product_i_37__9/CO[7]
                         net (fo=32, routed)          0.302     5.297    dut/u_scale_r0_11/u/grp_scale_r0_0_Pipeline_VITIS_LOOP_58_2_fu_135/mul_32s_32s_32_3_1_U13/tmp_product_i_37__9_n_0
    SLICE_X125Y159       LUT6 (Prop_B6LUT_SLICEL_I1_O)
                                                      0.098     5.395 r  dut/u_scale_r0_11/u/grp_scale_r0_0_Pipeline_VITIS_LOOP_58_2_fu_135/mul_32s_32s_32_3_1_U13/tmp_product_i_35__9/O
                         net (fo=1, routed)           0.009     5.404    dut/u_scale_r0_11/u/grp_scale_r0_0_Pipeline_VITIS_LOOP_58_2_fu_135/mul_32s_32s_32_3_1_U13/tmp_product_i_35__9_n_0
    SLICE_X125Y159       CARRY8 (Prop_CARRY8_SLICEL_S[1]_CO[7])
                                                      0.186     5.590 r  dut/u_scale_r0_11/u/grp_scale_r0_0_Pipeline_VITIS_LOOP_58_2_fu_135/mul_32s_32s_32_3_1_U13/tmp_product_i_4__30/CO[7]
                         net (fo=1, routed)           0.026     5.616    dut/u_scale_r0_11/u/grp_scale_r0_0_Pipeline_VITIS_LOOP_58_2_fu_135/mul_32s_32s_32_3_1_U13/tmp_product_i_4__30_n_0
    SLICE_X125Y160       CARRY8 (Prop_CARRY8_SLICEL_CI_CO[7])
                                                      0.015     5.631 r  dut/u_scale_r0_11/u/grp_scale_r0_0_Pipeline_VITIS_LOOP_58_2_fu_135/mul_32s_32s_32_3_1_U13/tmp_product_i_3__30/CO[7]
                         net (fo=1, routed)           0.026     5.657    dut/u_scale_r0_11/u/grp_scale_r0_0_Pipeline_VITIS_LOOP_58_2_fu_135/mul_32s_32s_32_3_1_U13/tmp_product_i_3__30_n_0
    SLICE_X125Y161       CARRY8 (Prop_CARRY8_SLICEL_CI_CO[7])
                                                      0.015     5.672 r  dut/u_scale_r0_11/u/grp_scale_r0_0_Pipeline_VITIS_LOOP_58_2_fu_135/mul_32s_32s_32_3_1_U13/tmp_product_i_2__30/CO[7]
                         net (fo=1, routed)           0.026     5.698    dut/u_scale_r0_11/u/grp_scale_r0_0_Pipeline_VITIS_LOOP_58_2_fu_135/mul_32s_32s_32_3_1_U13/tmp_product_i_2__30_n_0
    SLICE_X125Y162       CARRY8 (Prop_CARRY8_SLICEL_CI_O[7])
                                                      0.116     5.814 r  dut/u_scale_r0_11/u/grp_scale_r0_0_Pipeline_VITIS_LOOP_58_2_fu_135/mul_32s_32s_32_3_1_U13/tmp_product_i_1__30/O[7]
                         net (fo=8, routed)           0.517     6.330    dut/u_scale_r0_11/u/grp_scale_r0_0_Pipeline_VITIS_LOOP_58_2_fu_135/mul_32s_32s_32_3_1_U13/tmp_product/B[15]
    DSP48E2_X17Y57       DSP_A_B_DATA                                 r  dut/u_scale_r0_11/u/grp_scale_r0_0_Pipeline_VITIS_LOOP_58_2_fu_135/mul_32s_32s_32_3_1_U13/tmp_product/DSP_A_B_DATA_INST/B[15]
  -------------------------------------------------------------------    -------------------

                         (clock ap_clk rise edge)     3.333     3.333 r  
    BH26                                              0.000     3.333 r  ap_clk (IN)
                         net (fo=0)                   0.000     3.333    ap_clk_IBUF_inst/I
    BH26                 INBUF (Prop_INBUF_HPIOB_M_PAD_O)
                                                      0.385     3.718 r  ap_clk_IBUF_inst/INBUF_INST/O
                         net (fo=1, routed)           0.000     3.718    ap_clk_IBUF_inst/OUT
    BH26                 IBUFCTRL (Prop_IBUFCTRL_HPIOB_M_I_O)
                                                      0.000     3.718 r  ap_clk_IBUF_inst/IBUFCTRL_INST/O
                         net (fo=1, routed)           0.286     4.004    ap_clk_IBUF
    BUFGCE_X0Y72         BUFGCE (Prop_BUFCE_BUFGCE_I_O)
                                                      0.024     4.028 r  ap_clk_IBUF_BUFG_inst/O
    X3Y1 (CLOCK_ROOT)    net (fo=225010, routed)      2.172     6.200    dut/u_scale_r0_11/u/grp_scale_r0_0_Pipeline_VITIS_LOOP_58_2_fu_135/mul_32s_32s_32_3_1_U13/tmp_product/CLK
    DSP48E2_X17Y57       DSP_A_B_DATA                                 r  dut/u_scale_r0_11/u/grp_scale_r0_0_Pipeline_VITIS_LOOP_58_2_fu_135/mul_32s_32s_32_3_1_U13/tmp_product/DSP_A_B_DATA_INST/CLK
                         clock pessimism              0.464     6.664    
                         clock uncertainty           -0.035     6.629    
    DSP48E2_X17Y57       DSP_A_B_DATA (Setup_DSP_A_B_DATA_DSP48E2_CLK_B[15])
                                                     -0.249     6.380    dut/u_scale_r0_11/u/grp_scale_r0_0_Pipeline_VITIS_LOOP_58_2_fu_135/mul_32s_32s_32_3_1_U13/tmp_product/DSP_A_B_DATA_INST
  -------------------------------------------------------------------
                         required time                          6.380    
                         arrival time                          -6.330    
  -------------------------------------------------------------------
                         slack                                  0.049    





Min Delay Paths
--------------------------------------------------------------------------------------
Slack (MET) :             0.009ns  (arrival time - required time)
  Source:                 dut/u_scale_r0_11/u/grp_scale_r0_0_Pipeline_VITIS_LOOP_58_2_fu_135/v64_reg_1171_pp0_iter9_reg_reg[9]__0/C
                            (rising edge-triggered cell FDRE clocked by ap_clk  {rise@0.000ns fall@1.666ns period=3.333ns})
  Destination:            dut/u_scale_r0_11/u/grp_scale_r0_0_Pipeline_VITIS_LOOP_58_2_fu_135/zs_reg_1203_reg[9]/D
                            (rising edge-triggered cell FDRE clocked by ap_clk  {rise@0.000ns fall@1.666ns period=3.333ns})
  Path Group:             ap_clk
  Path Type:              Hold (Min at Slow Process Corner)
  Requirement:            0.000ns  (ap_clk rise@0.000ns - ap_clk rise@0.000ns)
  Data Path Delay:        0.189ns  (logic 0.058ns (30.746%)  route 0.131ns (69.254%))
  Logic Levels:           0  
  Clock Path Skew:        0.117ns (DCD - SCD - CPR)
    Destination Clock Delay (DCD):    3.408ns
    Source Clock Delay      (SCD):    2.826ns
    Clock Pessimism Removal (CPR):    0.464ns
  Clock Net Delay (Source):      2.132ns (routing 1.062ns, distribution 1.070ns)
  Clock Net Delay (Destination): 2.421ns (routing 1.169ns, distribution 1.252ns)

    Location             Delay type                Incr(ns)  Path(ns)    Netlist Resource(s)
  -------------------------------------------------------------------    -------------------
                         (clock ap_clk rise edge)     0.000     0.000 r  
    BH26                                              0.000     0.000 r  ap_clk (IN)
                         net (fo=0)                   0.000     0.000    ap_clk_IBUF_inst/I
    BH26                 INBUF (Prop_INBUF_HPIOB_M_PAD_O)
                                                      0.385     0.385 r  ap_clk_IBUF_inst/INBUF_INST/O
                         net (fo=1, routed)           0.000     0.385    ap_clk_IBUF_inst/OUT
    BH26                 IBUFCTRL (Prop_IBUFCTRL_HPIOB_M_I_O)
                                                      0.000     0.385 r  ap_clk_IBUF_inst/IBUFCTRL_INST/O
                         net (fo=1, routed)           0.286     0.671    ap_clk_IBUF
    BUFGCE_X0Y72         BUFGCE (Prop_BUFCE_BUFGCE_I_O)
                                                      0.024     0.695 r  ap_clk_IBUF_BUFG_inst/O
    X3Y1 (CLOCK_ROOT)    net (fo=225010, routed)      2.132     2.826    dut/u_scale_r0_11/u/grp_scale_r0_0_Pipeline_VITIS_LOOP_58_2_fu_135/ap_clk_IBUF_BUFG
    SLICE_X121Y172       FDRE                                         r  dut/u_scale_r0_11/u/grp_scale_r0_0_Pipeline_VITIS_LOOP_58_2_fu_135/v64_reg_1171_pp0_iter9_reg_reg[9]__0/C
  -------------------------------------------------------------------    -------------------
    SLICE_X121Y172       FDRE (Prop_EFF_SLICEM_C_Q)
                                                      0.058     2.884 r  dut/u_scale_r0_11/u/grp_scale_r0_0_Pipeline_VITIS_LOOP_58_2_fu_135/v64_reg_1171_pp0_iter9_reg_reg[9]__0/Q
                         net (fo=2, routed)           0.131     3.015    dut/u_scale_r0_11/u/grp_scale_r0_0_Pipeline_VITIS_LOOP_58_2_fu_135/v64_reg_1171_pp0_iter9_reg_reg[31]__0_0[4]
    SLICE_X122Y173       FDRE                                         r  dut/u_scale_r0_11/u/grp_scale_r0_0_Pipeline_VITIS_LOOP_58_2_fu_135/zs_reg_1203_reg[9]/D
  -------------------------------------------------------------------    -------------------

                         (clock ap_clk rise edge)     0.000     0.000 r  
    BH26                                              0.000     0.000 r  ap_clk (IN)
                         net (fo=0)                   0.000     0.000    ap_clk_IBUF_inst/I
    BH26                 INBUF (Prop_INBUF_HPIOB_M_PAD_O)
                                                      0.636     0.636 r  ap_clk_IBUF_inst/INBUF_INST/O
                         net (fo=1, routed)           0.000     0.636    ap_clk_IBUF_inst/OUT
    BH26                 IBUFCTRL (Prop_IBUFCTRL_HPIOB_M_I_O)
                                                      0.000     0.636 r  ap_clk_IBUF_inst/IBUFCTRL_INST/O
                         net (fo=1, routed)           0.323     0.959    ap_clk_IBUF
    BUFGCE_X0Y72         BUFGCE (Prop_BUFCE_BUFGCE_I_O)
                                                      0.028     0.987 r  ap_clk_IBUF_BUFG_inst/O
    X3Y1 (CLOCK_ROOT)    net (fo=225010, routed)      2.421     3.408    dut/u_scale_r0_11/u/grp_scale_r0_0_Pipeline_VITIS_LOOP_58_2_fu_135/ap_clk_IBUF_BUFG
    SLICE_X122Y173       FDRE                                         r  dut/u_scale_r0_11/u/grp_scale_r0_0_Pipeline_VITIS_LOOP_58_2_fu_135/zs_reg_1203_reg[9]/C
                         clock pessimism             -0.464     2.944    
    SLICE_X122Y173       FDRE (Hold_BFF2_SLICEM_C_D)
                                                      0.062     3.006    dut/u_scale_r0_11/u/grp_scale_r0_0_Pipeline_VITIS_LOOP_58_2_fu_135/zs_reg_1203_reg[9]
  -------------------------------------------------------------------
                         required time                         -3.006    
                         arrival time                           3.015    
  -------------------------------------------------------------------
                         slack                                  0.009    





Pulse Width Checks
--------------------------------------------------------------------------------------
Clock Name:         ap_clk
Waveform(ns):       { 0.000 1.666 }
Period(ns):         3.333
Sources:            { ap_clk }

Check Type        Corner  Lib Pin     Reference Pin  Required(ns)  Actual(ns)  Slack(ns)  Location       Pin
Min Period        n/a     BUFGCE/I    n/a            1.290         3.333       2.043      BUFGCE_X0Y72   ap_clk_IBUF_BUFG_inst/I
Low Pulse Width   Slow    SRL16E/CLK  n/a            0.532         1.667       1.135      SLICE_X87Y155  gen_mac_a_in_bind[0].lf_mac_a_in_bind_reg[19]_srl12___gen_mac_a_in_bind_r_10/CLK
High Pulse Width  Slow    SRL16E/CLK  n/a            0.532         1.666       1.134      SLICE_X87Y155  gen_mac_a_in_bind[0].lf_mac_a_in_bind_reg[19]_srl12___gen_mac_a_in_bind_r_10/CLK



