

================================================================
== Vitis HLS Report for 'vpu_r1_0_Pipeline_VITIS_LOOP_43_3'
================================================================
* Date:           Sat Sep 12 18:35:09 2026

* Version:        2023.2 (Build 4023990 on Oct 11 2023)
* Project:        prj
* Solution:       sol (Vivado IP Flow Target)
* Product family: virtexuplusHBM
* Target device:  xcu280-fsvh2892-2L-e


================================================================
== Performance Estimates
================================================================
+ Timing: 
    * Summary: 
    +--------+---------+----------+------------+
    |  Clock |  Target | Estimated| Uncertainty|
    +--------+---------+----------+------------+
    |ap_clk  |  3.33 ns|  1.914 ns|     0.90 ns|
    +--------+---------+----------+------------+

+ Latency: 
    * Summary: 
    +---------+---------+----------+----------+-----+-------+---------+
    |  Latency (cycles) |  Latency (absolute) |   Interval  | Pipeline|
    |   min   |   max   |    min   |    max   | min |  max  |   Type  |
    +---------+---------+----------+----------+-----+-------+---------+
    |        2|    65537|  6.660 ns|  0.218 ms|    2|  65537|       no|
    +---------+---------+----------+----------+-----+-------+---------+

    + Detail: 
        * Instance: 
        N/A

        * Loop: 
        +-------------------+---------+---------+----------+-----------+-----------+-----------+----------+
        |                   |  Latency (cycles) | Iteration|  Initiation Interval  |    Trip   |          |
        |     Loop Name     |   min   |   max   |  Latency |  achieved |   target  |   Count   | Pipelined|
        +-------------------+---------+---------+----------+-----------+-----------+-----------+----------+
        |- VITIS_LOOP_43_3  |        0|    65535|         2|          1|          1|  0 ~ 65535|       yes|
        +-------------------+---------+---------+----------+-----------+-----------+-----------+----------+



================================================================
== Utilization Estimates
================================================================
* Summary: 
+---------------------+---------+------+---------+---------+-----+
|         Name        | BRAM_18K|  DSP |    FF   |   LUT   | URAM|
+---------------------+---------+------+---------+---------+-----+
|DSP                  |        -|     -|        -|        -|    -|
|Expression           |        -|     -|        0|       39|    -|
|FIFO                 |        -|     -|        -|        -|    -|
|Instance             |        -|     -|        -|        -|    -|
|Memory               |        -|     -|        -|        -|    -|
|Multiplexer          |        -|     -|        -|       45|    -|
|Register             |        -|     -|       13|        -|    -|
+---------------------+---------+------+---------+---------+-----+
|Total                |        0|     0|       13|       84|    0|
+---------------------+---------+------+---------+---------+-----+
|Available SLR        |     1344|  3008|   869120|   434560|  320|
+---------------------+---------+------+---------+---------+-----+
|Utilization SLR (%)  |        0|     0|       ~0|       ~0|    0|
+---------------------+---------+------+---------+---------+-----+
|Available            |     4032|  9024|  2607360|  1303680|  960|
+---------------------+---------+------+---------+---------+-----+
|Utilization (%)      |        0|     0|       ~0|       ~0|    0|
+---------------------+---------+------+---------+---------+-----+

+ Detail: 
    * Instance: 
    N/A

    * DSP: 
    N/A

    * Memory: 
    N/A

    * FIFO: 
    N/A

    * Expression: 
    +---------------------------+----------+----+---+----+------------+------------+
    |       Variable Name       | Operation| DSP| FF| LUT| Bitwidth P0| Bitwidth P1|
    +---------------------------+----------+----+---+----+------------+------------+
    |add_ln43_fu_88_p2          |         +|   0|  0|  12|           5|           1|
    |ap_block_pp0_stage0_11001  |       and|   0|  0|   2|           1|           1|
    |icmp_ln43_fu_82_p2         |      icmp|   0|  0|  23|          16|          16|
    |ap_enable_pp0              |       xor|   0|  0|   2|           1|           2|
    +---------------------------+----------+----+---+----+------------+------------+
    |Total                      |          |   0|  0|  39|          23|          20|
    +---------------------------+----------+----+---+----+------------+------------+

    * Multiplexer: 
    +-------------------------+----+-----------+-----+-----------+
    |           Name          | LUT| Input Size| Bits| Total Bits|
    +-------------------------+----+-----------+-----+-----------+
    |ap_done_int              |   9|          2|    1|          2|
    |ap_enable_reg_pp0_iter1  |   9|          2|    1|          2|
    |ap_sig_allocacmp_v18_1   |   9|          2|    5|         10|
    |v18_fu_40                |   9|          2|    5|         10|
    |v1_blk_n                 |   9|          2|    1|          2|
    +-------------------------+----+-----------+-----+-----------+
    |Total                    |  45|         10|   13|         26|
    +-------------------------+----+-----------+-----+-----------+

    * Register: 
    +-------------------------+---+----+-----+-----------+
    |           Name          | FF| LUT| Bits| Const Bits|
    +-------------------------+---+----+-----+-----------+
    |ap_CS_fsm                |  1|   0|    1|          0|
    |ap_done_reg              |  1|   0|    1|          0|
    |ap_enable_reg_pp0_iter1  |  1|   0|    1|          0|
    |v18_1_reg_110            |  5|   0|    5|          0|
    |v18_fu_40                |  5|   0|    5|          0|
    +-------------------------+---+----+-----+-----------+
    |Total                    | 13|   0|   13|          0|
    +-------------------------+---+----+-----+-----------+



================================================================
== Interface
================================================================
* Summary: 
+---------------+-----+-----+------------+-----------------------------------+--------------+
|   RTL Ports   | Dir | Bits|  Protocol  |           Source Object           |    C Type    |
+---------------+-----+-----+------------+-----------------------------------+--------------+
|ap_clk         |   in|    1|  ap_ctrl_hs|  vpu_r1_0_Pipeline_VITIS_LOOP_43_3|  return value|
|ap_rst         |   in|    1|  ap_ctrl_hs|  vpu_r1_0_Pipeline_VITIS_LOOP_43_3|  return value|
|ap_start       |   in|    1|  ap_ctrl_hs|  vpu_r1_0_Pipeline_VITIS_LOOP_43_3|  return value|
|ap_done        |  out|    1|  ap_ctrl_hs|  vpu_r1_0_Pipeline_VITIS_LOOP_43_3|  return value|
|ap_idle        |  out|    1|  ap_ctrl_hs|  vpu_r1_0_Pipeline_VITIS_LOOP_43_3|  return value|
|ap_ready       |  out|    1|  ap_ctrl_hs|  vpu_r1_0_Pipeline_VITIS_LOOP_43_3|  return value|
|v1_dout        |   in|   32|     ap_fifo|                                 v1|       pointer|
|v1_empty_n     |   in|    1|     ap_fifo|                                 v1|       pointer|
|v1_read        |  out|    1|     ap_fifo|                                 v1|       pointer|
|empty          |   in|   16|     ap_none|                              empty|        scalar|
|prog_address0  |  out|    4|   ap_memory|                               prog|         array|
|prog_ce0       |  out|    1|   ap_memory|                               prog|         array|
|prog_we0       |  out|    1|   ap_memory|                               prog|         array|
|prog_d0        |  out|   32|   ap_memory|                               prog|         array|
+---------------+-----+-----+------------+-----------------------------------+--------------+

