

================================================================
== Vitis HLS Report for 'vpu_r1_0_Pipeline_l_S_r0_2_r0'
================================================================
* Date:           Sat Sep 12 18:35:09 2026

* Version:        2023.2 (Build 4023990 on Oct 11 2023)
* Project:        prj
* Solution:       sol (Vivado IP Flow Target)
* Product family: virtexuplusHBM
* Target device:  xcu280-fsvh2892-2L-e


================================================================
== Performance Estimates
================================================================
+ Timing: 
    * Summary: 
    +--------+---------+----------+------------+
    |  Clock |  Target | Estimated| Uncertainty|
    +--------+---------+----------+------------+
    |ap_clk  |  3.33 ns|  1.441 ns|     0.90 ns|
    +--------+---------+----------+------------+

+ Latency: 
    * Summary: 
    +---------+---------+-----------+-----------+-----+-----+---------+
    |  Latency (cycles) |   Latency (absolute)  |  Interval | Pipeline|
    |   min   |   max   |    min    |    max    | min | max |   Type  |
    +---------+---------+-----------+-----------+-----+-----+---------+
    |        6|        6|  19.980 ns|  19.980 ns|    6|    6|       no|
    +---------+---------+-----------+-----------+-----+-----+---------+

    + Detail: 
        * Instance: 
        N/A

        * Loop: 
        +---------------+---------+---------+----------+-----------+-----------+------+----------+
        |               |  Latency (cycles) | Iteration|  Initiation Interval  | Trip |          |
        |   Loop Name   |   min   |   max   |  Latency |  achieved |   target  | Count| Pipelined|
        +---------------+---------+---------+----------+-----------+-----------+------+----------+
        |- l_S_r0_2_r0  |        4|        4|         1|          1|          1|     4|       yes|
        +---------------+---------+---------+----------+-----------+-----------+------+----------+



================================================================
== Utilization Estimates
================================================================
* Summary: 
+---------------------+---------+------+---------+---------+-----+
|         Name        | BRAM_18K|  DSP |    FF   |   LUT   | URAM|
+---------------------+---------+------+---------+---------+-----+
|DSP                  |        -|     -|        -|        -|    -|
|Expression           |        -|     -|        0|       22|    -|
|FIFO                 |        -|     -|        -|        -|    -|
|Instance             |        -|     -|        -|        -|    -|
|Memory               |        -|     -|        -|        -|    -|
|Multiplexer          |        -|     -|        -|       83|    -|
|Register             |        -|     -|        5|        -|    -|
+---------------------+---------+------+---------+---------+-----+
|Total                |        0|     0|        5|      105|    0|
+---------------------+---------+------+---------+---------+-----+
|Available SLR        |     1344|  3008|   869120|   434560|  320|
+---------------------+---------+------+---------+---------+-----+
|Utilization SLR (%)  |        0|     0|       ~0|       ~0|    0|
+---------------------+---------+------+---------+---------+-----+
|Available            |     4032|  9024|  2607360|  1303680|  960|
+---------------------+---------+------+---------+---------+-----+
|Utilization (%)      |        0|     0|       ~0|       ~0|    0|
+---------------------+---------+------+---------+---------+-----+

+ Detail: 
    * Instance: 
    N/A

    * DSP: 
    N/A

    * Memory: 
    N/A

    * FIFO: 
    N/A

    * Expression: 
    +---------------------+----------+----+---+----+------------+------------+
    |    Variable Name    | Operation| DSP| FF| LUT| Bitwidth P0| Bitwidth P1|
    +---------------------+----------+----+---+----+------------+------------+
    |add_ln75_fu_114_p2   |         +|   0|  0|  10|           3|           1|
    |icmp_ln75_fu_108_p2  |      icmp|   0|  0|  12|           3|           4|
    +---------------------+----------+----+---+----+------------+------------+
    |Total                |          |   0|  0|  22|           6|           5|
    +---------------------+----------+----+---+----+------------+------------+

    * Multiplexer: 
    +-----------------------+----+-----------+-----+-----------+
    |          Name         | LUT| Input Size| Bits| Total Bits|
    +-----------------------+----+-----------+-----+-----------+
    |ap_done_int            |   9|          2|    1|          2|
    |ap_sig_allocacmp_r0_1  |   9|          2|    3|          6|
    |r0_fu_48               |   9|          2|    3|          6|
    |reg_0_2_out            |  14|          3|   32|         96|
    |reg_1_2_out            |  14|          3|   32|         96|
    |reg_2_2_out            |  14|          3|   32|         96|
    |reg_3_2_out            |  14|          3|   32|         96|
    +-----------------------+----+-----------+-----+-----------+
    |Total                  |  83|         18|  135|        398|
    +-----------------------+----+-----------+-----+-----------+

    * Register: 
    +-------------+---+----+-----+-----------+
    |     Name    | FF| LUT| Bits| Const Bits|
    +-------------+---+----+-----+-----------+
    |ap_CS_fsm    |  1|   0|    1|          0|
    |ap_done_reg  |  1|   0|    1|          0|
    |r0_fu_48     |  3|   0|    3|          0|
    +-------------+---+----+-----+-----------+
    |Total        |  5|   0|    5|          0|
    +-------------+---+----+-----+-----------+



================================================================
== Interface
================================================================
* Summary: 
+--------------------+-----+-----+------------+-------------------------------+--------------+
|      RTL Ports     | Dir | Bits|  Protocol  |         Source Object         |    C Type    |
+--------------------+-----+-----+------------+-------------------------------+--------------+
|ap_clk              |   in|    1|  ap_ctrl_hs|  vpu_r1_0_Pipeline_l_S_r0_2_r0|  return value|
|ap_rst              |   in|    1|  ap_ctrl_hs|  vpu_r1_0_Pipeline_l_S_r0_2_r0|  return value|
|ap_start            |   in|    1|  ap_ctrl_hs|  vpu_r1_0_Pipeline_l_S_r0_2_r0|  return value|
|ap_done             |  out|    1|  ap_ctrl_hs|  vpu_r1_0_Pipeline_l_S_r0_2_r0|  return value|
|ap_idle             |  out|    1|  ap_ctrl_hs|  vpu_r1_0_Pipeline_l_S_r0_2_r0|  return value|
|ap_ready            |  out|    1|  ap_ctrl_hs|  vpu_r1_0_Pipeline_l_S_r0_2_r0|  return value|
|reg_3_0_reload      |   in|   32|     ap_none|                 reg_3_0_reload|        scalar|
|reg_2_0_reload      |   in|   32|     ap_none|                 reg_2_0_reload|        scalar|
|reg_1_0_reload      |   in|   32|     ap_none|                 reg_1_0_reload|        scalar|
|reg_0_0_reload      |   in|   32|     ap_none|                 reg_0_0_reload|        scalar|
|reg_3_2_out         |  out|   32|      ap_vld|                    reg_3_2_out|       pointer|
|reg_3_2_out_ap_vld  |  out|    1|      ap_vld|                    reg_3_2_out|       pointer|
|reg_2_2_out         |  out|   32|      ap_vld|                    reg_2_2_out|       pointer|
|reg_2_2_out_ap_vld  |  out|    1|      ap_vld|                    reg_2_2_out|       pointer|
|reg_1_2_out         |  out|   32|      ap_vld|                    reg_1_2_out|       pointer|
|reg_1_2_out_ap_vld  |  out|    1|      ap_vld|                    reg_1_2_out|       pointer|
|reg_0_2_out         |  out|   32|      ap_vld|                    reg_0_2_out|       pointer|
|reg_0_2_out_ap_vld  |  out|    1|      ap_vld|                    reg_0_2_out|       pointer|
+--------------------+-----+-----+------------+-------------------------------+--------------+

