Copyright 1986-2022 Xilinx, Inc. All Rights Reserved. Copyright 2022-2023 Advanced Micro Devices, Inc. All Rights Reserved.
--------------------------------------------------------------------------------------------------------------------------------------------------
| Tool Version      : Vivado v.2023.2 (lin64) Build 4029153 Fri Oct 13 20:13:54 MDT 2023
| Date              : Wed Sep 23 03:45:43 2026
| Host              : brg-zhang-xcel.ece.cornell.edu running 64-bit Red Hat Enterprise Linux 9.8 (Plow)
| Command           : report_timing_summary -file timing.rpt
| Design            : spmw_harness
| Device            : xcu280-fsvh2892
| Speed File        : -2L  PRODUCTION 1.30 05-01-2022
| Design State      : Routed
| Temperature Grade : E
--------------------------------------------------------------------------------------------------------------------------------------------------

Timing Summary Report

------------------------------------------------------------------------------------------------
| Timer Settings
| --------------
------------------------------------------------------------------------------------------------

  Enable Multi Corner Analysis               :  Yes
  Enable Pessimism Removal                   :  Yes
  Pessimism Removal Resolution               :  Nearest Common Node
  Enable Input Delay Default Clock           :  No
  Enable Preset / Clear Arcs                 :  No
  Disable Flight Delays                      :  No
  Ignore I/O Paths                           :  No
  Timing Early Launch at Borrowing Latches   :  No
  Borrow Time for Max Delay Exceptions       :  Yes
  Merge Timing Exceptions                    :  Yes
  Inter-SLR Compensation                     :  Conservative

  Corner  Analyze    Analyze    
  Name    Max Paths  Min Paths  
  ------  ---------  ---------  
  Slow    Yes        Yes        
  Fast    Yes        Yes        


------------------------------------------------------------------------------------------------
| Report Methodology
| ------------------
------------------------------------------------------------------------------------------------

No report available as report_methodology has not been run prior. Run report_methodology on the current design for the summary of methodology violations.



check_timing report

Table of Contents
-----------------
1. checking no_clock (0)
2. checking constant_clock (0)
3. checking pulse_width_clock (0)
4. checking unconstrained_internal_endpoints (0)
5. checking no_input_delay (2)
6. checking no_output_delay (7)
7. checking multiple_clock (0)
8. checking generated_clocks (0)
9. checking loops (0)
10. checking partial_input_delay (0)
11. checking partial_output_delay (0)
12. checking latch_loops (0)

1. checking no_clock (0)
------------------------
 There are 0 register/latch pins with no clock.


2. checking constant_clock (0)
------------------------------
 There are 0 register/latch pins with constant_clock.


3. checking pulse_width_clock (0)
---------------------------------
 There are 0 register/latch pins which need pulse_width check


4. checking unconstrained_internal_endpoints (0)
------------------------------------------------
 There are 0 pins that are not constrained for maximum delay.

 There are 0 pins that are not constrained for maximum delay due to constant clock.


5. checking no_input_delay (2)
------------------------------
 There are 2 input ports with no input delay specified. (HIGH)

 There are 0 input ports with no input delay but user has a false path constraint.


6. checking no_output_delay (7)
-------------------------------
 There are 7 ports with no output delay specified. (HIGH)

 There are 0 ports with no output delay but user has a false path constraint

 There are 0 ports with no output delay but with a timing clock defined on it or propagating through it


7. checking multiple_clock (0)
------------------------------
 There are 0 register/latch pins with multiple clocks.


8. checking generated_clocks (0)
--------------------------------
 There are 0 generated clocks that are not connected to a clock source.


9. checking loops (0)
---------------------
 There are 0 combinational loops in the design.


10. checking partial_input_delay (0)
------------------------------------
 There are 0 input ports with partial input delay specified.


11. checking partial_output_delay (0)
-------------------------------------
 There are 0 ports with partial output delay specified.


12. checking latch_loops (0)
----------------------------
 There are 0 combinational latch loops in the design through latch input



------------------------------------------------------------------------------------------------
| Design Timing Summary
| ---------------------
------------------------------------------------------------------------------------------------

    WNS(ns)      TNS(ns)  TNS Failing Endpoints  TNS Total Endpoints      WHS(ns)      THS(ns)  THS Failing Endpoints  THS Total Endpoints     WPWS(ns)     TPWS(ns)  TPWS Failing Endpoints  TPWS Total Endpoints  
    -------      -------  ---------------------  -------------------      -------      -------  ---------------------  -------------------     --------     --------  ----------------------  --------------------  
      0.415        0.000                      0                 5099        0.010        0.000                      0                 5099        1.134        0.000                       0                  2733  


All user specified timing constraints are met.


------------------------------------------------------------------------------------------------
| Clock Summary
| -------------
------------------------------------------------------------------------------------------------

Clock   Waveform(ns)         Period(ns)      Frequency(MHz)
-----   ------------         ----------      --------------
ap_clk  {0.000 1.666}        3.333           300.030         


------------------------------------------------------------------------------------------------
| Intra Clock Table
| -----------------
------------------------------------------------------------------------------------------------

Clock             WNS(ns)      TNS(ns)  TNS Failing Endpoints  TNS Total Endpoints      WHS(ns)      THS(ns)  THS Failing Endpoints  THS Total Endpoints     WPWS(ns)     TPWS(ns)  TPWS Failing Endpoints  TPWS Total Endpoints  
-----             -------      -------  ---------------------  -------------------      -------      -------  ---------------------  -------------------     --------     --------  ----------------------  --------------------  
ap_clk              0.415        0.000                      0                 5099        0.010        0.000                      0                 5099        1.134        0.000                       0                  2733  


------------------------------------------------------------------------------------------------
| Inter Clock Table
| -----------------
------------------------------------------------------------------------------------------------

From Clock    To Clock          WNS(ns)      TNS(ns)  TNS Failing Endpoints  TNS Total Endpoints      WHS(ns)      THS(ns)  THS Failing Endpoints  THS Total Endpoints  
----------    --------          -------      -------  ---------------------  -------------------      -------      -------  ---------------------  -------------------  


------------------------------------------------------------------------------------------------
| Other Path Groups Table
| -----------------------
------------------------------------------------------------------------------------------------

Path Group    From Clock    To Clock          WNS(ns)      TNS(ns)  TNS Failing Endpoints  TNS Total Endpoints      WHS(ns)      THS(ns)  THS Failing Endpoints  THS Total Endpoints  
----------    ----------    --------          -------      -------  ---------------------  -------------------      -------      -------  ---------------------  -------------------  


------------------------------------------------------------------------------------------------
| Timing Details
| --------------
------------------------------------------------------------------------------------------------


---------------------------------------------------------------------------------------------------
From Clock:  ap_clk
  To Clock:  ap_clk

Setup :            0  Failing Endpoints,  Worst Slack        0.415ns,  Total Violation        0.000ns
Hold  :            0  Failing Endpoints,  Worst Slack        0.010ns,  Total Violation        0.000ns
PW    :            0  Failing Endpoints,  Worst Slack        1.134ns,  Total Violation        0.000ns
---------------------------------------------------------------------------------------------------


Max Delay Paths
--------------------------------------------------------------------------------------
Slack (MET) :             0.415ns  (required time - arrival time)
  Source:                 dut/u_pe_r5_3_3/u/grp_pe_r5_0_Pipeline_l_S_s_1_s_fu_45/v16_fu_62_reg[2]/C
                            (rising edge-triggered cell FDRE clocked by ap_clk  {rise@0.000ns fall@1.666ns period=3.333ns})
  Destination:            dut/g_vpu_z_in_bind[3].u/slice.q0_reg[18]/D
                            (rising edge-triggered cell FDRE clocked by ap_clk  {rise@0.000ns fall@1.666ns period=3.333ns})
  Path Group:             ap_clk
  Path Type:              Setup (Max at Slow Process Corner)
  Requirement:            3.333ns  (ap_clk rise@3.333ns - ap_clk rise@0.000ns)
  Data Path Delay:        2.827ns  (logic 0.956ns (33.814%)  route 1.871ns (66.186%))
  Logic Levels:           11  (CARRY8=6 LUT2=1 LUT3=2 LUT6=2)
  Clock Path Skew:        -0.081ns (DCD - SCD + CPR)
    Destination Clock Delay (DCD):    1.368ns = ( 4.701 - 3.333 ) 
    Source Clock Delay      (SCD):    1.759ns
    Clock Pessimism Removal (CPR):    0.310ns
  Clock Uncertainty:      0.035ns  ((TSJ^2 + TIJ^2)^1/2 + DJ) / 2 + PE
    Total System Jitter     (TSJ):    0.071ns
    Total Input Jitter      (TIJ):    0.000ns
    Discrete Jitter          (DJ):    0.000ns
    Phase Error              (PE):    0.000ns
  Clock Net Delay (Source):      0.772ns (routing 0.001ns, distribution 0.771ns)
  Clock Net Delay (Destination): 0.673ns (routing 0.001ns, distribution 0.672ns)

    Location             Delay type                Incr(ns)  Path(ns)    Netlist Resource(s)
  -------------------------------------------------------------------    -------------------
                         (clock ap_clk rise edge)     0.000     0.000 r  
    BH26                                              0.000     0.000 r  ap_clk (IN)
                         net (fo=0)                   0.000     0.000    ap_clk_IBUF_inst/I
    BH26                 INBUF (Prop_INBUF_HPIOB_M_PAD_O)
                                                      0.636     0.636 r  ap_clk_IBUF_inst/INBUF_INST/O
                         net (fo=1, routed)           0.000     0.636    ap_clk_IBUF_inst/OUT
    BH26                 IBUFCTRL (Prop_IBUFCTRL_HPIOB_M_I_O)
                                                      0.000     0.636 r  ap_clk_IBUF_inst/IBUFCTRL_INST/O
                         net (fo=1, routed)           0.323     0.959    ap_clk_IBUF
    BUFGCE_X0Y72         BUFGCE (Prop_BUFCE_BUFGCE_I_O)
                                                      0.028     0.987 r  ap_clk_IBUF_BUFG_inst/O
    X4Y3 (CLOCK_ROOT)    net (fo=2732, routed)        0.772     1.759    dut/u_pe_r5_3_3/u/grp_pe_r5_0_Pipeline_l_S_s_1_s_fu_45/ap_clk_IBUF_BUFG
    SLICE_X125Y224       FDRE                                         r  dut/u_pe_r5_3_3/u/grp_pe_r5_0_Pipeline_l_S_s_1_s_fu_45/v16_fu_62_reg[2]/C
  -------------------------------------------------------------------    -------------------
    SLICE_X125Y224       FDRE (Prop_CFF_SLICEL_C_Q)
                                                      0.079     1.838 r  dut/u_pe_r5_3_3/u/grp_pe_r5_0_Pipeline_l_S_s_1_s_fu_45/v16_fu_62_reg[2]/Q
                         net (fo=16, routed)          0.362     2.200    dut/u_pe_r5_3_3/u/grp_pe_r5_0_Pipeline_l_S_s_1_s_fu_45/mul_8s_8s_16_1_1_U3/Q[2]
    SLICE_X126Y219       LUT6 (Prop_H6LUT_SLICEM_I0_O)
                                                      0.152     2.352 r  dut/u_pe_r5_3_3/u/grp_pe_r5_0_Pipeline_l_S_s_1_s_fu_45/mul_8s_8s_16_1_1_U3/tmp_product__0_carry_i_1__9/O
                         net (fo=2, routed)           0.177     2.529    dut/u_pe_r5_3_3/u/grp_pe_r5_0_Pipeline_l_S_s_1_s_fu_45/mul_8s_8s_16_1_1_U3/tmp_product__0_carry_i_1__9_n_0
    SLICE_X126Y220       LUT6 (Prop_H6LUT_SLICEM_I0_O)
                                                      0.039     2.568 r  dut/u_pe_r5_3_3/u/grp_pe_r5_0_Pipeline_l_S_s_1_s_fu_45/mul_8s_8s_16_1_1_U3/tmp_product__0_carry_i_8__9/O
                         net (fo=1, routed)           0.015     2.583    dut/u_pe_r5_3_3/u/grp_pe_r5_0_Pipeline_l_S_s_1_s_fu_45/mul_8s_8s_16_1_1_U3/tmp_product__0_carry_i_8__9_n_0
    SLICE_X126Y220       CARRY8 (Prop_CARRY8_SLICEM_S[7]_CO[7])
                                                      0.117     2.700 r  dut/u_pe_r5_3_3/u/grp_pe_r5_0_Pipeline_l_S_s_1_s_fu_45/mul_8s_8s_16_1_1_U3/tmp_product__0_carry/CO[7]
                         net (fo=1, routed)           0.026     2.726    dut/u_pe_r5_3_3/u/grp_pe_r5_0_Pipeline_l_S_s_1_s_fu_45/mul_8s_8s_16_1_1_U3/tmp_product__0_carry_n_0
    SLICE_X126Y221       CARRY8 (Prop_CARRY8_SLICEM_CI_O[0])
                                                      0.056     2.782 r  dut/u_pe_r5_3_3/u/grp_pe_r5_0_Pipeline_l_S_s_1_s_fu_45/mul_8s_8s_16_1_1_U3/tmp_product__0_carry__0/O[0]
                         net (fo=3, routed)           0.399     3.181    dut/u_pe_r5_3_3/u/grp_pe_r5_0_Pipeline_l_S_s_1_s_fu_45/mul_8s_8s_16_1_1_U3/tmp_product__0_carry__0_n_15
    SLICE_X127Y220       LUT3 (Prop_B6LUT_SLICEL_I2_O)
                                                      0.051     3.232 r  dut/u_pe_r5_3_3/u/grp_pe_r5_0_Pipeline_l_S_s_1_s_fu_45/mul_8s_8s_16_1_1_U3/tmp_product__85_carry_i_3__9/O
                         net (fo=1, routed)           0.169     3.401    dut/u_pe_r5_3_3/u/grp_pe_r5_0_Pipeline_l_S_s_1_s_fu_45/mul_8s_8s_16_1_1_U3/tmp_product__85_carry_i_3__9_n_0
    SLICE_X127Y221       CARRY8 (Prop_CARRY8_SLICEL_DI[5]_CO[7])
                                                      0.083     3.484 r  dut/u_pe_r5_3_3/u/grp_pe_r5_0_Pipeline_l_S_s_1_s_fu_45/mul_8s_8s_16_1_1_U3/tmp_product__85_carry/CO[7]
                         net (fo=1, routed)           0.026     3.510    dut/u_pe_r5_3_3/u/grp_pe_r5_0_Pipeline_l_S_s_1_s_fu_45/mul_8s_8s_16_1_1_U3/tmp_product__85_carry_n_0
    SLICE_X127Y222       CARRY8 (Prop_CARRY8_SLICEL_CI_O[3])
                                                      0.082     3.592 r  dut/u_pe_r5_3_3/u/grp_pe_r5_0_Pipeline_l_S_s_1_s_fu_45/mul_8s_8s_16_1_1_U3/tmp_product__85_carry__0/O[3]
                         net (fo=4, routed)           0.377     3.969    dut/u_pe_r5_3_3/u/grp_pe_r5_0_Pipeline_l_S_s_1_s_fu_45/mul_8s_8s_16_1_1_U3/O[0]
    SLICE_X126Y223       LUT2 (Prop_H6LUT_SLICEM_I0_O)
                                                      0.053     4.022 r  dut/u_pe_r5_3_3/u/grp_pe_r5_0_Pipeline_l_S_s_1_s_fu_45/mul_8s_8s_16_1_1_U3/v2_din_carry__0_i_1__0/O
                         net (fo=1, routed)           0.015     4.037    dut/u_pe_r5_3_3/u/grp_pe_r5_0_Pipeline_l_S_s_1_s_fu_45/mul_8s_8s_16_1_1_U3_n_17
    SLICE_X126Y223       CARRY8 (Prop_CARRY8_SLICEM_S[7]_CO[7])
                                                      0.117     4.154 r  dut/u_pe_r5_3_3/u/grp_pe_r5_0_Pipeline_l_S_s_1_s_fu_45/v2_din_carry__0/CO[7]
                         net (fo=1, routed)           0.026     4.180    dut/u_pe_r5_3_3/u/grp_pe_r5_0_Pipeline_l_S_s_1_s_fu_45/v2_din_carry__0_n_0
    SLICE_X126Y224       CARRY8 (Prop_CARRY8_SLICEM_CI_O[2])
                                                      0.074     4.254 r  dut/u_pe_r5_3_3/u/grp_pe_r5_0_Pipeline_l_S_s_1_s_fu_45/v2_din_carry__1/O[2]
                         net (fo=2, routed)           0.226     4.480    dut/g_vpu_z_in_bind[3].u/D[18]
    SLICE_X126Y225       LUT3 (Prop_A6LUT_SLICEM_I1_O)
                                                      0.053     4.533 r  dut/g_vpu_z_in_bind[3].u/slice.q0[18]_i_1__2/O
                         net (fo=1, routed)           0.053     4.586    dut/g_vpu_z_in_bind[3].u/slice.q0[18]_i_1__2_n_0
    SLICE_X126Y225       FDRE                                         r  dut/g_vpu_z_in_bind[3].u/slice.q0_reg[18]/D
  -------------------------------------------------------------------    -------------------

                         (clock ap_clk rise edge)     3.333     3.333 r  
    BH26                                              0.000     3.333 r  ap_clk (IN)
                         net (fo=0)                   0.000     3.333    ap_clk_IBUF_inst/I
    BH26                 INBUF (Prop_INBUF_HPIOB_M_PAD_O)
                                                      0.385     3.718 r  ap_clk_IBUF_inst/INBUF_INST/O
                         net (fo=1, routed)           0.000     3.718    ap_clk_IBUF_inst/OUT
    BH26                 IBUFCTRL (Prop_IBUFCTRL_HPIOB_M_I_O)
                                                      0.000     3.718 r  ap_clk_IBUF_inst/IBUFCTRL_INST/O
                         net (fo=1, routed)           0.286     4.004    ap_clk_IBUF
    BUFGCE_X0Y72         BUFGCE (Prop_BUFCE_BUFGCE_I_O)
                                                      0.024     4.028 r  ap_clk_IBUF_BUFG_inst/O
    X4Y3 (CLOCK_ROOT)    net (fo=2732, routed)        0.673     4.701    dut/g_vpu_z_in_bind[3].u/ap_clk_IBUF_BUFG
    SLICE_X126Y225       FDRE                                         r  dut/g_vpu_z_in_bind[3].u/slice.q0_reg[18]/C
                         clock pessimism              0.310     5.011    
                         clock uncertainty           -0.035     4.976    
    SLICE_X126Y225       FDRE (Setup_AFF_SLICEM_C_D)
                                                      0.025     5.001    dut/g_vpu_z_in_bind[3].u/slice.q0_reg[18]
  -------------------------------------------------------------------
                         required time                          5.001    
                         arrival time                          -4.586    
  -------------------------------------------------------------------
                         slack                                  0.415    





Min Delay Paths
--------------------------------------------------------------------------------------
Slack (MET) :             0.010ns  (arrival time - required time)
  Source:                 dut/g_pe_p_out_p_in[12].u/slice.q1_reg[0]/C
                            (rising edge-triggered cell FDRE clocked by ap_clk  {rise@0.000ns fall@1.666ns period=3.333ns})
  Destination:            dut/g_pe_p_out_p_in[12].u/slice.q0_reg[0]/D
                            (rising edge-triggered cell FDRE clocked by ap_clk  {rise@0.000ns fall@1.666ns period=3.333ns})
  Path Group:             ap_clk
  Path Type:              Hold (Min at Slow Process Corner)
  Requirement:            0.000ns  (ap_clk rise@0.000ns - ap_clk rise@0.000ns)
  Data Path Delay:        0.187ns  (logic 0.093ns (49.733%)  route 0.094ns (50.267%))
  Logic Levels:           1  (LUT3=1)
  Clock Path Skew:        0.117ns (DCD - SCD - CPR)
    Destination Clock Delay (DCD):    1.815ns
    Source Clock Delay      (SCD):    1.388ns
    Clock Pessimism Removal (CPR):    0.310ns
  Clock Net Delay (Source):      0.694ns (routing 0.001ns, distribution 0.693ns)
  Clock Net Delay (Destination): 0.828ns (routing 0.001ns, distribution 0.827ns)

    Location             Delay type                Incr(ns)  Path(ns)    Netlist Resource(s)
  -------------------------------------------------------------------    -------------------
                         (clock ap_clk rise edge)     0.000     0.000 r  
    BH26                                              0.000     0.000 r  ap_clk (IN)
                         net (fo=0)                   0.000     0.000    ap_clk_IBUF_inst/I
    BH26                 INBUF (Prop_INBUF_HPIOB_M_PAD_O)
                                                      0.385     0.385 r  ap_clk_IBUF_inst/INBUF_INST/O
                         net (fo=1, routed)           0.000     0.385    ap_clk_IBUF_inst/OUT
    BH26                 IBUFCTRL (Prop_IBUFCTRL_HPIOB_M_I_O)
                                                      0.000     0.385 r  ap_clk_IBUF_inst/IBUFCTRL_INST/O
                         net (fo=1, routed)           0.286     0.671    ap_clk_IBUF
    BUFGCE_X0Y72         BUFGCE (Prop_BUFCE_BUFGCE_I_O)
                                                      0.024     0.695 r  ap_clk_IBUF_BUFG_inst/O
    X4Y3 (CLOCK_ROOT)    net (fo=2732, routed)        0.694     1.388    dut/g_pe_p_out_p_in[12].u/ap_clk_IBUF_BUFG
    SLICE_X132Y223       FDRE                                         r  dut/g_pe_p_out_p_in[12].u/slice.q1_reg[0]/C
  -------------------------------------------------------------------    -------------------
    SLICE_X132Y223       FDRE (Prop_AFF_SLICEL_C_Q)
                                                      0.058     1.446 r  dut/g_pe_p_out_p_in[12].u/slice.q1_reg[0]/Q
                         net (fo=1, routed)           0.058     1.504    dut/g_pe_p_out_p_in[12].u/slice.q1_reg_n_0_[0]
    SLICE_X133Y223       LUT3 (Prop_D6LUT_SLICEM_I0_O)
                                                      0.035     1.539 r  dut/g_pe_p_out_p_in[12].u/slice.q0[0]_i_1__7/O
                         net (fo=1, routed)           0.036     1.575    dut/g_pe_p_out_p_in[12].u/slice.q0[0]_i_1__7_n_0
    SLICE_X133Y223       FDRE                                         r  dut/g_pe_p_out_p_in[12].u/slice.q0_reg[0]/D
  -------------------------------------------------------------------    -------------------

                         (clock ap_clk rise edge)     0.000     0.000 r  
    BH26                                              0.000     0.000 r  ap_clk (IN)
                         net (fo=0)                   0.000     0.000    ap_clk_IBUF_inst/I
    BH26                 INBUF (Prop_INBUF_HPIOB_M_PAD_O)
                                                      0.636     0.636 r  ap_clk_IBUF_inst/INBUF_INST/O
                         net (fo=1, routed)           0.000     0.636    ap_clk_IBUF_inst/OUT
    BH26                 IBUFCTRL (Prop_IBUFCTRL_HPIOB_M_I_O)
                                                      0.000     0.636 r  ap_clk_IBUF_inst/IBUFCTRL_INST/O
                         net (fo=1, routed)           0.323     0.959    ap_clk_IBUF
    BUFGCE_X0Y72         BUFGCE (Prop_BUFCE_BUFGCE_I_O)
                                                      0.028     0.987 r  ap_clk_IBUF_BUFG_inst/O
    X4Y3 (CLOCK_ROOT)    net (fo=2732, routed)        0.828     1.815    dut/g_pe_p_out_p_in[12].u/ap_clk_IBUF_BUFG
    SLICE_X133Y223       FDRE                                         r  dut/g_pe_p_out_p_in[12].u/slice.q0_reg[0]/C
                         clock pessimism             -0.310     1.505    
    SLICE_X133Y223       FDRE (Hold_DFF_SLICEM_C_D)
                                                      0.060     1.565    dut/g_pe_p_out_p_in[12].u/slice.q0_reg[0]
  -------------------------------------------------------------------
                         required time                         -1.565    
                         arrival time                           1.575    
  -------------------------------------------------------------------
                         slack                                  0.010    





Pulse Width Checks
--------------------------------------------------------------------------------------
Clock Name:         ap_clk
Waveform(ns):       { 0.000 1.666 }
Period(ns):         3.333
Sources:            { ap_clk }

Check Type        Corner  Lib Pin     Reference Pin  Required(ns)  Actual(ns)  Slack(ns)  Location        Pin
Min Period        n/a     BUFGCE/I    n/a            1.290         3.333       2.043      BUFGCE_X0Y72    ap_clk_IBUF_BUFG_inst/I
Low Pulse Width   Slow    SRL16E/CLK  n/a            0.532         1.666       1.134      SLICE_X141Y220  gen_pe_a_in_bind[0].lf_pe_a_in_bind_reg[19]_srl12___gen_pe_a_in_bind_r_10/CLK
High Pulse Width  Slow    SRL16E/CLK  n/a            0.532         1.666       1.134      SLICE_X141Y220  gen_pe_a_in_bind[0].lf_pe_a_in_bind_reg[19]_srl12___gen_pe_a_in_bind_r_10/CLK



