Copyright 1986-2022 Xilinx, Inc. All Rights Reserved. Copyright 2022-2023 Advanced Micro Devices, Inc. All Rights Reserved.
---------------------------------------------------------------------------------------------------------------------------------------------
| Tool Version : Vivado v.2023.2 (lin64) Build 4029153 Fri Oct 13 20:13:54 MDT 2023
| Date         : Tue Sep  8 05:32:37 2026
| Host         : brg-zhang-xcel.ece.cornell.edu running 64-bit Red Hat Enterprise Linux 9.8 (Plow)
| Command      : report_utilization -hierarchical -file util_hier.rpt
| Design       : Mesh
| Device       : xcu280-fsvh2892-2L-e
| Speed File   : -2L
| Design State : Routed
---------------------------------------------------------------------------------------------------------------------------------------------

Utilization Design Information

Table of Contents
-----------------
1. Utilization by Hierarchy

1. Utilization by Hierarchy
---------------------------

+------------------+------------+------------+------------+---------+------+------+--------+--------+------+------------+
|     Instance     |   Module   | Total LUTs | Logic LUTs | LUTRAMs | SRLs |  FFs | RAMB36 | RAMB18 | URAM | DSP Blocks |
+------------------+------------+------------+------------+---------+------+------+--------+--------+------+------------+
| Mesh             |      (top) |       7235 |       7219 |       0 |   16 | 2096 |      0 |      0 |    0 |          0 |
|   (Mesh)         |      (top) |         16 |          0 |       0 |   16 | 1068 |      0 |      0 |    0 |          0 |
|   mesh_0_0       |       Tile |        444 |        444 |       0 |    0 |   64 |      0 |      0 |    0 |          0 |
|     tile_0_0     |      PE_42 |        444 |        444 |       0 |    0 |   64 |      0 |      0 |    0 |          0 |
|       (tile_0_0) |      PE_42 |        325 |        325 |       0 |    0 |   64 |      0 |      0 |    0 |          0 |
|       mac_unit   | MacUnit_43 |        119 |        119 |       0 |    0 |    0 |      0 |      0 |    0 |          0 |
|   mesh_0_1       |     Tile_0 |        444 |        444 |       0 |    0 |   64 |      0 |      0 |    0 |          0 |
|     tile_0_0     |      PE_40 |        444 |        444 |       0 |    0 |   64 |      0 |      0 |    0 |          0 |
|       (tile_0_0) |      PE_40 |        325 |        325 |       0 |    0 |   64 |      0 |      0 |    0 |          0 |
|       mac_unit   | MacUnit_41 |        119 |        119 |       0 |    0 |    0 |      0 |      0 |    0 |          0 |
|   mesh_0_2       |     Tile_1 |        445 |        445 |       0 |    0 |   64 |      0 |      0 |    0 |          0 |
|     tile_0_0     |      PE_38 |        445 |        445 |       0 |    0 |   64 |      0 |      0 |    0 |          0 |
|       (tile_0_0) |      PE_38 |        326 |        326 |       0 |    0 |   64 |      0 |      0 |    0 |          0 |
|       mac_unit   | MacUnit_39 |        119 |        119 |       0 |    0 |    0 |      0 |      0 |    0 |          0 |
|   mesh_0_3       |     Tile_2 |        440 |        440 |       0 |    0 |   64 |      0 |      0 |    0 |          0 |
|     tile_0_0     |      PE_36 |        440 |        440 |       0 |    0 |   64 |      0 |      0 |    0 |          0 |
|       (tile_0_0) |      PE_36 |        321 |        321 |       0 |    0 |   64 |      0 |      0 |    0 |          0 |
|       mac_unit   | MacUnit_37 |        119 |        119 |       0 |    0 |    0 |      0 |      0 |    0 |          0 |
|   mesh_1_0       |     Tile_3 |        455 |        455 |       0 |    0 |   64 |      0 |      0 |    0 |          0 |
|     tile_0_0     |      PE_34 |        455 |        455 |       0 |    0 |   64 |      0 |      0 |    0 |          0 |
|       (tile_0_0) |      PE_34 |        335 |        335 |       0 |    0 |   64 |      0 |      0 |    0 |          0 |
|       mac_unit   | MacUnit_35 |        120 |        120 |       0 |    0 |    0 |      0 |      0 |    0 |          0 |
|   mesh_1_1       |     Tile_4 |        455 |        455 |       0 |    0 |   64 |      0 |      0 |    0 |          0 |
|     tile_0_0     |      PE_32 |        455 |        455 |       0 |    0 |   64 |      0 |      0 |    0 |          0 |
|       (tile_0_0) |      PE_32 |        336 |        336 |       0 |    0 |   64 |      0 |      0 |    0 |          0 |
|       mac_unit   | MacUnit_33 |        119 |        119 |       0 |    0 |    0 |      0 |      0 |    0 |          0 |
|   mesh_1_2       |     Tile_5 |        453 |        453 |       0 |    0 |   64 |      0 |      0 |    0 |          0 |
|     tile_0_0     |      PE_30 |        453 |        453 |       0 |    0 |   64 |      0 |      0 |    0 |          0 |
|       (tile_0_0) |      PE_30 |        334 |        334 |       0 |    0 |   64 |      0 |      0 |    0 |          0 |
|       mac_unit   | MacUnit_31 |        119 |        119 |       0 |    0 |    0 |      0 |      0 |    0 |          0 |
|   mesh_1_3       |     Tile_6 |        454 |        454 |       0 |    0 |   64 |      0 |      0 |    0 |          0 |
|     tile_0_0     |      PE_28 |        454 |        454 |       0 |    0 |   64 |      0 |      0 |    0 |          0 |
|       (tile_0_0) |      PE_28 |        335 |        335 |       0 |    0 |   64 |      0 |      0 |    0 |          0 |
|       mac_unit   | MacUnit_29 |        119 |        119 |       0 |    0 |    0 |      0 |      0 |    0 |          0 |
|   mesh_2_0       |     Tile_7 |        455 |        455 |       0 |    0 |   64 |      0 |      0 |    0 |          0 |
|     tile_0_0     |      PE_26 |        455 |        455 |       0 |    0 |   64 |      0 |      0 |    0 |          0 |
|       (tile_0_0) |      PE_26 |        336 |        336 |       0 |    0 |   64 |      0 |      0 |    0 |          0 |
|       mac_unit   | MacUnit_27 |        119 |        119 |       0 |    0 |    0 |      0 |      0 |    0 |          0 |
|   mesh_2_1       |     Tile_8 |        454 |        454 |       0 |    0 |   64 |      0 |      0 |    0 |          0 |
|     tile_0_0     |      PE_24 |        454 |        454 |       0 |    0 |   64 |      0 |      0 |    0 |          0 |
|       (tile_0_0) |      PE_24 |        335 |        335 |       0 |    0 |   64 |      0 |      0 |    0 |          0 |
|       mac_unit   | MacUnit_25 |        119 |        119 |       0 |    0 |    0 |      0 |      0 |    0 |          0 |
|   mesh_2_2       |     Tile_9 |        453 |        453 |       0 |    0 |   64 |      0 |      0 |    0 |          0 |
|     tile_0_0     |      PE_22 |        453 |        453 |       0 |    0 |   64 |      0 |      0 |    0 |          0 |
|       (tile_0_0) |      PE_22 |        334 |        334 |       0 |    0 |   64 |      0 |      0 |    0 |          0 |
|       mac_unit   | MacUnit_23 |        119 |        119 |       0 |    0 |    0 |      0 |      0 |    0 |          0 |
|   mesh_2_3       |    Tile_10 |        452 |        452 |       0 |    0 |   64 |      0 |      0 |    0 |          0 |
|     tile_0_0     |      PE_20 |        452 |        452 |       0 |    0 |   64 |      0 |      0 |    0 |          0 |
|       (tile_0_0) |      PE_20 |        333 |        333 |       0 |    0 |   64 |      0 |      0 |    0 |          0 |
|       mac_unit   | MacUnit_21 |        119 |        119 |       0 |    0 |    0 |      0 |      0 |    0 |          0 |
|   mesh_3_0       |    Tile_12 |        453 |        453 |       0 |    0 |   65 |      0 |      0 |    0 |          0 |
|     tile_0_0     |      PE_18 |        453 |        453 |       0 |    0 |   65 |      0 |      0 |    0 |          0 |
|       (tile_0_0) |      PE_18 |        334 |        334 |       0 |    0 |   65 |      0 |      0 |    0 |          0 |
|       mac_unit   | MacUnit_19 |        119 |        119 |       0 |    0 |    0 |      0 |      0 |    0 |          0 |
|   mesh_3_1       | Tile_12_11 |        453 |        453 |       0 |    0 |   65 |      0 |      0 |    0 |          0 |
|     tile_0_0     |      PE_16 |        453 |        453 |       0 |    0 |   65 |      0 |      0 |    0 |          0 |
|       (tile_0_0) |      PE_16 |        334 |        334 |       0 |    0 |   65 |      0 |      0 |    0 |          0 |
|       mac_unit   | MacUnit_17 |        119 |        119 |       0 |    0 |    0 |      0 |      0 |    0 |          0 |
|   mesh_3_2       | Tile_12_12 |        455 |        455 |       0 |    0 |   65 |      0 |      0 |    0 |          0 |
|     tile_0_0     |      PE_14 |        455 |        455 |       0 |    0 |   65 |      0 |      0 |    0 |          0 |
|       (tile_0_0) |      PE_14 |        336 |        336 |       0 |    0 |   65 |      0 |      0 |    0 |          0 |
|       mac_unit   | MacUnit_15 |        119 |        119 |       0 |    0 |    0 |      0 |      0 |    0 |          0 |
|   mesh_3_3       | Tile_12_13 |        454 |        454 |       0 |    0 |   65 |      0 |      0 |    0 |          0 |
|     tile_0_0     |         PE |        454 |        454 |       0 |    0 |   65 |      0 |      0 |    0 |          0 |
|       (tile_0_0) |         PE |        335 |        335 |       0 |    0 |   65 |      0 |      0 |    0 |          0 |
|       mac_unit   |    MacUnit |        119 |        119 |       0 |    0 |    0 |      0 |      0 |    0 |          0 |
+------------------+------------+------------+------------+---------+------+------+--------+--------+------+------------+
* Note: The sum of lower-level cells may be larger than their parent cells total, due to cross-hierarchy LUT combining


