Copyright 1986-2022 Xilinx, Inc. All Rights Reserved. Copyright 2022-2023 Advanced Micro Devices, Inc. All Rights Reserved.
--------------------------------------------------------------------------------------------------------------------------------------------------
| Tool Version      : Vivado v.2023.2 (lin64) Build 4029153 Fri Oct 13 20:13:54 MDT 2023
| Date              : Tue Sep  8 04:51:22 2026
| Host              : brg-zhang-xcel.ece.cornell.edu running 64-bit Red Hat Enterprise Linux 9.8 (Plow)
| Command           : report_timing_summary -file timing.rpt
| Design            : Mesh
| Device            : xcu280-fsvh2892
| Speed File        : -2L  PRODUCTION 1.30 05-01-2022
| Design State      : Routed
| Temperature Grade : E
--------------------------------------------------------------------------------------------------------------------------------------------------

Timing Summary Report

------------------------------------------------------------------------------------------------
| Timer Settings
| --------------
------------------------------------------------------------------------------------------------

  Enable Multi Corner Analysis               :  Yes
  Enable Pessimism Removal                   :  Yes
  Pessimism Removal Resolution               :  Nearest Common Node
  Enable Input Delay Default Clock           :  No
  Enable Preset / Clear Arcs                 :  No
  Disable Flight Delays                      :  No
  Ignore I/O Paths                           :  No
  Timing Early Launch at Borrowing Latches   :  No
  Borrow Time for Max Delay Exceptions       :  Yes
  Merge Timing Exceptions                    :  Yes
  Inter-SLR Compensation                     :  Conservative

  Corner  Analyze    Analyze    
  Name    Max Paths  Min Paths  
  ------  ---------  ---------  
  Slow    Yes        Yes        
  Fast    Yes        Yes        


------------------------------------------------------------------------------------------------
| Report Methodology
| ------------------
------------------------------------------------------------------------------------------------

No report available as report_methodology has not been run prior. Run report_methodology on the current design for the summary of methodology violations.



check_timing report

Table of Contents
-----------------
1. checking no_clock (0)
2. checking constant_clock (0)
3. checking pulse_width_clock (0)
4. checking unconstrained_internal_endpoints (0)
5. checking no_input_delay (144)
6. checking no_output_delay (304)
7. checking multiple_clock (0)
8. checking generated_clocks (0)
9. checking loops (0)
10. checking partial_input_delay (0)
11. checking partial_output_delay (0)
12. checking latch_loops (0)

1. checking no_clock (0)
------------------------
 There are 0 register/latch pins with no clock.


2. checking constant_clock (0)
------------------------------
 There are 0 register/latch pins with constant_clock.


3. checking pulse_width_clock (0)
---------------------------------
 There are 0 register/latch pins which need pulse_width check


4. checking unconstrained_internal_endpoints (0)
------------------------------------------------
 There are 0 pins that are not constrained for maximum delay.

 There are 0 pins that are not constrained for maximum delay due to constant clock.


5. checking no_input_delay (144)
--------------------------------
 There are 144 input ports with no input delay specified. (HIGH)

 There are 0 input ports with no input delay but user has a false path constraint.


6. checking no_output_delay (304)
---------------------------------
 There are 304 ports with no output delay specified. (HIGH)

 There are 0 ports with no output delay but user has a false path constraint

 There are 0 ports with no output delay but with a timing clock defined on it or propagating through it


7. checking multiple_clock (0)
------------------------------
 There are 0 register/latch pins with multiple clocks.


8. checking generated_clocks (0)
--------------------------------
 There are 0 generated clocks that are not connected to a clock source.


9. checking loops (0)
---------------------
 There are 0 combinational loops in the design.


10. checking partial_input_delay (0)
------------------------------------
 There are 0 input ports with partial input delay specified.


11. checking partial_output_delay (0)
-------------------------------------
 There are 0 ports with partial output delay specified.


12. checking latch_loops (0)
----------------------------
 There are 0 combinational latch loops in the design through latch input



------------------------------------------------------------------------------------------------
| Design Timing Summary
| ---------------------
------------------------------------------------------------------------------------------------

    WNS(ns)      TNS(ns)  TNS Failing Endpoints  TNS Total Endpoints      WHS(ns)      THS(ns)  THS Failing Endpoints  THS Total Endpoints     WPWS(ns)     TPWS(ns)  TPWS Failing Endpoints  TPWS Total Endpoints  
    -------      -------  ---------------------  -------------------      -------      -------  ---------------------  -------------------     --------     --------  ----------------------  --------------------  
      0.590        0.000                      0                 1588        0.041        0.000                      0                 1588        1.134        0.000                       0                  1080  


All user specified timing constraints are met.


------------------------------------------------------------------------------------------------
| Clock Summary
| -------------
------------------------------------------------------------------------------------------------

Clock  Waveform(ns)         Period(ns)      Frequency(MHz)
-----  ------------         ----------      --------------
clk    {0.000 1.666}        3.333           300.030         


------------------------------------------------------------------------------------------------
| Intra Clock Table
| -----------------
------------------------------------------------------------------------------------------------

Clock             WNS(ns)      TNS(ns)  TNS Failing Endpoints  TNS Total Endpoints      WHS(ns)      THS(ns)  THS Failing Endpoints  THS Total Endpoints     WPWS(ns)     TPWS(ns)  TPWS Failing Endpoints  TPWS Total Endpoints  
-----             -------      -------  ---------------------  -------------------      -------      -------  ---------------------  -------------------     --------     --------  ----------------------  --------------------  
clk                 0.590        0.000                      0                 1588        0.041        0.000                      0                 1588        1.134        0.000                       0                  1080  


------------------------------------------------------------------------------------------------
| Inter Clock Table
| -----------------
------------------------------------------------------------------------------------------------

From Clock    To Clock          WNS(ns)      TNS(ns)  TNS Failing Endpoints  TNS Total Endpoints      WHS(ns)      THS(ns)  THS Failing Endpoints  THS Total Endpoints  
----------    --------          -------      -------  ---------------------  -------------------      -------      -------  ---------------------  -------------------  


------------------------------------------------------------------------------------------------
| Other Path Groups Table
| -----------------------
------------------------------------------------------------------------------------------------

Path Group    From Clock    To Clock          WNS(ns)      TNS(ns)  TNS Failing Endpoints  TNS Total Endpoints      WHS(ns)      THS(ns)  THS Failing Endpoints  THS Total Endpoints  
----------    ----------    --------          -------      -------  ---------------------  -------------------      -------      -------  ---------------------  -------------------  


------------------------------------------------------------------------------------------------
| Timing Details
| --------------
------------------------------------------------------------------------------------------------


---------------------------------------------------------------------------------------------------
From Clock:  clk
  To Clock:  clk

Setup :            0  Failing Endpoints,  Worst Slack        0.590ns,  Total Violation        0.000ns
Hold  :            0  Failing Endpoints,  Worst Slack        0.041ns,  Total Violation        0.000ns
PW    :            0  Failing Endpoints,  Worst Slack        1.134ns,  Total Violation        0.000ns
---------------------------------------------------------------------------------------------------


Max Delay Paths
--------------------------------------------------------------------------------------
Slack (MET) :             0.590ns  (required time - arrival time)
  Source:                 mesh_0_2/tile_0_0/c1_reg[1]/C
                            (rising edge-triggered cell FDRE clocked by clk  {rise@0.000ns fall@1.666ns period=3.333ns})
  Destination:            pipe_b_9_0_reg[28]/D
                            (rising edge-triggered cell FDRE clocked by clk  {rise@0.000ns fall@1.666ns period=3.333ns})
  Path Group:             clk
  Path Type:              Setup (Max at Slow Process Corner)
  Requirement:            3.333ns  (clk rise@3.333ns - clk rise@0.000ns)
  Data Path Delay:        2.725ns  (logic 1.292ns (47.416%)  route 1.433ns (52.584%))
  Logic Levels:           12  (CARRY8=6 LUT2=1 LUT3=2 LUT4=1 LUT6=2)
  Clock Path Skew:        -0.008ns (DCD - SCD + CPR)
    Destination Clock Delay (DCD):    0.021ns = ( 3.354 - 3.333 ) 
    Source Clock Delay      (SCD):    0.029ns
    Clock Pessimism Removal (CPR):    0.000ns
  Clock Uncertainty:      0.035ns  ((TSJ^2 + TIJ^2)^1/2 + DJ) / 2 + PE
    Total System Jitter     (TSJ):    0.071ns
    Total Input Jitter      (TIJ):    0.000ns
    Discrete Jitter          (DJ):    0.000ns
    Phase Error              (PE):    0.000ns

    Location             Delay type                Incr(ns)  Path(ns)    Netlist Resource(s)
  -------------------------------------------------------------------    -------------------
                         (clock clk rise edge)        0.000     0.000 r  
                                                      0.000     0.000 r  clock (IN)
                         net (fo=1079, unset)         0.029     0.029    mesh_0_2/tile_0_0/clock
    SLICE_X84Y571        FDRE                                         r  mesh_0_2/tile_0_0/c1_reg[1]/C
  -------------------------------------------------------------------    -------------------
    SLICE_X84Y571        FDRE (Prop_HFF2_SLICEL_C_Q)
                                                      0.080     0.109 r  mesh_0_2/tile_0_0/c1_reg[1]/Q
                         net (fo=5, routed)           0.156     0.265    mesh_0_2/tile_0_0/mac_unit/_io_out_d_T__0_carry_i_13__7_1
    SLICE_X84Y571        LUT3 (Prop_D5LUT_SLICEL_I2_O)
                                                      0.157     0.422 r  mesh_0_2/tile_0_0/mac_unit/_io_out_d_T__0_carry_i_18__7/O
                         net (fo=14, routed)          0.265     0.687    mesh_0_2/tile_0_0/mac_unit/_io_out_d_T__0_carry_i_18__7_n_0
    SLICE_X82Y569        LUT6 (Prop_H6LUT_SLICEL_I5_O)
                                                      0.036     0.723 r  mesh_0_2/tile_0_0/mac_unit/_io_out_d_T__0_carry_i_1__7/O
                         net (fo=2, routed)           0.214     0.937    mesh_0_2/tile_0_0/mac_unit/_io_out_d_T__0_carry_i_1__7_n_0
    SLICE_X82Y570        LUT6 (Prop_H6LUT_SLICEL_I0_O)
                                                      0.090     1.027 r  mesh_0_2/tile_0_0/mac_unit/_io_out_d_T__0_carry_i_8__7/O
                         net (fo=1, routed)           0.010     1.037    mesh_0_2/tile_0_0/mac_unit/_io_out_d_T__0_carry_i_8__7_n_0
    SLICE_X82Y570        CARRY8 (Prop_CARRY8_SLICEL_S[7]_CO[7])
                                                      0.115     1.152 r  mesh_0_2/tile_0_0/mac_unit/_io_out_d_T__0_carry/CO[7]
                         net (fo=1, routed)           0.026     1.178    mesh_0_2/tile_0_0/mac_unit/_io_out_d_T__0_carry_n_0
    SLICE_X82Y571        CARRY8 (Prop_CARRY8_SLICEL_CI_O[1])
                                                      0.076     1.254 r  mesh_0_2/tile_0_0/mac_unit/_io_out_d_T__0_carry__0/O[1]
                         net (fo=2, routed)           0.231     1.485    mesh_0_2/tile_0_0/mac_unit/_io_out_d_T__0_carry__0_n_14
    SLICE_X81Y572        LUT3 (Prop_F5LUT_SLICEM_I0_O)
                                                      0.142     1.627 r  mesh_0_2/tile_0_0/mac_unit/_io_out_d_T__86_carry_i_2__7/O
                         net (fo=2, routed)           0.233     1.860    mesh_0_2/tile_0_0/mac_unit/_io_out_d_T__86_carry_i_2__7_n_0
    SLICE_X81Y572        LUT4 (Prop_G6LUT_SLICEM_I0_O)
                                                      0.090     1.950 r  mesh_0_2/tile_0_0/mac_unit/_io_out_d_T__86_carry_i_10__7/O
                         net (fo=1, routed)           0.016     1.966    mesh_0_2/tile_0_0/mac_unit/_io_out_d_T__86_carry_i_10__7_n_0
    SLICE_X81Y572        CARRY8 (Prop_CARRY8_SLICEM_S[6]_CO[7])
                                                      0.117     2.083 r  mesh_0_2/tile_0_0/mac_unit/_io_out_d_T__86_carry/CO[7]
                         net (fo=1, routed)           0.026     2.109    mesh_0_2/tile_0_0/mac_unit/_io_out_d_T__86_carry_n_0
    SLICE_X81Y573        CARRY8 (Prop_CARRY8_SLICEM_CI_O[1])
                                                      0.076     2.185 r  mesh_0_2/tile_0_0/mac_unit/_io_out_d_T__86_carry__0/O[1]
                         net (fo=3, routed)           0.183     2.368    mesh_0_2/tile_0_0/mac_unit/_io_out_d_T__86_carry__0_n_14
    SLICE_X81Y570        LUT2 (Prop_F6LUT_SLICEM_I1_O)
                                                      0.098     2.466 r  mesh_0_2/tile_0_0/mac_unit/io_out_d_carry__0_i_4__13/O
                         net (fo=1, routed)           0.022     2.488    mesh_0_2/tile_0_0/mac_unit/io_out_d_carry__0_i_4__13_n_0
    SLICE_X81Y570        CARRY8 (Prop_CARRY8_SLICEM_S[5]_CO[7])
                                                      0.159     2.647 r  mesh_0_2/tile_0_0/mac_unit/io_out_d_carry__0/CO[7]
                         net (fo=1, routed)           0.026     2.673    mesh_0_2/tile_0_0/mac_unit/io_out_d_carry__0_n_0
    SLICE_X81Y571        CARRY8 (Prop_CARRY8_SLICEM_CI_O[0])
                                                      0.056     2.729 r  mesh_0_2/tile_0_0/mac_unit/io_out_d_carry__1/O[0]
                         net (fo=1, routed)           0.025     2.754    mesh_0_2_n_8
    SLICE_X81Y571        FDRE                                         r  pipe_b_9_0_reg[28]/D
  -------------------------------------------------------------------    -------------------

                         (clock clk rise edge)        3.333     3.333 r  
                                                      0.000     3.333 r  clock (IN)
                         net (fo=1079, unset)         0.021     3.354    clock
    SLICE_X81Y571        FDRE                                         r  pipe_b_9_0_reg[28]/C
                         clock pessimism              0.000     3.354    
                         clock uncertainty           -0.035     3.319    
    SLICE_X81Y571        FDRE (Setup_AFF_SLICEM_C_D)
                                                      0.025     3.344    pipe_b_9_0_reg[28]
  -------------------------------------------------------------------
                         required time                          3.344    
                         arrival time                          -2.754    
  -------------------------------------------------------------------
                         slack                                  0.590    





Min Delay Paths
--------------------------------------------------------------------------------------
Slack (MET) :             0.041ns  (arrival time - required time)
  Source:                 pipe_b_28_0_reg[4]/C
                            (rising edge-triggered cell FDRE clocked by clk  {rise@0.000ns fall@1.666ns period=3.333ns})
  Destination:            mesh_0_3/tile_0_0/c2_reg[4]/D
                            (rising edge-triggered cell FDRE clocked by clk  {rise@0.000ns fall@1.666ns period=3.333ns})
  Path Group:             clk
  Path Type:              Hold (Min at Fast Process Corner)
  Requirement:            0.000ns  (clk rise@0.000ns - clk rise@0.000ns)
  Data Path Delay:        0.095ns  (logic 0.039ns (41.129%)  route 0.056ns (58.871%))
  Logic Levels:           0  
  Clock Path Skew:        0.007ns (DCD - SCD - CPR)
    Destination Clock Delay (DCD):    0.019ns
    Source Clock Delay      (SCD):    0.012ns
    Clock Pessimism Removal (CPR):    -0.000ns

    Location             Delay type                Incr(ns)  Path(ns)    Netlist Resource(s)
  -------------------------------------------------------------------    -------------------
                         (clock clk rise edge)        0.000     0.000 r  
                                                      0.000     0.000 r  clock (IN)
                         net (fo=1079, unset)         0.012     0.012    clock
    SLICE_X78Y585        FDRE                                         r  pipe_b_28_0_reg[4]/C
  -------------------------------------------------------------------    -------------------
    SLICE_X78Y585        FDRE (Prop_AFF_SLICEL_C_Q)
                                                      0.039     0.051 r  pipe_b_28_0_reg[4]/Q
                         net (fo=2, routed)           0.056     0.107    mesh_0_3/tile_0_0/c2_reg[7]_0[4]
    SLICE_X78Y585        FDRE                                         r  mesh_0_3/tile_0_0/c2_reg[4]/D
  -------------------------------------------------------------------    -------------------

                         (clock clk rise edge)        0.000     0.000 r  
                                                      0.000     0.000 r  clock (IN)
                         net (fo=1079, unset)         0.019     0.019    mesh_0_3/tile_0_0/clock
    SLICE_X78Y585        FDRE                                         r  mesh_0_3/tile_0_0/c2_reg[4]/C
                         clock pessimism              0.000     0.019    
    SLICE_X78Y585        FDRE (Hold_HFF2_SLICEL_C_D)
                                                      0.047     0.066    mesh_0_3/tile_0_0/c2_reg[4]
  -------------------------------------------------------------------
                         required time                         -0.066    
                         arrival time                           0.107    
  -------------------------------------------------------------------
                         slack                                  0.041    





Pulse Width Checks
--------------------------------------------------------------------------------------
Clock Name:         clk
Waveform(ns):       { 0.000 1.666 }
Period(ns):         3.333
Sources:            { clock }

Check Type        Corner  Lib Pin     Reference Pin  Required(ns)  Actual(ns)  Slack(ns)  Location        Pin
Min Period        n/a     SRL16E/CLK  n/a            1.064         3.333       2.269      SLICE_X115Y238  r_35_0_reg[0]_srl3/CLK
Low Pulse Width   Slow    SRL16E/CLK  n/a            0.532         1.667       1.135      SLICE_X115Y238  r_35_0_reg[0]_srl3/CLK
High Pulse Width  Slow    SRL16E/CLK  n/a            0.532         1.666       1.134      SLICE_X115Y238  r_35_0_reg[0]_srl3/CLK



