Copyright 1986-2022 Xilinx, Inc. All Rights Reserved. Copyright 2022-2023 Advanced Micro Devices, Inc. All Rights Reserved.
---------------------------------------------------------------------------------------------------------------------------------------------
| Tool Version : Vivado v.2023.2 (lin64) Build 4029153 Fri Oct 13 20:13:54 MDT 2023
| Date         : Tue Sep  8 04:51:22 2026
| Host         : brg-zhang-xcel.ece.cornell.edu running 64-bit Red Hat Enterprise Linux 9.8 (Plow)
| Command      : report_utilization -hierarchical -file util_hier.rpt
| Design       : Mesh
| Device       : xcu280-fsvh2892-2L-e
| Speed File   : -2L
| Design State : Routed
---------------------------------------------------------------------------------------------------------------------------------------------

Utilization Design Information

Table of Contents
-----------------
1. Utilization by Hierarchy

1. Utilization by Hierarchy
---------------------------

+------------------+------------+------------+------------+---------+------+------+--------+--------+------+------------+
|     Instance     |   Module   | Total LUTs | Logic LUTs | LUTRAMs | SRLs |  FFs | RAMB36 | RAMB18 | URAM | DSP Blocks |
+------------------+------------+------------+------------+---------+------+------+--------+--------+------+------------+
| Mesh             |      (top) |       1592 |       1576 |       0 |   16 | 1064 |      0 |      0 |    0 |          0 |
|   (Mesh)         |      (top) |         16 |          0 |       0 |   16 |  808 |      0 |      0 |    0 |          0 |
|   mesh_0_0       |       Tile |         96 |         96 |       0 |    0 |   16 |      0 |      0 |    0 |          0 |
|     tile_0_0     |      PE_42 |         96 |         96 |       0 |    0 |   16 |      0 |      0 |    0 |          0 |
|       (tile_0_0) |      PE_42 |          5 |          5 |       0 |    0 |   16 |      0 |      0 |    0 |          0 |
|       mac_unit   | MacUnit_43 |         91 |         91 |       0 |    0 |    0 |      0 |      0 |    0 |          0 |
|   mesh_0_1       |     Tile_0 |         96 |         96 |       0 |    0 |   16 |      0 |      0 |    0 |          0 |
|     tile_0_0     |      PE_40 |         96 |         96 |       0 |    0 |   16 |      0 |      0 |    0 |          0 |
|       (tile_0_0) |      PE_40 |          5 |          5 |       0 |    0 |   16 |      0 |      0 |    0 |          0 |
|       mac_unit   | MacUnit_41 |         91 |         91 |       0 |    0 |    0 |      0 |      0 |    0 |          0 |
|   mesh_0_2       |     Tile_1 |         96 |         96 |       0 |    0 |   16 |      0 |      0 |    0 |          0 |
|     tile_0_0     |      PE_38 |         96 |         96 |       0 |    0 |   16 |      0 |      0 |    0 |          0 |
|       (tile_0_0) |      PE_38 |          5 |          5 |       0 |    0 |   16 |      0 |      0 |    0 |          0 |
|       mac_unit   | MacUnit_39 |         91 |         91 |       0 |    0 |    0 |      0 |      0 |    0 |          0 |
|   mesh_0_3       |     Tile_2 |         96 |         96 |       0 |    0 |   16 |      0 |      0 |    0 |          0 |
|     tile_0_0     |      PE_36 |         96 |         96 |       0 |    0 |   16 |      0 |      0 |    0 |          0 |
|       (tile_0_0) |      PE_36 |          5 |          5 |       0 |    0 |   16 |      0 |      0 |    0 |          0 |
|       mac_unit   | MacUnit_37 |         91 |         91 |       0 |    0 |    0 |      0 |      0 |    0 |          0 |
|   mesh_1_0       |     Tile_3 |         98 |         98 |       0 |    0 |   16 |      0 |      0 |    0 |          0 |
|     tile_0_0     |      PE_34 |         98 |         98 |       0 |    0 |   16 |      0 |      0 |    0 |          0 |
|       (tile_0_0) |      PE_34 |          5 |          5 |       0 |    0 |   16 |      0 |      0 |    0 |          0 |
|       mac_unit   | MacUnit_35 |         93 |         93 |       0 |    0 |    0 |      0 |      0 |    0 |          0 |
|   mesh_1_1       |     Tile_4 |         98 |         98 |       0 |    0 |   16 |      0 |      0 |    0 |          0 |
|     tile_0_0     |      PE_32 |         98 |         98 |       0 |    0 |   16 |      0 |      0 |    0 |          0 |
|       (tile_0_0) |      PE_32 |          5 |          5 |       0 |    0 |   16 |      0 |      0 |    0 |          0 |
|       mac_unit   | MacUnit_33 |         93 |         93 |       0 |    0 |    0 |      0 |      0 |    0 |          0 |
|   mesh_1_2       |     Tile_5 |         98 |         98 |       0 |    0 |   16 |      0 |      0 |    0 |          0 |
|     tile_0_0     |      PE_30 |         98 |         98 |       0 |    0 |   16 |      0 |      0 |    0 |          0 |
|       (tile_0_0) |      PE_30 |          5 |          5 |       0 |    0 |   16 |      0 |      0 |    0 |          0 |
|       mac_unit   | MacUnit_31 |         93 |         93 |       0 |    0 |    0 |      0 |      0 |    0 |          0 |
|   mesh_1_3       |     Tile_6 |         98 |         98 |       0 |    0 |   16 |      0 |      0 |    0 |          0 |
|     tile_0_0     |      PE_28 |         98 |         98 |       0 |    0 |   16 |      0 |      0 |    0 |          0 |
|       (tile_0_0) |      PE_28 |          5 |          5 |       0 |    0 |   16 |      0 |      0 |    0 |          0 |
|       mac_unit   | MacUnit_29 |         93 |         93 |       0 |    0 |    0 |      0 |      0 |    0 |          0 |
|   mesh_2_0       |     Tile_7 |         99 |         99 |       0 |    0 |   16 |      0 |      0 |    0 |          0 |
|     tile_0_0     |      PE_26 |         99 |         99 |       0 |    0 |   16 |      0 |      0 |    0 |          0 |
|       (tile_0_0) |      PE_26 |          5 |          5 |       0 |    0 |   16 |      0 |      0 |    0 |          0 |
|       mac_unit   | MacUnit_27 |         94 |         94 |       0 |    0 |    0 |      0 |      0 |    0 |          0 |
|   mesh_2_1       |     Tile_8 |         99 |         99 |       0 |    0 |   16 |      0 |      0 |    0 |          0 |
|     tile_0_0     |      PE_24 |         99 |         99 |       0 |    0 |   16 |      0 |      0 |    0 |          0 |
|       (tile_0_0) |      PE_24 |          5 |          5 |       0 |    0 |   16 |      0 |      0 |    0 |          0 |
|       mac_unit   | MacUnit_25 |         94 |         94 |       0 |    0 |    0 |      0 |      0 |    0 |          0 |
|   mesh_2_2       |     Tile_9 |         99 |         99 |       0 |    0 |   16 |      0 |      0 |    0 |          0 |
|     tile_0_0     |      PE_22 |         99 |         99 |       0 |    0 |   16 |      0 |      0 |    0 |          0 |
|       (tile_0_0) |      PE_22 |          5 |          5 |       0 |    0 |   16 |      0 |      0 |    0 |          0 |
|       mac_unit   | MacUnit_23 |         94 |         94 |       0 |    0 |    0 |      0 |      0 |    0 |          0 |
|   mesh_2_3       |    Tile_10 |         99 |         99 |       0 |    0 |   16 |      0 |      0 |    0 |          0 |
|     tile_0_0     |      PE_20 |         99 |         99 |       0 |    0 |   16 |      0 |      0 |    0 |          0 |
|       (tile_0_0) |      PE_20 |          5 |          5 |       0 |    0 |   16 |      0 |      0 |    0 |          0 |
|       mac_unit   | MacUnit_21 |         94 |         94 |       0 |    0 |    0 |      0 |      0 |    0 |          0 |
|   mesh_3_0       |    Tile_12 |        101 |        101 |       0 |    0 |   16 |      0 |      0 |    0 |          0 |
|     tile_0_0     |      PE_18 |        101 |        101 |       0 |    0 |   16 |      0 |      0 |    0 |          0 |
|       (tile_0_0) |      PE_18 |          5 |          5 |       0 |    0 |   16 |      0 |      0 |    0 |          0 |
|       mac_unit   | MacUnit_19 |         96 |         96 |       0 |    0 |    0 |      0 |      0 |    0 |          0 |
|   mesh_3_1       | Tile_12_11 |        101 |        101 |       0 |    0 |   16 |      0 |      0 |    0 |          0 |
|     tile_0_0     |      PE_16 |        101 |        101 |       0 |    0 |   16 |      0 |      0 |    0 |          0 |
|       (tile_0_0) |      PE_16 |          5 |          5 |       0 |    0 |   16 |      0 |      0 |    0 |          0 |
|       mac_unit   | MacUnit_17 |         96 |         96 |       0 |    0 |    0 |      0 |      0 |    0 |          0 |
|   mesh_3_2       | Tile_12_12 |        101 |        101 |       0 |    0 |   16 |      0 |      0 |    0 |          0 |
|     tile_0_0     |      PE_14 |        101 |        101 |       0 |    0 |   16 |      0 |      0 |    0 |          0 |
|       (tile_0_0) |      PE_14 |          5 |          5 |       0 |    0 |   16 |      0 |      0 |    0 |          0 |
|       mac_unit   | MacUnit_15 |         96 |         96 |       0 |    0 |    0 |      0 |      0 |    0 |          0 |
|   mesh_3_3       | Tile_12_13 |        101 |        101 |       0 |    0 |   16 |      0 |      0 |    0 |          0 |
|     tile_0_0     |         PE |        101 |        101 |       0 |    0 |   16 |      0 |      0 |    0 |          0 |
|       (tile_0_0) |         PE |          5 |          5 |       0 |    0 |   16 |      0 |      0 |    0 |          0 |
|       mac_unit   |    MacUnit |         96 |         96 |       0 |    0 |    0 |      0 |      0 |    0 |          0 |
+------------------+------------+------------+------------+---------+------+------+--------+--------+------+------------+
* Note: The sum of lower-level cells may be larger than their parent cells total, due to cross-hierarchy LUT combining


