Copyright 1986-2022 Xilinx, Inc. All Rights Reserved. Copyright 2022-2023 Advanced Micro Devices, Inc. All Rights Reserved.
---------------------------------------------------------------------------------------------------------------------------------------------------------------------------------------------------------------------------------------------------------------------------------------------------------------------------------------------------------------------------------------------------------------------------------------------------------------------------------------------------------------------------------------------------------------
| Tool Version      : Vivado v.2023.2 (lin64) Build 4029153 Fri Oct 13 20:13:54 MDT 2023
| Date              : Thu Oct  1 18:21:31 2026
| Host              : brg-zhang-xcel.ece.cornell.edu running 64-bit Red Hat Enterprise Linux 9.8 (Plow)
| Command           : report_timing -from [get_cells -hier -filter {IS_PRIMITIVE && NAME !~ fetch/* && NAME !~ *inst_q/* && NAME !~ *vmeCmd/* && NAME !~ */dec/* && NAME !~ ecounters/* && NAME !~ store/* && NAME !~ */s/* && NAME !~ */s_0/* && NAME !~ */s_1/*}] -to [get_cells -hier -filter {IS_PRIMITIVE && NAME !~ fetch/* && NAME !~ *inst_q/* && NAME !~ *vmeCmd/* && NAME !~ */dec/* && NAME !~ ecounters/* && NAME !~ store/* && NAME !~ */s/* && NAME !~ */s_0/* && NAME !~ */s_1/*}] -max_paths 3 -nworst 1 -sort_by slack -file scope_timing.rpt
| Design            : Core
| Device            : xcu280-fsvh2892
| Speed File        : -2L  PRODUCTION 1.30 05-01-2022
| Design State      : Physopt postRoute
| Temperature Grade : E
---------------------------------------------------------------------------------------------------------------------------------------------------------------------------------------------------------------------------------------------------------------------------------------------------------------------------------------------------------------------------------------------------------------------------------------------------------------------------------------------------------------------------------------------------------------

Timing Report

Slack (VIOLATED) :        -0.156ns  (required time - arrival time)
  Source:                 compute/tensorAcc/tensorLoad/tensorFile_1_reg_uram_0/CLK
                            (rising edge-triggered cell URAM288 clocked by clk  {rise@0.000ns fall@2.150ns period=4.300ns})
  Destination:            compute/tensorAcc/tensorLoad/tensorFile_1_reg_uram_0/DIN_A[20]
                            (rising edge-triggered cell URAM288 clocked by clk  {rise@0.000ns fall@2.150ns period=4.300ns})
  Path Group:             clk
  Path Type:              Setup (Max at Slow Process Corner)
  Requirement:            4.300ns  (clk rise@4.300ns - clk rise@0.000ns)
  Data Path Delay:        3.900ns  (logic 2.467ns (63.250%)  route 1.433ns (36.750%))
  Logic Levels:           6  (CARRY8=3 LUT4=3)
  Clock Path Skew:        -0.019ns (DCD - SCD + CPR)
    Destination Clock Delay (DCD):    0.064ns = ( 4.364 - 4.300 ) 
    Source Clock Delay      (SCD):    0.083ns
    Clock Pessimism Removal (CPR):    0.000ns
  Clock Uncertainty:      0.035ns  ((TSJ^2 + TIJ^2)^1/2 + DJ) / 2 + PE
    Total System Jitter     (TSJ):    0.071ns
    Total Input Jitter      (TIJ):    0.000ns
    Discrete Jitter          (DJ):    0.000ns
    Phase Error              (PE):    0.000ns

    Location             Delay type                Incr(ns)  Path(ns)    Netlist Resource(s)
  -------------------------------------------------------------------    -------------------
                         (clock clk rise edge)        0.000     0.000 r  
                                                      0.000     0.000 r  clock (IN)
                         net (fo=9925, unset)         0.083     0.083    compute/tensorAcc/tensorLoad/clock
    URAM288_X0Y133       URAM288                                      r  compute/tensorAcc/tensorLoad/tensorFile_1_reg_uram_0/CLK
  -------------------------------------------------------------------    -------------------
    URAM288_X0Y133       URAM288 (Prop_URAM_288K_INST_URAM288_CLK_DOUT_B[5])
                                                      1.994     2.077 r  compute/tensorAcc/tensorLoad/tensorFile_1_reg_uram_0/DOUT_B[5]
                         net (fo=7, routed)           0.558     2.635    compute/tensorGemm/wrpipeNs/last_acc_write_0_3_reg[15]_1[5]
    SLICE_X32Y494        LUT4 (Prop_F6LUT_SLICEL_I2_O)
                                                      0.097     2.732 r  compute/tensorGemm/wrpipeNs/tensorFile_1_reg_uram_0_i_363/O
                         net (fo=1, routed)           0.011     2.743    compute/tensorAcc/tensorLoad/tensorFile_1_reg_uram_0_i_130[5]
    SLICE_X32Y494        CARRY8 (Prop_CARRY8_SLICEL_S[5]_CO[7])
                                                      0.155     2.898 r  compute/tensorAcc/tensorLoad/tensorFile_1_reg_uram_0_i_186/CO[7]
                         net (fo=1, routed)           0.026     2.924    compute/tensorAcc/tensorLoad/tensorFile_1_reg_uram_0_i_186_n_0
    SLICE_X32Y495        CARRY8 (Prop_CARRY8_SLICEL_CI_CO[7])
                                                      0.015     2.939 r  compute/tensorAcc/tensorLoad/tensorFile_1_reg_uram_0_i_177/CO[7]
                         net (fo=1, routed)           0.026     2.965    compute/tensorGemm/mvc_0/dot_0_2/a_2_0/tensorFile_1_reg_uram_0_i_114_0[0]
    SLICE_X32Y496        CARRY8 (Prop_CARRY8_SLICEL_CI_O[4])
                                                      0.086     3.051 r  compute/tensorGemm/mvc_0/dot_0_2/a_2_0/tensorFile_1_reg_uram_0_i_168/O[4]
                         net (fo=1, routed)           0.321     3.372    compute/tensorGemm/mvc_0/dot_0_2/a_2_0/add_0_2[20]
    SLICE_X36Y492        LUT4 (Prop_E5LUT_SLICEL_I0_O)
                                                      0.070     3.442 r  compute/tensorGemm/mvc_0/dot_0_2/a_2_0/tensorFile_1_reg_uram_0_i_110/O
                         net (fo=1, routed)           0.233     3.675    compute/tensorAcc/tensorLoad/fillPadding/tensorAcc_io_tensor_wr_0_bits_data_0_2[20]
    SLICE_X36Y499        LUT4 (Prop_A6LUT_SLICEL_I3_O)
                                                      0.050     3.725 r  compute/tensorAcc/tensorLoad/fillPadding/tensorFile_1_reg_uram_0_i_44/O
                         net (fo=1, routed)           0.258     3.983    compute/tensorAcc/tensorLoad/tensorFile_1_MPORT_1_data[20]
    URAM288_X0Y133       URAM288                                      r  compute/tensorAcc/tensorLoad/tensorFile_1_reg_uram_0/DIN_A[20]
  -------------------------------------------------------------------    -------------------

                         (clock clk rise edge)        4.300     4.300 r  
                                                      0.000     4.300 r  clock (IN)
                         net (fo=9925, unset)         0.064     4.364    compute/tensorAcc/tensorLoad/clock
    URAM288_X0Y133       URAM288                                      r  compute/tensorAcc/tensorLoad/tensorFile_1_reg_uram_0/CLK
                         clock pessimism              0.000     4.364    
                         clock uncertainty           -0.035     4.329    
    URAM288_X0Y133       URAM288 (Setup_URAM_288K_INST_URAM288_CLK_DIN_A[20])
                                                     -0.501     3.828    compute/tensorAcc/tensorLoad/tensorFile_1_reg_uram_0
  -------------------------------------------------------------------
                         required time                          3.828    
                         arrival time                          -3.983    
  -------------------------------------------------------------------
                         slack                                 -0.156    

Slack (VIOLATED) :        -0.145ns  (required time - arrival time)
  Source:                 compute/tensorAcc/tensorLoad/tensorFile_6_reg_uram_0/CLK
                            (rising edge-triggered cell URAM288 clocked by clk  {rise@0.000ns fall@2.150ns period=4.300ns})
  Destination:            compute/tensorAcc/tensorLoad/tensorFile_6_reg_uram_0/DIN_A[20]
                            (rising edge-triggered cell URAM288 clocked by clk  {rise@0.000ns fall@2.150ns period=4.300ns})
  Path Group:             clk
  Path Type:              Setup (Max at Slow Process Corner)
  Requirement:            4.300ns  (clk rise@4.300ns - clk rise@0.000ns)
  Data Path Delay:        3.890ns  (logic 2.408ns (61.904%)  route 1.482ns (38.096%))
  Logic Levels:           6  (CARRY8=3 LUT2=1 LUT4=1 LUT6=1)
  Clock Path Skew:        -0.019ns (DCD - SCD + CPR)
    Destination Clock Delay (DCD):    0.064ns = ( 4.364 - 4.300 ) 
    Source Clock Delay      (SCD):    0.083ns
    Clock Pessimism Removal (CPR):    0.000ns
  Clock Uncertainty:      0.035ns  ((TSJ^2 + TIJ^2)^1/2 + DJ) / 2 + PE
    Total System Jitter     (TSJ):    0.071ns
    Total Input Jitter      (TIJ):    0.000ns
    Discrete Jitter          (DJ):    0.000ns
    Phase Error              (PE):    0.000ns

    Location             Delay type                Incr(ns)  Path(ns)    Netlist Resource(s)
  -------------------------------------------------------------------    -------------------
                         (clock clk rise edge)        0.000     0.000 r  
                                                      0.000     0.000 r  clock (IN)
                         net (fo=9925, unset)         0.083     0.083    compute/tensorAcc/tensorLoad/clock
    URAM288_X0Y128       URAM288                                      r  compute/tensorAcc/tensorLoad/tensorFile_6_reg_uram_0/CLK
  -------------------------------------------------------------------    -------------------
    URAM288_X0Y128       URAM288 (Prop_URAM_288K_INST_URAM288_CLK_DOUT_B[3])
                                                      1.990     2.073 r  compute/tensorAcc/tensorLoad/tensorFile_6_reg_uram_0/DOUT_B[3]
                         net (fo=7, routed)           0.511     2.584    compute/tensorGemm/wrpipeNs/last_acc_write_0_13_reg[15]_1[3]
    SLICE_X38Y491        LUT4 (Prop_D6LUT_SLICEL_I2_O)
                                                      0.089     2.673 r  compute/tensorGemm/wrpipeNs/tensorFile_6_reg_uram_0_i_466/O
                         net (fo=1, routed)           0.009     2.682    compute/tensorAcc/tensorLoad/tensorFile_6_reg_uram_0_i_161_0[3]
    SLICE_X38Y491        CARRY8 (Prop_CARRY8_SLICEL_S[3]_CO[7])
                                                      0.154     2.836 r  compute/tensorAcc/tensorLoad/tensorFile_6_reg_uram_0_i_245/CO[7]
                         net (fo=1, routed)           0.026     2.862    compute/tensorAcc/tensorLoad/tensorFile_6_reg_uram_0_i_245_n_0
    SLICE_X38Y492        CARRY8 (Prop_CARRY8_SLICEL_CI_CO[7])
                                                      0.015     2.877 r  compute/tensorAcc/tensorLoad/tensorFile_6_reg_uram_0_i_228/CO[7]
                         net (fo=1, routed)           0.026     2.903    compute/tensorGemm/mvc_0/dot_0_12/a_2_0/tensorFile_6_reg_uram_0_i_129_0[0]
    SLICE_X38Y493        CARRY8 (Prop_CARRY8_SLICEL_CI_O[4])
                                                      0.086     2.989 r  compute/tensorGemm/mvc_0/dot_0_12/a_2_0/tensorFile_6_reg_uram_0_i_210/O[4]
                         net (fo=1, routed)           0.415     3.404    compute/tensorGemm/mvc_0/dot_0_12/a_2_0/add_0_12[20]
    SLICE_X27Y488        LUT2 (Prop_F6LUT_SLICEM_I0_O)
                                                      0.037     3.441 r  compute/tensorGemm/mvc_0/dot_0_12/a_2_0/tensorFile_6_reg_uram_0_i_121/O
                         net (fo=1, routed)           0.134     3.575    compute/tensorAcc/tensorLoad/fillPadding/rA_reg[31]_10[4]
    SLICE_X27Y485        LUT6 (Prop_E6LUT_SLICEM_I3_O)
                                                      0.037     3.612 r  compute/tensorAcc/tensorLoad/fillPadding/tensorFile_6_reg_uram_0_i_44/O
                         net (fo=1, routed)           0.361     3.973    compute/tensorAcc/tensorLoad/tensorFile_6_MPORT_6_data[20]
    URAM288_X0Y128       URAM288                                      r  compute/tensorAcc/tensorLoad/tensorFile_6_reg_uram_0/DIN_A[20]
  -------------------------------------------------------------------    -------------------

                         (clock clk rise edge)        4.300     4.300 r  
                                                      0.000     4.300 r  clock (IN)
                         net (fo=9925, unset)         0.064     4.364    compute/tensorAcc/tensorLoad/clock
    URAM288_X0Y128       URAM288                                      r  compute/tensorAcc/tensorLoad/tensorFile_6_reg_uram_0/CLK
                         clock pessimism              0.000     4.364    
                         clock uncertainty           -0.035     4.329    
    URAM288_X0Y128       URAM288 (Setup_URAM_288K_INST_URAM288_CLK_DIN_A[20])
                                                     -0.501     3.828    compute/tensorAcc/tensorLoad/tensorFile_6_reg_uram_0
  -------------------------------------------------------------------
                         required time                          3.828    
                         arrival time                          -3.973    
  -------------------------------------------------------------------
                         slack                                 -0.145    

Slack (VIOLATED) :        -0.142ns  (required time - arrival time)
  Source:                 compute/tensorAcc/tensorLoad/tensorFile_3_reg_uram_0/CLK
                            (rising edge-triggered cell URAM288 clocked by clk  {rise@0.000ns fall@2.150ns period=4.300ns})
  Destination:            compute/tensorAcc/tensorLoad/tensorFile_3_reg_uram_0/DIN_A[12]
                            (rising edge-triggered cell URAM288 clocked by clk  {rise@0.000ns fall@2.150ns period=4.300ns})
  Path Group:             clk
  Path Type:              Setup (Max at Slow Process Corner)
  Requirement:            4.300ns  (clk rise@4.300ns - clk rise@0.000ns)
  Data Path Delay:        3.857ns  (logic 2.420ns (62.743%)  route 1.437ns (37.257%))
  Logic Levels:           5  (CARRY8=2 LUT4=2 LUT6=1)
  Clock Path Skew:        -0.019ns (DCD - SCD + CPR)
    Destination Clock Delay (DCD):    0.064ns = ( 4.364 - 4.300 ) 
    Source Clock Delay      (SCD):    0.083ns
    Clock Pessimism Removal (CPR):    0.000ns
  Clock Uncertainty:      0.035ns  ((TSJ^2 + TIJ^2)^1/2 + DJ) / 2 + PE
    Total System Jitter     (TSJ):    0.071ns
    Total Input Jitter      (TIJ):    0.000ns
    Discrete Jitter          (DJ):    0.000ns
    Phase Error              (PE):    0.000ns

    Location             Delay type                Incr(ns)  Path(ns)    Netlist Resource(s)
  -------------------------------------------------------------------    -------------------
                         (clock clk rise edge)        0.000     0.000 r  
                                                      0.000     0.000 r  clock (IN)
                         net (fo=9925, unset)         0.083     0.083    compute/tensorAcc/tensorLoad/clock
    URAM288_X0Y137       URAM288                                      r  compute/tensorAcc/tensorLoad/tensorFile_3_reg_uram_0/CLK
  -------------------------------------------------------------------    -------------------
    URAM288_X0Y137       URAM288 (Prop_URAM_288K_INST_URAM288_CLK_DOUT_B[1])
                                                      1.980     2.063 r  compute/tensorAcc/tensorLoad/tensorFile_3_reg_uram_0/DOUT_B[1]
                         net (fo=6, routed)           0.572     2.635    compute/tensorGemm/wrpipeNs/last_acc_write_0_7_reg[15]_1[1]
    SLICE_X34Y508        LUT4 (Prop_B6LUT_SLICEM_I2_O)
                                                      0.089     2.724 r  compute/tensorGemm/wrpipeNs/tensorFile_3_reg_uram_0_i_461/O
                         net (fo=1, routed)           0.016     2.740    compute/tensorAcc/tensorLoad/tensorFile_3_reg_uram_0_i_129[1]
    SLICE_X34Y508        CARRY8 (Prop_CARRY8_SLICEM_S[1]_CO[7])
                                                      0.190     2.930 r  compute/tensorAcc/tensorLoad/tensorFile_3_reg_uram_0_i_242/CO[7]
                         net (fo=1, routed)           0.026     2.956    compute/tensorAcc/tensorLoad/tensorFile_3_reg_uram_0_i_242_n_0
    SLICE_X34Y509        CARRY8 (Prop_CARRY8_SLICEM_CI_O[4])
                                                      0.086     3.042 r  compute/tensorAcc/tensorLoad/tensorFile_3_reg_uram_0_i_225/O[4]
                         net (fo=1, routed)           0.369     3.411    compute/inst_q/queue/queue/buffer/add_0_6[8]
    SLICE_X27Y510        LUT6 (Prop_A6LUT_SLICEM_I0_O)
                                                      0.038     3.449 r  compute/inst_q/queue/queue/buffer/tensorFile_3_reg_uram_0_i_117/O
                         net (fo=1, routed)           0.097     3.546    compute/tensorAcc/tensorLoad/fillPadding/tensorAcc_io_tensor_wr_0_bits_data_0_6[12]
    SLICE_X27Y512        LUT4 (Prop_C6LUT_SLICEM_I3_O)
                                                      0.037     3.583 r  compute/tensorAcc/tensorLoad/fillPadding/tensorFile_3_reg_uram_0_i_52/O
                         net (fo=1, routed)           0.357     3.940    compute/tensorAcc/tensorLoad/tensorFile_3_MPORT_3_data[12]
    URAM288_X0Y137       URAM288                                      r  compute/tensorAcc/tensorLoad/tensorFile_3_reg_uram_0/DIN_A[12]
  -------------------------------------------------------------------    -------------------

                         (clock clk rise edge)        4.300     4.300 r  
                                                      0.000     4.300 r  clock (IN)
                         net (fo=9925, unset)         0.064     4.364    compute/tensorAcc/tensorLoad/clock
    URAM288_X0Y137       URAM288                                      r  compute/tensorAcc/tensorLoad/tensorFile_3_reg_uram_0/CLK
                         clock pessimism              0.000     4.364    
                         clock uncertainty           -0.035     4.329    
    URAM288_X0Y137       URAM288 (Setup_URAM_288K_INST_URAM288_CLK_DIN_A[12])
                                                     -0.531     3.798    compute/tensorAcc/tensorLoad/tensorFile_3_reg_uram_0
  -------------------------------------------------------------------
                         required time                          3.798    
                         arrival time                          -3.940    
  -------------------------------------------------------------------
                         slack                                 -0.142    




