B_START ptpu-micro S=8 --jobs 6 Thu Oct  1 03:54:30 EDT 2026
ptpu-micro: {"roles": 14, "instances": 81, "fifos": 217, "streams": 33}
staged 14 role project(s) in 1.1s (frontend + per-role HLS codegen)
synthesising and exporting 14 unit(s) concurrently:
  pe_r2: rc=0 70.5s
  pe_r4: rc=0 71.1s
  pe_r3: rc=0 71.4s
  pe_r5: rc=0 71.6s
  pe_r1: rc=0 72.2s
  pe_r0: rc=0 72.5s
  tap_r0: rc=0 61.7s
  tap_r1: rc=0 62.7s
  pe_r8: rc=0 67.6s
  pe_r6: rc=0 70.2s
  pe_r7: rc=0 69.7s
  seq_r0: rc=0 69.5s
  tap_r2: rc=0 41.9s
  plane8_r0: rc=0 45.8s
HLS: 181.0s wall for 14 roles and 0 movers (918.4s of CPU work, 81 instances)
assembling the array in Vivado:
  stage synth 359.411
  stage opt 8.84
  stage place 230.73
  stage physopt 2.426
  stage route 57.289
  unrouted 0
Vivado implemented 81 instances in 692.5s
  array clock: 2.963 ns achieved against a 3.333 ns target (WNS +0.370 ns)
simulating the assembled array:
  SPMW COSIM PASS (4096/4096 tokens, 0 errors)
  SPMW CYCLES total=1050 first_out=28 first_in=1
B_RC=0 wall_s=922
