B_START ptpu-dsv4 S=8 --jobs 6 Thu Oct  1 03:59:50 EDT 2026
ptpu-dsv4: {"roles": 14, "instances": 81, "fifos": 217, "streams": 33}
staged 14 role project(s) in 45.7s (frontend + per-role HLS codegen)
synthesising and exporting 14 unit(s) concurrently:
  pe_r4: rc=0 64.2s
  pe_r5: rc=0 65.9s
  pe_r1: rc=0 66.1s
  pe_r2: rc=0 66.3s
  pe_r3: rc=0 66.3s
  pe_r0: rc=0 66.4s
  tap_r0: rc=0 49.2s
  tap_r1: rc=0 50.2s
  pe_r6: rc=0 52.9s
  seq_r0: rc=0 53.0s
  pe_r7: rc=0 54.1s
  pe_r8: rc=0 56.6s
  tap_r2: rc=0 41.6s
  plane8_r0: rc=0 46.5s
HLS: 163.1s wall for 14 roles and 0 movers (799.3s of CPU work, 81 instances)
assembling the array in Vivado:
Vivado elaborated 81 instances in 72.2s
simulating the assembled array:
  SPMW COSIM PASS (8192/8192 tokens, 0 errors)
  SPMW CYCLES total=917530 first_out=7180 first_in=1
B_RC=0 wall_s=599
