B_START ptpu-mixed S=8 --jobs 6 Thu Oct  1 03:54:30 EDT 2026
ptpu-mixed: {"roles": 14, "instances": 81, "fifos": 217, "streams": 33}
staged 14 role project(s) in 1.2s (frontend + per-role HLS codegen)
synthesising and exporting 14 unit(s) concurrently:
  pe_r2: rc=0 70.6s
  pe_r1: rc=0 70.8s
  pe_r5: rc=0 70.8s
  pe_r0: rc=0 71.1s
  pe_r4: rc=0 71.8s
  pe_r3: rc=0 72.1s
  tap_r1: rc=0 59.6s
  tap_r0: rc=0 62.1s
  pe_r6: rc=0 69.0s
  pe_r7: rc=0 69.0s
  seq_r0: rc=0 69.3s
  pe_r8: rc=0 69.7s
  tap_r2: rc=0 41.8s
  plane8_r0: rc=0 46.4s
HLS: 180.3s wall for 14 roles and 0 movers (914.1s of CPU work, 81 instances)
assembling the array in Vivado:
Vivado elaborated 81 instances in 70.1s
simulating the assembled array:
  SPMW COSIM PASS (1024/1024 tokens, 0 errors)
  SPMW CYCLES total=410 first_out=28 first_in=1
B_RC=0 wall_s=296
