

================================================================
== Vitis HLS Report for 'seq_r0_0'
================================================================
* Date:           Thu Oct  1 03:56:12 2026

* Version:        2023.2 (Build 4023990 on Oct 11 2023)
* Project:        prj
* Solution:       sol (Vivado IP Flow Target)
* Product family: virtexuplusHBM
* Target device:  xcu280-fsvh2892-2L-e


================================================================
== Performance Estimates
================================================================
+ Timing: 
    * Summary: 
    +--------+---------+----------+------------+
    |  Clock |  Target | Estimated| Uncertainty|
    +--------+---------+----------+------------+
    |ap_clk  |  6.17 ns|  5.177 ns|     0.90 ns|
    +--------+---------+----------+------------+

+ Latency: 
    * Summary: 
    +---------+---------+----------+----------+-----+-----+---------+
    |  Latency (cycles) |  Latency (absolute) |  Interval | Pipeline|
    |   min   |   max   |    min   |    max   | min | max |   Type  |
    +---------+---------+----------+----------+-----+-----+---------+
    |        ?|        ?|         ?|         ?|    ?|    ?|       no|
    +---------+---------+----------+----------+-----+-----+---------+

    + Detail: 
        * Instance: 
        N/A

        * Loop: 
        +-------------------+---------+---------+----------+-----------+-----------+------+----------+
        |                   |  Latency (cycles) | Iteration|  Initiation Interval  | Trip |          |
        |     Loop Name     |   min   |   max   |  Latency |  achieved |   target  | Count| Pipelined|
        +-------------------+---------+---------+----------+-----------+-----------+------+----------+
        |- VITIS_LOOP_40_1  |        ?|        ?|         1|          1|          1|     ?|       yes|
        +-------------------+---------+---------+----------+-----------+-----------+------+----------+



================================================================
== Utilization Estimates
================================================================
* Summary: 
+---------------------+---------+------+---------+---------+-----+
|         Name        | BRAM_18K|  DSP |    FF   |   LUT   | URAM|
+---------------------+---------+------+---------+---------+-----+
|DSP                  |        -|     -|        -|        -|    -|
|Expression           |        -|     -|        0|      529|    -|
|FIFO                 |        -|     -|        -|        -|    -|
|Instance             |        -|     -|        -|        -|    -|
|Memory               |        -|     -|        -|        -|    -|
|Multiplexer          |        -|     -|        -|      271|    -|
|Register             |        -|     -|       88|        -|    -|
+---------------------+---------+------+---------+---------+-----+
|Total                |        0|     0|       88|      800|    0|
+---------------------+---------+------+---------+---------+-----+
|Available SLR        |     1344|  3008|   869120|   434560|  320|
+---------------------+---------+------+---------+---------+-----+
|Utilization SLR (%)  |        0|     0|       ~0|       ~0|    0|
+---------------------+---------+------+---------+---------+-----+
|Available            |     4032|  9024|  2607360|  1303680|  960|
+---------------------+---------+------+---------+---------+-----+
|Utilization (%)      |        0|     0|       ~0|       ~0|    0|
+---------------------+---------+------+---------+---------+-----+

+ Detail: 
    * Instance: 
    N/A

    * DSP: 
    N/A

    * Memory: 
    N/A

    * FIFO: 
    N/A

    * Expression: 
    +----------------------------------+----------+----+---+----+------------+------------+
    |           Variable Name          | Operation| DSP| FF| LUT| Bitwidth P0| Bitwidth P1|
    +----------------------------------+----------+----+---+----+------------+------------+
    |v80_fu_441_p2                     |         +|   0|  0|  39|          32|           2|
    |v87_fu_415_p2                     |         +|   0|  0|  23|          16|           2|
    |v91_fu_403_p2                     |         +|   0|  0|  15|           8|           1|
    |and_ln125_fu_515_p2               |       and|   0|  0|   2|           1|           1|
    |ap_predicate_op39_read_state1     |       and|   0|  0|   2|           1|           1|
    |go_1_demorgan_fu_459_p2           |       and|   0|  0|   2|           1|           1|
    |need_fu_453_p2                    |       and|   0|  0|   2|           1|           1|
    |sel_tmp24_fu_533_p2               |       and|   0|  0|   2|           1|           1|
    |sel_tmp33_fu_577_p2               |       and|   0|  0|   2|           1|           1|
    |sel_tmp_fu_447_p2                 |       and|   0|  0|   2|           1|           1|
    |v35_fu_265_p2                     |      icmp|   0|  0|  23|          16|           1|
    |v38_fu_271_p2                     |      icmp|   0|  0|  39|          32|           1|
    |v48_fu_339_p2                     |      icmp|   0|  0|  15|           8|           1|
    |v65_fu_397_p2                     |      icmp|   0|  0|  15|           8|           3|
    |v76_fu_435_p2                     |      icmp|   0|  0|  39|          32|           1|
    |v83_fu_409_p2                     |      icmp|   0|  0|  23|          16|           1|
    |ap_block_state1_pp0_stage0_iter0  |        or|   0|  0|   2|           1|           1|
    |first_fu_521_p2                   |        or|   0|  0|   2|           1|           1|
    |or_ln109_fu_353_p2                |        or|   0|  0|  16|          16|          11|
    |or_ln119_fu_383_p2                |        or|   0|  0|  16|          16|          10|
    |or_ln142_fu_421_p2                |        or|   0|  0|  16|          16|          12|
    |sel_tmp9_fu_479_p2                |        or|   0|  0|   2|           1|           1|
    |v45_fu_333_p2                     |        or|   0|  0|  16|          16|           9|
    |kc_3_fu_555_p3                    |    select|   0|  0|  16|           1|          16|
    |kc_8_fu_547_p3                    |    select|   0|  0|  16|           1|          16|
    |klast_4_fu_501_p3                 |    select|   0|  0|   2|           1|           1|
    |klast_6_fu_493_p3                 |    select|   0|  0|   2|           1|           1|
    |ph_1_fu_471_p3                    |    select|   0|  0|   8|           1|           1|
    |rc_4_fu_539_p3                    |    select|   0|  0|  32|           1|          32|
    |rlast_4_fu_485_p3                 |    select|   0|  0|   2|           1|           1|
    |u_2_fu_375_p3                     |    select|   0|  0|  16|           1|          16|
    |u_4_fu_359_p3                     |    select|   0|  0|  16|           1|          16|
    |u_5_fu_367_p3                     |    select|   0|  0|  16|           1|          16|
    |u_6_fu_389_p3                     |    select|   0|  0|  16|           1|          16|
    |u_7_fu_427_p3                     |    select|   0|  0|  16|           1|          16|
    |u_8_fu_563_p3                     |    select|   0|  0|  16|           1|          16|
    |u_9_fu_583_p3                     |    select|   0|  0|  16|           1|          16|
    |v1_din                            |    select|   0|  0|  16|           1|          16|
    |go_fu_465_p2                      |       xor|   0|  0|   2|           1|           2|
    |sel_tmp23_fu_527_p2               |       xor|   0|  0|   2|           1|           2|
    |sel_tmp32_fu_571_p2               |       xor|   0|  0|   2|           1|           2|
    |xor_ln125_fu_509_p2               |       xor|   0|  0|   2|           1|           2|
    +----------------------------------+----------+----+---+----+------------+------------+
    |Total                             |          |   0|  0| 529|         261|         269|
    +----------------------------------+----------+----+---+----+------------+------------+

    * Multiplexer: 
    +----------------------------------+----+-----------+-----+-----------+
    |               Name               | LUT| Input Size| Bits| Total Bits|
    +----------------------------------+----+-----------+-----+-----------+
    |ap_phi_mux_first_2_phi_fu_160_p4  |   9|          2|    1|          2|
    |ap_phi_mux_go_2_phi_fu_140_p4     |   9|          2|    1|          2|
    |ap_phi_mux_kc_9_phi_fu_170_p4     |  14|          3|   16|         48|
    |ap_phi_mux_need_2_phi_fu_150_p4   |   9|          2|    1|          2|
    |ap_sig_allocacmp_cfg_3            |  14|          3|    8|         24|
    |ap_sig_allocacmp_final_3          |  14|          3|    1|          3|
    |ap_sig_allocacmp_kc_1             |   9|          2|   16|         32|
    |ap_sig_allocacmp_klast_7          |  14|          3|    1|          3|
    |ap_sig_allocacmp_kn_3             |  14|          3|   16|         48|
    |ap_sig_allocacmp_kone_3           |  14|          3|    1|          3|
    |ap_sig_allocacmp_ph_2             |   9|          2|    8|         16|
    |ap_sig_allocacmp_rc_5             |  14|          3|   32|         96|
    |ap_sig_allocacmp_rlast_5          |  14|          3|    1|          3|
    |cfg_fu_92                         |   9|          2|    8|         16|
    |final_fu_96                       |   9|          2|    1|          2|
    |kc_fu_104                         |   9|          2|   16|         32|
    |klast_fu_112                      |  14|          3|    1|          3|
    |kn_fu_100                         |   9|          2|   16|         32|
    |kone_fu_116                       |   9|          2|    1|          2|
    |rc_fu_108                         |  14|          3|   32|         96|
    |rlast_fu_120                      |  14|          3|    1|          3|
    |v0_blk_n                          |   9|          2|    1|          2|
    |v1_blk_n                          |   9|          2|    1|          2|
    |v88_fu_88                         |   9|          2|    8|         16|
    +----------------------------------+----+-----------+-----+-----------+
    |Total                             | 271|         59|  189|        488|
    +----------------------------------+----+-----------+-----+-----------+

    * Register: 
    +-----------------+----+----+-----+-----------+
    |       Name      | FF | LUT| Bits| Const Bits|
    +-----------------+----+----+-----+-----------+
    |ap_CS_fsm        |   1|   0|    1|          0|
    |cfg_fu_92        |   8|   0|   16|          8|
    |final_fu_96      |   1|   0|    1|          0|
    |first_2_reg_157  |   1|   0|    1|          0|
    |go_2_reg_137     |   1|   0|    1|          0|
    |kc_fu_104        |  16|   0|   16|          0|
    |klast_fu_112     |   1|   0|    1|          0|
    |kn_fu_100        |  16|   0|   16|          0|
    |kone_fu_116      |   1|   0|    1|          0|
    |need_2_reg_147   |   1|   0|    1|          0|
    |rc_fu_108        |  32|   0|   32|          0|
    |rlast_fu_120     |   1|   0|    1|          0|
    |v88_fu_88        |   8|   0|    8|          0|
    +-----------------+----+----+-----+-----------+
    |Total            |  88|   0|   96|          8|
    +-----------------+----+----+-----+-----------+



================================================================
== Interface
================================================================
* Summary: 
+------------+-----+-----+--------------+--------------+--------------+
|  RTL Ports | Dir | Bits|   Protocol   | Source Object|    C Type    |
+------------+-----+-----+--------------+--------------+--------------+
|ap_clk      |   in|    1|  ap_ctrl_none|      seq_r0_0|  return value|
|ap_rst      |   in|    1|  ap_ctrl_none|      seq_r0_0|  return value|
|v0_dout     |   in|   64|       ap_fifo|            v0|       pointer|
|v0_empty_n  |   in|    1|       ap_fifo|            v0|       pointer|
|v0_read     |  out|    1|       ap_fifo|            v0|       pointer|
|v1_din      |  out|   16|       ap_fifo|            v1|       pointer|
|v1_full_n   |   in|    1|       ap_fifo|            v1|       pointer|
|v1_write    |  out|    1|       ap_fifo|            v1|       pointer|
+------------+-----+-----+--------------+--------------+--------------+

