Copyright 1986-2022 Xilinx, Inc. All Rights Reserved. Copyright 2022-2023 Advanced Micro Devices, Inc. All Rights Reserved.
--------------------------------------------------------------------------------------------------------------------------------------------------
| Tool Version      : Vivado v.2023.2 (lin64) Build 4029153 Fri Oct 13 20:13:54 MDT 2023
| Date              : Tue Sep  8 00:47:18 2026
| Host              : brg-zhang-xcel.ece.cornell.edu running 64-bit Red Hat Enterprise Linux 9.8 (Plow)
| Command           : report_timing_summary -file timing.rpt
| Design            : dut_norm
| Device            : xcu280-fsvh2892
| Speed File        : -2L  PRODUCTION 1.30 05-01-2022
| Design State      : Routed
| Temperature Grade : E
--------------------------------------------------------------------------------------------------------------------------------------------------

Timing Summary Report

------------------------------------------------------------------------------------------------
| Timer Settings
| --------------
------------------------------------------------------------------------------------------------

  Enable Multi Corner Analysis               :  Yes
  Enable Pessimism Removal                   :  Yes
  Pessimism Removal Resolution               :  Nearest Common Node
  Enable Input Delay Default Clock           :  No
  Enable Preset / Clear Arcs                 :  No
  Disable Flight Delays                      :  No
  Ignore I/O Paths                           :  No
  Timing Early Launch at Borrowing Latches   :  No
  Borrow Time for Max Delay Exceptions       :  Yes
  Merge Timing Exceptions                    :  Yes
  Inter-SLR Compensation                     :  Conservative

  Corner  Analyze    Analyze    
  Name    Max Paths  Min Paths  
  ------  ---------  ---------  
  Slow    Yes        Yes        
  Fast    Yes        Yes        


------------------------------------------------------------------------------------------------
| Report Methodology
| ------------------
------------------------------------------------------------------------------------------------

No report available as report_methodology has not been run prior. Run report_methodology on the current design for the summary of methodology violations.



check_timing report

Table of Contents
-----------------
1. checking no_clock (0)
2. checking constant_clock (0)
3. checking pulse_width_clock (0)
4. checking unconstrained_internal_endpoints (0)
5. checking no_input_delay (153)
6. checking no_output_delay (280)
7. checking multiple_clock (0)
8. checking generated_clocks (0)
9. checking loops (0)
10. checking partial_input_delay (0)
11. checking partial_output_delay (0)
12. checking latch_loops (0)

1. checking no_clock (0)
------------------------
 There are 0 register/latch pins with no clock.


2. checking constant_clock (0)
------------------------------
 There are 0 register/latch pins with constant_clock.


3. checking pulse_width_clock (0)
---------------------------------
 There are 0 register/latch pins which need pulse_width check


4. checking unconstrained_internal_endpoints (0)
------------------------------------------------
 There are 0 pins that are not constrained for maximum delay.

 There are 0 pins that are not constrained for maximum delay due to constant clock.


5. checking no_input_delay (153)
--------------------------------
 There are 153 input ports with no input delay specified. (HIGH)

 There are 0 input ports with no input delay but user has a false path constraint.


6. checking no_output_delay (280)
---------------------------------
 There are 280 ports with no output delay specified. (HIGH)

 There are 0 ports with no output delay but user has a false path constraint

 There are 0 ports with no output delay but with a timing clock defined on it or propagating through it


7. checking multiple_clock (0)
------------------------------
 There are 0 register/latch pins with multiple clocks.


8. checking generated_clocks (0)
--------------------------------
 There are 0 generated clocks that are not connected to a clock source.


9. checking loops (0)
---------------------
 There are 0 combinational loops in the design.


10. checking partial_input_delay (0)
------------------------------------
 There are 0 input ports with partial input delay specified.


11. checking partial_output_delay (0)
-------------------------------------
 There are 0 ports with partial output delay specified.


12. checking latch_loops (0)
----------------------------
 There are 0 combinational latch loops in the design through latch input



------------------------------------------------------------------------------------------------
| Design Timing Summary
| ---------------------
------------------------------------------------------------------------------------------------

    WNS(ns)      TNS(ns)  TNS Failing Endpoints  TNS Total Endpoints      WHS(ns)      THS(ns)  THS Failing Endpoints  THS Total Endpoints     WPWS(ns)     TPWS(ns)  TPWS Failing Endpoints  TPWS Total Endpoints  
    -------      -------  ---------------------  -------------------      -------      -------  ---------------------  -------------------     --------     --------  ----------------------  --------------------  
      0.620        0.000                      0                56541        0.042        0.000                      0                56541        1.134        0.000                       0                 13431  


All user specified timing constraints are met.


------------------------------------------------------------------------------------------------
| Clock Summary
| -------------
------------------------------------------------------------------------------------------------

Clock   Waveform(ns)         Period(ns)      Frequency(MHz)
-----   ------------         ----------      --------------
ap_clk  {0.000 1.666}        3.333           300.030         


------------------------------------------------------------------------------------------------
| Intra Clock Table
| -----------------
------------------------------------------------------------------------------------------------

Clock             WNS(ns)      TNS(ns)  TNS Failing Endpoints  TNS Total Endpoints      WHS(ns)      THS(ns)  THS Failing Endpoints  THS Total Endpoints     WPWS(ns)     TPWS(ns)  TPWS Failing Endpoints  TPWS Total Endpoints  
-----             -------      -------  ---------------------  -------------------      -------      -------  ---------------------  -------------------     --------     --------  ----------------------  --------------------  
ap_clk              0.620        0.000                      0                56541        0.042        0.000                      0                56541        1.134        0.000                       0                 13431  


------------------------------------------------------------------------------------------------
| Inter Clock Table
| -----------------
------------------------------------------------------------------------------------------------

From Clock    To Clock          WNS(ns)      TNS(ns)  TNS Failing Endpoints  TNS Total Endpoints      WHS(ns)      THS(ns)  THS Failing Endpoints  THS Total Endpoints  
----------    --------          -------      -------  ---------------------  -------------------      -------      -------  ---------------------  -------------------  


------------------------------------------------------------------------------------------------
| Other Path Groups Table
| -----------------------
------------------------------------------------------------------------------------------------

Path Group    From Clock    To Clock          WNS(ns)      TNS(ns)  TNS Failing Endpoints  TNS Total Endpoints      WHS(ns)      THS(ns)  THS Failing Endpoints  THS Total Endpoints  
----------    ----------    --------          -------      -------  ---------------------  -------------------      -------      -------  ---------------------  -------------------  


------------------------------------------------------------------------------------------------
| Timing Details
| --------------
------------------------------------------------------------------------------------------------


---------------------------------------------------------------------------------------------------
From Clock:  ap_clk
  To Clock:  ap_clk

Setup :            0  Failing Endpoints,  Worst Slack        0.620ns,  Total Violation        0.000ns
Hold  :            0  Failing Endpoints,  Worst Slack        0.042ns,  Total Violation        0.000ns
PW    :            0  Failing Endpoints,  Worst Slack        1.134ns,  Total Violation        0.000ns
---------------------------------------------------------------------------------------------------


Max Delay Paths
--------------------------------------------------------------------------------------
Slack (MET) :             0.620ns  (required time - arrival time)
  Source:                 dut/g_pe_b_out_b_in[9].u/slice.v1_reg/C
                            (rising edge-triggered cell FDRE clocked by ap_clk  {rise@0.000ns fall@1.666ns period=3.333ns})
  Destination:            dut/u_pe_r2_0_1/u/grp_pe_r2_0_Pipeline_VITIS_LOOP_57_2_fu_81/mac_muladd_8s_8s_32s_32_4_1_U9/pe_r2_0_mac_muladd_8s_8s_32s_32_4_1_DSP48_0_U/p_reg_reg/DSP_A_B_DATA_INST/CEB1
                            (rising edge-triggered cell DSP_A_B_DATA clocked by ap_clk  {rise@0.000ns fall@1.666ns period=3.333ns})
  Path Group:             ap_clk
  Path Type:              Setup (Max at Slow Process Corner)
  Requirement:            3.333ns  (ap_clk rise@3.333ns - ap_clk rise@0.000ns)
  Data Path Delay:        2.537ns  (logic 0.377ns (14.860%)  route 2.160ns (85.140%))
  Logic Levels:           3  (LUT3=1 LUT6=2)
  Clock Path Skew:        0.013ns (DCD - SCD + CPR)
    Destination Clock Delay (DCD):    0.043ns = ( 3.376 - 3.333 ) 
    Source Clock Delay      (SCD):    0.030ns
    Clock Pessimism Removal (CPR):    0.000ns
  Clock Uncertainty:      0.035ns  ((TSJ^2 + TIJ^2)^1/2 + DJ) / 2 + PE
    Total System Jitter     (TSJ):    0.071ns
    Total Input Jitter      (TIJ):    0.000ns
    Discrete Jitter          (DJ):    0.000ns
    Phase Error              (PE):    0.000ns

    Location             Delay type                Incr(ns)  Path(ns)    Netlist Resource(s)
  -------------------------------------------------------------------    -------------------
                         (clock ap_clk rise edge)     0.000     0.000 r  
                                                      0.000     0.000 r  ap_clk (IN)
                         net (fo=13911, unset)        0.030     0.030    dut/g_pe_b_out_b_in[9].u/ap_clk
    SLICE_X52Y51         FDRE                                         r  dut/g_pe_b_out_b_in[9].u/slice.v1_reg/C
  -------------------------------------------------------------------    -------------------
    SLICE_X52Y51         FDRE (Prop_BFF2_SLICEM_C_Q)
                                                      0.080     0.110 f  dut/g_pe_b_out_b_in[9].u/slice.v1_reg/Q
                         net (fo=15, routed)          0.707     0.817    dut/g_pe_a_out_a_in[1].u/ap_enable_reg_pp0_iter3_reg
    SLICE_X78Y40         LUT6 (Prop_H6LUT_SLICEL_I3_O)
                                                      0.051     0.868 r  dut/g_pe_a_out_a_in[1].u/b_in_1_read_INST_0_i_1/O
                         net (fo=5, routed)           0.092     0.960    dut/u_pe_r2_0_1/u/grp_pe_r2_0_Pipeline_VITIS_LOOP_57_2_fu_81/b_in_1_read
    SLICE_X77Y40         LUT6 (Prop_G6LUT_SLICEM_I1_O)
                                                      0.123     1.083 r  dut/u_pe_r2_0_1/u/grp_pe_r2_0_Pipeline_VITIS_LOOP_57_2_fu_81/b_in_1_read_INST_0/O
                         net (fo=9, routed)           0.585     1.667    dut/g_pe_a_out_a_in[1].u/pe_b_in_bind_read[1]
    SLICE_X55Y49         LUT3 (Prop_C6LUT_SLICEL_I2_O)
                                                      0.123     1.790 r  dut/g_pe_a_out_a_in[1].u/p_reg_reg_i_1__86/O
                         net (fo=10, routed)          0.777     2.567    dut/u_pe_r2_0_1/u/grp_pe_r2_0_Pipeline_VITIS_LOOP_57_2_fu_81/mac_muladd_8s_8s_32s_32_4_1_U9/pe_r2_0_mac_muladd_8s_8s_32s_32_4_1_DSP48_0_U/p_reg_reg/CEB1
    DSP48E2_X10Y9        DSP_A_B_DATA                                 r  dut/u_pe_r2_0_1/u/grp_pe_r2_0_Pipeline_VITIS_LOOP_57_2_fu_81/mac_muladd_8s_8s_32s_32_4_1_U9/pe_r2_0_mac_muladd_8s_8s_32s_32_4_1_DSP48_0_U/p_reg_reg/DSP_A_B_DATA_INST/CEB1
  -------------------------------------------------------------------    -------------------

                         (clock ap_clk rise edge)     3.333     3.333 r  
                                                      0.000     3.333 r  ap_clk (IN)
                         net (fo=13911, unset)        0.043     3.376    dut/u_pe_r2_0_1/u/grp_pe_r2_0_Pipeline_VITIS_LOOP_57_2_fu_81/mac_muladd_8s_8s_32s_32_4_1_U9/pe_r2_0_mac_muladd_8s_8s_32s_32_4_1_DSP48_0_U/p_reg_reg/CLK
    DSP48E2_X10Y9        DSP_A_B_DATA                                 r  dut/u_pe_r2_0_1/u/grp_pe_r2_0_Pipeline_VITIS_LOOP_57_2_fu_81/mac_muladd_8s_8s_32s_32_4_1_U9/pe_r2_0_mac_muladd_8s_8s_32s_32_4_1_DSP48_0_U/p_reg_reg/DSP_A_B_DATA_INST/CLK
                         clock pessimism              0.000     3.376    
                         clock uncertainty           -0.035     3.341    
    DSP48E2_X10Y9        DSP_A_B_DATA (Setup_DSP_A_B_DATA_DSP48E2_CLK_CEB1)
                                                     -0.154     3.187    dut/u_pe_r2_0_1/u/grp_pe_r2_0_Pipeline_VITIS_LOOP_57_2_fu_81/mac_muladd_8s_8s_32s_32_4_1_U9/pe_r2_0_mac_muladd_8s_8s_32s_32_4_1_DSP48_0_U/p_reg_reg/DSP_A_B_DATA_INST
  -------------------------------------------------------------------
                         required time                          3.187    
                         arrival time                          -2.567    
  -------------------------------------------------------------------
                         slack                                  0.620    





Min Delay Paths
--------------------------------------------------------------------------------------
Slack (MET) :             0.042ns  (arrival time - required time)
  Source:                 dut/u_pe_r3_3_7/u/ap_CS_fsm_reg[2]/C
                            (rising edge-triggered cell FDRE clocked by ap_clk  {rise@0.000ns fall@1.666ns period=3.333ns})
  Destination:            dut/u_pe_r3_3_7/u/grp_pe_r3_0_Pipeline_l_S_k_1_k1_fu_71_ap_start_reg_reg/D
                            (rising edge-triggered cell FDRE clocked by ap_clk  {rise@0.000ns fall@1.666ns period=3.333ns})
  Path Group:             ap_clk
  Path Type:              Hold (Min at Fast Process Corner)
  Requirement:            0.000ns  (ap_clk rise@0.000ns - ap_clk rise@0.000ns)
  Data Path Delay:        0.095ns  (logic 0.053ns (55.879%)  route 0.042ns (44.121%))
  Logic Levels:           1  (LUT3=1)
  Clock Path Skew:        0.007ns (DCD - SCD - CPR)
    Destination Clock Delay (DCD):    0.019ns
    Source Clock Delay      (SCD):    0.012ns
    Clock Pessimism Removal (CPR):    -0.000ns

    Location             Delay type                Incr(ns)  Path(ns)    Netlist Resource(s)
  -------------------------------------------------------------------    -------------------
                         (clock ap_clk rise edge)     0.000     0.000 r  
                                                      0.000     0.000 r  ap_clk (IN)
                         net (fo=13911, unset)        0.012     0.012    dut/u_pe_r3_3_7/u/ap_clk
    SLICE_X93Y66         FDRE                                         r  dut/u_pe_r3_3_7/u/ap_CS_fsm_reg[2]/C
  -------------------------------------------------------------------    -------------------
    SLICE_X93Y66         FDRE (Prop_AFF_SLICEL_C_Q)
                                                      0.039     0.051 r  dut/u_pe_r3_3_7/u/ap_CS_fsm_reg[2]/Q
                         net (fo=2, routed)           0.027     0.078    dut/u_pe_r3_3_7/u/grp_pe_r3_0_Pipeline_l_S_k_1_k1_fu_71/flow_control_loop_pipe_sequential_init_U/Q[0]
    SLICE_X93Y66         LUT3 (Prop_E6LUT_SLICEL_I0_O)
                                                      0.014     0.092 r  dut/u_pe_r3_3_7/u/grp_pe_r3_0_Pipeline_l_S_k_1_k1_fu_71/flow_control_loop_pipe_sequential_init_U/grp_pe_r3_0_Pipeline_l_S_k_1_k1_fu_71_ap_start_reg_i_1__2/O
                         net (fo=1, routed)           0.015     0.107    dut/u_pe_r3_3_7/u/grp_pe_r3_0_Pipeline_l_S_k_1_k1_fu_71_n_39
    SLICE_X93Y66         FDRE                                         r  dut/u_pe_r3_3_7/u/grp_pe_r3_0_Pipeline_l_S_k_1_k1_fu_71_ap_start_reg_reg/D
  -------------------------------------------------------------------    -------------------

                         (clock ap_clk rise edge)     0.000     0.000 r  
                                                      0.000     0.000 r  ap_clk (IN)
                         net (fo=13911, unset)        0.019     0.019    dut/u_pe_r3_3_7/u/ap_clk
    SLICE_X93Y66         FDRE                                         r  dut/u_pe_r3_3_7/u/grp_pe_r3_0_Pipeline_l_S_k_1_k1_fu_71_ap_start_reg_reg/C
                         clock pessimism              0.000     0.019    
    SLICE_X93Y66         FDRE (Hold_EFF_SLICEL_C_D)
                                                      0.046     0.065    dut/u_pe_r3_3_7/u/grp_pe_r3_0_Pipeline_l_S_k_1_k1_fu_71_ap_start_reg_reg
  -------------------------------------------------------------------
                         required time                         -0.065    
                         arrival time                           0.107    
  -------------------------------------------------------------------
                         slack                                  0.042    





Pulse Width Checks
--------------------------------------------------------------------------------------
Clock Name:         ap_clk
Waveform(ns):       { 0.000 1.666 }
Period(ns):         3.333
Sources:            { ap_clk }

Check Type        Corner  Lib Pin     Reference Pin  Required(ns)  Actual(ns)  Slack(ns)  Location      Pin
Min Period        n/a     SRL16E/CLK  n/a            1.064         3.333       2.269      SLICE_X48Y50  dut/u_pe_r0_1_1/u/grp_pe_r0_0_Pipeline_VITIS_LOOP_32_1_fu_67/ap_loop_exit_ready_pp0_iter2_reg_reg_srl2/CLK
Low Pulse Width   Slow    SRL16E/CLK  n/a            0.532         1.667       1.135      SLICE_X48Y50  dut/u_pe_r0_1_1/u/grp_pe_r0_0_Pipeline_VITIS_LOOP_32_1_fu_67/ap_loop_exit_ready_pp0_iter2_reg_reg_srl2/CLK
High Pulse Width  Slow    SRL16E/CLK  n/a            0.532         1.666       1.134      SLICE_X48Y50  dut/u_pe_r0_1_1/u/grp_pe_r0_0_Pipeline_VITIS_LOOP_32_1_fu_67/ap_loop_exit_ready_pp0_iter2_reg_reg_srl2/CLK



