Copyright 1986-2022 Xilinx, Inc. All Rights Reserved. Copyright 2022-2023 Advanced Micro Devices, Inc. All Rights Reserved.
--------------------------------------------------------------------------------------------------------------------------------------------------
| Tool Version      : Vivado v.2023.2 (lin64) Build 4029153 Fri Oct 13 20:13:54 MDT 2023
| Date              : Fri Sep 25 16:28:28 2026
| Host              : brg-zhang-xcel.ece.cornell.edu running 64-bit Red Hat Enterprise Linux 9.8 (Plow)
| Command           : report_timing_summary -file timing.rpt
| Design            : MxuAccVpu
| Device            : xcu280-fsvh2892
| Speed File        : -2L  PRODUCTION 1.30 05-01-2022
| Design State      : Routed
| Temperature Grade : E
--------------------------------------------------------------------------------------------------------------------------------------------------

Timing Summary Report

------------------------------------------------------------------------------------------------
| Timer Settings
| --------------
------------------------------------------------------------------------------------------------

  Enable Multi Corner Analysis               :  Yes
  Enable Pessimism Removal                   :  Yes
  Pessimism Removal Resolution               :  Nearest Common Node
  Enable Input Delay Default Clock           :  No
  Enable Preset / Clear Arcs                 :  No
  Disable Flight Delays                      :  No
  Ignore I/O Paths                           :  No
  Timing Early Launch at Borrowing Latches   :  No
  Borrow Time for Max Delay Exceptions       :  Yes
  Merge Timing Exceptions                    :  Yes
  Inter-SLR Compensation                     :  Conservative

  Corner  Analyze    Analyze    
  Name    Max Paths  Min Paths  
  ------  ---------  ---------  
  Slow    Yes        Yes        
  Fast    Yes        Yes        


------------------------------------------------------------------------------------------------
| Report Methodology
| ------------------
------------------------------------------------------------------------------------------------

No report available as report_methodology has not been run prior. Run report_methodology on the current design for the summary of methodology violations.



check_timing report

Table of Contents
-----------------
1. checking no_clock (0)
2. checking constant_clock (0)
3. checking pulse_width_clock (0)
4. checking unconstrained_internal_endpoints (0)
5. checking no_input_delay (221)
6. checking no_output_delay (69)
7. checking multiple_clock (0)
8. checking generated_clocks (0)
9. checking loops (0)
10. checking partial_input_delay (0)
11. checking partial_output_delay (0)
12. checking latch_loops (0)

1. checking no_clock (0)
------------------------
 There are 0 register/latch pins with no clock.


2. checking constant_clock (0)
------------------------------
 There are 0 register/latch pins with constant_clock.


3. checking pulse_width_clock (0)
---------------------------------
 There are 0 register/latch pins which need pulse_width check


4. checking unconstrained_internal_endpoints (0)
------------------------------------------------
 There are 0 pins that are not constrained for maximum delay.

 There are 0 pins that are not constrained for maximum delay due to constant clock.


5. checking no_input_delay (221)
--------------------------------
 There are 221 input ports with no input delay specified. (HIGH)

 There are 0 input ports with no input delay but user has a false path constraint.


6. checking no_output_delay (69)
--------------------------------
 There are 69 ports with no output delay specified. (HIGH)

 There are 0 ports with no output delay but user has a false path constraint

 There are 0 ports with no output delay but with a timing clock defined on it or propagating through it


7. checking multiple_clock (0)
------------------------------
 There are 0 register/latch pins with multiple clocks.


8. checking generated_clocks (0)
--------------------------------
 There are 0 generated clocks that are not connected to a clock source.


9. checking loops (0)
---------------------
 There are 0 combinational loops in the design.


10. checking partial_input_delay (0)
------------------------------------
 There are 0 input ports with partial input delay specified.


11. checking partial_output_delay (0)
-------------------------------------
 There are 0 ports with partial output delay specified.


12. checking latch_loops (0)
----------------------------
 There are 0 combinational latch loops in the design through latch input



------------------------------------------------------------------------------------------------
| Design Timing Summary
| ---------------------
------------------------------------------------------------------------------------------------

    WNS(ns)      TNS(ns)  TNS Failing Endpoints  TNS Total Endpoints      WHS(ns)      THS(ns)  THS Failing Endpoints  THS Total Endpoints     WPWS(ns)     TPWS(ns)  TPWS Failing Endpoints  TPWS Total Endpoints  
    -------      -------  ---------------------  -------------------      -------      -------  ---------------------  -------------------     --------     --------  ----------------------  --------------------  
      0.196        0.000                      0                16199        0.041        0.000                      0                16199        1.134        0.000                       0                  7171  


All user specified timing constraints are met.


------------------------------------------------------------------------------------------------
| Clock Summary
| -------------
------------------------------------------------------------------------------------------------

Clock  Waveform(ns)         Period(ns)      Frequency(MHz)
-----  ------------         ----------      --------------
clk    {0.000 1.666}        3.333           300.030         


------------------------------------------------------------------------------------------------
| Intra Clock Table
| -----------------
------------------------------------------------------------------------------------------------

Clock             WNS(ns)      TNS(ns)  TNS Failing Endpoints  TNS Total Endpoints      WHS(ns)      THS(ns)  THS Failing Endpoints  THS Total Endpoints     WPWS(ns)     TPWS(ns)  TPWS Failing Endpoints  TPWS Total Endpoints  
-----             -------      -------  ---------------------  -------------------      -------      -------  ---------------------  -------------------     --------     --------  ----------------------  --------------------  
clk                 0.196        0.000                      0                16199        0.041        0.000                      0                16199        1.134        0.000                       0                  7171  


------------------------------------------------------------------------------------------------
| Inter Clock Table
| -----------------
------------------------------------------------------------------------------------------------

From Clock    To Clock          WNS(ns)      TNS(ns)  TNS Failing Endpoints  TNS Total Endpoints      WHS(ns)      THS(ns)  THS Failing Endpoints  THS Total Endpoints  
----------    --------          -------      -------  ---------------------  -------------------      -------      -------  ---------------------  -------------------  


------------------------------------------------------------------------------------------------
| Other Path Groups Table
| -----------------------
------------------------------------------------------------------------------------------------

Path Group    From Clock    To Clock          WNS(ns)      TNS(ns)  TNS Failing Endpoints  TNS Total Endpoints      WHS(ns)      THS(ns)  THS Failing Endpoints  THS Total Endpoints  
----------    ----------    --------          -------      -------  ---------------------  -------------------      -------      -------  ---------------------  -------------------  


------------------------------------------------------------------------------------------------
| Timing Details
| --------------
------------------------------------------------------------------------------------------------


---------------------------------------------------------------------------------------------------
From Clock:  clk
  To Clock:  clk

Setup :            0  Failing Endpoints,  Worst Slack        0.196ns,  Total Violation        0.000ns
Hold  :            0  Failing Endpoints,  Worst Slack        0.041ns,  Total Violation        0.000ns
PW    :            0  Failing Endpoints,  Worst Slack        1.134ns,  Total Violation        0.000ns
---------------------------------------------------------------------------------------------------


Max Delay Paths
--------------------------------------------------------------------------------------
Slack (MET) :             0.196ns  (required time - arrival time)
  Source:                 accs_0/mem/mem_0_io_rdata_MPORT_addr_pipe_0_reg_rep_rep[0]__6/C
                            (rising edge-triggered cell FDRE clocked by clk  {rise@0.000ns fall@1.666ns period=3.333ns})
  Destination:            vpu/pipe_out_p/stages_0_resp_data_1_0_reg[0]/S
                            (rising edge-triggered cell FDSE clocked by clk  {rise@0.000ns fall@1.666ns period=3.333ns})
  Path Group:             clk
  Path Type:              Setup (Max at Slow Process Corner)
  Requirement:            3.333ns  (clk rise@3.333ns - clk rise@0.000ns)
  Data Path Delay:        3.018ns  (logic 1.010ns (33.471%)  route 2.008ns (66.529%))
  Logic Levels:           8  (CARRY8=2 LUT5=2 LUT6=3 RAMD64E=1)
  Clock Path Skew:        -0.010ns (DCD - SCD + CPR)
    Destination Clock Delay (DCD):    0.020ns = ( 3.353 - 3.333 ) 
    Source Clock Delay      (SCD):    0.030ns
    Clock Pessimism Removal (CPR):    0.000ns
  Clock Uncertainty:      0.035ns  ((TSJ^2 + TIJ^2)^1/2 + DJ) / 2 + PE
    Total System Jitter     (TSJ):    0.071ns
    Total Input Jitter      (TIJ):    0.000ns
    Discrete Jitter          (DJ):    0.000ns
    Phase Error              (PE):    0.000ns

    Location             Delay type                Incr(ns)  Path(ns)    Netlist Resource(s)
  -------------------------------------------------------------------    -------------------
                         (clock clk rise edge)        0.000     0.000 r  
                                                      0.000     0.000 r  clock (IN)
                         net (fo=7170, unset)         0.030     0.030    accs_0/mem/clock
    SLICE_X167Y149       FDRE                                         r  accs_0/mem/mem_0_io_rdata_MPORT_addr_pipe_0_reg_rep_rep[0]__6/C
  -------------------------------------------------------------------    -------------------
    SLICE_X167Y149       FDRE (Prop_EFF_SLICEM_C_Q)
                                                      0.076     0.106 r  accs_0/mem/mem_0_io_rdata_MPORT_addr_pipe_0_reg_rep_rep[0]__6/Q
                         net (fo=8, routed)           0.487     0.593    accs_0/mem/mem_7_reg_0_63_0_6/ADDRB0
    SLICE_X166Y152       RAMD64E (Prop_B6LUT_SLICEM_RADR0_O)
                                                      0.149     0.742 r  accs_0/mem/mem_7_reg_0_63_0_6/RAMB/O
                         net (fo=4, routed)           0.373     1.115    accs_0/q/ram_data_1_0_reg[31]_0[25]
    SLICE_X172Y153       LUT5 (Prop_H6LUT_SLICEL_I0_O)
                                                      0.150     1.265 r  accs_0/q/stages_0_resp_data_1_0[7]_i_53/O
                         net (fo=5, routed)           0.266     1.531    accs_0/q/vpu_io_in_bits_acc_read_resp_data_1_0[25]
    SLICE_X169Y155       LUT5 (Prop_D5LUT_SLICEL_I0_O)
                                                      0.110     1.641 r  accs_0/q/stages_0_resp_data_1_0[7]_i_159/O
                         net (fo=4, routed)           0.137     1.779    accs_0/q/stages_0_resp_data_1_0[7]_i_159_n_0
    SLICE_X169Y156       LUT6 (Prop_H6LUT_SLICEL_I5_O)
                                                      0.150     1.929 r  accs_0/q/stages_0_resp_data_1_0[7]_i_137/O
                         net (fo=4, routed)           0.177     2.106    accs_0/q/stages_0_resp_data_1_0[7]_i_137_n_0
    SLICE_X169Y157       LUT6 (Prop_H6LUT_SLICEL_I1_O)
                                                      0.150     2.256 r  accs_0/q/stages_0_resp_data_1_0[7]_i_91/O
                         net (fo=1, routed)           0.161     2.417    accs_0/q/stages_0_resp_data_1_0[7]_i_91_n_0
    SLICE_X169Y158       CARRY8 (Prop_CARRY8_SLICEL_DI[5]_CO[7])
                                                      0.083     2.500 r  accs_0/q/stages_0_resp_data_1_0_reg[7]_i_25/CO[7]
                         net (fo=1, routed)           0.026     2.526    accs_0/q/stages_0_resp_data_1_0_reg[7]_i_25_n_0
    SLICE_X169Y159       CARRY8 (Prop_CARRY8_SLICEL_CI_CO[4])
                                                      0.092     2.618 r  accs_0/q/stages_0_resp_data_1_0_reg[7]_i_5/CO[4]
                         net (fo=2, routed)           0.171     2.789    accs_0/q/vpu/_activated_data_e_clipped_T_5
    SLICE_X169Y160       LUT6 (Prop_D6LUT_SLICEL_I0_O)
                                                      0.050     2.839 r  accs_0/q/pipe_out_p/stages_0_resp_data_1_0[6]_i_1/O
                         net (fo=7, routed)           0.209     3.048    vpu/pipe_out_p/stages_0_resp_data_1_0_reg[0]_0
    SLICE_X168Y160       FDSE                                         r  vpu/pipe_out_p/stages_0_resp_data_1_0_reg[0]/S
  -------------------------------------------------------------------    -------------------

                         (clock clk rise edge)        3.333     3.333 r  
                                                      0.000     3.333 r  clock (IN)
                         net (fo=7170, unset)         0.020     3.353    vpu/pipe_out_p/clock
    SLICE_X168Y160       FDSE                                         r  vpu/pipe_out_p/stages_0_resp_data_1_0_reg[0]/C
                         clock pessimism              0.000     3.353    
                         clock uncertainty           -0.035     3.318    
    SLICE_X168Y160       FDSE (Setup_CFF_SLICEL_C_S)
                                                     -0.074     3.244    vpu/pipe_out_p/stages_0_resp_data_1_0_reg[0]
  -------------------------------------------------------------------
                         required time                          3.244    
                         arrival time                          -3.048    
  -------------------------------------------------------------------
                         slack                                  0.196    





Min Delay Paths
--------------------------------------------------------------------------------------
Slack (MET) :             0.041ns  (arrival time - required time)
  Source:                 mxu/mesh/pipe_b_65_0_reg[1]/C
                            (rising edge-triggered cell FDRE clocked by clk  {rise@0.000ns fall@1.666ns period=3.333ns})
  Destination:            mxu/mesh/mesh_1_0/tile_0_0/c1_reg[1]/D
                            (rising edge-triggered cell FDRE clocked by clk  {rise@0.000ns fall@1.666ns period=3.333ns})
  Path Group:             clk
  Path Type:              Hold (Min at Fast Process Corner)
  Requirement:            0.000ns  (clk rise@0.000ns - clk rise@0.000ns)
  Data Path Delay:        0.095ns  (logic 0.041ns (43.048%)  route 0.054ns (56.952%))
  Logic Levels:           0  
  Clock Path Skew:        0.007ns (DCD - SCD - CPR)
    Destination Clock Delay (DCD):    0.019ns
    Source Clock Delay      (SCD):    0.012ns
    Clock Pessimism Removal (CPR):    -0.000ns

    Location             Delay type                Incr(ns)  Path(ns)    Netlist Resource(s)
  -------------------------------------------------------------------    -------------------
                         (clock clk rise edge)        0.000     0.000 r  
                                                      0.000     0.000 r  clock (IN)
                         net (fo=7170, unset)         0.012     0.012    mxu/mesh/clock
    SLICE_X160Y82        FDRE                                         r  mxu/mesh/pipe_b_65_0_reg[1]/C
  -------------------------------------------------------------------    -------------------
    SLICE_X160Y82        FDRE (Prop_DFF2_SLICEL_C_Q)
                                                      0.041     0.053 r  mxu/mesh/pipe_b_65_0_reg[1]/Q
                         net (fo=2, routed)           0.054     0.107    mxu/mesh/mesh_1_0/tile_0_0/pipe_b_65_0[1]
    SLICE_X159Y82        FDRE                                         r  mxu/mesh/mesh_1_0/tile_0_0/c1_reg[1]/D
  -------------------------------------------------------------------    -------------------

                         (clock clk rise edge)        0.000     0.000 r  
                                                      0.000     0.000 r  clock (IN)
                         net (fo=7170, unset)         0.019     0.019    mxu/mesh/mesh_1_0/tile_0_0/clock
    SLICE_X159Y82        FDRE                                         r  mxu/mesh/mesh_1_0/tile_0_0/c1_reg[1]/C
                         clock pessimism              0.000     0.019    
    SLICE_X159Y82        FDRE (Hold_GFF2_SLICEL_C_D)
                                                      0.047     0.066    mxu/mesh/mesh_1_0/tile_0_0/c1_reg[1]
  -------------------------------------------------------------------
                         required time                         -0.066    
                         arrival time                           0.107    
  -------------------------------------------------------------------
                         slack                                  0.041    





Pulse Width Checks
--------------------------------------------------------------------------------------
Clock Name:         clk
Waveform(ns):       { 0.000 1.666 }
Period(ns):         3.333
Sources:            { clock }

Check Type        Corner  Lib Pin      Reference Pin  Required(ns)  Actual(ns)  Slack(ns)  Location        Pin
Min Period        n/a     RAMD64E/CLK  n/a            1.064         3.333       2.269      SLICE_X157Y154  accs_0/mem/mem_0_reg_0_63_0_6/RAMA/CLK
Low Pulse Width   Slow    RAMD64E/CLK  n/a            0.532         1.667       1.135      SLICE_X157Y154  accs_0/mem/mem_0_reg_0_63_0_6/RAMA/CLK
High Pulse Width  Slow    RAMD64E/CLK  n/a            0.532         1.666       1.134      SLICE_X157Y154  accs_0/mem/mem_0_reg_0_63_0_6/RAMA/CLK



