

================================================================
== Vitis HLS Report for 'cross_r1_0'
================================================================
* Date:           Fri Sep 11 20:57:50 2026

* Version:        2023.2 (Build 4023990 on Oct 11 2023)
* Project:        prj
* Solution:       sol (Vivado IP Flow Target)
* Product family: virtexuplusHBM
* Target device:  xcu280-fsvh2892-2L-e


================================================================
== Performance Estimates
================================================================
+ Timing: 
    * Summary: 
    +--------+---------+----------+------------+
    |  Clock |  Target | Estimated| Uncertainty|
    +--------+---------+----------+------------+
    |ap_clk  |  3.33 ns|  2.431 ns|     0.90 ns|
    +--------+---------+----------+------------+

+ Latency: 
    * Summary: 
    +---------+---------+-----------+-----------+------+------+---------+
    |  Latency (cycles) |   Latency (absolute)  |   Interval  | Pipeline|
    |   min   |   max   |    min    |    max    |  min |  max |   Type  |
    +---------+---------+-----------+-----------+------+------+---------+
    |     4354|     4354|  14.499 us|  14.499 us|  4355|  4355|       no|
    +---------+---------+-----------+-----------+------+------+---------+

    + Detail: 
        * Instance: 
        N/A

        * Loop: 
        +---------------+---------+---------+----------+-----------+-----------+------+----------+
        |               |  Latency (cycles) | Iteration|  Initiation Interval  | Trip |          |
        |   Loop Name   |   min   |   max   |  Latency |  achieved |   target  | Count| Pipelined|
        +---------------+---------+---------+----------+-----------+-----------+------+----------+
        |- l_S__r_0__r  |     4352|     4352|         2|          1|          1|  4352|  yes(flp)|
        +---------------+---------+---------+----------+-----------+-----------+------+----------+



================================================================
== Utilization Estimates
================================================================
* Summary: 
+---------------------+---------+------+---------+---------+-----+
|         Name        | BRAM_18K|  DSP |    FF   |   LUT   | URAM|
+---------------------+---------+------+---------+---------+-----+
|DSP                  |        -|     -|        -|        -|    -|
|Expression           |        -|     -|        0|       44|    -|
|FIFO                 |        -|     -|        -|        -|    -|
|Instance             |        -|     -|        -|        -|    -|
|Memory               |        -|     -|        -|        -|    -|
|Multiplexer          |        -|     -|        -|       59|    -|
|Register             |        -|     -|       17|        -|    -|
+---------------------+---------+------+---------+---------+-----+
|Total                |        0|     0|       17|      103|    0|
+---------------------+---------+------+---------+---------+-----+
|Available SLR        |     1344|  3008|   869120|   434560|  320|
+---------------------+---------+------+---------+---------+-----+
|Utilization SLR (%)  |        0|     0|       ~0|       ~0|    0|
+---------------------+---------+------+---------+---------+-----+
|Available            |     4032|  9024|  2607360|  1303680|  960|
+---------------------+---------+------+---------+---------+-----+
|Utilization (%)      |        0|     0|       ~0|       ~0|    0|
+---------------------+---------+------+---------+---------+-----+

+ Detail: 
    * Instance: 
    N/A

    * DSP: 
    N/A

    * Memory: 
    N/A

    * FIFO: 
    N/A

    * Expression: 
    +----------------------------------+----------+----+---+----+------------+------------+
    |           Variable Name          | Operation| DSP| FF| LUT| Bitwidth P0| Bitwidth P1|
    +----------------------------------+----------+----+---+----+------------+------------+
    |p_r_2_fu_86_p2                    |         +|   0|  0|  20|          13|           1|
    |ap_condition_58                   |       and|   0|  0|   2|           1|           1|
    |icmp_ln15_fu_80_p2                |      icmp|   0|  0|  20|          13|          13|
    |ap_block_state2_pp0_stage0_iter1  |        or|   0|  0|   2|           1|           1|
    +----------------------------------+----------+----+---+----+------------+------------+
    |Total                             |          |   0|  0|  44|          28|          16|
    +----------------------------------+----------+----+---+----+------------+------------+

    * Multiplexer: 
    +------------------------+----+-----------+-----+-----------+
    |          Name          | LUT| Input Size| Bits| Total Bits|
    +------------------------+----+-----------+-----+-----------+
    |ap_NS_iter1_fsm         |  14|          3|    2|          6|
    |ap_sig_allocacmp_p_r_1  |   9|          2|   13|         26|
    |p_r_fu_46               |   9|          2|   13|         26|
    |v0_blk_n                |   9|          2|    1|          2|
    |v1_blk_n                |   9|          2|    1|          2|
    |v2_blk_n                |   9|          2|    1|          2|
    +------------------------+----+-----------+-----+-----------+
    |Total                   |  59|         13|   31|         64|
    +------------------------+----+-----------+-----+-----------+

    * Register: 
    +-------------------+----+----+-----+-----------+
    |        Name       | FF | LUT| Bits| Const Bits|
    +-------------------+----+----+-----+-----------+
    |ap_CS_iter0_fsm    |   1|   0|    1|          0|
    |ap_CS_iter1_fsm    |   2|   0|    2|          0|
    |icmp_ln15_reg_104  |   1|   0|    1|          0|
    |p_r_fu_46          |  13|   0|   13|          0|
    +-------------------+----+----+-----+-----------+
    |Total              |  17|   0|   17|          0|
    +-------------------+----+----+-----+-----------+



================================================================
== Interface
================================================================
* Summary: 
+------------+-----+-----+--------------+--------------+--------------+
|  RTL Ports | Dir | Bits|   Protocol   | Source Object|    C Type    |
+------------+-----+-----+--------------+--------------+--------------+
|ap_clk      |   in|    1|  ap_ctrl_none|    cross_r1_0|  return value|
|ap_rst      |   in|    1|  ap_ctrl_none|    cross_r1_0|  return value|
|v0_dout     |   in|   64|       ap_fifo|            v0|       pointer|
|v0_empty_n  |   in|    1|       ap_fifo|            v0|       pointer|
|v0_read     |  out|    1|       ap_fifo|            v0|       pointer|
|v1_din      |  out|   64|       ap_fifo|            v1|       pointer|
|v1_full_n   |   in|    1|       ap_fifo|            v1|       pointer|
|v1_write    |  out|    1|       ap_fifo|            v1|       pointer|
|v2_din      |  out|   64|       ap_fifo|            v2|       pointer|
|v2_full_n   |   in|    1|       ap_fifo|            v2|       pointer|
|v2_write    |  out|    1|       ap_fifo|            v2|       pointer|
+------------+-----+-----+--------------+--------------+--------------+

