

================================================================
== Vitis HLS Report for 'delay3_r0_0_Pipeline_l_S_b_0_b_l_S_h_0_h_l_S_c_0_c'
================================================================
* Date:           Fri Sep 11 20:57:54 2026

* Version:        2023.2 (Build 4023990 on Oct 11 2023)
* Project:        prj
* Solution:       sol (Vivado IP Flow Target)
* Product family: virtexuplusHBM
* Target device:  xcu280-fsvh2892-2L-e


================================================================
== Performance Estimates
================================================================
+ Timing: 
    * Summary: 
    +--------+---------+----------+------------+
    |  Clock |  Target | Estimated| Uncertainty|
    +--------+---------+----------+------------+
    |ap_clk  |  3.33 ns|  2.357 ns|     0.90 ns|
    +--------+---------+----------+------------+

+ Latency: 
    * Summary: 
    +---------+---------+-----------+-----------+------+------+---------+
    |  Latency (cycles) |   Latency (absolute)  |   Interval  | Pipeline|
    |   min   |   max   |    min    |    max    |  min |  max |   Type  |
    +---------+---------+-----------+-----------+------+------+---------+
    |     4370|     4370|  14.552 us|  14.552 us|  4370|  4370|       no|
    +---------+---------+-----------+-----------+------+------+---------+

    + Detail: 
        * Instance: 
        N/A

        * Loop: 
        +-----------------------------------+---------+---------+----------+-----------+-----------+------+----------+
        |                                   |  Latency (cycles) | Iteration|  Initiation Interval  | Trip |          |
        |             Loop Name             |   min   |   max   |  Latency |  achieved |   target  | Count| Pipelined|
        +-----------------------------------+---------+---------+----------+-----------+-----------+------+----------+
        |- l_S__b_0__b_l_S_h_0_h_l_S_c_0_c  |     4368|     4368|        18|          1|          1|  4352|  yes(flp)|
        +-----------------------------------+---------+---------+----------+-----------+-----------+------+----------+



================================================================
== Utilization Estimates
================================================================
* Summary: 
+---------------------+---------+------+---------+---------+-----+
|         Name        | BRAM_18K|  DSP |    FF   |   LUT   | URAM|
+---------------------+---------+------+---------+---------+-----+
|DSP                  |        -|     -|        -|        -|    -|
|Expression           |        -|     -|        0|      155|    -|
|FIFO                 |        -|     -|        -|        -|    -|
|Instance             |        -|    12|     1544|     1664|    -|
|Memory               |        0|     -|       32|       33|    -|
|Multiplexer          |        -|     -|        -|      462|    -|
|Register             |        -|     -|     1860|        -|    -|
+---------------------+---------+------+---------+---------+-----+
|Total                |        0|    12|     3436|     2314|    0|
+---------------------+---------+------+---------+---------+-----+
|Available SLR        |     1344|  3008|   869120|   434560|  320|
+---------------------+---------+------+---------+---------+-----+
|Utilization SLR (%)  |        0|    ~0|       ~0|       ~0|    0|
+---------------------+---------+------+---------+---------+-----+
|Available            |     4032|  9024|  2607360|  1303680|  960|
+---------------------+---------+------+---------+---------+-----+
|Utilization (%)      |        0|    ~0|       ~0|       ~0|    0|
+---------------------+---------+------+---------+---------+-----+

+ Detail: 
    * Instance: 
    +-------------------------------------+----------------------------------+---------+----+-----+-----+-----+
    |               Instance              |              Module              | BRAM_18K| DSP|  FF | LUT | URAM|
    +-------------------------------------+----------------------------------+---------+----+-----+-----+-----+
    |fadd_32ns_32ns_32_5_no_dsp_1_U8      |fadd_32ns_32ns_32_5_no_dsp_1      |        0|   0|  243|  338|    0|
    |faddfsub_32ns_32ns_32_5_no_dsp_1_U5  |faddfsub_32ns_32ns_32_5_no_dsp_1  |        0|   0|  243|  338|    0|
    |faddfsub_32ns_32ns_32_5_no_dsp_1_U6  |faddfsub_32ns_32ns_32_5_no_dsp_1  |        0|   0|  243|  338|    0|
    |fmul_32ns_32ns_32_4_max_dsp_1_U9     |fmul_32ns_32ns_32_4_max_dsp_1     |        0|   3|  143|   78|    0|
    |fmul_32ns_32ns_32_4_max_dsp_1_U10    |fmul_32ns_32ns_32_4_max_dsp_1     |        0|   3|  143|   78|    0|
    |fmul_32ns_32ns_32_4_max_dsp_1_U11    |fmul_32ns_32ns_32_4_max_dsp_1     |        0|   3|  143|   78|    0|
    |fmul_32ns_32ns_32_4_max_dsp_1_U12    |fmul_32ns_32ns_32_4_max_dsp_1     |        0|   3|  143|   78|    0|
    |fsub_32ns_32ns_32_5_no_dsp_1_U7      |fsub_32ns_32ns_32_5_no_dsp_1      |        0|   0|  243|  338|    0|
    +-------------------------------------+----------------------------------+---------+----+-----+-----+-----+
    |Total                                |                                  |        0|  12| 1544| 1664|    0|
    +-------------------------------------+----------------------------------+---------+----+-----+-----+-----+

    * DSP: 
    N/A

    * Memory: 
    +-----------+------------------------------------------------------------------------+---------+----+----+-----+------+-----+------+-------------+
    |   Memory  |                                 Module                                 | BRAM_18K| FF | LUT| URAM| Words| Bits| Banks| W*Bits*Banks|
    +-----------+------------------------------------------------------------------------+---------+----+----+-----+------+-----+------+-------------+
    |p_st_tw_U  |delay3_r0_0_Pipeline_l_S_b_0_b_l_S_h_0_h_l_S_c_0_c_p_st_tw_ROM_AUTO_1R  |        0|  32|  33|    0|    32|   32|     1|         1024|
    +-----------+------------------------------------------------------------------------+---------+----+----+-----+------+-----+------+-------------+
    |Total      |                                                                        |        0|  32|  33|    0|    32|   32|     1|         1024|
    +-----------+------------------------------------------------------------------------+---------+----+----+-----+------+-----+------+-------------+

    * FIFO: 
    N/A

    * Expression: 
    +------------------------------------+----------+----+---+----+------------+------------+
    |            Variable Name           | Operation| DSP| FF| LUT| Bitwidth P0| Bitwidth P1|
    +------------------------------------+----------+----+---+----+------------+------------+
    |add_ln41_fu_347_p2                  |         +|   0|  0|  20|          13|           1|
    |add_ln42_1_fu_373_p2                |         +|   0|  0|  13|           6|           1|
    |add_ln43_fu_492_p2                  |         +|   0|  0|  12|           4|           1|
    |add_ln72_fu_477_p2                  |         +|   0|  0|  12|           4|           4|
    |h_2_fu_427_p2                       |         +|   0|  0|   9|           2|           1|
    |and_ln41_fu_421_p2                  |       and|   0|  0|   2|           1|           1|
    |ap_block_state18_pp0_stage0_iter17  |       and|   0|  0|   2|           1|           1|
    |ap_condition_1144                   |       and|   0|  0|   2|           1|           1|
    |ap_condition_274                    |       and|   0|  0|   2|           1|           1|
    |ap_condition_370                    |       and|   0|  0|   2|           1|           1|
    |icmp_ln41_fu_341_p2                 |      icmp|   0|  0|  20|          13|          13|
    |icmp_ln42_fu_353_p2                 |      icmp|   0|  0|  13|           6|           5|
    |icmp_ln43_fu_415_p2                 |      icmp|   0|  0|  12|           4|           5|
    |v23_fu_454_p2                       |      icmp|   0|  0|   9|           2|           1|
    |ap_block_state1_pp0_stage0_iter0    |        or|   0|  0|   2|           1|           1|
    |or_ln42_fu_433_p2                   |        or|   0|  0|   2|           1|           1|
    |or_ln77_fu_520_p2                   |        or|   0|  0|   5|           5|           1|
    |select_ln41_fu_403_p3               |    select|   0|  0|   2|           1|           1|
    |select_ln42_1_fu_446_p3             |    select|   0|  0|   2|           1|           2|
    |select_ln42_2_fu_379_p3             |    select|   0|  0|   6|           1|           1|
    |select_ln42_fu_438_p3               |    select|   0|  0|   4|           1|           1|
    |xor_ln41_fu_410_p2                  |       xor|   0|  0|   2|           1|           2|
    +------------------------------------+----------+----+---+----+------------+------------+
    |Total                               |          |   0|  0| 155|          71|          47|
    +------------------------------------+----------+----+---+----+------------+------------+

    * Multiplexer: 
    +----------------------------------------+----+-----------+-----+-----------+
    |                  Name                  | LUT| Input Size| Bits| Total Bits|
    +----------------------------------------+----+-----------+-----+-----------+
    |ai_address0                             |  14|          3|    3|          9|
    |ap_NS_iter10_fsm                        |  14|          3|    2|          6|
    |ap_NS_iter11_fsm                        |  14|          3|    2|          6|
    |ap_NS_iter12_fsm                        |  14|          3|    2|          6|
    |ap_NS_iter13_fsm                        |  14|          3|    2|          6|
    |ap_NS_iter14_fsm                        |  14|          3|    2|          6|
    |ap_NS_iter15_fsm                        |  14|          3|    2|          6|
    |ap_NS_iter16_fsm                        |  14|          3|    2|          6|
    |ap_NS_iter17_fsm                        |  14|          3|    2|          6|
    |ap_NS_iter1_fsm                         |  14|          3|    2|          6|
    |ap_NS_iter2_fsm                         |  14|          3|    2|          6|
    |ap_NS_iter3_fsm                         |  14|          3|    2|          6|
    |ap_NS_iter4_fsm                         |  14|          3|    2|          6|
    |ap_NS_iter5_fsm                         |  14|          3|    2|          6|
    |ap_NS_iter6_fsm                         |  14|          3|    2|          6|
    |ap_NS_iter7_fsm                         |  14|          3|    2|          6|
    |ap_NS_iter8_fsm                         |  14|          3|    2|          6|
    |ap_NS_iter9_fsm                         |  14|          3|    2|          6|
    |ap_done_int                             |   9|          2|    1|          2|
    |ap_loop_exit_ready_pp0_iter17_reg       |   9|          2|    1|          2|
    |ap_phi_mux_empty_19_phi_fu_258_p4       |   9|          2|   32|         64|
    |ap_phi_mux_empty_phi_fu_249_p4          |   9|          2|   32|         64|
    |ap_phi_reg_pp0_iter9_empty_19_reg_255   |   9|          2|   32|         64|
    |ap_phi_reg_pp0_iter9_empty_reg_246      |   9|          2|   32|         64|
    |ap_sig_allocacmp_indvar_flatten11_load  |   9|          2|   13|         26|
    |ap_sig_allocacmp_indvar_flatten_load    |   9|          2|    6|         12|
    |bi_address0                             |  14|          3|    3|          9|
    |br_address0                             |  14|          3|    3|          9|
    |c_fu_110                                |   9|          2|    4|          8|
    |grp_fu_264_opcode                       |  14|          3|    2|          6|
    |grp_fu_264_p1                           |  14|          3|   32|         96|
    |grp_fu_268_opcode                       |  14|          3|    2|          6|
    |grp_fu_268_p1                           |  14|          3|   32|         96|
    |h_fu_114                                |   9|          2|    2|          4|
    |indvar_flatten11_fu_122                 |   9|          2|   13|         26|
    |indvar_flatten_fu_118                   |   9|          2|    6|         12|
    |v1_blk_n                                |   9|          2|    1|          2|
    |v2_blk_n                                |   9|          2|    1|          2|
    +----------------------------------------+----+-----------+-----+-----------+
    |Total                                   | 462|        100|  287|        685|
    +----------------------------------------+----+-----------+-----+-----------+

    * Register: 
    +----------------------------------------+----+----+-----+-----------+
    |                  Name                  | FF | LUT| Bits| Const Bits|
    +----------------------------------------+----+----+-----+-----------+
    |add_ln72_reg_606                        |   4|   0|    4|          0|
    |add_ln72_reg_606_pp0_iter2_reg          |   4|   0|    4|          0|
    |add_ln72_reg_606_pp0_iter3_reg          |   4|   0|    4|          0|
    |add_ln72_reg_606_pp0_iter4_reg          |   4|   0|    4|          0|
    |add_ln72_reg_606_pp0_iter5_reg          |   4|   0|    4|          0|
    |ap_CS_iter0_fsm                         |   1|   0|    1|          0|
    |ap_CS_iter10_fsm                        |   2|   0|    2|          0|
    |ap_CS_iter11_fsm                        |   2|   0|    2|          0|
    |ap_CS_iter12_fsm                        |   2|   0|    2|          0|
    |ap_CS_iter13_fsm                        |   2|   0|    2|          0|
    |ap_CS_iter14_fsm                        |   2|   0|    2|          0|
    |ap_CS_iter15_fsm                        |   2|   0|    2|          0|
    |ap_CS_iter16_fsm                        |   2|   0|    2|          0|
    |ap_CS_iter17_fsm                        |   2|   0|    2|          0|
    |ap_CS_iter1_fsm                         |   2|   0|    2|          0|
    |ap_CS_iter2_fsm                         |   2|   0|    2|          0|
    |ap_CS_iter3_fsm                         |   2|   0|    2|          0|
    |ap_CS_iter4_fsm                         |   2|   0|    2|          0|
    |ap_CS_iter5_fsm                         |   2|   0|    2|          0|
    |ap_CS_iter6_fsm                         |   2|   0|    2|          0|
    |ap_CS_iter7_fsm                         |   2|   0|    2|          0|
    |ap_CS_iter8_fsm                         |   2|   0|    2|          0|
    |ap_CS_iter9_fsm                         |   2|   0|    2|          0|
    |ap_done_reg                             |   1|   0|    1|          0|
    |ap_loop_exit_ready_pp0_iter10_reg       |   1|   0|    1|          0|
    |ap_loop_exit_ready_pp0_iter11_reg       |   1|   0|    1|          0|
    |ap_loop_exit_ready_pp0_iter12_reg       |   1|   0|    1|          0|
    |ap_loop_exit_ready_pp0_iter13_reg       |   1|   0|    1|          0|
    |ap_loop_exit_ready_pp0_iter14_reg       |   1|   0|    1|          0|
    |ap_loop_exit_ready_pp0_iter15_reg       |   1|   0|    1|          0|
    |ap_loop_exit_ready_pp0_iter16_reg       |   1|   0|    1|          0|
    |ap_loop_exit_ready_pp0_iter17_reg       |   1|   0|    1|          0|
    |ap_loop_exit_ready_pp0_iter1_reg        |   1|   0|    1|          0|
    |ap_loop_exit_ready_pp0_iter2_reg        |   1|   0|    1|          0|
    |ap_loop_exit_ready_pp0_iter3_reg        |   1|   0|    1|          0|
    |ap_loop_exit_ready_pp0_iter4_reg        |   1|   0|    1|          0|
    |ap_loop_exit_ready_pp0_iter5_reg        |   1|   0|    1|          0|
    |ap_loop_exit_ready_pp0_iter6_reg        |   1|   0|    1|          0|
    |ap_loop_exit_ready_pp0_iter7_reg        |   1|   0|    1|          0|
    |ap_loop_exit_ready_pp0_iter8_reg        |   1|   0|    1|          0|
    |ap_loop_exit_ready_pp0_iter9_reg        |   1|   0|    1|          0|
    |ap_phi_reg_pp0_iter10_empty_19_reg_255  |  32|   0|   32|          0|
    |ap_phi_reg_pp0_iter10_empty_reg_246     |  32|   0|   32|          0|
    |ap_phi_reg_pp0_iter11_empty_19_reg_255  |  32|   0|   32|          0|
    |ap_phi_reg_pp0_iter11_empty_reg_246     |  32|   0|   32|          0|
    |ap_phi_reg_pp0_iter12_empty_19_reg_255  |  32|   0|   32|          0|
    |ap_phi_reg_pp0_iter12_empty_reg_246     |  32|   0|   32|          0|
    |ap_phi_reg_pp0_iter13_empty_19_reg_255  |  32|   0|   32|          0|
    |ap_phi_reg_pp0_iter13_empty_reg_246     |  32|   0|   32|          0|
    |ap_phi_reg_pp0_iter14_empty_19_reg_255  |  32|   0|   32|          0|
    |ap_phi_reg_pp0_iter14_empty_reg_246     |  32|   0|   32|          0|
    |ap_phi_reg_pp0_iter15_empty_19_reg_255  |  32|   0|   32|          0|
    |ap_phi_reg_pp0_iter15_empty_reg_246     |  32|   0|   32|          0|
    |ap_phi_reg_pp0_iter16_empty_19_reg_255  |  32|   0|   32|          0|
    |ap_phi_reg_pp0_iter16_empty_reg_246     |  32|   0|   32|          0|
    |ap_phi_reg_pp0_iter17_empty_19_reg_255  |  32|   0|   32|          0|
    |ap_phi_reg_pp0_iter17_empty_reg_246     |  32|   0|   32|          0|
    |ap_phi_reg_pp0_iter1_empty_19_reg_255   |  32|   0|   32|          0|
    |ap_phi_reg_pp0_iter1_empty_reg_246      |  32|   0|   32|          0|
    |ap_phi_reg_pp0_iter2_empty_19_reg_255   |  32|   0|   32|          0|
    |ap_phi_reg_pp0_iter2_empty_reg_246      |  32|   0|   32|          0|
    |ap_phi_reg_pp0_iter3_empty_19_reg_255   |  32|   0|   32|          0|
    |ap_phi_reg_pp0_iter3_empty_reg_246      |  32|   0|   32|          0|
    |ap_phi_reg_pp0_iter4_empty_19_reg_255   |  32|   0|   32|          0|
    |ap_phi_reg_pp0_iter4_empty_reg_246      |  32|   0|   32|          0|
    |ap_phi_reg_pp0_iter5_empty_19_reg_255   |  32|   0|   32|          0|
    |ap_phi_reg_pp0_iter5_empty_reg_246      |  32|   0|   32|          0|
    |ap_phi_reg_pp0_iter6_empty_19_reg_255   |  32|   0|   32|          0|
    |ap_phi_reg_pp0_iter6_empty_reg_246      |  32|   0|   32|          0|
    |ap_phi_reg_pp0_iter7_empty_19_reg_255   |  32|   0|   32|          0|
    |ap_phi_reg_pp0_iter7_empty_reg_246      |  32|   0|   32|          0|
    |ap_phi_reg_pp0_iter8_empty_19_reg_255   |  32|   0|   32|          0|
    |ap_phi_reg_pp0_iter8_empty_reg_246      |  32|   0|   32|          0|
    |ap_phi_reg_pp0_iter9_empty_19_reg_255   |  32|   0|   32|          0|
    |ap_phi_reg_pp0_iter9_empty_reg_246      |  32|   0|   32|          0|
    |c_fu_110                                |   4|   0|    4|          0|
    |h_fu_114                                |   2|   0|    2|          0|
    |icmp_ln41_reg_581                       |   1|   0|    1|          0|
    |icmp_ln41_reg_581_pp0_iter10_reg        |   1|   0|    1|          0|
    |icmp_ln41_reg_581_pp0_iter11_reg        |   1|   0|    1|          0|
    |icmp_ln41_reg_581_pp0_iter12_reg        |   1|   0|    1|          0|
    |icmp_ln41_reg_581_pp0_iter13_reg        |   1|   0|    1|          0|
    |icmp_ln41_reg_581_pp0_iter14_reg        |   1|   0|    1|          0|
    |icmp_ln41_reg_581_pp0_iter15_reg        |   1|   0|    1|          0|
    |icmp_ln41_reg_581_pp0_iter16_reg        |   1|   0|    1|          0|
    |icmp_ln41_reg_581_pp0_iter1_reg         |   1|   0|    1|          0|
    |icmp_ln41_reg_581_pp0_iter2_reg         |   1|   0|    1|          0|
    |icmp_ln41_reg_581_pp0_iter3_reg         |   1|   0|    1|          0|
    |icmp_ln41_reg_581_pp0_iter4_reg         |   1|   0|    1|          0|
    |icmp_ln41_reg_581_pp0_iter5_reg         |   1|   0|    1|          0|
    |icmp_ln41_reg_581_pp0_iter6_reg         |   1|   0|    1|          0|
    |icmp_ln41_reg_581_pp0_iter7_reg         |   1|   0|    1|          0|
    |icmp_ln41_reg_581_pp0_iter8_reg         |   1|   0|    1|          0|
    |icmp_ln41_reg_581_pp0_iter9_reg         |   1|   0|    1|          0|
    |icmp_ln42_reg_585                       |   1|   0|    1|          0|
    |indvar_flatten11_fu_122                 |  13|   0|   13|          0|
    |indvar_flatten_fu_118                   |   6|   0|    6|          0|
    |reg_296                                 |  32|   0|   32|          0|
    |reg_301                                 |  32|   0|   32|          0|
    |reg_308                                 |  32|   0|   32|          0|
    |trunc_ln46_1_reg_597                    |  32|   0|   32|          0|
    |trunc_ln46_reg_592                      |  32|   0|   32|          0|
    |v23_reg_602                             |   1|   0|    1|          0|
    |v23_reg_602_pp0_iter10_reg              |   1|   0|    1|          0|
    |v23_reg_602_pp0_iter11_reg              |   1|   0|    1|          0|
    |v23_reg_602_pp0_iter12_reg              |   1|   0|    1|          0|
    |v23_reg_602_pp0_iter13_reg              |   1|   0|    1|          0|
    |v23_reg_602_pp0_iter14_reg              |   1|   0|    1|          0|
    |v23_reg_602_pp0_iter15_reg              |   1|   0|    1|          0|
    |v23_reg_602_pp0_iter16_reg              |   1|   0|    1|          0|
    |v23_reg_602_pp0_iter2_reg               |   1|   0|    1|          0|
    |v23_reg_602_pp0_iter3_reg               |   1|   0|    1|          0|
    |v23_reg_602_pp0_iter4_reg               |   1|   0|    1|          0|
    |v23_reg_602_pp0_iter5_reg               |   1|   0|    1|          0|
    |v23_reg_602_pp0_iter6_reg               |   1|   0|    1|          0|
    |v23_reg_602_pp0_iter7_reg               |   1|   0|    1|          0|
    |v23_reg_602_pp0_iter8_reg               |   1|   0|    1|          0|
    |v23_reg_602_pp0_iter9_reg               |   1|   0|    1|          0|
    |v24_reg_646                             |  32|   0|   32|          0|
    |v25_reg_651                             |  32|   0|   32|          0|
    |v29_reg_656                             |  32|   0|   32|          0|
    |v34_reg_671                             |  32|   0|   32|          0|
    |v38_reg_677                             |  32|   0|   32|          0|
    |v42_reg_683                             |  32|   0|   32|          0|
    |v45_reg_688                             |  32|   0|   32|          0|
    |v46_reg_703                             |  32|   0|   32|          0|
    |v49_reg_693                             |  32|   0|   32|          0|
    |v52_reg_698                             |  32|   0|   32|          0|
    |v53_reg_708                             |  32|   0|   32|          0|
    |v54_reg_611                             |  32|   0|   32|          0|
    |v54_reg_611_pp0_iter2_reg               |  32|   0|   32|          0|
    |v55_reg_616                             |  32|   0|   32|          0|
    |v55_reg_616_pp0_iter2_reg               |  32|   0|   32|          0|
    +----------------------------------------+----+----+-----+-----------+
    |Total                                   |1860|   0| 1860|          0|
    +----------------------------------------+----+----+-----+-----------+



================================================================
== Interface
================================================================
* Summary: 
+-------------+-----+-----+------------+------------------------------------------------------+--------------+
|  RTL Ports  | Dir | Bits|  Protocol  |                     Source Object                    |    C Type    |
+-------------+-----+-----+------------+------------------------------------------------------+--------------+
|ap_clk       |   in|    1|  ap_ctrl_hs|  delay3_r0_0_Pipeline_l_S__b_0__b_l_S_h_0_h_l_S_c_0_c|  return value|
|ap_rst       |   in|    1|  ap_ctrl_hs|  delay3_r0_0_Pipeline_l_S__b_0__b_l_S_h_0_h_l_S_c_0_c|  return value|
|ap_start     |   in|    1|  ap_ctrl_hs|  delay3_r0_0_Pipeline_l_S__b_0__b_l_S_h_0_h_l_S_c_0_c|  return value|
|ap_done      |  out|    1|  ap_ctrl_hs|  delay3_r0_0_Pipeline_l_S__b_0__b_l_S_h_0_h_l_S_c_0_c|  return value|
|ap_idle      |  out|    1|  ap_ctrl_hs|  delay3_r0_0_Pipeline_l_S__b_0__b_l_S_h_0_h_l_S_c_0_c|  return value|
|ap_ready     |  out|    1|  ap_ctrl_hs|  delay3_r0_0_Pipeline_l_S__b_0__b_l_S_h_0_h_l_S_c_0_c|  return value|
|v1_dout      |   in|   64|     ap_fifo|                                                    v1|       pointer|
|v1_empty_n   |   in|    1|     ap_fifo|                                                    v1|       pointer|
|v1_read      |  out|    1|     ap_fifo|                                                    v1|       pointer|
|v2_din       |  out|   64|     ap_fifo|                                                    v2|       pointer|
|v2_full_n    |   in|    1|     ap_fifo|                                                    v2|       pointer|
|v2_write     |  out|    1|     ap_fifo|                                                    v2|       pointer|
|br_address0  |  out|    3|   ap_memory|                                                    br|         array|
|br_ce0       |  out|    1|   ap_memory|                                                    br|         array|
|br_we0       |  out|    1|   ap_memory|                                                    br|         array|
|br_d0        |  out|   32|   ap_memory|                                                    br|         array|
|br_q0        |   in|   32|   ap_memory|                                                    br|         array|
|ai_address0  |  out|    3|   ap_memory|                                                    ai|         array|
|ai_ce0       |  out|    1|   ap_memory|                                                    ai|         array|
|ai_we0       |  out|    1|   ap_memory|                                                    ai|         array|
|ai_d0        |  out|   32|   ap_memory|                                                    ai|         array|
|ai_q0        |   in|   32|   ap_memory|                                                    ai|         array|
|bi_address0  |  out|    3|   ap_memory|                                                    bi|         array|
|bi_ce0       |  out|    1|   ap_memory|                                                    bi|         array|
|bi_we0       |  out|    1|   ap_memory|                                                    bi|         array|
|bi_d0        |  out|   32|   ap_memory|                                                    bi|         array|
|bi_q0        |   in|   32|   ap_memory|                                                    bi|         array|
|idxprom71    |   in|    4|     ap_none|                                             idxprom71|        scalar|
|ar_address0  |  out|    3|   ap_memory|                                                    ar|         array|
|ar_ce0       |  out|    1|   ap_memory|                                                    ar|         array|
|ar_we0       |  out|    1|   ap_memory|                                                    ar|         array|
|ar_d0        |  out|   32|   ap_memory|                                                    ar|         array|
|ar_q0        |   in|   32|   ap_memory|                                                    ar|         array|
+-------------+-----+-----+------------+------------------------------------------------------+--------------+

