

================================================================
== Vitis HLS Report for 'delay4_r0_0_Pipeline_VITIS_LOOP_38_4'
================================================================
* Date:           Fri Sep 11 20:57:55 2026

* Version:        2023.2 (Build 4023990 on Oct 11 2023)
* Project:        prj
* Solution:       sol (Vivado IP Flow Target)
* Product family: virtexuplusHBM
* Target device:  xcu280-fsvh2892-2L-e


================================================================
== Performance Estimates
================================================================
+ Timing: 
    * Summary: 
    +--------+---------+----------+------------+
    |  Clock |  Target | Estimated| Uncertainty|
    +--------+---------+----------+------------+
    |ap_clk  |  3.33 ns|  1.346 ns|     0.90 ns|
    +--------+---------+----------+------------+

+ Latency: 
    * Summary: 
    +---------+---------+-----------+-----------+-----+-----+---------+
    |  Latency (cycles) |   Latency (absolute)  |  Interval | Pipeline|
    |   min   |   max   |    min    |    max    | min | max |   Type  |
    +---------+---------+-----------+-----------+-----+-----+---------+
    |        6|        6|  19.980 ns|  19.980 ns|    6|    6|       no|
    +---------+---------+-----------+-----------+-----+-----+---------+

    + Detail: 
        * Instance: 
        N/A

        * Loop: 
        +-------------------+---------+---------+----------+-----------+-----------+------+----------+
        |                   |  Latency (cycles) | Iteration|  Initiation Interval  | Trip |          |
        |     Loop Name     |   min   |   max   |  Latency |  achieved |   target  | Count| Pipelined|
        +-------------------+---------+---------+----------+-----------+-----------+------+----------+
        |- VITIS_LOOP_38_4  |        4|        4|         1|          1|          1|     4|  yes(flp)|
        +-------------------+---------+---------+----------+-----------+-----------+------+----------+



================================================================
== Utilization Estimates
================================================================
* Summary: 
+---------------------+---------+------+---------+---------+-----+
|         Name        | BRAM_18K|  DSP |    FF   |   LUT   | URAM|
+---------------------+---------+------+---------+---------+-----+
|DSP                  |        -|     -|        -|        -|    -|
|Expression           |        -|     -|        0|       22|    -|
|FIFO                 |        -|     -|        -|        -|    -|
|Instance             |        -|     -|        -|        -|    -|
|Memory               |        -|     -|        -|        -|    -|
|Multiplexer          |        -|     -|        -|       27|    -|
|Register             |        -|     -|        5|        -|    -|
+---------------------+---------+------+---------+---------+-----+
|Total                |        0|     0|        5|       49|    0|
+---------------------+---------+------+---------+---------+-----+
|Available SLR        |     1344|  3008|   869120|   434560|  320|
+---------------------+---------+------+---------+---------+-----+
|Utilization SLR (%)  |        0|     0|       ~0|       ~0|    0|
+---------------------+---------+------+---------+---------+-----+
|Available            |     4032|  9024|  2607360|  1303680|  960|
+---------------------+---------+------+---------+---------+-----+
|Utilization (%)      |        0|     0|       ~0|       ~0|    0|
+---------------------+---------+------+---------+---------+-----+

+ Detail: 
    * Instance: 
    N/A

    * DSP: 
    N/A

    * Memory: 
    N/A

    * FIFO: 
    N/A

    * Expression: 
    +--------------------+----------+----+---+----+------------+------------+
    |    Variable Name   | Operation| DSP| FF| LUT| Bitwidth P0| Bitwidth P1|
    +--------------------+----------+----+---+----+------------+------------+
    |add_ln38_fu_104_p2  |         +|   0|  0|  10|           3|           1|
    |icmp_ln38_fu_98_p2  |      icmp|   0|  0|  12|           3|           4|
    +--------------------+----------+----+---+----+------------+------------+
    |Total               |          |   0|  0|  22|           6|           5|
    +--------------------+----------+----+---+----+------------+------------+

    * Multiplexer: 
    +------------------------+----+-----------+-----+-----------+
    |          Name          | LUT| Input Size| Bits| Total Bits|
    +------------------------+----+-----------+-----+-----------+
    |ap_done_int             |   9|          2|    1|          2|
    |ap_sig_allocacmp_v15_1  |   9|          2|    3|          6|
    |v15_fu_42               |   9|          2|    3|          6|
    +------------------------+----+-----------+-----+-----------+
    |Total                   |  27|          6|    7|         14|
    +------------------------+----+-----------+-----+-----------+

    * Register: 
    +-------------+---+----+-----+-----------+
    |     Name    | FF| LUT| Bits| Const Bits|
    +-------------+---+----+-----+-----------+
    |ap_CS_fsm    |  1|   0|    1|          0|
    |ap_done_reg  |  1|   0|    1|          0|
    |v15_fu_42    |  3|   0|    3|          0|
    +-------------+---+----+-----+-----------+
    |Total        |  5|   0|    5|          0|
    +-------------+---+----+-----+-----------+



================================================================
== Interface
================================================================
* Summary: 
+-------------------+-----+-----+------------+--------------------------------------+--------------+
|     RTL Ports     | Dir | Bits|  Protocol  |             Source Object            |    C Type    |
+-------------------+-----+-----+------------+--------------------------------------+--------------+
|ap_clk             |   in|    1|  ap_ctrl_hs|  delay4_r0_0_Pipeline_VITIS_LOOP_38_4|  return value|
|ap_rst             |   in|    1|  ap_ctrl_hs|  delay4_r0_0_Pipeline_VITIS_LOOP_38_4|  return value|
|ap_start           |   in|    1|  ap_ctrl_hs|  delay4_r0_0_Pipeline_VITIS_LOOP_38_4|  return value|
|ap_done            |  out|    1|  ap_ctrl_hs|  delay4_r0_0_Pipeline_VITIS_LOOP_38_4|  return value|
|ap_idle            |  out|    1|  ap_ctrl_hs|  delay4_r0_0_Pipeline_VITIS_LOOP_38_4|  return value|
|ap_ready           |  out|    1|  ap_ctrl_hs|  delay4_r0_0_Pipeline_VITIS_LOOP_38_4|  return value|
|bi_3_0_out         |  out|   32|      ap_vld|                            bi_3_0_out|       pointer|
|bi_3_0_out_ap_vld  |  out|    1|      ap_vld|                            bi_3_0_out|       pointer|
|bi_2_0_out         |  out|   32|      ap_vld|                            bi_2_0_out|       pointer|
|bi_2_0_out_ap_vld  |  out|    1|      ap_vld|                            bi_2_0_out|       pointer|
|bi_1_0_out         |  out|   32|      ap_vld|                            bi_1_0_out|       pointer|
|bi_1_0_out_ap_vld  |  out|    1|      ap_vld|                            bi_1_0_out|       pointer|
|bi_0_0_out         |  out|   32|      ap_vld|                            bi_0_0_out|       pointer|
|bi_0_0_out_ap_vld  |  out|    1|      ap_vld|                            bi_0_0_out|       pointer|
+-------------------+-----+-----+------------+--------------------------------------+--------------+

