

================================================================
== Vitis HLS Report for 'delay6_r0_0'
================================================================
* Date:           Fri Sep 11 20:57:54 2026

* Version:        2023.2 (Build 4023990 on Oct 11 2023)
* Project:        prj
* Solution:       sol (Vivado IP Flow Target)
* Product family: virtexuplusHBM
* Target device:  xcu280-fsvh2892-2L-e


================================================================
== Performance Estimates
================================================================
+ Timing: 
    * Summary: 
    +--------+---------+----------+------------+
    |  Clock |  Target | Estimated| Uncertainty|
    +--------+---------+----------+------------+
    |ap_clk  |  3.33 ns|  2.357 ns|     0.90 ns|
    +--------+---------+----------+------------+

+ Latency: 
    * Summary: 
    +---------+---------+-----------+-----------+------+------+---------+
    |  Latency (cycles) |   Latency (absolute)  |   Interval  | Pipeline|
    |   min   |   max   |    min    |    max    |  min |  max |   Type  |
    +---------+---------+-----------+-----------+------+------+---------+
    |     4370|     4370|  14.552 us|  14.552 us|  4371|  4371|       no|
    +---------+---------+-----------+-----------+------+------+---------+

    + Detail: 
        * Instance: 
        +----------------------------------------------------+------------------------------------------+---------+---------+-----------+-----------+------+------+---------+
        |                                                    |                                          |  Latency (cycles) |   Latency (absolute)  |   Interval  | Pipeline|
        |                      Instance                      |                  Module                  |   min   |   max   |    min    |    max    |  min |  max |   Type  |
        +----------------------------------------------------+------------------------------------------+---------+---------+-----------+-----------+------+------+---------+
        |grp_delay6_r0_0_Pipeline_l_S_b_0_b_l_S_h_0_h_fu_44  |delay6_r0_0_Pipeline_l_S_b_0_b_l_S_h_0_h  |     4368|     4368|  14.545 us|  14.545 us|  4368|  4368|       no|
        +----------------------------------------------------+------------------------------------------+---------+---------+-----------+-----------+------+------+---------+

        * Loop: 
        N/A



================================================================
== Utilization Estimates
================================================================
* Summary: 
+---------------------+---------+------+---------+---------+-----+
|         Name        | BRAM_18K|  DSP |    FF   |   LUT   | URAM|
+---------------------+---------+------+---------+---------+-----+
|DSP                  |        -|     -|        -|        -|    -|
|Expression           |        -|     -|        0|       62|    -|
|FIFO                 |        -|     -|        -|        -|    -|
|Instance             |        -|    12|     3145|     2926|    -|
|Memory               |        -|     -|        -|        -|    -|
|Multiplexer          |        -|     -|        -|       47|    -|
|Register             |        -|     -|       26|        -|    -|
+---------------------+---------+------+---------+---------+-----+
|Total                |        0|    12|     3171|     3035|    0|
+---------------------+---------+------+---------+---------+-----+
|Available SLR        |     1344|  3008|   869120|   434560|  320|
+---------------------+---------+------+---------+---------+-----+
|Utilization SLR (%)  |        0|    ~0|       ~0|       ~0|    0|
+---------------------+---------+------+---------+---------+-----+
|Available            |     4032|  9024|  2607360|  1303680|  960|
+---------------------+---------+------+---------+---------+-----+
|Utilization (%)      |        0|    ~0|       ~0|       ~0|    0|
+---------------------+---------+------+---------+---------+-----+

+ Detail: 
    * Instance: 
    +----------------------------------------------------+------------------------------------------+---------+----+------+------+-----+
    |                      Instance                      |                  Module                  | BRAM_18K| DSP|  FF  |  LUT | URAM|
    +----------------------------------------------------+------------------------------------------+---------+----+------+------+-----+
    |grp_delay6_r0_0_Pipeline_l_S_b_0_b_l_S_h_0_h_fu_44  |delay6_r0_0_Pipeline_l_S_b_0_b_l_S_h_0_h  |        0|  12|  3145|  2926|    0|
    +----------------------------------------------------+------------------------------------------+---------+----+------+------+-----+
    |Total                                               |                                          |        0|  12|  3145|  2926|    0|
    +----------------------------------------------------+------------------------------------------+---------+----+------+------+-----+

    * DSP: 
    N/A

    * Memory: 
    N/A

    * FIFO: 
    N/A

    * Expression: 
    +----------------------+----------+----+---+----+------------+------------+
    |     Variable Name    | Operation| DSP| FF| LUT| Bitwidth P0| Bitwidth P1|
    +----------------------+----------+----+---+----+------------+------------+
    |select_ln72_fu_58_p3  |    select|   0|  0|  30|           1|          30|
    |select_ln77_fu_66_p3  |    select|   0|  0|  32|           1|          32|
    +----------------------+----------+----+---+----+------------+------------+
    |Total                 |          |   0|  0|  62|           2|          62|
    +----------------------+----------+----+---+----+------------+------------+

    * Multiplexer: 
    +-----------+----+-----------+-----+-----------+
    |    Name   | LUT| Input Size| Bits| Total Bits|
    +-----------+----+-----------+-----+-----------+
    |ap_NS_fsm  |  20|          4|    1|          4|
    |v0_blk_n   |   9|          2|    1|          2|
    |v1_read    |   9|          2|    1|          2|
    |v2_write   |   9|          2|    1|          2|
    +-----------+----+-----------+-----+-----------+
    |Total      |  47|         10|    4|         10|
    +-----------+----+-----------+-----+-----------+

    * Register: 
    +-----------------------------------------------------------------+----+----+-----+-----------+
    |                               Name                              | FF | LUT| Bits| Const Bits|
    +-----------------------------------------------------------------+----+----+-----+-----------+
    |ap_CS_fsm                                                        |   3|   0|    3|          0|
    |empty_reg_74                                                     |   1|   0|    1|          0|
    |grp_delay6_r0_0_Pipeline_l_S_b_0_b_l_S_h_0_h_fu_44_ap_start_reg  |   1|   0|    1|          0|
    |select_ln72_reg_80                                               |  13|   0|   32|         19|
    |select_ln77_reg_85                                               |   8|   0|   32|         24|
    +-----------------------------------------------------------------+----+----+-----+-----------+
    |Total                                                            |  26|   0|   69|         43|
    +-----------------------------------------------------------------+----+----+-----+-----------+



================================================================
== Interface
================================================================
* Summary: 
+------------+-----+-----+--------------+--------------+--------------+
|  RTL Ports | Dir | Bits|   Protocol   | Source Object|    C Type    |
+------------+-----+-----+--------------+--------------+--------------+
|ap_clk      |   in|    1|  ap_ctrl_none|   delay6_r0_0|  return value|
|ap_rst      |   in|    1|  ap_ctrl_none|   delay6_r0_0|  return value|
|v0_dout     |   in|   32|       ap_fifo|            v0|       pointer|
|v0_empty_n  |   in|    1|       ap_fifo|            v0|       pointer|
|v0_read     |  out|    1|       ap_fifo|            v0|       pointer|
|v1_dout     |   in|   64|       ap_fifo|            v1|       pointer|
|v1_empty_n  |   in|    1|       ap_fifo|            v1|       pointer|
|v1_read     |  out|    1|       ap_fifo|            v1|       pointer|
|v2_din      |  out|   64|       ap_fifo|            v2|       pointer|
|v2_full_n   |   in|    1|       ap_fifo|            v2|       pointer|
|v2_write    |  out|    1|       ap_fifo|            v2|       pointer|
+------------+-----+-----+--------------+--------------+--------------+

