#-----------------------------------------------------------
# xsim v2023.2 (64-bit)
# SW Build 4029153 on Fri Oct 13 20:13:54 MDT 2023
# IP Build 4028589 on Sat Oct 14 00:45:43 MDT 2023
# SharedData Build 4025554 on Tue Oct 10 17:18:54 MDT 2023
# Start of session at: Tue Sep  8 02:11:55 2026
# Process ID: 1896410
# Current directory: /scratch/hc676/agentstudy/steady/moonshotai_kimi-k3__hls/sim
# Command line: xsim -mode tcl -source {xsim.dir/tbsim/xsim_script.tcl}
# Log file: /scratch/hc676/agentstudy/steady/moonshotai_kimi-k3__hls/sim/xsim.log
# Journal file: /scratch/hc676/agentstudy/steady/moonshotai_kimi-k3__hls/sim/xsim.jou
# Running On: brg-zhang-xcel.ece.cornell.edu, OS: Linux, CPU Frequency: 3200.000 MHz, CPU Physical cores: 22, Host memory: 235732 MB
#-----------------------------------------------------------
source xsim.dir/tbsim/xsim_script.tcl
# xsim {tbsim} -testplusarg vecdir=/scratch/hc676/agentstudy/task/vectors/steady -autoloadwcfg -runall
Time resolution is 1 ps
run -all
STUDY VALUES 768 checked, 0 wrong
STUDY PRODUCT 0 first_in 3 last_out 77 latency 74
STUDY PRODUCT 1 first_in 35 last_out 109 latency 74
STUDY PRODUCT 2 first_in 67 last_out 141 latency 74
STUDY PRODUCT 3 first_in 99 last_out 173 latency 74
STUDY PRODUCT 4 first_in 131 last_out 205 latency 74
STUDY PRODUCT 5 first_in 163 last_out 237 latency 74
STUDY PRODUCT 6 first_in 195 last_out 269 latency 74
STUDY PRODUCT 7 first_in 227 last_out 301 latency 74
STUDY PRODUCT 8 first_in 259 last_out 333 latency 74
STUDY PRODUCT 9 first_in 291 last_out 365 latency 74
STUDY PRODUCT 10 first_in 323 last_out 397 latency 74
STUDY PRODUCT 11 first_in 355 last_out 429 latency 74
STUDY INTERVAL 1 32
STUDY INTERVAL 2 32
STUDY INTERVAL 3 32
STUDY INTERVAL 4 32
STUDY INTERVAL 5 32
STUDY INTERVAL 6 32
STUDY INTERVAL 7 32
STUDY INTERVAL 8 32
STUDY INTERVAL 9 32
STUDY INTERVAL 10 32
STUDY INTERVAL 11 32
STUDY RESULT CORRECT
$finish called at time : 1742 ns : File "/scratch/hc676/agentstudy/steady/moonshotai_kimi-k3__hls/sim/tb_study.sv" Line 123
exit
INFO: [Common 17-206] Exiting xsim at Tue Sep  8 02:11:59 2026...
