Copyright 1986-2022 Xilinx, Inc. All Rights Reserved. Copyright 2022-2023 Advanced Micro Devices, Inc. All Rights Reserved.
--------------------------------------------------------------------------------------------------------------------------------------------------
| Tool Version      : Vivado v.2023.2 (lin64) Build 4029153 Fri Oct 13 20:13:54 MDT 2023
| Date              : Sat Sep 12 18:59:12 2026
| Host              : brg-zhang-xcel.ece.cornell.edu running 64-bit Red Hat Enterprise Linux 9.8 (Plow)
| Command           : report_timing_summary -file /scratch/hc676/feather_loader/pnr/rowload_N4/timing.rpt
| Design            : feather_top
| Device            : xcu280-fsvh2892
| Speed File        : -2L  PRODUCTION 1.30 05-01-2022
| Design State      : Routed
| Temperature Grade : E
--------------------------------------------------------------------------------------------------------------------------------------------------

Timing Summary Report

------------------------------------------------------------------------------------------------
| Timer Settings
| --------------
------------------------------------------------------------------------------------------------

  Enable Multi Corner Analysis               :  Yes
  Enable Pessimism Removal                   :  Yes
  Pessimism Removal Resolution               :  Nearest Common Node
  Enable Input Delay Default Clock           :  No
  Enable Preset / Clear Arcs                 :  No
  Disable Flight Delays                      :  No
  Ignore I/O Paths                           :  No
  Timing Early Launch at Borrowing Latches   :  No
  Borrow Time for Max Delay Exceptions       :  Yes
  Merge Timing Exceptions                    :  Yes
  Inter-SLR Compensation                     :  Conservative

  Corner  Analyze    Analyze    
  Name    Max Paths  Min Paths  
  ------  ---------  ---------  
  Slow    Yes        Yes        
  Fast    Yes        Yes        


------------------------------------------------------------------------------------------------
| Report Methodology
| ------------------
------------------------------------------------------------------------------------------------

No report available as report_methodology has not been run prior. Run report_methodology on the current design for the summary of methodology violations.



check_timing report

Table of Contents
-----------------
1. checking no_clock (0)
2. checking constant_clock (0)
3. checking pulse_width_clock (0)
4. checking unconstrained_internal_endpoints (0)
5. checking no_input_delay (158)
6. checking no_output_delay (36)
7. checking multiple_clock (0)
8. checking generated_clocks (0)
9. checking loops (0)
10. checking partial_input_delay (0)
11. checking partial_output_delay (0)
12. checking latch_loops (0)

1. checking no_clock (0)
------------------------
 There are 0 register/latch pins with no clock.


2. checking constant_clock (0)
------------------------------
 There are 0 register/latch pins with constant_clock.


3. checking pulse_width_clock (0)
---------------------------------
 There are 0 register/latch pins which need pulse_width check


4. checking unconstrained_internal_endpoints (0)
------------------------------------------------
 There are 0 pins that are not constrained for maximum delay.

 There are 0 pins that are not constrained for maximum delay due to constant clock.


5. checking no_input_delay (158)
--------------------------------
 There are 158 input ports with no input delay specified. (HIGH)

 There are 0 input ports with no input delay but user has a false path constraint.


6. checking no_output_delay (36)
--------------------------------
 There are 36 ports with no output delay specified. (HIGH)

 There are 0 ports with no output delay but user has a false path constraint

 There are 0 ports with no output delay but with a timing clock defined on it or propagating through it


7. checking multiple_clock (0)
------------------------------
 There are 0 register/latch pins with multiple clocks.


8. checking generated_clocks (0)
--------------------------------
 There are 0 generated clocks that are not connected to a clock source.


9. checking loops (0)
---------------------
 There are 0 combinational loops in the design.


10. checking partial_input_delay (0)
------------------------------------
 There are 0 input ports with partial input delay specified.


11. checking partial_output_delay (0)
-------------------------------------
 There are 0 ports with partial output delay specified.


12. checking latch_loops (0)
----------------------------
 There are 0 combinational latch loops in the design through latch input



------------------------------------------------------------------------------------------------
| Design Timing Summary
| ---------------------
------------------------------------------------------------------------------------------------

    WNS(ns)      TNS(ns)  TNS Failing Endpoints  TNS Total Endpoints      WHS(ns)      THS(ns)  THS Failing Endpoints  THS Total Endpoints     WPWS(ns)     TPWS(ns)  TPWS Failing Endpoints  TPWS Total Endpoints  
    -------      -------  ---------------------  -------------------      -------      -------  ---------------------  -------------------     --------     --------  ----------------------  --------------------  
      1.074        0.000                      0                 5611        0.023        0.000                      0                 5611        1.134        0.000                       0                  3382  


All user specified timing constraints are met.


------------------------------------------------------------------------------------------------
| Clock Summary
| -------------
------------------------------------------------------------------------------------------------

Clock  Waveform(ns)         Period(ns)      Frequency(MHz)
-----  ------------         ----------      --------------
clk    {0.000 1.666}        3.333           300.030         


------------------------------------------------------------------------------------------------
| Intra Clock Table
| -----------------
------------------------------------------------------------------------------------------------

Clock             WNS(ns)      TNS(ns)  TNS Failing Endpoints  TNS Total Endpoints      WHS(ns)      THS(ns)  THS Failing Endpoints  THS Total Endpoints     WPWS(ns)     TPWS(ns)  TPWS Failing Endpoints  TPWS Total Endpoints  
-----             -------      -------  ---------------------  -------------------      -------      -------  ---------------------  -------------------     --------     --------  ----------------------  --------------------  
clk                 1.074        0.000                      0                 5611        0.023        0.000                      0                 5611        1.134        0.000                       0                  3382  


------------------------------------------------------------------------------------------------
| Inter Clock Table
| -----------------
------------------------------------------------------------------------------------------------

From Clock    To Clock          WNS(ns)      TNS(ns)  TNS Failing Endpoints  TNS Total Endpoints      WHS(ns)      THS(ns)  THS Failing Endpoints  THS Total Endpoints  
----------    --------          -------      -------  ---------------------  -------------------      -------      -------  ---------------------  -------------------  


------------------------------------------------------------------------------------------------
| Other Path Groups Table
| -----------------------
------------------------------------------------------------------------------------------------

Path Group    From Clock    To Clock          WNS(ns)      TNS(ns)  TNS Failing Endpoints  TNS Total Endpoints      WHS(ns)      THS(ns)  THS Failing Endpoints  THS Total Endpoints  
----------    ----------    --------          -------      -------  ---------------------  -------------------      -------      -------  ---------------------  -------------------  


------------------------------------------------------------------------------------------------
| Timing Details
| --------------
------------------------------------------------------------------------------------------------


---------------------------------------------------------------------------------------------------
From Clock:  clk
  To Clock:  clk

Setup :            0  Failing Endpoints,  Worst Slack        1.074ns,  Total Violation        0.000ns
Hold  :            0  Failing Endpoints,  Worst Slack        0.023ns,  Total Violation        0.000ns
PW    :            0  Failing Endpoints,  Worst Slack        1.134ns,  Total Violation        0.000ns
---------------------------------------------------------------------------------------------------


Max Delay Paths
--------------------------------------------------------------------------------------
Slack (MET) :             1.074ns  (required time - arrival time)
  Source:                 feather_GENVAR_DPE_INST_COL_ITER[3].feather_GENVAR_DPE_INST_ROW_ITER[3].feather_PE_OTHER_ROWS/r_i_weights_zp_reg[1]/C
                            (rising edge-triggered cell FDCE clocked by clk  {rise@0.000ns fall@1.666ns period=3.333ns})
  Destination:            feather_GENVAR_DPE_INST_COL_ITER[3].feather_GENVAR_DPE_INST_ROW_ITER[2].feather_PE_OTHER_ROWS/r_weights_sub_zp_reg[7]/D
                            (rising edge-triggered cell FDCE clocked by clk  {rise@0.000ns fall@1.666ns period=3.333ns})
  Path Group:             clk
  Path Type:              Setup (Max at Slow Process Corner)
  Requirement:            3.333ns  (clk rise@3.333ns - clk rise@0.000ns)
  Data Path Delay:        2.239ns  (logic 0.437ns (19.513%)  route 1.802ns (80.487%))
  Logic Levels:           2  (CARRY8=1 LUT4=1)
  Clock Path Skew:        -0.009ns (DCD - SCD + CPR)
    Destination Clock Delay (DCD):    0.020ns = ( 3.353 - 3.333 ) 
    Source Clock Delay      (SCD):    0.029ns
    Clock Pessimism Removal (CPR):    0.000ns
  Clock Uncertainty:      0.035ns  ((TSJ^2 + TIJ^2)^1/2 + DJ) / 2 + PE
    Total System Jitter     (TSJ):    0.071ns
    Total Input Jitter      (TIJ):    0.000ns
    Discrete Jitter          (DJ):    0.000ns
    Phase Error              (PE):    0.000ns

    Location             Delay type                Incr(ns)  Path(ns)    Netlist Resource(s)
  -------------------------------------------------------------------    -------------------
                         (clock clk rise edge)        0.000     0.000 r  
                                                      0.000     0.000 r  clk (IN)
                         net (fo=3381, unset)         0.029     0.029    feather_GENVAR_DPE_INST_COL_ITER[3].feather_GENVAR_DPE_INST_ROW_ITER[3].feather_PE_OTHER_ROWS/clk
    SLICE_X165Y685       FDCE                                         r  feather_GENVAR_DPE_INST_COL_ITER[3].feather_GENVAR_DPE_INST_ROW_ITER[3].feather_PE_OTHER_ROWS/r_i_weights_zp_reg[1]/C
  -------------------------------------------------------------------    -------------------
    SLICE_X165Y685       FDCE (Prop_HFF_SLICEL_C_Q)
                                                      0.079     0.108 r  feather_GENVAR_DPE_INST_COL_ITER[3].feather_GENVAR_DPE_INST_ROW_ITER[3].feather_PE_OTHER_ROWS/r_i_weights_zp_reg[1]/Q
                         net (fo=16, routed)          1.767     1.875    feather_GENVAR_DPE_INST_COL_ITER[3].feather_GENVAR_DPE_INST_ROW_ITER[2].feather_PE_OTHER_ROWS/r_i_weights_zp[1]
    SLICE_X159Y698       LUT4 (Prop_B6LUT_SLICEL_I3_O)
                                                      0.124     1.999 r  feather_GENVAR_DPE_INST_COL_ITER[3].feather_GENVAR_DPE_INST_ROW_ITER[2].feather_PE_OTHER_ROWS/r_weights_sub_zp[7]_i_15__13/O
                         net (fo=1, routed)           0.009     2.008    feather_GENVAR_DPE_INST_COL_ITER[3].feather_GENVAR_DPE_INST_ROW_ITER[2].feather_PE_OTHER_ROWS/r_weights_sub_zp[7]_i_15__13_n_0
    SLICE_X159Y698       CARRY8 (Prop_CARRY8_SLICEL_S[1]_O[7])
                                                      0.234     2.242 r  feather_GENVAR_DPE_INST_COL_ITER[3].feather_GENVAR_DPE_INST_ROW_ITER[2].feather_PE_OTHER_ROWS/r_weights_sub_zp_reg[7]_i_1__13/O[7]
                         net (fo=1, routed)           0.026     2.268    feather_GENVAR_DPE_INST_COL_ITER[3].feather_GENVAR_DPE_INST_ROW_ITER[2].feather_PE_OTHER_ROWS/w_weights_sub_zp[7]
    SLICE_X159Y698       FDCE                                         r  feather_GENVAR_DPE_INST_COL_ITER[3].feather_GENVAR_DPE_INST_ROW_ITER[2].feather_PE_OTHER_ROWS/r_weights_sub_zp_reg[7]/D
  -------------------------------------------------------------------    -------------------

                         (clock clk rise edge)        3.333     3.333 r  
                                                      0.000     3.333 r  clk (IN)
                         net (fo=3381, unset)         0.020     3.353    feather_GENVAR_DPE_INST_COL_ITER[3].feather_GENVAR_DPE_INST_ROW_ITER[2].feather_PE_OTHER_ROWS/clk
    SLICE_X159Y698       FDCE                                         r  feather_GENVAR_DPE_INST_COL_ITER[3].feather_GENVAR_DPE_INST_ROW_ITER[2].feather_PE_OTHER_ROWS/r_weights_sub_zp_reg[7]/C
                         clock pessimism              0.000     3.353    
                         clock uncertainty           -0.035     3.318    
    SLICE_X159Y698       FDCE (Setup_HFF_SLICEL_C_D)
                                                      0.025     3.343    feather_GENVAR_DPE_INST_COL_ITER[3].feather_GENVAR_DPE_INST_ROW_ITER[2].feather_PE_OTHER_ROWS/r_weights_sub_zp_reg[7]
  -------------------------------------------------------------------
                         required time                          3.343    
                         arrival time                          -2.268    
  -------------------------------------------------------------------
                         slack                                  1.074    





Min Delay Paths
--------------------------------------------------------------------------------------
Slack (MET) :             0.023ns  (arrival time - required time)
  Source:                 feather_GENVAR_DPE_INST_COL_ITER[0].feather_GENVAR_DPE_INST_ROW_ITER[0].feather_PE_OTHER_ROWS/r_sum_reg[2]/C
                            (rising edge-triggered cell FDCE clocked by clk  {rise@0.000ns fall@1.666ns period=3.333ns})
  Destination:            feather_GENVAR_DPE_INST_COL_ITER[0].feather_GENVAR_DPE_INST_ROW_ITER[0].feather_PE_OTHER_ROWS/r_out_data_reg[2]/D
                            (rising edge-triggered cell FDCE clocked by clk  {rise@0.000ns fall@1.666ns period=3.333ns})
  Path Group:             clk
  Path Type:              Hold (Min at Fast Process Corner)
  Requirement:            0.000ns  (clk rise@0.000ns - clk rise@0.000ns)
  Data Path Delay:        0.076ns  (logic 0.038ns (50.000%)  route 0.038ns (50.000%))
  Logic Levels:           0  
  Clock Path Skew:        0.006ns (DCD - SCD - CPR)
    Destination Clock Delay (DCD):    0.019ns
    Source Clock Delay      (SCD):    0.013ns
    Clock Pessimism Removal (CPR):    -0.000ns

    Location             Delay type                Incr(ns)  Path(ns)    Netlist Resource(s)
  -------------------------------------------------------------------    -------------------
                         (clock clk rise edge)        0.000     0.000 r  
                                                      0.000     0.000 r  clk (IN)
                         net (fo=3381, unset)         0.013     0.013    feather_GENVAR_DPE_INST_COL_ITER[0].feather_GENVAR_DPE_INST_ROW_ITER[0].feather_PE_OTHER_ROWS/clk
    SLICE_X166Y697       FDCE                                         r  feather_GENVAR_DPE_INST_COL_ITER[0].feather_GENVAR_DPE_INST_ROW_ITER[0].feather_PE_OTHER_ROWS/r_sum_reg[2]/C
  -------------------------------------------------------------------    -------------------
    SLICE_X166Y697       FDCE (Prop_CFF_SLICEM_C_Q)
                                                      0.038     0.051 r  feather_GENVAR_DPE_INST_COL_ITER[0].feather_GENVAR_DPE_INST_ROW_ITER[0].feather_PE_OTHER_ROWS/r_sum_reg[2]/Q
                         net (fo=2, routed)           0.038     0.089    feather_GENVAR_DPE_INST_COL_ITER[0].feather_GENVAR_DPE_INST_ROW_ITER[0].feather_PE_OTHER_ROWS/r_sum[2]
    SLICE_X166Y696       FDCE                                         r  feather_GENVAR_DPE_INST_COL_ITER[0].feather_GENVAR_DPE_INST_ROW_ITER[0].feather_PE_OTHER_ROWS/r_out_data_reg[2]/D
  -------------------------------------------------------------------    -------------------

                         (clock clk rise edge)        0.000     0.000 r  
                                                      0.000     0.000 r  clk (IN)
                         net (fo=3381, unset)         0.019     0.019    feather_GENVAR_DPE_INST_COL_ITER[0].feather_GENVAR_DPE_INST_ROW_ITER[0].feather_PE_OTHER_ROWS/clk
    SLICE_X166Y696       FDCE                                         r  feather_GENVAR_DPE_INST_COL_ITER[0].feather_GENVAR_DPE_INST_ROW_ITER[0].feather_PE_OTHER_ROWS/r_out_data_reg[2]/C
                         clock pessimism              0.000     0.019    
    SLICE_X166Y696       FDCE (Hold_HFF2_SLICEM_C_D)
                                                      0.047     0.066    feather_GENVAR_DPE_INST_COL_ITER[0].feather_GENVAR_DPE_INST_ROW_ITER[0].feather_PE_OTHER_ROWS/r_out_data_reg[2]
  -------------------------------------------------------------------
                         required time                         -0.066    
                         arrival time                           0.089    
  -------------------------------------------------------------------
                         slack                                  0.023    





Pulse Width Checks
--------------------------------------------------------------------------------------
Clock Name:         clk
Waveform(ns):       { 0.000 1.666 }
Period(ns):         3.333
Sources:            { clk }

Check Type        Corner  Lib Pin     Reference Pin  Required(ns)  Actual(ns)  Slack(ns)  Location        Pin
Min Period        n/a     SRL16E/CLK  n/a            1.064         3.333       2.269      SLICE_X171Y716  birrd_INST/stage_id[0].sw_id[0].egg/o_cmd_inner_reg[0]_srl2_birrd_INST_stage_id_c/CLK
Low Pulse Width   Slow    SRL16E/CLK  n/a            0.532         1.667       1.135      SLICE_X171Y716  birrd_INST/stage_id[0].sw_id[0].egg/o_cmd_inner_reg[0]_srl2_birrd_INST_stage_id_c/CLK
High Pulse Width  Slow    SRL16E/CLK  n/a            0.532         1.666       1.134      SLICE_X171Y716  birrd_INST/stage_id[0].sw_id[0].egg/o_cmd_inner_reg[0]_srl2_birrd_INST_stage_id_c/CLK



