Copyright 1986-2022 Xilinx, Inc. All Rights Reserved. Copyright 2022-2023 Advanced Micro Devices, Inc. All Rights Reserved.
--------------------------------------------------------------------------------------------------------------------------------------------------
| Tool Version      : Vivado v.2023.2 (lin64) Build 4029153 Fri Oct 13 20:13:54 MDT 2023
| Date              : Sun Sep  6 21:12:32 2026
| Host              : brg-zhang-xcel.ece.cornell.edu running 64-bit Red Hat Enterprise Linux 9.8 (Plow)
| Command           : report_timing_summary -file /scratch/hc676/e4_pnr/fixed_4/timing.rpt
| Design            : feather_top
| Device            : xcu280-fsvh2892
| Speed File        : -2L  PRODUCTION 1.30 05-01-2022
| Design State      : Routed
| Temperature Grade : E
--------------------------------------------------------------------------------------------------------------------------------------------------

Timing Summary Report

------------------------------------------------------------------------------------------------
| Timer Settings
| --------------
------------------------------------------------------------------------------------------------

  Enable Multi Corner Analysis               :  Yes
  Enable Pessimism Removal                   :  Yes
  Pessimism Removal Resolution               :  Nearest Common Node
  Enable Input Delay Default Clock           :  No
  Enable Preset / Clear Arcs                 :  No
  Disable Flight Delays                      :  No
  Ignore I/O Paths                           :  No
  Timing Early Launch at Borrowing Latches   :  No
  Borrow Time for Max Delay Exceptions       :  Yes
  Merge Timing Exceptions                    :  Yes
  Inter-SLR Compensation                     :  Conservative

  Corner  Analyze    Analyze    
  Name    Max Paths  Min Paths  
  ------  ---------  ---------  
  Slow    Yes        Yes        
  Fast    Yes        Yes        


------------------------------------------------------------------------------------------------
| Report Methodology
| ------------------
------------------------------------------------------------------------------------------------

No report available as report_methodology has not been run prior. Run report_methodology on the current design for the summary of methodology violations.



check_timing report

Table of Contents
-----------------
1. checking no_clock (0)
2. checking constant_clock (0)
3. checking pulse_width_clock (0)
4. checking unconstrained_internal_endpoints (0)
5. checking no_input_delay (158)
6. checking no_output_delay (36)
7. checking multiple_clock (0)
8. checking generated_clocks (0)
9. checking loops (0)
10. checking partial_input_delay (0)
11. checking partial_output_delay (0)
12. checking latch_loops (0)

1. checking no_clock (0)
------------------------
 There are 0 register/latch pins with no clock.


2. checking constant_clock (0)
------------------------------
 There are 0 register/latch pins with constant_clock.


3. checking pulse_width_clock (0)
---------------------------------
 There are 0 register/latch pins which need pulse_width check


4. checking unconstrained_internal_endpoints (0)
------------------------------------------------
 There are 0 pins that are not constrained for maximum delay.

 There are 0 pins that are not constrained for maximum delay due to constant clock.


5. checking no_input_delay (158)
--------------------------------
 There are 158 input ports with no input delay specified. (HIGH)

 There are 0 input ports with no input delay but user has a false path constraint.


6. checking no_output_delay (36)
--------------------------------
 There are 36 ports with no output delay specified. (HIGH)

 There are 0 ports with no output delay but user has a false path constraint

 There are 0 ports with no output delay but with a timing clock defined on it or propagating through it


7. checking multiple_clock (0)
------------------------------
 There are 0 register/latch pins with multiple clocks.


8. checking generated_clocks (0)
--------------------------------
 There are 0 generated clocks that are not connected to a clock source.


9. checking loops (0)
---------------------
 There are 0 combinational loops in the design.


10. checking partial_input_delay (0)
------------------------------------
 There are 0 input ports with partial input delay specified.


11. checking partial_output_delay (0)
-------------------------------------
 There are 0 ports with partial output delay specified.


12. checking latch_loops (0)
----------------------------
 There are 0 combinational latch loops in the design through latch input



------------------------------------------------------------------------------------------------
| Design Timing Summary
| ---------------------
------------------------------------------------------------------------------------------------

    WNS(ns)      TNS(ns)  TNS Failing Endpoints  TNS Total Endpoints      WHS(ns)      THS(ns)  THS Failing Endpoints  THS Total Endpoints     WPWS(ns)     TPWS(ns)  TPWS Failing Endpoints  TPWS Total Endpoints  
    -------      -------  ---------------------  -------------------      -------      -------  ---------------------  -------------------     --------     --------  ----------------------  --------------------  
      1.174        0.000                      0                 5611        0.042        0.000                      0                 5611        1.134        0.000                       0                  3382  


All user specified timing constraints are met.


------------------------------------------------------------------------------------------------
| Clock Summary
| -------------
------------------------------------------------------------------------------------------------

Clock  Waveform(ns)         Period(ns)      Frequency(MHz)
-----  ------------         ----------      --------------
clk    {0.000 1.666}        3.333           300.030         


------------------------------------------------------------------------------------------------
| Intra Clock Table
| -----------------
------------------------------------------------------------------------------------------------

Clock             WNS(ns)      TNS(ns)  TNS Failing Endpoints  TNS Total Endpoints      WHS(ns)      THS(ns)  THS Failing Endpoints  THS Total Endpoints     WPWS(ns)     TPWS(ns)  TPWS Failing Endpoints  TPWS Total Endpoints  
-----             -------      -------  ---------------------  -------------------      -------      -------  ---------------------  -------------------     --------     --------  ----------------------  --------------------  
clk                 1.174        0.000                      0                 5611        0.042        0.000                      0                 5611        1.134        0.000                       0                  3382  


------------------------------------------------------------------------------------------------
| Inter Clock Table
| -----------------
------------------------------------------------------------------------------------------------

From Clock    To Clock          WNS(ns)      TNS(ns)  TNS Failing Endpoints  TNS Total Endpoints      WHS(ns)      THS(ns)  THS Failing Endpoints  THS Total Endpoints  
----------    --------          -------      -------  ---------------------  -------------------      -------      -------  ---------------------  -------------------  


------------------------------------------------------------------------------------------------
| Other Path Groups Table
| -----------------------
------------------------------------------------------------------------------------------------

Path Group    From Clock    To Clock          WNS(ns)      TNS(ns)  TNS Failing Endpoints  TNS Total Endpoints      WHS(ns)      THS(ns)  THS Failing Endpoints  THS Total Endpoints  
----------    ----------    --------          -------      -------  ---------------------  -------------------      -------      -------  ---------------------  -------------------  


------------------------------------------------------------------------------------------------
| Timing Details
| --------------
------------------------------------------------------------------------------------------------


---------------------------------------------------------------------------------------------------
From Clock:  clk
  To Clock:  clk

Setup :            0  Failing Endpoints,  Worst Slack        1.174ns,  Total Violation        0.000ns
Hold  :            0  Failing Endpoints,  Worst Slack        0.042ns,  Total Violation        0.000ns
PW    :            0  Failing Endpoints,  Worst Slack        1.134ns,  Total Violation        0.000ns
---------------------------------------------------------------------------------------------------


Max Delay Paths
--------------------------------------------------------------------------------------
Slack (MET) :             1.174ns  (required time - arrival time)
  Source:                 feather_CONTROLLER_INST/r_weights_buf_ping_pong_state_reg[3]/C
                            (rising edge-triggered cell FDCE clocked by clk  {rise@0.000ns fall@1.666ns period=3.333ns})
  Destination:            WEIGHTS_PING_BUFFER/SP_SRAM_BANKS[0].sram_bank_sp_inst/r_sram_bank_reg[0][11]/CE
                            (rising edge-triggered cell FDCE clocked by clk  {rise@0.000ns fall@1.666ns period=3.333ns})
  Path Group:             clk
  Path Type:              Setup (Max at Slow Process Corner)
  Requirement:            3.333ns  (clk rise@3.333ns - clk rise@0.000ns)
  Data Path Delay:        2.054ns  (logic 0.473ns (23.026%)  route 1.581ns (76.974%))
  Logic Levels:           4  (LUT2=2 LUT6=2)
  Clock Path Skew:        -0.009ns (DCD - SCD + CPR)
    Destination Clock Delay (DCD):    0.020ns = ( 3.353 - 3.333 ) 
    Source Clock Delay      (SCD):    0.029ns
    Clock Pessimism Removal (CPR):    0.000ns
  Clock Uncertainty:      0.035ns  ((TSJ^2 + TIJ^2)^1/2 + DJ) / 2 + PE
    Total System Jitter     (TSJ):    0.071ns
    Total Input Jitter      (TIJ):    0.000ns
    Discrete Jitter          (DJ):    0.000ns
    Phase Error              (PE):    0.000ns

    Location             Delay type                Incr(ns)  Path(ns)    Netlist Resource(s)
  -------------------------------------------------------------------    -------------------
                         (clock clk rise edge)        0.000     0.000 r  
                                                      0.000     0.000 r  clk (IN)
                         net (fo=3381, unset)         0.029     0.029    feather_CONTROLLER_INST/clk
    SLICE_X174Y655       FDCE                                         r  feather_CONTROLLER_INST/r_weights_buf_ping_pong_state_reg[3]/C
  -------------------------------------------------------------------    -------------------
    SLICE_X174Y655       FDCE (Prop_FFF2_SLICEL_C_Q)
                                                      0.081     0.110 r  feather_CONTROLLER_INST/r_weights_buf_ping_pong_state_reg[3]/Q
                         net (fo=119, routed)         0.269     0.379    feather_CONTROLLER_INST/r_weights_buf_ping_pong_state_reg_n_0_[3]
    SLICE_X174Y655       LUT2 (Prop_D5LUT_SLICEL_I0_O)
                                                      0.110     0.489 f  feather_CONTROLLER_INST/r_o_rd_data[31]_i_5__0/O
                         net (fo=5, routed)           0.180     0.669    feather_CONTROLLER_INST/r_o_rd_data[31]_i_5__0_n_0
    SLICE_X174Y655       LUT6 (Prop_F6LUT_SLICEL_I4_O)
                                                      0.049     0.718 f  feather_CONTROLLER_INST/r_o_rd_data[31]_i_3/O
                         net (fo=36, routed)          0.529     1.247    feather_CONTROLLER_INST/w_i_addr[0]_0[1]
    SLICE_X176Y661       LUT2 (Prop_B5LUT_SLICEM_I1_O)
                                                      0.143     1.390 r  feather_CONTROLLER_INST/r_sram_bank[0][31]_i_2/O
                         net (fo=1, routed)           0.198     1.588    feather_CONTROLLER_INST/r_sram_bank[0][31]_i_2_n_0
    SLICE_X176Y661       LUT6 (Prop_H6LUT_SLICEM_I5_O)
                                                      0.090     1.678 r  feather_CONTROLLER_INST/r_sram_bank[0][31]_i_1/O
                         net (fo=32, routed)          0.405     2.083    WEIGHTS_PING_BUFFER/SP_SRAM_BANKS[0].sram_bank_sp_inst/r_sram_bank_reg[0][0]_0[0]
    SLICE_X172Y660       FDCE                                         r  WEIGHTS_PING_BUFFER/SP_SRAM_BANKS[0].sram_bank_sp_inst/r_sram_bank_reg[0][11]/CE
  -------------------------------------------------------------------    -------------------

                         (clock clk rise edge)        3.333     3.333 r  
                                                      0.000     3.333 r  clk (IN)
                         net (fo=3381, unset)         0.020     3.353    WEIGHTS_PING_BUFFER/SP_SRAM_BANKS[0].sram_bank_sp_inst/clk
    SLICE_X172Y660       FDCE                                         r  WEIGHTS_PING_BUFFER/SP_SRAM_BANKS[0].sram_bank_sp_inst/r_sram_bank_reg[0][11]/C
                         clock pessimism              0.000     3.353    
                         clock uncertainty           -0.035     3.318    
    SLICE_X172Y660       FDCE (Setup_HFF_SLICEL_C_CE)
                                                     -0.060     3.258    WEIGHTS_PING_BUFFER/SP_SRAM_BANKS[0].sram_bank_sp_inst/r_sram_bank_reg[0][11]
  -------------------------------------------------------------------
                         required time                          3.258    
                         arrival time                          -2.083    
  -------------------------------------------------------------------
                         slack                                  1.174    





Min Delay Paths
--------------------------------------------------------------------------------------
Slack (MET) :             0.042ns  (arrival time - required time)
  Source:                 feather_GENVAR_DPE_INST_COL_ITER[3].feather_GENVAR_DPE_INST_ROW_ITER[2].feather_PE_OTHER_ROWS/r_output_ready_reg/C
                            (rising edge-triggered cell FDCE clocked by clk  {rise@0.000ns fall@1.666ns period=3.333ns})
  Destination:            feather_GENVAR_DPE_INST_COL_ITER[3].feather_GENVAR_DPE_INST_ROW_ITER[2].feather_PE_OTHER_ROWS/r_out_data_valid_reg/D
                            (rising edge-triggered cell FDCE clocked by clk  {rise@0.000ns fall@1.666ns period=3.333ns})
  Path Group:             clk
  Path Type:              Hold (Min at Fast Process Corner)
  Requirement:            0.000ns  (clk rise@0.000ns - clk rise@0.000ns)
  Data Path Delay:        0.094ns  (logic 0.059ns (62.916%)  route 0.035ns (37.084%))
  Logic Levels:           1  (LUT4=1)
  Clock Path Skew:        0.005ns (DCD - SCD - CPR)
    Destination Clock Delay (DCD):    0.018ns
    Source Clock Delay      (SCD):    0.013ns
    Clock Pessimism Removal (CPR):    -0.000ns

    Location             Delay type                Incr(ns)  Path(ns)    Netlist Resource(s)
  -------------------------------------------------------------------    -------------------
                         (clock clk rise edge)        0.000     0.000 r  
                                                      0.000     0.000 r  clk (IN)
                         net (fo=3381, unset)         0.013     0.013    feather_GENVAR_DPE_INST_COL_ITER[3].feather_GENVAR_DPE_INST_ROW_ITER[2].feather_PE_OTHER_ROWS/clk
    SLICE_X172Y647       FDCE                                         r  feather_GENVAR_DPE_INST_COL_ITER[3].feather_GENVAR_DPE_INST_ROW_ITER[2].feather_PE_OTHER_ROWS/r_output_ready_reg/C
  -------------------------------------------------------------------    -------------------
    SLICE_X172Y647       FDCE (Prop_GFF_SLICEL_C_Q)
                                                      0.039     0.052 r  feather_GENVAR_DPE_INST_COL_ITER[3].feather_GENVAR_DPE_INST_ROW_ITER[2].feather_PE_OTHER_ROWS/r_output_ready_reg/Q
                         net (fo=12, routed)          0.029     0.081    feather_GENVAR_DPE_INST_COL_ITER[3].feather_GENVAR_DPE_INST_ROW_ITER[2].feather_PE_OTHER_ROWS/r_output_ready
    SLICE_X172Y647       LUT4 (Prop_D5LUT_SLICEL_I0_O)
                                                      0.020     0.101 r  feather_GENVAR_DPE_INST_COL_ITER[3].feather_GENVAR_DPE_INST_ROW_ITER[2].feather_PE_OTHER_ROWS/r_out_data_valid_i_1__13/O
                         net (fo=1, routed)           0.006     0.107    feather_GENVAR_DPE_INST_COL_ITER[3].feather_GENVAR_DPE_INST_ROW_ITER[2].feather_PE_OTHER_ROWS/r_out_data_valid_i_1__13_n_0
    SLICE_X172Y647       FDCE                                         r  feather_GENVAR_DPE_INST_COL_ITER[3].feather_GENVAR_DPE_INST_ROW_ITER[2].feather_PE_OTHER_ROWS/r_out_data_valid_reg/D
  -------------------------------------------------------------------    -------------------

                         (clock clk rise edge)        0.000     0.000 r  
                                                      0.000     0.000 r  clk (IN)
                         net (fo=3381, unset)         0.018     0.018    feather_GENVAR_DPE_INST_COL_ITER[3].feather_GENVAR_DPE_INST_ROW_ITER[2].feather_PE_OTHER_ROWS/clk
    SLICE_X172Y647       FDCE                                         r  feather_GENVAR_DPE_INST_COL_ITER[3].feather_GENVAR_DPE_INST_ROW_ITER[2].feather_PE_OTHER_ROWS/r_out_data_valid_reg/C
                         clock pessimism              0.000     0.018    
    SLICE_X172Y647       FDCE (Hold_DFF2_SLICEL_C_D)
                                                      0.047     0.065    feather_GENVAR_DPE_INST_COL_ITER[3].feather_GENVAR_DPE_INST_ROW_ITER[2].feather_PE_OTHER_ROWS/r_out_data_valid_reg
  -------------------------------------------------------------------
                         required time                         -0.065    
                         arrival time                           0.107    
  -------------------------------------------------------------------
                         slack                                  0.042    





Pulse Width Checks
--------------------------------------------------------------------------------------
Clock Name:         clk
Waveform(ns):       { 0.000 1.666 }
Period(ns):         3.333
Sources:            { clk }

Check Type        Corner  Lib Pin     Reference Pin  Required(ns)  Actual(ns)  Slack(ns)  Location        Pin
Min Period        n/a     SRL16E/CLK  n/a            1.064         3.333       2.269      SLICE_X167Y667  birrd_INST/stage_id[0].sw_id[0].egg/o_cmd_inner_reg[0]_srl2_birrd_INST_stage_id_c/CLK
Low Pulse Width   Slow    SRL16E/CLK  n/a            0.532         1.667       1.135      SLICE_X167Y667  birrd_INST/stage_id[0].sw_id[0].egg/o_cmd_inner_reg[0]_srl2_birrd_INST_stage_id_c/CLK
High Pulse Width  Slow    SRL16E/CLK  n/a            0.532         1.666       1.134      SLICE_X167Y667  birrd_INST/stage_id[0].sw_id[0].egg/o_cmd_inner_reg[0]_srl2_birrd_INST_stage_id_c/CLK



