Copyright 1986-2022 Xilinx, Inc. All Rights Reserved. Copyright 2022-2023 Advanced Micro Devices, Inc. All Rights Reserved.
--------------------------------------------------------------------------------------------------------------------------------------------------
| Tool Version      : Vivado v.2023.2 (lin64) Build 4029153 Fri Oct 13 20:13:54 MDT 2023
| Date              : Tue Sep  8 04:57:02 2026
| Host              : brg-zhang-xcel.ece.cornell.edu running 64-bit Red Hat Enterprise Linux 9.8 (Plow)
| Command           : report_timing_summary -file timing.rpt
| Design            : Mesh
| Device            : xcu280-fsvh2892
| Speed File        : -2L  PRODUCTION 1.30 05-01-2022
| Design State      : Routed
| Temperature Grade : E
--------------------------------------------------------------------------------------------------------------------------------------------------

Timing Summary Report

------------------------------------------------------------------------------------------------
| Timer Settings
| --------------
------------------------------------------------------------------------------------------------

  Enable Multi Corner Analysis               :  Yes
  Enable Pessimism Removal                   :  Yes
  Pessimism Removal Resolution               :  Nearest Common Node
  Enable Input Delay Default Clock           :  No
  Enable Preset / Clear Arcs                 :  No
  Disable Flight Delays                      :  No
  Ignore I/O Paths                           :  No
  Timing Early Launch at Borrowing Latches   :  No
  Borrow Time for Max Delay Exceptions       :  Yes
  Merge Timing Exceptions                    :  Yes
  Inter-SLR Compensation                     :  Conservative

  Corner  Analyze    Analyze    
  Name    Max Paths  Min Paths  
  ------  ---------  ---------  
  Slow    Yes        Yes        
  Fast    Yes        Yes        


------------------------------------------------------------------------------------------------
| Report Methodology
| ------------------
------------------------------------------------------------------------------------------------

No report available as report_methodology has not been run prior. Run report_methodology on the current design for the summary of methodology violations.



check_timing report

Table of Contents
-----------------
1. checking no_clock (0)
2. checking constant_clock (0)
3. checking pulse_width_clock (0)
4. checking unconstrained_internal_endpoints (0)
5. checking no_input_delay (288)
6. checking no_output_delay (608)
7. checking multiple_clock (0)
8. checking generated_clocks (0)
9. checking loops (0)
10. checking partial_input_delay (0)
11. checking partial_output_delay (0)
12. checking latch_loops (0)

1. checking no_clock (0)
------------------------
 There are 0 register/latch pins with no clock.


2. checking constant_clock (0)
------------------------------
 There are 0 register/latch pins with constant_clock.


3. checking pulse_width_clock (0)
---------------------------------
 There are 0 register/latch pins which need pulse_width check


4. checking unconstrained_internal_endpoints (0)
------------------------------------------------
 There are 0 pins that are not constrained for maximum delay.

 There are 0 pins that are not constrained for maximum delay due to constant clock.


5. checking no_input_delay (288)
--------------------------------
 There are 288 input ports with no input delay specified. (HIGH)

 There are 0 input ports with no input delay but user has a false path constraint.


6. checking no_output_delay (608)
---------------------------------
 There are 608 ports with no output delay specified. (HIGH)

 There are 0 ports with no output delay but user has a false path constraint

 There are 0 ports with no output delay but with a timing clock defined on it or propagating through it


7. checking multiple_clock (0)
------------------------------
 There are 0 register/latch pins with multiple clocks.


8. checking generated_clocks (0)
--------------------------------
 There are 0 generated clocks that are not connected to a clock source.


9. checking loops (0)
---------------------
 There are 0 combinational loops in the design.


10. checking partial_input_delay (0)
------------------------------------
 There are 0 input ports with partial input delay specified.


11. checking partial_output_delay (0)
-------------------------------------
 There are 0 ports with partial output delay specified.


12. checking latch_loops (0)
----------------------------
 There are 0 combinational latch loops in the design through latch input



------------------------------------------------------------------------------------------------
| Design Timing Summary
| ---------------------
------------------------------------------------------------------------------------------------

    WNS(ns)      TNS(ns)  TNS Failing Endpoints  TNS Total Endpoints      WHS(ns)      THS(ns)  THS Failing Endpoints  THS Total Endpoints     WPWS(ns)     TPWS(ns)  TPWS Failing Endpoints  TPWS Total Endpoints  
    -------      -------  ---------------------  -------------------      -------      -------  ---------------------  -------------------     --------     --------  ----------------------  --------------------  
      0.418        0.000                      0                 6856        0.023        0.000                      0                 6856        1.134        0.000                       0                  4160  


All user specified timing constraints are met.


------------------------------------------------------------------------------------------------
| Clock Summary
| -------------
------------------------------------------------------------------------------------------------

Clock  Waveform(ns)         Period(ns)      Frequency(MHz)
-----  ------------         ----------      --------------
clk    {0.000 1.666}        3.333           300.030         


------------------------------------------------------------------------------------------------
| Intra Clock Table
| -----------------
------------------------------------------------------------------------------------------------

Clock             WNS(ns)      TNS(ns)  TNS Failing Endpoints  TNS Total Endpoints      WHS(ns)      THS(ns)  THS Failing Endpoints  THS Total Endpoints     WPWS(ns)     TPWS(ns)  TPWS Failing Endpoints  TPWS Total Endpoints  
-----             -------      -------  ---------------------  -------------------      -------      -------  ---------------------  -------------------     --------     --------  ----------------------  --------------------  
clk                 0.418        0.000                      0                 6856        0.023        0.000                      0                 6856        1.134        0.000                       0                  4160  


------------------------------------------------------------------------------------------------
| Inter Clock Table
| -----------------
------------------------------------------------------------------------------------------------

From Clock    To Clock          WNS(ns)      TNS(ns)  TNS Failing Endpoints  TNS Total Endpoints      WHS(ns)      THS(ns)  THS Failing Endpoints  THS Total Endpoints  
----------    --------          -------      -------  ---------------------  -------------------      -------      -------  ---------------------  -------------------  


------------------------------------------------------------------------------------------------
| Other Path Groups Table
| -----------------------
------------------------------------------------------------------------------------------------

Path Group    From Clock    To Clock          WNS(ns)      TNS(ns)  TNS Failing Endpoints  TNS Total Endpoints      WHS(ns)      THS(ns)  THS Failing Endpoints  THS Total Endpoints  
----------    ----------    --------          -------      -------  ---------------------  -------------------      -------      -------  ---------------------  -------------------  


------------------------------------------------------------------------------------------------
| Timing Details
| --------------
------------------------------------------------------------------------------------------------


---------------------------------------------------------------------------------------------------
From Clock:  clk
  To Clock:  clk

Setup :            0  Failing Endpoints,  Worst Slack        0.418ns,  Total Violation        0.000ns
Hold  :            0  Failing Endpoints,  Worst Slack        0.023ns,  Total Violation        0.000ns
PW    :            0  Failing Endpoints,  Worst Slack        1.134ns,  Total Violation        0.000ns
---------------------------------------------------------------------------------------------------


Max Delay Paths
--------------------------------------------------------------------------------------
Slack (MET) :             0.418ns  (required time - arrival time)
  Source:                 mesh_5_1/tile_0_0/c2_reg[1]/C
                            (rising edge-triggered cell FDRE clocked by clk  {rise@0.000ns fall@1.666ns period=3.333ns})
  Destination:            pipe_b_14_0_reg[29]/D
                            (rising edge-triggered cell FDRE clocked by clk  {rise@0.000ns fall@1.666ns period=3.333ns})
  Path Group:             clk
  Path Type:              Setup (Max at Slow Process Corner)
  Requirement:            3.333ns  (clk rise@3.333ns - clk rise@0.000ns)
  Data Path Delay:        2.895ns  (logic 1.378ns (47.601%)  route 1.517ns (52.399%))
  Logic Levels:           12  (CARRY8=6 LUT2=1 LUT3=2 LUT4=1 LUT6=2)
  Clock Path Skew:        -0.010ns (DCD - SCD + CPR)
    Destination Clock Delay (DCD):    0.020ns = ( 3.353 - 3.333 ) 
    Source Clock Delay      (SCD):    0.030ns
    Clock Pessimism Removal (CPR):    0.000ns
  Clock Uncertainty:      0.035ns  ((TSJ^2 + TIJ^2)^1/2 + DJ) / 2 + PE
    Total System Jitter     (TSJ):    0.071ns
    Total Input Jitter      (TIJ):    0.000ns
    Discrete Jitter          (DJ):    0.000ns
    Phase Error              (PE):    0.000ns

    Location             Delay type                Incr(ns)  Path(ns)    Netlist Resource(s)
  -------------------------------------------------------------------    -------------------
                         (clock clk rise edge)        0.000     0.000 r  
                                                      0.000     0.000 r  clock (IN)
                         net (fo=4159, unset)         0.030     0.030    mesh_5_1/tile_0_0/clock
    SLICE_X74Y68         FDRE                                         r  mesh_5_1/tile_0_0/c2_reg[1]/C
  -------------------------------------------------------------------    -------------------
    SLICE_X74Y68         FDRE (Prop_DFF2_SLICEM_C_Q)
                                                      0.080     0.110 r  mesh_5_1/tile_0_0/c2_reg[1]/Q
                         net (fo=5, routed)           0.263     0.373    mesh_5_1/tile_0_0/mac_unit/c2[1]
    SLICE_X76Y68         LUT3 (Prop_D5LUT_SLICEM_I0_O)
                                                      0.158     0.531 r  mesh_5_1/tile_0_0/mac_unit/_io_out_d_T__0_carry_i_18__40/O
                         net (fo=14, routed)          0.227     0.758    mesh_5_1/tile_0_0/mac_unit/B[1]
    SLICE_X74Y66         LUT6 (Prop_H6LUT_SLICEM_I5_O)
                                                      0.152     0.910 r  mesh_5_1/tile_0_0/mac_unit/_io_out_d_T__0_carry_i_1__40/O
                         net (fo=2, routed)           0.218     1.128    mesh_5_1/tile_0_0/mac_unit/_io_out_d_T__0_carry_i_1__40_n_0
    SLICE_X74Y67         LUT6 (Prop_H6LUT_SLICEM_I0_O)
                                                      0.053     1.181 r  mesh_5_1/tile_0_0/mac_unit/_io_out_d_T__0_carry_i_8__40/O
                         net (fo=1, routed)           0.015     1.196    mesh_5_1/tile_0_0/mac_unit/_io_out_d_T__0_carry_i_8__40_n_0
    SLICE_X74Y67         CARRY8 (Prop_CARRY8_SLICEM_S[7]_CO[7])
                                                      0.117     1.313 r  mesh_5_1/tile_0_0/mac_unit/_io_out_d_T__0_carry/CO[7]
                         net (fo=1, routed)           0.026     1.339    mesh_5_1/tile_0_0/mac_unit/_io_out_d_T__0_carry_n_0
    SLICE_X74Y68         CARRY8 (Prop_CARRY8_SLICEM_CI_O[0])
                                                      0.056     1.395 r  mesh_5_1/tile_0_0/mac_unit/_io_out_d_T__0_carry__0/O[0]
                         net (fo=2, routed)           0.290     1.685    mesh_5_1/tile_0_0/mac_unit/_io_out_d_T__0_carry__0_n_15
    SLICE_X75Y68         LUT3 (Prop_E5LUT_SLICEL_I0_O)
                                                      0.114     1.799 r  mesh_5_1/tile_0_0/mac_unit/_io_out_d_T__86_carry_i_3__40/O
                         net (fo=2, routed)           0.207     2.006    mesh_5_1/tile_0_0/mac_unit/_io_out_d_T__86_carry_i_3__40_n_0
    SLICE_X75Y68         LUT4 (Prop_F6LUT_SLICEL_I3_O)
                                                      0.049     2.055 r  mesh_5_1/tile_0_0/mac_unit/_io_out_d_T__86_carry_i_11__40/O
                         net (fo=1, routed)           0.011     2.066    mesh_5_1/tile_0_0/mac_unit/_io_out_d_T__86_carry_i_11__40_n_0
    SLICE_X75Y68         CARRY8 (Prop_CARRY8_SLICEL_S[5]_CO[7])
                                                      0.155     2.221 r  mesh_5_1/tile_0_0/mac_unit/_io_out_d_T__86_carry/CO[7]
                         net (fo=1, routed)           0.026     2.247    mesh_5_1/tile_0_0/mac_unit/_io_out_d_T__86_carry_n_0
    SLICE_X75Y69         CARRY8 (Prop_CARRY8_SLICEL_CI_O[1])
                                                      0.076     2.323 r  mesh_5_1/tile_0_0/mac_unit/_io_out_d_T__86_carry__0/O[1]
                         net (fo=2, routed)           0.172     2.495    mesh_5_1/tile_0_0/mac_unit/_GEN_0[13]
    SLICE_X75Y66         LUT2 (Prop_F6LUT_SLICEL_I0_O)
                                                      0.097     2.592 r  mesh_5_1/tile_0_0/mac_unit/io_out_d_carry__0_i_4__40/O
                         net (fo=1, routed)           0.011     2.603    mesh_5_1/tile_0_0/mac_unit/io_out_d_carry__0_i_4__40_n_0
    SLICE_X75Y66         CARRY8 (Prop_CARRY8_SLICEL_S[5]_CO[7])
                                                      0.155     2.758 r  mesh_5_1/tile_0_0/mac_unit/io_out_d_carry__0/CO[7]
                         net (fo=1, routed)           0.026     2.784    mesh_5_1/tile_0_0/mac_unit/io_out_d_carry__0_n_0
    SLICE_X75Y67         CARRY8 (Prop_CARRY8_SLICEL_CI_O[5])
                                                      0.116     2.900 r  mesh_5_1/tile_0_0/mac_unit/io_out_d_carry__1/O[5]
                         net (fo=1, routed)           0.025     2.925    mesh_5_1_io_out_b_0[29]
    SLICE_X75Y67         FDRE                                         r  pipe_b_14_0_reg[29]/D
  -------------------------------------------------------------------    -------------------

                         (clock clk rise edge)        3.333     3.333 r  
                                                      0.000     3.333 r  clock (IN)
                         net (fo=4159, unset)         0.020     3.353    clock
    SLICE_X75Y67         FDRE                                         r  pipe_b_14_0_reg[29]/C
                         clock pessimism              0.000     3.353    
                         clock uncertainty           -0.035     3.318    
    SLICE_X75Y67         FDRE (Setup_FFF_SLICEL_C_D)
                                                      0.025     3.343    pipe_b_14_0_reg[29]
  -------------------------------------------------------------------
                         required time                          3.343    
                         arrival time                          -2.925    
  -------------------------------------------------------------------
                         slack                                  0.418    





Min Delay Paths
--------------------------------------------------------------------------------------
Slack (MET) :             0.023ns  (arrival time - required time)
  Source:                 pipe_b_96_0_reg[0]/C
                            (rising edge-triggered cell FDRE clocked by clk  {rise@0.000ns fall@1.666ns period=3.333ns})
  Destination:            mesh_0_4/tile_0_0/c2_reg[0]/D
                            (rising edge-triggered cell FDRE clocked by clk  {rise@0.000ns fall@1.666ns period=3.333ns})
  Path Group:             clk
  Path Type:              Hold (Min at Fast Process Corner)
  Requirement:            0.000ns  (clk rise@0.000ns - clk rise@0.000ns)
  Data Path Delay:        0.076ns  (logic 0.039ns (51.531%)  route 0.037ns (48.469%))
  Logic Levels:           0  
  Clock Path Skew:        0.006ns (DCD - SCD - CPR)
    Destination Clock Delay (DCD):    0.019ns
    Source Clock Delay      (SCD):    0.013ns
    Clock Pessimism Removal (CPR):    -0.000ns

    Location             Delay type                Incr(ns)  Path(ns)    Netlist Resource(s)
  -------------------------------------------------------------------    -------------------
                         (clock clk rise edge)        0.000     0.000 r  
                                                      0.000     0.000 r  clock (IN)
                         net (fo=4159, unset)         0.013     0.013    clock
    SLICE_X84Y76         FDRE                                         r  pipe_b_96_0_reg[0]/C
  -------------------------------------------------------------------    -------------------
    SLICE_X84Y76         FDRE (Prop_HFF_SLICEL_C_Q)
                                                      0.039     0.052 r  pipe_b_96_0_reg[0]/Q
                         net (fo=2, routed)           0.037     0.089    mesh_0_4/tile_0_0/pipe_b_96_0[0]
    SLICE_X84Y76         FDRE                                         r  mesh_0_4/tile_0_0/c2_reg[0]/D
  -------------------------------------------------------------------    -------------------

                         (clock clk rise edge)        0.000     0.000 r  
                                                      0.000     0.000 r  clock (IN)
                         net (fo=4159, unset)         0.019     0.019    mesh_0_4/tile_0_0/clock
    SLICE_X84Y76         FDRE                                         r  mesh_0_4/tile_0_0/c2_reg[0]/C
                         clock pessimism              0.000     0.019    
    SLICE_X84Y76         FDRE (Hold_HFF2_SLICEL_C_D)
                                                      0.047     0.066    mesh_0_4/tile_0_0/c2_reg[0]
  -------------------------------------------------------------------
                         required time                         -0.066    
                         arrival time                           0.089    
  -------------------------------------------------------------------
                         slack                                  0.023    





Pulse Width Checks
--------------------------------------------------------------------------------------
Clock Name:         clk
Waveform(ns):       { 0.000 1.666 }
Period(ns):         3.333
Sources:            { clock }

Check Type        Corner  Lib Pin     Reference Pin  Required(ns)  Actual(ns)  Slack(ns)  Location        Pin
Min Period        n/a     SRL16E/CLK  n/a            1.064         3.333       2.269      SLICE_X118Y480  r_135_0_reg[0]_srl7/CLK
Low Pulse Width   Slow    SRL16E/CLK  n/a            0.532         1.667       1.135      SLICE_X118Y480  r_135_0_reg[0]_srl7/CLK
High Pulse Width  Slow    SRL16E/CLK  n/a            0.532         1.666       1.134      SLICE_X118Y480  r_135_0_reg[0]_srl7/CLK



