Copyright 1986-2022 Xilinx, Inc. All Rights Reserved. Copyright 2022-2023 Advanced Micro Devices, Inc. All Rights Reserved.
---------------------------------------------------------------------------------------------------------------------------------------------
| Tool Version : Vivado v.2023.2 (lin64) Build 4029153 Fri Oct 13 20:13:54 MDT 2023
| Date         : Tue Sep  8 04:57:00 2026
| Host         : brg-zhang-xcel.ece.cornell.edu running 64-bit Red Hat Enterprise Linux 9.8 (Plow)
| Command      : report_utilization -hierarchical -file util_hier.rpt
| Design       : Mesh
| Device       : xcu280-fsvh2892-2L-e
| Speed File   : -2L
| Design State : Routed
---------------------------------------------------------------------------------------------------------------------------------------------

Utilization Design Information

Table of Contents
-----------------
1. Utilization by Hierarchy

1. Utilization by Hierarchy
---------------------------

+------------------+-------------+------------+------------+---------+------+------+--------+--------+------+------------+
|     Instance     |    Module   | Total LUTs | Logic LUTs | LUTRAMs | SRLs |  FFs | RAMB36 | RAMB18 | URAM | DSP Blocks |
+------------------+-------------+------------+------------+---------+------+------+--------+--------+------+------------+
| Mesh             |       (top) |       6457 |       6425 |       0 |   32 | 4128 |      0 |      0 |    0 |          0 |
|   (Mesh)         |       (top) |         32 |          0 |       0 |   32 | 3104 |      0 |      0 |    0 |          0 |
|   mesh_0_0       |        Tile |         96 |         96 |       0 |    0 |   16 |      0 |      0 |    0 |          0 |
|     tile_0_0     |      PE_186 |         96 |         96 |       0 |    0 |   16 |      0 |      0 |    0 |          0 |
|       (tile_0_0) |      PE_186 |          5 |          5 |       0 |    0 |   16 |      0 |      0 |    0 |          0 |
|       mac_unit   | MacUnit_187 |         91 |         91 |       0 |    0 |    0 |      0 |      0 |    0 |          0 |
|   mesh_0_1       |      Tile_0 |         96 |         96 |       0 |    0 |   16 |      0 |      0 |    0 |          0 |
|     tile_0_0     |      PE_184 |         96 |         96 |       0 |    0 |   16 |      0 |      0 |    0 |          0 |
|       (tile_0_0) |      PE_184 |          5 |          5 |       0 |    0 |   16 |      0 |      0 |    0 |          0 |
|       mac_unit   | MacUnit_185 |         91 |         91 |       0 |    0 |    0 |      0 |      0 |    0 |          0 |
|   mesh_0_2       |      Tile_1 |         96 |         96 |       0 |    0 |   16 |      0 |      0 |    0 |          0 |
|     tile_0_0     |      PE_182 |         96 |         96 |       0 |    0 |   16 |      0 |      0 |    0 |          0 |
|       (tile_0_0) |      PE_182 |          5 |          5 |       0 |    0 |   16 |      0 |      0 |    0 |          0 |
|       mac_unit   | MacUnit_183 |         91 |         91 |       0 |    0 |    0 |      0 |      0 |    0 |          0 |
|   mesh_0_3       |      Tile_2 |         97 |         97 |       0 |    0 |   16 |      0 |      0 |    0 |          0 |
|     tile_0_0     |      PE_180 |         97 |         97 |       0 |    0 |   16 |      0 |      0 |    0 |          0 |
|       (tile_0_0) |      PE_180 |          5 |          5 |       0 |    0 |   16 |      0 |      0 |    0 |          0 |
|       mac_unit   | MacUnit_181 |         92 |         92 |       0 |    0 |    0 |      0 |      0 |    0 |          0 |
|   mesh_0_4       |      Tile_3 |         96 |         96 |       0 |    0 |   16 |      0 |      0 |    0 |          0 |
|     tile_0_0     |      PE_178 |         96 |         96 |       0 |    0 |   16 |      0 |      0 |    0 |          0 |
|       (tile_0_0) |      PE_178 |          5 |          5 |       0 |    0 |   16 |      0 |      0 |    0 |          0 |
|       mac_unit   | MacUnit_179 |         91 |         91 |       0 |    0 |    0 |      0 |      0 |    0 |          0 |
|   mesh_0_5       |      Tile_4 |         96 |         96 |       0 |    0 |   16 |      0 |      0 |    0 |          0 |
|     tile_0_0     |      PE_176 |         96 |         96 |       0 |    0 |   16 |      0 |      0 |    0 |          0 |
|       (tile_0_0) |      PE_176 |          5 |          5 |       0 |    0 |   16 |      0 |      0 |    0 |          0 |
|       mac_unit   | MacUnit_177 |         91 |         91 |       0 |    0 |    0 |      0 |      0 |    0 |          0 |
|   mesh_0_6       |      Tile_5 |         96 |         96 |       0 |    0 |   16 |      0 |      0 |    0 |          0 |
|     tile_0_0     |      PE_174 |         96 |         96 |       0 |    0 |   16 |      0 |      0 |    0 |          0 |
|       (tile_0_0) |      PE_174 |          5 |          5 |       0 |    0 |   16 |      0 |      0 |    0 |          0 |
|       mac_unit   | MacUnit_175 |         91 |         91 |       0 |    0 |    0 |      0 |      0 |    0 |          0 |
|   mesh_0_7       |      Tile_6 |         96 |         96 |       0 |    0 |   16 |      0 |      0 |    0 |          0 |
|     tile_0_0     |      PE_172 |         96 |         96 |       0 |    0 |   16 |      0 |      0 |    0 |          0 |
|       (tile_0_0) |      PE_172 |          5 |          5 |       0 |    0 |   16 |      0 |      0 |    0 |          0 |
|       mac_unit   | MacUnit_173 |         91 |         91 |       0 |    0 |    0 |      0 |      0 |    0 |          0 |
|   mesh_1_0       |      Tile_7 |         98 |         98 |       0 |    0 |   16 |      0 |      0 |    0 |          0 |
|     tile_0_0     |      PE_170 |         98 |         98 |       0 |    0 |   16 |      0 |      0 |    0 |          0 |
|       (tile_0_0) |      PE_170 |          5 |          5 |       0 |    0 |   16 |      0 |      0 |    0 |          0 |
|       mac_unit   | MacUnit_171 |         93 |         93 |       0 |    0 |    0 |      0 |      0 |    0 |          0 |
|   mesh_1_1       |      Tile_8 |         98 |         98 |       0 |    0 |   16 |      0 |      0 |    0 |          0 |
|     tile_0_0     |      PE_168 |         98 |         98 |       0 |    0 |   16 |      0 |      0 |    0 |          0 |
|       (tile_0_0) |      PE_168 |          5 |          5 |       0 |    0 |   16 |      0 |      0 |    0 |          0 |
|       mac_unit   | MacUnit_169 |         93 |         93 |       0 |    0 |    0 |      0 |      0 |    0 |          0 |
|   mesh_1_2       |      Tile_9 |         98 |         98 |       0 |    0 |   16 |      0 |      0 |    0 |          0 |
|     tile_0_0     |      PE_166 |         98 |         98 |       0 |    0 |   16 |      0 |      0 |    0 |          0 |
|       (tile_0_0) |      PE_166 |          5 |          5 |       0 |    0 |   16 |      0 |      0 |    0 |          0 |
|       mac_unit   | MacUnit_167 |         93 |         93 |       0 |    0 |    0 |      0 |      0 |    0 |          0 |
|   mesh_1_3       |     Tile_10 |         98 |         98 |       0 |    0 |   16 |      0 |      0 |    0 |          0 |
|     tile_0_0     |      PE_164 |         98 |         98 |       0 |    0 |   16 |      0 |      0 |    0 |          0 |
|       (tile_0_0) |      PE_164 |          5 |          5 |       0 |    0 |   16 |      0 |      0 |    0 |          0 |
|       mac_unit   | MacUnit_165 |         93 |         93 |       0 |    0 |    0 |      0 |      0 |    0 |          0 |
|   mesh_1_4       |     Tile_11 |         98 |         98 |       0 |    0 |   16 |      0 |      0 |    0 |          0 |
|     tile_0_0     |      PE_162 |         98 |         98 |       0 |    0 |   16 |      0 |      0 |    0 |          0 |
|       (tile_0_0) |      PE_162 |          5 |          5 |       0 |    0 |   16 |      0 |      0 |    0 |          0 |
|       mac_unit   | MacUnit_163 |         93 |         93 |       0 |    0 |    0 |      0 |      0 |    0 |          0 |
|   mesh_1_5       |     Tile_12 |         98 |         98 |       0 |    0 |   16 |      0 |      0 |    0 |          0 |
|     tile_0_0     |      PE_160 |         98 |         98 |       0 |    0 |   16 |      0 |      0 |    0 |          0 |
|       (tile_0_0) |      PE_160 |          5 |          5 |       0 |    0 |   16 |      0 |      0 |    0 |          0 |
|       mac_unit   | MacUnit_161 |         93 |         93 |       0 |    0 |    0 |      0 |      0 |    0 |          0 |
|   mesh_1_6       |     Tile_13 |         98 |         98 |       0 |    0 |   16 |      0 |      0 |    0 |          0 |
|     tile_0_0     |      PE_158 |         98 |         98 |       0 |    0 |   16 |      0 |      0 |    0 |          0 |
|       (tile_0_0) |      PE_158 |          5 |          5 |       0 |    0 |   16 |      0 |      0 |    0 |          0 |
|       mac_unit   | MacUnit_159 |         93 |         93 |       0 |    0 |    0 |      0 |      0 |    0 |          0 |
|   mesh_1_7       |     Tile_14 |         98 |         98 |       0 |    0 |   16 |      0 |      0 |    0 |          0 |
|     tile_0_0     |      PE_156 |         98 |         98 |       0 |    0 |   16 |      0 |      0 |    0 |          0 |
|       (tile_0_0) |      PE_156 |          5 |          5 |       0 |    0 |   16 |      0 |      0 |    0 |          0 |
|       mac_unit   | MacUnit_157 |         93 |         93 |       0 |    0 |    0 |      0 |      0 |    0 |          0 |
|   mesh_2_0       |     Tile_15 |         99 |         99 |       0 |    0 |   16 |      0 |      0 |    0 |          0 |
|     tile_0_0     |      PE_154 |         99 |         99 |       0 |    0 |   16 |      0 |      0 |    0 |          0 |
|       (tile_0_0) |      PE_154 |          5 |          5 |       0 |    0 |   16 |      0 |      0 |    0 |          0 |
|       mac_unit   | MacUnit_155 |         94 |         94 |       0 |    0 |    0 |      0 |      0 |    0 |          0 |
|   mesh_2_1       |     Tile_16 |         99 |         99 |       0 |    0 |   16 |      0 |      0 |    0 |          0 |
|     tile_0_0     |      PE_152 |         99 |         99 |       0 |    0 |   16 |      0 |      0 |    0 |          0 |
|       (tile_0_0) |      PE_152 |          5 |          5 |       0 |    0 |   16 |      0 |      0 |    0 |          0 |
|       mac_unit   | MacUnit_153 |         94 |         94 |       0 |    0 |    0 |      0 |      0 |    0 |          0 |
|   mesh_2_2       |     Tile_17 |         99 |         99 |       0 |    0 |   16 |      0 |      0 |    0 |          0 |
|     tile_0_0     |      PE_150 |         99 |         99 |       0 |    0 |   16 |      0 |      0 |    0 |          0 |
|       (tile_0_0) |      PE_150 |          5 |          5 |       0 |    0 |   16 |      0 |      0 |    0 |          0 |
|       mac_unit   | MacUnit_151 |         94 |         94 |       0 |    0 |    0 |      0 |      0 |    0 |          0 |
|   mesh_2_3       |     Tile_18 |         99 |         99 |       0 |    0 |   16 |      0 |      0 |    0 |          0 |
|     tile_0_0     |      PE_148 |         99 |         99 |       0 |    0 |   16 |      0 |      0 |    0 |          0 |
|       (tile_0_0) |      PE_148 |          5 |          5 |       0 |    0 |   16 |      0 |      0 |    0 |          0 |
|       mac_unit   | MacUnit_149 |         94 |         94 |       0 |    0 |    0 |      0 |      0 |    0 |          0 |
|   mesh_2_4       |     Tile_19 |         99 |         99 |       0 |    0 |   16 |      0 |      0 |    0 |          0 |
|     tile_0_0     |      PE_146 |         99 |         99 |       0 |    0 |   16 |      0 |      0 |    0 |          0 |
|       (tile_0_0) |      PE_146 |          5 |          5 |       0 |    0 |   16 |      0 |      0 |    0 |          0 |
|       mac_unit   | MacUnit_147 |         94 |         94 |       0 |    0 |    0 |      0 |      0 |    0 |          0 |
|   mesh_2_5       |     Tile_20 |         99 |         99 |       0 |    0 |   16 |      0 |      0 |    0 |          0 |
|     tile_0_0     |      PE_144 |         99 |         99 |       0 |    0 |   16 |      0 |      0 |    0 |          0 |
|       (tile_0_0) |      PE_144 |          5 |          5 |       0 |    0 |   16 |      0 |      0 |    0 |          0 |
|       mac_unit   | MacUnit_145 |         94 |         94 |       0 |    0 |    0 |      0 |      0 |    0 |          0 |
|   mesh_2_6       |     Tile_21 |         99 |         99 |       0 |    0 |   16 |      0 |      0 |    0 |          0 |
|     tile_0_0     |      PE_142 |         99 |         99 |       0 |    0 |   16 |      0 |      0 |    0 |          0 |
|       (tile_0_0) |      PE_142 |          5 |          5 |       0 |    0 |   16 |      0 |      0 |    0 |          0 |
|       mac_unit   | MacUnit_143 |         94 |         94 |       0 |    0 |    0 |      0 |      0 |    0 |          0 |
|   mesh_2_7       |     Tile_22 |         99 |         99 |       0 |    0 |   16 |      0 |      0 |    0 |          0 |
|     tile_0_0     |      PE_140 |         99 |         99 |       0 |    0 |   16 |      0 |      0 |    0 |          0 |
|       (tile_0_0) |      PE_140 |          5 |          5 |       0 |    0 |   16 |      0 |      0 |    0 |          0 |
|       mac_unit   | MacUnit_141 |         94 |         94 |       0 |    0 |    0 |      0 |      0 |    0 |          0 |
|   mesh_3_0       |     Tile_23 |        100 |        100 |       0 |    0 |   16 |      0 |      0 |    0 |          0 |
|     tile_0_0     |      PE_138 |        100 |        100 |       0 |    0 |   16 |      0 |      0 |    0 |          0 |
|       (tile_0_0) |      PE_138 |          5 |          5 |       0 |    0 |   16 |      0 |      0 |    0 |          0 |
|       mac_unit   | MacUnit_139 |         95 |         95 |       0 |    0 |    0 |      0 |      0 |    0 |          0 |
|   mesh_3_1       |     Tile_24 |        100 |        100 |       0 |    0 |   16 |      0 |      0 |    0 |          0 |
|     tile_0_0     |      PE_136 |        100 |        100 |       0 |    0 |   16 |      0 |      0 |    0 |          0 |
|       (tile_0_0) |      PE_136 |          5 |          5 |       0 |    0 |   16 |      0 |      0 |    0 |          0 |
|       mac_unit   | MacUnit_137 |         95 |         95 |       0 |    0 |    0 |      0 |      0 |    0 |          0 |
|   mesh_3_2       |     Tile_25 |        100 |        100 |       0 |    0 |   16 |      0 |      0 |    0 |          0 |
|     tile_0_0     |      PE_134 |        100 |        100 |       0 |    0 |   16 |      0 |      0 |    0 |          0 |
|       (tile_0_0) |      PE_134 |          5 |          5 |       0 |    0 |   16 |      0 |      0 |    0 |          0 |
|       mac_unit   | MacUnit_135 |         95 |         95 |       0 |    0 |    0 |      0 |      0 |    0 |          0 |
|   mesh_3_3       |     Tile_26 |        100 |        100 |       0 |    0 |   16 |      0 |      0 |    0 |          0 |
|     tile_0_0     |      PE_132 |        100 |        100 |       0 |    0 |   16 |      0 |      0 |    0 |          0 |
|       (tile_0_0) |      PE_132 |          5 |          5 |       0 |    0 |   16 |      0 |      0 |    0 |          0 |
|       mac_unit   | MacUnit_133 |         95 |         95 |       0 |    0 |    0 |      0 |      0 |    0 |          0 |
|   mesh_3_4       |     Tile_27 |        100 |        100 |       0 |    0 |   16 |      0 |      0 |    0 |          0 |
|     tile_0_0     |      PE_130 |        100 |        100 |       0 |    0 |   16 |      0 |      0 |    0 |          0 |
|       (tile_0_0) |      PE_130 |          5 |          5 |       0 |    0 |   16 |      0 |      0 |    0 |          0 |
|       mac_unit   | MacUnit_131 |         95 |         95 |       0 |    0 |    0 |      0 |      0 |    0 |          0 |
|   mesh_3_5       |     Tile_28 |        100 |        100 |       0 |    0 |   16 |      0 |      0 |    0 |          0 |
|     tile_0_0     |      PE_128 |        100 |        100 |       0 |    0 |   16 |      0 |      0 |    0 |          0 |
|       (tile_0_0) |      PE_128 |          5 |          5 |       0 |    0 |   16 |      0 |      0 |    0 |          0 |
|       mac_unit   | MacUnit_129 |         95 |         95 |       0 |    0 |    0 |      0 |      0 |    0 |          0 |
|   mesh_3_6       |     Tile_29 |        100 |        100 |       0 |    0 |   16 |      0 |      0 |    0 |          0 |
|     tile_0_0     |      PE_126 |        100 |        100 |       0 |    0 |   16 |      0 |      0 |    0 |          0 |
|       (tile_0_0) |      PE_126 |          5 |          5 |       0 |    0 |   16 |      0 |      0 |    0 |          0 |
|       mac_unit   | MacUnit_127 |         95 |         95 |       0 |    0 |    0 |      0 |      0 |    0 |          0 |
|   mesh_3_7       |     Tile_30 |        100 |        100 |       0 |    0 |   16 |      0 |      0 |    0 |          0 |
|     tile_0_0     |      PE_124 |        100 |        100 |       0 |    0 |   16 |      0 |      0 |    0 |          0 |
|       (tile_0_0) |      PE_124 |          5 |          5 |       0 |    0 |   16 |      0 |      0 |    0 |          0 |
|       mac_unit   | MacUnit_125 |         95 |         95 |       0 |    0 |    0 |      0 |      0 |    0 |          0 |
|   mesh_4_0       |     Tile_31 |        101 |        101 |       0 |    0 |   16 |      0 |      0 |    0 |          0 |
|     tile_0_0     |      PE_122 |        101 |        101 |       0 |    0 |   16 |      0 |      0 |    0 |          0 |
|       (tile_0_0) |      PE_122 |          5 |          5 |       0 |    0 |   16 |      0 |      0 |    0 |          0 |
|       mac_unit   | MacUnit_123 |         96 |         96 |       0 |    0 |    0 |      0 |      0 |    0 |          0 |
|   mesh_4_1       |     Tile_32 |        101 |        101 |       0 |    0 |   16 |      0 |      0 |    0 |          0 |
|     tile_0_0     |      PE_120 |        101 |        101 |       0 |    0 |   16 |      0 |      0 |    0 |          0 |
|       (tile_0_0) |      PE_120 |          5 |          5 |       0 |    0 |   16 |      0 |      0 |    0 |          0 |
|       mac_unit   | MacUnit_121 |         96 |         96 |       0 |    0 |    0 |      0 |      0 |    0 |          0 |
|   mesh_4_2       |     Tile_33 |        101 |        101 |       0 |    0 |   16 |      0 |      0 |    0 |          0 |
|     tile_0_0     |      PE_118 |        101 |        101 |       0 |    0 |   16 |      0 |      0 |    0 |          0 |
|       (tile_0_0) |      PE_118 |          5 |          5 |       0 |    0 |   16 |      0 |      0 |    0 |          0 |
|       mac_unit   | MacUnit_119 |         96 |         96 |       0 |    0 |    0 |      0 |      0 |    0 |          0 |
|   mesh_4_3       |     Tile_34 |        101 |        101 |       0 |    0 |   16 |      0 |      0 |    0 |          0 |
|     tile_0_0     |      PE_116 |        101 |        101 |       0 |    0 |   16 |      0 |      0 |    0 |          0 |
|       (tile_0_0) |      PE_116 |          5 |          5 |       0 |    0 |   16 |      0 |      0 |    0 |          0 |
|       mac_unit   | MacUnit_117 |         96 |         96 |       0 |    0 |    0 |      0 |      0 |    0 |          0 |
|   mesh_4_4       |     Tile_35 |        101 |        101 |       0 |    0 |   16 |      0 |      0 |    0 |          0 |
|     tile_0_0     |      PE_114 |        101 |        101 |       0 |    0 |   16 |      0 |      0 |    0 |          0 |
|       (tile_0_0) |      PE_114 |          5 |          5 |       0 |    0 |   16 |      0 |      0 |    0 |          0 |
|       mac_unit   | MacUnit_115 |         96 |         96 |       0 |    0 |    0 |      0 |      0 |    0 |          0 |
|   mesh_4_5       |     Tile_36 |        101 |        101 |       0 |    0 |   16 |      0 |      0 |    0 |          0 |
|     tile_0_0     |      PE_112 |        101 |        101 |       0 |    0 |   16 |      0 |      0 |    0 |          0 |
|       (tile_0_0) |      PE_112 |          5 |          5 |       0 |    0 |   16 |      0 |      0 |    0 |          0 |
|       mac_unit   | MacUnit_113 |         96 |         96 |       0 |    0 |    0 |      0 |      0 |    0 |          0 |
|   mesh_4_6       |     Tile_37 |        101 |        101 |       0 |    0 |   16 |      0 |      0 |    0 |          0 |
|     tile_0_0     |      PE_110 |        101 |        101 |       0 |    0 |   16 |      0 |      0 |    0 |          0 |
|       (tile_0_0) |      PE_110 |          5 |          5 |       0 |    0 |   16 |      0 |      0 |    0 |          0 |
|       mac_unit   | MacUnit_111 |         96 |         96 |       0 |    0 |    0 |      0 |      0 |    0 |          0 |
|   mesh_4_7       |     Tile_38 |        101 |        101 |       0 |    0 |   16 |      0 |      0 |    0 |          0 |
|     tile_0_0     |      PE_108 |        101 |        101 |       0 |    0 |   16 |      0 |      0 |    0 |          0 |
|       (tile_0_0) |      PE_108 |          5 |          5 |       0 |    0 |   16 |      0 |      0 |    0 |          0 |
|       mac_unit   | MacUnit_109 |         96 |         96 |       0 |    0 |    0 |      0 |      0 |    0 |          0 |
|   mesh_5_0       |     Tile_39 |        102 |        102 |       0 |    0 |   16 |      0 |      0 |    0 |          0 |
|     tile_0_0     |      PE_106 |        102 |        102 |       0 |    0 |   16 |      0 |      0 |    0 |          0 |
|       (tile_0_0) |      PE_106 |          5 |          5 |       0 |    0 |   16 |      0 |      0 |    0 |          0 |
|       mac_unit   | MacUnit_107 |         97 |         97 |       0 |    0 |    0 |      0 |      0 |    0 |          0 |
|   mesh_5_1       |     Tile_40 |        102 |        102 |       0 |    0 |   16 |      0 |      0 |    0 |          0 |
|     tile_0_0     |      PE_104 |        102 |        102 |       0 |    0 |   16 |      0 |      0 |    0 |          0 |
|       (tile_0_0) |      PE_104 |          5 |          5 |       0 |    0 |   16 |      0 |      0 |    0 |          0 |
|       mac_unit   | MacUnit_105 |         97 |         97 |       0 |    0 |    0 |      0 |      0 |    0 |          0 |
|   mesh_5_2       |     Tile_41 |        102 |        102 |       0 |    0 |   16 |      0 |      0 |    0 |          0 |
|     tile_0_0     |      PE_102 |        102 |        102 |       0 |    0 |   16 |      0 |      0 |    0 |          0 |
|       (tile_0_0) |      PE_102 |          5 |          5 |       0 |    0 |   16 |      0 |      0 |    0 |          0 |
|       mac_unit   | MacUnit_103 |         97 |         97 |       0 |    0 |    0 |      0 |      0 |    0 |          0 |
|   mesh_5_3       |     Tile_42 |        102 |        102 |       0 |    0 |   16 |      0 |      0 |    0 |          0 |
|     tile_0_0     |      PE_100 |        102 |        102 |       0 |    0 |   16 |      0 |      0 |    0 |          0 |
|       (tile_0_0) |      PE_100 |          5 |          5 |       0 |    0 |   16 |      0 |      0 |    0 |          0 |
|       mac_unit   | MacUnit_101 |         97 |         97 |       0 |    0 |    0 |      0 |      0 |    0 |          0 |
|   mesh_5_4       |     Tile_43 |        102 |        102 |       0 |    0 |   16 |      0 |      0 |    0 |          0 |
|     tile_0_0     |       PE_98 |        102 |        102 |       0 |    0 |   16 |      0 |      0 |    0 |          0 |
|       (tile_0_0) |       PE_98 |          5 |          5 |       0 |    0 |   16 |      0 |      0 |    0 |          0 |
|       mac_unit   |  MacUnit_99 |         97 |         97 |       0 |    0 |    0 |      0 |      0 |    0 |          0 |
|   mesh_5_5       |     Tile_44 |        102 |        102 |       0 |    0 |   16 |      0 |      0 |    0 |          0 |
|     tile_0_0     |       PE_96 |        102 |        102 |       0 |    0 |   16 |      0 |      0 |    0 |          0 |
|       (tile_0_0) |       PE_96 |          5 |          5 |       0 |    0 |   16 |      0 |      0 |    0 |          0 |
|       mac_unit   |  MacUnit_97 |         97 |         97 |       0 |    0 |    0 |      0 |      0 |    0 |          0 |
|   mesh_5_6       |     Tile_45 |        102 |        102 |       0 |    0 |   16 |      0 |      0 |    0 |          0 |
|     tile_0_0     |       PE_94 |        102 |        102 |       0 |    0 |   16 |      0 |      0 |    0 |          0 |
|       (tile_0_0) |       PE_94 |          5 |          5 |       0 |    0 |   16 |      0 |      0 |    0 |          0 |
|       mac_unit   |  MacUnit_95 |         97 |         97 |       0 |    0 |    0 |      0 |      0 |    0 |          0 |
|   mesh_5_7       |     Tile_46 |        102 |        102 |       0 |    0 |   16 |      0 |      0 |    0 |          0 |
|     tile_0_0     |       PE_92 |        102 |        102 |       0 |    0 |   16 |      0 |      0 |    0 |          0 |
|       (tile_0_0) |       PE_92 |          5 |          5 |       0 |    0 |   16 |      0 |      0 |    0 |          0 |
|       mac_unit   |  MacUnit_93 |         97 |         97 |       0 |    0 |    0 |      0 |      0 |    0 |          0 |
|   mesh_6_0       |     Tile_47 |        103 |        103 |       0 |    0 |   16 |      0 |      0 |    0 |          0 |
|     tile_0_0     |       PE_90 |        103 |        103 |       0 |    0 |   16 |      0 |      0 |    0 |          0 |
|       (tile_0_0) |       PE_90 |          5 |          5 |       0 |    0 |   16 |      0 |      0 |    0 |          0 |
|       mac_unit   |  MacUnit_91 |         98 |         98 |       0 |    0 |    0 |      0 |      0 |    0 |          0 |
|   mesh_6_1       |     Tile_48 |        103 |        103 |       0 |    0 |   16 |      0 |      0 |    0 |          0 |
|     tile_0_0     |       PE_88 |        103 |        103 |       0 |    0 |   16 |      0 |      0 |    0 |          0 |
|       (tile_0_0) |       PE_88 |          5 |          5 |       0 |    0 |   16 |      0 |      0 |    0 |          0 |
|       mac_unit   |  MacUnit_89 |         98 |         98 |       0 |    0 |    0 |      0 |      0 |    0 |          0 |
|   mesh_6_2       |     Tile_49 |        103 |        103 |       0 |    0 |   16 |      0 |      0 |    0 |          0 |
|     tile_0_0     |       PE_86 |        103 |        103 |       0 |    0 |   16 |      0 |      0 |    0 |          0 |
|       (tile_0_0) |       PE_86 |          5 |          5 |       0 |    0 |   16 |      0 |      0 |    0 |          0 |
|       mac_unit   |  MacUnit_87 |         98 |         98 |       0 |    0 |    0 |      0 |      0 |    0 |          0 |
|   mesh_6_3       |     Tile_50 |        103 |        103 |       0 |    0 |   16 |      0 |      0 |    0 |          0 |
|     tile_0_0     |       PE_84 |        103 |        103 |       0 |    0 |   16 |      0 |      0 |    0 |          0 |
|       (tile_0_0) |       PE_84 |          5 |          5 |       0 |    0 |   16 |      0 |      0 |    0 |          0 |
|       mac_unit   |  MacUnit_85 |         98 |         98 |       0 |    0 |    0 |      0 |      0 |    0 |          0 |
|   mesh_6_4       |     Tile_51 |        103 |        103 |       0 |    0 |   16 |      0 |      0 |    0 |          0 |
|     tile_0_0     |       PE_82 |        103 |        103 |       0 |    0 |   16 |      0 |      0 |    0 |          0 |
|       (tile_0_0) |       PE_82 |          5 |          5 |       0 |    0 |   16 |      0 |      0 |    0 |          0 |
|       mac_unit   |  MacUnit_83 |         98 |         98 |       0 |    0 |    0 |      0 |      0 |    0 |          0 |
|   mesh_6_5       |     Tile_52 |        103 |        103 |       0 |    0 |   16 |      0 |      0 |    0 |          0 |
|     tile_0_0     |       PE_80 |        103 |        103 |       0 |    0 |   16 |      0 |      0 |    0 |          0 |
|       (tile_0_0) |       PE_80 |          5 |          5 |       0 |    0 |   16 |      0 |      0 |    0 |          0 |
|       mac_unit   |  MacUnit_81 |         98 |         98 |       0 |    0 |    0 |      0 |      0 |    0 |          0 |
|   mesh_6_6       |     Tile_53 |        103 |        103 |       0 |    0 |   16 |      0 |      0 |    0 |          0 |
|     tile_0_0     |       PE_78 |        103 |        103 |       0 |    0 |   16 |      0 |      0 |    0 |          0 |
|       (tile_0_0) |       PE_78 |          5 |          5 |       0 |    0 |   16 |      0 |      0 |    0 |          0 |
|       mac_unit   |  MacUnit_79 |         98 |         98 |       0 |    0 |    0 |      0 |      0 |    0 |          0 |
|   mesh_6_7       |     Tile_54 |        103 |        103 |       0 |    0 |   16 |      0 |      0 |    0 |          0 |
|     tile_0_0     |       PE_76 |        103 |        103 |       0 |    0 |   16 |      0 |      0 |    0 |          0 |
|       (tile_0_0) |       PE_76 |          5 |          5 |       0 |    0 |   16 |      0 |      0 |    0 |          0 |
|       mac_unit   |  MacUnit_77 |         98 |         98 |       0 |    0 |    0 |      0 |      0 |    0 |          0 |
|   mesh_7_0       |     Tile_56 |        104 |        104 |       0 |    0 |   16 |      0 |      0 |    0 |          0 |
|     tile_0_0     |       PE_74 |        104 |        104 |       0 |    0 |   16 |      0 |      0 |    0 |          0 |
|       (tile_0_0) |       PE_74 |          5 |          5 |       0 |    0 |   16 |      0 |      0 |    0 |          0 |
|       mac_unit   |  MacUnit_75 |         99 |         99 |       0 |    0 |    0 |      0 |      0 |    0 |          0 |
|   mesh_7_1       |  Tile_56_55 |        104 |        104 |       0 |    0 |   16 |      0 |      0 |    0 |          0 |
|     tile_0_0     |       PE_72 |        104 |        104 |       0 |    0 |   16 |      0 |      0 |    0 |          0 |
|       (tile_0_0) |       PE_72 |          5 |          5 |       0 |    0 |   16 |      0 |      0 |    0 |          0 |
|       mac_unit   |  MacUnit_73 |         99 |         99 |       0 |    0 |    0 |      0 |      0 |    0 |          0 |
|   mesh_7_2       |  Tile_56_56 |        104 |        104 |       0 |    0 |   16 |      0 |      0 |    0 |          0 |
|     tile_0_0     |       PE_70 |        104 |        104 |       0 |    0 |   16 |      0 |      0 |    0 |          0 |
|       (tile_0_0) |       PE_70 |          5 |          5 |       0 |    0 |   16 |      0 |      0 |    0 |          0 |
|       mac_unit   |  MacUnit_71 |         99 |         99 |       0 |    0 |    0 |      0 |      0 |    0 |          0 |
|   mesh_7_3       |  Tile_56_57 |        104 |        104 |       0 |    0 |   16 |      0 |      0 |    0 |          0 |
|     tile_0_0     |       PE_68 |        104 |        104 |       0 |    0 |   16 |      0 |      0 |    0 |          0 |
|       (tile_0_0) |       PE_68 |          5 |          5 |       0 |    0 |   16 |      0 |      0 |    0 |          0 |
|       mac_unit   |  MacUnit_69 |         99 |         99 |       0 |    0 |    0 |      0 |      0 |    0 |          0 |
|   mesh_7_4       |  Tile_56_58 |        104 |        104 |       0 |    0 |   16 |      0 |      0 |    0 |          0 |
|     tile_0_0     |       PE_66 |        104 |        104 |       0 |    0 |   16 |      0 |      0 |    0 |          0 |
|       (tile_0_0) |       PE_66 |          5 |          5 |       0 |    0 |   16 |      0 |      0 |    0 |          0 |
|       mac_unit   |  MacUnit_67 |         99 |         99 |       0 |    0 |    0 |      0 |      0 |    0 |          0 |
|   mesh_7_5       |  Tile_56_59 |        104 |        104 |       0 |    0 |   16 |      0 |      0 |    0 |          0 |
|     tile_0_0     |       PE_64 |        104 |        104 |       0 |    0 |   16 |      0 |      0 |    0 |          0 |
|       (tile_0_0) |       PE_64 |          5 |          5 |       0 |    0 |   16 |      0 |      0 |    0 |          0 |
|       mac_unit   |  MacUnit_65 |         99 |         99 |       0 |    0 |    0 |      0 |      0 |    0 |          0 |
|   mesh_7_6       |  Tile_56_60 |        104 |        104 |       0 |    0 |   16 |      0 |      0 |    0 |          0 |
|     tile_0_0     |       PE_62 |        104 |        104 |       0 |    0 |   16 |      0 |      0 |    0 |          0 |
|       (tile_0_0) |       PE_62 |          5 |          5 |       0 |    0 |   16 |      0 |      0 |    0 |          0 |
|       mac_unit   |  MacUnit_63 |         99 |         99 |       0 |    0 |    0 |      0 |      0 |    0 |          0 |
|   mesh_7_7       |  Tile_56_61 |        104 |        104 |       0 |    0 |   16 |      0 |      0 |    0 |          0 |
|     tile_0_0     |          PE |        104 |        104 |       0 |    0 |   16 |      0 |      0 |    0 |          0 |
|       (tile_0_0) |          PE |          5 |          5 |       0 |    0 |   16 |      0 |      0 |    0 |          0 |
|       mac_unit   |     MacUnit |         99 |         99 |       0 |    0 |    0 |      0 |      0 |    0 |          0 |
+------------------+-------------+------------+------------+---------+------+------+--------+--------+------+------------+
* Note: The sum of lower-level cells may be larger than their parent cells total, due to cross-hierarchy LUT combining


