B_START dsv4-gateup S=8  Tue Sep 29 02:40:24 EDT 2026
dsv4-gateup: {"roles": 10, "instances": 72, "fifos": 200, "streams": 32}
staged 10 role project(s) in 34.6s (frontend + per-role HLS codegen)
synthesising and exporting 10 unit(s) concurrently:
  pe_r4: rc=0 56.7s
  pe_r7: rc=0 59.3s
  pe_r5: rc=0 59.9s
  pe_r1: rc=0 60.6s
  pe_r3: rc=0 60.9s
  pe_r0: rc=0 61.4s
  pe_r8: rc=0 61.4s
  pe_r2: rc=0 61.4s
  pe_r6: rc=0 62.3s
  laneq_k896n16_r0: rc=0 63.1s
HLS: 63.1s wall for 10 roles and 0 movers (607.0s of CPU work, 72 instances)
assembling the array in Vivado:
  stage synth 161.015
  stage opt 8.255
  stage place 200.59
  stage physopt 2.257
  stage route 50.792
  unrouted 0
Vivado implemented 72 instances in 457.8s
  array clock: 3.029 ns achieved against a 3.333 ns target (WNS +0.304 ns)
simulating the assembled array:
  SPMW XFORM 1 done_cycle=57425 first_in=1
  SPMW XFORM 2 done_cycle=114769 first_in=1
  SPMW XFORM 3 done_cycle=172113 first_in=1
  SPMW XFORM 4 done_cycle=229457 first_in=1
  SPMW XFORM 5 done_cycle=286801 first_in=1
  SPMW XFORM 6 done_cycle=344145 first_in=1
  SPMW XFORM 7 done_cycle=401489 first_in=1
  SPMW XFORM 8 done_cycle=458833 first_in=1
  SPMW XFORM 9 done_cycle=516177 first_in=1
  SPMW XFORM 10 done_cycle=573521 first_in=1
  SPMW XFORM 11 done_cycle=630865 first_in=1
  SPMW XFORM 12 done_cycle=688209 first_in=1
  SPMW XFORM 13 done_cycle=745553 first_in=1
  SPMW XFORM 14 done_cycle=802897 first_in=1
  SPMW XFORM 15 done_cycle=860241 first_in=1
  SPMW XFORM 16 done_cycle=917585 first_in=1
  SPMW COSIM PASS (8192/8192 tokens, 0 errors)
  SPMW CYCLES total=917585 first_out=57355 first_in=1
B_RC=0 wall_s=843
