Copyright 1986-2022 Xilinx, Inc. All Rights Reserved. Copyright 2022-2023 Advanced Micro Devices, Inc. All Rights Reserved.
--------------------------------------------------------------------------------------------------------------------------------------------------
| Tool Version      : Vivado v.2023.2 (lin64) Build 4029153 Fri Oct 13 20:13:54 MDT 2023
| Date              : Tue Sep  8 05:21:14 2026
| Host              : brg-zhang-xcel.ece.cornell.edu running 64-bit Red Hat Enterprise Linux 9.8 (Plow)
| Command           : report_timing_summary -file timing.rpt
| Design            : dut_norm
| Device            : xcu280-fsvh2892
| Speed File        : -2L  PRODUCTION 1.30 05-01-2022
| Design State      : Routed
| Temperature Grade : E
--------------------------------------------------------------------------------------------------------------------------------------------------

Timing Summary Report

------------------------------------------------------------------------------------------------
| Timer Settings
| --------------
------------------------------------------------------------------------------------------------

  Enable Multi Corner Analysis               :  Yes
  Enable Pessimism Removal                   :  Yes
  Pessimism Removal Resolution               :  Nearest Common Node
  Enable Input Delay Default Clock           :  No
  Enable Preset / Clear Arcs                 :  No
  Disable Flight Delays                      :  No
  Ignore I/O Paths                           :  No
  Timing Early Launch at Borrowing Latches   :  No
  Borrow Time for Max Delay Exceptions       :  Yes
  Merge Timing Exceptions                    :  Yes
  Inter-SLR Compensation                     :  Conservative

  Corner  Analyze    Analyze    
  Name    Max Paths  Min Paths  
  ------  ---------  ---------  
  Slow    Yes        Yes        
  Fast    Yes        Yes        


------------------------------------------------------------------------------------------------
| Report Methodology
| ------------------
------------------------------------------------------------------------------------------------

No report available as report_methodology has not been run prior. Run report_methodology on the current design for the summary of methodology violations.



check_timing report

Table of Contents
-----------------
1. checking no_clock (0)
2. checking constant_clock (0)
3. checking pulse_width_clock (0)
4. checking unconstrained_internal_endpoints (0)
5. checking no_input_delay (129)
6. checking no_output_delay (278)
7. checking multiple_clock (0)
8. checking generated_clocks (0)
9. checking loops (0)
10. checking partial_input_delay (0)
11. checking partial_output_delay (0)
12. checking latch_loops (0)

1. checking no_clock (0)
------------------------
 There are 0 register/latch pins with no clock.


2. checking constant_clock (0)
------------------------------
 There are 0 register/latch pins with constant_clock.


3. checking pulse_width_clock (0)
---------------------------------
 There are 0 register/latch pins which need pulse_width check


4. checking unconstrained_internal_endpoints (0)
------------------------------------------------
 There are 0 pins that are not constrained for maximum delay.

 There are 0 pins that are not constrained for maximum delay due to constant clock.


5. checking no_input_delay (129)
--------------------------------
 There are 129 input ports with no input delay specified. (HIGH)

 There are 0 input ports with no input delay but user has a false path constraint.


6. checking no_output_delay (278)
---------------------------------
 There are 278 ports with no output delay specified. (HIGH)

 There are 0 ports with no output delay but user has a false path constraint

 There are 0 ports with no output delay but with a timing clock defined on it or propagating through it


7. checking multiple_clock (0)
------------------------------
 There are 0 register/latch pins with multiple clocks.


8. checking generated_clocks (0)
--------------------------------
 There are 0 generated clocks that are not connected to a clock source.


9. checking loops (0)
---------------------
 There are 0 combinational loops in the design.


10. checking partial_input_delay (0)
------------------------------------
 There are 0 input ports with partial input delay specified.


11. checking partial_output_delay (0)
-------------------------------------
 There are 0 ports with partial output delay specified.


12. checking latch_loops (0)
----------------------------
 There are 0 combinational latch loops in the design through latch input



------------------------------------------------------------------------------------------------
| Design Timing Summary
| ---------------------
------------------------------------------------------------------------------------------------

    WNS(ns)      TNS(ns)  TNS Failing Endpoints  TNS Total Endpoints      WHS(ns)      THS(ns)  THS Failing Endpoints  THS Total Endpoints     WPWS(ns)     TPWS(ns)  TPWS Failing Endpoints  TPWS Total Endpoints  
    -------      -------  ---------------------  -------------------      -------      -------  ---------------------  -------------------     --------     --------  ----------------------  --------------------  
      1.050        0.000                      0                16784        0.037        0.000                      0                16784        1.391        0.000                       0                  8529  


All user specified timing constraints are met.


------------------------------------------------------------------------------------------------
| Clock Summary
| -------------
------------------------------------------------------------------------------------------------

Clock   Waveform(ns)         Period(ns)      Frequency(MHz)
-----   ------------         ----------      --------------
ap_clk  {0.000 1.666}        3.333           300.030         


------------------------------------------------------------------------------------------------
| Intra Clock Table
| -----------------
------------------------------------------------------------------------------------------------

Clock             WNS(ns)      TNS(ns)  TNS Failing Endpoints  TNS Total Endpoints      WHS(ns)      THS(ns)  THS Failing Endpoints  THS Total Endpoints     WPWS(ns)     TPWS(ns)  TPWS Failing Endpoints  TPWS Total Endpoints  
-----             -------      -------  ---------------------  -------------------      -------      -------  ---------------------  -------------------     --------     --------  ----------------------  --------------------  
ap_clk              1.050        0.000                      0                16784        0.037        0.000                      0                16784        1.391        0.000                       0                  8529  


------------------------------------------------------------------------------------------------
| Inter Clock Table
| -----------------
------------------------------------------------------------------------------------------------

From Clock    To Clock          WNS(ns)      TNS(ns)  TNS Failing Endpoints  TNS Total Endpoints      WHS(ns)      THS(ns)  THS Failing Endpoints  THS Total Endpoints  
----------    --------          -------      -------  ---------------------  -------------------      -------      -------  ---------------------  -------------------  


------------------------------------------------------------------------------------------------
| Other Path Groups Table
| -----------------------
------------------------------------------------------------------------------------------------

Path Group    From Clock    To Clock          WNS(ns)      TNS(ns)  TNS Failing Endpoints  TNS Total Endpoints      WHS(ns)      THS(ns)  THS Failing Endpoints  THS Total Endpoints  
----------    ----------    --------          -------      -------  ---------------------  -------------------      -------      -------  ---------------------  -------------------  


------------------------------------------------------------------------------------------------
| Timing Details
| --------------
------------------------------------------------------------------------------------------------


---------------------------------------------------------------------------------------------------
From Clock:  ap_clk
  To Clock:  ap_clk

Setup :            0  Failing Endpoints,  Worst Slack        1.050ns,  Total Violation        0.000ns
Hold  :            0  Failing Endpoints,  Worst Slack        0.037ns,  Total Violation        0.000ns
PW    :            0  Failing Endpoints,  Worst Slack        1.391ns,  Total Violation        0.000ns
---------------------------------------------------------------------------------------------------


Max Delay Paths
--------------------------------------------------------------------------------------
Slack (MET) :             1.050ns  (required time - arrival time)
  Source:                 row[3].col[2].u_pe/b_reg_reg[3]/C
                            (rising edge-triggered cell FDRE clocked by ap_clk  {rise@0.000ns fall@1.666ns period=3.333ns})
  Destination:            row[3].col[2].u_pe/prod_reg[15]/D
                            (rising edge-triggered cell FDRE clocked by ap_clk  {rise@0.000ns fall@1.666ns period=3.333ns})
  Path Group:             ap_clk
  Path Type:              Setup (Max at Slow Process Corner)
  Requirement:            3.333ns  (ap_clk rise@3.333ns - ap_clk rise@0.000ns)
  Data Path Delay:        2.264ns  (logic 0.890ns (39.310%)  route 1.374ns (60.690%))
  Logic Levels:           7  (CARRY8=3 LUT3=1 LUT4=1 LUT6=2)
  Clock Path Skew:        -0.009ns (DCD - SCD + CPR)
    Destination Clock Delay (DCD):    0.020ns = ( 3.353 - 3.333 ) 
    Source Clock Delay      (SCD):    0.029ns
    Clock Pessimism Removal (CPR):    0.000ns
  Clock Uncertainty:      0.035ns  ((TSJ^2 + TIJ^2)^1/2 + DJ) / 2 + PE
    Total System Jitter     (TSJ):    0.071ns
    Total Input Jitter      (TIJ):    0.000ns
    Discrete Jitter          (DJ):    0.000ns
    Phase Error              (PE):    0.000ns

    Location             Delay type                Incr(ns)  Path(ns)    Netlist Resource(s)
  -------------------------------------------------------------------    -------------------
                         (clock ap_clk rise edge)     0.000     0.000 r  
                                                      0.000     0.000 r  ap_clk (IN)
                         net (fo=8528, unset)         0.029     0.029    row[3].col[2].u_pe/ap_clk
    SLICE_X155Y128       FDRE                                         r  row[3].col[2].u_pe/b_reg_reg[3]/C
  -------------------------------------------------------------------    -------------------
    SLICE_X155Y128       FDRE (Prop_EFF_SLICEL_C_Q)
                                                      0.079     0.108 r  row[3].col[2].u_pe/b_reg_reg[3]/Q
                         net (fo=17, routed)          0.508     0.616    row[3].col[2].u_pe/b_out[3]
    SLICE_X151Y133       LUT6 (Prop_G6LUT_SLICEL_I4_O)
                                                      0.149     0.765 r  row[3].col[2].u_pe/prod[3]_i_6/O
                         net (fo=2, routed)           0.197     0.962    row[3].col[2].u_pe/prod[3]_i_6_n_0
    SLICE_X151Y132       LUT6 (Prop_E6LUT_SLICEL_I0_O)
                                                      0.147     1.109 r  row[3].col[2].u_pe/prod[3]_i_13__25/O
                         net (fo=1, routed)           0.007     1.116    row[3].col[2].u_pe/prod[3]_i_13__25_n_0
    SLICE_X151Y132       CARRY8 (Prop_CARRY8_SLICEL_S[4]_O[5])
                                                      0.091     1.207 r  row[3].col[2].u_pe/prod_reg[3]_i_2/O[5]
                         net (fo=2, routed)           0.393     1.600    row[3].col[2].u_pe/prod_reg[3]_i_2_n_10
    SLICE_X147Y133       LUT3 (Prop_E5LUT_SLICEL_I1_O)
                                                      0.138     1.738 r  row[3].col[2].u_pe/prod[11]_i_4/O
                         net (fo=2, routed)           0.207     1.944    row[3].col[2].u_pe/prod[11]_i_4_n_0
    SLICE_X147Y133       LUT4 (Prop_F6LUT_SLICEL_I3_O)
                                                      0.049     1.993 r  row[3].col[2].u_pe/prod[11]_i_12/O
                         net (fo=1, routed)           0.011     2.004    row[3].col[2].u_pe/prod[11]_i_12_n_0
    SLICE_X147Y133       CARRY8 (Prop_CARRY8_SLICEL_S[5]_CO[7])
                                                      0.155     2.159 r  row[3].col[2].u_pe/prod_reg[11]_i_1/CO[7]
                         net (fo=1, routed)           0.026     2.185    row[3].col[2].u_pe/prod_reg[11]_i_1_n_0
    SLICE_X147Y134       CARRY8 (Prop_CARRY8_SLICEL_CI_O[3])
                                                      0.082     2.267 r  row[3].col[2].u_pe/prod_reg[15]_i_1/O[3]
                         net (fo=1, routed)           0.026     2.293    row[3].col[2].u_pe/prod0[15]
    SLICE_X147Y134       FDRE                                         r  row[3].col[2].u_pe/prod_reg[15]/D
  -------------------------------------------------------------------    -------------------

                         (clock ap_clk rise edge)     3.333     3.333 r  
                                                      0.000     3.333 r  ap_clk (IN)
                         net (fo=8528, unset)         0.020     3.353    row[3].col[2].u_pe/ap_clk
    SLICE_X147Y134       FDRE                                         r  row[3].col[2].u_pe/prod_reg[15]/C
                         clock pessimism              0.000     3.353    
                         clock uncertainty           -0.035     3.318    
    SLICE_X147Y134       FDRE (Setup_DFF_SLICEL_C_D)
                                                      0.025     3.343    row[3].col[2].u_pe/prod_reg[15]
  -------------------------------------------------------------------
                         required time                          3.343    
                         arrival time                          -2.293    
  -------------------------------------------------------------------
                         slack                                  1.050    





Min Delay Paths
--------------------------------------------------------------------------------------
Slack (MET) :             0.037ns  (arrival time - required time)
  Source:                 row[1].col[6].u_pe/count_reg[1]/C
                            (rising edge-triggered cell FDRE clocked by ap_clk  {rise@0.000ns fall@1.666ns period=3.333ns})
  Destination:            row[1].col[6].u_pe/count_reg[2]/D
                            (rising edge-triggered cell FDRE clocked by ap_clk  {rise@0.000ns fall@1.666ns period=3.333ns})
  Path Group:             ap_clk
  Path Type:              Hold (Min at Fast Process Corner)
  Requirement:            0.000ns  (ap_clk rise@0.000ns - ap_clk rise@0.000ns)
  Data Path Delay:        0.090ns  (logic 0.059ns (65.666%)  route 0.031ns (34.334%))
  Logic Levels:           1  (LUT3=1)
  Clock Path Skew:        0.006ns (DCD - SCD - CPR)
    Destination Clock Delay (DCD):    0.019ns
    Source Clock Delay      (SCD):    0.013ns
    Clock Pessimism Removal (CPR):    -0.000ns

    Location             Delay type                Incr(ns)  Path(ns)    Netlist Resource(s)
  -------------------------------------------------------------------    -------------------
                         (clock ap_clk rise edge)     0.000     0.000 r  
                                                      0.000     0.000 r  ap_clk (IN)
                         net (fo=8528, unset)         0.013     0.013    row[1].col[6].u_pe/ap_clk
    SLICE_X168Y116       FDRE                                         r  row[1].col[6].u_pe/count_reg[1]/C
  -------------------------------------------------------------------    -------------------
    SLICE_X168Y116       FDRE (Prop_HFF_SLICEL_C_Q)
                                                      0.039     0.052 r  row[1].col[6].u_pe/count_reg[1]/Q
                         net (fo=4, routed)           0.025     0.077    row[1].col[6].u_pe/count[1]
    SLICE_X168Y116       LUT3 (Prop_H5LUT_SLICEL_I0_O)
                                                      0.020     0.097 r  row[1].col[6].u_pe/count[2]_i_1__13/O
                         net (fo=1, routed)           0.006     0.103    row[1].col[6].u_pe/count[2]_i_1__13_n_0
    SLICE_X168Y116       FDRE                                         r  row[1].col[6].u_pe/count_reg[2]/D
  -------------------------------------------------------------------    -------------------

                         (clock ap_clk rise edge)     0.000     0.000 r  
                                                      0.000     0.000 r  ap_clk (IN)
                         net (fo=8528, unset)         0.019     0.019    row[1].col[6].u_pe/ap_clk
    SLICE_X168Y116       FDRE                                         r  row[1].col[6].u_pe/count_reg[2]/C
                         clock pessimism              0.000     0.019    
    SLICE_X168Y116       FDRE (Hold_HFF2_SLICEL_C_D)
                                                      0.047     0.066    row[1].col[6].u_pe/count_reg[2]
  -------------------------------------------------------------------
                         required time                         -0.066    
                         arrival time                           0.103    
  -------------------------------------------------------------------
                         slack                                  0.037    





Pulse Width Checks
--------------------------------------------------------------------------------------
Clock Name:         ap_clk
Waveform(ns):       { 0.000 1.666 }
Period(ns):         3.333
Sources:            { ap_clk }

Check Type        Corner  Lib Pin  Reference Pin  Required(ns)  Actual(ns)  Slack(ns)  Location        Pin
Min Period        n/a     FDRE/C   n/a            0.550         3.333       2.783      SLICE_X159Y134  c_out_write_reg_reg[0]/C
Low Pulse Width   Slow    FDRE/C   n/a            0.275         1.666       1.391      SLICE_X159Y134  c_out_write_reg_reg[0]/C
High Pulse Width  Slow    FDRE/C   n/a            0.275         1.666       1.391      SLICE_X159Y134  c_out_write_reg_reg[0]/C



