

================================================================
== Vitis HLS Report for 'kernel0'
================================================================
* Date:           Mon Sep  7 20:37:41 2026

* Version:        2023.2 (Build 4023990 on Oct 11 2023)
* Project:        cosim_prj
* Solution:       sol (Vivado IP Flow Target)
* Product family: virtexuplusHBM
* Target device:  xcu280-fsvh2892-2L-e


================================================================
== Performance Estimates
================================================================
+ Timing: 
    * Summary: 
    +--------+---------+----------+------------+
    |  Clock |  Target | Estimated| Uncertainty|
    +--------+---------+----------+------------+
    |ap_clk  |  3.33 ns|  2.542 ns|     0.90 ns|
    +--------+---------+----------+------------+

+ Latency: 
    * Summary: 
    +---------+---------+----------+----------+-----+-----+----------+
    |  Latency (cycles) |  Latency (absolute) |  Interval | Pipeline |
    |   min   |   max   |    min   |    max   | min | max |   Type   |
    +---------+---------+----------+----------+-----+-----+----------+
    |       65|       65|  0.217 us|  0.217 us|   34|   34|  dataflow|
    +---------+---------+----------+----------+-----+-----+----------+

    + Detail: 
        * Instance: 
        +------------------------------------------+---------------------------------------+---------+---------+-----------+-----------+-----+-----+---------+
        |                                          |                                       |  Latency (cycles) |   Latency (absolute)  |  Interval | Pipeline|
        |                 Instance                 |                 Module                |   min   |   max   |    min    |    max    | min | max |   Type  |
        +------------------------------------------+---------------------------------------+---------+---------+-----------+-----------+-----+-----+---------+
        |entry_proc_U0                             |entry_proc                             |        0|        0|       0 ns|       0 ns|    0|    0|       no|
        |A_IO_L3_in_U0                             |A_IO_L3_in                             |       15|       15|  49.995 ns|  49.995 ns|   15|   15|       no|
        |B_IO_L3_in_U0                             |B_IO_L3_in                             |       15|       15|  49.995 ns|  49.995 ns|   15|   15|       no|
        |A_IO_L2_in_1_U0                           |A_IO_L2_in_1                           |        7|       20|  23.331 ns|  66.660 ns|    7|   20|       no|
        |B_IO_L2_in_3_U0                           |B_IO_L2_in_3                           |        7|       20|  23.331 ns|  66.660 ns|    7|   20|       no|
        |A_IO_L2_in_2_U0                           |A_IO_L2_in_2                           |        7|       20|  23.331 ns|  66.660 ns|    7|   20|       no|
        |B_IO_L2_in_4_U0                           |B_IO_L2_in_4                           |        7|       20|  23.331 ns|  66.660 ns|    7|   20|       no|
        |PE_wrapper_5_U0                           |PE_wrapper_5                           |       10|       10|  33.330 ns|  33.330 ns|   10|   10|       no|
        |A_IO_L2_in_U0                             |A_IO_L2_in                             |        7|       20|  23.331 ns|  66.660 ns|    7|   20|       no|
        |B_IO_L2_in_U0                             |B_IO_L2_in                             |        7|       20|  23.331 ns|  66.660 ns|    7|   20|       no|
        |PE_wrapper_6_U0                           |PE_wrapper_6                           |       10|       10|  33.330 ns|  33.330 ns|   10|   10|       no|
        |PE_wrapper_9_U0                           |PE_wrapper_9                           |       10|       10|  33.330 ns|  33.330 ns|   10|   10|       no|
        |A_IO_L2_in_boundary_U0                    |A_IO_L2_in_boundary                    |        5|       17|  16.665 ns|  56.661 ns|    5|   17|       no|
        |B_IO_L2_in_boundary_U0                    |B_IO_L2_in_boundary                    |        5|       17|  16.665 ns|  56.661 ns|    5|   17|       no|
        |PE_wrapper_7_U0                           |PE_wrapper_7                           |       10|       10|  33.330 ns|  33.330 ns|   10|   10|       no|
        |PE_wrapper_10_U0                          |PE_wrapper_10                          |       10|       10|  33.330 ns|  33.330 ns|   10|   10|       no|
        |PE_wrapper_13_U0                          |PE_wrapper_13                          |       10|       10|  33.330 ns|  33.330 ns|   10|   10|       no|
        |PE_wrapper_8_U0                           |PE_wrapper_8                           |       10|       10|  33.330 ns|  33.330 ns|   10|   10|       no|
        |PE_wrapper_11_U0                          |PE_wrapper_11                          |       10|       10|  33.330 ns|  33.330 ns|   10|   10|       no|
        |PE_wrapper_14_U0                          |PE_wrapper_14                          |       10|       10|  33.330 ns|  33.330 ns|   10|   10|       no|
        |PE_wrapper_17_U0                          |PE_wrapper_17                          |       10|       10|  33.330 ns|  33.330 ns|   10|   10|       no|
        |C_drain_IO_L1_out_boundary_wrapper_26_U0  |C_drain_IO_L1_out_boundary_wrapper_26  |        0|        0|       0 ns|       0 ns|    0|    0|       no|
        |PE_wrapper_12_U0                          |PE_wrapper_12                          |       10|       10|  33.330 ns|  33.330 ns|   10|   10|       no|
        |PE_wrapper_15_U0                          |PE_wrapper_15                          |       10|       10|  33.330 ns|  33.330 ns|   10|   10|       no|
        |PE_wrapper_18_U0                          |PE_wrapper_18                          |       10|       10|  33.330 ns|  33.330 ns|   10|   10|       no|
        |A_PE_dummy_in_20_U0                       |A_PE_dummy_in_20                       |        6|        6|  19.998 ns|  19.998 ns|    6|    6|       no|
        |B_PE_dummy_in_23_U0                       |B_PE_dummy_in_23                       |        6|        6|  19.998 ns|  19.998 ns|    6|    6|       no|
        |C_drain_IO_L1_out_wrapper_27_U0           |C_drain_IO_L1_out_wrapper_27           |        5|       12|  16.665 ns|  39.996 ns|    5|   12|       no|
        |C_drain_IO_L1_out_boundary_wrapper_30_U0  |C_drain_IO_L1_out_boundary_wrapper_30  |        0|        0|       0 ns|       0 ns|    0|    0|       no|
        |PE_wrapper_16_U0                          |PE_wrapper_16                          |       10|       10|  33.330 ns|  33.330 ns|   10|   10|       no|
        |PE_wrapper_19_U0                          |PE_wrapper_19                          |       10|       10|  33.330 ns|  33.330 ns|   10|   10|       no|
        |A_PE_dummy_in_21_U0                       |A_PE_dummy_in_21                       |        6|        6|  19.998 ns|  19.998 ns|    6|    6|       no|
        |B_PE_dummy_in_24_U0                       |B_PE_dummy_in_24                       |        6|        6|  19.998 ns|  19.998 ns|    6|    6|       no|
        |C_drain_IO_L1_out_wrapper_28_U0           |C_drain_IO_L1_out_wrapper_28           |        5|       12|  16.665 ns|  39.996 ns|    5|   12|       no|
        |C_drain_IO_L1_out_wrapper_31_U0           |C_drain_IO_L1_out_wrapper_31           |        5|       12|  16.665 ns|  39.996 ns|    5|   12|       no|
        |C_drain_IO_L1_out_boundary_wrapper_34_U0  |C_drain_IO_L1_out_boundary_wrapper_34  |        0|        0|       0 ns|       0 ns|    0|    0|       no|
        |PE_wrapper_U0                             |PE_wrapper                             |       10|       10|  33.330 ns|  33.330 ns|   10|   10|       no|
        |A_PE_dummy_in_22_U0                       |A_PE_dummy_in_22                       |        6|        6|  19.998 ns|  19.998 ns|    6|    6|       no|
        |B_PE_dummy_in_25_U0                       |B_PE_dummy_in_25                       |        6|        6|  19.998 ns|  19.998 ns|    6|    6|       no|
        |C_drain_IO_L1_out_wrapper_29_U0           |C_drain_IO_L1_out_wrapper_29           |        5|       12|  16.665 ns|  39.996 ns|    5|   12|       no|
        |C_drain_IO_L1_out_wrapper_32_U0           |C_drain_IO_L1_out_wrapper_32           |        5|       12|  16.665 ns|  39.996 ns|    5|   12|       no|
        |C_drain_IO_L1_out_wrapper_35_U0           |C_drain_IO_L1_out_wrapper_35           |        5|       12|  16.665 ns|  39.996 ns|    5|   12|       no|
        |C_drain_IO_L1_out_boundary_wrapper_U0     |C_drain_IO_L1_out_boundary_wrapper     |        0|        0|       0 ns|       0 ns|    0|    0|       no|
        |A_PE_dummy_in_U0                          |A_PE_dummy_in                          |        6|        6|  19.998 ns|  19.998 ns|    6|    6|       no|
        |B_PE_dummy_in_U0                          |B_PE_dummy_in                          |        6|        6|  19.998 ns|  19.998 ns|    6|    6|       no|
        |C_drain_IO_L1_out_wrapper_33_U0           |C_drain_IO_L1_out_wrapper_33           |        5|       12|  16.665 ns|  39.996 ns|    5|   12|       no|
        |C_drain_IO_L1_out_wrapper_36_U0           |C_drain_IO_L1_out_wrapper_36           |        5|       12|  16.665 ns|  39.996 ns|    5|   12|       no|
        |C_drain_IO_L1_out_wrapper_38_U0           |C_drain_IO_L1_out_wrapper_38           |        5|       12|  16.665 ns|  39.996 ns|    5|   12|       no|
        |C_drain_IO_L1_out_wrapper_37_U0           |C_drain_IO_L1_out_wrapper_37           |        5|       12|  16.665 ns|  39.996 ns|    5|   12|       no|
        |C_drain_IO_L1_out_wrapper_39_U0           |C_drain_IO_L1_out_wrapper_39           |        5|       12|  16.665 ns|  39.996 ns|    5|   12|       no|
        |C_drain_IO_L1_out_wrapper_U0              |C_drain_IO_L1_out_wrapper              |        5|       12|  16.665 ns|  39.996 ns|    5|   12|       no|
        |C_drain_IO_L2_out_boundary_U0             |C_drain_IO_L2_out_boundary             |        6|        6|  19.998 ns|  19.998 ns|    6|    6|       no|
        |C_drain_IO_L2_out_40_U0                   |C_drain_IO_L2_out_40                   |       17|       17|  56.661 ns|  56.661 ns|   17|   17|       no|
        |C_drain_IO_L2_out_41_U0                   |C_drain_IO_L2_out_41                   |       25|       25|  83.325 ns|  83.325 ns|   25|   25|       no|
        |C_drain_IO_L2_out_U0                      |C_drain_IO_L2_out                      |       33|       33|   0.110 us|   0.110 us|   33|   33|       no|
        |C_drain_IO_L3_out_U0                      |C_drain_IO_L3_out                      |       27|       27|  89.991 ns|  89.991 ns|   27|   27|       no|
        +------------------------------------------+---------------------------------------+---------+---------+-----------+-----------+-----+-----+---------+

        * Loop: 
        N/A



================================================================
== Utilization Estimates
================================================================
* Summary: 
+---------------------+---------+------+---------+---------+-----+
|         Name        | BRAM_18K|  DSP |    FF   |   LUT   | URAM|
+---------------------+---------+------+---------+---------+-----+
|DSP                  |        -|     -|        -|        -|    -|
|Expression           |        -|     -|        0|       54|    -|
|FIFO                 |        0|     -|     4003|     2496|    -|
|Instance             |       14|    16|     5967|    13642|    0|
|Memory               |        -|     -|        -|        -|    -|
|Multiplexer          |        -|     -|        -|       27|    -|
|Register             |        -|     -|        3|        -|    -|
+---------------------+---------+------+---------+---------+-----+
|Total                |       14|    16|     9973|    16219|    0|
+---------------------+---------+------+---------+---------+-----+
|Available SLR        |     1344|  3008|   869120|   434560|  320|
+---------------------+---------+------+---------+---------+-----+
|Utilization SLR (%)  |        1|    ~0|        1|        3|    0|
+---------------------+---------+------+---------+---------+-----+
|Available            |     4032|  9024|  2607360|  1303680|  960|
+---------------------+---------+------+---------+---------+-----+
|Utilization (%)      |       ~0|    ~0|       ~0|        1|    0|
+---------------------+---------+------+---------+---------+-----+

+ Detail: 
    * Instance: 
    +------------------------------------------+---------------------------------------+---------+----+-----+-----+-----+
    |                 Instance                 |                 Module                | BRAM_18K| DSP|  FF | LUT | URAM|
    +------------------------------------------+---------------------------------------+---------+----+-----+-----+-----+
    |A_IO_L2_in_U0                             |A_IO_L2_in                             |        1|   0|   97|  317|    0|
    |A_IO_L2_in_1_U0                           |A_IO_L2_in_1                           |        1|   0|   97|  317|    0|
    |A_IO_L2_in_2_U0                           |A_IO_L2_in_2                           |        1|   0|   97|  317|    0|
    |A_IO_L2_in_boundary_U0                    |A_IO_L2_in_boundary                    |        1|   0|   89|  243|    0|
    |A_IO_L3_in_U0                             |A_IO_L3_in                             |        0|   0|  187|  142|    0|
    |A_PE_dummy_in_U0                          |A_PE_dummy_in                          |        0|   0|    6|   73|    0|
    |A_PE_dummy_in_20_U0                       |A_PE_dummy_in_20                       |        0|   0|    6|   73|    0|
    |A_PE_dummy_in_21_U0                       |A_PE_dummy_in_21                       |        0|   0|    6|   73|    0|
    |A_PE_dummy_in_22_U0                       |A_PE_dummy_in_22                       |        0|   0|    6|   73|    0|
    |B_IO_L2_in_U0                             |B_IO_L2_in                             |        1|   0|   97|  317|    0|
    |B_IO_L2_in_3_U0                           |B_IO_L2_in_3                           |        1|   0|   97|  317|    0|
    |B_IO_L2_in_4_U0                           |B_IO_L2_in_4                           |        1|   0|   97|  317|    0|
    |B_IO_L2_in_boundary_U0                    |B_IO_L2_in_boundary                    |        1|   0|   89|  243|    0|
    |B_IO_L3_in_U0                             |B_IO_L3_in                             |        0|   0|  187|  142|    0|
    |B_PE_dummy_in_U0                          |B_PE_dummy_in                          |        0|   0|    6|   73|    0|
    |B_PE_dummy_in_23_U0                       |B_PE_dummy_in_23                       |        0|   0|    6|   73|    0|
    |B_PE_dummy_in_24_U0                       |B_PE_dummy_in_24                       |        0|   0|    6|   73|    0|
    |B_PE_dummy_in_25_U0                       |B_PE_dummy_in_25                       |        0|   0|    6|   73|    0|
    |C_drain_IO_L1_out_boundary_wrapper_U0     |C_drain_IO_L1_out_boundary_wrapper     |        0|   0|    2|   29|    0|
    |C_drain_IO_L1_out_boundary_wrapper_26_U0  |C_drain_IO_L1_out_boundary_wrapper_26  |        0|   0|    2|   29|    0|
    |C_drain_IO_L1_out_boundary_wrapper_30_U0  |C_drain_IO_L1_out_boundary_wrapper_30  |        0|   0|    2|   29|    0|
    |C_drain_IO_L1_out_boundary_wrapper_34_U0  |C_drain_IO_L1_out_boundary_wrapper_34  |        0|   0|    2|   29|    0|
    |C_drain_IO_L1_out_wrapper_U0              |C_drain_IO_L1_out_wrapper              |        0|   0|   48|  206|    0|
    |C_drain_IO_L1_out_wrapper_27_U0           |C_drain_IO_L1_out_wrapper_27           |        0|   0|   47|  197|    0|
    |C_drain_IO_L1_out_wrapper_28_U0           |C_drain_IO_L1_out_wrapper_28           |        0|   0|   47|  197|    0|
    |C_drain_IO_L1_out_wrapper_29_U0           |C_drain_IO_L1_out_wrapper_29           |        0|   0|   48|  206|    0|
    |C_drain_IO_L1_out_wrapper_31_U0           |C_drain_IO_L1_out_wrapper_31           |        0|   0|   47|  197|    0|
    |C_drain_IO_L1_out_wrapper_32_U0           |C_drain_IO_L1_out_wrapper_32           |        0|   0|   47|  197|    0|
    |C_drain_IO_L1_out_wrapper_33_U0           |C_drain_IO_L1_out_wrapper_33           |        0|   0|   48|  206|    0|
    |C_drain_IO_L1_out_wrapper_35_U0           |C_drain_IO_L1_out_wrapper_35           |        0|   0|   47|  197|    0|
    |C_drain_IO_L1_out_wrapper_36_U0           |C_drain_IO_L1_out_wrapper_36           |        0|   0|   47|  197|    0|
    |C_drain_IO_L1_out_wrapper_37_U0           |C_drain_IO_L1_out_wrapper_37           |        0|   0|   48|  206|    0|
    |C_drain_IO_L1_out_wrapper_38_U0           |C_drain_IO_L1_out_wrapper_38           |        0|   0|   47|  197|    0|
    |C_drain_IO_L1_out_wrapper_39_U0           |C_drain_IO_L1_out_wrapper_39           |        0|   0|   47|  197|    0|
    |C_drain_IO_L2_out_U0                      |C_drain_IO_L2_out                      |        0|   0|   25|  279|    0|
    |C_drain_IO_L2_out_40_U0                   |C_drain_IO_L2_out_40                   |        0|   0|   22|  279|    0|
    |C_drain_IO_L2_out_41_U0                   |C_drain_IO_L2_out_41                   |        0|   0|   22|  279|    0|
    |C_drain_IO_L2_out_boundary_U0             |C_drain_IO_L2_out_boundary             |        0|   0|    6|   84|    0|
    |C_drain_IO_L3_out_U0                      |C_drain_IO_L3_out                      |        0|   0|  197|  336|    0|
    |PE_wrapper_U0                             |PE_wrapper                             |        0|   1|  100|  250|    0|
    |PE_wrapper_10_U0                          |PE_wrapper_10                          |        0|   1|  100|  250|    0|
    |PE_wrapper_11_U0                          |PE_wrapper_11                          |        0|   1|  100|  250|    0|
    |PE_wrapper_12_U0                          |PE_wrapper_12                          |        0|   1|  100|  250|    0|
    |PE_wrapper_13_U0                          |PE_wrapper_13                          |        0|   1|  100|  250|    0|
    |PE_wrapper_14_U0                          |PE_wrapper_14                          |        0|   1|  100|  250|    0|
    |PE_wrapper_15_U0                          |PE_wrapper_15                          |        0|   1|  100|  250|    0|
    |PE_wrapper_16_U0                          |PE_wrapper_16                          |        0|   1|  100|  250|    0|
    |PE_wrapper_17_U0                          |PE_wrapper_17                          |        0|   1|  100|  250|    0|
    |PE_wrapper_18_U0                          |PE_wrapper_18                          |        0|   1|  100|  250|    0|
    |PE_wrapper_19_U0                          |PE_wrapper_19                          |        0|   1|  100|  250|    0|
    |PE_wrapper_5_U0                           |PE_wrapper_5                           |        0|   1|  100|  250|    0|
    |PE_wrapper_6_U0                           |PE_wrapper_6                           |        0|   1|  100|  250|    0|
    |PE_wrapper_7_U0                           |PE_wrapper_7                           |        0|   1|  100|  250|    0|
    |PE_wrapper_8_U0                           |PE_wrapper_8                           |        0|   1|  100|  250|    0|
    |PE_wrapper_9_U0                           |PE_wrapper_9                           |        0|   1|  100|  250|    0|
    |control_s_axi_U                           |control_s_axi                          |        0|   0|  246|  424|    0|
    |entry_proc_U0                             |entry_proc                             |        0|   0|    3|   29|    0|
    |gmem_A_m_axi_U                            |gmem_A_m_axi                           |        2|   0|  696|  720|    0|
    |gmem_B_m_axi_U                            |gmem_B_m_axi                           |        2|   0|  696|  720|    0|
    |gmem_C_m_axi_U                            |gmem_C_m_axi                           |        2|   0|  696|  720|    0|
    +------------------------------------------+---------------------------------------+---------+----+-----+-----+-----+
    |Total                                     |                                       |       14|  16| 5967|13642|    0|
    +------------------------------------------+---------------------------------------+---------+----+-----+-----+-----+

    * DSP: 
    N/A

    * Memory: 
    N/A

    * FIFO: 
    +--------------------------------------+---------+-----+----+-----+------+-----+---------+
    |                 Name                 | BRAM_18K|  FF | LUT| URAM| Depth| Bits| Size:D*B|
    +--------------------------------------+---------+-----+----+-----+------+-----+---------+
    |C_c_U                                 |        0|  211|   0|    -|    19|   64|     1216|
    |fifo_A_A_IO_L2_in_0_U                 |        0|   68|   0|    -|     2|   32|       64|
    |fifo_A_A_IO_L2_in_1_U                 |        0|   68|   0|    -|     2|   32|       64|
    |fifo_A_A_IO_L2_in_2_U                 |        0|   68|   0|    -|     2|   32|       64|
    |fifo_A_A_IO_L2_in_3_U                 |        0|   68|   0|    -|     2|   32|       64|
    |fifo_A_PE_0_0_U                       |        0|   20|   0|    -|     2|    8|       16|
    |fifo_A_PE_0_1_U                       |        0|   20|   0|    -|     2|    8|       16|
    |fifo_A_PE_0_2_U                       |        0|   20|   0|    -|     2|    8|       16|
    |fifo_A_PE_0_3_U                       |        0|   20|   0|    -|     2|    8|       16|
    |fifo_A_PE_0_4_U                       |        0|   20|   0|    -|     2|    8|       16|
    |fifo_A_PE_1_0_U                       |        0|   20|   0|    -|     2|    8|       16|
    |fifo_A_PE_1_1_U                       |        0|   20|   0|    -|     2|    8|       16|
    |fifo_A_PE_1_2_U                       |        0|   20|   0|    -|     2|    8|       16|
    |fifo_A_PE_1_3_U                       |        0|   20|   0|    -|     2|    8|       16|
    |fifo_A_PE_1_4_U                       |        0|   20|   0|    -|     2|    8|       16|
    |fifo_A_PE_2_0_U                       |        0|   20|   0|    -|     2|    8|       16|
    |fifo_A_PE_2_1_U                       |        0|   20|   0|    -|     2|    8|       16|
    |fifo_A_PE_2_2_U                       |        0|   20|   0|    -|     2|    8|       16|
    |fifo_A_PE_2_3_U                       |        0|   20|   0|    -|     2|    8|       16|
    |fifo_A_PE_2_4_U                       |        0|   20|   0|    -|     2|    8|       16|
    |fifo_A_PE_3_0_U                       |        0|   20|   0|    -|     2|    8|       16|
    |fifo_A_PE_3_1_U                       |        0|   20|   0|    -|     2|    8|       16|
    |fifo_A_PE_3_2_U                       |        0|   20|   0|    -|     2|    8|       16|
    |fifo_A_PE_3_3_U                       |        0|   20|   0|    -|     2|    8|       16|
    |fifo_A_PE_3_4_U                       |        0|   20|   0|    -|     2|    8|       16|
    |fifo_B_B_IO_L2_in_0_U                 |        0|   68|   0|    -|     2|   32|       64|
    |fifo_B_B_IO_L2_in_1_U                 |        0|   68|   0|    -|     2|   32|       64|
    |fifo_B_B_IO_L2_in_2_U                 |        0|   68|   0|    -|     2|   32|       64|
    |fifo_B_B_IO_L2_in_3_U                 |        0|   68|   0|    -|     2|   32|       64|
    |fifo_B_PE_0_0_U                       |        0|   20|   0|    -|     2|    8|       16|
    |fifo_B_PE_0_1_U                       |        0|   20|   0|    -|     2|    8|       16|
    |fifo_B_PE_0_2_U                       |        0|   20|   0|    -|     2|    8|       16|
    |fifo_B_PE_0_3_U                       |        0|   20|   0|    -|     2|    8|       16|
    |fifo_B_PE_1_0_U                       |        0|   20|   0|    -|     2|    8|       16|
    |fifo_B_PE_1_1_U                       |        0|   20|   0|    -|     2|    8|       16|
    |fifo_B_PE_1_2_U                       |        0|   20|   0|    -|     2|    8|       16|
    |fifo_B_PE_1_3_U                       |        0|   20|   0|    -|     2|    8|       16|
    |fifo_B_PE_2_0_U                       |        0|   20|   0|    -|     2|    8|       16|
    |fifo_B_PE_2_1_U                       |        0|   20|   0|    -|     2|    8|       16|
    |fifo_B_PE_2_2_U                       |        0|   20|   0|    -|     2|    8|       16|
    |fifo_B_PE_2_3_U                       |        0|   20|   0|    -|     2|    8|       16|
    |fifo_B_PE_3_0_U                       |        0|   20|   0|    -|     2|    8|       16|
    |fifo_B_PE_3_1_U                       |        0|   20|   0|    -|     2|    8|       16|
    |fifo_B_PE_3_2_U                       |        0|   20|   0|    -|     2|    8|       16|
    |fifo_B_PE_3_3_U                       |        0|   20|   0|    -|     2|    8|       16|
    |fifo_B_PE_4_0_U                       |        0|   20|   0|    -|     2|    8|       16|
    |fifo_B_PE_4_1_U                       |        0|   20|   0|    -|     2|    8|       16|
    |fifo_B_PE_4_2_U                       |        0|   20|   0|    -|     2|    8|       16|
    |fifo_B_PE_4_3_U                       |        0|   20|   0|    -|     2|    8|       16|
    |fifo_C_drain_C_drain_IO_L1_out_0_0_U  |        0|   68|   0|    -|     2|   32|       64|
    |fifo_C_drain_C_drain_IO_L1_out_0_1_U  |        0|   68|   0|    -|     2|   32|       64|
    |fifo_C_drain_C_drain_IO_L1_out_0_2_U  |        0|   68|   0|    -|     2|   32|       64|
    |fifo_C_drain_C_drain_IO_L1_out_0_3_U  |        0|   68|   0|    -|     2|   32|       64|
    |fifo_C_drain_C_drain_IO_L1_out_1_0_U  |        0|   68|   0|    -|     2|   32|       64|
    |fifo_C_drain_C_drain_IO_L1_out_1_1_U  |        0|   68|   0|    -|     2|   32|       64|
    |fifo_C_drain_C_drain_IO_L1_out_1_2_U  |        0|   68|   0|    -|     2|   32|       64|
    |fifo_C_drain_C_drain_IO_L1_out_1_3_U  |        0|   68|   0|    -|     2|   32|       64|
    |fifo_C_drain_C_drain_IO_L1_out_2_0_U  |        0|   68|   0|    -|     2|   32|       64|
    |fifo_C_drain_C_drain_IO_L1_out_2_1_U  |        0|   68|   0|    -|     2|   32|       64|
    |fifo_C_drain_C_drain_IO_L1_out_2_2_U  |        0|   68|   0|    -|     2|   32|       64|
    |fifo_C_drain_C_drain_IO_L1_out_2_3_U  |        0|   68|   0|    -|     2|   32|       64|
    |fifo_C_drain_C_drain_IO_L1_out_3_0_U  |        0|   68|   0|    -|     2|   32|       64|
    |fifo_C_drain_C_drain_IO_L1_out_3_1_U  |        0|   68|   0|    -|     2|   32|       64|
    |fifo_C_drain_C_drain_IO_L1_out_3_2_U  |        0|   68|   0|    -|     2|   32|       64|
    |fifo_C_drain_C_drain_IO_L1_out_3_3_U  |        0|   68|   0|    -|     2|   32|       64|
    |fifo_C_drain_C_drain_IO_L2_out_0_U    |        0|   68|   0|    -|     2|   32|       64|
    |fifo_C_drain_C_drain_IO_L2_out_1_U    |        0|   68|   0|    -|     2|   32|       64|
    |fifo_C_drain_C_drain_IO_L2_out_2_U    |        0|   68|   0|    -|     2|   32|       64|
    |fifo_C_drain_C_drain_IO_L2_out_3_U    |        0|   68|   0|    -|     2|   32|       64|
    |fifo_C_drain_PE_0_0_U                 |        0|   68|   0|    -|     2|   32|       64|
    |fifo_C_drain_PE_0_1_U                 |        0|   68|   0|    -|     2|   32|       64|
    |fifo_C_drain_PE_0_2_U                 |        0|   68|   0|    -|     2|   32|       64|
    |fifo_C_drain_PE_0_3_U                 |        0|   68|   0|    -|     2|   32|       64|
    |fifo_C_drain_PE_1_0_U                 |        0|   68|   0|    -|     2|   32|       64|
    |fifo_C_drain_PE_1_1_U                 |        0|   68|   0|    -|     2|   32|       64|
    |fifo_C_drain_PE_1_2_U                 |        0|   68|   0|    -|     2|   32|       64|
    |fifo_C_drain_PE_1_3_U                 |        0|   68|   0|    -|     2|   32|       64|
    |fifo_C_drain_PE_2_0_U                 |        0|   68|   0|    -|     2|   32|       64|
    |fifo_C_drain_PE_2_1_U                 |        0|   68|   0|    -|     2|   32|       64|
    |fifo_C_drain_PE_2_2_U                 |        0|   68|   0|    -|     2|   32|       64|
    |fifo_C_drain_PE_2_3_U                 |        0|   68|   0|    -|     2|   32|       64|
    |fifo_C_drain_PE_3_0_U                 |        0|   68|   0|    -|     2|   32|       64|
    |fifo_C_drain_PE_3_1_U                 |        0|   68|   0|    -|     2|   32|       64|
    |fifo_C_drain_PE_3_2_U                 |        0|   68|   0|    -|     2|   32|       64|
    |fifo_C_drain_PE_3_3_U                 |        0|   68|   0|    -|     2|   32|       64|
    +--------------------------------------+---------+-----+----+-----+------+-----+---------+
    |Total                                 |        0| 4003|   0|    0|   187| 1792|     4672|
    +--------------------------------------+---------+-----+----+-----+------+-----+---------+

    * Expression: 
    +--------------------------------+----------+----+---+----+------------+------------+
    |          Variable Name         | Operation| DSP| FF| LUT| Bitwidth P0| Bitwidth P1|
    +--------------------------------+----------+----+---+----+------------+------------+
    |A_IO_L2_in_1_U0_start_full_n    |       and|   0|  0|   2|           1|           1|
    |A_IO_L2_in_2_U0_start_full_n    |       and|   0|  0|   2|           1|           1|
    |A_IO_L2_in_U0_start_full_n      |       and|   0|  0|   2|           1|           1|
    |A_IO_L3_in_U0_ap_start          |       and|   0|  0|   2|           1|           1|
    |B_IO_L2_in_4_U0_start_full_n    |       and|   0|  0|   2|           1|           1|
    |B_IO_L2_in_U0_start_full_n      |       and|   0|  0|   2|           1|           1|
    |B_IO_L3_in_U0_ap_start          |       and|   0|  0|   2|           1|           1|
    |PE_wrapper_10_U0_start_full_n   |       and|   0|  0|   2|           1|           1|
    |PE_wrapper_11_U0_start_full_n   |       and|   0|  0|   2|           1|           1|
    |PE_wrapper_12_U0_start_full_n   |       and|   0|  0|   2|           1|           1|
    |PE_wrapper_14_U0_start_full_n   |       and|   0|  0|   2|           1|           1|
    |PE_wrapper_15_U0_start_full_n   |       and|   0|  0|   2|           1|           1|
    |PE_wrapper_16_U0_start_full_n   |       and|   0|  0|   2|           1|           1|
    |PE_wrapper_17_U0_start_full_n   |       and|   0|  0|   2|           1|           1|
    |PE_wrapper_18_U0_start_full_n   |       and|   0|  0|   2|           1|           1|
    |PE_wrapper_19_U0_start_full_n   |       and|   0|  0|   2|           1|           1|
    |PE_wrapper_6_U0_start_full_n    |       and|   0|  0|   2|           1|           1|
    |PE_wrapper_7_U0_start_full_n    |       and|   0|  0|   2|           1|           1|
    |PE_wrapper_8_U0_start_full_n    |       and|   0|  0|   2|           1|           1|
    |PE_wrapper_U0_start_full_n      |       and|   0|  0|   2|           1|           1|
    |ap_idle                         |       and|   0|  0|   2|           1|           1|
    |ap_sync_done                    |       and|   0|  0|   2|           1|           1|
    |ap_sync_ready                   |       and|   0|  0|   2|           1|           1|
    |entry_proc_U0_ap_start          |       and|   0|  0|   2|           1|           1|
    |ap_sync_A_IO_L3_in_U0_ap_ready  |        or|   0|  0|   2|           1|           1|
    |ap_sync_B_IO_L3_in_U0_ap_ready  |        or|   0|  0|   2|           1|           1|
    |ap_sync_entry_proc_U0_ap_ready  |        or|   0|  0|   2|           1|           1|
    +--------------------------------+----------+----+---+----+------------+------------+
    |Total                           |          |   0|  0|  54|          27|          27|
    +--------------------------------+----------+----+---+----+------------+------------+

    * Multiplexer: 
    +------------------------------------+----+-----------+-----+-----------+
    |                Name                | LUT| Input Size| Bits| Total Bits|
    +------------------------------------+----+-----------+-----+-----------+
    |ap_sync_reg_A_IO_L3_in_U0_ap_ready  |   9|          2|    1|          2|
    |ap_sync_reg_B_IO_L3_in_U0_ap_ready  |   9|          2|    1|          2|
    |ap_sync_reg_entry_proc_U0_ap_ready  |   9|          2|    1|          2|
    +------------------------------------+----+-----------+-----+-----------+
    |Total                               |  27|          6|    3|          6|
    +------------------------------------+----+-----------+-----+-----------+

    * Register: 
    +------------------------------------+---+----+-----+-----------+
    |                Name                | FF| LUT| Bits| Const Bits|
    +------------------------------------+---+----+-----+-----------+
    |ap_sync_reg_A_IO_L3_in_U0_ap_ready  |  1|   0|    1|          0|
    |ap_sync_reg_B_IO_L3_in_U0_ap_ready  |  1|   0|    1|          0|
    |ap_sync_reg_entry_proc_U0_ap_ready  |  1|   0|    1|          0|
    +------------------------------------+---+----+-----+-----------+
    |Total                               |  3|   0|    3|          0|
    +------------------------------------+---+----+-----+-----------+



================================================================
== Interface
================================================================
* Summary: 
+-----------------------+-----+-----+------------+--------------+--------------+
|       RTL Ports       | Dir | Bits|  Protocol  | Source Object|    C Type    |
+-----------------------+-----+-----+------------+--------------+--------------+
|s_axi_control_AWVALID  |   in|    1|       s_axi|       control|        scalar|
|s_axi_control_AWREADY  |  out|    1|       s_axi|       control|        scalar|
|s_axi_control_AWADDR   |   in|    6|       s_axi|       control|        scalar|
|s_axi_control_WVALID   |   in|    1|       s_axi|       control|        scalar|
|s_axi_control_WREADY   |  out|    1|       s_axi|       control|        scalar|
|s_axi_control_WDATA    |   in|   32|       s_axi|       control|        scalar|
|s_axi_control_WSTRB    |   in|    4|       s_axi|       control|        scalar|
|s_axi_control_ARVALID  |   in|    1|       s_axi|       control|        scalar|
|s_axi_control_ARREADY  |  out|    1|       s_axi|       control|        scalar|
|s_axi_control_ARADDR   |   in|    6|       s_axi|       control|        scalar|
|s_axi_control_RVALID   |  out|    1|       s_axi|       control|        scalar|
|s_axi_control_RREADY   |   in|    1|       s_axi|       control|        scalar|
|s_axi_control_RDATA    |  out|   32|       s_axi|       control|        scalar|
|s_axi_control_RRESP    |  out|    2|       s_axi|       control|        scalar|
|s_axi_control_BVALID   |  out|    1|       s_axi|       control|        scalar|
|s_axi_control_BREADY   |   in|    1|       s_axi|       control|        scalar|
|s_axi_control_BRESP    |  out|    2|       s_axi|       control|        scalar|
|ap_clk                 |   in|    1|  ap_ctrl_hs|       kernel0|  return value|
|ap_rst_n               |   in|    1|  ap_ctrl_hs|       kernel0|  return value|
|interrupt              |  out|    1|  ap_ctrl_hs|       kernel0|  return value|
|m_axi_gmem_A_AWVALID   |  out|    1|       m_axi|        gmem_A|       pointer|
|m_axi_gmem_A_AWREADY   |   in|    1|       m_axi|        gmem_A|       pointer|
|m_axi_gmem_A_AWADDR    |  out|   64|       m_axi|        gmem_A|       pointer|
|m_axi_gmem_A_AWID      |  out|    1|       m_axi|        gmem_A|       pointer|
|m_axi_gmem_A_AWLEN     |  out|    8|       m_axi|        gmem_A|       pointer|
|m_axi_gmem_A_AWSIZE    |  out|    3|       m_axi|        gmem_A|       pointer|
|m_axi_gmem_A_AWBURST   |  out|    2|       m_axi|        gmem_A|       pointer|
|m_axi_gmem_A_AWLOCK    |  out|    2|       m_axi|        gmem_A|       pointer|
|m_axi_gmem_A_AWCACHE   |  out|    4|       m_axi|        gmem_A|       pointer|
|m_axi_gmem_A_AWPROT    |  out|    3|       m_axi|        gmem_A|       pointer|
|m_axi_gmem_A_AWQOS     |  out|    4|       m_axi|        gmem_A|       pointer|
|m_axi_gmem_A_AWREGION  |  out|    4|       m_axi|        gmem_A|       pointer|
|m_axi_gmem_A_AWUSER    |  out|    1|       m_axi|        gmem_A|       pointer|
|m_axi_gmem_A_WVALID    |  out|    1|       m_axi|        gmem_A|       pointer|
|m_axi_gmem_A_WREADY    |   in|    1|       m_axi|        gmem_A|       pointer|
|m_axi_gmem_A_WDATA     |  out|   32|       m_axi|        gmem_A|       pointer|
|m_axi_gmem_A_WSTRB     |  out|    4|       m_axi|        gmem_A|       pointer|
|m_axi_gmem_A_WLAST     |  out|    1|       m_axi|        gmem_A|       pointer|
|m_axi_gmem_A_WID       |  out|    1|       m_axi|        gmem_A|       pointer|
|m_axi_gmem_A_WUSER     |  out|    1|       m_axi|        gmem_A|       pointer|
|m_axi_gmem_A_ARVALID   |  out|    1|       m_axi|        gmem_A|       pointer|
|m_axi_gmem_A_ARREADY   |   in|    1|       m_axi|        gmem_A|       pointer|
|m_axi_gmem_A_ARADDR    |  out|   64|       m_axi|        gmem_A|       pointer|
|m_axi_gmem_A_ARID      |  out|    1|       m_axi|        gmem_A|       pointer|
|m_axi_gmem_A_ARLEN     |  out|    8|       m_axi|        gmem_A|       pointer|
|m_axi_gmem_A_ARSIZE    |  out|    3|       m_axi|        gmem_A|       pointer|
|m_axi_gmem_A_ARBURST   |  out|    2|       m_axi|        gmem_A|       pointer|
|m_axi_gmem_A_ARLOCK    |  out|    2|       m_axi|        gmem_A|       pointer|
|m_axi_gmem_A_ARCACHE   |  out|    4|       m_axi|        gmem_A|       pointer|
|m_axi_gmem_A_ARPROT    |  out|    3|       m_axi|        gmem_A|       pointer|
|m_axi_gmem_A_ARQOS     |  out|    4|       m_axi|        gmem_A|       pointer|
|m_axi_gmem_A_ARREGION  |  out|    4|       m_axi|        gmem_A|       pointer|
|m_axi_gmem_A_ARUSER    |  out|    1|       m_axi|        gmem_A|       pointer|
|m_axi_gmem_A_RVALID    |   in|    1|       m_axi|        gmem_A|       pointer|
|m_axi_gmem_A_RREADY    |  out|    1|       m_axi|        gmem_A|       pointer|
|m_axi_gmem_A_RDATA     |   in|   32|       m_axi|        gmem_A|       pointer|
|m_axi_gmem_A_RLAST     |   in|    1|       m_axi|        gmem_A|       pointer|
|m_axi_gmem_A_RID       |   in|    1|       m_axi|        gmem_A|       pointer|
|m_axi_gmem_A_RUSER     |   in|    1|       m_axi|        gmem_A|       pointer|
|m_axi_gmem_A_RRESP     |   in|    2|       m_axi|        gmem_A|       pointer|
|m_axi_gmem_A_BVALID    |   in|    1|       m_axi|        gmem_A|       pointer|
|m_axi_gmem_A_BREADY    |  out|    1|       m_axi|        gmem_A|       pointer|
|m_axi_gmem_A_BRESP     |   in|    2|       m_axi|        gmem_A|       pointer|
|m_axi_gmem_A_BID       |   in|    1|       m_axi|        gmem_A|       pointer|
|m_axi_gmem_A_BUSER     |   in|    1|       m_axi|        gmem_A|       pointer|
|m_axi_gmem_B_AWVALID   |  out|    1|       m_axi|        gmem_B|       pointer|
|m_axi_gmem_B_AWREADY   |   in|    1|       m_axi|        gmem_B|       pointer|
|m_axi_gmem_B_AWADDR    |  out|   64|       m_axi|        gmem_B|       pointer|
|m_axi_gmem_B_AWID      |  out|    1|       m_axi|        gmem_B|       pointer|
|m_axi_gmem_B_AWLEN     |  out|    8|       m_axi|        gmem_B|       pointer|
|m_axi_gmem_B_AWSIZE    |  out|    3|       m_axi|        gmem_B|       pointer|
|m_axi_gmem_B_AWBURST   |  out|    2|       m_axi|        gmem_B|       pointer|
|m_axi_gmem_B_AWLOCK    |  out|    2|       m_axi|        gmem_B|       pointer|
|m_axi_gmem_B_AWCACHE   |  out|    4|       m_axi|        gmem_B|       pointer|
|m_axi_gmem_B_AWPROT    |  out|    3|       m_axi|        gmem_B|       pointer|
|m_axi_gmem_B_AWQOS     |  out|    4|       m_axi|        gmem_B|       pointer|
|m_axi_gmem_B_AWREGION  |  out|    4|       m_axi|        gmem_B|       pointer|
|m_axi_gmem_B_AWUSER    |  out|    1|       m_axi|        gmem_B|       pointer|
|m_axi_gmem_B_WVALID    |  out|    1|       m_axi|        gmem_B|       pointer|
|m_axi_gmem_B_WREADY    |   in|    1|       m_axi|        gmem_B|       pointer|
|m_axi_gmem_B_WDATA     |  out|   32|       m_axi|        gmem_B|       pointer|
|m_axi_gmem_B_WSTRB     |  out|    4|       m_axi|        gmem_B|       pointer|
|m_axi_gmem_B_WLAST     |  out|    1|       m_axi|        gmem_B|       pointer|
|m_axi_gmem_B_WID       |  out|    1|       m_axi|        gmem_B|       pointer|
|m_axi_gmem_B_WUSER     |  out|    1|       m_axi|        gmem_B|       pointer|
|m_axi_gmem_B_ARVALID   |  out|    1|       m_axi|        gmem_B|       pointer|
|m_axi_gmem_B_ARREADY   |   in|    1|       m_axi|        gmem_B|       pointer|
|m_axi_gmem_B_ARADDR    |  out|   64|       m_axi|        gmem_B|       pointer|
|m_axi_gmem_B_ARID      |  out|    1|       m_axi|        gmem_B|       pointer|
|m_axi_gmem_B_ARLEN     |  out|    8|       m_axi|        gmem_B|       pointer|
|m_axi_gmem_B_ARSIZE    |  out|    3|       m_axi|        gmem_B|       pointer|
|m_axi_gmem_B_ARBURST   |  out|    2|       m_axi|        gmem_B|       pointer|
|m_axi_gmem_B_ARLOCK    |  out|    2|       m_axi|        gmem_B|       pointer|
|m_axi_gmem_B_ARCACHE   |  out|    4|       m_axi|        gmem_B|       pointer|
|m_axi_gmem_B_ARPROT    |  out|    3|       m_axi|        gmem_B|       pointer|
|m_axi_gmem_B_ARQOS     |  out|    4|       m_axi|        gmem_B|       pointer|
|m_axi_gmem_B_ARREGION  |  out|    4|       m_axi|        gmem_B|       pointer|
|m_axi_gmem_B_ARUSER    |  out|    1|       m_axi|        gmem_B|       pointer|
|m_axi_gmem_B_RVALID    |   in|    1|       m_axi|        gmem_B|       pointer|
|m_axi_gmem_B_RREADY    |  out|    1|       m_axi|        gmem_B|       pointer|
|m_axi_gmem_B_RDATA     |   in|   32|       m_axi|        gmem_B|       pointer|
|m_axi_gmem_B_RLAST     |   in|    1|       m_axi|        gmem_B|       pointer|
|m_axi_gmem_B_RID       |   in|    1|       m_axi|        gmem_B|       pointer|
|m_axi_gmem_B_RUSER     |   in|    1|       m_axi|        gmem_B|       pointer|
|m_axi_gmem_B_RRESP     |   in|    2|       m_axi|        gmem_B|       pointer|
|m_axi_gmem_B_BVALID    |   in|    1|       m_axi|        gmem_B|       pointer|
|m_axi_gmem_B_BREADY    |  out|    1|       m_axi|        gmem_B|       pointer|
|m_axi_gmem_B_BRESP     |   in|    2|       m_axi|        gmem_B|       pointer|
|m_axi_gmem_B_BID       |   in|    1|       m_axi|        gmem_B|       pointer|
|m_axi_gmem_B_BUSER     |   in|    1|       m_axi|        gmem_B|       pointer|
|m_axi_gmem_C_AWVALID   |  out|    1|       m_axi|        gmem_C|       pointer|
|m_axi_gmem_C_AWREADY   |   in|    1|       m_axi|        gmem_C|       pointer|
|m_axi_gmem_C_AWADDR    |  out|   64|       m_axi|        gmem_C|       pointer|
|m_axi_gmem_C_AWID      |  out|    1|       m_axi|        gmem_C|       pointer|
|m_axi_gmem_C_AWLEN     |  out|    8|       m_axi|        gmem_C|       pointer|
|m_axi_gmem_C_AWSIZE    |  out|    3|       m_axi|        gmem_C|       pointer|
|m_axi_gmem_C_AWBURST   |  out|    2|       m_axi|        gmem_C|       pointer|
|m_axi_gmem_C_AWLOCK    |  out|    2|       m_axi|        gmem_C|       pointer|
|m_axi_gmem_C_AWCACHE   |  out|    4|       m_axi|        gmem_C|       pointer|
|m_axi_gmem_C_AWPROT    |  out|    3|       m_axi|        gmem_C|       pointer|
|m_axi_gmem_C_AWQOS     |  out|    4|       m_axi|        gmem_C|       pointer|
|m_axi_gmem_C_AWREGION  |  out|    4|       m_axi|        gmem_C|       pointer|
|m_axi_gmem_C_AWUSER    |  out|    1|       m_axi|        gmem_C|       pointer|
|m_axi_gmem_C_WVALID    |  out|    1|       m_axi|        gmem_C|       pointer|
|m_axi_gmem_C_WREADY    |   in|    1|       m_axi|        gmem_C|       pointer|
|m_axi_gmem_C_WDATA     |  out|   32|       m_axi|        gmem_C|       pointer|
|m_axi_gmem_C_WSTRB     |  out|    4|       m_axi|        gmem_C|       pointer|
|m_axi_gmem_C_WLAST     |  out|    1|       m_axi|        gmem_C|       pointer|
|m_axi_gmem_C_WID       |  out|    1|       m_axi|        gmem_C|       pointer|
|m_axi_gmem_C_WUSER     |  out|    1|       m_axi|        gmem_C|       pointer|
|m_axi_gmem_C_ARVALID   |  out|    1|       m_axi|        gmem_C|       pointer|
|m_axi_gmem_C_ARREADY   |   in|    1|       m_axi|        gmem_C|       pointer|
|m_axi_gmem_C_ARADDR    |  out|   64|       m_axi|        gmem_C|       pointer|
|m_axi_gmem_C_ARID      |  out|    1|       m_axi|        gmem_C|       pointer|
|m_axi_gmem_C_ARLEN     |  out|    8|       m_axi|        gmem_C|       pointer|
|m_axi_gmem_C_ARSIZE    |  out|    3|       m_axi|        gmem_C|       pointer|
|m_axi_gmem_C_ARBURST   |  out|    2|       m_axi|        gmem_C|       pointer|
|m_axi_gmem_C_ARLOCK    |  out|    2|       m_axi|        gmem_C|       pointer|
|m_axi_gmem_C_ARCACHE   |  out|    4|       m_axi|        gmem_C|       pointer|
|m_axi_gmem_C_ARPROT    |  out|    3|       m_axi|        gmem_C|       pointer|
|m_axi_gmem_C_ARQOS     |  out|    4|       m_axi|        gmem_C|       pointer|
|m_axi_gmem_C_ARREGION  |  out|    4|       m_axi|        gmem_C|       pointer|
|m_axi_gmem_C_ARUSER    |  out|    1|       m_axi|        gmem_C|       pointer|
|m_axi_gmem_C_RVALID    |   in|    1|       m_axi|        gmem_C|       pointer|
|m_axi_gmem_C_RREADY    |  out|    1|       m_axi|        gmem_C|       pointer|
|m_axi_gmem_C_RDATA     |   in|   32|       m_axi|        gmem_C|       pointer|
|m_axi_gmem_C_RLAST     |   in|    1|       m_axi|        gmem_C|       pointer|
|m_axi_gmem_C_RID       |   in|    1|       m_axi|        gmem_C|       pointer|
|m_axi_gmem_C_RUSER     |   in|    1|       m_axi|        gmem_C|       pointer|
|m_axi_gmem_C_RRESP     |   in|    2|       m_axi|        gmem_C|       pointer|
|m_axi_gmem_C_BVALID    |   in|    1|       m_axi|        gmem_C|       pointer|
|m_axi_gmem_C_BREADY    |  out|    1|       m_axi|        gmem_C|       pointer|
|m_axi_gmem_C_BRESP     |   in|    2|       m_axi|        gmem_C|       pointer|
|m_axi_gmem_C_BID       |   in|    1|       m_axi|        gmem_C|       pointer|
|m_axi_gmem_C_BUSER     |   in|    1|       m_axi|        gmem_C|       pointer|
+-----------------------+-----+-----+------------+--------------+--------------+

