Vivado Simulator v2023.2
Copyright 1986-2022 Xilinx, Inc. All Rights Reserved.
Copyright 2022-2023 Advanced Micro Devices, Inc. All Rights Reserved.
Running: /opt/xilinx/Vivado/2023.2/bin/unwrapped/lnx64.o/xelab tb -s tbsim --timescale 1ns/1ps --generic_top NPROD=2 -L unisims_ver -L unimacro_ver -L secureip 
Multi-threading is on. Using 46 slave threads.
Starting static elaboration
Pass Through NonSizing Optimizer
Completed static elaboration
Starting simulation data flow analysis
Completed simulation data flow analysis
Time Resolution for simulation is 1ps
Compiling module work.spmw_fifo(DW=8)
Compiling module work.spmw_fifo_default
Compiling module work.spmw_const
Compiling module work.spmw_const(VAL=64'b01)
Compiling module work.spmw_const(VAL=64'b010)
Compiling module work.spmw_const(VAL=64'b011)
Compiling module work.spmw_const(VAL=64'b0100)
Compiling module work.spmw_const(VAL=64'b0101)
Compiling module work.spmw_const(VAL=64'b0110)
Compiling module work.spmw_const(VAL=64'b0111)
Compiling module work.pe_r0_0_mac_muladd_8s_8s_19s_19_...
Compiling module work.pe_r0_0_mac_muladd_8s_8s_19s_19_...
Compiling module work.pe_r0_0_flow_control_loop_pipe_s...
Compiling module work.pe_r0_0_pe_r0_0_Pipeline_l_S_k_0...
Compiling module work.pe_r0_0_pe_r0_0_Pipeline_VITIS_L...
Compiling module work.pe_r0_0
Compiling module work.pe_r0
Compiling module work.pe_r1_0_mac_muladd_8s_8s_19s_19_...
Compiling module work.pe_r1_0_mac_muladd_8s_8s_19s_19_...
Compiling module work.pe_r1_0_flow_control_loop_pipe_s...
Compiling module work.pe_r1_0_pe_r1_0_Pipeline_l_S_k_0...
Compiling module work.pe_r1_0_pe_r1_0_Pipeline_VITIS_L...
Compiling module work.pe_r1_0
Compiling module work.pe_r1
Compiling module work.pe_r2_0_mac_muladd_8s_8s_19s_19_...
Compiling module work.pe_r2_0_mac_muladd_8s_8s_19s_19_...
Compiling module work.pe_r2_0_flow_control_loop_pipe_s...
Compiling module work.pe_r2_0_pe_r2_0_Pipeline_l_S_k_0...
Compiling module work.pe_r2_0_pe_r2_0_Pipeline_VITIS_L...
Compiling module work.pe_r2_0
Compiling module work.pe_r2
Compiling module work.pe_r3_0_mac_muladd_8s_8s_19s_19_...
Compiling module work.pe_r3_0_mac_muladd_8s_8s_19s_19_...
Compiling module work.pe_r3_0_flow_control_loop_pipe_s...
Compiling module work.pe_r3_0_pe_r3_0_Pipeline_l_S_k_0...
Compiling module work.pe_r3_0_pe_r3_0_Pipeline_VITIS_L...
Compiling module work.pe_r3_0
Compiling module work.pe_r3
Compiling module work.pe_r4_0_mac_muladd_8s_8s_19s_19_...
Compiling module work.pe_r4_0_mac_muladd_8s_8s_19s_19_...
Compiling module work.pe_r4_0_flow_control_loop_pipe_s...
Compiling module work.pe_r4_0_pe_r4_0_Pipeline_l_S_k_0...
Compiling module work.pe_r4_0
Compiling module work.pe_r4
Compiling module work.pe_r5_0_mac_muladd_8s_8s_19s_19_...
Compiling module work.pe_r5_0_mac_muladd_8s_8s_19s_19_...
Compiling module work.pe_r5_0_flow_control_loop_pipe_s...
Compiling module work.pe_r5_0_pe_r5_0_Pipeline_l_S_k_0...
Compiling module work.pe_r5_0_pe_r5_0_Pipeline_VITIS_L...
Compiling module work.pe_r5_0
Compiling module work.pe_r5
Compiling module work.pe_r6_0_mac_muladd_8s_8s_19s_19_...
Compiling module work.pe_r6_0_mac_muladd_8s_8s_19s_19_...
Compiling module work.pe_r6_0_flow_control_loop_pipe_s...
Compiling module work.pe_r6_0_pe_r6_0_Pipeline_l_S_k_0...
Compiling module work.pe_r6_0_pe_r6_0_Pipeline_VITIS_L...
Compiling module work.pe_r6_0
Compiling module work.pe_r6
Compiling module work.pe_r7_0_mac_muladd_8s_8s_19s_19_...
Compiling module work.pe_r7_0_mac_muladd_8s_8s_19s_19_...
Compiling module work.pe_r7_0_flow_control_loop_pipe_s...
Compiling module work.pe_r7_0_pe_r7_0_Pipeline_l_S_k_0...
Compiling module work.pe_r7_0
Compiling module work.pe_r7
Compiling module work.pe_r8_0_mac_muladd_8s_8s_19s_19_...
Compiling module work.pe_r8_0_mac_muladd_8s_8s_19s_19_...
Compiling module work.pe_r8_0_flow_control_loop_pipe_s...
Compiling module work.pe_r8_0_pe_r8_0_Pipeline_l_S_k_0...
Compiling module work.pe_r8_0
Compiling module work.pe_r8
Compiling module work.spmw_top_default
Compiling module work.dut_norm
Compiling module work.tb
Built simulation snapshot tbsim
