B_START tpumicro-blocked S=4  Fri Sep 25 04:08:46 EDT 2026
tpumicro-blocked: {"roles": 10, "instances": 20, "fifos": 52, "streams": 16}
staged 10 role project(s) in 1.2s (frontend + per-role HLS codegen)
synthesising and exporting 10 unit(s) concurrently:
  pe_r5: rc=0 43.8s
  pe_r4: rc=0 44.0s
  pe_r2: rc=0 44.3s
  pe_r7: rc=0 44.3s
  pe_r8: rc=0 44.4s
  pe_r1: rc=0 44.4s
  pe_r6: rc=0 44.5s
  pe_r3: rc=0 44.6s
  pe_r0: rc=0 44.6s
  lane_k4n4_r0: rc=0 46.4s
HLS: 46.4s wall for 10 roles and 0 movers (445.3s of CPU work, 20 instances)
assembling the array in Vivado:
  stage synth 96.06
  stage opt 5.623
  stage place 184.158
  stage physopt 0.801
  stage route 33.039
  unrouted 0
Vivado implemented 20 instances in 347.3s
  array clock: 2.717 ns achieved against a 3.333 ns target (WNS +0.616 ns)
simulating the assembled array:
  SPMW XFORM 1 done_cycle=281 first_in=1
  SPMW XFORM 2 done_cycle=537 first_in=1
  SPMW XFORM 3 done_cycle=793 first_in=1
  SPMW XFORM 4 done_cycle=1049 first_in=1
  SPMW XFORM 5 done_cycle=1305 first_in=1
  SPMW XFORM 6 done_cycle=1561 first_in=1
  SPMW XFORM 7 done_cycle=1817 first_in=1
  SPMW XFORM 8 done_cycle=2073 first_in=1
  SPMW XFORM 9 done_cycle=2329 first_in=1
  SPMW XFORM 10 done_cycle=2585 first_in=1
  SPMW XFORM 11 done_cycle=2841 first_in=1
  SPMW XFORM 12 done_cycle=3097 first_in=1
  SPMW XFORM 13 done_cycle=3353 first_in=1
  SPMW XFORM 14 done_cycle=3609 first_in=1
  SPMW XFORM 15 done_cycle=3865 first_in=1
  SPMW XFORM 16 done_cycle=4121 first_in=1
  SPMW COSIM PASS (4096/4096 tokens, 0 errors)
  SPMW CYCLES total=4121 first_out=71 first_in=1
B_RC=0 wall_s=442
