Copyright 1986-2022 Xilinx, Inc. All Rights Reserved. Copyright 2022-2023 Advanced Micro Devices, Inc. All Rights Reserved.
--------------------------------------------------------------------------------------------------------------------------------------------------
| Tool Version      : Vivado v.2023.2 (lin64) Build 4029153 Fri Oct 13 20:13:54 MDT 2023
| Date              : Fri Sep 25 04:15:10 2026
| Host              : brg-zhang-xcel.ece.cornell.edu running 64-bit Red Hat Enterprise Linux 9.8 (Plow)
| Command           : report_timing_summary -file timing.rpt
| Design            : spmw_harness
| Device            : xcu280-fsvh2892
| Speed File        : -2L  PRODUCTION 1.30 05-01-2022
| Design State      : Routed
| Temperature Grade : E
--------------------------------------------------------------------------------------------------------------------------------------------------

Timing Summary Report

------------------------------------------------------------------------------------------------
| Timer Settings
| --------------
------------------------------------------------------------------------------------------------

  Enable Multi Corner Analysis               :  Yes
  Enable Pessimism Removal                   :  Yes
  Pessimism Removal Resolution               :  Nearest Common Node
  Enable Input Delay Default Clock           :  No
  Enable Preset / Clear Arcs                 :  No
  Disable Flight Delays                      :  No
  Ignore I/O Paths                           :  No
  Timing Early Launch at Borrowing Latches   :  No
  Borrow Time for Max Delay Exceptions       :  Yes
  Merge Timing Exceptions                    :  Yes
  Inter-SLR Compensation                     :  Conservative

  Corner  Analyze    Analyze    
  Name    Max Paths  Min Paths  
  ------  ---------  ---------  
  Slow    Yes        Yes        
  Fast    Yes        Yes        


------------------------------------------------------------------------------------------------
| Report Methodology
| ------------------
------------------------------------------------------------------------------------------------

No report available as report_methodology has not been run prior. Run report_methodology on the current design for the summary of methodology violations.



check_timing report

Table of Contents
-----------------
1. checking no_clock (0)
2. checking constant_clock (0)
3. checking pulse_width_clock (0)
4. checking unconstrained_internal_endpoints (0)
5. checking no_input_delay (2)
6. checking no_output_delay (7)
7. checking multiple_clock (0)
8. checking generated_clocks (0)
9. checking loops (0)
10. checking partial_input_delay (0)
11. checking partial_output_delay (0)
12. checking latch_loops (0)

1. checking no_clock (0)
------------------------
 There are 0 register/latch pins with no clock.


2. checking constant_clock (0)
------------------------------
 There are 0 register/latch pins with constant_clock.


3. checking pulse_width_clock (0)
---------------------------------
 There are 0 register/latch pins which need pulse_width check


4. checking unconstrained_internal_endpoints (0)
------------------------------------------------
 There are 0 pins that are not constrained for maximum delay.

 There are 0 pins that are not constrained for maximum delay due to constant clock.


5. checking no_input_delay (2)
------------------------------
 There are 2 input ports with no input delay specified. (HIGH)

 There are 0 input ports with no input delay but user has a false path constraint.


6. checking no_output_delay (7)
-------------------------------
 There are 7 ports with no output delay specified. (HIGH)

 There are 0 ports with no output delay but user has a false path constraint

 There are 0 ports with no output delay but with a timing clock defined on it or propagating through it


7. checking multiple_clock (0)
------------------------------
 There are 0 register/latch pins with multiple clocks.


8. checking generated_clocks (0)
--------------------------------
 There are 0 generated clocks that are not connected to a clock source.


9. checking loops (0)
---------------------
 There are 0 combinational loops in the design.


10. checking partial_input_delay (0)
------------------------------------
 There are 0 input ports with partial input delay specified.


11. checking partial_output_delay (0)
-------------------------------------
 There are 0 ports with partial output delay specified.


12. checking latch_loops (0)
----------------------------
 There are 0 combinational latch loops in the design through latch input



------------------------------------------------------------------------------------------------
| Design Timing Summary
| ---------------------
------------------------------------------------------------------------------------------------

    WNS(ns)      TNS(ns)  TNS Failing Endpoints  TNS Total Endpoints      WHS(ns)      THS(ns)  THS Failing Endpoints  THS Total Endpoints     WPWS(ns)     TPWS(ns)  TPWS Failing Endpoints  TPWS Total Endpoints  
    -------      -------  ---------------------  -------------------      -------      -------  ---------------------  -------------------     --------     --------  ----------------------  --------------------  
      0.616        0.000                      0                 5339        0.013        0.000                      0                 5339        1.134        0.000                       0                  2497  


All user specified timing constraints are met.


------------------------------------------------------------------------------------------------
| Clock Summary
| -------------
------------------------------------------------------------------------------------------------

Clock   Waveform(ns)         Period(ns)      Frequency(MHz)
-----   ------------         ----------      --------------
ap_clk  {0.000 1.666}        3.333           300.030         


------------------------------------------------------------------------------------------------
| Intra Clock Table
| -----------------
------------------------------------------------------------------------------------------------

Clock             WNS(ns)      TNS(ns)  TNS Failing Endpoints  TNS Total Endpoints      WHS(ns)      THS(ns)  THS Failing Endpoints  THS Total Endpoints     WPWS(ns)     TPWS(ns)  TPWS Failing Endpoints  TPWS Total Endpoints  
-----             -------      -------  ---------------------  -------------------      -------      -------  ---------------------  -------------------     --------     --------  ----------------------  --------------------  
ap_clk              0.616        0.000                      0                 5339        0.013        0.000                      0                 5339        1.134        0.000                       0                  2497  


------------------------------------------------------------------------------------------------
| Inter Clock Table
| -----------------
------------------------------------------------------------------------------------------------

From Clock    To Clock          WNS(ns)      TNS(ns)  TNS Failing Endpoints  TNS Total Endpoints      WHS(ns)      THS(ns)  THS Failing Endpoints  THS Total Endpoints  
----------    --------          -------      -------  ---------------------  -------------------      -------      -------  ---------------------  -------------------  


------------------------------------------------------------------------------------------------
| Other Path Groups Table
| -----------------------
------------------------------------------------------------------------------------------------

Path Group    From Clock    To Clock          WNS(ns)      TNS(ns)  TNS Failing Endpoints  TNS Total Endpoints      WHS(ns)      THS(ns)  THS Failing Endpoints  THS Total Endpoints  
----------    ----------    --------          -------      -------  ---------------------  -------------------      -------      -------  ---------------------  -------------------  


------------------------------------------------------------------------------------------------
| Timing Details
| --------------
------------------------------------------------------------------------------------------------


---------------------------------------------------------------------------------------------------
From Clock:  ap_clk
  To Clock:  ap_clk

Setup :            0  Failing Endpoints,  Worst Slack        0.616ns,  Total Violation        0.000ns
Hold  :            0  Failing Endpoints,  Worst Slack        0.013ns,  Total Violation        0.000ns
PW    :            0  Failing Endpoints,  Worst Slack        1.134ns,  Total Violation        0.000ns
---------------------------------------------------------------------------------------------------


Max Delay Paths
--------------------------------------------------------------------------------------
Slack (MET) :             0.616ns  (required time - arrival time)
  Source:                 dut/g_lane_k4n4_z_in_bind[0].u/slice.q0_reg[6]/C
                            (rising edge-triggered cell FDRE clocked by ap_clk  {rise@0.000ns fall@1.666ns period=3.333ns})
  Destination:            dut/u_lane_k4n4_r0_0/u/grp_lane_k4n4_r0_0_Pipeline_l_S_s_0_s_fu_69/trunc_ln140_reg_659_reg[3]/D
                            (rising edge-triggered cell FDRE clocked by ap_clk  {rise@0.000ns fall@1.666ns period=3.333ns})
  Path Group:             ap_clk
  Path Type:              Setup (Max at Slow Process Corner)
  Requirement:            3.333ns  (ap_clk rise@3.333ns - ap_clk rise@0.000ns)
  Data Path Delay:        2.514ns  (logic 0.801ns (31.856%)  route 1.713ns (68.144%))
  Logic Levels:           8  (CARRY8=4 LUT4=2 LUT6=2)
  Clock Path Skew:        -0.193ns (DCD - SCD + CPR)
    Destination Clock Delay (DCD):    1.348ns = ( 4.681 - 3.333 ) 
    Source Clock Delay      (SCD):    1.854ns
    Clock Pessimism Removal (CPR):    0.313ns
  Clock Uncertainty:      0.035ns  ((TSJ^2 + TIJ^2)^1/2 + DJ) / 2 + PE
    Total System Jitter     (TSJ):    0.071ns
    Total Input Jitter      (TIJ):    0.000ns
    Discrete Jitter          (DJ):    0.000ns
    Phase Error              (PE):    0.000ns
  Clock Net Delay (Source):      0.867ns (routing 0.001ns, distribution 0.866ns)
  Clock Net Delay (Destination): 0.654ns (routing 0.001ns, distribution 0.653ns)

    Location             Delay type                Incr(ns)  Path(ns)    Netlist Resource(s)
  -------------------------------------------------------------------    -------------------
                         (clock ap_clk rise edge)     0.000     0.000 r  
    BH26                                              0.000     0.000 r  ap_clk (IN)
                         net (fo=0)                   0.000     0.000    ap_clk_IBUF_inst/I
    BH26                 INBUF (Prop_INBUF_HPIOB_M_PAD_O)
                                                      0.636     0.636 r  ap_clk_IBUF_inst/INBUF_INST/O
                         net (fo=1, routed)           0.000     0.636    ap_clk_IBUF_inst/OUT
    BH26                 IBUFCTRL (Prop_IBUFCTRL_HPIOB_M_I_O)
                                                      0.000     0.636 r  ap_clk_IBUF_inst/IBUFCTRL_INST/O
                         net (fo=1, routed)           0.323     0.959    ap_clk_IBUF
    BUFGCE_X0Y72         BUFGCE (Prop_BUFCE_BUFGCE_I_O)
                                                      0.028     0.987 r  ap_clk_IBUF_BUFG_inst/O
    X4Y3 (CLOCK_ROOT)    net (fo=2496, routed)        0.867     1.854    dut/g_lane_k4n4_z_in_bind[0].u/ap_clk_IBUF_BUFG
    SLICE_X116Y224       FDRE                                         r  dut/g_lane_k4n4_z_in_bind[0].u/slice.q0_reg[6]/C
  -------------------------------------------------------------------    -------------------
    SLICE_X116Y224       FDRE (Prop_BFF_SLICEL_C_Q)
                                                      0.079     1.933 r  dut/g_lane_k4n4_z_in_bind[0].u/slice.q0_reg[6]/Q
                         net (fo=2, routed)           0.826     2.759    dut/u_lane_k4n4_r0_0/u/grp_lane_k4n4_r0_0_Pipeline_l_S_s_0_s_fu_69/r0_1_fu_122_reg[31]_dut_u_lane_k4n4_r0_0_u_grp_lane_k4n4_r0_0_Pipeline_l_S_s_0_s_fu_69_r0_1_fu_122_reg_r_0[6]
    SLICE_X121Y225       LUT4 (Prop_G6LUT_SLICEM_I0_O)
                                                      0.090     2.849 r  dut/u_lane_k4n4_r0_0/u/grp_lane_k4n4_r0_0_Pipeline_l_S_s_0_s_fu_69/r15_fu_353_p2_carry_i_2/O
                         net (fo=1, routed)           0.016     2.865    dut/u_lane_k4n4_r0_0/u/grp_lane_k4n4_r0_0_Pipeline_l_S_s_0_s_fu_69/r15_fu_353_p2_carry_i_2_n_0
    SLICE_X121Y225       CARRY8 (Prop_CARRY8_SLICEM_S[6]_CO[7])
                                                      0.117     2.982 r  dut/u_lane_k4n4_r0_0/u/grp_lane_k4n4_r0_0_Pipeline_l_S_s_0_s_fu_69/r15_fu_353_p2_carry/CO[7]
                         net (fo=1, routed)           0.026     3.008    dut/u_lane_k4n4_r0_0/u/grp_lane_k4n4_r0_0_Pipeline_l_S_s_0_s_fu_69/r15_fu_353_p2_carry_n_0
    SLICE_X121Y226       CARRY8 (Prop_CARRY8_SLICEM_CI_CO[7])
                                                      0.015     3.023 r  dut/u_lane_k4n4_r0_0/u/grp_lane_k4n4_r0_0_Pipeline_l_S_s_0_s_fu_69/r15_fu_353_p2_carry__0/CO[7]
                         net (fo=1, routed)           0.026     3.049    dut/u_lane_k4n4_r0_0/u/grp_lane_k4n4_r0_0_Pipeline_l_S_s_0_s_fu_69/r15_fu_353_p2_carry__0_n_0
    SLICE_X121Y227       CARRY8 (Prop_CARRY8_SLICEM_CI_CO[7])
                                                      0.015     3.064 r  dut/u_lane_k4n4_r0_0/u/grp_lane_k4n4_r0_0_Pipeline_l_S_s_0_s_fu_69/r15_fu_353_p2_carry__1/CO[7]
                         net (fo=1, routed)           0.026     3.090    dut/u_lane_k4n4_r0_0/u/grp_lane_k4n4_r0_0_Pipeline_l_S_s_0_s_fu_69/r15_fu_353_p2_carry__1_n_0
    SLICE_X121Y228       CARRY8 (Prop_CARRY8_SLICEM_CI_O[7])
                                                      0.116     3.206 f  dut/u_lane_k4n4_r0_0/u/grp_lane_k4n4_r0_0_Pipeline_l_S_s_0_s_fu_69/r15_fu_353_p2_carry__2/O[7]
                         net (fo=42, routed)          0.222     3.428    dut/u_lane_k4n4_r0_0/u/grp_lane_k4n4_r0_0_Pipeline_l_S_s_0_s_fu_69/trunc_ln94_fu_359_p1[31]
    SLICE_X121Y230       LUT6 (Prop_G6LUT_SLICEM_I4_O)
                                                      0.090     3.518 r  dut/u_lane_k4n4_r0_0/u/grp_lane_k4n4_r0_0_Pipeline_l_S_s_0_s_fu_69/tmp_reg_664[3]_i_3/O
                         net (fo=3, routed)           0.195     3.714    dut/u_lane_k4n4_r0_0/u/grp_lane_k4n4_r0_0_Pipeline_l_S_s_0_s_fu_69/tmp_reg_664[3]_i_3_n_0
    SLICE_X120Y229       LUT4 (Prop_D5LUT_SLICEL_I0_O)
                                                      0.133     3.847 r  dut/u_lane_k4n4_r0_0/u/grp_lane_k4n4_r0_0_Pipeline_l_S_s_0_s_fu_69/trunc_ln140_reg_659[6]_i_3/O
                         net (fo=4, routed)           0.327     4.173    dut/u_lane_k4n4_r0_0/u/grp_lane_k4n4_r0_0_Pipeline_l_S_s_0_s_fu_69/trunc_ln140_reg_659[6]_i_3_n_0
    SLICE_X119Y230       LUT6 (Prop_D6LUT_SLICEL_I0_O)
                                                      0.146     4.319 r  dut/u_lane_k4n4_r0_0/u/grp_lane_k4n4_r0_0_Pipeline_l_S_s_0_s_fu_69/trunc_ln140_reg_659[3]_i_1/O
                         net (fo=1, routed)           0.049     4.368    dut/u_lane_k4n4_r0_0/u/grp_lane_k4n4_r0_0_Pipeline_l_S_s_0_s_fu_69/trunc_ln140_reg_659[3]_i_1_n_0
    SLICE_X119Y230       FDRE                                         r  dut/u_lane_k4n4_r0_0/u/grp_lane_k4n4_r0_0_Pipeline_l_S_s_0_s_fu_69/trunc_ln140_reg_659_reg[3]/D
  -------------------------------------------------------------------    -------------------

                         (clock ap_clk rise edge)     3.333     3.333 r  
    BH26                                              0.000     3.333 r  ap_clk (IN)
                         net (fo=0)                   0.000     3.333    ap_clk_IBUF_inst/I
    BH26                 INBUF (Prop_INBUF_HPIOB_M_PAD_O)
                                                      0.385     3.718 r  ap_clk_IBUF_inst/INBUF_INST/O
                         net (fo=1, routed)           0.000     3.718    ap_clk_IBUF_inst/OUT
    BH26                 IBUFCTRL (Prop_IBUFCTRL_HPIOB_M_I_O)
                                                      0.000     3.718 r  ap_clk_IBUF_inst/IBUFCTRL_INST/O
                         net (fo=1, routed)           0.286     4.004    ap_clk_IBUF
    BUFGCE_X0Y72         BUFGCE (Prop_BUFCE_BUFGCE_I_O)
                                                      0.024     4.028 r  ap_clk_IBUF_BUFG_inst/O
    X4Y3 (CLOCK_ROOT)    net (fo=2496, routed)        0.654     4.681    dut/u_lane_k4n4_r0_0/u/grp_lane_k4n4_r0_0_Pipeline_l_S_s_0_s_fu_69/ap_clk_IBUF_BUFG
    SLICE_X119Y230       FDRE                                         r  dut/u_lane_k4n4_r0_0/u/grp_lane_k4n4_r0_0_Pipeline_l_S_s_0_s_fu_69/trunc_ln140_reg_659_reg[3]/C
                         clock pessimism              0.313     4.994    
                         clock uncertainty           -0.035     4.959    
    SLICE_X119Y230       FDRE (Setup_DFF_SLICEL_C_D)
                                                      0.025     4.984    dut/u_lane_k4n4_r0_0/u/grp_lane_k4n4_r0_0_Pipeline_l_S_s_0_s_fu_69/trunc_ln140_reg_659_reg[3]
  -------------------------------------------------------------------
                         required time                          4.984    
                         arrival time                          -4.368    
  -------------------------------------------------------------------
                         slack                                  0.616    





Min Delay Paths
--------------------------------------------------------------------------------------
Slack (MET) :             0.013ns  (arrival time - required time)
  Source:                 gen_lane_k4n4_b_mem[1].lf_lane_k4n4_b_mem_reg[8]/C
                            (rising edge-triggered cell FDRE clocked by ap_clk  {rise@0.000ns fall@1.666ns period=3.333ns})
  Destination:            dut/u_lane_k4n4_r0_1/u/v0_read_reg_83_reg[8]/D
                            (rising edge-triggered cell FDRE clocked by ap_clk  {rise@0.000ns fall@1.666ns period=3.333ns})
  Path Group:             ap_clk
  Path Type:              Hold (Min at Slow Process Corner)
  Requirement:            0.000ns  (ap_clk rise@0.000ns - ap_clk rise@0.000ns)
  Data Path Delay:        0.166ns  (logic 0.058ns (34.989%)  route 0.108ns (65.011%))
  Logic Levels:           0  
  Clock Path Skew:        0.091ns (DCD - SCD - CPR)
    Destination Clock Delay (DCD):    1.896ns
    Source Clock Delay      (SCD):    1.490ns
    Clock Pessimism Removal (CPR):    0.315ns
  Clock Net Delay (Source):      0.796ns (routing 0.001ns, distribution 0.795ns)
  Clock Net Delay (Destination): 0.909ns (routing 0.001ns, distribution 0.908ns)

    Location             Delay type                Incr(ns)  Path(ns)    Netlist Resource(s)
  -------------------------------------------------------------------    -------------------
                         (clock ap_clk rise edge)     0.000     0.000 r  
    BH26                                              0.000     0.000 r  ap_clk (IN)
                         net (fo=0)                   0.000     0.000    ap_clk_IBUF_inst/I
    BH26                 INBUF (Prop_INBUF_HPIOB_M_PAD_O)
                                                      0.385     0.385 r  ap_clk_IBUF_inst/INBUF_INST/O
                         net (fo=1, routed)           0.000     0.385    ap_clk_IBUF_inst/OUT
    BH26                 IBUFCTRL (Prop_IBUFCTRL_HPIOB_M_I_O)
                                                      0.000     0.385 r  ap_clk_IBUF_inst/IBUFCTRL_INST/O
                         net (fo=1, routed)           0.286     0.671    ap_clk_IBUF
    BUFGCE_X0Y72         BUFGCE (Prop_BUFCE_BUFGCE_I_O)
                                                      0.024     0.695 r  ap_clk_IBUF_BUFG_inst/O
    X4Y3 (CLOCK_ROOT)    net (fo=2496, routed)        0.796     1.490    ap_clk_IBUF_BUFG
    SLICE_X99Y238        FDRE                                         r  gen_lane_k4n4_b_mem[1].lf_lane_k4n4_b_mem_reg[8]/C
  -------------------------------------------------------------------    -------------------
    SLICE_X99Y238        FDRE (Prop_CFF_SLICEM_C_Q)
                                                      0.058     1.548 r  gen_lane_k4n4_b_mem[1].lf_lane_k4n4_b_mem_reg[8]/Q
                         net (fo=2, routed)           0.108     1.656    dut/u_lane_k4n4_r0_1/u/gen_lane_k4n4_b_mem[1].lf_lane_k4n4_b_mem[8]
    SLICE_X98Y238        FDRE                                         r  dut/u_lane_k4n4_r0_1/u/v0_read_reg_83_reg[8]/D
  -------------------------------------------------------------------    -------------------

                         (clock ap_clk rise edge)     0.000     0.000 r  
    BH26                                              0.000     0.000 r  ap_clk (IN)
                         net (fo=0)                   0.000     0.000    ap_clk_IBUF_inst/I
    BH26                 INBUF (Prop_INBUF_HPIOB_M_PAD_O)
                                                      0.636     0.636 r  ap_clk_IBUF_inst/INBUF_INST/O
                         net (fo=1, routed)           0.000     0.636    ap_clk_IBUF_inst/OUT
    BH26                 IBUFCTRL (Prop_IBUFCTRL_HPIOB_M_I_O)
                                                      0.000     0.636 r  ap_clk_IBUF_inst/IBUFCTRL_INST/O
                         net (fo=1, routed)           0.323     0.959    ap_clk_IBUF
    BUFGCE_X0Y72         BUFGCE (Prop_BUFCE_BUFGCE_I_O)
                                                      0.028     0.987 r  ap_clk_IBUF_BUFG_inst/O
    X4Y3 (CLOCK_ROOT)    net (fo=2496, routed)        0.909     1.896    dut/u_lane_k4n4_r0_1/u/ap_clk_IBUF_BUFG
    SLICE_X98Y238        FDRE                                         r  dut/u_lane_k4n4_r0_1/u/v0_read_reg_83_reg[8]/C
                         clock pessimism             -0.315     1.581    
    SLICE_X98Y238        FDRE (Hold_FFF2_SLICEL_C_D)
                                                      0.062     1.643    dut/u_lane_k4n4_r0_1/u/v0_read_reg_83_reg[8]
  -------------------------------------------------------------------
                         required time                         -1.643    
                         arrival time                           1.656    
  -------------------------------------------------------------------
                         slack                                  0.013    





Pulse Width Checks
--------------------------------------------------------------------------------------
Clock Name:         ap_clk
Waveform(ns):       { 0.000 1.666 }
Period(ns):         3.333
Sources:            { ap_clk }

Check Type        Corner  Lib Pin     Reference Pin  Required(ns)  Actual(ns)  Slack(ns)  Location        Pin
Min Period        n/a     BUFGCE/I    n/a            1.290         3.333       2.043      BUFGCE_X0Y72    ap_clk_IBUF_BUFG_inst/I
Low Pulse Width   Slow    SRL16E/CLK  n/a            0.532         1.667       1.135      SLICE_X109Y206  gen_pe_a_in_bind[0].lf_pe_a_in_bind_reg[19]_srl12___gen_pe_a_in_bind_r_10/CLK
High Pulse Width  Slow    SRL16E/CLK  n/a            0.532         1.666       1.134      SLICE_X109Y206  gen_pe_a_in_bind[0].lf_pe_a_in_bind_reg[19]_srl12___gen_pe_a_in_bind_r_10/CLK



