B_START ptpu-mixed S=16 --jobs 6 Thu Oct  1 03:54:30 EDT 2026
ptpu-mixed: {"roles": 14, "instances": 289, "fifos": 817, "streams": 65}
staged 14 role project(s) in 1.7s (frontend + per-role HLS codegen)
synthesising and exporting 14 unit(s) concurrently:
  pe_r4: rc=0 70.7s
  pe_r3: rc=0 71.2s
  pe_r0: rc=0 71.3s
  pe_r5: rc=0 72.0s
  pe_r2: rc=0 72.5s
  pe_r1: rc=0 72.7s
  tap_r1: rc=0 62.2s
  tap_r0: rc=0 62.9s
  pe_r8: rc=0 68.3s
  pe_r7: rc=0 68.7s
  pe_r6: rc=0 69.6s
  seq_r0: rc=0 68.5s
  tap_r2: rc=0 42.8s
  plane16_r0: rc=0 45.3s
HLS: 180.8s wall for 14 roles and 0 movers (918.7s of CPU work, 289 instances)
assembling the array in Vivado:
Vivado elaborated 289 instances in 74.4s
simulating the assembled array:
  SPMW COSIM PASS (1792/1792 tokens, 0 errors)
  SPMW CYCLES total=258 first_out=36 first_in=1
B_RC=0 wall_s=304
