Copyright 1986-2022 Xilinx, Inc. All Rights Reserved. Copyright 2022-2023 Advanced Micro Devices, Inc. All Rights Reserved.
--------------------------------------------------------------------------------------------------------------------------------------------------
| Tool Version      : Vivado v.2023.2 (lin64) Build 4029153 Fri Oct 13 20:13:54 MDT 2023
| Date              : Mon Sep  7 00:29:08 2026
| Host              : brg-zhang-xcel.ece.cornell.edu running 64-bit Red Hat Enterprise Linux 9.8 (Plow)
| Command           : report_timing_summary -file /scratch/hc676/e2_hpfft/n128/UF1/pnr/timing.rpt
| Design            : FFT_TOP
| Device            : xcu280-fsvh2892
| Speed File        : -2L  PRODUCTION 1.30 05-01-2022
| Design State      : Routed
| Temperature Grade : E
--------------------------------------------------------------------------------------------------------------------------------------------------

Timing Summary Report

------------------------------------------------------------------------------------------------
| Timer Settings
| --------------
------------------------------------------------------------------------------------------------

  Enable Multi Corner Analysis               :  Yes
  Enable Pessimism Removal                   :  Yes
  Pessimism Removal Resolution               :  Nearest Common Node
  Enable Input Delay Default Clock           :  No
  Enable Preset / Clear Arcs                 :  No
  Disable Flight Delays                      :  No
  Ignore I/O Paths                           :  No
  Timing Early Launch at Borrowing Latches   :  No
  Borrow Time for Max Delay Exceptions       :  Yes
  Merge Timing Exceptions                    :  Yes
  Inter-SLR Compensation                     :  Conservative

  Corner  Analyze    Analyze    
  Name    Max Paths  Min Paths  
  ------  ---------  ---------  
  Slow    Yes        Yes        
  Fast    Yes        Yes        


------------------------------------------------------------------------------------------------
| Report Methodology
| ------------------
------------------------------------------------------------------------------------------------

No report available as report_methodology has not been run prior. Run report_methodology on the current design for the summary of methodology violations.



check_timing report

Table of Contents
-----------------
1. checking no_clock (0)
2. checking constant_clock (0)
3. checking pulse_width_clock (0)
4. checking unconstrained_internal_endpoints (0)
5. checking no_input_delay (132)
6. checking no_output_delay (133)
7. checking multiple_clock (0)
8. checking generated_clocks (0)
9. checking loops (0)
10. checking partial_input_delay (0)
11. checking partial_output_delay (0)
12. checking latch_loops (0)

1. checking no_clock (0)
------------------------
 There are 0 register/latch pins with no clock.


2. checking constant_clock (0)
------------------------------
 There are 0 register/latch pins with constant_clock.


3. checking pulse_width_clock (0)
---------------------------------
 There are 0 register/latch pins which need pulse_width check


4. checking unconstrained_internal_endpoints (0)
------------------------------------------------
 There are 0 pins that are not constrained for maximum delay.

 There are 0 pins that are not constrained for maximum delay due to constant clock.


5. checking no_input_delay (132)
--------------------------------
 There are 132 input ports with no input delay specified. (HIGH)

 There are 0 input ports with no input delay but user has a false path constraint.


6. checking no_output_delay (133)
---------------------------------
 There are 133 ports with no output delay specified. (HIGH)

 There are 0 ports with no output delay but user has a false path constraint

 There are 0 ports with no output delay but with a timing clock defined on it or propagating through it


7. checking multiple_clock (0)
------------------------------
 There are 0 register/latch pins with multiple clocks.


8. checking generated_clocks (0)
--------------------------------
 There are 0 generated clocks that are not connected to a clock source.


9. checking loops (0)
---------------------
 There are 0 combinational loops in the design.


10. checking partial_input_delay (0)
------------------------------------
 There are 0 input ports with partial input delay specified.


11. checking partial_output_delay (0)
-------------------------------------
 There are 0 ports with partial output delay specified.


12. checking latch_loops (0)
----------------------------
 There are 0 combinational latch loops in the design through latch input



------------------------------------------------------------------------------------------------
| Design Timing Summary
| ---------------------
------------------------------------------------------------------------------------------------

    WNS(ns)      TNS(ns)  TNS Failing Endpoints  TNS Total Endpoints      WHS(ns)      THS(ns)  THS Failing Endpoints  THS Total Endpoints     WPWS(ns)     TPWS(ns)  TPWS Failing Endpoints  TPWS Total Endpoints  
    -------      -------  ---------------------  -------------------      -------      -------  ---------------------  -------------------     --------     --------  ----------------------  --------------------  
      0.313        0.000                      0                48342        0.040        0.000                      0                48342        1.124        0.000                       0                 19980  


All user specified timing constraints are met.


------------------------------------------------------------------------------------------------
| Clock Summary
| -------------
------------------------------------------------------------------------------------------------

Clock   Waveform(ns)         Period(ns)      Frequency(MHz)
-----   ------------         ----------      --------------
ap_clk  {0.000 1.666}        3.333           300.030         


------------------------------------------------------------------------------------------------
| Intra Clock Table
| -----------------
------------------------------------------------------------------------------------------------

Clock             WNS(ns)      TNS(ns)  TNS Failing Endpoints  TNS Total Endpoints      WHS(ns)      THS(ns)  THS Failing Endpoints  THS Total Endpoints     WPWS(ns)     TPWS(ns)  TPWS Failing Endpoints  TPWS Total Endpoints  
-----             -------      -------  ---------------------  -------------------      -------      -------  ---------------------  -------------------     --------     --------  ----------------------  --------------------  
ap_clk              0.313        0.000                      0                48342        0.040        0.000                      0                48342        1.124        0.000                       0                 19980  


------------------------------------------------------------------------------------------------
| Inter Clock Table
| -----------------
------------------------------------------------------------------------------------------------

From Clock    To Clock          WNS(ns)      TNS(ns)  TNS Failing Endpoints  TNS Total Endpoints      WHS(ns)      THS(ns)  THS Failing Endpoints  THS Total Endpoints  
----------    --------          -------      -------  ---------------------  -------------------      -------      -------  ---------------------  -------------------  


------------------------------------------------------------------------------------------------
| Other Path Groups Table
| -----------------------
------------------------------------------------------------------------------------------------

Path Group    From Clock    To Clock          WNS(ns)      TNS(ns)  TNS Failing Endpoints  TNS Total Endpoints      WHS(ns)      THS(ns)  THS Failing Endpoints  THS Total Endpoints  
----------    ----------    --------          -------      -------  ---------------------  -------------------      -------      -------  ---------------------  -------------------  


------------------------------------------------------------------------------------------------
| Timing Details
| --------------
------------------------------------------------------------------------------------------------


---------------------------------------------------------------------------------------------------
From Clock:  ap_clk
  To Clock:  ap_clk

Setup :            0  Failing Endpoints,  Worst Slack        0.313ns,  Total Violation        0.000ns
Hold  :            0  Failing Endpoints,  Worst Slack        0.040ns,  Total Violation        0.000ns
PW    :            0  Failing Endpoints,  Worst Slack        1.124ns,  Total Violation        0.000ns
---------------------------------------------------------------------------------------------------


Max Delay Paths
--------------------------------------------------------------------------------------
Slack (MET) :             0.313ns  (required time - arrival time)
  Source:                 FFT_DIT_spatial_unroll_CY_stream_vector_U0/FFT_stage_spatial_unroll_3_U0/zext_ln11_reg_523_pp0_iter2_reg_reg[0]/C
                            (rising edge-triggered cell FDRE clocked by ap_clk  {rise@0.000ns fall@1.666ns period=3.333ns})
  Destination:            FFT_DIT_spatial_unroll_CY_stream_vector_U0/FFT_stage_spatial_unroll_3_U0/fmul_32ns_32ns_32_4_max_dsp_1_U46/FFT_TOP_fmul_32ns_32ns_32_4_max_dsp_1_ip_u/inst/i_synth/MULT.OP/i_non_prim.MULT/DSP48E1_SPD_SGL_VARIANT.FIX_MULT/DSP1/i_no_versal_es1_workaround.DSP/DSP_OUTPUT_INST/ALU_OUT[10]
                            (rising edge-triggered cell DSP_OUTPUT clocked by ap_clk  {rise@0.000ns fall@1.666ns period=3.333ns})
  Path Group:             ap_clk
  Path Type:              Setup (Max at Slow Process Corner)
  Requirement:            3.333ns  (ap_clk rise@3.333ns - ap_clk rise@0.000ns)
  Data Path Delay:        2.876ns  (logic 1.529ns (53.163%)  route 1.347ns (46.837%))
  Logic Levels:           5  (DSP_A_B_DATA=1 DSP_ALU=1 DSP_M_DATA=1 DSP_MULTIPLIER=1 DSP_PREADD_DATA=1)
  Clock Path Skew:        0.015ns (DCD - SCD + CPR)
    Destination Clock Delay (DCD):    0.043ns = ( 3.376 - 3.333 ) 
    Source Clock Delay      (SCD):    0.028ns
    Clock Pessimism Removal (CPR):    0.000ns
  Clock Uncertainty:      0.035ns  ((TSJ^2 + TIJ^2)^1/2 + DJ) / 2 + PE
    Total System Jitter     (TSJ):    0.071ns
    Total Input Jitter      (TIJ):    0.000ns
    Discrete Jitter          (DJ):    0.000ns
    Phase Error              (PE):    0.000ns

    Location             Delay type                Incr(ns)  Path(ns)    Netlist Resource(s)
  -------------------------------------------------------------------    -------------------
                         (clock ap_clk rise edge)     0.000     0.000 r  
                                                      0.000     0.000 r  ap_clk (IN)
                         net (fo=20319, unset)        0.028     0.028    FFT_DIT_spatial_unroll_CY_stream_vector_U0/FFT_stage_spatial_unroll_3_U0/ap_clk
    SLICE_X98Y70         FDRE                                         r  FFT_DIT_spatial_unroll_CY_stream_vector_U0/FFT_stage_spatial_unroll_3_U0/zext_ln11_reg_523_pp0_iter2_reg_reg[0]/C
  -------------------------------------------------------------------    -------------------
    SLICE_X98Y70         FDRE (Prop_CFF_SLICEL_C_Q)
                                                      0.079     0.107 f  FFT_DIT_spatial_unroll_CY_stream_vector_U0/FFT_stage_spatial_unroll_3_U0/zext_ln11_reg_523_pp0_iter2_reg_reg[0]/Q
                         net (fo=35, routed)          1.347     1.454    FFT_DIT_spatial_unroll_CY_stream_vector_U0/FFT_stage_spatial_unroll_3_U0/fmul_32ns_32ns_32_4_max_dsp_1_U46/FFT_TOP_fmul_32ns_32ns_32_4_max_dsp_1_ip_u/inst/i_synth/MULT.OP/i_non_prim.MULT/DSP48E1_SPD_SGL_VARIANT.FIX_MULT/DSP1/i_no_versal_es1_workaround.DSP/B[4]
    DSP48E2_X14Y14       DSP_A_B_DATA (Prop_DSP_A_B_DATA_DSP48E2_B[4]_B2_DATA[4])
                                                      0.151     1.605 r  FFT_DIT_spatial_unroll_CY_stream_vector_U0/FFT_stage_spatial_unroll_3_U0/fmul_32ns_32ns_32_4_max_dsp_1_U46/FFT_TOP_fmul_32ns_32ns_32_4_max_dsp_1_ip_u/inst/i_synth/MULT.OP/i_non_prim.MULT/DSP48E1_SPD_SGL_VARIANT.FIX_MULT/DSP1/i_no_versal_es1_workaround.DSP/DSP_A_B_DATA_INST/B2_DATA[4]
                         net (fo=1, routed)           0.000     1.605    FFT_DIT_spatial_unroll_CY_stream_vector_U0/FFT_stage_spatial_unroll_3_U0/fmul_32ns_32ns_32_4_max_dsp_1_U46/FFT_TOP_fmul_32ns_32ns_32_4_max_dsp_1_ip_u/inst/i_synth/MULT.OP/i_non_prim.MULT/DSP48E1_SPD_SGL_VARIANT.FIX_MULT/DSP1/i_no_versal_es1_workaround.DSP/DSP_A_B_DATA.B2_DATA<4>
    DSP48E2_X14Y14       DSP_PREADD_DATA (Prop_DSP_PREADD_DATA_DSP48E2_B2_DATA[4]_B2B1[4])
                                                      0.073     1.678 r  FFT_DIT_spatial_unroll_CY_stream_vector_U0/FFT_stage_spatial_unroll_3_U0/fmul_32ns_32ns_32_4_max_dsp_1_U46/FFT_TOP_fmul_32ns_32ns_32_4_max_dsp_1_ip_u/inst/i_synth/MULT.OP/i_non_prim.MULT/DSP48E1_SPD_SGL_VARIANT.FIX_MULT/DSP1/i_no_versal_es1_workaround.DSP/DSP_PREADD_DATA_INST/B2B1[4]
                         net (fo=1, routed)           0.000     1.678    FFT_DIT_spatial_unroll_CY_stream_vector_U0/FFT_stage_spatial_unroll_3_U0/fmul_32ns_32ns_32_4_max_dsp_1_U46/FFT_TOP_fmul_32ns_32ns_32_4_max_dsp_1_ip_u/inst/i_synth/MULT.OP/i_non_prim.MULT/DSP48E1_SPD_SGL_VARIANT.FIX_MULT/DSP1/i_no_versal_es1_workaround.DSP/DSP_PREADD_DATA.B2B1<4>
    DSP48E2_X14Y14       DSP_MULTIPLIER (Prop_DSP_MULTIPLIER_DSP48E2_B2B1[4]_V[10])
                                                      0.609     2.287 f  FFT_DIT_spatial_unroll_CY_stream_vector_U0/FFT_stage_spatial_unroll_3_U0/fmul_32ns_32ns_32_4_max_dsp_1_U46/FFT_TOP_fmul_32ns_32ns_32_4_max_dsp_1_ip_u/inst/i_synth/MULT.OP/i_non_prim.MULT/DSP48E1_SPD_SGL_VARIANT.FIX_MULT/DSP1/i_no_versal_es1_workaround.DSP/DSP_MULTIPLIER_INST/V[10]
                         net (fo=1, routed)           0.000     2.287    FFT_DIT_spatial_unroll_CY_stream_vector_U0/FFT_stage_spatial_unroll_3_U0/fmul_32ns_32ns_32_4_max_dsp_1_U46/FFT_TOP_fmul_32ns_32ns_32_4_max_dsp_1_ip_u/inst/i_synth/MULT.OP/i_non_prim.MULT/DSP48E1_SPD_SGL_VARIANT.FIX_MULT/DSP1/i_no_versal_es1_workaround.DSP/DSP_MULTIPLIER.V<10>
    DSP48E2_X14Y14       DSP_M_DATA (Prop_DSP_M_DATA_DSP48E2_V[10]_V_DATA[10])
                                                      0.046     2.333 r  FFT_DIT_spatial_unroll_CY_stream_vector_U0/FFT_stage_spatial_unroll_3_U0/fmul_32ns_32ns_32_4_max_dsp_1_U46/FFT_TOP_fmul_32ns_32ns_32_4_max_dsp_1_ip_u/inst/i_synth/MULT.OP/i_non_prim.MULT/DSP48E1_SPD_SGL_VARIANT.FIX_MULT/DSP1/i_no_versal_es1_workaround.DSP/DSP_M_DATA_INST/V_DATA[10]
                         net (fo=1, routed)           0.000     2.333    FFT_DIT_spatial_unroll_CY_stream_vector_U0/FFT_stage_spatial_unroll_3_U0/fmul_32ns_32ns_32_4_max_dsp_1_U46/FFT_TOP_fmul_32ns_32ns_32_4_max_dsp_1_ip_u/inst/i_synth/MULT.OP/i_non_prim.MULT/DSP48E1_SPD_SGL_VARIANT.FIX_MULT/DSP1/i_no_versal_es1_workaround.DSP/DSP_M_DATA.V_DATA<10>
    DSP48E2_X14Y14       DSP_ALU (Prop_DSP_ALU_DSP48E2_V_DATA[10]_ALU_OUT[10])
                                                      0.571     2.904 r  FFT_DIT_spatial_unroll_CY_stream_vector_U0/FFT_stage_spatial_unroll_3_U0/fmul_32ns_32ns_32_4_max_dsp_1_U46/FFT_TOP_fmul_32ns_32ns_32_4_max_dsp_1_ip_u/inst/i_synth/MULT.OP/i_non_prim.MULT/DSP48E1_SPD_SGL_VARIANT.FIX_MULT/DSP1/i_no_versal_es1_workaround.DSP/DSP_ALU_INST/ALU_OUT[10]
                         net (fo=1, routed)           0.000     2.904    FFT_DIT_spatial_unroll_CY_stream_vector_U0/FFT_stage_spatial_unroll_3_U0/fmul_32ns_32ns_32_4_max_dsp_1_U46/FFT_TOP_fmul_32ns_32ns_32_4_max_dsp_1_ip_u/inst/i_synth/MULT.OP/i_non_prim.MULT/DSP48E1_SPD_SGL_VARIANT.FIX_MULT/DSP1/i_no_versal_es1_workaround.DSP/DSP_ALU.ALU_OUT<10>
    DSP48E2_X14Y14       DSP_OUTPUT                                   r  FFT_DIT_spatial_unroll_CY_stream_vector_U0/FFT_stage_spatial_unroll_3_U0/fmul_32ns_32ns_32_4_max_dsp_1_U46/FFT_TOP_fmul_32ns_32ns_32_4_max_dsp_1_ip_u/inst/i_synth/MULT.OP/i_non_prim.MULT/DSP48E1_SPD_SGL_VARIANT.FIX_MULT/DSP1/i_no_versal_es1_workaround.DSP/DSP_OUTPUT_INST/ALU_OUT[10]
  -------------------------------------------------------------------    -------------------

                         (clock ap_clk rise edge)     3.333     3.333 r  
                                                      0.000     3.333 r  ap_clk (IN)
                         net (fo=20319, unset)        0.043     3.376    FFT_DIT_spatial_unroll_CY_stream_vector_U0/FFT_stage_spatial_unroll_3_U0/fmul_32ns_32ns_32_4_max_dsp_1_U46/FFT_TOP_fmul_32ns_32ns_32_4_max_dsp_1_ip_u/inst/i_synth/MULT.OP/i_non_prim.MULT/DSP48E1_SPD_SGL_VARIANT.FIX_MULT/DSP1/i_no_versal_es1_workaround.DSP/CLK
    DSP48E2_X14Y14       DSP_OUTPUT                                   r  FFT_DIT_spatial_unroll_CY_stream_vector_U0/FFT_stage_spatial_unroll_3_U0/fmul_32ns_32ns_32_4_max_dsp_1_U46/FFT_TOP_fmul_32ns_32ns_32_4_max_dsp_1_ip_u/inst/i_synth/MULT.OP/i_non_prim.MULT/DSP48E1_SPD_SGL_VARIANT.FIX_MULT/DSP1/i_no_versal_es1_workaround.DSP/DSP_OUTPUT_INST/CLK
                         clock pessimism              0.000     3.376    
                         clock uncertainty           -0.035     3.341    
    DSP48E2_X14Y14       DSP_OUTPUT (Setup_DSP_OUTPUT_DSP48E2_CLK_ALU_OUT[10])
                                                     -0.124     3.217    FFT_DIT_spatial_unroll_CY_stream_vector_U0/FFT_stage_spatial_unroll_3_U0/fmul_32ns_32ns_32_4_max_dsp_1_U46/FFT_TOP_fmul_32ns_32ns_32_4_max_dsp_1_ip_u/inst/i_synth/MULT.OP/i_non_prim.MULT/DSP48E1_SPD_SGL_VARIANT.FIX_MULT/DSP1/i_no_versal_es1_workaround.DSP/DSP_OUTPUT_INST
  -------------------------------------------------------------------
                         required time                          3.217    
                         arrival time                          -2.904    
  -------------------------------------------------------------------
                         slack                                  0.313    





Min Delay Paths
--------------------------------------------------------------------------------------
Slack (MET) :             0.040ns  (arrival time - required time)
  Source:                 FFT_DIT_spatial_unroll_CY_stream_vector_U0/FFT_stage_spatial_unroll_2_U0/d0_reg_430_reg[4]/C
                            (rising edge-triggered cell FDRE clocked by ap_clk  {rise@0.000ns fall@1.666ns period=3.333ns})
  Destination:            FFT_DIT_spatial_unroll_CY_stream_vector_U0/FFT_stage_spatial_unroll_2_U0/fadd_32ns_32ns_32_5_no_dsp_1_U31/din0_buf1_reg[4]/D
                            (rising edge-triggered cell FDRE clocked by ap_clk  {rise@0.000ns fall@1.666ns period=3.333ns})
  Path Group:             ap_clk
  Path Type:              Hold (Min at Fast Process Corner)
  Requirement:            0.000ns  (ap_clk rise@0.000ns - ap_clk rise@0.000ns)
  Data Path Delay:        0.093ns  (logic 0.039ns (41.935%)  route 0.054ns (58.065%))
  Logic Levels:           0  
  Clock Path Skew:        0.006ns (DCD - SCD - CPR)
    Destination Clock Delay (DCD):    0.019ns
    Source Clock Delay      (SCD):    0.013ns
    Clock Pessimism Removal (CPR):    -0.000ns

    Location             Delay type                Incr(ns)  Path(ns)    Netlist Resource(s)
  -------------------------------------------------------------------    -------------------
                         (clock ap_clk rise edge)     0.000     0.000 r  
                                                      0.000     0.000 r  ap_clk (IN)
                         net (fo=20319, unset)        0.013     0.013    FFT_DIT_spatial_unroll_CY_stream_vector_U0/FFT_stage_spatial_unroll_2_U0/ap_clk
    SLICE_X90Y90         FDRE                                         r  FFT_DIT_spatial_unroll_CY_stream_vector_U0/FFT_stage_spatial_unroll_2_U0/d0_reg_430_reg[4]/C
  -------------------------------------------------------------------    -------------------
    SLICE_X90Y90         FDRE (Prop_GFF_SLICEL_C_Q)
                                                      0.039     0.052 r  FFT_DIT_spatial_unroll_CY_stream_vector_U0/FFT_stage_spatial_unroll_2_U0/d0_reg_430_reg[4]/Q
                         net (fo=1, routed)           0.054     0.106    FFT_DIT_spatial_unroll_CY_stream_vector_U0/FFT_stage_spatial_unroll_2_U0/fadd_32ns_32ns_32_5_no_dsp_1_U31/din0_buf1_reg[31]_0[4]
    SLICE_X90Y90         FDRE                                         r  FFT_DIT_spatial_unroll_CY_stream_vector_U0/FFT_stage_spatial_unroll_2_U0/fadd_32ns_32ns_32_5_no_dsp_1_U31/din0_buf1_reg[4]/D
  -------------------------------------------------------------------    -------------------

                         (clock ap_clk rise edge)     0.000     0.000 r  
                                                      0.000     0.000 r  ap_clk (IN)
                         net (fo=20319, unset)        0.019     0.019    FFT_DIT_spatial_unroll_CY_stream_vector_U0/FFT_stage_spatial_unroll_2_U0/fadd_32ns_32ns_32_5_no_dsp_1_U31/ap_clk
    SLICE_X90Y90         FDRE                                         r  FFT_DIT_spatial_unroll_CY_stream_vector_U0/FFT_stage_spatial_unroll_2_U0/fadd_32ns_32ns_32_5_no_dsp_1_U31/din0_buf1_reg[4]/C
                         clock pessimism              0.000     0.019    
    SLICE_X90Y90         FDRE (Hold_HFF2_SLICEL_C_D)
                                                      0.047     0.066    FFT_DIT_spatial_unroll_CY_stream_vector_U0/FFT_stage_spatial_unroll_2_U0/fadd_32ns_32ns_32_5_no_dsp_1_U31/din0_buf1_reg[4]
  -------------------------------------------------------------------
                         required time                         -0.066    
                         arrival time                           0.106    
  -------------------------------------------------------------------
                         slack                                  0.040    





Pulse Width Checks
--------------------------------------------------------------------------------------
Clock Name:         ap_clk
Waveform(ns):       { 0.000 1.666 }
Period(ns):         3.333
Sources:            { ap_clk }

Check Type        Corner  Lib Pin             Reference Pin  Required(ns)  Actual(ns)  Slack(ns)  Location      Pin
Min Period        n/a     RAMB36E2/CLKARDCLK  n/a            1.569         3.333       1.764      RAMB36_X5Y18  FFT_DIT_spatial_unroll_CY_stream_vector_U0/data_1_1_U/gen_buffer[0].FFT_TOP_FFT_DIT_spatial_unroll_CY_stream_vector_data_1_RAM_AUTO_1R1W_memcore_U/ram_reg_bram_0/CLKARDCLK
Low Pulse Width   Slow    RAMB18E2/CLKARDCLK  n/a            0.542         1.666       1.124      RAMB18_X3Y6   FFT_DIT_spatial_unroll_CY_stream_vector_U0/FFT_stage_spatial_unroll_6_U0/c_reg_869_reg/CLKARDCLK
High Pulse Width  Slow    RAMB18E2/CLKARDCLK  n/a            0.542         1.666       1.124      RAMB18_X3Y6   FFT_DIT_spatial_unroll_CY_stream_vector_U0/FFT_stage_spatial_unroll_6_U0/c_reg_869_reg/CLKARDCLK



