Copyright 1986-2022 Xilinx, Inc. All Rights Reserved. Copyright 2022-2023 Advanced Micro Devices, Inc. All Rights Reserved.
--------------------------------------------------------------------------------------------------------------------------------------------------
| Tool Version      : Vivado v.2023.2 (lin64) Build 4029153 Fri Oct 13 20:13:54 MDT 2023
| Date              : Sun Sep  6 23:25:23 2026
| Host              : brg-zhang-xcel.ece.cornell.edu running 64-bit Red Hat Enterprise Linux 9.8 (Plow)
| Command           : report_timing_summary -file timing.rpt
| Design            : attention_pv_array_pass
| Device            : xcu280-fsvh2892
| Speed File        : -2L  PRODUCTION 1.30 05-01-2022
| Design State      : Routed
| Temperature Grade : E
--------------------------------------------------------------------------------------------------------------------------------------------------

Timing Summary Report

------------------------------------------------------------------------------------------------
| Timer Settings
| --------------
------------------------------------------------------------------------------------------------

  Enable Multi Corner Analysis               :  Yes
  Enable Pessimism Removal                   :  Yes
  Pessimism Removal Resolution               :  Nearest Common Node
  Enable Input Delay Default Clock           :  No
  Enable Preset / Clear Arcs                 :  No
  Disable Flight Delays                      :  No
  Ignore I/O Paths                           :  No
  Timing Early Launch at Borrowing Latches   :  No
  Borrow Time for Max Delay Exceptions       :  Yes
  Merge Timing Exceptions                    :  Yes
  Inter-SLR Compensation                     :  Conservative

  Corner  Analyze    Analyze    
  Name    Max Paths  Min Paths  
  ------  ---------  ---------  
  Slow    Yes        Yes        
  Fast    Yes        Yes        


------------------------------------------------------------------------------------------------
| Report Methodology
| ------------------
------------------------------------------------------------------------------------------------

No report available as report_methodology has not been run prior. Run report_methodology on the current design for the summary of methodology violations.



check_timing report

Table of Contents
-----------------
1. checking no_clock (0)
2. checking constant_clock (0)
3. checking pulse_width_clock (0)
4. checking unconstrained_internal_endpoints (0)
5. checking no_input_delay (295)
6. checking no_output_delay (214)
7. checking multiple_clock (0)
8. checking generated_clocks (0)
9. checking loops (0)
10. checking partial_input_delay (0)
11. checking partial_output_delay (0)
12. checking latch_loops (0)

1. checking no_clock (0)
------------------------
 There are 0 register/latch pins with no clock.


2. checking constant_clock (0)
------------------------------
 There are 0 register/latch pins with constant_clock.


3. checking pulse_width_clock (0)
---------------------------------
 There are 0 register/latch pins which need pulse_width check


4. checking unconstrained_internal_endpoints (0)
------------------------------------------------
 There are 0 pins that are not constrained for maximum delay.

 There are 0 pins that are not constrained for maximum delay due to constant clock.


5. checking no_input_delay (295)
--------------------------------
 There are 295 input ports with no input delay specified. (HIGH)

 There are 0 input ports with no input delay but user has a false path constraint.


6. checking no_output_delay (214)
---------------------------------
 There are 214 ports with no output delay specified. (HIGH)

 There are 0 ports with no output delay but user has a false path constraint

 There are 0 ports with no output delay but with a timing clock defined on it or propagating through it


7. checking multiple_clock (0)
------------------------------
 There are 0 register/latch pins with multiple clocks.


8. checking generated_clocks (0)
--------------------------------
 There are 0 generated clocks that are not connected to a clock source.


9. checking loops (0)
---------------------
 There are 0 combinational loops in the design.


10. checking partial_input_delay (0)
------------------------------------
 There are 0 input ports with partial input delay specified.


11. checking partial_output_delay (0)
-------------------------------------
 There are 0 ports with partial output delay specified.


12. checking latch_loops (0)
----------------------------
 There are 0 combinational latch loops in the design through latch input



------------------------------------------------------------------------------------------------
| Design Timing Summary
| ---------------------
------------------------------------------------------------------------------------------------

    WNS(ns)      TNS(ns)  TNS Failing Endpoints  TNS Total Endpoints      WHS(ns)      THS(ns)  THS Failing Endpoints  THS Total Endpoints     WPWS(ns)     TPWS(ns)  TPWS Failing Endpoints  TPWS Total Endpoints  
    -------      -------  ---------------------  -------------------      -------      -------  ---------------------  -------------------     --------     --------  ----------------------  --------------------  
      0.935        0.000                      0                11856        0.021        0.000                      0                11856        1.134        0.000                       0                  4176  


All user specified timing constraints are met.


------------------------------------------------------------------------------------------------
| Clock Summary
| -------------
------------------------------------------------------------------------------------------------

Clock   Waveform(ns)         Period(ns)      Frequency(MHz)
-----   ------------         ----------      --------------
ap_clk  {0.000 1.666}        3.333           300.030         


------------------------------------------------------------------------------------------------
| Intra Clock Table
| -----------------
------------------------------------------------------------------------------------------------

Clock             WNS(ns)      TNS(ns)  TNS Failing Endpoints  TNS Total Endpoints      WHS(ns)      THS(ns)  THS Failing Endpoints  THS Total Endpoints     WPWS(ns)     TPWS(ns)  TPWS Failing Endpoints  TPWS Total Endpoints  
-----             -------      -------  ---------------------  -------------------      -------      -------  ---------------------  -------------------     --------     --------  ----------------------  --------------------  
ap_clk              0.935        0.000                      0                11856        0.021        0.000                      0                11856        1.134        0.000                       0                  4176  


------------------------------------------------------------------------------------------------
| Inter Clock Table
| -----------------
------------------------------------------------------------------------------------------------

From Clock    To Clock          WNS(ns)      TNS(ns)  TNS Failing Endpoints  TNS Total Endpoints      WHS(ns)      THS(ns)  THS Failing Endpoints  THS Total Endpoints  
----------    --------          -------      -------  ---------------------  -------------------      -------      -------  ---------------------  -------------------  


------------------------------------------------------------------------------------------------
| Other Path Groups Table
| -----------------------
------------------------------------------------------------------------------------------------

Path Group    From Clock    To Clock          WNS(ns)      TNS(ns)  TNS Failing Endpoints  TNS Total Endpoints      WHS(ns)      THS(ns)  THS Failing Endpoints  THS Total Endpoints  
----------    ----------    --------          -------      -------  ---------------------  -------------------      -------      -------  ---------------------  -------------------  


------------------------------------------------------------------------------------------------
| Timing Details
| --------------
------------------------------------------------------------------------------------------------


---------------------------------------------------------------------------------------------------
From Clock:  ap_clk
  To Clock:  ap_clk

Setup :            0  Failing Endpoints,  Worst Slack        0.935ns,  Total Violation        0.000ns
Hold  :            0  Failing Endpoints,  Worst Slack        0.021ns,  Total Violation        0.000ns
PW    :            0  Failing Endpoints,  Worst Slack        1.134ns,  Total Violation        0.000ns
---------------------------------------------------------------------------------------------------


Max Delay Paths
--------------------------------------------------------------------------------------
Slack (MET) :             0.935ns  (required time - arrival time)
  Source:                 pe_edge_14_U0/grp_pe_edge_14_Pipeline_pe_edge_loop_fu_50/flow_control_loop_pipe_sequential_init_U/ap_loop_init_int_reg/C
                            (rising edge-triggered cell FDRE clocked by ap_clk  {rise@0.000ns fall@1.666ns period=3.333ns})
  Destination:            pe_edge_14_U0/grp_pe_edge_14_Pipeline_pe_edge_loop_fu_50/m_fu_42_reg[21]/CE
                            (rising edge-triggered cell FDRE clocked by ap_clk  {rise@0.000ns fall@1.666ns period=3.333ns})
  Path Group:             ap_clk
  Path Type:              Setup (Max at Slow Process Corner)
  Requirement:            3.333ns  (ap_clk rise@3.333ns - ap_clk rise@0.000ns)
  Data Path Delay:        2.295ns  (logic 0.478ns (20.832%)  route 1.817ns (79.168%))
  Logic Levels:           4  (CARRY8=2 LUT3=1 LUT6=1)
  Clock Path Skew:        -0.008ns (DCD - SCD + CPR)
    Destination Clock Delay (DCD):    0.020ns = ( 3.353 - 3.333 ) 
    Source Clock Delay      (SCD):    0.028ns
    Clock Pessimism Removal (CPR):    0.000ns
  Clock Uncertainty:      0.035ns  ((TSJ^2 + TIJ^2)^1/2 + DJ) / 2 + PE
    Total System Jitter     (TSJ):    0.071ns
    Total Input Jitter      (TIJ):    0.000ns
    Discrete Jitter          (DJ):    0.000ns
    Phase Error              (PE):    0.000ns

    Location             Delay type                Incr(ns)  Path(ns)    Netlist Resource(s)
  -------------------------------------------------------------------    -------------------
                         (clock ap_clk rise edge)     0.000     0.000 r  
                                                      0.000     0.000 r  ap_clk (IN)
                         net (fo=4239, unset)         0.028     0.028    pe_edge_14_U0/grp_pe_edge_14_Pipeline_pe_edge_loop_fu_50/flow_control_loop_pipe_sequential_init_U/ap_clk
    SLICE_X59Y511        FDRE                                         r  pe_edge_14_U0/grp_pe_edge_14_Pipeline_pe_edge_loop_fu_50/flow_control_loop_pipe_sequential_init_U/ap_loop_init_int_reg/C
  -------------------------------------------------------------------    -------------------
    SLICE_X59Y511        FDRE (Prop_DFF_SLICEL_C_Q)
                                                      0.079     0.107 r  pe_edge_14_U0/grp_pe_edge_14_Pipeline_pe_edge_loop_fu_50/flow_control_loop_pipe_sequential_init_U/ap_loop_init_int_reg/Q
                         net (fo=66, routed)          0.542     0.649    pe_edge_14_U0/grp_pe_edge_14_Pipeline_pe_edge_loop_fu_50/flow_control_loop_pipe_sequential_init_U/ap_loop_init_int
    SLICE_X60Y496        LUT6 (Prop_E6LUT_SLICEM_I3_O)
                                                      0.148     0.797 r  pe_edge_14_U0/grp_pe_edge_14_Pipeline_pe_edge_loop_fu_50/flow_control_loop_pipe_sequential_init_U/icmp_ln54_fu_93_p2_carry_i_8__5/O
                         net (fo=1, routed)           0.269     1.066    pe_edge_14_U0/grp_pe_edge_14_Pipeline_pe_edge_loop_fu_50/flow_control_loop_pipe_sequential_init_U_n_61
    SLICE_X60Y497        CARRY8 (Prop_CARRY8_SLICEM_DI[0]_CO[7])
                                                      0.133     1.199 r  pe_edge_14_U0/grp_pe_edge_14_Pipeline_pe_edge_loop_fu_50/icmp_ln54_fu_93_p2_carry/CO[7]
                         net (fo=1, routed)           0.026     1.225    pe_edge_14_U0/grp_pe_edge_14_Pipeline_pe_edge_loop_fu_50/icmp_ln54_fu_93_p2_carry_n_0
    SLICE_X60Y498        CARRY8 (Prop_CARRY8_SLICEM_CI_CO[7])
                                                      0.022     1.247 r  pe_edge_14_U0/grp_pe_edge_14_Pipeline_pe_edge_loop_fu_50/icmp_ln54_fu_93_p2_carry__0/CO[7]
                         net (fo=5, routed)           0.424     1.670    pe_edge_14_U0/grp_pe_edge_14_Pipeline_pe_edge_loop_fu_50/flow_control_loop_pipe_sequential_init_U/CO[0]
    SLICE_X59Y511        LUT3 (Prop_H5LUT_SLICEL_I0_O)
                                                      0.096     1.766 r  pe_edge_14_U0/grp_pe_edge_14_Pipeline_pe_edge_loop_fu_50/flow_control_loop_pipe_sequential_init_U/m_fu_42[30]_i_2__5/O
                         net (fo=31, routed)          0.556     2.323    pe_edge_14_U0/grp_pe_edge_14_Pipeline_pe_edge_loop_fu_50/m_fu_42
    SLICE_X58Y498        FDRE                                         r  pe_edge_14_U0/grp_pe_edge_14_Pipeline_pe_edge_loop_fu_50/m_fu_42_reg[21]/CE
  -------------------------------------------------------------------    -------------------

                         (clock ap_clk rise edge)     3.333     3.333 r  
                                                      0.000     3.333 r  ap_clk (IN)
                         net (fo=4239, unset)         0.020     3.353    pe_edge_14_U0/grp_pe_edge_14_Pipeline_pe_edge_loop_fu_50/ap_clk
    SLICE_X58Y498        FDRE                                         r  pe_edge_14_U0/grp_pe_edge_14_Pipeline_pe_edge_loop_fu_50/m_fu_42_reg[21]/C
                         clock pessimism              0.000     3.353    
                         clock uncertainty           -0.035     3.318    
    SLICE_X58Y498        FDRE (Setup_EFF_SLICEL_C_CE)
                                                     -0.060     3.258    pe_edge_14_U0/grp_pe_edge_14_Pipeline_pe_edge_loop_fu_50/m_fu_42_reg[21]
  -------------------------------------------------------------------
                         required time                          3.258    
                         arrival time                          -2.323    
  -------------------------------------------------------------------
                         slack                                  0.935    





Min Delay Paths
--------------------------------------------------------------------------------------
Slack (MET) :             0.021ns  (arrival time - required time)
  Source:                 drain_U0/ap_CS_fsm_reg[34]/C
                            (rising edge-triggered cell FDRE clocked by ap_clk  {rise@0.000ns fall@1.666ns period=3.333ns})
  Destination:            drain_U0/ap_CS_fsm_reg[35]/D
                            (rising edge-triggered cell FDRE clocked by ap_clk  {rise@0.000ns fall@1.666ns period=3.333ns})
  Path Group:             ap_clk
  Path Type:              Hold (Min at Fast Process Corner)
  Requirement:            0.000ns  (ap_clk rise@0.000ns - ap_clk rise@0.000ns)
  Data Path Delay:        0.074ns  (logic 0.039ns (52.811%)  route 0.035ns (47.189%))
  Logic Levels:           0  
  Clock Path Skew:        0.006ns (DCD - SCD - CPR)
    Destination Clock Delay (DCD):    0.019ns
    Source Clock Delay      (SCD):    0.013ns
    Clock Pessimism Removal (CPR):    -0.000ns

    Location             Delay type                Incr(ns)  Path(ns)    Netlist Resource(s)
  -------------------------------------------------------------------    -------------------
                         (clock ap_clk rise edge)     0.000     0.000 r  
                                                      0.000     0.000 r  ap_clk (IN)
                         net (fo=4239, unset)         0.013     0.013    drain_U0/ap_clk
    SLICE_X54Y491        FDRE                                         r  drain_U0/ap_CS_fsm_reg[34]/C
  -------------------------------------------------------------------    -------------------
    SLICE_X54Y491        FDRE (Prop_HFF_SLICEL_C_Q)
                                                      0.039     0.052 r  drain_U0/ap_CS_fsm_reg[34]/Q
                         net (fo=2, routed)           0.035     0.087    drain_U0/ap_CS_fsm_reg_n_0_[34]
    SLICE_X54Y491        FDRE                                         r  drain_U0/ap_CS_fsm_reg[35]/D
  -------------------------------------------------------------------    -------------------

                         (clock ap_clk rise edge)     0.000     0.000 r  
                                                      0.000     0.000 r  ap_clk (IN)
                         net (fo=4239, unset)         0.019     0.019    drain_U0/ap_clk
    SLICE_X54Y491        FDRE                                         r  drain_U0/ap_CS_fsm_reg[35]/C
                         clock pessimism              0.000     0.019    
    SLICE_X54Y491        FDRE (Hold_HFF2_SLICEL_C_D)
                                                      0.047     0.066    drain_U0/ap_CS_fsm_reg[35]
  -------------------------------------------------------------------
                         required time                         -0.066    
                         arrival time                           0.087    
  -------------------------------------------------------------------
                         slack                                  0.021    





Pulse Width Checks
--------------------------------------------------------------------------------------
Clock Name:         ap_clk
Waveform(ns):       { 0.000 1.666 }
Period(ns):         3.333
Sources:            { ap_clk }

Check Type        Corner  Lib Pin     Reference Pin  Required(ns)  Actual(ns)  Slack(ns)  Location       Pin
Min Period        n/a     SRL16E/CLK  n/a            1.064         3.333       2.269      SLICE_X53Y514  Y_c_U/U_attention_pv_fifo_w64_d12_S_ShiftReg/SRL_SIG_reg[11][10]_srl12/CLK
Low Pulse Width   Slow    SRL16E/CLK  n/a            0.532         1.667       1.135      SLICE_X53Y514  Y_c_U/U_attention_pv_fifo_w64_d12_S_ShiftReg/SRL_SIG_reg[11][10]_srl12/CLK
High Pulse Width  Slow    SRL16E/CLK  n/a            0.532         1.666       1.134      SLICE_X53Y514  Y_c_U/U_attention_pv_fifo_w64_d12_S_ShiftReg/SRL_SIG_reg[11][10]_srl12/CLK



