

================================================================
== Vitis HLS Report for 'lanesw_k512n32_r0_0_Pipeline_l_S_s_0_s'
================================================================
* Date:           Fri Sep 25 16:25:42 2026

* Version:        2023.2 (Build 4023990 on Oct 11 2023)
* Project:        prj
* Solution:       sol (Vivado IP Flow Target)
* Product family: virtexuplusHBM
* Target device:  xcu280-fsvh2892-2L-e


================================================================
== Performance Estimates
================================================================
+ Timing: 
    * Summary: 
    +--------+---------+----------+------------+
    |  Clock |  Target | Estimated| Uncertainty|
    +--------+---------+----------+------------+
    |ap_clk  |  4.75 ns|  3.716 ns|     0.90 ns|
    +--------+---------+----------+------------+

+ Latency: 
    * Summary: 
    +---------+---------+----------+----------+---------+---------+---------+
    |  Latency (cycles) |  Latency (absolute) |      Interval     | Pipeline|
    |   min   |   max   |    min   |    max   |   min   |   max   |   Type  |
    +---------+---------+----------+----------+---------+---------+---------+
    |  1048582|  1048582|  4.981 ms|  4.981 ms|  1048582|  1048582|       no|
    +---------+---------+----------+----------+---------+---------+---------+

    + Detail: 
        * Instance: 
        N/A

        * Loop: 
        +-------------+---------+---------+----------+-----------+-----------+---------+----------+
        |             |  Latency (cycles) | Iteration|  Initiation Interval  |   Trip  |          |
        |  Loop Name  |   min   |   max   |  Latency |  achieved |   target  |  Count  | Pipelined|
        +-------------+---------+---------+----------+-----------+-----------+---------+----------+
        |- l_S_s_0_s  |  1048580|  1048580|         6|          1|          1|  1048576|       yes|
        +-------------+---------+---------+----------+-----------+-----------+---------+----------+



================================================================
== Utilization Estimates
================================================================
* Summary: 
+---------------------+---------+------+---------+---------+-----+
|         Name        | BRAM_18K|  DSP |    FF   |   LUT   | URAM|
+---------------------+---------+------+---------+---------+-----+
|DSP                  |        -|     -|        -|        -|    -|
|Expression           |        -|     -|       17|      819|    -|
|FIFO                 |        -|     -|        -|        -|    -|
|Instance             |        -|     0|        0|      412|    -|
|Memory               |        -|     -|        -|        -|    -|
|Multiplexer          |        -|     -|        -|     1179|    -|
|Register             |        -|     -|     4376|       64|    -|
+---------------------+---------+------+---------+---------+-----+
|Total                |        0|     0|     4393|     2474|    0|
+---------------------+---------+------+---------+---------+-----+
|Available SLR        |     1344|  3008|   869120|   434560|  320|
+---------------------+---------+------+---------+---------+-----+
|Utilization SLR (%)  |        0|     0|       ~0|       ~0|    0|
+---------------------+---------+------+---------+---------+-----+
|Available            |     4032|  9024|  2607360|  1303680|  960|
+---------------------+---------+------+---------+---------+-----+
|Utilization (%)      |        0|     0|       ~0|       ~0|    0|
+---------------------+---------+------+---------+---------+-----+

+ Detail: 
    * Instance: 
    +-----------------------+--------------------+---------+----+---+-----+-----+
    |        Instance       |       Module       | BRAM_18K| DSP| FF| LUT | URAM|
    +-----------------------+--------------------+---------+----+---+-----+-----+
    |mul_16s_8s_24_1_1_U6   |mul_16s_8s_24_1_1   |        0|   0|  0|  273|    0|
    |mul_7ns_7ns_14_1_1_U4  |mul_7ns_7ns_14_1_1  |        0|   0|  0|   51|    0|
    |mul_9ns_8s_17_1_1_U5   |mul_9ns_8s_17_1_1   |        0|   0|  0|   88|    0|
    +-----------------------+--------------------+---------+----+---+-----+-----+
    |Total                  |                    |        0|   0|  0|  412|    0|
    +-----------------------+--------------------+---------+----+---+-----+-----+

    * DSP: 
    N/A

    * Memory: 
    N/A

    * FIFO: 
    N/A

    * Expression: 
    +----------------------------------+----------+----+----+----+------------+------------+
    |           Variable Name          | Operation| DSP| FF | LUT| Bitwidth P0| Bitwidth P1|
    +----------------------------------+----------+----+----+----+------------+------------+
    |s_2_fu_1317_p2                    |         +|   0|   0|  28|          21|           1|
    |v162_fu_1556_p2                   |         +|   0|   0|  39|          32|          32|
    |ap_frp_data_req_v2                |         -|   0|  17|   5|           3|           1|
    |sub_ln626_fu_2484_p2              |         -|   0|   0|  15|           1|           8|
    |sub_ln637_fu_2508_p2              |         -|   0|   0|  15|           8|           7|
    |v338_fu_2557_p2                   |         -|   0|   0|  18|          11|          10|
    |ap_block_state2_pp0_stage0_iter1  |       and|   0|   0|   2|           1|           1|
    |ap_block_state6_pp0_stage0_iter5  |       and|   0|   0|   2|           1|           1|
    |ap_condition_frp_pvb_pf_start     |       and|   0|   0|   2|           1|           1|
    |ap_predicate_op604_write_state6   |       and|   0|   0|   2|           1|           1|
    |pf_all_done                       |       and|   0|   0|   2|           1|           0|
    |v300_fu_1572_p2                   |      ashr|   0|   0|  92|          32|          32|
    |v308_fu_1611_p2                   |      ashr|   0|   0|  92|          32|          32|
    |v370_fu_2626_p2                   |      ashr|   0|   0|  62|          24|          24|
    |icmp_ln289_fu_1311_p2             |      icmp|   0|   0|  29|          21|          22|
    |v156_fu_1333_p2                   |      icmp|   0|   0|  16|           9|           1|
    |v295_fu_1339_p2                   |      icmp|   0|   0|  16|           9|           2|
    |v303_fu_1577_p2                   |      icmp|   0|   0|  39|          32|           9|
    |v305_fu_1605_p2                   |      icmp|   0|   0|  32|          25|           1|
    |v311_fu_2448_p2                   |      icmp|   0|   0|  39|          32|           9|
    |v313_fu_2470_p2                   |      icmp|   0|   0|  32|          25|           1|
    |v321_fu_2498_p2                   |      icmp|   0|   0|  15|           8|           7|
    |v372_fu_2632_p2                   |      icmp|   0|   0|  31|          24|           9|
    |v374_fu_2658_p2                   |      icmp|   0|   0|  24|          17|           1|
    |a_fu_2490_p3                      |    select|   0|   0|   8|           1|           8|
    |gq_2_fu_2442_p3                   |    select|   0|   0|   8|           1|           7|
    |gq_fu_1583_p3                     |    select|   0|   0|  32|           1|           9|
    |h_3_fu_2664_p3                    |    select|   0|   0|   8|           1|           7|
    |h_fu_2637_p3                      |    select|   0|   0|  24|           1|           9|
    |r127_fu_1562_p3                   |    select|   0|   0|  32|           1|          32|
    |select_ln658_fu_2587_p3           |    select|   0|   0|   9|           1|           9|
    |uq_fu_2453_p3                     |    select|   0|   0|  32|           1|           9|
    |v325_fu_2514_p3                   |    select|   0|   0|   7|           1|           1|
    |v352_fu_2526_p3                   |    select|   0|   0|   8|           1|           7|
    |ap_enable_pp0                     |       xor|   0|   0|   2|           1|           2|
    +----------------------------------+----------+----+----+----+------------+------------+
    |Total                             |          |   0|  17| 819|         382|         313|
    +----------------------------------+----------+----+----+----+------------+------------+

    * Multiplexer: 
    +----------------------+----+-----------+-----+-----------+
    |         Name         | LUT| Input Size| Bits| Total Bits|
    +----------------------+----+-----------+-----+-----------+
    |ap_frp_data_req_v2    |   9|          2|    3|          6|
    |ap_sig_allocacmp_s_1  |   9|          2|   21|         42|
    |r0_fu_622             |   9|          2|   32|         64|
    |r100_fu_422           |   9|          2|   32|         64|
    |r101_1_fu_162         |   9|          2|   32|         64|
    |r102_fu_418           |   9|          2|   32|         64|
    |r103_1_fu_158         |   9|          2|   32|         64|
    |r104_fu_414           |   9|          2|   32|         64|
    |r105_1_fu_154         |   9|          2|   32|         64|
    |r106_fu_410           |   9|          2|   32|         64|
    |r107_1_fu_150         |   9|          2|   32|         64|
    |r108_fu_406           |   9|          2|   32|         64|
    |r109_1_fu_146         |   9|          2|   32|         64|
    |r10_fu_602            |   9|          2|   32|         64|
    |r110_fu_402           |   9|          2|   32|         64|
    |r111_1_fu_142         |   9|          2|   32|         64|
    |r112_fu_398           |   9|          2|   32|         64|
    |r113_1_fu_138         |   9|          2|   32|         64|
    |r114_fu_394           |   9|          2|   32|         64|
    |r115_1_fu_134         |   9|          2|   32|         64|
    |r116_fu_390           |   9|          2|   32|         64|
    |r117_1_fu_130         |   9|          2|   32|         64|
    |r118_fu_386           |   9|          2|   32|         64|
    |r119_1_fu_126         |   9|          2|   32|         64|
    |r11_1_fu_342          |   9|          2|   32|         64|
    |r120_fu_382           |   9|          2|   32|         64|
    |r121_1_fu_122         |   9|          2|   32|         64|
    |r122_fu_378           |   9|          2|   32|         64|
    |r123_1_fu_118         |   9|          2|   32|         64|
    |r124_fu_374           |   9|          2|   32|         64|
    |r125_fu_626           |   9|          2|   32|         64|
    |r126_fu_630           |   9|          2|   32|         64|
    |r12_fu_598            |   9|          2|   32|         64|
    |r13_1_fu_338          |   9|          2|   32|         64|
    |r14_fu_594            |   9|          2|   32|         64|
    |r15_1_fu_334          |   9|          2|   32|         64|
    |r16_fu_590            |   9|          2|   32|         64|
    |r17_1_fu_330          |   9|          2|   32|         64|
    |r18_fu_586            |   9|          2|   32|         64|
    |r19_1_fu_326          |   9|          2|   32|         64|
    |r1_1_fu_362           |   9|          2|   32|         64|
    |r20_fu_582            |   9|          2|   32|         64|
    |r21_1_fu_322          |   9|          2|   32|         64|
    |r22_fu_578            |   9|          2|   32|         64|
    |r23_1_fu_318          |   9|          2|   32|         64|
    |r24_fu_574            |   9|          2|   32|         64|
    |r25_1_fu_314          |   9|          2|   32|         64|
    |r26_fu_570            |   9|          2|   32|         64|
    |r27_1_fu_310          |   9|          2|   32|         64|
    |r28_fu_566            |   9|          2|   32|         64|
    |r29_1_fu_306          |   9|          2|   32|         64|
    |r2_fu_618             |   9|          2|   32|         64|
    |r30_fu_562            |   9|          2|   32|         64|
    |r31_1_fu_302          |   9|          2|   32|         64|
    |r32_fu_558            |   9|          2|   32|         64|
    |r33_1_fu_298          |   9|          2|   32|         64|
    |r34_fu_554            |   9|          2|   32|         64|
    |r35_1_fu_294          |   9|          2|   32|         64|
    |r36_fu_550            |   9|          2|   32|         64|
    |r37_1_fu_290          |   9|          2|   32|         64|
    |r38_fu_546            |   9|          2|   32|         64|
    |r39_1_fu_286          |   9|          2|   32|         64|
    |r3_1_fu_358           |   9|          2|   32|         64|
    |r40_fu_542            |   9|          2|   32|         64|
    |r41_1_fu_282          |   9|          2|   32|         64|
    |r42_fu_538            |   9|          2|   32|         64|
    |r43_1_fu_278          |   9|          2|   32|         64|
    |r44_fu_534            |   9|          2|   32|         64|
    |r45_1_fu_274          |   9|          2|   32|         64|
    |r46_fu_530            |   9|          2|   32|         64|
    |r47_1_fu_270          |   9|          2|   32|         64|
    |r48_fu_526            |   9|          2|   32|         64|
    |r49_1_fu_266          |   9|          2|   32|         64|
    |r4_fu_614             |   9|          2|   32|         64|
    |r50_fu_522            |   9|          2|   32|         64|
    |r51_1_fu_262          |   9|          2|   32|         64|
    |r52_fu_518            |   9|          2|   32|         64|
    |r53_1_fu_258          |   9|          2|   32|         64|
    |r54_fu_514            |   9|          2|   32|         64|
    |r55_1_fu_254          |   9|          2|   32|         64|
    |r56_fu_510            |   9|          2|   32|         64|
    |r57_1_fu_250          |   9|          2|   32|         64|
    |r58_fu_506            |   9|          2|   32|         64|
    |r59_1_fu_246          |   9|          2|   32|         64|
    |r5_1_fu_354           |   9|          2|   32|         64|
    |r60_fu_502            |   9|          2|   32|         64|
    |r61_1_fu_242          |   9|          2|   32|         64|
    |r62_fu_498            |   9|          2|   32|         64|
    |r63_1_fu_238          |   9|          2|   32|         64|
    |r64_fu_494            |   9|          2|   32|         64|
    |r65_1_fu_234          |   9|          2|   32|         64|
    |r66_fu_490            |   9|          2|   32|         64|
    |r67_1_fu_230          |   9|          2|   32|         64|
    |r68_fu_486            |   9|          2|   32|         64|
    |r69_1_fu_226          |   9|          2|   32|         64|
    |r6_fu_610             |   9|          2|   32|         64|
    |r70_fu_482            |   9|          2|   32|         64|
    |r71_1_fu_222          |   9|          2|   32|         64|
    |r72_fu_478            |   9|          2|   32|         64|
    |r73_1_fu_218          |   9|          2|   32|         64|
    |r74_fu_474            |   9|          2|   32|         64|
    |r75_1_fu_214          |   9|          2|   32|         64|
    |r76_fu_470            |   9|          2|   32|         64|
    |r77_1_fu_210          |   9|          2|   32|         64|
    |r78_fu_466            |   9|          2|   32|         64|
    |r79_1_fu_206          |   9|          2|   32|         64|
    |r7_1_fu_350           |   9|          2|   32|         64|
    |r80_fu_462            |   9|          2|   32|         64|
    |r81_1_fu_202          |   9|          2|   32|         64|
    |r82_fu_458            |   9|          2|   32|         64|
    |r83_1_fu_198          |   9|          2|   32|         64|
    |r84_fu_454            |   9|          2|   32|         64|
    |r85_1_fu_194          |   9|          2|   32|         64|
    |r86_fu_450            |   9|          2|   32|         64|
    |r87_1_fu_190          |   9|          2|   32|         64|
    |r88_fu_446            |   9|          2|   32|         64|
    |r89_1_fu_186          |   9|          2|   32|         64|
    |r8_fu_606             |   9|          2|   32|         64|
    |r90_fu_442            |   9|          2|   32|         64|
    |r91_1_fu_182          |   9|          2|   32|         64|
    |r92_fu_438            |   9|          2|   32|         64|
    |r93_1_fu_178          |   9|          2|   32|         64|
    |r94_fu_434            |   9|          2|   32|         64|
    |r95_1_fu_174          |   9|          2|   32|         64|
    |r96_fu_430            |   9|          2|   32|         64|
    |r97_1_fu_170          |   9|          2|   32|         64|
    |r98_fu_426            |   9|          2|   32|         64|
    |r99_1_fu_166          |   9|          2|   32|         64|
    |r9_1_fu_346           |   9|          2|   32|         64|
    |s_fu_370              |   9|          2|   21|         42|
    |v157_fu_366           |   9|          2|   32|         64|
    +----------------------+----+-----------+-----+-----------+
    |Total                 |1179|        262| 4141|       8282|
    +----------------------+----+-----------+-----+-----------+

    * Register: 
    +----------------------------------+----+----+-----+-----------+
    |               Name               | FF | LUT| Bits| Const Bits|
    +----------------------------------+----+----+-----+-----------+
    |ap_CS_fsm                         |   1|   0|    1|          0|
    |ap_frp_data_req_v2                |   3|   0|    3|          0|
    |ap_loop_exit_ready_pp0_iter1_reg  |   1|   0|    1|          0|
    |ap_loop_exit_ready_pp0_iter2_reg  |   1|   0|    1|          0|
    |ap_loop_exit_ready_pp0_iter3_reg  |   1|   0|    1|          0|
    |ap_loop_exit_ready_pp0_iter4_reg  |   1|   0|    1|          0|
    |gq_2_reg_3625                     |   8|   0|    8|          0|
    |icmp_ln289_reg_3592               |   1|   0|    1|          0|
    |pf_all_done                       |   1|   0|    1|          0|
    |r0_fu_622                         |  32|   0|   32|          0|
    |r100_fu_422                       |  32|   0|   32|          0|
    |r101_1_fu_162                     |  32|   0|   32|          0|
    |r102_fu_418                       |  32|   0|   32|          0|
    |r103_1_fu_158                     |  32|   0|   32|          0|
    |r104_fu_414                       |  32|   0|   32|          0|
    |r105_1_fu_154                     |  32|   0|   32|          0|
    |r106_fu_410                       |  32|   0|   32|          0|
    |r107_1_fu_150                     |  32|   0|   32|          0|
    |r108_fu_406                       |  32|   0|   32|          0|
    |r109_1_fu_146                     |  32|   0|   32|          0|
    |r10_fu_602                        |  32|   0|   32|          0|
    |r110_fu_402                       |  32|   0|   32|          0|
    |r111_1_fu_142                     |  32|   0|   32|          0|
    |r112_fu_398                       |  32|   0|   32|          0|
    |r113_1_fu_138                     |  32|   0|   32|          0|
    |r114_fu_394                       |  32|   0|   32|          0|
    |r115_1_fu_134                     |  32|   0|   32|          0|
    |r116_fu_390                       |  32|   0|   32|          0|
    |r117_1_fu_130                     |  32|   0|   32|          0|
    |r118_fu_386                       |  32|   0|   32|          0|
    |r119_1_fu_126                     |  32|   0|   32|          0|
    |r11_1_fu_342                      |  32|   0|   32|          0|
    |r120_fu_382                       |  32|   0|   32|          0|
    |r121_1_fu_122                     |  32|   0|   32|          0|
    |r122_fu_378                       |  32|   0|   32|          0|
    |r123_1_fu_118                     |  32|   0|   32|          0|
    |r124_fu_374                       |  32|   0|   32|          0|
    |r125_fu_626                       |  32|   0|   32|          0|
    |r126_fu_630                       |  32|   0|   32|          0|
    |r12_fu_598                        |  32|   0|   32|          0|
    |r13_1_fu_338                      |  32|   0|   32|          0|
    |r14_fu_594                        |  32|   0|   32|          0|
    |r15_1_fu_334                      |  32|   0|   32|          0|
    |r16_fu_590                        |  32|   0|   32|          0|
    |r17_1_fu_330                      |  32|   0|   32|          0|
    |r18_fu_586                        |  32|   0|   32|          0|
    |r19_1_fu_326                      |  32|   0|   32|          0|
    |r1_1_fu_362                       |  32|   0|   32|          0|
    |r20_fu_582                        |  32|   0|   32|          0|
    |r21_1_fu_322                      |  32|   0|   32|          0|
    |r22_fu_578                        |  32|   0|   32|          0|
    |r23_1_fu_318                      |  32|   0|   32|          0|
    |r24_fu_574                        |  32|   0|   32|          0|
    |r25_1_fu_314                      |  32|   0|   32|          0|
    |r26_fu_570                        |  32|   0|   32|          0|
    |r27_1_fu_310                      |  32|   0|   32|          0|
    |r28_fu_566                        |  32|   0|   32|          0|
    |r29_1_fu_306                      |  32|   0|   32|          0|
    |r2_fu_618                         |  32|   0|   32|          0|
    |r30_fu_562                        |  32|   0|   32|          0|
    |r31_1_fu_302                      |  32|   0|   32|          0|
    |r32_fu_558                        |  32|   0|   32|          0|
    |r33_1_fu_298                      |  32|   0|   32|          0|
    |r34_fu_554                        |  32|   0|   32|          0|
    |r35_1_fu_294                      |  32|   0|   32|          0|
    |r36_fu_550                        |  32|   0|   32|          0|
    |r37_1_fu_290                      |  32|   0|   32|          0|
    |r38_fu_546                        |  32|   0|   32|          0|
    |r39_1_fu_286                      |  32|   0|   32|          0|
    |r3_1_fu_358                       |  32|   0|   32|          0|
    |r40_fu_542                        |  32|   0|   32|          0|
    |r41_1_fu_282                      |  32|   0|   32|          0|
    |r42_fu_538                        |  32|   0|   32|          0|
    |r43_1_fu_278                      |  32|   0|   32|          0|
    |r44_fu_534                        |  32|   0|   32|          0|
    |r45_1_fu_274                      |  32|   0|   32|          0|
    |r46_fu_530                        |  32|   0|   32|          0|
    |r47_1_fu_270                      |  32|   0|   32|          0|
    |r48_fu_526                        |  32|   0|   32|          0|
    |r49_1_fu_266                      |  32|   0|   32|          0|
    |r4_fu_614                         |  32|   0|   32|          0|
    |r50_fu_522                        |  32|   0|   32|          0|
    |r51_1_fu_262                      |  32|   0|   32|          0|
    |r52_fu_518                        |  32|   0|   32|          0|
    |r53_1_fu_258                      |  32|   0|   32|          0|
    |r54_fu_514                        |  32|   0|   32|          0|
    |r55_1_fu_254                      |  32|   0|   32|          0|
    |r56_fu_510                        |  32|   0|   32|          0|
    |r57_1_fu_250                      |  32|   0|   32|          0|
    |r58_fu_506                        |  32|   0|   32|          0|
    |r59_1_fu_246                      |  32|   0|   32|          0|
    |r5_1_fu_354                       |  32|   0|   32|          0|
    |r60_fu_502                        |  32|   0|   32|          0|
    |r61_1_fu_242                      |  32|   0|   32|          0|
    |r62_fu_498                        |  32|   0|   32|          0|
    |r63_1_fu_238                      |  32|   0|   32|          0|
    |r64_fu_494                        |  32|   0|   32|          0|
    |r65_1_fu_234                      |  32|   0|   32|          0|
    |r66_fu_490                        |  32|   0|   32|          0|
    |r67_1_fu_230                      |  32|   0|   32|          0|
    |r68_fu_486                        |  32|   0|   32|          0|
    |r69_1_fu_226                      |  32|   0|   32|          0|
    |r6_fu_610                         |  32|   0|   32|          0|
    |r70_fu_482                        |  32|   0|   32|          0|
    |r71_1_fu_222                      |  32|   0|   32|          0|
    |r72_fu_478                        |  32|   0|   32|          0|
    |r73_1_fu_218                      |  32|   0|   32|          0|
    |r74_fu_474                        |  32|   0|   32|          0|
    |r75_1_fu_214                      |  32|   0|   32|          0|
    |r76_fu_470                        |  32|   0|   32|          0|
    |r77_1_fu_210                      |  32|   0|   32|          0|
    |r78_fu_466                        |  32|   0|   32|          0|
    |r79_1_fu_206                      |  32|   0|   32|          0|
    |r7_1_fu_350                       |  32|   0|   32|          0|
    |r80_fu_462                        |  32|   0|   32|          0|
    |r81_1_fu_202                      |  32|   0|   32|          0|
    |r82_fu_458                        |  32|   0|   32|          0|
    |r83_1_fu_198                      |  32|   0|   32|          0|
    |r84_fu_454                        |  32|   0|   32|          0|
    |r85_1_fu_194                      |  32|   0|   32|          0|
    |r86_fu_450                        |  32|   0|   32|          0|
    |r87_1_fu_190                      |  32|   0|   32|          0|
    |r88_fu_446                        |  32|   0|   32|          0|
    |r89_1_fu_186                      |  32|   0|   32|          0|
    |r8_fu_606                         |  32|   0|   32|          0|
    |r90_fu_442                        |  32|   0|   32|          0|
    |r91_1_fu_182                      |  32|   0|   32|          0|
    |r92_fu_438                        |  32|   0|   32|          0|
    |r93_1_fu_178                      |  32|   0|   32|          0|
    |r94_fu_434                        |  32|   0|   32|          0|
    |r95_1_fu_174                      |  32|   0|   32|          0|
    |r96_fu_430                        |  32|   0|   32|          0|
    |r97_1_fu_170                      |  32|   0|   32|          0|
    |r98_fu_426                        |  32|   0|   32|          0|
    |r99_1_fu_166                      |  32|   0|   32|          0|
    |r9_1_fu_346                       |  32|   0|   32|          0|
    |s_fu_370                          |  21|   0|   21|          0|
    |tmp_reg_3605                      |   1|   0|    1|          0|
    |trunc_ln592_reg_3609              |   8|   0|    8|          0|
    |v156_reg_3596                     |   1|   0|    1|          0|
    |v157_fu_366                       |  32|   0|   32|          0|
    |v295_reg_3601                     |   1|   0|    1|          0|
    |v305_reg_3614                     |   1|   0|    1|          0|
    |v308_reg_3619                     |  32|   0|   32|          0|
    |v317_reg_3630                     |   1|   0|    1|          0|
    |v325_reg_3635                     |   7|   0|    7|          0|
    |v352_reg_3640                     |   8|   0|    8|          0|
    |v352_reg_3640_pp0_iter3_reg       |   8|   0|    8|          0|
    |v359_reg_3645                     |  16|   0|   16|          0|
    |v370_reg_3650                     |  24|   0|   24|          0|
    |zext_ln26_cast_reg_3586           |   5|   0|   32|         27|
    |tmp_reg_3605                      |  64|  32|    1|          0|
    |v295_reg_3601                     |  64|  32|    1|          0|
    +----------------------------------+----+----+-----+-----------+
    |Total                             |4376|  64| 4277|         27|
    +----------------------------------+----+----+-----+-----------+



================================================================
== Interface
================================================================
* Summary: 
+------------+-----+-----+------------+----------------------------------------+--------------+
|  RTL Ports | Dir | Bits|  Protocol  |              Source Object             |    C Type    |
+------------+-----+-----+------------+----------------------------------------+--------------+
|ap_clk      |   in|    1|  ap_ctrl_hs|  lanesw_k512n32_r0_0_Pipeline_l_S_s_0_s|  return value|
|ap_rst      |   in|    1|  ap_ctrl_hs|  lanesw_k512n32_r0_0_Pipeline_l_S_s_0_s|  return value|
|ap_start    |   in|    1|  ap_ctrl_hs|  lanesw_k512n32_r0_0_Pipeline_l_S_s_0_s|  return value|
|ap_done     |  out|    1|  ap_ctrl_hs|  lanesw_k512n32_r0_0_Pipeline_l_S_s_0_s|  return value|
|ap_idle     |  out|    1|  ap_ctrl_hs|  lanesw_k512n32_r0_0_Pipeline_l_S_s_0_s|  return value|
|ap_ready    |  out|    1|  ap_ctrl_hs|  lanesw_k512n32_r0_0_Pipeline_l_S_s_0_s|  return value|
|v2_dout     |   in|   32|     ap_fifo|                                      v2|       pointer|
|v2_empty_n  |   in|    1|     ap_fifo|                                      v2|       pointer|
|v2_read     |  out|    1|     ap_fifo|                                      v2|       pointer|
|v1_din      |  out|   32|     ap_fifo|                                      v1|       pointer|
|v1_full_n   |   in|    1|     ap_fifo|                                      v1|       pointer|
|v1_write    |  out|    1|     ap_fifo|                                      v1|       pointer|
|zext_ln26   |   in|    5|     ap_none|                               zext_ln26|        scalar|
|zext_ln30   |   in|    5|     ap_none|                               zext_ln30|        scalar|
+------------+-----+-----+------------+----------------------------------------+--------------+

