Copyright 1986-2022 Xilinx, Inc. All Rights Reserved. Copyright 2022-2023 Advanced Micro Devices, Inc. All Rights Reserved.
--------------------------------------------------------------------------------------------------------------------------------------------------
| Tool Version      : Vivado v.2023.2 (lin64) Build 4029153 Fri Oct 13 20:13:54 MDT 2023
| Date              : Fri Sep 25 16:33:04 2026
| Host              : brg-zhang-xcel.ece.cornell.edu running 64-bit Red Hat Enterprise Linux 9.8 (Plow)
| Command           : report_timing_summary -file timing.rpt
| Design            : spmw_harness
| Device            : xcu280-fsvh2892
| Speed File        : -2L  PRODUCTION 1.30 05-01-2022
| Design State      : Routed
| Temperature Grade : E
--------------------------------------------------------------------------------------------------------------------------------------------------

Timing Summary Report

------------------------------------------------------------------------------------------------
| Timer Settings
| --------------
------------------------------------------------------------------------------------------------

  Enable Multi Corner Analysis               :  Yes
  Enable Pessimism Removal                   :  Yes
  Pessimism Removal Resolution               :  Nearest Common Node
  Enable Input Delay Default Clock           :  No
  Enable Preset / Clear Arcs                 :  No
  Disable Flight Delays                      :  No
  Ignore I/O Paths                           :  No
  Timing Early Launch at Borrowing Latches   :  No
  Borrow Time for Max Delay Exceptions       :  Yes
  Merge Timing Exceptions                    :  Yes
  Inter-SLR Compensation                     :  Conservative

  Corner  Analyze    Analyze    
  Name    Max Paths  Min Paths  
  ------  ---------  ---------  
  Slow    Yes        Yes        
  Fast    Yes        Yes        


------------------------------------------------------------------------------------------------
| Report Methodology
| ------------------
------------------------------------------------------------------------------------------------

No report available as report_methodology has not been run prior. Run report_methodology on the current design for the summary of methodology violations.



check_timing report

Table of Contents
-----------------
1. checking no_clock (0)
2. checking constant_clock (0)
3. checking pulse_width_clock (0)
4. checking unconstrained_internal_endpoints (0)
5. checking no_input_delay (2)
6. checking no_output_delay (32)
7. checking multiple_clock (0)
8. checking generated_clocks (0)
9. checking loops (0)
10. checking partial_input_delay (0)
11. checking partial_output_delay (0)
12. checking latch_loops (0)

1. checking no_clock (0)
------------------------
 There are 0 register/latch pins with no clock.


2. checking constant_clock (0)
------------------------------
 There are 0 register/latch pins with constant_clock.


3. checking pulse_width_clock (0)
---------------------------------
 There are 0 register/latch pins which need pulse_width check


4. checking unconstrained_internal_endpoints (0)
------------------------------------------------
 There are 0 pins that are not constrained for maximum delay.

 There are 0 pins that are not constrained for maximum delay due to constant clock.


5. checking no_input_delay (2)
------------------------------
 There are 2 input ports with no input delay specified. (HIGH)

 There are 0 input ports with no input delay but user has a false path constraint.


6. checking no_output_delay (32)
--------------------------------
 There are 32 ports with no output delay specified. (HIGH)

 There are 0 ports with no output delay but user has a false path constraint

 There are 0 ports with no output delay but with a timing clock defined on it or propagating through it


7. checking multiple_clock (0)
------------------------------
 There are 0 register/latch pins with multiple clocks.


8. checking generated_clocks (0)
--------------------------------
 There are 0 generated clocks that are not connected to a clock source.


9. checking loops (0)
---------------------
 There are 0 combinational loops in the design.


10. checking partial_input_delay (0)
------------------------------------
 There are 0 input ports with partial input delay specified.


11. checking partial_output_delay (0)
-------------------------------------
 There are 0 ports with partial output delay specified.


12. checking latch_loops (0)
----------------------------
 There are 0 combinational latch loops in the design through latch input



------------------------------------------------------------------------------------------------
| Design Timing Summary
| ---------------------
------------------------------------------------------------------------------------------------

    WNS(ns)      TNS(ns)  TNS Failing Endpoints  TNS Total Endpoints      WHS(ns)      THS(ns)  THS Failing Endpoints  THS Total Endpoints     WPWS(ns)     TPWS(ns)  TPWS Failing Endpoints  TPWS Total Endpoints  
    -------      -------  ---------------------  -------------------      -------      -------  ---------------------  -------------------     --------     --------  ----------------------  --------------------  
      0.090        0.000                      0                 7212        0.003        0.000                      0                 7212        1.134        0.000                       0                  3829  


All user specified timing constraints are met.


------------------------------------------------------------------------------------------------
| Clock Summary
| -------------
------------------------------------------------------------------------------------------------

Clock   Waveform(ns)         Period(ns)      Frequency(MHz)
-----   ------------         ----------      --------------
ap_clk  {0.000 1.666}        3.333           300.030         


------------------------------------------------------------------------------------------------
| Intra Clock Table
| -----------------
------------------------------------------------------------------------------------------------

Clock             WNS(ns)      TNS(ns)  TNS Failing Endpoints  TNS Total Endpoints      WHS(ns)      THS(ns)  THS Failing Endpoints  THS Total Endpoints     WPWS(ns)     TPWS(ns)  TPWS Failing Endpoints  TPWS Total Endpoints  
-----             -------      -------  ---------------------  -------------------      -------      -------  ---------------------  -------------------     --------     --------  ----------------------  --------------------  
ap_clk              0.090        0.000                      0                 7212        0.003        0.000                      0                 7212        1.134        0.000                       0                  3829  


------------------------------------------------------------------------------------------------
| Inter Clock Table
| -----------------
------------------------------------------------------------------------------------------------

From Clock    To Clock          WNS(ns)      TNS(ns)  TNS Failing Endpoints  TNS Total Endpoints      WHS(ns)      THS(ns)  THS Failing Endpoints  THS Total Endpoints  
----------    --------          -------      -------  ---------------------  -------------------      -------      -------  ---------------------  -------------------  


------------------------------------------------------------------------------------------------
| Other Path Groups Table
| -----------------------
------------------------------------------------------------------------------------------------

Path Group    From Clock    To Clock          WNS(ns)      TNS(ns)  TNS Failing Endpoints  TNS Total Endpoints      WHS(ns)      THS(ns)  THS Failing Endpoints  THS Total Endpoints  
----------    ----------    --------          -------      -------  ---------------------  -------------------      -------      -------  ---------------------  -------------------  


------------------------------------------------------------------------------------------------
| Timing Details
| --------------
------------------------------------------------------------------------------------------------


---------------------------------------------------------------------------------------------------
From Clock:  ap_clk
  To Clock:  ap_clk

Setup :            0  Failing Endpoints,  Worst Slack        0.090ns,  Total Violation        0.000ns
Hold  :            0  Failing Endpoints,  Worst Slack        0.003ns,  Total Violation        0.000ns
PW    :            0  Failing Endpoints,  Worst Slack        1.134ns,  Total Violation        0.000ns
---------------------------------------------------------------------------------------------------


Max Delay Paths
--------------------------------------------------------------------------------------
Slack (MET) :             0.090ns  (required time - arrival time)
  Source:                 dut/u_lanesw_k512n32_r0_2/u/grp_lanesw_k512n32_r0_0_Pipeline_l_S_s_0_s_fu_56/v359_reg_3645_reg[6]/C
                            (rising edge-triggered cell FDRE clocked by ap_clk  {rise@0.000ns fall@1.666ns period=3.333ns})
  Destination:            dut/u_lanesw_k512n32_r0_2/u/grp_lanesw_k512n32_r0_0_Pipeline_l_S_s_0_s_fu_56/v370_reg_3650_reg[2]/D
                            (rising edge-triggered cell FDRE clocked by ap_clk  {rise@0.000ns fall@1.666ns period=3.333ns})
  Path Group:             ap_clk
  Path Type:              Setup (Max at Slow Process Corner)
  Requirement:            3.333ns  (ap_clk rise@3.333ns - ap_clk rise@0.000ns)
  Data Path Delay:        3.144ns  (logic 1.216ns (38.680%)  route 1.928ns (61.320%))
  Logic Levels:           9  (CARRY8=3 LUT3=1 LUT4=1 LUT5=1 LUT6=3)
  Clock Path Skew:        -0.089ns (DCD - SCD + CPR)
    Destination Clock Delay (DCD):    2.705ns = ( 6.038 - 3.333 ) 
    Source Clock Delay      (SCD):    3.195ns
    Clock Pessimism Removal (CPR):    0.401ns
  Clock Uncertainty:      0.035ns  ((TSJ^2 + TIJ^2)^1/2 + DJ) / 2 + PE
    Total System Jitter     (TSJ):    0.071ns
    Total Input Jitter      (TIJ):    0.000ns
    Discrete Jitter          (DJ):    0.000ns
    Phase Error              (PE):    0.000ns
  Clock Net Delay (Source):      2.208ns (routing 1.208ns, distribution 1.000ns)
  Clock Net Delay (Destination): 2.010ns (routing 1.099ns, distribution 0.911ns)

    Location             Delay type                Incr(ns)  Path(ns)    Netlist Resource(s)
  -------------------------------------------------------------------    -------------------
                         (clock ap_clk rise edge)     0.000     0.000 r  
    BH26                                              0.000     0.000 r  ap_clk (IN)
                         net (fo=0)                   0.000     0.000    ap_clk_IBUF_inst/I
    BH26                 INBUF (Prop_INBUF_HPIOB_M_PAD_O)
                                                      0.636     0.636 r  ap_clk_IBUF_inst/INBUF_INST/O
                         net (fo=1, routed)           0.000     0.636    ap_clk_IBUF_inst/OUT
    BH26                 IBUFCTRL (Prop_IBUFCTRL_HPIOB_M_I_O)
                                                      0.000     0.636 r  ap_clk_IBUF_inst/IBUFCTRL_INST/O
                         net (fo=1, routed)           0.323     0.959    ap_clk_IBUF
    BUFGCE_X0Y72         BUFGCE (Prop_BUFCE_BUFGCE_I_O)
                                                      0.028     0.987 r  ap_clk_IBUF_BUFG_inst/O
    X2Y2 (CLOCK_ROOT)    net (fo=3828, routed)        2.208     3.195    dut/u_lanesw_k512n32_r0_2/u/grp_lanesw_k512n32_r0_0_Pipeline_l_S_s_0_s_fu_56/ap_clk_IBUF_BUFG
    SLICE_X111Y175       FDRE                                         r  dut/u_lanesw_k512n32_r0_2/u/grp_lanesw_k512n32_r0_0_Pipeline_l_S_s_0_s_fu_56/v359_reg_3645_reg[6]/C
  -------------------------------------------------------------------    -------------------
    SLICE_X111Y175       FDRE (Prop_CFF_SLICEM_C_Q)
                                                      0.078     3.273 r  dut/u_lanesw_k512n32_r0_2/u/grp_lanesw_k512n32_r0_0_Pipeline_l_S_s_0_s_fu_56/v359_reg_3645_reg[6]/Q
                         net (fo=17, routed)          0.395     3.667    dut/u_lanesw_k512n32_r0_2/u/grp_lanesw_k512n32_r0_0_Pipeline_l_S_s_0_s_fu_56/mul_16s_8s_24_1_1_U6/Q[6]
    SLICE_X108Y183       LUT6 (Prop_B6LUT_SLICEL_I1_O)
                                                      0.148     3.815 r  dut/u_lanesw_k512n32_r0_2/u/grp_lanesw_k512n32_r0_0_Pipeline_l_S_s_0_s_fu_56/mul_16s_8s_24_1_1_U6/tmp_product__0_carry__0_i_7__1/O
                         net (fo=2, routed)           0.308     4.124    dut/u_lanesw_k512n32_r0_2/u/grp_lanesw_k512n32_r0_0_Pipeline_l_S_s_0_s_fu_56/mul_16s_8s_24_1_1_U6/tmp_product__0_carry__0_i_7__1_n_0
    SLICE_X108Y185       CARRY8 (Prop_CARRY8_SLICEL_DI[1]_O[4])
                                                      0.160     4.284 r  dut/u_lanesw_k512n32_r0_2/u/grp_lanesw_k512n32_r0_0_Pipeline_l_S_s_0_s_fu_56/mul_16s_8s_24_1_1_U6/tmp_product__0_carry__0/O[4]
                         net (fo=2, routed)           0.318     4.602    dut/u_lanesw_k512n32_r0_2/u/grp_lanesw_k512n32_r0_0_Pipeline_l_S_s_0_s_fu_56/mul_16s_8s_24_1_1_U6/tmp_product__0_carry__0_n_11
    SLICE_X109Y187       LUT3 (Prop_A5LUT_SLICEM_I2_O)
                                                      0.112     4.714 r  dut/u_lanesw_k512n32_r0_2/u/grp_lanesw_k512n32_r0_0_Pipeline_l_S_s_0_s_fu_56/mul_16s_8s_24_1_1_U6/tmp_product__156_carry__0_i_7__1/O
                         net (fo=2, routed)           0.220     4.934    dut/u_lanesw_k512n32_r0_2/u/grp_lanesw_k512n32_r0_0_Pipeline_l_S_s_0_s_fu_56/mul_16s_8s_24_1_1_U6/tmp_product__156_carry__0_i_7__1_n_0
    SLICE_X109Y187       LUT4 (Prop_B6LUT_SLICEM_I3_O)
                                                      0.100     5.034 r  dut/u_lanesw_k512n32_r0_2/u/grp_lanesw_k512n32_r0_0_Pipeline_l_S_s_0_s_fu_56/mul_16s_8s_24_1_1_U6/tmp_product__156_carry__0_i_15__1/O
                         net (fo=1, routed)           0.016     5.050    dut/u_lanesw_k512n32_r0_2/u/grp_lanesw_k512n32_r0_0_Pipeline_l_S_s_0_s_fu_56/mul_16s_8s_24_1_1_U6/tmp_product__156_carry__0_i_15__1_n_0
    SLICE_X109Y187       CARRY8 (Prop_CARRY8_SLICEM_S[1]_CO[7])
                                                      0.190     5.240 r  dut/u_lanesw_k512n32_r0_2/u/grp_lanesw_k512n32_r0_0_Pipeline_l_S_s_0_s_fu_56/mul_16s_8s_24_1_1_U6/tmp_product__156_carry__0/CO[7]
                         net (fo=1, routed)           0.026     5.266    dut/u_lanesw_k512n32_r0_2/u/grp_lanesw_k512n32_r0_0_Pipeline_l_S_s_0_s_fu_56/mul_16s_8s_24_1_1_U6/tmp_product__156_carry__0_n_0
    SLICE_X109Y188       CARRY8 (Prop_CARRY8_SLICEM_CI_O[3])
                                                      0.089     5.355 r  dut/u_lanesw_k512n32_r0_2/u/grp_lanesw_k512n32_r0_0_Pipeline_l_S_s_0_s_fu_56/mul_16s_8s_24_1_1_U6/tmp_product__156_carry__1/O[3]
                         net (fo=31, routed)          0.265     5.620    dut/u_lanesw_k512n32_r0_2/u/grp_lanesw_k512n32_r0_0_Pipeline_l_S_s_0_s_fu_56/mul_16s_8s_24_1_1_U6/D[23]
    SLICE_X107Y189       LUT6 (Prop_E6LUT_SLICEM_I0_O)
                                                      0.091     5.711 r  dut/u_lanesw_k512n32_r0_2/u/grp_lanesw_k512n32_r0_0_Pipeline_l_S_s_0_s_fu_56/mul_16s_8s_24_1_1_U6/v370_reg_3650[4]_i_3__1/O
                         net (fo=3, routed)           0.164     5.875    dut/u_lanesw_k512n32_r0_2/u/grp_lanesw_k512n32_r0_0_Pipeline_l_S_s_0_s_fu_56/mul_16s_8s_24_1_1_U6/v370_reg_3650[4]_i_3__1_n_0
    SLICE_X108Y190       LUT6 (Prop_H6LUT_SLICEL_I1_O)
                                                      0.150     6.025 r  dut/u_lanesw_k512n32_r0_2/u/grp_lanesw_k512n32_r0_0_Pipeline_l_S_s_0_s_fu_56/mul_16s_8s_24_1_1_U6/v370_reg_3650[2]_i_2__1/O
                         net (fo=2, routed)           0.168     6.193    dut/u_lanesw_k512n32_r0_2/u/grp_lanesw_k512n32_r0_0_Pipeline_l_S_s_0_s_fu_56/mul_16s_8s_24_1_1_U6/v370_reg_3650[2]_i_2__1_n_0
    SLICE_X108Y188       LUT5 (Prop_A6LUT_SLICEL_I4_O)
                                                      0.098     6.291 r  dut/u_lanesw_k512n32_r0_2/u/grp_lanesw_k512n32_r0_0_Pipeline_l_S_s_0_s_fu_56/mul_16s_8s_24_1_1_U6/v370_reg_3650[2]_i_1__1/O
                         net (fo=1, routed)           0.048     6.339    dut/u_lanesw_k512n32_r0_2/u/grp_lanesw_k512n32_r0_0_Pipeline_l_S_s_0_s_fu_56/v370_fu_2626_p2[2]
    SLICE_X108Y188       FDRE                                         r  dut/u_lanesw_k512n32_r0_2/u/grp_lanesw_k512n32_r0_0_Pipeline_l_S_s_0_s_fu_56/v370_reg_3650_reg[2]/D
  -------------------------------------------------------------------    -------------------

                         (clock ap_clk rise edge)     3.333     3.333 r  
    BH26                                              0.000     3.333 r  ap_clk (IN)
                         net (fo=0)                   0.000     3.333    ap_clk_IBUF_inst/I
    BH26                 INBUF (Prop_INBUF_HPIOB_M_PAD_O)
                                                      0.385     3.718 r  ap_clk_IBUF_inst/INBUF_INST/O
                         net (fo=1, routed)           0.000     3.718    ap_clk_IBUF_inst/OUT
    BH26                 IBUFCTRL (Prop_IBUFCTRL_HPIOB_M_I_O)
                                                      0.000     3.718 r  ap_clk_IBUF_inst/IBUFCTRL_INST/O
                         net (fo=1, routed)           0.286     4.004    ap_clk_IBUF
    BUFGCE_X0Y72         BUFGCE (Prop_BUFCE_BUFGCE_I_O)
                                                      0.024     4.028 r  ap_clk_IBUF_BUFG_inst/O
    X2Y2 (CLOCK_ROOT)    net (fo=3828, routed)        2.010     6.038    dut/u_lanesw_k512n32_r0_2/u/grp_lanesw_k512n32_r0_0_Pipeline_l_S_s_0_s_fu_56/ap_clk_IBUF_BUFG
    SLICE_X108Y188       FDRE                                         r  dut/u_lanesw_k512n32_r0_2/u/grp_lanesw_k512n32_r0_0_Pipeline_l_S_s_0_s_fu_56/v370_reg_3650_reg[2]/C
                         clock pessimism              0.401     6.439    
                         clock uncertainty           -0.035     6.404    
    SLICE_X108Y188       FDRE (Setup_AFF_SLICEL_C_D)
                                                      0.025     6.429    dut/u_lanesw_k512n32_r0_2/u/grp_lanesw_k512n32_r0_0_Pipeline_l_S_s_0_s_fu_56/v370_reg_3650_reg[2]
  -------------------------------------------------------------------
                         required time                          6.429    
                         arrival time                          -6.339    
  -------------------------------------------------------------------
                         slack                                  0.090    





Min Delay Paths
--------------------------------------------------------------------------------------
Slack (MET) :             0.003ns  (arrival time - required time)
  Source:                 dut/u_pe_r4_1_0/u/v25_fu_82_reg[7]/C
                            (rising edge-triggered cell FDRE clocked by ap_clk  {rise@0.000ns fall@1.666ns period=3.333ns})
  Destination:            dut/g_pe_w_out_w_in[5].u/bare.q0_reg[7]/D
                            (rising edge-triggered cell FDRE clocked by ap_clk  {rise@0.000ns fall@1.666ns period=3.333ns})
  Path Group:             ap_clk
  Path Type:              Hold (Min at Slow Process Corner)
  Requirement:            0.000ns  (ap_clk rise@0.000ns - ap_clk rise@0.000ns)
  Data Path Delay:        0.130ns  (logic 0.060ns (46.154%)  route 0.070ns (53.846%))
  Logic Levels:           0  
  Clock Path Skew:        0.065ns (DCD - SCD - CPR)
    Destination Clock Delay (DCD):    3.167ns
    Source Clock Delay      (SCD):    2.608ns
    Clock Pessimism Removal (CPR):    0.494ns
  Clock Net Delay (Source):      1.913ns (routing 1.099ns, distribution 0.814ns)
  Clock Net Delay (Destination): 2.180ns (routing 1.208ns, distribution 0.972ns)

    Location             Delay type                Incr(ns)  Path(ns)    Netlist Resource(s)
  -------------------------------------------------------------------    -------------------
                         (clock ap_clk rise edge)     0.000     0.000 r  
    BH26                                              0.000     0.000 r  ap_clk (IN)
                         net (fo=0)                   0.000     0.000    ap_clk_IBUF_inst/I
    BH26                 INBUF (Prop_INBUF_HPIOB_M_PAD_O)
                                                      0.385     0.385 r  ap_clk_IBUF_inst/INBUF_INST/O
                         net (fo=1, routed)           0.000     0.385    ap_clk_IBUF_inst/OUT
    BH26                 IBUFCTRL (Prop_IBUFCTRL_HPIOB_M_I_O)
                                                      0.000     0.385 r  ap_clk_IBUF_inst/IBUFCTRL_INST/O
                         net (fo=1, routed)           0.286     0.671    ap_clk_IBUF
    BUFGCE_X0Y72         BUFGCE (Prop_BUFCE_BUFGCE_I_O)
                                                      0.024     0.695 r  ap_clk_IBUF_BUFG_inst/O
    X2Y2 (CLOCK_ROOT)    net (fo=3828, routed)        1.913     2.608    dut/u_pe_r4_1_0/u/ap_clk_IBUF_BUFG
    SLICE_X101Y172       FDRE                                         r  dut/u_pe_r4_1_0/u/v25_fu_82_reg[7]/C
  -------------------------------------------------------------------    -------------------
    SLICE_X101Y172       FDRE (Prop_AFF2_SLICEL_C_Q)
                                                      0.060     2.668 r  dut/u_pe_r4_1_0/u/v25_fu_82_reg[7]/Q
                         net (fo=1, routed)           0.070     2.738    dut/g_pe_w_out_w_in[5].u/bare.q0_reg[7]_0[7]
    SLICE_X101Y170       FDRE                                         r  dut/g_pe_w_out_w_in[5].u/bare.q0_reg[7]/D
  -------------------------------------------------------------------    -------------------

                         (clock ap_clk rise edge)     0.000     0.000 r  
    BH26                                              0.000     0.000 r  ap_clk (IN)
                         net (fo=0)                   0.000     0.000    ap_clk_IBUF_inst/I
    BH26                 INBUF (Prop_INBUF_HPIOB_M_PAD_O)
                                                      0.636     0.636 r  ap_clk_IBUF_inst/INBUF_INST/O
                         net (fo=1, routed)           0.000     0.636    ap_clk_IBUF_inst/OUT
    BH26                 IBUFCTRL (Prop_IBUFCTRL_HPIOB_M_I_O)
                                                      0.000     0.636 r  ap_clk_IBUF_inst/IBUFCTRL_INST/O
                         net (fo=1, routed)           0.323     0.959    ap_clk_IBUF
    BUFGCE_X0Y72         BUFGCE (Prop_BUFCE_BUFGCE_I_O)
                                                      0.028     0.987 r  ap_clk_IBUF_BUFG_inst/O
    X2Y2 (CLOCK_ROOT)    net (fo=3828, routed)        2.180     3.167    dut/g_pe_w_out_w_in[5].u/ap_clk_IBUF_BUFG
    SLICE_X101Y170       FDRE                                         r  dut/g_pe_w_out_w_in[5].u/bare.q0_reg[7]/C
                         clock pessimism             -0.494     2.672    
    SLICE_X101Y170       FDRE (Hold_HFF2_SLICEL_C_D)
                                                      0.062     2.734    dut/g_pe_w_out_w_in[5].u/bare.q0_reg[7]
  -------------------------------------------------------------------
                         required time                         -2.734    
                         arrival time                           2.738    
  -------------------------------------------------------------------
                         slack                                  0.003    





Pulse Width Checks
--------------------------------------------------------------------------------------
Clock Name:         ap_clk
Waveform(ns):       { 0.000 1.666 }
Period(ns):         3.333
Sources:            { ap_clk }

Check Type        Corner  Lib Pin     Reference Pin  Required(ns)  Actual(ns)  Slack(ns)  Location       Pin
Min Period        n/a     BUFGCE/I    n/a            1.290         3.333       2.043      BUFGCE_X0Y72   ap_clk_IBUF_BUFG_inst/I
Low Pulse Width   Slow    SRL16E/CLK  n/a            0.532         1.667       1.135      SLICE_X99Y209  gen_lanesw_k512n32_b_mem[0].lf_lanesw_k512n32_b_mem_reg[19]_srl15___gen_lanesw_k512n32_b_mem_r_13/CLK
High Pulse Width  Slow    SRL16E/CLK  n/a            0.532         1.666       1.134      SLICE_X99Y209  gen_lanesw_k512n32_b_mem[0].lf_lanesw_k512n32_b_mem_reg[19]_srl15___gen_lanesw_k512n32_b_mem_r_13/CLK



