Copyright 1986-2022 Xilinx, Inc. All Rights Reserved. Copyright 2022-2023 Advanced Micro Devices, Inc. All Rights Reserved.
--------------------------------------------------------------------------------------------------------------------------------------------------
| Tool Version      : Vivado v.2023.2 (lin64) Build 4029153 Fri Oct 13 20:13:54 MDT 2023
| Date              : Fri Sep 25 16:46:15 2026
| Host              : brg-zhang-xcel.ece.cornell.edu running 64-bit Red Hat Enterprise Linux 9.8 (Plow)
| Command           : report_timing_summary -file timing.rpt
| Design            : spmw_harness
| Device            : xcu280-fsvh2892
| Speed File        : -2L  PRODUCTION 1.30 05-01-2022
| Design State      : Routed
| Temperature Grade : E
--------------------------------------------------------------------------------------------------------------------------------------------------

Timing Summary Report

------------------------------------------------------------------------------------------------
| Timer Settings
| --------------
------------------------------------------------------------------------------------------------

  Enable Multi Corner Analysis               :  Yes
  Enable Pessimism Removal                   :  Yes
  Pessimism Removal Resolution               :  Nearest Common Node
  Enable Input Delay Default Clock           :  No
  Enable Preset / Clear Arcs                 :  No
  Disable Flight Delays                      :  No
  Ignore I/O Paths                           :  No
  Timing Early Launch at Borrowing Latches   :  No
  Borrow Time for Max Delay Exceptions       :  Yes
  Merge Timing Exceptions                    :  Yes
  Inter-SLR Compensation                     :  Conservative

  Corner  Analyze    Analyze    
  Name    Max Paths  Min Paths  
  ------  ---------  ---------  
  Slow    Yes        Yes        
  Fast    Yes        Yes        


------------------------------------------------------------------------------------------------
| Report Methodology
| ------------------
------------------------------------------------------------------------------------------------

No report available as report_methodology has not been run prior. Run report_methodology on the current design for the summary of methodology violations.



check_timing report

Table of Contents
-----------------
1. checking no_clock (0)
2. checking constant_clock (0)
3. checking pulse_width_clock (0)
4. checking unconstrained_internal_endpoints (0)
5. checking no_input_delay (2)
6. checking no_output_delay (32)
7. checking multiple_clock (0)
8. checking generated_clocks (0)
9. checking loops (0)
10. checking partial_input_delay (0)
11. checking partial_output_delay (0)
12. checking latch_loops (0)

1. checking no_clock (0)
------------------------
 There are 0 register/latch pins with no clock.


2. checking constant_clock (0)
------------------------------
 There are 0 register/latch pins with constant_clock.


3. checking pulse_width_clock (0)
---------------------------------
 There are 0 register/latch pins which need pulse_width check


4. checking unconstrained_internal_endpoints (0)
------------------------------------------------
 There are 0 pins that are not constrained for maximum delay.

 There are 0 pins that are not constrained for maximum delay due to constant clock.


5. checking no_input_delay (2)
------------------------------
 There are 2 input ports with no input delay specified. (HIGH)

 There are 0 input ports with no input delay but user has a false path constraint.


6. checking no_output_delay (32)
--------------------------------
 There are 32 ports with no output delay specified. (HIGH)

 There are 0 ports with no output delay but user has a false path constraint

 There are 0 ports with no output delay but with a timing clock defined on it or propagating through it


7. checking multiple_clock (0)
------------------------------
 There are 0 register/latch pins with multiple clocks.


8. checking generated_clocks (0)
--------------------------------
 There are 0 generated clocks that are not connected to a clock source.


9. checking loops (0)
---------------------
 There are 0 combinational loops in the design.


10. checking partial_input_delay (0)
------------------------------------
 There are 0 input ports with partial input delay specified.


11. checking partial_output_delay (0)
-------------------------------------
 There are 0 ports with partial output delay specified.


12. checking latch_loops (0)
----------------------------
 There are 0 combinational latch loops in the design through latch input



------------------------------------------------------------------------------------------------
| Design Timing Summary
| ---------------------
------------------------------------------------------------------------------------------------

    WNS(ns)      TNS(ns)  TNS Failing Endpoints  TNS Total Endpoints      WHS(ns)      THS(ns)  THS Failing Endpoints  THS Total Endpoints     WPWS(ns)     TPWS(ns)  TPWS Failing Endpoints  TPWS Total Endpoints  
    -------      -------  ---------------------  -------------------      -------      -------  ---------------------  -------------------     --------     --------  ----------------------  --------------------  
      0.521        0.000                      0                 7804        0.002        0.000                      0                 7804        1.134        0.000                       0                  4321  


All user specified timing constraints are met.


------------------------------------------------------------------------------------------------
| Clock Summary
| -------------
------------------------------------------------------------------------------------------------

Clock   Waveform(ns)         Period(ns)      Frequency(MHz)
-----   ------------         ----------      --------------
ap_clk  {0.000 1.666}        3.333           300.030         


------------------------------------------------------------------------------------------------
| Intra Clock Table
| -----------------
------------------------------------------------------------------------------------------------

Clock             WNS(ns)      TNS(ns)  TNS Failing Endpoints  TNS Total Endpoints      WHS(ns)      THS(ns)  THS Failing Endpoints  THS Total Endpoints     WPWS(ns)     TPWS(ns)  TPWS Failing Endpoints  TPWS Total Endpoints  
-----             -------      -------  ---------------------  -------------------      -------      -------  ---------------------  -------------------     --------     --------  ----------------------  --------------------  
ap_clk              0.521        0.000                      0                 7804        0.002        0.000                      0                 7804        1.134        0.000                       0                  4321  


------------------------------------------------------------------------------------------------
| Inter Clock Table
| -----------------
------------------------------------------------------------------------------------------------

From Clock    To Clock          WNS(ns)      TNS(ns)  TNS Failing Endpoints  TNS Total Endpoints      WHS(ns)      THS(ns)  THS Failing Endpoints  THS Total Endpoints  
----------    --------          -------      -------  ---------------------  -------------------      -------      -------  ---------------------  -------------------  


------------------------------------------------------------------------------------------------
| Other Path Groups Table
| -----------------------
------------------------------------------------------------------------------------------------

Path Group    From Clock    To Clock          WNS(ns)      TNS(ns)  TNS Failing Endpoints  TNS Total Endpoints      WHS(ns)      THS(ns)  THS Failing Endpoints  THS Total Endpoints  
----------    ----------    --------          -------      -------  ---------------------  -------------------      -------      -------  ---------------------  -------------------  


------------------------------------------------------------------------------------------------
| Timing Details
| --------------
------------------------------------------------------------------------------------------------


---------------------------------------------------------------------------------------------------
From Clock:  ap_clk
  To Clock:  ap_clk

Setup :            0  Failing Endpoints,  Worst Slack        0.521ns,  Total Violation        0.000ns
Hold  :            0  Failing Endpoints,  Worst Slack        0.002ns,  Total Violation        0.000ns
PW    :            0  Failing Endpoints,  Worst Slack        1.134ns,  Total Violation        0.000ns
---------------------------------------------------------------------------------------------------


Max Delay Paths
--------------------------------------------------------------------------------------
Slack (MET) :             0.521ns  (required time - arrival time)
  Source:                 dut/u_pe_r1_3_1/u/v18_fu_86_reg[4]/C
                            (rising edge-triggered cell FDRE clocked by ap_clk  {rise@0.000ns fall@1.666ns period=3.333ns})
  Destination:            dut/g_lanesw_k512n32_z_in_bind[1].u/slice.q0_reg[30]/D
                            (rising edge-triggered cell FDRE clocked by ap_clk  {rise@0.000ns fall@1.666ns period=3.333ns})
  Path Group:             ap_clk
  Path Type:              Setup (Max at Slow Process Corner)
  Requirement:            3.333ns  (ap_clk rise@3.333ns - ap_clk rise@0.000ns)
  Data Path Delay:        2.704ns  (logic 0.957ns (35.396%)  route 1.747ns (64.604%))
  Logic Levels:           9  (CARRY8=5 LUT2=1 LUT3=2 LUT4=1)
  Clock Path Skew:        -0.098ns (DCD - SCD + CPR)
    Destination Clock Delay (DCD):    1.708ns = ( 5.041 - 3.333 ) 
    Source Clock Delay      (SCD):    2.168ns
    Clock Pessimism Removal (CPR):    0.361ns
  Clock Uncertainty:      0.035ns  ((TSJ^2 + TIJ^2)^1/2 + DJ) / 2 + PE
    Total System Jitter     (TSJ):    0.071ns
    Total Input Jitter      (TIJ):    0.000ns
    Discrete Jitter          (DJ):    0.000ns
    Phase Error              (PE):    0.000ns
  Clock Net Delay (Source):      1.181ns (routing 0.170ns, distribution 1.011ns)
  Clock Net Delay (Destination): 1.014ns (routing 0.155ns, distribution 0.859ns)

    Location             Delay type                Incr(ns)  Path(ns)    Netlist Resource(s)
  -------------------------------------------------------------------    -------------------
                         (clock ap_clk rise edge)     0.000     0.000 r  
    BH26                                              0.000     0.000 r  ap_clk (IN)
                         net (fo=0)                   0.000     0.000    ap_clk_IBUF_inst/I
    BH26                 INBUF (Prop_INBUF_HPIOB_M_PAD_O)
                                                      0.636     0.636 r  ap_clk_IBUF_inst/INBUF_INST/O
                         net (fo=1, routed)           0.000     0.636    ap_clk_IBUF_inst/OUT
    BH26                 IBUFCTRL (Prop_IBUFCTRL_HPIOB_M_I_O)
                                                      0.000     0.636 r  ap_clk_IBUF_inst/IBUFCTRL_INST/O
                         net (fo=1, routed)           0.323     0.959    ap_clk_IBUF
    BUFGCE_X0Y72         BUFGCE (Prop_BUFCE_BUFGCE_I_O)
                                                      0.028     0.987 r  ap_clk_IBUF_BUFG_inst/O
    X4Y3 (CLOCK_ROOT)    net (fo=4320, routed)        1.181     2.168    dut/u_pe_r1_3_1/u/ap_clk_IBUF_BUFG
    SLICE_X126Y202       FDRE                                         r  dut/u_pe_r1_3_1/u/v18_fu_86_reg[4]/C
  -------------------------------------------------------------------    -------------------
    SLICE_X126Y202       FDRE (Prop_EFF_SLICEM_C_Q)
                                                      0.076     2.244 r  dut/u_pe_r1_3_1/u/v18_fu_86_reg[4]/Q
                         net (fo=17, routed)          0.338     2.582    dut/u_pe_r1_3_1/u/mul_8s_8s_16_1_1_U1/Q[4]
    SLICE_X127Y201       LUT4 (Prop_B5LUT_SLICEL_I0_O)
                                                      0.165     2.747 r  dut/u_pe_r1_3_1/u/mul_8s_8s_16_1_1_U1/tmp_product__30_carry_i_6__3/O
                         net (fo=1, routed)           0.383     3.130    dut/u_pe_r1_3_1/u/mul_8s_8s_16_1_1_U1/tmp_product__30_carry_i_6__3_n_0
    SLICE_X125Y203       CARRY8 (Prop_CARRY8_SLICEL_DI[2]_O[4])
                                                      0.145     3.275 r  dut/u_pe_r1_3_1/u/mul_8s_8s_16_1_1_U1/tmp_product__30_carry/O[4]
                         net (fo=3, routed)           0.176     3.451    dut/u_pe_r1_3_1/u/mul_8s_8s_16_1_1_U1/tmp_product__30_carry_n_11
    SLICE_X126Y202       LUT3 (Prop_F6LUT_SLICEM_I1_O)
                                                      0.088     3.539 r  dut/u_pe_r1_3_1/u/mul_8s_8s_16_1_1_U1/tmp_product__85_carry_i_4__3/O
                         net (fo=1, routed)           0.227     3.766    dut/u_pe_r1_3_1/u/mul_8s_8s_16_1_1_U1/tmp_product__85_carry_i_4__3_n_0
    SLICE_X126Y201       CARRY8 (Prop_CARRY8_SLICEM_DI[4]_CO[7])
                                                      0.093     3.859 r  dut/u_pe_r1_3_1/u/mul_8s_8s_16_1_1_U1/tmp_product__85_carry/CO[7]
                         net (fo=1, routed)           0.026     3.885    dut/u_pe_r1_3_1/u/mul_8s_8s_16_1_1_U1/tmp_product__85_carry_n_0
    SLICE_X126Y202       CARRY8 (Prop_CARRY8_SLICEM_CI_O[1])
                                                      0.076     3.961 r  dut/u_pe_r1_3_1/u/mul_8s_8s_16_1_1_U1/tmp_product__85_carry__0/O[1]
                         net (fo=1, routed)           0.278     4.239    dut/g_pe_p_out_p_in[13].u/sext_ln47_fu_212_p1[12]
    SLICE_X125Y199       LUT2 (Prop_F6LUT_SLICEL_I1_O)
                                                      0.035     4.274 r  dut/g_pe_p_out_p_in[13].u/v3_din_carry__0_i_3__3/O
                         net (fo=1, routed)           0.011     4.285    dut/u_pe_r1_3_1/u/slice.q1_reg[15][5]
    SLICE_X125Y199       CARRY8 (Prop_CARRY8_SLICEL_S[5]_CO[7])
                                                      0.155     4.440 r  dut/u_pe_r1_3_1/u/v3_din_carry__0/CO[7]
                         net (fo=1, routed)           0.026     4.466    dut/u_pe_r1_3_1/u/v3_din_carry__0_n_0
    SLICE_X125Y200       CARRY8 (Prop_CARRY8_SLICEL_CI_O[3])
                                                      0.089     4.555 r  dut/u_pe_r1_3_1/u/v3_din_carry__1/O[3]
                         net (fo=2, routed)           0.231     4.786    dut/g_lanesw_k512n32_z_in_bind[1].u/p_out_din[19]
    SLICE_X125Y205       LUT3 (Prop_F6LUT_SLICEL_I1_O)
                                                      0.035     4.821 r  dut/g_lanesw_k512n32_z_in_bind[1].u/slice.q0[30]_i_2__0/O
                         net (fo=1, routed)           0.051     4.872    dut/g_lanesw_k512n32_z_in_bind[1].u/slice.q0[30]_i_2__0_n_0
    SLICE_X125Y205       FDRE                                         r  dut/g_lanesw_k512n32_z_in_bind[1].u/slice.q0_reg[30]/D
  -------------------------------------------------------------------    -------------------

                         (clock ap_clk rise edge)     3.333     3.333 r  
    BH26                                              0.000     3.333 r  ap_clk (IN)
                         net (fo=0)                   0.000     3.333    ap_clk_IBUF_inst/I
    BH26                 INBUF (Prop_INBUF_HPIOB_M_PAD_O)
                                                      0.385     3.718 r  ap_clk_IBUF_inst/INBUF_INST/O
                         net (fo=1, routed)           0.000     3.718    ap_clk_IBUF_inst/OUT
    BH26                 IBUFCTRL (Prop_IBUFCTRL_HPIOB_M_I_O)
                                                      0.000     3.718 r  ap_clk_IBUF_inst/IBUFCTRL_INST/O
                         net (fo=1, routed)           0.286     4.004    ap_clk_IBUF
    BUFGCE_X0Y72         BUFGCE (Prop_BUFCE_BUFGCE_I_O)
                                                      0.024     4.028 r  ap_clk_IBUF_BUFG_inst/O
    X4Y3 (CLOCK_ROOT)    net (fo=4320, routed)        1.014     5.041    dut/g_lanesw_k512n32_z_in_bind[1].u/ap_clk_IBUF_BUFG
    SLICE_X125Y205       FDRE                                         r  dut/g_lanesw_k512n32_z_in_bind[1].u/slice.q0_reg[30]/C
                         clock pessimism              0.361     5.403    
                         clock uncertainty           -0.035     5.367    
    SLICE_X125Y205       FDRE (Setup_FFF_SLICEL_C_D)
                                                      0.025     5.392    dut/g_lanesw_k512n32_z_in_bind[1].u/slice.q0_reg[30]
  -------------------------------------------------------------------
                         required time                          5.392    
                         arrival time                          -4.872    
  -------------------------------------------------------------------
                         slack                                  0.521    





Min Delay Paths
--------------------------------------------------------------------------------------
Slack (MET) :             0.002ns  (arrival time - required time)
  Source:                 dut/g_lanesw_k512n32_z_in_bind[2].u/slice.q0_reg[1]/C
                            (rising edge-triggered cell FDRE clocked by ap_clk  {rise@0.000ns fall@1.666ns period=3.333ns})
  Destination:            dut/u_lanesw_k512n32_r0_2/u/grp_lanesw_k512n32_r0_0_Pipeline_l_S_s_0_s_fu_55/v2_buffer_fifo_u/U_lanesw_k512n32_r0_0_fifo_w32_d3_A_ShiftReg/SRL_SIG_reg[2][1]_srl3/D
                            (rising edge-triggered cell SRL16E clocked by ap_clk  {rise@0.000ns fall@1.666ns period=3.333ns})
  Path Group:             ap_clk
  Path Type:              Hold (Min at Slow Process Corner)
  Requirement:            0.000ns  (ap_clk rise@0.000ns - ap_clk rise@0.000ns)
  Data Path Delay:        0.163ns  (logic 0.061ns (37.423%)  route 0.102ns (62.577%))
  Logic Levels:           0  
  Clock Path Skew:        0.132ns (DCD - SCD - CPR)
    Destination Clock Delay (DCD):    2.241ns
    Source Clock Delay      (SCD):    1.749ns
    Clock Pessimism Removal (CPR):    0.361ns
  Clock Net Delay (Source):      1.054ns (routing 0.155ns, distribution 0.899ns)
  Clock Net Delay (Destination): 1.255ns (routing 0.170ns, distribution 1.085ns)

    Location             Delay type                Incr(ns)  Path(ns)    Netlist Resource(s)
  -------------------------------------------------------------------    -------------------
                         (clock ap_clk rise edge)     0.000     0.000 r  
    BH26                                              0.000     0.000 r  ap_clk (IN)
                         net (fo=0)                   0.000     0.000    ap_clk_IBUF_inst/I
    BH26                 INBUF (Prop_INBUF_HPIOB_M_PAD_O)
                                                      0.385     0.385 r  ap_clk_IBUF_inst/INBUF_INST/O
                         net (fo=1, routed)           0.000     0.385    ap_clk_IBUF_inst/OUT
    BH26                 IBUFCTRL (Prop_IBUFCTRL_HPIOB_M_I_O)
                                                      0.000     0.385 r  ap_clk_IBUF_inst/IBUFCTRL_INST/O
                         net (fo=1, routed)           0.286     0.671    ap_clk_IBUF
    BUFGCE_X0Y72         BUFGCE (Prop_BUFCE_BUFGCE_I_O)
                                                      0.024     0.695 r  ap_clk_IBUF_BUFG_inst/O
    X4Y3 (CLOCK_ROOT)    net (fo=4320, routed)        1.054     1.749    dut/g_lanesw_k512n32_z_in_bind[2].u/ap_clk_IBUF_BUFG
    SLICE_X132Y197       FDRE                                         r  dut/g_lanesw_k512n32_z_in_bind[2].u/slice.q0_reg[1]/C
  -------------------------------------------------------------------    -------------------
    SLICE_X132Y197       FDRE (Prop_DFF2_SLICEL_C_Q)
                                                      0.061     1.810 r  dut/g_lanesw_k512n32_z_in_bind[2].u/slice.q0_reg[1]/Q
                         net (fo=1, routed)           0.102     1.912    dut/u_lanesw_k512n32_r0_2/u/grp_lanesw_k512n32_r0_0_Pipeline_l_S_s_0_s_fu_55/v2_buffer_fifo_u/U_lanesw_k512n32_r0_0_fifo_w32_d3_A_ShiftReg/z_in_dout[1]
    SLICE_X133Y197       SRL16E                                       r  dut/u_lanesw_k512n32_r0_2/u/grp_lanesw_k512n32_r0_0_Pipeline_l_S_s_0_s_fu_55/v2_buffer_fifo_u/U_lanesw_k512n32_r0_0_fifo_w32_d3_A_ShiftReg/SRL_SIG_reg[2][1]_srl3/D
  -------------------------------------------------------------------    -------------------

                         (clock ap_clk rise edge)     0.000     0.000 r  
    BH26                                              0.000     0.000 r  ap_clk (IN)
                         net (fo=0)                   0.000     0.000    ap_clk_IBUF_inst/I
    BH26                 INBUF (Prop_INBUF_HPIOB_M_PAD_O)
                                                      0.636     0.636 r  ap_clk_IBUF_inst/INBUF_INST/O
                         net (fo=1, routed)           0.000     0.636    ap_clk_IBUF_inst/OUT
    BH26                 IBUFCTRL (Prop_IBUFCTRL_HPIOB_M_I_O)
                                                      0.000     0.636 r  ap_clk_IBUF_inst/IBUFCTRL_INST/O
                         net (fo=1, routed)           0.323     0.959    ap_clk_IBUF
    BUFGCE_X0Y72         BUFGCE (Prop_BUFCE_BUFGCE_I_O)
                                                      0.028     0.987 r  ap_clk_IBUF_BUFG_inst/O
    X4Y3 (CLOCK_ROOT)    net (fo=4320, routed)        1.255     2.241    dut/u_lanesw_k512n32_r0_2/u/grp_lanesw_k512n32_r0_0_Pipeline_l_S_s_0_s_fu_55/v2_buffer_fifo_u/U_lanesw_k512n32_r0_0_fifo_w32_d3_A_ShiftReg/ap_clk_IBUF_BUFG
    SLICE_X133Y197       SRL16E                                       r  dut/u_lanesw_k512n32_r0_2/u/grp_lanesw_k512n32_r0_0_Pipeline_l_S_s_0_s_fu_55/v2_buffer_fifo_u/U_lanesw_k512n32_r0_0_fifo_w32_d3_A_ShiftReg/SRL_SIG_reg[2][1]_srl3/CLK
                         clock pessimism             -0.361     1.881    
    SLICE_X133Y197       SRL16E (Hold_B6LUT_SLICEM_CLK_D)
                                                      0.029     1.910    dut/u_lanesw_k512n32_r0_2/u/grp_lanesw_k512n32_r0_0_Pipeline_l_S_s_0_s_fu_55/v2_buffer_fifo_u/U_lanesw_k512n32_r0_0_fifo_w32_d3_A_ShiftReg/SRL_SIG_reg[2][1]_srl3
  -------------------------------------------------------------------
                         required time                         -1.910    
                         arrival time                           1.912    
  -------------------------------------------------------------------
                         slack                                  0.002    





Pulse Width Checks
--------------------------------------------------------------------------------------
Clock Name:         ap_clk
Waveform(ns):       { 0.000 1.666 }
Period(ns):         3.333
Sources:            { ap_clk }

Check Type        Corner  Lib Pin     Reference Pin  Required(ns)  Actual(ns)  Slack(ns)  Location        Pin
Min Period        n/a     BUFGCE/I    n/a            1.290         3.333       2.043      BUFGCE_X0Y72    ap_clk_IBUF_BUFG_inst/I
Low Pulse Width   Slow    SRL16E/CLK  n/a            0.532         1.667       1.135      SLICE_X126Y210  gen_lanesw_k512n32_b_mem[0].lf_lanesw_k512n32_b_mem_reg[19]_srl15___gen_lanesw_k512n32_b_mem_r_13/CLK
High Pulse Width  Slow    SRL16E/CLK  n/a            0.532         1.666       1.134      SLICE_X126Y210  gen_lanesw_k512n32_b_mem[0].lf_lanesw_k512n32_b_mem_reg[19]_srl15___gen_lanesw_k512n32_b_mem_r_13/CLK



