Copyright 1986-2022 Xilinx, Inc. All Rights Reserved. Copyright 2022-2023 Advanced Micro Devices, Inc. All Rights Reserved.
---------------------------------------------------------------------------------------------------------------------------------------------
| Tool Version : Vivado v.2023.2 (lin64) Build 4029153 Fri Oct 13 20:13:54 MDT 2023
| Date         : Fri Sep 25 16:56:43 2026
| Host         : brg-zhang-xcel.ece.cornell.edu running 64-bit Red Hat Enterprise Linux 9.8 (Plow)
| Command      : report_utilization -hierarchical -hierarchical_depth 3 -file /scratch/hc676/e10_llama/b_llama-swiglu_4_c0/util_hier.rpt
| Design       : spmw_harness
| Device       : xcu280-fsvh2892-2L-e
| Speed File   : -2L
| Design State : Routed
---------------------------------------------------------------------------------------------------------------------------------------------

Utilization Design Information

Table of Contents
-----------------
1. Utilization by Hierarchy

1. Utilization by Hierarchy
---------------------------

+-------------------------------------+------------------------------+------------+------------+---------+------+------+--------+--------+------+------------+
|               Instance              |            Module            | Total LUTs | Logic LUTs | LUTRAMs | SRLs |  FFs | RAMB36 | RAMB18 | URAM | DSP Blocks |
+-------------------------------------+------------------------------+------------+------------+---------+------+------+--------+--------+------+------------+
| spmw_harness                        |                        (top) |       5576 |       4860 |       0 |  716 | 3476 |      0 |      0 |    0 |          0 |
|   (spmw_harness)                    |                        (top) |         48 |         24 |       0 |   24 |  180 |      0 |      0 |    0 |          0 |
|   dut                               |                     spmw_top |       5528 |       4836 |       0 |  692 | 3296 |      0 |      0 |    0 |          0 |
|     g_lanesw_k512n32_z_in_bind[0].u |    spmw_fifo__parameterized1 |         13 |         13 |       0 |    0 |   42 |      0 |      0 |    0 |          0 |
|     g_lanesw_k512n32_z_in_bind[1].u |  spmw_fifo__parameterized1_0 |         13 |         13 |       0 |    0 |   42 |      0 |      0 |    0 |          0 |
|     g_lanesw_k512n32_z_in_bind[2].u |  spmw_fifo__parameterized1_1 |         13 |         13 |       0 |    0 |   42 |      0 |      0 |    0 |          0 |
|     g_lanesw_k512n32_z_in_bind[3].u |  spmw_fifo__parameterized1_2 |         13 |         13 |       0 |    0 |   42 |      0 |      0 |    0 |          0 |
|     g_pe_a_out_a_in[10].u           |                    spmw_fifo |         20 |         20 |       0 |    0 |    9 |      0 |      0 |    0 |          0 |
|     g_pe_a_out_a_in[11].u           |                  spmw_fifo_3 |         20 |         20 |       0 |    0 |    9 |      0 |      0 |    0 |          0 |
|     g_pe_a_out_a_in[13].u           |                  spmw_fifo_4 |         21 |         21 |       0 |    0 |    9 |      0 |      0 |    0 |          0 |
|     g_pe_a_out_a_in[14].u           |                  spmw_fifo_5 |         21 |         21 |       0 |    0 |    9 |      0 |      0 |    0 |          0 |
|     g_pe_a_out_a_in[15].u           |                  spmw_fifo_6 |         21 |         21 |       0 |    0 |    9 |      0 |      0 |    0 |          0 |
|     g_pe_a_out_a_in[1].u            |                  spmw_fifo_7 |         11 |         11 |       0 |    0 |    9 |      0 |      0 |    0 |          0 |
|     g_pe_a_out_a_in[2].u            |                  spmw_fifo_8 |         11 |         11 |       0 |    0 |    9 |      0 |      0 |    0 |          0 |
|     g_pe_a_out_a_in[3].u            |                  spmw_fifo_9 |         11 |         11 |       0 |    0 |    9 |      0 |      0 |    0 |          0 |
|     g_pe_a_out_a_in[5].u            |                 spmw_fifo_10 |         20 |         20 |       0 |    0 |    9 |      0 |      0 |    0 |          0 |
|     g_pe_a_out_a_in[6].u            |                 spmw_fifo_11 |         20 |         20 |       0 |    0 |    9 |      0 |      0 |    0 |          0 |
|     g_pe_a_out_a_in[7].u            |                 spmw_fifo_12 |         20 |         20 |       0 |    0 |    9 |      0 |      0 |    0 |          0 |
|     g_pe_a_out_a_in[9].u            |                 spmw_fifo_13 |         20 |         20 |       0 |    0 |    9 |      0 |      0 |    0 |          0 |
|     g_pe_p_out_p_in[10].u           |    spmw_fifo__parameterized0 |         15 |         15 |       0 |    0 |   19 |      0 |      0 |    0 |          0 |
|     g_pe_p_out_p_in[11].u           | spmw_fifo__parameterized0_14 |         15 |         15 |       0 |    0 |   19 |      0 |      0 |    0 |          0 |
|     g_pe_p_out_p_in[12].u           | spmw_fifo__parameterized0_15 |         16 |         16 |       0 |    0 |   20 |      0 |      0 |    0 |          0 |
|     g_pe_p_out_p_in[13].u           | spmw_fifo__parameterized0_16 |         17 |         17 |       0 |    0 |   20 |      0 |      0 |    0 |          0 |
|     g_pe_p_out_p_in[14].u           | spmw_fifo__parameterized0_17 |         17 |         17 |       0 |    0 |   20 |      0 |      0 |    0 |          0 |
|     g_pe_p_out_p_in[15].u           | spmw_fifo__parameterized0_18 |         17 |         17 |       0 |    0 |   20 |      0 |      0 |    0 |          0 |
|     g_pe_p_out_p_in[4].u            | spmw_fifo__parameterized0_19 |         14 |         14 |       0 |    0 |   17 |      0 |      0 |    0 |          0 |
|     g_pe_p_out_p_in[5].u            | spmw_fifo__parameterized0_20 |         14 |         14 |       0 |    0 |   17 |      0 |      0 |    0 |          0 |
|     g_pe_p_out_p_in[6].u            | spmw_fifo__parameterized0_21 |         14 |         14 |       0 |    0 |   17 |      0 |      0 |    0 |          0 |
|     g_pe_p_out_p_in[7].u            | spmw_fifo__parameterized0_22 |         14 |         14 |       0 |    0 |   17 |      0 |      0 |    0 |          0 |
|     g_pe_p_out_p_in[8].u            | spmw_fifo__parameterized0_23 |         15 |         15 |       0 |    0 |   19 |      0 |      0 |    0 |          0 |
|     g_pe_p_out_p_in[9].u            | spmw_fifo__parameterized0_24 |         15 |         15 |       0 |    0 |   19 |      0 |      0 |    0 |          0 |
|     g_pe_w_out_w_in[10].u           |                 spmw_fifo_25 |          0 |          0 |       0 |    0 |    9 |      0 |      0 |    0 |          0 |
|     g_pe_w_out_w_in[11].u           |                 spmw_fifo_26 |          0 |          0 |       0 |    0 |    9 |      0 |      0 |    0 |          0 |
|     g_pe_w_out_w_in[13].u           |                 spmw_fifo_27 |          0 |          0 |       0 |    0 |    9 |      0 |      0 |    0 |          0 |
|     g_pe_w_out_w_in[14].u           |                 spmw_fifo_28 |          0 |          0 |       0 |    0 |    9 |      0 |      0 |    0 |          0 |
|     g_pe_w_out_w_in[15].u           |                 spmw_fifo_29 |          0 |          0 |       0 |    0 |    9 |      0 |      0 |    0 |          0 |
|     g_pe_w_out_w_in[1].u            |                 spmw_fifo_30 |          0 |          0 |       0 |    0 |    9 |      0 |      0 |    0 |          0 |
|     g_pe_w_out_w_in[2].u            |                 spmw_fifo_31 |          0 |          0 |       0 |    0 |    9 |      0 |      0 |    0 |          0 |
|     g_pe_w_out_w_in[3].u            |                 spmw_fifo_32 |          0 |          0 |       0 |    0 |    9 |      0 |      0 |    0 |          0 |
|     g_pe_w_out_w_in[5].u            |                 spmw_fifo_33 |          0 |          0 |       0 |    0 |    9 |      0 |      0 |    0 |          0 |
|     g_pe_w_out_w_in[6].u            |                 spmw_fifo_34 |          0 |          0 |       0 |    0 |    9 |      0 |      0 |    0 |          0 |
|     g_pe_w_out_w_in[7].u            |                 spmw_fifo_35 |          0 |          0 |       0 |    0 |    9 |      0 |      0 |    0 |          0 |
|     g_pe_w_out_w_in[9].u            |                 spmw_fifo_36 |          0 |          0 |       0 |    0 |    9 |      0 |      0 |    0 |          0 |
|     u_lanesw_k512n32_r0_0           |            lanesw_k512n32_r0 |        925 |        752 |       0 |  173 |  516 |      0 |      0 |    0 |          0 |
|       u                             |       lanesw_k512n32_r0_0_89 |        925 |        752 |       0 |  173 |  516 |      0 |      0 |    0 |          0 |
|     u_lanesw_k512n32_r0_1           |         lanesw_k512n32_r0_37 |        895 |        722 |       0 |  173 |  516 |      0 |      0 |    0 |          0 |
|       u                             |       lanesw_k512n32_r0_0_79 |        895 |        722 |       0 |  173 |  516 |      0 |      0 |    0 |          0 |
|     u_lanesw_k512n32_r0_2           |         lanesw_k512n32_r0_38 |        894 |        721 |       0 |  173 |  516 |      0 |      0 |    0 |          0 |
|       u                             |       lanesw_k512n32_r0_0_69 |        894 |        721 |       0 |  173 |  516 |      0 |      0 |    0 |          0 |
|     u_lanesw_k512n32_r0_3           |         lanesw_k512n32_r0_39 |        895 |        722 |       0 |  173 |  516 |      0 |      0 |    0 |          0 |
|       u                             |          lanesw_k512n32_r0_0 |        895 |        722 |       0 |  173 |  516 |      0 |      0 |    0 |          0 |
|     u_pe_r0_1_1                     |                        pe_r0 |         94 |         94 |       0 |    0 |   41 |      0 |      0 |    0 |          0 |
|       u                             |                   pe_r0_0_65 |         94 |         94 |       0 |    0 |   41 |      0 |      0 |    0 |          0 |
|     u_pe_r0_1_2                     |                     pe_r0_40 |         95 |         95 |       0 |    0 |   41 |      0 |      0 |    0 |          0 |
|       u                             |                   pe_r0_0_62 |         95 |         95 |       0 |    0 |   41 |      0 |      0 |    0 |          0 |
|     u_pe_r0_2_1                     |                     pe_r0_41 |         96 |         96 |       0 |    0 |   41 |      0 |      0 |    0 |          0 |
|       u                             |                   pe_r0_0_59 |         96 |         96 |       0 |    0 |   41 |      0 |      0 |    0 |          0 |
|     u_pe_r0_2_2                     |                     pe_r0_42 |         97 |         97 |       0 |    0 |   41 |      0 |      0 |    0 |          0 |
|       u                             |                      pe_r0_0 |         97 |         97 |       0 |    0 |   41 |      0 |      0 |    0 |          0 |
|     u_pe_r1_3_1                     |                        pe_r1 |         92 |         92 |       0 |    0 |   41 |      0 |      0 |    0 |          0 |
|       u                             |                   pe_r1_0_56 |         92 |         92 |       0 |    0 |   41 |      0 |      0 |    0 |          0 |
|     u_pe_r1_3_2                     |                     pe_r1_43 |         92 |         92 |       0 |    0 |   41 |      0 |      0 |    0 |          0 |
|       u                             |                      pe_r1_0 |         92 |         92 |       0 |    0 |   41 |      0 |      0 |    0 |          0 |
|     u_pe_r2_0_1                     |                        pe_r2 |         95 |         95 |       0 |    0 |   41 |      0 |      0 |    0 |          0 |
|       u                             |                   pe_r2_0_53 |         95 |         95 |       0 |    0 |   41 |      0 |      0 |    0 |          0 |
|     u_pe_r2_0_2                     |                     pe_r2_44 |         94 |         94 |       0 |    0 |   41 |      0 |      0 |    0 |          0 |
|       u                             |                      pe_r2_0 |         94 |         94 |       0 |    0 |   41 |      0 |      0 |    0 |          0 |
|     u_pe_r3_1_3                     |                        pe_r3 |         94 |         94 |       0 |    0 |   33 |      0 |      0 |    0 |          0 |
|       u                             |                   pe_r3_0_50 |         94 |         94 |       0 |    0 |   33 |      0 |      0 |    0 |          0 |
|     u_pe_r3_2_3                     |                     pe_r3_45 |         96 |         96 |       0 |    0 |   33 |      0 |      0 |    0 |          0 |
|       u                             |                      pe_r3_0 |         96 |         96 |       0 |    0 |   33 |      0 |      0 |    0 |          0 |
|     u_pe_r4_1_0                     |                        pe_r4 |        107 |        107 |       0 |    0 |   41 |      0 |      0 |    0 |          0 |
|       u                             |                   pe_r4_0_47 |        107 |        107 |       0 |    0 |   41 |      0 |      0 |    0 |          0 |
|     u_pe_r4_2_0                     |                     pe_r4_46 |        106 |        106 |       0 |    0 |   41 |      0 |      0 |    0 |          0 |
|       u                             |                      pe_r4_0 |        106 |        106 |       0 |    0 |   41 |      0 |      0 |    0 |          0 |
|     u_pe_r5_3_3                     |                        pe_r5 |         89 |         89 |       0 |    0 |   33 |      0 |      0 |    0 |          0 |
|       u                             |                      pe_r5_0 |         89 |         89 |       0 |    0 |   33 |      0 |      0 |    0 |          0 |
|     u_pe_r6_0_3                     |                        pe_r6 |         93 |         93 |       0 |    0 |   33 |      0 |      0 |    0 |          0 |
|       u                             |                      pe_r6_0 |         93 |         93 |       0 |    0 |   33 |      0 |      0 |    0 |          0 |
|     u_pe_r7_3_0                     |                        pe_r7 |        109 |        109 |       0 |    0 |   41 |      0 |      0 |    0 |          0 |
|       u                             |                      pe_r7_0 |        109 |        109 |       0 |    0 |   41 |      0 |      0 |    0 |          0 |
|     u_pe_r8_0_0                     |                        pe_r8 |         98 |         98 |       0 |    0 |   41 |      0 |      0 |    0 |          0 |
|       u                             |                      pe_r8_0 |         98 |         98 |       0 |    0 |   41 |      0 |      0 |    0 |          0 |
+-------------------------------------+------------------------------+------------+------------+---------+------+------+--------+--------+------+------------+
* Note: The sum of lower-level cells may be larger than their parent cells total, due to cross-hierarchy LUT combining


