Copyright 1986-2022 Xilinx, Inc. All Rights Reserved. Copyright 2022-2023 Advanced Micro Devices, Inc. All Rights Reserved.
--------------------------------------------------------------------------------------------------------------------------------------------------
| Tool Version      : Vivado v.2023.2 (lin64) Build 4029153 Fri Oct 13 20:13:54 MDT 2023
| Date              : Sat Sep 19 20:59:16 2026
| Host              : brg-zhang-xcel.ece.cornell.edu running 64-bit Red Hat Enterprise Linux 9.8 (Plow)
| Command           : report_timing_summary -file timing.rpt
| Design            : spmw_harness
| Device            : xcu280-fsvh2892
| Speed File        : -2L  PRODUCTION 1.30 05-01-2022
| Design State      : Routed
| Temperature Grade : E
--------------------------------------------------------------------------------------------------------------------------------------------------

Timing Summary Report

------------------------------------------------------------------------------------------------
| Timer Settings
| --------------
------------------------------------------------------------------------------------------------

  Enable Multi Corner Analysis               :  Yes
  Enable Pessimism Removal                   :  Yes
  Pessimism Removal Resolution               :  Nearest Common Node
  Enable Input Delay Default Clock           :  No
  Enable Preset / Clear Arcs                 :  No
  Disable Flight Delays                      :  No
  Ignore I/O Paths                           :  No
  Timing Early Launch at Borrowing Latches   :  No
  Borrow Time for Max Delay Exceptions       :  Yes
  Merge Timing Exceptions                    :  Yes
  Inter-SLR Compensation                     :  Conservative

  Corner  Analyze    Analyze    
  Name    Max Paths  Min Paths  
  ------  ---------  ---------  
  Slow    Yes        Yes        
  Fast    Yes        Yes        


------------------------------------------------------------------------------------------------
| Report Methodology
| ------------------
------------------------------------------------------------------------------------------------

No report available as report_methodology has not been run prior. Run report_methodology on the current design for the summary of methodology violations.



check_timing report

Table of Contents
-----------------
1. checking no_clock (0)
2. checking constant_clock (0)
3. checking pulse_width_clock (0)
4. checking unconstrained_internal_endpoints (0)
5. checking no_input_delay (2)
6. checking no_output_delay (7)
7. checking multiple_clock (0)
8. checking generated_clocks (0)
9. checking loops (0)
10. checking partial_input_delay (0)
11. checking partial_output_delay (0)
12. checking latch_loops (0)

1. checking no_clock (0)
------------------------
 There are 0 register/latch pins with no clock.


2. checking constant_clock (0)
------------------------------
 There are 0 register/latch pins with constant_clock.


3. checking pulse_width_clock (0)
---------------------------------
 There are 0 register/latch pins which need pulse_width check


4. checking unconstrained_internal_endpoints (0)
------------------------------------------------
 There are 0 pins that are not constrained for maximum delay.

 There are 0 pins that are not constrained for maximum delay due to constant clock.


5. checking no_input_delay (2)
------------------------------
 There are 2 input ports with no input delay specified. (HIGH)

 There are 0 input ports with no input delay but user has a false path constraint.


6. checking no_output_delay (7)
-------------------------------
 There are 7 ports with no output delay specified. (HIGH)

 There are 0 ports with no output delay but user has a false path constraint

 There are 0 ports with no output delay but with a timing clock defined on it or propagating through it


7. checking multiple_clock (0)
------------------------------
 There are 0 register/latch pins with multiple clocks.


8. checking generated_clocks (0)
--------------------------------
 There are 0 generated clocks that are not connected to a clock source.


9. checking loops (0)
---------------------
 There are 0 combinational loops in the design.


10. checking partial_input_delay (0)
------------------------------------
 There are 0 input ports with partial input delay specified.


11. checking partial_output_delay (0)
-------------------------------------
 There are 0 ports with partial output delay specified.


12. checking latch_loops (0)
----------------------------
 There are 0 combinational latch loops in the design through latch input



------------------------------------------------------------------------------------------------
| Design Timing Summary
| ---------------------
------------------------------------------------------------------------------------------------

    WNS(ns)      TNS(ns)  TNS Failing Endpoints  TNS Total Endpoints      WHS(ns)      THS(ns)  THS Failing Endpoints  THS Total Endpoints     WPWS(ns)     TPWS(ns)  TPWS Failing Endpoints  TPWS Total Endpoints  
    -------      -------  ---------------------  -------------------      -------      -------  ---------------------  -------------------     --------     --------  ----------------------  --------------------  
      0.318        0.000                      0               297968        0.009        0.000                      0               297968        1.134        0.000                       0                131941  


All user specified timing constraints are met.


------------------------------------------------------------------------------------------------
| Clock Summary
| -------------
------------------------------------------------------------------------------------------------

Clock   Waveform(ns)         Period(ns)      Frequency(MHz)
-----   ------------         ----------      --------------
ap_clk  {0.000 1.666}        3.333           300.030         


------------------------------------------------------------------------------------------------
| Intra Clock Table
| -----------------
------------------------------------------------------------------------------------------------

Clock             WNS(ns)      TNS(ns)  TNS Failing Endpoints  TNS Total Endpoints      WHS(ns)      THS(ns)  THS Failing Endpoints  THS Total Endpoints     WPWS(ns)     TPWS(ns)  TPWS Failing Endpoints  TPWS Total Endpoints  
-----             -------      -------  ---------------------  -------------------      -------      -------  ---------------------  -------------------     --------     --------  ----------------------  --------------------  
ap_clk              0.318        0.000                      0               297968        0.009        0.000                      0               297968        1.134        0.000                       0                131941  


------------------------------------------------------------------------------------------------
| Inter Clock Table
| -----------------
------------------------------------------------------------------------------------------------

From Clock    To Clock          WNS(ns)      TNS(ns)  TNS Failing Endpoints  TNS Total Endpoints      WHS(ns)      THS(ns)  THS Failing Endpoints  THS Total Endpoints  
----------    --------          -------      -------  ---------------------  -------------------      -------      -------  ---------------------  -------------------  


------------------------------------------------------------------------------------------------
| Other Path Groups Table
| -----------------------
------------------------------------------------------------------------------------------------

Path Group    From Clock    To Clock          WNS(ns)      TNS(ns)  TNS Failing Endpoints  TNS Total Endpoints      WHS(ns)      THS(ns)  THS Failing Endpoints  THS Total Endpoints  
----------    ----------    --------          -------      -------  ---------------------  -------------------      -------      -------  ---------------------  -------------------  


------------------------------------------------------------------------------------------------
| Timing Details
| --------------
------------------------------------------------------------------------------------------------


---------------------------------------------------------------------------------------------------
From Clock:  ap_clk
  To Clock:  ap_clk

Setup :            0  Failing Endpoints,  Worst Slack        0.318ns,  Total Violation        0.000ns
Hold  :            0  Failing Endpoints,  Worst Slack        0.009ns,  Total Violation        0.000ns
PW    :            0  Failing Endpoints,  Worst Slack        1.134ns,  Total Violation        0.000ns
---------------------------------------------------------------------------------------------------


Max Delay Paths
--------------------------------------------------------------------------------------
Slack (MET) :             0.318ns  (required time - arrival time)
  Source:                 dut/u_mac_r0_14_9/u/grp_mac_r0_0_Pipeline_l_S_r_2_r_fu_124/v24_reg_256_reg[5]/C
                            (rising edge-triggered cell FDRE clocked by ap_clk  {rise@0.000ns fall@1.666ns period=3.333ns})
  Destination:            dut/u_mac_r0_14_9/u/grp_mac_r0_0_Pipeline_l_S_r_2_r_fu_124/add_ln92_reg_267_reg[31]/D
                            (rising edge-triggered cell FDRE clocked by ap_clk  {rise@0.000ns fall@1.666ns period=3.333ns})
  Path Group:             ap_clk
  Path Type:              Setup (Max at Slow Process Corner)
  Requirement:            3.333ns  (ap_clk rise@3.333ns - ap_clk rise@0.000ns)
  Data Path Delay:        2.921ns  (logic 1.058ns (36.219%)  route 1.863ns (63.780%))
  Logic Levels:           10  (CARRY8=6 LUT2=2 LUT6=2)
  Clock Path Skew:        -0.083ns (DCD - SCD + CPR)
    Destination Clock Delay (DCD):    2.941ns = ( 6.274 - 3.333 ) 
    Source Clock Delay      (SCD):    3.501ns
    Clock Pessimism Removal (CPR):    0.476ns
  Clock Uncertainty:      0.035ns  ((TSJ^2 + TIJ^2)^1/2 + DJ) / 2 + PE
    Total System Jitter     (TSJ):    0.071ns
    Total Input Jitter      (TIJ):    0.000ns
    Discrete Jitter          (DJ):    0.000ns
    Phase Error              (PE):    0.000ns
  Clock Net Delay (Source):      2.514ns (routing 1.169ns, distribution 1.345ns)
  Clock Net Delay (Destination): 2.247ns (routing 1.062ns, distribution 1.185ns)

    Location             Delay type                Incr(ns)  Path(ns)    Netlist Resource(s)
  -------------------------------------------------------------------    -------------------
                         (clock ap_clk rise edge)     0.000     0.000 r  
    BH26                                              0.000     0.000 r  ap_clk (IN)
                         net (fo=0)                   0.000     0.000    ap_clk_IBUF_inst/I
    BH26                 INBUF (Prop_INBUF_HPIOB_M_PAD_O)
                                                      0.636     0.636 r  ap_clk_IBUF_inst/INBUF_INST/O
                         net (fo=1, routed)           0.000     0.636    ap_clk_IBUF_inst/OUT
    BH26                 IBUFCTRL (Prop_IBUFCTRL_HPIOB_M_I_O)
                                                      0.000     0.636 r  ap_clk_IBUF_inst/IBUFCTRL_INST/O
                         net (fo=1, routed)           0.323     0.959    ap_clk_IBUF
    BUFGCE_X0Y72         BUFGCE (Prop_BUFCE_BUFGCE_I_O)
                                                      0.028     0.987 r  ap_clk_IBUF_BUFG_inst/O
    X3Y1 (CLOCK_ROOT)    net (fo=131940, routed)      2.514     3.501    dut/u_mac_r0_14_9/u/grp_mac_r0_0_Pipeline_l_S_r_2_r_fu_124/ap_clk_IBUF_BUFG
    SLICE_X154Y143       FDRE                                         r  dut/u_mac_r0_14_9/u/grp_mac_r0_0_Pipeline_l_S_r_2_r_fu_124/v24_reg_256_reg[5]/C
  -------------------------------------------------------------------    -------------------
    SLICE_X154Y143       FDRE (Prop_GFF2_SLICEM_C_Q)
                                                      0.079     3.580 f  dut/u_mac_r0_14_9/u/grp_mac_r0_0_Pipeline_l_S_r_2_r_fu_124/v24_reg_256_reg[5]/Q
                         net (fo=17, routed)          0.388     3.968    dut/u_mac_r0_14_9/u/grp_mac_r0_0_Pipeline_l_S_r_2_r_fu_124/mul_8s_8s_16_1_1_U18/tmp_product__59_carry_0[5]
    SLICE_X156Y140       LUT2 (Prop_B5LUT_SLICEM_I1_O)
                                                      0.116     4.084 r  dut/u_mac_r0_14_9/u/grp_mac_r0_0_Pipeline_l_S_r_2_r_fu_124/mul_8s_8s_16_1_1_U18/tmp_product__30_carry_i_18__74/O
                         net (fo=1, routed)           0.297     4.381    dut/u_mac_r0_14_9/u/grp_mac_r0_0_Pipeline_l_S_r_2_r_fu_124/mul_8s_8s_16_1_1_U18/tmp_product__30_carry_i_18__74_n_0
    SLICE_X154Y141       LUT6 (Prop_F6LUT_SLICEM_I3_O)
                                                      0.037     4.418 r  dut/u_mac_r0_14_9/u/grp_mac_r0_0_Pipeline_l_S_r_2_r_fu_124/mul_8s_8s_16_1_1_U18/tmp_product__30_carry_i_10__74/O
                         net (fo=1, routed)           0.022     4.440    dut/u_mac_r0_14_9/u/grp_mac_r0_0_Pipeline_l_S_r_2_r_fu_124/mul_8s_8s_16_1_1_U18/tmp_product__30_carry_i_10__74_n_0
    SLICE_X154Y141       CARRY8 (Prop_CARRY8_SLICEM_S[5]_O[6])
                                                      0.131     4.571 r  dut/u_mac_r0_14_9/u/grp_mac_r0_0_Pipeline_l_S_r_2_r_fu_124/mul_8s_8s_16_1_1_U18/tmp_product__30_carry/O[6]
                         net (fo=3, routed)           0.516     5.087    dut/u_mac_r0_14_9/u/grp_mac_r0_0_Pipeline_l_S_r_2_r_fu_124/mul_8s_8s_16_1_1_U18/tmp_product__30_carry_n_9
    SLICE_X153Y141       LUT6 (Prop_G6LUT_SLICEL_I1_O)
                                                      0.149     5.236 r  dut/u_mac_r0_14_9/u/grp_mac_r0_0_Pipeline_l_S_r_2_r_fu_124/mul_8s_8s_16_1_1_U18/tmp_product__85_carry_i_10__74/O
                         net (fo=1, routed)           0.008     5.244    dut/u_mac_r0_14_9/u/grp_mac_r0_0_Pipeline_l_S_r_2_r_fu_124/mul_8s_8s_16_1_1_U18/tmp_product__85_carry_i_10__74_n_0
    SLICE_X153Y141       CARRY8 (Prop_CARRY8_SLICEL_S[6]_CO[7])
                                                      0.115     5.359 r  dut/u_mac_r0_14_9/u/grp_mac_r0_0_Pipeline_l_S_r_2_r_fu_124/mul_8s_8s_16_1_1_U18/tmp_product__85_carry/CO[7]
                         net (fo=1, routed)           0.026     5.385    dut/u_mac_r0_14_9/u/grp_mac_r0_0_Pipeline_l_S_r_2_r_fu_124/mul_8s_8s_16_1_1_U18/tmp_product__85_carry_n_0
    SLICE_X153Y142       CARRY8 (Prop_CARRY8_SLICEL_CI_O[3])
                                                      0.082     5.467 r  dut/u_mac_r0_14_9/u/grp_mac_r0_0_Pipeline_l_S_r_2_r_fu_124/mul_8s_8s_16_1_1_U18/tmp_product__85_carry__0/O[3]
                         net (fo=4, routed)           0.487     5.954    dut/u_mac_r0_14_9/u/grp_mac_r0_0_Pipeline_l_S_r_2_r_fu_124/mul_8s_8s_16_1_1_U18/O[0]
    SLICE_X156Y148       LUT2 (Prop_H6LUT_SLICEM_I0_O)
                                                      0.101     6.055 r  dut/u_mac_r0_14_9/u/grp_mac_r0_0_Pipeline_l_S_r_2_r_fu_124/mul_8s_8s_16_1_1_U18/add_ln92_fu_235_p2_carry__0_i_1__62/O
                         net (fo=1, routed)           0.015     6.070    dut/u_mac_r0_14_9/u/grp_mac_r0_0_Pipeline_l_S_r_2_r_fu_124/mul_8s_8s_16_1_1_U18_n_10
    SLICE_X156Y148       CARRY8 (Prop_CARRY8_SLICEM_S[7]_CO[7])
                                                      0.117     6.187 r  dut/u_mac_r0_14_9/u/grp_mac_r0_0_Pipeline_l_S_r_2_r_fu_124/add_ln92_fu_235_p2_carry__0/CO[7]
                         net (fo=1, routed)           0.026     6.213    dut/u_mac_r0_14_9/u/grp_mac_r0_0_Pipeline_l_S_r_2_r_fu_124/add_ln92_fu_235_p2_carry__0_n_0
    SLICE_X156Y149       CARRY8 (Prop_CARRY8_SLICEM_CI_CO[7])
                                                      0.015     6.228 r  dut/u_mac_r0_14_9/u/grp_mac_r0_0_Pipeline_l_S_r_2_r_fu_124/add_ln92_fu_235_p2_carry__1/CO[7]
                         net (fo=1, routed)           0.052     6.280    dut/u_mac_r0_14_9/u/grp_mac_r0_0_Pipeline_l_S_r_2_r_fu_124/add_ln92_fu_235_p2_carry__1_n_0
    SLICE_X156Y150       CARRY8 (Prop_CARRY8_SLICEM_CI_O[7])
                                                      0.116     6.396 r  dut/u_mac_r0_14_9/u/grp_mac_r0_0_Pipeline_l_S_r_2_r_fu_124/add_ln92_fu_235_p2_carry__2/O[7]
                         net (fo=1, routed)           0.026     6.422    dut/u_mac_r0_14_9/u/grp_mac_r0_0_Pipeline_l_S_r_2_r_fu_124/add_ln92_fu_235_p2[31]
    SLICE_X156Y150       FDRE                                         r  dut/u_mac_r0_14_9/u/grp_mac_r0_0_Pipeline_l_S_r_2_r_fu_124/add_ln92_reg_267_reg[31]/D
  -------------------------------------------------------------------    -------------------

                         (clock ap_clk rise edge)     3.333     3.333 r  
    BH26                                              0.000     3.333 r  ap_clk (IN)
                         net (fo=0)                   0.000     3.333    ap_clk_IBUF_inst/I
    BH26                 INBUF (Prop_INBUF_HPIOB_M_PAD_O)
                                                      0.385     3.718 r  ap_clk_IBUF_inst/INBUF_INST/O
                         net (fo=1, routed)           0.000     3.718    ap_clk_IBUF_inst/OUT
    BH26                 IBUFCTRL (Prop_IBUFCTRL_HPIOB_M_I_O)
                                                      0.000     3.718 r  ap_clk_IBUF_inst/IBUFCTRL_INST/O
                         net (fo=1, routed)           0.286     4.004    ap_clk_IBUF
    BUFGCE_X0Y72         BUFGCE (Prop_BUFCE_BUFGCE_I_O)
                                                      0.024     4.028 r  ap_clk_IBUF_BUFG_inst/O
    X3Y1 (CLOCK_ROOT)    net (fo=131940, routed)      2.247     6.274    dut/u_mac_r0_14_9/u/grp_mac_r0_0_Pipeline_l_S_r_2_r_fu_124/ap_clk_IBUF_BUFG
    SLICE_X156Y150       FDRE                                         r  dut/u_mac_r0_14_9/u/grp_mac_r0_0_Pipeline_l_S_r_2_r_fu_124/add_ln92_reg_267_reg[31]/C
                         clock pessimism              0.476     6.751    
                         clock uncertainty           -0.035     6.715    
    SLICE_X156Y150       FDRE (Setup_HFF_SLICEM_C_D)
                                                      0.025     6.740    dut/u_mac_r0_14_9/u/grp_mac_r0_0_Pipeline_l_S_r_2_r_fu_124/add_ln92_reg_267_reg[31]
  -------------------------------------------------------------------
                         required time                          6.740    
                         arrival time                          -6.422    
  -------------------------------------------------------------------
                         slack                                  0.318    





Min Delay Paths
--------------------------------------------------------------------------------------
Slack (MET) :             0.009ns  (arrival time - required time)
  Source:                 dut/g_mac_w_out_w_in[180].u/slice.q0_reg[14]/C
                            (rising edge-triggered cell FDRE clocked by ap_clk  {rise@0.000ns fall@1.666ns period=3.333ns})
  Destination:            dut/u_mac_r0_11_4/u/grp_mac_r0_0_Pipeline_l_S_i_0_i_fu_101/wf_2_2_fu_70_reg[14]/D
                            (rising edge-triggered cell FDRE clocked by ap_clk  {rise@0.000ns fall@1.666ns period=3.333ns})
  Path Group:             ap_clk
  Path Type:              Hold (Min at Slow Process Corner)
  Requirement:            0.000ns  (ap_clk rise@0.000ns - ap_clk rise@0.000ns)
  Data Path Delay:        0.182ns  (logic 0.058ns (31.951%)  route 0.124ns (68.050%))
  Logic Levels:           0  
  Clock Path Skew:        0.110ns (DCD - SCD - CPR)
    Destination Clock Delay (DCD):    3.399ns
    Source Clock Delay      (SCD):    2.829ns
    Clock Pessimism Removal (CPR):    0.460ns
  Clock Net Delay (Source):      2.134ns (routing 1.062ns, distribution 1.072ns)
  Clock Net Delay (Destination): 2.412ns (routing 1.169ns, distribution 1.243ns)

    Location             Delay type                Incr(ns)  Path(ns)    Netlist Resource(s)
  -------------------------------------------------------------------    -------------------
                         (clock ap_clk rise edge)     0.000     0.000 r  
    BH26                                              0.000     0.000 r  ap_clk (IN)
                         net (fo=0)                   0.000     0.000    ap_clk_IBUF_inst/I
    BH26                 INBUF (Prop_INBUF_HPIOB_M_PAD_O)
                                                      0.385     0.385 r  ap_clk_IBUF_inst/INBUF_INST/O
                         net (fo=1, routed)           0.000     0.385    ap_clk_IBUF_inst/OUT
    BH26                 IBUFCTRL (Prop_IBUFCTRL_HPIOB_M_I_O)
                                                      0.000     0.385 r  ap_clk_IBUF_inst/IBUFCTRL_INST/O
                         net (fo=1, routed)           0.286     0.671    ap_clk_IBUF
    BUFGCE_X0Y72         BUFGCE (Prop_BUFCE_BUFGCE_I_O)
                                                      0.024     0.695 r  ap_clk_IBUF_BUFG_inst/O
    X3Y1 (CLOCK_ROOT)    net (fo=131940, routed)      2.134     2.829    dut/g_mac_w_out_w_in[180].u/ap_clk_IBUF_BUFG
    SLICE_X135Y72        FDRE                                         r  dut/g_mac_w_out_w_in[180].u/slice.q0_reg[14]/C
  -------------------------------------------------------------------    -------------------
    SLICE_X135Y72        FDRE (Prop_CFF_SLICEL_C_Q)
                                                      0.058     2.887 r  dut/g_mac_w_out_w_in[180].u/slice.q0_reg[14]/Q
                         net (fo=7, routed)           0.124     3.010    dut/u_mac_r0_11_4/u/grp_mac_r0_0_Pipeline_l_S_i_0_i_fu_101/wf_0_2_fu_62_reg[31]_0[14]
    SLICE_X133Y73        FDRE                                         r  dut/u_mac_r0_11_4/u/grp_mac_r0_0_Pipeline_l_S_i_0_i_fu_101/wf_2_2_fu_70_reg[14]/D
  -------------------------------------------------------------------    -------------------

                         (clock ap_clk rise edge)     0.000     0.000 r  
    BH26                                              0.000     0.000 r  ap_clk (IN)
                         net (fo=0)                   0.000     0.000    ap_clk_IBUF_inst/I
    BH26                 INBUF (Prop_INBUF_HPIOB_M_PAD_O)
                                                      0.636     0.636 r  ap_clk_IBUF_inst/INBUF_INST/O
                         net (fo=1, routed)           0.000     0.636    ap_clk_IBUF_inst/OUT
    BH26                 IBUFCTRL (Prop_IBUFCTRL_HPIOB_M_I_O)
                                                      0.000     0.636 r  ap_clk_IBUF_inst/IBUFCTRL_INST/O
                         net (fo=1, routed)           0.323     0.959    ap_clk_IBUF
    BUFGCE_X0Y72         BUFGCE (Prop_BUFCE_BUFGCE_I_O)
                                                      0.028     0.987 r  ap_clk_IBUF_BUFG_inst/O
    X3Y1 (CLOCK_ROOT)    net (fo=131940, routed)      2.412     3.399    dut/u_mac_r0_11_4/u/grp_mac_r0_0_Pipeline_l_S_i_0_i_fu_101/ap_clk_IBUF_BUFG
    SLICE_X133Y73        FDRE                                         r  dut/u_mac_r0_11_4/u/grp_mac_r0_0_Pipeline_l_S_i_0_i_fu_101/wf_2_2_fu_70_reg[14]/C
                         clock pessimism             -0.460     2.939    
    SLICE_X133Y73        FDRE (Hold_HFF2_SLICEM_C_D)
                                                      0.062     3.001    dut/u_mac_r0_11_4/u/grp_mac_r0_0_Pipeline_l_S_i_0_i_fu_101/wf_2_2_fu_70_reg[14]
  -------------------------------------------------------------------
                         required time                         -3.001    
                         arrival time                           3.010    
  -------------------------------------------------------------------
                         slack                                  0.009    





Pulse Width Checks
--------------------------------------------------------------------------------------
Clock Name:         ap_clk
Waveform(ns):       { 0.000 1.666 }
Period(ns):         3.333
Sources:            { ap_clk }

Check Type        Corner  Lib Pin     Reference Pin  Required(ns)  Actual(ns)  Slack(ns)  Location        Pin
Min Period        n/a     BUFGCE/I    n/a            1.290         3.333       2.043      BUFGCE_X0Y72    ap_clk_IBUF_BUFG_inst/I
Low Pulse Width   Slow    SRL16E/CLK  n/a            0.532         1.666       1.134      SLICE_X104Y180  gen_mac_a_in_bind[0].lf_mac_a_in_bind_reg[19]_srl12___gen_mac_a_in_bind_r_10/CLK
High Pulse Width  Slow    SRL16E/CLK  n/a            0.532         1.666       1.134      SLICE_X104Y180  gen_mac_a_in_bind[0].lf_mac_a_in_bind_reg[19]_srl12___gen_mac_a_in_bind_r_10/CLK



