Copyright 1986-2022 Xilinx, Inc. All Rights Reserved. Copyright 2022-2023 Advanced Micro Devices, Inc. All Rights Reserved.
--------------------------------------------------------------------------------------------------------------------------------------------------
| Tool Version      : Vivado v.2023.2 (lin64) Build 4029153 Fri Oct 13 20:13:54 MDT 2023
| Date              : Sun Sep 13 16:14:54 2026
| Host              : brg-zhang-xcel.ece.cornell.edu running 64-bit Red Hat Enterprise Linux 9.8 (Plow)
| Command           : report_timing_summary -file timing.rpt
| Design            : spmw_harness
| Device            : xcu280-fsvh2892
| Speed File        : -2L  PRODUCTION 1.30 05-01-2022
| Design State      : Routed
| Temperature Grade : E
--------------------------------------------------------------------------------------------------------------------------------------------------

Timing Summary Report

------------------------------------------------------------------------------------------------
| Timer Settings
| --------------
------------------------------------------------------------------------------------------------

  Enable Multi Corner Analysis               :  Yes
  Enable Pessimism Removal                   :  Yes
  Pessimism Removal Resolution               :  Nearest Common Node
  Enable Input Delay Default Clock           :  No
  Enable Preset / Clear Arcs                 :  No
  Disable Flight Delays                      :  No
  Ignore I/O Paths                           :  No
  Timing Early Launch at Borrowing Latches   :  No
  Borrow Time for Max Delay Exceptions       :  Yes
  Merge Timing Exceptions                    :  Yes
  Inter-SLR Compensation                     :  Conservative

  Corner  Analyze    Analyze    
  Name    Max Paths  Min Paths  
  ------  ---------  ---------  
  Slow    Yes        Yes        
  Fast    Yes        Yes        


------------------------------------------------------------------------------------------------
| Report Methodology
| ------------------
------------------------------------------------------------------------------------------------

No report available as report_methodology has not been run prior. Run report_methodology on the current design for the summary of methodology violations.



check_timing report

Table of Contents
-----------------
1. checking no_clock (0)
2. checking constant_clock (0)
3. checking pulse_width_clock (0)
4. checking unconstrained_internal_endpoints (0)
5. checking no_input_delay (2)
6. checking no_output_delay (7)
7. checking multiple_clock (0)
8. checking generated_clocks (0)
9. checking loops (0)
10. checking partial_input_delay (0)
11. checking partial_output_delay (0)
12. checking latch_loops (0)

1. checking no_clock (0)
------------------------
 There are 0 register/latch pins with no clock.


2. checking constant_clock (0)
------------------------------
 There are 0 register/latch pins with constant_clock.


3. checking pulse_width_clock (0)
---------------------------------
 There are 0 register/latch pins which need pulse_width check


4. checking unconstrained_internal_endpoints (0)
------------------------------------------------
 There are 0 pins that are not constrained for maximum delay.

 There are 0 pins that are not constrained for maximum delay due to constant clock.


5. checking no_input_delay (2)
------------------------------
 There are 2 input ports with no input delay specified. (HIGH)

 There are 0 input ports with no input delay but user has a false path constraint.


6. checking no_output_delay (7)
-------------------------------
 There are 7 ports with no output delay specified. (HIGH)

 There are 0 ports with no output delay but user has a false path constraint

 There are 0 ports with no output delay but with a timing clock defined on it or propagating through it


7. checking multiple_clock (0)
------------------------------
 There are 0 register/latch pins with multiple clocks.


8. checking generated_clocks (0)
--------------------------------
 There are 0 generated clocks that are not connected to a clock source.


9. checking loops (0)
---------------------
 There are 0 combinational loops in the design.


10. checking partial_input_delay (0)
------------------------------------
 There are 0 input ports with partial input delay specified.


11. checking partial_output_delay (0)
-------------------------------------
 There are 0 ports with partial output delay specified.


12. checking latch_loops (0)
----------------------------
 There are 0 combinational latch loops in the design through latch input



------------------------------------------------------------------------------------------------
| Design Timing Summary
| ---------------------
------------------------------------------------------------------------------------------------

    WNS(ns)      TNS(ns)  TNS Failing Endpoints  TNS Total Endpoints      WHS(ns)      THS(ns)  THS Failing Endpoints  THS Total Endpoints     WPWS(ns)     TPWS(ns)  TPWS Failing Endpoints  TPWS Total Endpoints  
    -------      -------  ---------------------  -------------------      -------      -------  ---------------------  -------------------     --------     --------  ----------------------  --------------------  
      0.289        0.000                      0               398616        0.009        0.000                      0               398616        1.134        0.000                       0                162677  


All user specified timing constraints are met.


------------------------------------------------------------------------------------------------
| Clock Summary
| -------------
------------------------------------------------------------------------------------------------

Clock   Waveform(ns)         Period(ns)      Frequency(MHz)
-----   ------------         ----------      --------------
ap_clk  {0.000 1.666}        3.333           300.030         


------------------------------------------------------------------------------------------------
| Intra Clock Table
| -----------------
------------------------------------------------------------------------------------------------

Clock             WNS(ns)      TNS(ns)  TNS Failing Endpoints  TNS Total Endpoints      WHS(ns)      THS(ns)  THS Failing Endpoints  THS Total Endpoints     WPWS(ns)     TPWS(ns)  TPWS Failing Endpoints  TPWS Total Endpoints  
-----             -------      -------  ---------------------  -------------------      -------      -------  ---------------------  -------------------     --------     --------  ----------------------  --------------------  
ap_clk              0.289        0.000                      0               398616        0.009        0.000                      0               398616        1.134        0.000                       0                162677  


------------------------------------------------------------------------------------------------
| Inter Clock Table
| -----------------
------------------------------------------------------------------------------------------------

From Clock    To Clock          WNS(ns)      TNS(ns)  TNS Failing Endpoints  TNS Total Endpoints      WHS(ns)      THS(ns)  THS Failing Endpoints  THS Total Endpoints  
----------    --------          -------      -------  ---------------------  -------------------      -------      -------  ---------------------  -------------------  


------------------------------------------------------------------------------------------------
| Other Path Groups Table
| -----------------------
------------------------------------------------------------------------------------------------

Path Group    From Clock    To Clock          WNS(ns)      TNS(ns)  TNS Failing Endpoints  TNS Total Endpoints      WHS(ns)      THS(ns)  THS Failing Endpoints  THS Total Endpoints  
----------    ----------    --------          -------      -------  ---------------------  -------------------      -------      -------  ---------------------  -------------------  


------------------------------------------------------------------------------------------------
| Timing Details
| --------------
------------------------------------------------------------------------------------------------


---------------------------------------------------------------------------------------------------
From Clock:  ap_clk
  To Clock:  ap_clk

Setup :            0  Failing Endpoints,  Worst Slack        0.289ns,  Total Violation        0.000ns
Hold  :            0  Failing Endpoints,  Worst Slack        0.009ns,  Total Violation        0.000ns
PW    :            0  Failing Endpoints,  Worst Slack        1.134ns,  Total Violation        0.000ns
---------------------------------------------------------------------------------------------------


Max Delay Paths
--------------------------------------------------------------------------------------
Slack (MET) :             0.289ns  (required time - arrival time)
  Source:                 dut/u_mac_r0_4_11/u/grp_mac_r0_0_Pipeline_l_S_r_2_r_fu_124/trunc_ln78_reg_251_pp0_iter1_reg_reg[1]/C
                            (rising edge-triggered cell FDRE clocked by ap_clk  {rise@0.000ns fall@1.666ns period=3.333ns})
  Destination:            dut/u_mac_r0_4_11/u/grp_mac_r0_0_Pipeline_l_S_r_2_r_fu_124/add_ln91_reg_267_reg[31]/D
                            (rising edge-triggered cell FDRE clocked by ap_clk  {rise@0.000ns fall@1.666ns period=3.333ns})
  Path Group:             ap_clk
  Path Type:              Setup (Max at Slow Process Corner)
  Requirement:            3.333ns  (ap_clk rise@3.333ns - ap_clk rise@0.000ns)
  Data Path Delay:        2.907ns  (logic 0.795ns (27.343%)  route 2.112ns (72.657%))
  Logic Levels:           9  (CARRY8=6 LUT2=1 LUT3=1 LUT4=1)
  Clock Path Skew:        -0.126ns (DCD - SCD + CPR)
    Destination Clock Delay (DCD):    2.651ns = ( 5.984 - 3.333 ) 
    Source Clock Delay      (SCD):    3.181ns
    Clock Pessimism Removal (CPR):    0.403ns
  Clock Uncertainty:      0.035ns  ((TSJ^2 + TIJ^2)^1/2 + DJ) / 2 + PE
    Total System Jitter     (TSJ):    0.071ns
    Total Input Jitter      (TIJ):    0.000ns
    Discrete Jitter          (DJ):    0.000ns
    Phase Error              (PE):    0.000ns
  Clock Net Delay (Source):      2.194ns (routing 1.169ns, distribution 1.025ns)
  Clock Net Delay (Destination): 1.957ns (routing 1.062ns, distribution 0.895ns)

    Location             Delay type                Incr(ns)  Path(ns)    Netlist Resource(s)
  -------------------------------------------------------------------    -------------------
                         (clock ap_clk rise edge)     0.000     0.000 r  
    BH26                                              0.000     0.000 r  ap_clk (IN)
                         net (fo=0)                   0.000     0.000    ap_clk_IBUF_inst/I
    BH26                 INBUF (Prop_INBUF_HPIOB_M_PAD_O)
                                                      0.636     0.636 r  ap_clk_IBUF_inst/INBUF_INST/O
                         net (fo=1, routed)           0.000     0.636    ap_clk_IBUF_inst/OUT
    BH26                 IBUFCTRL (Prop_IBUFCTRL_HPIOB_M_I_O)
                                                      0.000     0.636 r  ap_clk_IBUF_inst/IBUFCTRL_INST/O
                         net (fo=1, routed)           0.323     0.959    ap_clk_IBUF
    BUFGCE_X0Y72         BUFGCE (Prop_BUFCE_BUFGCE_I_O)
                                                      0.028     0.987 r  ap_clk_IBUF_BUFG_inst/O
    X3Y1 (CLOCK_ROOT)    net (fo=162676, routed)      2.194     3.181    dut/u_mac_r0_4_11/u/grp_mac_r0_0_Pipeline_l_S_r_2_r_fu_124/ap_clk_IBUF_BUFG
    SLICE_X102Y55        FDRE                                         r  dut/u_mac_r0_4_11/u/grp_mac_r0_0_Pipeline_l_S_r_2_r_fu_124/trunc_ln78_reg_251_pp0_iter1_reg_reg[1]/C
  -------------------------------------------------------------------    -------------------
    SLICE_X102Y55        FDRE (Prop_HFF2_SLICEM_C_Q)
                                                      0.078     3.259 r  dut/u_mac_r0_4_11/u/grp_mac_r0_0_Pipeline_l_S_r_2_r_fu_124/trunc_ln78_reg_251_pp0_iter1_reg_reg[1]/Q
                         net (fo=19, routed)          0.404     3.663    dut/u_mac_r0_4_11/u/grp_mac_r0_0_Pipeline_l_S_r_2_r_fu_124/mul_8s_8s_16_1_1_U18/Q[1]
    SLICE_X103Y56        LUT4 (Prop_F6LUT_SLICEL_I1_O)
                                                      0.097     3.760 r  dut/u_mac_r0_4_11/u/grp_mac_r0_0_Pipeline_l_S_r_2_r_fu_124/mul_8s_8s_16_1_1_U18/tmp_product__30_carry_i_6__218/O
                         net (fo=1, routed)           0.408     4.168    dut/u_mac_r0_4_11/u/grp_mac_r0_0_Pipeline_l_S_r_2_r_fu_124/mul_8s_8s_16_1_1_U18/tmp_product__30_carry_i_6__218_n_0
    SLICE_X101Y56        CARRY8 (Prop_CARRY8_SLICEL_DI[2]_O[3])
                                                      0.088     4.256 r  dut/u_mac_r0_4_11/u/grp_mac_r0_0_Pipeline_l_S_r_2_r_fu_124/mul_8s_8s_16_1_1_U18/tmp_product__30_carry/O[3]
                         net (fo=3, routed)           0.357     4.613    dut/u_mac_r0_4_11/u/grp_mac_r0_0_Pipeline_l_S_r_2_r_fu_124/mul_8s_8s_16_1_1_U18/tmp_product__30_carry_n_12
    SLICE_X103Y56        LUT3 (Prop_E6LUT_SLICEL_I1_O)
                                                      0.051     4.664 r  dut/u_mac_r0_4_11/u/grp_mac_r0_0_Pipeline_l_S_r_2_r_fu_124/mul_8s_8s_16_1_1_U18/tmp_product__85_carry_i_5__218/O
                         net (fo=1, routed)           0.378     5.042    dut/u_mac_r0_4_11/u/grp_mac_r0_0_Pipeline_l_S_r_2_r_fu_124/mul_8s_8s_16_1_1_U18/tmp_product__85_carry_i_5__218_n_0
    SLICE_X102Y56        CARRY8 (Prop_CARRY8_SLICEM_DI[3]_CO[7])
                                                      0.106     5.148 r  dut/u_mac_r0_4_11/u/grp_mac_r0_0_Pipeline_l_S_r_2_r_fu_124/mul_8s_8s_16_1_1_U18/tmp_product__85_carry/CO[7]
                         net (fo=1, routed)           0.026     5.174    dut/u_mac_r0_4_11/u/grp_mac_r0_0_Pipeline_l_S_r_2_r_fu_124/mul_8s_8s_16_1_1_U18/tmp_product__85_carry_n_0
    SLICE_X102Y57        CARRY8 (Prop_CARRY8_SLICEM_CI_O[0])
                                                      0.056     5.230 r  dut/u_mac_r0_4_11/u/grp_mac_r0_0_Pipeline_l_S_r_2_r_fu_124/mul_8s_8s_16_1_1_U18/tmp_product__85_carry__0/O[0]
                         net (fo=1, routed)           0.454     5.684    dut/u_mac_r0_4_11/u/grp_mac_r0_0_Pipeline_l_S_r_2_r_fu_124/mul_8s_8s_16_1_1_U18/sext_ln91_fu_231_p1[12]
    SLICE_X103Y58        LUT2 (Prop_E6LUT_SLICEL_I1_O)
                                                      0.035     5.719 r  dut/u_mac_r0_4_11/u/grp_mac_r0_0_Pipeline_l_S_r_2_r_fu_124/mul_8s_8s_16_1_1_U18/add_ln91_fu_235_p2_carry__0_i_4__208/O
                         net (fo=1, routed)           0.007     5.726    dut/u_mac_r0_4_11/u/grp_mac_r0_0_Pipeline_l_S_r_2_r_fu_124/mul_8s_8s_16_1_1_U18_n_13
    SLICE_X103Y58        CARRY8 (Prop_CARRY8_SLICEL_S[4]_CO[7])
                                                      0.153     5.879 r  dut/u_mac_r0_4_11/u/grp_mac_r0_0_Pipeline_l_S_r_2_r_fu_124/add_ln91_fu_235_p2_carry__0/CO[7]
                         net (fo=1, routed)           0.026     5.905    dut/u_mac_r0_4_11/u/grp_mac_r0_0_Pipeline_l_S_r_2_r_fu_124/add_ln91_fu_235_p2_carry__0_n_0
    SLICE_X103Y59        CARRY8 (Prop_CARRY8_SLICEL_CI_CO[7])
                                                      0.015     5.920 r  dut/u_mac_r0_4_11/u/grp_mac_r0_0_Pipeline_l_S_r_2_r_fu_124/add_ln91_fu_235_p2_carry__1/CO[7]
                         net (fo=1, routed)           0.026     5.946    dut/u_mac_r0_4_11/u/grp_mac_r0_0_Pipeline_l_S_r_2_r_fu_124/add_ln91_fu_235_p2_carry__1_n_0
    SLICE_X103Y60        CARRY8 (Prop_CARRY8_SLICEL_CI_O[7])
                                                      0.116     6.062 r  dut/u_mac_r0_4_11/u/grp_mac_r0_0_Pipeline_l_S_r_2_r_fu_124/add_ln91_fu_235_p2_carry__2/O[7]
                         net (fo=1, routed)           0.026     6.088    dut/u_mac_r0_4_11/u/grp_mac_r0_0_Pipeline_l_S_r_2_r_fu_124/add_ln91_fu_235_p2[31]
    SLICE_X103Y60        FDRE                                         r  dut/u_mac_r0_4_11/u/grp_mac_r0_0_Pipeline_l_S_r_2_r_fu_124/add_ln91_reg_267_reg[31]/D
  -------------------------------------------------------------------    -------------------

                         (clock ap_clk rise edge)     3.333     3.333 r  
    BH26                                              0.000     3.333 r  ap_clk (IN)
                         net (fo=0)                   0.000     3.333    ap_clk_IBUF_inst/I
    BH26                 INBUF (Prop_INBUF_HPIOB_M_PAD_O)
                                                      0.385     3.718 r  ap_clk_IBUF_inst/INBUF_INST/O
                         net (fo=1, routed)           0.000     3.718    ap_clk_IBUF_inst/OUT
    BH26                 IBUFCTRL (Prop_IBUFCTRL_HPIOB_M_I_O)
                                                      0.000     3.718 r  ap_clk_IBUF_inst/IBUFCTRL_INST/O
                         net (fo=1, routed)           0.286     4.004    ap_clk_IBUF
    BUFGCE_X0Y72         BUFGCE (Prop_BUFCE_BUFGCE_I_O)
                                                      0.024     4.028 r  ap_clk_IBUF_BUFG_inst/O
    X3Y1 (CLOCK_ROOT)    net (fo=162676, routed)      1.957     5.984    dut/u_mac_r0_4_11/u/grp_mac_r0_0_Pipeline_l_S_r_2_r_fu_124/ap_clk_IBUF_BUFG
    SLICE_X103Y60        FDRE                                         r  dut/u_mac_r0_4_11/u/grp_mac_r0_0_Pipeline_l_S_r_2_r_fu_124/add_ln91_reg_267_reg[31]/C
                         clock pessimism              0.403     6.388    
                         clock uncertainty           -0.035     6.352    
    SLICE_X103Y60        FDRE (Setup_HFF_SLICEL_C_D)
                                                      0.025     6.377    dut/u_mac_r0_4_11/u/grp_mac_r0_0_Pipeline_l_S_r_2_r_fu_124/add_ln91_reg_267_reg[31]
  -------------------------------------------------------------------
                         required time                          6.377    
                         arrival time                          -6.088    
  -------------------------------------------------------------------
                         slack                                  0.289    





Min Delay Paths
--------------------------------------------------------------------------------------
Slack (MET) :             0.009ns  (arrival time - required time)
  Source:                 dut/g_mac_w_out_w_in[202].u/deep.out/slice.q0_reg[0]/C
                            (rising edge-triggered cell FDRE clocked by ap_clk  {rise@0.000ns fall@1.666ns period=3.333ns})
  Destination:            dut/u_mac_r0_12_10/u/grp_mac_r0_0_Pipeline_l_S_i_0_i_fu_101/wf_2_2_fu_70_reg[0]/D
                            (rising edge-triggered cell FDRE clocked by ap_clk  {rise@0.000ns fall@1.666ns period=3.333ns})
  Path Group:             ap_clk
  Path Type:              Hold (Min at Slow Process Corner)
  Requirement:            0.000ns  (ap_clk rise@0.000ns - ap_clk rise@0.000ns)
  Data Path Delay:        0.146ns  (logic 0.059ns (40.498%)  route 0.087ns (59.502%))
  Logic Levels:           0  
  Clock Path Skew:        0.076ns (DCD - SCD - CPR)
    Destination Clock Delay (DCD):    3.348ns
    Source Clock Delay      (SCD):    2.811ns
    Clock Pessimism Removal (CPR):    0.460ns
  Clock Net Delay (Source):      2.117ns (routing 1.062ns, distribution 1.055ns)
  Clock Net Delay (Destination): 2.361ns (routing 1.169ns, distribution 1.192ns)

    Location             Delay type                Incr(ns)  Path(ns)    Netlist Resource(s)
  -------------------------------------------------------------------    -------------------
                         (clock ap_clk rise edge)     0.000     0.000 r  
    BH26                                              0.000     0.000 r  ap_clk (IN)
                         net (fo=0)                   0.000     0.000    ap_clk_IBUF_inst/I
    BH26                 INBUF (Prop_INBUF_HPIOB_M_PAD_O)
                                                      0.385     0.385 r  ap_clk_IBUF_inst/INBUF_INST/O
                         net (fo=1, routed)           0.000     0.385    ap_clk_IBUF_inst/OUT
    BH26                 IBUFCTRL (Prop_IBUFCTRL_HPIOB_M_I_O)
                                                      0.000     0.385 r  ap_clk_IBUF_inst/IBUFCTRL_INST/O
                         net (fo=1, routed)           0.286     0.671    ap_clk_IBUF
    BUFGCE_X0Y72         BUFGCE (Prop_BUFCE_BUFGCE_I_O)
                                                      0.024     0.695 r  ap_clk_IBUF_BUFG_inst/O
    X3Y1 (CLOCK_ROOT)    net (fo=162676, routed)      2.117     2.811    dut/g_mac_w_out_w_in[202].u/deep.out/ap_clk_IBUF_BUFG
    SLICE_X136Y94        FDRE                                         r  dut/g_mac_w_out_w_in[202].u/deep.out/slice.q0_reg[0]/C
  -------------------------------------------------------------------    -------------------
    SLICE_X136Y94        FDRE (Prop_DFF_SLICEL_C_Q)
                                                      0.059     2.870 r  dut/g_mac_w_out_w_in[202].u/deep.out/slice.q0_reg[0]/Q
                         net (fo=6, routed)           0.087     2.957    dut/u_mac_r0_12_10/u/grp_mac_r0_0_Pipeline_l_S_i_0_i_fu_101/wf_3_2_fu_74_reg[31]_0[0]
    SLICE_X134Y94        FDRE                                         r  dut/u_mac_r0_12_10/u/grp_mac_r0_0_Pipeline_l_S_i_0_i_fu_101/wf_2_2_fu_70_reg[0]/D
  -------------------------------------------------------------------    -------------------

                         (clock ap_clk rise edge)     0.000     0.000 r  
    BH26                                              0.000     0.000 r  ap_clk (IN)
                         net (fo=0)                   0.000     0.000    ap_clk_IBUF_inst/I
    BH26                 INBUF (Prop_INBUF_HPIOB_M_PAD_O)
                                                      0.636     0.636 r  ap_clk_IBUF_inst/INBUF_INST/O
                         net (fo=1, routed)           0.000     0.636    ap_clk_IBUF_inst/OUT
    BH26                 IBUFCTRL (Prop_IBUFCTRL_HPIOB_M_I_O)
                                                      0.000     0.636 r  ap_clk_IBUF_inst/IBUFCTRL_INST/O
                         net (fo=1, routed)           0.323     0.959    ap_clk_IBUF
    BUFGCE_X0Y72         BUFGCE (Prop_BUFCE_BUFGCE_I_O)
                                                      0.028     0.987 r  ap_clk_IBUF_BUFG_inst/O
    X3Y1 (CLOCK_ROOT)    net (fo=162676, routed)      2.361     3.348    dut/u_mac_r0_12_10/u/grp_mac_r0_0_Pipeline_l_S_i_0_i_fu_101/ap_clk_IBUF_BUFG
    SLICE_X134Y94        FDRE                                         r  dut/u_mac_r0_12_10/u/grp_mac_r0_0_Pipeline_l_S_i_0_i_fu_101/wf_2_2_fu_70_reg[0]/C
                         clock pessimism             -0.460     2.888    
    SLICE_X134Y94        FDRE (Hold_DFF_SLICEL_C_D)
                                                      0.060     2.948    dut/u_mac_r0_12_10/u/grp_mac_r0_0_Pipeline_l_S_i_0_i_fu_101/wf_2_2_fu_70_reg[0]
  -------------------------------------------------------------------
                         required time                         -2.948    
                         arrival time                           2.957    
  -------------------------------------------------------------------
                         slack                                  0.009    





Pulse Width Checks
--------------------------------------------------------------------------------------
Clock Name:         ap_clk
Waveform(ns):       { 0.000 1.666 }
Period(ns):         3.333
Sources:            { ap_clk }

Check Type        Corner  Lib Pin     Reference Pin  Required(ns)  Actual(ns)  Slack(ns)  Location        Pin
Min Period        n/a     BUFGCE/I    n/a            1.290         3.333       2.043      BUFGCE_X0Y72    ap_clk_IBUF_BUFG_inst/I
Low Pulse Width   Slow    SRL16E/CLK  n/a            0.532         1.666       1.134      SLICE_X114Y164  gen_mac_a_in_bind[0].lf_mac_a_in_bind_reg[19]_srl12___gen_mac_a_in_bind_r_10/CLK
High Pulse Width  Slow    SRL16E/CLK  n/a            0.532         1.667       1.135      SLICE_X114Y164  gen_mac_a_in_bind[0].lf_mac_a_in_bind_reg[19]_srl12___gen_mac_a_in_bind_r_10/CLK



