

================================================================
== Vitis HLS Report for 'vpu_r0_0_Pipeline_l_S_m_0_m'
================================================================
* Date:           Sun Sep 13 00:42:59 2026

* Version:        2023.2 (Build 4023990 on Oct 11 2023)
* Project:        prj
* Solution:       sol (Vivado IP Flow Target)
* Product family: virtexuplusHBM
* Target device:  xcu280-fsvh2892-2L-e


================================================================
== Performance Estimates
================================================================
+ Timing: 
    * Summary: 
    +--------+---------+----------+------------+
    |  Clock |  Target | Estimated| Uncertainty|
    +--------+---------+----------+------------+
    |ap_clk  |  3.33 ns|  2.362 ns|     0.90 ns|
    +--------+---------+----------+------------+

+ Latency: 
    * Summary: 
    +---------+---------+----------+----------+-----+-----+---------+
    |  Latency (cycles) |  Latency (absolute) |  Interval | Pipeline|
    |   min   |   max   |    min   |    max   | min | max |   Type  |
    +---------+---------+----------+----------+-----+-----+---------+
    |      260|      260|  0.866 us|  0.866 us|  260|  260|       no|
    +---------+---------+----------+----------+-----+-----+---------+

    + Detail: 
        * Instance: 
        N/A

        * Loop: 
        +---------------+---------+---------+----------+-----------+-----------+------+----------+
        |               |  Latency (cycles) | Iteration|  Initiation Interval  | Trip |          |
        |   Loop Name   |   min   |   max   |  Latency |  achieved |   target  | Count| Pipelined|
        +---------------+---------+---------+----------+-----------+-----------+------+----------+
        |- l_S__m_0__m  |      258|      258|         4|          1|          1|   256|       yes|
        +---------------+---------+---------+----------+-----------+-----------+------+----------+



================================================================
== Utilization Estimates
================================================================
* Summary: 
+---------------------+---------+------+---------+---------+-----+
|         Name        | BRAM_18K|  DSP |    FF   |   LUT   | URAM|
+---------------------+---------+------+---------+---------+-----+
|DSP                  |        -|     -|        -|        -|    -|
|Expression           |        -|     -|        0|      238|    -|
|FIFO                 |        -|     -|        -|        -|    -|
|Instance             |        -|     -|        -|        -|    -|
|Memory               |        -|     -|        -|        -|    -|
|Multiplexer          |        -|     -|        -|       54|    -|
|Register             |        -|     -|       80|        -|    -|
+---------------------+---------+------+---------+---------+-----+
|Total                |        0|     0|       80|      292|    0|
+---------------------+---------+------+---------+---------+-----+
|Available SLR        |     1344|  3008|   869120|   434560|  320|
+---------------------+---------+------+---------+---------+-----+
|Utilization SLR (%)  |        0|     0|       ~0|       ~0|    0|
+---------------------+---------+------+---------+---------+-----+
|Available            |     4032|  9024|  2607360|  1303680|  960|
+---------------------+---------+------+---------+---------+-----+
|Utilization (%)      |        0|     0|       ~0|       ~0|    0|
+---------------------+---------+------+---------+---------+-----+

+ Detail: 
    * Instance: 
    N/A

    * DSP: 
    N/A

    * Memory: 
    N/A

    * FIFO: 
    N/A

    * Expression: 
    +---------------------------+----------+----+---+----+------------+------------+
    |       Variable Name       | Operation| DSP| FF| LUT| Bitwidth P0| Bitwidth P1|
    +---------------------------+----------+----+---+----+------------+------------+
    |p_m_2_fu_99_p2             |         +|   0|  0|  16|           9|           1|
    |v16_fu_110_p2              |         +|   0|  0|  39|          32|          32|
    |icmp_ln30_fu_93_p2         |      icmp|   0|  0|  17|           9|          10|
    |v24_fu_157_p2              |      icmp|   0|  0|  32|          25|           1|
    |v22_fu_138_p2              |      lshr|   0|  0|  92|          32|          32|
    |ap_block_pp0_stage0_01001  |        or|   0|  0|   2|           1|           1|
    |acc_2_fu_162_p3            |    select|   0|  0|   7|           1|           2|
    |acc_fu_126_p3              |    select|   0|  0|  31|           1|           1|
    |ap_enable_pp0              |       xor|   0|  0|   2|           1|           2|
    +---------------------------+----------+----+---+----+------------+------------+
    |Total                      |          |   0|  0| 238|         111|          82|
    +---------------------------+----------+----+---+----+------------+------------+

    * Multiplexer: 
    +-------------------------+----+-----------+-----+-----------+
    |           Name          | LUT| Input Size| Bits| Total Bits|
    +-------------------------+----+-----------+-----+-----------+
    |ap_done_int              |   9|          2|    1|          2|
    |ap_enable_reg_pp0_iter1  |   9|          2|    1|          2|
    |ap_sig_allocacmp_p_m_1   |   9|          2|    9|         18|
    |p_m_fu_56                |   9|          2|    9|         18|
    |v1_blk_n                 |   9|          2|    1|          2|
    |v2_blk_n                 |   9|          2|    1|          2|
    +-------------------------+----+-----------+-----+-----------+
    |Total                    |  54|         12|   22|         44|
    +-------------------------+----+-----------+-----+-----------+

    * Register: 
    +----------------------------------+----+----+-----+-----------+
    |               Name               | FF | LUT| Bits| Const Bits|
    +----------------------------------+----+----+-----+-----------+
    |ap_CS_fsm                         |   1|   0|    1|          0|
    |ap_done_reg                       |   1|   0|    1|          0|
    |ap_enable_reg_pp0_iter1           |   1|   0|    1|          0|
    |ap_enable_reg_pp0_iter2           |   1|   0|    1|          0|
    |ap_enable_reg_pp0_iter3           |   1|   0|    1|          0|
    |ap_loop_exit_ready_pp0_iter1_reg  |   1|   0|    1|          0|
    |ap_loop_exit_ready_pp0_iter2_reg  |   1|   0|    1|          0|
    |p_m_fu_56                         |   9|   0|    9|          0|
    |tmp_reg_205                       |  25|   0|   25|          0|
    |trunc_ln49_reg_200                |   7|   0|    7|          0|
    |v9_reg_195                        |  32|   0|   32|          0|
    +----------------------------------+----+----+-----+-----------+
    |Total                             |  80|   0|   80|          0|
    +----------------------------------+----+----+-----+-----------+



================================================================
== Interface
================================================================
* Summary: 
+-------------+-----+-----+------------+-------------------------------+--------------+
|  RTL Ports  | Dir | Bits|  Protocol  |         Source Object         |    C Type    |
+-------------+-----+-----+------------+-------------------------------+--------------+
|ap_clk       |   in|    1|  ap_ctrl_hs|  vpu_r0_0_Pipeline_l_S__m_0__m|  return value|
|ap_rst       |   in|    1|  ap_ctrl_hs|  vpu_r0_0_Pipeline_l_S__m_0__m|  return value|
|ap_start     |   in|    1|  ap_ctrl_hs|  vpu_r0_0_Pipeline_l_S__m_0__m|  return value|
|ap_done      |  out|    1|  ap_ctrl_hs|  vpu_r0_0_Pipeline_l_S__m_0__m|  return value|
|ap_idle      |  out|    1|  ap_ctrl_hs|  vpu_r0_0_Pipeline_l_S__m_0__m|  return value|
|ap_ready     |  out|    1|  ap_ctrl_hs|  vpu_r0_0_Pipeline_l_S__m_0__m|  return value|
|v1_dout      |   in|   32|     ap_fifo|                             v1|       pointer|
|v1_empty_n   |   in|    1|     ap_fifo|                             v1|       pointer|
|v1_read      |  out|    1|     ap_fifo|                             v1|       pointer|
|v2_din       |  out|   32|     ap_fifo|                             v2|       pointer|
|v2_full_n    |   in|    1|     ap_fifo|                             v2|       pointer|
|v2_write     |  out|    1|     ap_fifo|                             v2|       pointer|
|bias_reload  |   in|   32|     ap_none|                    bias_reload|        scalar|
|sh_reload    |   in|   32|     ap_none|                      sh_reload|        scalar|
+-------------+-----+-----+------------+-------------------------------+--------------+

