Copyright 1986-2022 Xilinx, Inc. All Rights Reserved. Copyright 2022-2023 Advanced Micro Devices, Inc. All Rights Reserved.
--------------------------------------------------------------------------------------------------------------------------------------------------
| Tool Version      : Vivado v.2023.2 (lin64) Build 4029153 Fri Oct 13 20:13:54 MDT 2023
| Date              : Sun Sep 13 18:10:36 2026
| Host              : brg-zhang-xcel.ece.cornell.edu running 64-bit Red Hat Enterprise Linux 9.8 (Plow)
| Command           : report_timing_summary -file timing.rpt
| Design            : spmw_harness
| Device            : xcu280-fsvh2892
| Speed File        : -2L  PRODUCTION 1.30 05-01-2022
| Design State      : Routed
| Temperature Grade : E
--------------------------------------------------------------------------------------------------------------------------------------------------

Timing Summary Report

------------------------------------------------------------------------------------------------
| Timer Settings
| --------------
------------------------------------------------------------------------------------------------

  Enable Multi Corner Analysis               :  Yes
  Enable Pessimism Removal                   :  Yes
  Pessimism Removal Resolution               :  Nearest Common Node
  Enable Input Delay Default Clock           :  No
  Enable Preset / Clear Arcs                 :  No
  Disable Flight Delays                      :  No
  Ignore I/O Paths                           :  No
  Timing Early Launch at Borrowing Latches   :  No
  Borrow Time for Max Delay Exceptions       :  Yes
  Merge Timing Exceptions                    :  Yes
  Inter-SLR Compensation                     :  Conservative

  Corner  Analyze    Analyze    
  Name    Max Paths  Min Paths  
  ------  ---------  ---------  
  Slow    Yes        Yes        
  Fast    Yes        Yes        


------------------------------------------------------------------------------------------------
| Report Methodology
| ------------------
------------------------------------------------------------------------------------------------

No report available as report_methodology has not been run prior. Run report_methodology on the current design for the summary of methodology violations.



check_timing report

Table of Contents
-----------------
1. checking no_clock (0)
2. checking constant_clock (0)
3. checking pulse_width_clock (0)
4. checking unconstrained_internal_endpoints (0)
5. checking no_input_delay (2)
6. checking no_output_delay (7)
7. checking multiple_clock (0)
8. checking generated_clocks (0)
9. checking loops (0)
10. checking partial_input_delay (0)
11. checking partial_output_delay (0)
12. checking latch_loops (0)

1. checking no_clock (0)
------------------------
 There are 0 register/latch pins with no clock.


2. checking constant_clock (0)
------------------------------
 There are 0 register/latch pins with constant_clock.


3. checking pulse_width_clock (0)
---------------------------------
 There are 0 register/latch pins which need pulse_width check


4. checking unconstrained_internal_endpoints (0)
------------------------------------------------
 There are 0 pins that are not constrained for maximum delay.

 There are 0 pins that are not constrained for maximum delay due to constant clock.


5. checking no_input_delay (2)
------------------------------
 There are 2 input ports with no input delay specified. (HIGH)

 There are 0 input ports with no input delay but user has a false path constraint.


6. checking no_output_delay (7)
-------------------------------
 There are 7 ports with no output delay specified. (HIGH)

 There are 0 ports with no output delay but user has a false path constraint

 There are 0 ports with no output delay but with a timing clock defined on it or propagating through it


7. checking multiple_clock (0)
------------------------------
 There are 0 register/latch pins with multiple clocks.


8. checking generated_clocks (0)
--------------------------------
 There are 0 generated clocks that are not connected to a clock source.


9. checking loops (0)
---------------------
 There are 0 combinational loops in the design.


10. checking partial_input_delay (0)
------------------------------------
 There are 0 input ports with partial input delay specified.


11. checking partial_output_delay (0)
-------------------------------------
 There are 0 ports with partial output delay specified.


12. checking latch_loops (0)
----------------------------
 There are 0 combinational latch loops in the design through latch input



------------------------------------------------------------------------------------------------
| Design Timing Summary
| ---------------------
------------------------------------------------------------------------------------------------

    WNS(ns)      TNS(ns)  TNS Failing Endpoints  TNS Total Endpoints      WHS(ns)      THS(ns)  THS Failing Endpoints  THS Total Endpoints     WPWS(ns)     TPWS(ns)  TPWS Failing Endpoints  TPWS Total Endpoints  
    -------      -------  ---------------------  -------------------      -------      -------  ---------------------  -------------------     --------     --------  ----------------------  --------------------  
      0.210        0.000                      0               359550        0.010        0.000                      0               359550        1.134        0.000                       0                151397  


All user specified timing constraints are met.


------------------------------------------------------------------------------------------------
| Clock Summary
| -------------
------------------------------------------------------------------------------------------------

Clock   Waveform(ns)         Period(ns)      Frequency(MHz)
-----   ------------         ----------      --------------
ap_clk  {0.000 1.666}        3.333           300.030         


------------------------------------------------------------------------------------------------
| Intra Clock Table
| -----------------
------------------------------------------------------------------------------------------------

Clock             WNS(ns)      TNS(ns)  TNS Failing Endpoints  TNS Total Endpoints      WHS(ns)      THS(ns)  THS Failing Endpoints  THS Total Endpoints     WPWS(ns)     TPWS(ns)  TPWS Failing Endpoints  TPWS Total Endpoints  
-----             -------      -------  ---------------------  -------------------      -------      -------  ---------------------  -------------------     --------     --------  ----------------------  --------------------  
ap_clk              0.210        0.000                      0               359550        0.010        0.000                      0               359550        1.134        0.000                       0                151397  


------------------------------------------------------------------------------------------------
| Inter Clock Table
| -----------------
------------------------------------------------------------------------------------------------

From Clock    To Clock          WNS(ns)      TNS(ns)  TNS Failing Endpoints  TNS Total Endpoints      WHS(ns)      THS(ns)  THS Failing Endpoints  THS Total Endpoints  
----------    --------          -------      -------  ---------------------  -------------------      -------      -------  ---------------------  -------------------  


------------------------------------------------------------------------------------------------
| Other Path Groups Table
| -----------------------
------------------------------------------------------------------------------------------------

Path Group    From Clock    To Clock          WNS(ns)      TNS(ns)  TNS Failing Endpoints  TNS Total Endpoints      WHS(ns)      THS(ns)  THS Failing Endpoints  THS Total Endpoints  
----------    ----------    --------          -------      -------  ---------------------  -------------------      -------      -------  ---------------------  -------------------  


------------------------------------------------------------------------------------------------
| Timing Details
| --------------
------------------------------------------------------------------------------------------------


---------------------------------------------------------------------------------------------------
From Clock:  ap_clk
  To Clock:  ap_clk

Setup :            0  Failing Endpoints,  Worst Slack        0.210ns,  Total Violation        0.000ns
Hold  :            0  Failing Endpoints,  Worst Slack        0.010ns,  Total Violation        0.000ns
PW    :            0  Failing Endpoints,  Worst Slack        1.134ns,  Total Violation        0.000ns
---------------------------------------------------------------------------------------------------


Max Delay Paths
--------------------------------------------------------------------------------------
Slack (MET) :             0.210ns  (required time - arrival time)
  Source:                 dut/u_vpu_r0_9/u/grp_vpu_r0_0_Pipeline_VITIS_LOOP_20_1_fu_48/v4_fu_42_reg[8]/C
                            (rising edge-triggered cell FDRE clocked by ap_clk  {rise@0.000ns fall@1.666ns period=3.333ns})
  Destination:            dut/u_vpu_r0_9/u/grp_vpu_r0_0_Pipeline_l_S_m_0_m_fu_55/tmp_reg_205_reg[2]/D
                            (rising edge-triggered cell FDRE clocked by ap_clk  {rise@0.000ns fall@1.666ns period=3.333ns})
  Path Group:             ap_clk
  Path Type:              Setup (Max at Slow Process Corner)
  Requirement:            3.333ns  (ap_clk rise@3.333ns - ap_clk rise@0.000ns)
  Data Path Delay:        2.765ns  (logic 0.811ns (29.333%)  route 1.954ns (70.666%))
  Logic Levels:           7  (CARRY8=3 LUT2=1 LUT3=1 LUT6=2)
  Clock Path Skew:        -0.348ns (DCD - SCD + CPR)
    Destination Clock Delay (DCD):    2.823ns = ( 6.156 - 3.333 ) 
    Source Clock Delay      (SCD):    3.575ns
    Clock Pessimism Removal (CPR):    0.403ns
  Clock Uncertainty:      0.035ns  ((TSJ^2 + TIJ^2)^1/2 + DJ) / 2 + PE
    Total System Jitter     (TSJ):    0.071ns
    Total Input Jitter      (TIJ):    0.000ns
    Discrete Jitter          (DJ):    0.000ns
    Phase Error              (PE):    0.000ns
  Clock Net Delay (Source):      2.588ns (routing 1.169ns, distribution 1.419ns)
  Clock Net Delay (Destination): 2.129ns (routing 1.062ns, distribution 1.067ns)

    Location             Delay type                Incr(ns)  Path(ns)    Netlist Resource(s)
  -------------------------------------------------------------------    -------------------
                         (clock ap_clk rise edge)     0.000     0.000 r  
    BH26                                              0.000     0.000 r  ap_clk (IN)
                         net (fo=0)                   0.000     0.000    ap_clk_IBUF_inst/I
    BH26                 INBUF (Prop_INBUF_HPIOB_M_PAD_O)
                                                      0.636     0.636 r  ap_clk_IBUF_inst/INBUF_INST/O
                         net (fo=1, routed)           0.000     0.636    ap_clk_IBUF_inst/OUT
    BH26                 IBUFCTRL (Prop_IBUFCTRL_HPIOB_M_I_O)
                                                      0.000     0.636 r  ap_clk_IBUF_inst/IBUFCTRL_INST/O
                         net (fo=1, routed)           0.323     0.959    ap_clk_IBUF
    BUFGCE_X0Y72         BUFGCE (Prop_BUFCE_BUFGCE_I_O)
                                                      0.028     0.987 r  ap_clk_IBUF_BUFG_inst/O
    X3Y1 (CLOCK_ROOT)    net (fo=151396, routed)      2.588     3.575    dut/u_vpu_r0_9/u/grp_vpu_r0_0_Pipeline_VITIS_LOOP_20_1_fu_48/ap_clk_IBUF_BUFG
    SLICE_X178Y53        FDRE                                         r  dut/u_vpu_r0_9/u/grp_vpu_r0_0_Pipeline_VITIS_LOOP_20_1_fu_48/v4_fu_42_reg[8]/C
  -------------------------------------------------------------------    -------------------
    SLICE_X178Y53        FDRE (Prop_CFF2_SLICEL_C_Q)
                                                      0.080     3.655 r  dut/u_vpu_r0_9/u/grp_vpu_r0_0_Pipeline_VITIS_LOOP_20_1_fu_48/v4_fu_42_reg[8]/Q
                         net (fo=1, routed)           0.260     3.915    dut/u_vpu_r0_9/u/grp_vpu_r0_0_Pipeline_l_S_m_0_m_fu_55/v16_fu_110_p2_carry__2_0[8]
    SLICE_X179Y53        LUT2 (Prop_A6LUT_SLICEM_I1_O)
                                                      0.100     4.015 r  dut/u_vpu_r0_9/u/grp_vpu_r0_0_Pipeline_l_S_m_0_m_fu_55/v16_fu_110_p2_carry__0_i_8__4/O
                         net (fo=1, routed)           0.013     4.028    dut/u_vpu_r0_9/u/grp_vpu_r0_0_Pipeline_l_S_m_0_m_fu_55/v16_fu_110_p2_carry__0_i_8__4_n_0
    SLICE_X179Y53        CARRY8 (Prop_CARRY8_SLICEM_S[0]_CO[7])
                                                      0.192     4.220 r  dut/u_vpu_r0_9/u/grp_vpu_r0_0_Pipeline_l_S_m_0_m_fu_55/v16_fu_110_p2_carry__0/CO[7]
                         net (fo=1, routed)           0.026     4.246    dut/u_vpu_r0_9/u/grp_vpu_r0_0_Pipeline_l_S_m_0_m_fu_55/v16_fu_110_p2_carry__0_n_0
    SLICE_X179Y54        CARRY8 (Prop_CARRY8_SLICEM_CI_CO[7])
                                                      0.015     4.261 r  dut/u_vpu_r0_9/u/grp_vpu_r0_0_Pipeline_l_S_m_0_m_fu_55/v16_fu_110_p2_carry__1/CO[7]
                         net (fo=1, routed)           0.026     4.287    dut/u_vpu_r0_9/u/grp_vpu_r0_0_Pipeline_l_S_m_0_m_fu_55/v16_fu_110_p2_carry__1_n_0
    SLICE_X179Y55        CARRY8 (Prop_CARRY8_SLICEM_CI_O[7])
                                                      0.116     4.403 f  dut/u_vpu_r0_9/u/grp_vpu_r0_0_Pipeline_l_S_m_0_m_fu_55/v16_fu_110_p2_carry__2/O[7]
                         net (fo=44, routed)          0.608     5.011    dut/u_vpu_r0_9/u/grp_vpu_r0_0_Pipeline_l_S_m_0_m_fu_55/v9_reg_195_reg[30]_0[8]
    SLICE_X163Y61        LUT6 (Prop_A6LUT_SLICEL_I5_O)
                                                      0.050     5.061 r  dut/u_vpu_r0_9/u/grp_vpu_r0_0_Pipeline_l_S_m_0_m_fu_55/tmp_reg_205[7]_i_3__4/O
                         net (fo=4, routed)           0.395     5.456    dut/u_vpu_r0_9/u/grp_vpu_r0_0_Pipeline_l_S_m_0_m_fu_55/tmp_reg_205[7]_i_3__4_n_0
    SLICE_X158Y69        LUT6 (Prop_F6LUT_SLICEL_I3_O)
                                                      0.148     5.604 r  dut/u_vpu_r0_9/u/grp_vpu_r0_0_Pipeline_l_S_m_0_m_fu_55/tmp_reg_205[3]_i_2__4/O
                         net (fo=2, routed)           0.611     6.215    dut/u_vpu_r0_9/u/grp_vpu_r0_0_Pipeline_l_S_m_0_m_fu_55/tmp_reg_205[3]_i_2__4_n_0
    SLICE_X144Y76        LUT3 (Prop_D5LUT_SLICEL_I0_O)
                                                      0.110     6.325 r  dut/u_vpu_r0_9/u/grp_vpu_r0_0_Pipeline_l_S_m_0_m_fu_55/tmp_reg_205[2]_i_1__4/O
                         net (fo=1, routed)           0.015     6.340    dut/u_vpu_r0_9/u/grp_vpu_r0_0_Pipeline_l_S_m_0_m_fu_55/tmp_reg_205[2]_i_1__4_n_0
    SLICE_X144Y76        FDRE                                         r  dut/u_vpu_r0_9/u/grp_vpu_r0_0_Pipeline_l_S_m_0_m_fu_55/tmp_reg_205_reg[2]/D
  -------------------------------------------------------------------    -------------------

                         (clock ap_clk rise edge)     3.333     3.333 r  
    BH26                                              0.000     3.333 r  ap_clk (IN)
                         net (fo=0)                   0.000     3.333    ap_clk_IBUF_inst/I
    BH26                 INBUF (Prop_INBUF_HPIOB_M_PAD_O)
                                                      0.385     3.718 r  ap_clk_IBUF_inst/INBUF_INST/O
                         net (fo=1, routed)           0.000     3.718    ap_clk_IBUF_inst/OUT
    BH26                 IBUFCTRL (Prop_IBUFCTRL_HPIOB_M_I_O)
                                                      0.000     3.718 r  ap_clk_IBUF_inst/IBUFCTRL_INST/O
                         net (fo=1, routed)           0.286     4.004    ap_clk_IBUF
    BUFGCE_X0Y72         BUFGCE (Prop_BUFCE_BUFGCE_I_O)
                                                      0.024     4.028 r  ap_clk_IBUF_BUFG_inst/O
    X3Y1 (CLOCK_ROOT)    net (fo=151396, routed)      2.129     6.156    dut/u_vpu_r0_9/u/grp_vpu_r0_0_Pipeline_l_S_m_0_m_fu_55/ap_clk_IBUF_BUFG
    SLICE_X144Y76        FDRE                                         r  dut/u_vpu_r0_9/u/grp_vpu_r0_0_Pipeline_l_S_m_0_m_fu_55/tmp_reg_205_reg[2]/C
                         clock pessimism              0.403     6.560    
                         clock uncertainty           -0.035     6.524    
    SLICE_X144Y76        FDRE (Setup_DFF2_SLICEL_C_D)
                                                      0.025     6.549    dut/u_vpu_r0_9/u/grp_vpu_r0_0_Pipeline_l_S_m_0_m_fu_55/tmp_reg_205_reg[2]
  -------------------------------------------------------------------
                         required time                          6.549    
                         arrival time                          -6.340    
  -------------------------------------------------------------------
                         slack                                  0.210    





Min Delay Paths
--------------------------------------------------------------------------------------
Slack (MET) :             0.010ns  (arrival time - required time)
  Source:                 dut/u_mac_r0_10_14/u/grp_mac_r0_0_Pipeline_l_S_r_2_r_fu_124/add_ln91_reg_267_reg[6]/C
                            (rising edge-triggered cell FDRE clocked by ap_clk  {rise@0.000ns fall@1.666ns period=3.333ns})
  Destination:            dut/g_mac_p_out_p_in[190].u/deep.ram/mem_reg_0_3_0_13/RAMD/I
                            (rising edge-triggered cell RAMD32 clocked by ap_clk  {rise@0.000ns fall@1.666ns period=3.333ns})
  Path Group:             ap_clk
  Path Type:              Hold (Min at Slow Process Corner)
  Requirement:            0.000ns  (ap_clk rise@0.000ns - ap_clk rise@0.000ns)
  Data Path Delay:        0.196ns  (logic 0.059ns (30.102%)  route 0.137ns (69.898%))
  Logic Levels:           0  
  Clock Path Skew:        0.110ns (DCD - SCD - CPR)
    Destination Clock Delay (DCD):    3.417ns
    Source Clock Delay      (SCD):    2.842ns
    Clock Pessimism Removal (CPR):    0.464ns
  Clock Net Delay (Source):      2.148ns (routing 1.062ns, distribution 1.086ns)
  Clock Net Delay (Destination): 2.430ns (routing 1.169ns, distribution 1.261ns)

    Location             Delay type                Incr(ns)  Path(ns)    Netlist Resource(s)
  -------------------------------------------------------------------    -------------------
                         (clock ap_clk rise edge)     0.000     0.000 r  
    BH26                                              0.000     0.000 r  ap_clk (IN)
                         net (fo=0)                   0.000     0.000    ap_clk_IBUF_inst/I
    BH26                 INBUF (Prop_INBUF_HPIOB_M_PAD_O)
                                                      0.385     0.385 r  ap_clk_IBUF_inst/INBUF_INST/O
                         net (fo=1, routed)           0.000     0.385    ap_clk_IBUF_inst/OUT
    BH26                 IBUFCTRL (Prop_IBUFCTRL_HPIOB_M_I_O)
                                                      0.000     0.385 r  ap_clk_IBUF_inst/IBUFCTRL_INST/O
                         net (fo=1, routed)           0.286     0.671    ap_clk_IBUF
    BUFGCE_X0Y72         BUFGCE (Prop_BUFCE_BUFGCE_I_O)
                                                      0.024     0.695 r  ap_clk_IBUF_BUFG_inst/O
    X3Y1 (CLOCK_ROOT)    net (fo=151396, routed)      2.148     2.842    dut/u_mac_r0_10_14/u/grp_mac_r0_0_Pipeline_l_S_r_2_r_fu_124/ap_clk_IBUF_BUFG
    SLICE_X136Y45        FDRE                                         r  dut/u_mac_r0_10_14/u/grp_mac_r0_0_Pipeline_l_S_r_2_r_fu_124/add_ln91_reg_267_reg[6]/C
  -------------------------------------------------------------------    -------------------
    SLICE_X136Y45        FDRE (Prop_GFF_SLICEL_C_Q)
                                                      0.059     2.901 r  dut/u_mac_r0_10_14/u/grp_mac_r0_0_Pipeline_l_S_r_2_r_fu_124/add_ln91_reg_267_reg[6]/Q
                         net (fo=1, routed)           0.137     3.038    dut/g_mac_p_out_p_in[190].u/deep.ram/mem_reg_0_3_0_13/DID0
    SLICE_X137Y46        RAMD32                                       r  dut/g_mac_p_out_p_in[190].u/deep.ram/mem_reg_0_3_0_13/RAMD/I
  -------------------------------------------------------------------    -------------------

                         (clock ap_clk rise edge)     0.000     0.000 r  
    BH26                                              0.000     0.000 r  ap_clk (IN)
                         net (fo=0)                   0.000     0.000    ap_clk_IBUF_inst/I
    BH26                 INBUF (Prop_INBUF_HPIOB_M_PAD_O)
                                                      0.636     0.636 r  ap_clk_IBUF_inst/INBUF_INST/O
                         net (fo=1, routed)           0.000     0.636    ap_clk_IBUF_inst/OUT
    BH26                 IBUFCTRL (Prop_IBUFCTRL_HPIOB_M_I_O)
                                                      0.000     0.636 r  ap_clk_IBUF_inst/IBUFCTRL_INST/O
                         net (fo=1, routed)           0.323     0.959    ap_clk_IBUF
    BUFGCE_X0Y72         BUFGCE (Prop_BUFCE_BUFGCE_I_O)
                                                      0.028     0.987 r  ap_clk_IBUF_BUFG_inst/O
    X3Y1 (CLOCK_ROOT)    net (fo=151396, routed)      2.430     3.417    dut/g_mac_p_out_p_in[190].u/deep.ram/mem_reg_0_3_0_13/WCLK
    SLICE_X137Y46        RAMD32                                       r  dut/g_mac_p_out_p_in[190].u/deep.ram/mem_reg_0_3_0_13/RAMD/CLK
                         clock pessimism             -0.464     2.953    
    SLICE_X137Y46        RAMD32 (Hold_D5LUT_SLICEM_CLK_I)
                                                      0.076     3.029    dut/g_mac_p_out_p_in[190].u/deep.ram/mem_reg_0_3_0_13/RAMD
  -------------------------------------------------------------------
                         required time                         -3.029    
                         arrival time                           3.038    
  -------------------------------------------------------------------
                         slack                                  0.010    





Pulse Width Checks
--------------------------------------------------------------------------------------
Clock Name:         ap_clk
Waveform(ns):       { 0.000 1.666 }
Period(ns):         3.333
Sources:            { ap_clk }

Check Type        Corner  Lib Pin     Reference Pin  Required(ns)  Actual(ns)  Slack(ns)  Location        Pin
Min Period        n/a     BUFGCE/I    n/a            1.290         3.333       2.043      BUFGCE_X0Y72    ap_clk_IBUF_BUFG_inst/I
Low Pulse Width   Slow    SRL16E/CLK  n/a            0.532         1.666       1.134      SLICE_X107Y129  gen_mac_a_in_bind[0].lf_mac_a_in_bind_reg[19]_srl12___gen_mac_a_in_bind_r_10/CLK
High Pulse Width  Slow    SRL16E/CLK  n/a            0.532         1.666       1.134      SLICE_X107Y129  gen_mac_a_in_bind[0].lf_mac_a_in_bind_reg[19]_srl12___gen_mac_a_in_bind_r_10/CLK



