Copyright 1986-2022 Xilinx, Inc. All Rights Reserved. Copyright 2022-2023 Advanced Micro Devices, Inc. All Rights Reserved.
--------------------------------------------------------------------------------------------------------------------------------------------------
| Tool Version      : Vivado v.2023.2 (lin64) Build 4029153 Fri Oct 13 20:13:54 MDT 2023
| Date              : Tue Sep 29 02:55:13 2026
| Host              : brg-zhang-xcel.ece.cornell.edu running 64-bit Red Hat Enterprise Linux 9.8 (Plow)
| Command           : report_timing_summary -file timing.rpt
| Design            : spmw_harness
| Device            : xcu280-fsvh2892
| Speed File        : -2L  PRODUCTION 1.30 05-01-2022
| Design State      : Routed
| Temperature Grade : E
--------------------------------------------------------------------------------------------------------------------------------------------------

Timing Summary Report

------------------------------------------------------------------------------------------------
| Timer Settings
| --------------
------------------------------------------------------------------------------------------------

  Enable Multi Corner Analysis               :  Yes
  Enable Pessimism Removal                   :  Yes
  Pessimism Removal Resolution               :  Nearest Common Node
  Enable Input Delay Default Clock           :  No
  Enable Preset / Clear Arcs                 :  No
  Disable Flight Delays                      :  No
  Ignore I/O Paths                           :  No
  Timing Early Launch at Borrowing Latches   :  No
  Borrow Time for Max Delay Exceptions       :  Yes
  Merge Timing Exceptions                    :  Yes
  Inter-SLR Compensation                     :  Conservative

  Corner  Analyze    Analyze    
  Name    Max Paths  Min Paths  
  ------  ---------  ---------  
  Slow    Yes        Yes        
  Fast    Yes        Yes        


------------------------------------------------------------------------------------------------
| Report Methodology
| ------------------
------------------------------------------------------------------------------------------------

No report available as report_methodology has not been run prior. Run report_methodology on the current design for the summary of methodology violations.



check_timing report

Table of Contents
-----------------
1. checking no_clock (0)
2. checking constant_clock (0)
3. checking pulse_width_clock (0)
4. checking unconstrained_internal_endpoints (0)
5. checking no_input_delay (2)
6. checking no_output_delay (32)
7. checking multiple_clock (0)
8. checking generated_clocks (0)
9. checking loops (0)
10. checking partial_input_delay (0)
11. checking partial_output_delay (0)
12. checking latch_loops (0)

1. checking no_clock (0)
------------------------
 There are 0 register/latch pins with no clock.


2. checking constant_clock (0)
------------------------------
 There are 0 register/latch pins with constant_clock.


3. checking pulse_width_clock (0)
---------------------------------
 There are 0 register/latch pins which need pulse_width check


4. checking unconstrained_internal_endpoints (0)
------------------------------------------------
 There are 0 pins that are not constrained for maximum delay.

 There are 0 pins that are not constrained for maximum delay due to constant clock.


5. checking no_input_delay (2)
------------------------------
 There are 2 input ports with no input delay specified. (HIGH)

 There are 0 input ports with no input delay but user has a false path constraint.


6. checking no_output_delay (32)
--------------------------------
 There are 32 ports with no output delay specified. (HIGH)

 There are 0 ports with no output delay but user has a false path constraint

 There are 0 ports with no output delay but with a timing clock defined on it or propagating through it


7. checking multiple_clock (0)
------------------------------
 There are 0 register/latch pins with multiple clocks.


8. checking generated_clocks (0)
--------------------------------
 There are 0 generated clocks that are not connected to a clock source.


9. checking loops (0)
---------------------
 There are 0 combinational loops in the design.


10. checking partial_input_delay (0)
------------------------------------
 There are 0 input ports with partial input delay specified.


11. checking partial_output_delay (0)
-------------------------------------
 There are 0 ports with partial output delay specified.


12. checking latch_loops (0)
----------------------------
 There are 0 combinational latch loops in the design through latch input



------------------------------------------------------------------------------------------------
| Design Timing Summary
| ---------------------
------------------------------------------------------------------------------------------------

    WNS(ns)      TNS(ns)  TNS Failing Endpoints  TNS Total Endpoints      WHS(ns)      THS(ns)  THS Failing Endpoints  THS Total Endpoints     WPWS(ns)     TPWS(ns)  TPWS Failing Endpoints  TPWS Total Endpoints  
    -------      -------  ---------------------  -------------------      -------      -------  ---------------------  -------------------     --------     --------  ----------------------  --------------------  
      0.318        0.000                      0                69459        0.009        0.000                      0                69459        1.134        0.000                       0                 33131  


All user specified timing constraints are met.


------------------------------------------------------------------------------------------------
| Clock Summary
| -------------
------------------------------------------------------------------------------------------------

Clock   Waveform(ns)         Period(ns)      Frequency(MHz)
-----   ------------         ----------      --------------
ap_clk  {0.000 1.666}        3.333           300.030         


------------------------------------------------------------------------------------------------
| Intra Clock Table
| -----------------
------------------------------------------------------------------------------------------------

Clock             WNS(ns)      TNS(ns)  TNS Failing Endpoints  TNS Total Endpoints      WHS(ns)      THS(ns)  THS Failing Endpoints  THS Total Endpoints     WPWS(ns)     TPWS(ns)  TPWS Failing Endpoints  TPWS Total Endpoints  
-----             -------      -------  ---------------------  -------------------      -------      -------  ---------------------  -------------------     --------     --------  ----------------------  --------------------  
ap_clk              0.318        0.000                      0                69459        0.009        0.000                      0                69459        1.134        0.000                       0                 33131  


------------------------------------------------------------------------------------------------
| Inter Clock Table
| -----------------
------------------------------------------------------------------------------------------------

From Clock    To Clock          WNS(ns)      TNS(ns)  TNS Failing Endpoints  TNS Total Endpoints      WHS(ns)      THS(ns)  THS Failing Endpoints  THS Total Endpoints  
----------    --------          -------      -------  ---------------------  -------------------      -------      -------  ---------------------  -------------------  


------------------------------------------------------------------------------------------------
| Other Path Groups Table
| -----------------------
------------------------------------------------------------------------------------------------

Path Group    From Clock    To Clock          WNS(ns)      TNS(ns)  TNS Failing Endpoints  TNS Total Endpoints      WHS(ns)      THS(ns)  THS Failing Endpoints  THS Total Endpoints  
----------    ----------    --------          -------      -------  ---------------------  -------------------      -------      -------  ---------------------  -------------------  


------------------------------------------------------------------------------------------------
| Timing Details
| --------------
------------------------------------------------------------------------------------------------


---------------------------------------------------------------------------------------------------
From Clock:  ap_clk
  To Clock:  ap_clk

Setup :            0  Failing Endpoints,  Worst Slack        0.318ns,  Total Violation        0.000ns
Hold  :            0  Failing Endpoints,  Worst Slack        0.009ns,  Total Violation        0.000ns
PW    :            0  Failing Endpoints,  Worst Slack        1.134ns,  Total Violation        0.000ns
---------------------------------------------------------------------------------------------------


Max Delay Paths
--------------------------------------------------------------------------------------
Slack (MET) :             0.318ns  (required time - arrival time)
  Source:                 dut/g_pe_a_out_a_in[229].u/bare.q0_reg[5]/C
                            (rising edge-triggered cell FDRE clocked by ap_clk  {rise@0.000ns fall@1.666ns period=3.333ns})
  Destination:            dut/g_pe_p_out_p_in[245].u/bare.q0_reg[31]/D
                            (rising edge-triggered cell FDRE clocked by ap_clk  {rise@0.000ns fall@1.666ns period=3.333ns})
  Path Group:             ap_clk
  Path Type:              Setup (Max at Slow Process Corner)
  Requirement:            3.333ns  (ap_clk rise@3.333ns - ap_clk rise@0.000ns)
  Data Path Delay:        2.819ns  (logic 1.284ns (45.555%)  route 1.535ns (54.445%))
  Logic Levels:           10  (CARRY8=6 LUT2=2 LUT5=1 LUT6=1)
  Clock Path Skew:        -0.186ns (DCD - SCD + CPR)
    Destination Clock Delay (DCD):    2.665ns = ( 5.998 - 3.333 ) 
    Source Clock Delay      (SCD):    3.302ns
    Clock Pessimism Removal (CPR):    0.451ns
  Clock Uncertainty:      0.035ns  ((TSJ^2 + TIJ^2)^1/2 + DJ) / 2 + PE
    Total System Jitter     (TSJ):    0.071ns
    Total Input Jitter      (TIJ):    0.000ns
    Discrete Jitter          (DJ):    0.000ns
    Phase Error              (PE):    0.000ns
  Clock Net Delay (Source):      2.315ns (routing 1.169ns, distribution 1.146ns)
  Clock Net Delay (Destination): 1.971ns (routing 1.062ns, distribution 0.909ns)

    Location             Delay type                Incr(ns)  Path(ns)    Netlist Resource(s)
  -------------------------------------------------------------------    -------------------
                         (clock ap_clk rise edge)     0.000     0.000 r  
    BH26                                              0.000     0.000 r  ap_clk (IN)
                         net (fo=0)                   0.000     0.000    ap_clk_IBUF_inst/I
    BH26                 INBUF (Prop_INBUF_HPIOB_M_PAD_O)
                                                      0.636     0.636 r  ap_clk_IBUF_inst/INBUF_INST/O
                         net (fo=1, routed)           0.000     0.636    ap_clk_IBUF_inst/OUT
    BH26                 IBUFCTRL (Prop_IBUFCTRL_HPIOB_M_I_O)
                                                      0.000     0.636 r  ap_clk_IBUF_inst/IBUFCTRL_INST/O
                         net (fo=1, routed)           0.323     0.959    ap_clk_IBUF
    BUFGCE_X0Y72         BUFGCE (Prop_BUFCE_BUFGCE_I_O)
                                                      0.028     0.987 r  ap_clk_IBUF_BUFG_inst/O
    X3Y1 (CLOCK_ROOT)    net (fo=33130, routed)       2.315     3.302    dut/g_pe_a_out_a_in[229].u/ap_clk_IBUF_BUFG
    SLICE_X117Y100       FDRE                                         r  dut/g_pe_a_out_a_in[229].u/bare.q0_reg[5]/C
  -------------------------------------------------------------------    -------------------
    SLICE_X117Y100       FDRE (Prop_GFF2_SLICEL_C_Q)
                                                      0.081     3.383 f  dut/g_pe_a_out_a_in[229].u/bare.q0_reg[5]/Q
                         net (fo=20, routed)          0.740     4.123    dut/g_pe_a_out_a_in[229].u/Q[5]
    SLICE_X116Y97        LUT2 (Prop_A6LUT_SLICEL_I0_O)
                                                      0.149     4.272 r  dut/g_pe_a_out_a_in[229].u/tmp_product__0_carry_i_16__9/O
                         net (fo=1, routed)           0.114     4.386    dut/u_pe_r0_14_5/u/mul_8s_8s_16_1_1_U1/tmp_product__0_carry_3
    SLICE_X115Y97        LUT6 (Prop_H6LUT_SLICEM_I3_O)
                                                      0.152     4.538 r  dut/u_pe_r0_14_5/u/mul_8s_8s_16_1_1_U1/tmp_product__0_carry_i_8__25/O
                         net (fo=1, routed)           0.015     4.553    dut/u_pe_r0_14_5/u/mul_8s_8s_16_1_1_U1/tmp_product__0_carry_i_8__25_n_0
    SLICE_X115Y97        CARRY8 (Prop_CARRY8_SLICEM_S[7]_CO[7])
                                                      0.117     4.670 r  dut/u_pe_r0_14_5/u/mul_8s_8s_16_1_1_U1/tmp_product__0_carry/CO[7]
                         net (fo=1, routed)           0.026     4.696    dut/u_pe_r0_14_5/u/mul_8s_8s_16_1_1_U1/tmp_product__0_carry_n_0
    SLICE_X115Y98        CARRY8 (Prop_CARRY8_SLICEM_CI_CO[2])
                                                      0.057     4.753 r  dut/u_pe_r0_14_5/u/mul_8s_8s_16_1_1_U1/tmp_product__0_carry__0/CO[2]
                         net (fo=3, routed)           0.355     5.108    dut/u_pe_r0_14_5/u/mul_8s_8s_16_1_1_U1/tmp_product__0_carry__0_n_5
    SLICE_X114Y97        LUT5 (Prop_H6LUT_SLICEM_I0_O)
                                                      0.125     5.233 r  dut/u_pe_r0_14_5/u/mul_8s_8s_16_1_1_U1/tmp_product__85_carry_i_9__9/O
                         net (fo=1, routed)           0.015     5.248    dut/u_pe_r0_14_5/u/mul_8s_8s_16_1_1_U1/tmp_product__85_carry_i_9__9_n_0
    SLICE_X114Y97        CARRY8 (Prop_CARRY8_SLICEM_S[7]_CO[7])
                                                      0.117     5.365 r  dut/u_pe_r0_14_5/u/mul_8s_8s_16_1_1_U1/tmp_product__85_carry/CO[7]
                         net (fo=1, routed)           0.026     5.391    dut/u_pe_r0_14_5/u/mul_8s_8s_16_1_1_U1/tmp_product__85_carry_n_0
    SLICE_X114Y98        CARRY8 (Prop_CARRY8_SLICEM_CI_O[3])
                                                      0.082     5.473 r  dut/u_pe_r0_14_5/u/mul_8s_8s_16_1_1_U1/tmp_product__85_carry__0/O[3]
                         net (fo=4, routed)           0.182     5.655    dut/u_pe_r0_14_5/u/mul_8s_8s_16_1_1_U1/O[0]
    SLICE_X113Y99        LUT2 (Prop_A6LUT_SLICEL_I0_O)
                                                      0.098     5.753 r  dut/u_pe_r0_14_5/u/mul_8s_8s_16_1_1_U1/v3_din_carry__1_i_9__9/O
                         net (fo=1, routed)           0.009     5.762    dut/u_pe_r0_14_5/u/mul_8s_8s_16_1_1_U1_n_15
    SLICE_X113Y99        CARRY8 (Prop_CARRY8_SLICEL_S[0]_CO[7])
                                                      0.190     5.952 r  dut/u_pe_r0_14_5/u/v3_din_carry__1/CO[7]
                         net (fo=1, routed)           0.026     5.978    dut/u_pe_r0_14_5/u/v3_din_carry__1_n_0
    SLICE_X113Y100       CARRY8 (Prop_CARRY8_SLICEL_CI_O[7])
                                                      0.116     6.094 r  dut/u_pe_r0_14_5/u/v3_din_carry__2/O[7]
                         net (fo=1, routed)           0.026     6.120    dut/g_pe_p_out_p_in[245].u/D[31]
    SLICE_X113Y100       FDRE                                         r  dut/g_pe_p_out_p_in[245].u/bare.q0_reg[31]/D
  -------------------------------------------------------------------    -------------------

                         (clock ap_clk rise edge)     3.333     3.333 r  
    BH26                                              0.000     3.333 r  ap_clk (IN)
                         net (fo=0)                   0.000     3.333    ap_clk_IBUF_inst/I
    BH26                 INBUF (Prop_INBUF_HPIOB_M_PAD_O)
                                                      0.385     3.718 r  ap_clk_IBUF_inst/INBUF_INST/O
                         net (fo=1, routed)           0.000     3.718    ap_clk_IBUF_inst/OUT
    BH26                 IBUFCTRL (Prop_IBUFCTRL_HPIOB_M_I_O)
                                                      0.000     3.718 r  ap_clk_IBUF_inst/IBUFCTRL_INST/O
                         net (fo=1, routed)           0.286     4.004    ap_clk_IBUF
    BUFGCE_X0Y72         BUFGCE (Prop_BUFCE_BUFGCE_I_O)
                                                      0.024     4.028 r  ap_clk_IBUF_BUFG_inst/O
    X3Y1 (CLOCK_ROOT)    net (fo=33130, routed)       1.971     5.998    dut/g_pe_p_out_p_in[245].u/ap_clk_IBUF_BUFG
    SLICE_X113Y100       FDRE                                         r  dut/g_pe_p_out_p_in[245].u/bare.q0_reg[31]/C
                         clock pessimism              0.451     6.449    
                         clock uncertainty           -0.035     6.414    
    SLICE_X113Y100       FDRE (Setup_HFF_SLICEL_C_D)
                                                      0.025     6.439    dut/g_pe_p_out_p_in[245].u/bare.q0_reg[31]
  -------------------------------------------------------------------
                         required time                          6.439    
                         arrival time                          -6.120    
  -------------------------------------------------------------------
                         slack                                  0.318    





Min Delay Paths
--------------------------------------------------------------------------------------
Slack (MET) :             0.009ns  (arrival time - required time)
  Source:                 dut/g_pe_p_out_p_in[221].u/bare.q0_reg[9]/C
                            (rising edge-triggered cell FDRE clocked by ap_clk  {rise@0.000ns fall@1.666ns period=3.333ns})
  Destination:            dut/g_pe_p_out_p_in[237].u/bare.q0_reg[10]/D
                            (rising edge-triggered cell FDRE clocked by ap_clk  {rise@0.000ns fall@1.666ns period=3.333ns})
  Path Group:             ap_clk
  Path Type:              Hold (Min at Slow Process Corner)
  Requirement:            0.000ns  (ap_clk rise@0.000ns - ap_clk rise@0.000ns)
  Data Path Delay:        0.282ns  (logic 0.106ns (37.618%)  route 0.176ns (62.382%))
  Logic Levels:           1  (CARRY8=1)
  Clock Path Skew:        0.212ns (DCD - SCD - CPR)
    Destination Clock Delay (DCD):    3.323ns
    Source Clock Delay      (SCD):    2.711ns
    Clock Pessimism Removal (CPR):    0.399ns
  Clock Net Delay (Source):      2.017ns (routing 1.062ns, distribution 0.955ns)
  Clock Net Delay (Destination): 2.336ns (routing 1.169ns, distribution 1.167ns)

    Location             Delay type                Incr(ns)  Path(ns)    Netlist Resource(s)
  -------------------------------------------------------------------    -------------------
                         (clock ap_clk rise edge)     0.000     0.000 r  
    BH26                                              0.000     0.000 r  ap_clk (IN)
                         net (fo=0)                   0.000     0.000    ap_clk_IBUF_inst/I
    BH26                 INBUF (Prop_INBUF_HPIOB_M_PAD_O)
                                                      0.385     0.385 r  ap_clk_IBUF_inst/INBUF_INST/O
                         net (fo=1, routed)           0.000     0.385    ap_clk_IBUF_inst/OUT
    BH26                 IBUFCTRL (Prop_IBUFCTRL_HPIOB_M_I_O)
                                                      0.000     0.385 r  ap_clk_IBUF_inst/IBUFCTRL_INST/O
                         net (fo=1, routed)           0.286     0.671    ap_clk_IBUF
    BUFGCE_X0Y72         BUFGCE (Prop_BUFCE_BUFGCE_I_O)
                                                      0.024     0.695 r  ap_clk_IBUF_BUFG_inst/O
    X3Y1 (CLOCK_ROOT)    net (fo=33130, routed)       2.017     2.711    dut/g_pe_p_out_p_in[221].u/ap_clk_IBUF_BUFG
    SLICE_X84Y118        FDRE                                         r  dut/g_pe_p_out_p_in[221].u/bare.q0_reg[9]/C
  -------------------------------------------------------------------    -------------------
    SLICE_X84Y118        FDRE (Prop_BFF_SLICEL_C_Q)
                                                      0.059     2.770 r  dut/g_pe_p_out_p_in[221].u/bare.q0_reg[9]/Q
                         net (fo=2, routed)           0.166     2.936    dut/u_pe_r0_13_13/u/Q[9]
    SLICE_X84Y128        CARRY8 (Prop_CARRY8_SLICEL_DI[1]_O[2])
                                                      0.047     2.983 r  dut/u_pe_r0_13_13/u/v3_din_carry__0/O[2]
                         net (fo=1, routed)           0.010     2.993    dut/g_pe_p_out_p_in[237].u/D[10]
    SLICE_X84Y128        FDRE                                         r  dut/g_pe_p_out_p_in[237].u/bare.q0_reg[10]/D
  -------------------------------------------------------------------    -------------------

                         (clock ap_clk rise edge)     0.000     0.000 r  
    BH26                                              0.000     0.000 r  ap_clk (IN)
                         net (fo=0)                   0.000     0.000    ap_clk_IBUF_inst/I
    BH26                 INBUF (Prop_INBUF_HPIOB_M_PAD_O)
                                                      0.636     0.636 r  ap_clk_IBUF_inst/INBUF_INST/O
                         net (fo=1, routed)           0.000     0.636    ap_clk_IBUF_inst/OUT
    BH26                 IBUFCTRL (Prop_IBUFCTRL_HPIOB_M_I_O)
                                                      0.000     0.636 r  ap_clk_IBUF_inst/IBUFCTRL_INST/O
                         net (fo=1, routed)           0.323     0.959    ap_clk_IBUF
    BUFGCE_X0Y72         BUFGCE (Prop_BUFCE_BUFGCE_I_O)
                                                      0.028     0.987 r  ap_clk_IBUF_BUFG_inst/O
    X3Y1 (CLOCK_ROOT)    net (fo=33130, routed)       2.336     3.323    dut/g_pe_p_out_p_in[237].u/ap_clk_IBUF_BUFG
    SLICE_X84Y128        FDRE                                         r  dut/g_pe_p_out_p_in[237].u/bare.q0_reg[10]/C
                         clock pessimism             -0.399     2.924    
    SLICE_X84Y128        FDRE (Hold_CFF_SLICEL_C_D)
                                                      0.060     2.984    dut/g_pe_p_out_p_in[237].u/bare.q0_reg[10]
  -------------------------------------------------------------------
                         required time                         -2.984    
                         arrival time                           2.993    
  -------------------------------------------------------------------
                         slack                                  0.009    





Pulse Width Checks
--------------------------------------------------------------------------------------
Clock Name:         ap_clk
Waveform(ns):       { 0.000 1.666 }
Period(ns):         3.333
Sources:            { ap_clk }

Check Type        Corner  Lib Pin     Reference Pin  Required(ns)  Actual(ns)  Slack(ns)  Location        Pin
Min Period        n/a     BUFGCE/I    n/a            1.290         3.333       2.043      BUFGCE_X0Y72    ap_clk_IBUF_BUFG_inst/I
Low Pulse Width   Slow    SRL16E/CLK  n/a            0.532         1.666       1.134      SLICE_X128Y147  gen_lanesw_k448n8_b_mem[0].lf_lanesw_k448n8_b_mem_reg[19]_srl15___gen_lanesw_k448n8_b_mem_r_13/CLK
High Pulse Width  Slow    SRL16E/CLK  n/a            0.532         1.666       1.134      SLICE_X128Y147  gen_lanesw_k448n8_b_mem[0].lf_lanesw_k448n8_b_mem_reg[19]_srl15___gen_lanesw_k448n8_b_mem_r_13/CLK



