

================================================================
== Vitis HLS Report for 'blk4_r0_0_Pipeline_l_S_k_0_k'
================================================================
* Date:           Wed Sep 23 05:14:05 2026

* Version:        2023.2 (Build 4023990 on Oct 11 2023)
* Project:        prj
* Solution:       sol (Vivado IP Flow Target)
* Product family: virtexuplusHBM
* Target device:  xcu280-fsvh2892-2L-e


================================================================
== Performance Estimates
================================================================
+ Timing: 
    * Summary: 
    +--------+---------+----------+------------+
    |  Clock |  Target | Estimated| Uncertainty|
    +--------+---------+----------+------------+
    |ap_clk  |  4.75 ns|  1.815 ns|     0.90 ns|
    +--------+---------+----------+------------+

+ Latency: 
    * Summary: 
    +---------+---------+-----------+-----------+-----+-----+---------+
    |  Latency (cycles) |   Latency (absolute)  |  Interval | Pipeline|
    |   min   |   max   |    min    |    max    | min | max |   Type  |
    +---------+---------+-----------+-----------+-----+-----+---------+
    |       19|       19|  90.250 ns|  90.250 ns|   19|   19|       no|
    +---------+---------+-----------+-----------+-----+-----+---------+

    + Detail: 
        * Instance: 
        N/A

        * Loop: 
        +---------------+---------+---------+----------+-----------+-----------+------+----------+
        |               |  Latency (cycles) | Iteration|  Initiation Interval  | Trip |          |
        |   Loop Name   |   min   |   max   |  Latency |  achieved |   target  | Count| Pipelined|
        +---------------+---------+---------+----------+-----------+-----------+------+----------+
        |- l_S__k_0__k  |       17|       17|         2|          1|          1|    16|       yes|
        +---------------+---------+---------+----------+-----------+-----------+------+----------+



================================================================
== Utilization Estimates
================================================================
* Summary: 
+---------------------+---------+------+---------+---------+-----+
|         Name        | BRAM_18K|  DSP |    FF   |   LUT   | URAM|
+---------------------+---------+------+---------+---------+-----+
|DSP                  |        -|     -|        -|        -|    -|
|Expression           |        -|     -|        0|       31|    -|
|FIFO                 |        -|     -|        -|        -|    -|
|Instance             |        -|     -|        -|        -|    -|
|Memory               |        -|     -|        -|        -|    -|
|Multiplexer          |        -|     -|        -|      252|    -|
|Register             |        -|     -|      138|        -|    -|
+---------------------+---------+------+---------+---------+-----+
|Total                |        0|     0|      138|      283|    0|
+---------------------+---------+------+---------+---------+-----+
|Available SLR        |     1344|  3008|   869120|   434560|  320|
+---------------------+---------+------+---------+---------+-----+
|Utilization SLR (%)  |        0|     0|       ~0|       ~0|    0|
+---------------------+---------+------+---------+---------+-----+
|Available            |     4032|  9024|  2607360|  1303680|  960|
+---------------------+---------+------+---------+---------+-----+
|Utilization (%)      |        0|     0|       ~0|       ~0|    0|
+---------------------+---------+------+---------+---------+-----+

+ Detail: 
    * Instance: 
    N/A

    * DSP: 
    N/A

    * Memory: 
    N/A

    * FIFO: 
    N/A

    * Expression: 
    +----------------------------------+----------+----+---+----+------------+------------+
    |           Variable Name          | Operation| DSP| FF| LUT| Bitwidth P0| Bitwidth P1|
    +----------------------------------+----------+----+---+----+------------+------------+
    |p_k_2_fu_410_p2                   |         +|   0|  0|  12|           5|           1|
    |ap_block_pp0_stage0_01001         |       and|   0|  0|   2|           1|           1|
    |icmp_ln70_fu_404_p2               |      icmp|   0|  0|  13|           5|           6|
    |ap_block_state2_pp0_stage0_iter1  |        or|   0|  0|   2|           1|           1|
    |ap_enable_pp0                     |       xor|   0|  0|   2|           1|           2|
    +----------------------------------+----------+----+---+----+------------+------------+
    |Total                             |          |   0|  0|  31|          13|          11|
    +----------------------------------+----------+----+---+----+------------+------------+

    * Multiplexer: 
    +----------------------------------+----+-----------+-----+-----------+
    |               Name               | LUT| Input Size| Bits| Total Bits|
    +----------------------------------+----+-----------+-----+-----------+
    |ap_done_int                       |   9|          2|    1|          2|
    |ap_loop_exit_ready_pp0_iter1_reg  |   9|          2|    1|          2|
    |ap_sig_allocacmp_p_k_1            |   9|          2|    5|         10|
    |n0_3_fu_92                        |   9|          2|    8|         16|
    |p_k_fu_108                        |   9|          2|    5|         10|
    |v16_blk_n                         |   9|          2|    1|          2|
    |v17_blk_n                         |   9|          2|    1|          2|
    |v18_blk_n                         |   9|          2|    1|          2|
    |v19_blk_n                         |   9|          2|    1|          2|
    |v20_blk_n                         |   9|          2|    1|          2|
    |v21_blk_n                         |   9|          2|    1|          2|
    |v22_blk_n                         |   9|          2|    1|          2|
    |v23_blk_n                         |   9|          2|    1|          2|
    |v42_fu_128                        |   9|          2|    8|         16|
    |v43_fu_132                        |   9|          2|    8|         16|
    |v44_fu_136                        |   9|          2|    8|         16|
    |v46_fu_88                         |   9|          2|    8|         16|
    |v47_fu_116                        |   9|          2|    8|         16|
    |v48_fu_120                        |   9|          2|    8|         16|
    |v49_fu_124                        |   9|          2|    8|         16|
    |v51_fu_96                         |   9|          2|    8|         16|
    |v52_fu_140                        |   9|          2|    8|         16|
    |v53_fu_84                         |   9|          2|    8|         16|
    |v54_fu_112                        |   9|          2|    8|         16|
    |v56_fu_104                        |   9|          2|    8|         16|
    |v57_fu_148                        |   9|          2|    8|         16|
    |v58_fu_100                        |   9|          2|    8|         16|
    |v59_fu_144                        |   9|          2|    8|         16|
    +----------------------------------+----+-----------+-----+-----------+
    |Total                             | 252|         56|  148|        296|
    +----------------------------------+----+-----------+-----+-----------+

    * Register: 
    +----------------------------------+---+----+-----+-----------+
    |               Name               | FF| LUT| Bits| Const Bits|
    +----------------------------------+---+----+-----+-----------+
    |ap_CS_fsm                         |  1|   0|    1|          0|
    |ap_done_reg                       |  1|   0|    1|          0|
    |ap_enable_reg_pp0_iter1           |  1|   0|    1|          0|
    |ap_loop_exit_ready_pp0_iter1_reg  |  1|   0|    1|          0|
    |icmp_ln70_reg_712                 |  1|   0|    1|          0|
    |n0_3_fu_92                        |  8|   0|    8|          0|
    |p_k_fu_108                        |  5|   0|    5|          0|
    |v42_fu_128                        |  8|   0|    8|          0|
    |v43_fu_132                        |  8|   0|    8|          0|
    |v44_fu_136                        |  8|   0|    8|          0|
    |v46_fu_88                         |  8|   0|    8|          0|
    |v47_fu_116                        |  8|   0|    8|          0|
    |v48_fu_120                        |  8|   0|    8|          0|
    |v49_fu_124                        |  8|   0|    8|          0|
    |v51_fu_96                         |  8|   0|    8|          0|
    |v52_fu_140                        |  8|   0|    8|          0|
    |v53_fu_84                         |  8|   0|    8|          0|
    |v54_fu_112                        |  8|   0|    8|          0|
    |v56_fu_104                        |  8|   0|    8|          0|
    |v57_fu_148                        |  8|   0|    8|          0|
    |v58_fu_100                        |  8|   0|    8|          0|
    |v59_fu_144                        |  8|   0|    8|          0|
    +----------------------------------+---+----+-----+-----------+
    |Total                             |138|   0|  138|          0|
    +----------------------------------+---+----+-----+-----------+



================================================================
== Interface
================================================================
* Summary: 
+-------------------+-----+-----+------------+--------------------------------+--------------+
|     RTL Ports     | Dir | Bits|  Protocol  |          Source Object         |    C Type    |
+-------------------+-----+-----+------------+--------------------------------+--------------+
|ap_clk             |   in|    1|  ap_ctrl_hs|  blk4_r0_0_Pipeline_l_S__k_0__k|  return value|
|ap_rst             |   in|    1|  ap_ctrl_hs|  blk4_r0_0_Pipeline_l_S__k_0__k|  return value|
|ap_start           |   in|    1|  ap_ctrl_hs|  blk4_r0_0_Pipeline_l_S__k_0__k|  return value|
|ap_done            |  out|    1|  ap_ctrl_hs|  blk4_r0_0_Pipeline_l_S__k_0__k|  return value|
|ap_idle            |  out|    1|  ap_ctrl_hs|  blk4_r0_0_Pipeline_l_S__k_0__k|  return value|
|ap_ready           |  out|    1|  ap_ctrl_hs|  blk4_r0_0_Pipeline_l_S__k_0__k|  return value|
|v17_din            |  out|    8|     ap_fifo|                             v17|       pointer|
|v17_full_n         |   in|    1|     ap_fifo|                             v17|       pointer|
|v17_write          |  out|    1|     ap_fifo|                             v17|       pointer|
|v16_dout           |   in|    8|     ap_fifo|                             v16|       pointer|
|v16_empty_n        |   in|    1|     ap_fifo|                             v16|       pointer|
|v16_read           |  out|    1|     ap_fifo|                             v16|       pointer|
|v19_din            |  out|    8|     ap_fifo|                             v19|       pointer|
|v19_full_n         |   in|    1|     ap_fifo|                             v19|       pointer|
|v19_write          |  out|    1|     ap_fifo|                             v19|       pointer|
|v18_dout           |   in|    8|     ap_fifo|                             v18|       pointer|
|v18_empty_n        |   in|    1|     ap_fifo|                             v18|       pointer|
|v18_read           |  out|    1|     ap_fifo|                             v18|       pointer|
|v21_din            |  out|    8|     ap_fifo|                             v21|       pointer|
|v21_full_n         |   in|    1|     ap_fifo|                             v21|       pointer|
|v21_write          |  out|    1|     ap_fifo|                             v21|       pointer|
|v20_dout           |   in|    8|     ap_fifo|                             v20|       pointer|
|v20_empty_n        |   in|    1|     ap_fifo|                             v20|       pointer|
|v20_read           |  out|    1|     ap_fifo|                             v20|       pointer|
|v23_din            |  out|    8|     ap_fifo|                             v23|       pointer|
|v23_full_n         |   in|    1|     ap_fifo|                             v23|       pointer|
|v23_write          |  out|    1|     ap_fifo|                             v23|       pointer|
|v22_dout           |   in|    8|     ap_fifo|                             v22|       pointer|
|v22_empty_n        |   in|    1|     ap_fifo|                             v22|       pointer|
|v22_read           |  out|    1|     ap_fifo|                             v22|       pointer|
|n3_3_2_out         |  out|    8|      ap_vld|                      n3_3_2_out|       pointer|
|n3_3_2_out_ap_vld  |  out|    1|      ap_vld|                      n3_3_2_out|       pointer|
|n3_3_1_out         |  out|    8|      ap_vld|                      n3_3_1_out|       pointer|
|n3_3_1_out_ap_vld  |  out|    1|      ap_vld|                      n3_3_1_out|       pointer|
|n3_2_1_out         |  out|    8|      ap_vld|                      n3_2_1_out|       pointer|
|n3_2_1_out_ap_vld  |  out|    1|      ap_vld|                      n3_2_1_out|       pointer|
|n3_1_1_out         |  out|    8|      ap_vld|                      n3_1_1_out|       pointer|
|n3_1_1_out_ap_vld  |  out|    1|      ap_vld|                      n3_1_1_out|       pointer|
|n2_3_2_out         |  out|    8|      ap_vld|                      n2_3_2_out|       pointer|
|n2_3_2_out_ap_vld  |  out|    1|      ap_vld|                      n2_3_2_out|       pointer|
|n2_3_1_out         |  out|    8|      ap_vld|                      n2_3_1_out|       pointer|
|n2_3_1_out_ap_vld  |  out|    1|      ap_vld|                      n2_3_1_out|       pointer|
|n0_1_1_out         |  out|    8|      ap_vld|                      n0_1_1_out|       pointer|
|n0_1_1_out_ap_vld  |  out|    1|      ap_vld|                      n0_1_1_out|       pointer|
|n0_2_1_out         |  out|    8|      ap_vld|                      n0_2_1_out|       pointer|
|n0_2_1_out_ap_vld  |  out|    1|      ap_vld|                      n0_2_1_out|       pointer|
|n0_3_3_out         |  out|    8|      ap_vld|                      n0_3_3_out|       pointer|
|n0_3_3_out_ap_vld  |  out|    1|      ap_vld|                      n0_3_3_out|       pointer|
|v41_out            |  out|    8|      ap_vld|                         v41_out|       pointer|
|v41_out_ap_vld     |  out|    1|      ap_vld|                         v41_out|       pointer|
|n1_1_1_out         |  out|    8|      ap_vld|                      n1_1_1_out|       pointer|
|n1_1_1_out_ap_vld  |  out|    1|      ap_vld|                      n1_1_1_out|       pointer|
|n1_2_1_out         |  out|    8|      ap_vld|                      n1_2_1_out|       pointer|
|n1_2_1_out_ap_vld  |  out|    1|      ap_vld|                      n1_2_1_out|       pointer|
|n1_3_1_out         |  out|    8|      ap_vld|                      n1_3_1_out|       pointer|
|n1_3_1_out_ap_vld  |  out|    1|      ap_vld|                      n1_3_1_out|       pointer|
|n1_3_2_out         |  out|    8|      ap_vld|                      n1_3_2_out|       pointer|
|n1_3_2_out_ap_vld  |  out|    1|      ap_vld|                      n1_3_2_out|       pointer|
|n2_1_1_out         |  out|    8|      ap_vld|                      n2_1_1_out|       pointer|
|n2_1_1_out_ap_vld  |  out|    1|      ap_vld|                      n2_1_1_out|       pointer|
|n2_2_1_out         |  out|    8|      ap_vld|                      n2_2_1_out|       pointer|
|n2_2_1_out_ap_vld  |  out|    1|      ap_vld|                      n2_2_1_out|       pointer|
+-------------------+-----+-----+------------+--------------------------------+--------------+

