

================================================================
== Vitis HLS Report for 'blk4_r0_0'
================================================================
* Date:           Wed Sep 23 04:41:17 2026

* Version:        2023.2 (Build 4023990 on Oct 11 2023)
* Project:        prj
* Solution:       sol (Vivado IP Flow Target)
* Product family: virtexuplusHBM
* Target device:  xcu280-fsvh2892-2L-e


================================================================
== Performance Estimates
================================================================
+ Timing: 
    * Summary: 
    +--------+---------+----------+------------+
    |  Clock |  Target | Estimated| Uncertainty|
    +--------+---------+----------+------------+
    |ap_clk  |  6.17 ns|  5.231 ns|     0.90 ns|
    +--------+---------+----------+------------+

+ Latency: 
    * Summary: 
    +---------+---------+----------+----------+-----+-----+---------+
    |  Latency (cycles) |  Latency (absolute) |  Interval | Pipeline|
    |   min   |   max   |    min   |    max   | min | max |   Type  |
    +---------+---------+----------+----------+-----+-----+---------+
    |      282|      282|  1.740 us|  1.740 us|  283|  283|       no|
    +---------+---------+----------+----------+-----+-----+---------+

    + Detail: 
        * Instance: 
        +-----------------------------------------+------------------------------+---------+---------+----------+----------+-----+-----+---------+
        |                                         |                              |  Latency (cycles) |  Latency (absolute) |  Interval | Pipeline|
        |                 Instance                |            Module            |   min   |   max   |    min   |    max   | min | max |   Type  |
        +-----------------------------------------+------------------------------+---------+---------+----------+----------+-----+-----+---------+
        |grp_blk4_r0_0_Pipeline_l_S_k_0_k_fu_138  |blk4_r0_0_Pipeline_l_S_k_0_k  |       19|       19|  0.117 us|  0.117 us|   19|   19|       no|
        |grp_blk4_r0_0_Pipeline_l_S_s_1_s_fu_174  |blk4_r0_0_Pipeline_l_S_s_1_s  |      259|      259|  1.598 us|  1.598 us|  259|  259|       no|
        +-----------------------------------------+------------------------------+---------+---------+----------+----------+-----+-----+---------+

        * Loop: 
        N/A



================================================================
== Utilization Estimates
================================================================
* Summary: 
+---------------------+---------+------+---------+---------+-----+
|         Name        | BRAM_18K|  DSP |    FF   |   LUT   | URAM|
+---------------------+---------+------+---------+---------+-----+
|DSP                  |        -|     -|        -|        -|    -|
|Expression           |        -|     -|        -|        -|    -|
|FIFO                 |        -|     -|        -|        -|    -|
|Instance             |        -|     0|      602|     2444|    -|
|Memory               |        -|     -|        -|        -|    -|
|Multiplexer          |        -|     -|        -|      323|    -|
|Register             |        -|     -|        7|        -|    -|
+---------------------+---------+------+---------+---------+-----+
|Total                |        0|     0|      609|     2767|    0|
+---------------------+---------+------+---------+---------+-----+
|Available SLR        |     1344|  3008|   869120|   434560|  320|
+---------------------+---------+------+---------+---------+-----+
|Utilization SLR (%)  |        0|     0|       ~0|       ~0|    0|
+---------------------+---------+------+---------+---------+-----+
|Available            |     4032|  9024|  2607360|  1303680|  960|
+---------------------+---------+------+---------+---------+-----+
|Utilization (%)      |        0|     0|       ~0|       ~0|    0|
+---------------------+---------+------+---------+---------+-----+

+ Detail: 
    * Instance: 
    +-----------------------------------------+------------------------------+---------+----+-----+------+-----+
    |                 Instance                |            Module            | BRAM_18K| DSP|  FF |  LUT | URAM|
    +-----------------------------------------+------------------------------+---------+----+-----+------+-----+
    |grp_blk4_r0_0_Pipeline_l_S_k_0_k_fu_138  |blk4_r0_0_Pipeline_l_S_k_0_k  |        0|   0|  138|   283|    0|
    |grp_blk4_r0_0_Pipeline_l_S_s_1_s_fu_174  |blk4_r0_0_Pipeline_l_S_s_1_s  |        0|   0|  464|  2161|    0|
    +-----------------------------------------+------------------------------+---------+----+-----+------+-----+
    |Total                                    |                              |        0|   0|  602|  2444|    0|
    +-----------------------------------------+------------------------------+---------+----+-----+------+-----+

    * DSP: 
    N/A

    * Memory: 
    N/A

    * FIFO: 
    N/A

    * Expression: 
    N/A

    * Multiplexer: 
    +-----------+----+-----------+-----+-----------+
    |    Name   | LUT| Input Size| Bits| Total Bits|
    +-----------+----+-----------+-----+-----------+
    |ap_NS_fsm  |  31|          6|    1|          6|
    |v0_read    |   9|          2|    1|          2|
    |v10_read   |   9|          2|    1|          2|
    |v11_write  |   9|          2|    1|          2|
    |v12_read   |   9|          2|    1|          2|
    |v13_write  |   9|          2|    1|          2|
    |v14_read   |   9|          2|    1|          2|
    |v15_write  |   9|          2|    1|          2|
    |v16_read   |  14|          3|    1|          3|
    |v17_din    |   9|          2|    8|         16|
    |v17_write  |  14|          3|    1|          3|
    |v18_read   |  14|          3|    1|          3|
    |v19_din    |   9|          2|    8|         16|
    |v19_write  |  14|          3|    1|          3|
    |v1_write   |   9|          2|    1|          2|
    |v20_read   |  14|          3|    1|          3|
    |v21_din    |   9|          2|    8|         16|
    |v21_write  |  14|          3|    1|          3|
    |v22_read   |  14|          3|    1|          3|
    |v23_din    |   9|          2|    8|         16|
    |v23_write  |  14|          3|    1|          3|
    |v2_read    |   9|          2|    1|          2|
    |v3_write   |   9|          2|    1|          2|
    |v4_read    |   9|          2|    1|          2|
    |v5_write   |   9|          2|    1|          2|
    |v6_read    |   9|          2|    1|          2|
    |v7_write   |   9|          2|    1|          2|
    |v8_read    |   9|          2|    1|          2|
    |v9_write   |   9|          2|    1|          2|
    +-----------+----+-----------+-----+-----------+
    |Total      | 323|         70|   57|        126|
    +-----------+----+-----------+-----+-----------+

    * Register: 
    +------------------------------------------------------+---+----+-----+-----------+
    |                         Name                         | FF| LUT| Bits| Const Bits|
    +------------------------------------------------------+---+----+-----+-----------+
    |ap_CS_fsm                                             |  5|   0|    5|          0|
    |grp_blk4_r0_0_Pipeline_l_S_k_0_k_fu_138_ap_start_reg  |  1|   0|    1|          0|
    |grp_blk4_r0_0_Pipeline_l_S_s_1_s_fu_174_ap_start_reg  |  1|   0|    1|          0|
    +------------------------------------------------------+---+----+-----+-----------+
    |Total                                                 |  7|   0|    7|          0|
    +------------------------------------------------------+---+----+-----+-----------+



================================================================
== Interface
================================================================
* Summary: 
+-------------+-----+-----+--------------+--------------+--------------+
|  RTL Ports  | Dir | Bits|   Protocol   | Source Object|    C Type    |
+-------------+-----+-----+--------------+--------------+--------------+
|ap_clk       |   in|    1|  ap_ctrl_none|     blk4_r0_0|  return value|
|ap_rst       |   in|    1|  ap_ctrl_none|     blk4_r0_0|  return value|
|v0_dout      |   in|    8|       ap_fifo|            v0|       pointer|
|v0_empty_n   |   in|    1|       ap_fifo|            v0|       pointer|
|v0_read      |  out|    1|       ap_fifo|            v0|       pointer|
|v1_din       |  out|    8|       ap_fifo|            v1|       pointer|
|v1_full_n    |   in|    1|       ap_fifo|            v1|       pointer|
|v1_write     |  out|    1|       ap_fifo|            v1|       pointer|
|v2_dout      |   in|    8|       ap_fifo|            v2|       pointer|
|v2_empty_n   |   in|    1|       ap_fifo|            v2|       pointer|
|v2_read      |  out|    1|       ap_fifo|            v2|       pointer|
|v3_din       |  out|    8|       ap_fifo|            v3|       pointer|
|v3_full_n    |   in|    1|       ap_fifo|            v3|       pointer|
|v3_write     |  out|    1|       ap_fifo|            v3|       pointer|
|v4_dout      |   in|    8|       ap_fifo|            v4|       pointer|
|v4_empty_n   |   in|    1|       ap_fifo|            v4|       pointer|
|v4_read      |  out|    1|       ap_fifo|            v4|       pointer|
|v5_din       |  out|    8|       ap_fifo|            v5|       pointer|
|v5_full_n    |   in|    1|       ap_fifo|            v5|       pointer|
|v5_write     |  out|    1|       ap_fifo|            v5|       pointer|
|v6_dout      |   in|    8|       ap_fifo|            v6|       pointer|
|v6_empty_n   |   in|    1|       ap_fifo|            v6|       pointer|
|v6_read      |  out|    1|       ap_fifo|            v6|       pointer|
|v7_din       |  out|    8|       ap_fifo|            v7|       pointer|
|v7_full_n    |   in|    1|       ap_fifo|            v7|       pointer|
|v7_write     |  out|    1|       ap_fifo|            v7|       pointer|
|v8_dout      |   in|   32|       ap_fifo|            v8|       pointer|
|v8_empty_n   |   in|    1|       ap_fifo|            v8|       pointer|
|v8_read      |  out|    1|       ap_fifo|            v8|       pointer|
|v9_din       |  out|   32|       ap_fifo|            v9|       pointer|
|v9_full_n    |   in|    1|       ap_fifo|            v9|       pointer|
|v9_write     |  out|    1|       ap_fifo|            v9|       pointer|
|v10_dout     |   in|   32|       ap_fifo|           v10|       pointer|
|v10_empty_n  |   in|    1|       ap_fifo|           v10|       pointer|
|v10_read     |  out|    1|       ap_fifo|           v10|       pointer|
|v11_din      |  out|   32|       ap_fifo|           v11|       pointer|
|v11_full_n   |   in|    1|       ap_fifo|           v11|       pointer|
|v11_write    |  out|    1|       ap_fifo|           v11|       pointer|
|v12_dout     |   in|   32|       ap_fifo|           v12|       pointer|
|v12_empty_n  |   in|    1|       ap_fifo|           v12|       pointer|
|v12_read     |  out|    1|       ap_fifo|           v12|       pointer|
|v13_din      |  out|   32|       ap_fifo|           v13|       pointer|
|v13_full_n   |   in|    1|       ap_fifo|           v13|       pointer|
|v13_write    |  out|    1|       ap_fifo|           v13|       pointer|
|v14_dout     |   in|   32|       ap_fifo|           v14|       pointer|
|v14_empty_n  |   in|    1|       ap_fifo|           v14|       pointer|
|v14_read     |  out|    1|       ap_fifo|           v14|       pointer|
|v15_din      |  out|   32|       ap_fifo|           v15|       pointer|
|v15_full_n   |   in|    1|       ap_fifo|           v15|       pointer|
|v15_write    |  out|    1|       ap_fifo|           v15|       pointer|
|v16_dout     |   in|    8|       ap_fifo|           v16|       pointer|
|v16_empty_n  |   in|    1|       ap_fifo|           v16|       pointer|
|v16_read     |  out|    1|       ap_fifo|           v16|       pointer|
|v17_din      |  out|    8|       ap_fifo|           v17|       pointer|
|v17_full_n   |   in|    1|       ap_fifo|           v17|       pointer|
|v17_write    |  out|    1|       ap_fifo|           v17|       pointer|
|v18_dout     |   in|    8|       ap_fifo|           v18|       pointer|
|v18_empty_n  |   in|    1|       ap_fifo|           v18|       pointer|
|v18_read     |  out|    1|       ap_fifo|           v18|       pointer|
|v19_din      |  out|    8|       ap_fifo|           v19|       pointer|
|v19_full_n   |   in|    1|       ap_fifo|           v19|       pointer|
|v19_write    |  out|    1|       ap_fifo|           v19|       pointer|
|v20_dout     |   in|    8|       ap_fifo|           v20|       pointer|
|v20_empty_n  |   in|    1|       ap_fifo|           v20|       pointer|
|v20_read     |  out|    1|       ap_fifo|           v20|       pointer|
|v21_din      |  out|    8|       ap_fifo|           v21|       pointer|
|v21_full_n   |   in|    1|       ap_fifo|           v21|       pointer|
|v21_write    |  out|    1|       ap_fifo|           v21|       pointer|
|v22_dout     |   in|    8|       ap_fifo|           v22|       pointer|
|v22_empty_n  |   in|    1|       ap_fifo|           v22|       pointer|
|v22_read     |  out|    1|       ap_fifo|           v22|       pointer|
|v23_din      |  out|    8|       ap_fifo|           v23|       pointer|
|v23_full_n   |   in|    1|       ap_fifo|           v23|       pointer|
|v23_write    |  out|    1|       ap_fifo|           v23|       pointer|
+-------------+-----+-----+--------------+--------------+--------------+

