Copyright 1986-2022 Xilinx, Inc. All Rights Reserved. Copyright 2022-2023 Advanced Micro Devices, Inc. All Rights Reserved.
--------------------------------------------------------------------------------------------------------------------------------------------------
| Tool Version      : Vivado v.2023.2 (lin64) Build 4029153 Fri Oct 13 20:13:54 MDT 2023
| Date              : Wed Sep 23 04:57:00 2026
| Host              : brg-zhang-xcel.ece.cornell.edu running 64-bit Red Hat Enterprise Linux 9.8 (Plow)
| Command           : report_timing_summary -file timing.rpt
| Design            : spmw_harness
| Device            : xcu280-fsvh2892
| Speed File        : -2L  PRODUCTION 1.30 05-01-2022
| Design State      : Routed
| Temperature Grade : E
--------------------------------------------------------------------------------------------------------------------------------------------------

Timing Summary Report

------------------------------------------------------------------------------------------------
| Timer Settings
| --------------
------------------------------------------------------------------------------------------------

  Enable Multi Corner Analysis               :  Yes
  Enable Pessimism Removal                   :  Yes
  Pessimism Removal Resolution               :  Nearest Common Node
  Enable Input Delay Default Clock           :  No
  Enable Preset / Clear Arcs                 :  No
  Disable Flight Delays                      :  No
  Ignore I/O Paths                           :  No
  Timing Early Launch at Borrowing Latches   :  No
  Borrow Time for Max Delay Exceptions       :  Yes
  Merge Timing Exceptions                    :  Yes
  Inter-SLR Compensation                     :  Conservative

  Corner  Analyze    Analyze    
  Name    Max Paths  Min Paths  
  ------  ---------  ---------  
  Slow    Yes        Yes        
  Fast    Yes        Yes        


------------------------------------------------------------------------------------------------
| Report Methodology
| ------------------
------------------------------------------------------------------------------------------------

No report available as report_methodology has not been run prior. Run report_methodology on the current design for the summary of methodology violations.



check_timing report

Table of Contents
-----------------
1. checking no_clock (0)
2. checking constant_clock (0)
3. checking pulse_width_clock (0)
4. checking unconstrained_internal_endpoints (0)
5. checking no_input_delay (2)
6. checking no_output_delay (7)
7. checking multiple_clock (0)
8. checking generated_clocks (0)
9. checking loops (0)
10. checking partial_input_delay (0)
11. checking partial_output_delay (0)
12. checking latch_loops (0)

1. checking no_clock (0)
------------------------
 There are 0 register/latch pins with no clock.


2. checking constant_clock (0)
------------------------------
 There are 0 register/latch pins with constant_clock.


3. checking pulse_width_clock (0)
---------------------------------
 There are 0 register/latch pins which need pulse_width check


4. checking unconstrained_internal_endpoints (0)
------------------------------------------------
 There are 0 pins that are not constrained for maximum delay.

 There are 0 pins that are not constrained for maximum delay due to constant clock.


5. checking no_input_delay (2)
------------------------------
 There are 2 input ports with no input delay specified. (HIGH)

 There are 0 input ports with no input delay but user has a false path constraint.


6. checking no_output_delay (7)
-------------------------------
 There are 7 ports with no output delay specified. (HIGH)

 There are 0 ports with no output delay but user has a false path constraint

 There are 0 ports with no output delay but with a timing clock defined on it or propagating through it


7. checking multiple_clock (0)
------------------------------
 There are 0 register/latch pins with multiple clocks.


8. checking generated_clocks (0)
--------------------------------
 There are 0 generated clocks that are not connected to a clock source.


9. checking loops (0)
---------------------
 There are 0 combinational loops in the design.


10. checking partial_input_delay (0)
------------------------------------
 There are 0 input ports with partial input delay specified.


11. checking partial_output_delay (0)
-------------------------------------
 There are 0 ports with partial output delay specified.


12. checking latch_loops (0)
----------------------------
 There are 0 combinational latch loops in the design through latch input



------------------------------------------------------------------------------------------------
| Design Timing Summary
| ---------------------
------------------------------------------------------------------------------------------------

    WNS(ns)      TNS(ns)  TNS Failing Endpoints  TNS Total Endpoints      WHS(ns)      THS(ns)  THS Failing Endpoints  THS Total Endpoints     WPWS(ns)     TPWS(ns)  TPWS Failing Endpoints  TPWS Total Endpoints  
    -------      -------  ---------------------  -------------------      -------      -------  ---------------------  -------------------     --------     --------  ----------------------  --------------------  
     -0.426     -315.684                   1192                33823        0.001        0.000                      0                33823        1.134        0.000                       0                 16730  


Timing constraints are not met.


------------------------------------------------------------------------------------------------
| Clock Summary
| -------------
------------------------------------------------------------------------------------------------

Clock   Waveform(ns)         Period(ns)      Frequency(MHz)
-----   ------------         ----------      --------------
ap_clk  {0.000 1.666}        3.333           300.030         


------------------------------------------------------------------------------------------------
| Intra Clock Table
| -----------------
------------------------------------------------------------------------------------------------

Clock             WNS(ns)      TNS(ns)  TNS Failing Endpoints  TNS Total Endpoints      WHS(ns)      THS(ns)  THS Failing Endpoints  THS Total Endpoints     WPWS(ns)     TPWS(ns)  TPWS Failing Endpoints  TPWS Total Endpoints  
-----             -------      -------  ---------------------  -------------------      -------      -------  ---------------------  -------------------     --------     --------  ----------------------  --------------------  
ap_clk             -0.426     -315.684                   1192                33823        0.001        0.000                      0                33823        1.134        0.000                       0                 16730  


------------------------------------------------------------------------------------------------
| Inter Clock Table
| -----------------
------------------------------------------------------------------------------------------------

From Clock    To Clock          WNS(ns)      TNS(ns)  TNS Failing Endpoints  TNS Total Endpoints      WHS(ns)      THS(ns)  THS Failing Endpoints  THS Total Endpoints  
----------    --------          -------      -------  ---------------------  -------------------      -------      -------  ---------------------  -------------------  


------------------------------------------------------------------------------------------------
| Other Path Groups Table
| -----------------------
------------------------------------------------------------------------------------------------

Path Group    From Clock    To Clock          WNS(ns)      TNS(ns)  TNS Failing Endpoints  TNS Total Endpoints      WHS(ns)      THS(ns)  THS Failing Endpoints  THS Total Endpoints  
----------    ----------    --------          -------      -------  ---------------------  -------------------      -------      -------  ---------------------  -------------------  


------------------------------------------------------------------------------------------------
| Timing Details
| --------------
------------------------------------------------------------------------------------------------


---------------------------------------------------------------------------------------------------
From Clock:  ap_clk
  To Clock:  ap_clk

Setup :         1192  Failing Endpoints,  Worst Slack       -0.426ns,  Total Violation     -315.684ns
Hold  :            0  Failing Endpoints,  Worst Slack        0.001ns,  Total Violation        0.000ns
PW    :            0  Failing Endpoints,  Worst Slack        1.134ns,  Total Violation        0.000ns
---------------------------------------------------------------------------------------------------


Max Delay Paths
--------------------------------------------------------------------------------------
Slack (VIOLATED) :        -0.426ns  (required time - arrival time)
  Source:                 dut/u_blk4_r2_0_2/u/grp_blk4_r2_0_Pipeline_l_S_s_1_s_fu_174/v162_fu_224_reg[1]/C
                            (rising edge-triggered cell FDRE clocked by ap_clk  {rise@0.000ns fall@1.666ns period=3.333ns})
  Destination:            dut/u_blk4_r2_0_2/u/grp_blk4_r2_0_Pipeline_l_S_s_1_s_fu_174/add_ln270_reg_1795_reg[31]/D
                            (rising edge-triggered cell FDRE clocked by ap_clk  {rise@0.000ns fall@1.666ns period=3.333ns})
  Path Group:             ap_clk
  Path Type:              Setup (Max at Slow Process Corner)
  Requirement:            3.333ns  (ap_clk rise@3.333ns - ap_clk rise@0.000ns)
  Data Path Delay:        3.682ns  (logic 1.868ns (50.736%)  route 1.814ns (49.264%))
  Logic Levels:           13  (CARRY8=7 LUT2=4 LUT4=1 LUT6=1)
  Clock Path Skew:        -0.066ns (DCD - SCD + CPR)
    Destination Clock Delay (DCD):    2.088ns = ( 5.421 - 3.333 ) 
    Source Clock Delay      (SCD):    2.543ns
    Clock Pessimism Removal (CPR):    0.388ns
  Clock Uncertainty:      0.035ns  ((TSJ^2 + TIJ^2)^1/2 + DJ) / 2 + PE
    Total System Jitter     (TSJ):    0.071ns
    Total Input Jitter      (TIJ):    0.000ns
    Discrete Jitter          (DJ):    0.000ns
    Phase Error              (PE):    0.000ns
  Clock Net Delay (Source):      1.556ns (routing 0.328ns, distribution 1.228ns)
  Clock Net Delay (Destination): 1.394ns (routing 0.299ns, distribution 1.095ns)

    Location             Delay type                Incr(ns)  Path(ns)    Netlist Resource(s)
  -------------------------------------------------------------------    -------------------
                         (clock ap_clk rise edge)     0.000     0.000 r  
    BH26                                              0.000     0.000 r  ap_clk (IN)
                         net (fo=0)                   0.000     0.000    ap_clk_IBUF_inst/I
    BH26                 INBUF (Prop_INBUF_HPIOB_M_PAD_O)
                                                      0.636     0.636 r  ap_clk_IBUF_inst/INBUF_INST/O
                         net (fo=1, routed)           0.000     0.636    ap_clk_IBUF_inst/OUT
    BH26                 IBUFCTRL (Prop_IBUFCTRL_HPIOB_M_I_O)
                                                      0.000     0.636 r  ap_clk_IBUF_inst/IBUFCTRL_INST/O
                         net (fo=1, routed)           0.323     0.959    ap_clk_IBUF
    BUFGCE_X0Y72         BUFGCE (Prop_BUFCE_BUFGCE_I_O)
                                                      0.028     0.987 r  ap_clk_IBUF_BUFG_inst/O
    X4Y3 (CLOCK_ROOT)    net (fo=16729, routed)       1.556     2.543    dut/u_blk4_r2_0_2/u/grp_blk4_r2_0_Pipeline_l_S_s_1_s_fu_174/ap_clk_IBUF_BUFG
    SLICE_X125Y125       FDRE                                         r  dut/u_blk4_r2_0_2/u/grp_blk4_r2_0_Pipeline_l_S_s_1_s_fu_174/v162_fu_224_reg[1]/C
  -------------------------------------------------------------------    -------------------
    SLICE_X125Y125       FDRE (Prop_AFF_SLICEL_C_Q)
                                                      0.079     2.622 r  dut/u_blk4_r2_0_2/u/grp_blk4_r2_0_Pipeline_l_S_s_1_s_fu_174/v162_fu_224_reg[1]/Q
                         net (fo=17, routed)          0.189     2.811    dut/u_blk4_r2_0_2/u/grp_blk4_r2_0_Pipeline_l_S_s_1_s_fu_174/mul_8s_8s_16_1_1_U31/Q[1]
    SLICE_X123Y125       LUT6 (Prop_H6LUT_SLICEL_I0_O)
                                                      0.150     2.961 r  dut/u_blk4_r2_0_2/u/grp_blk4_r2_0_Pipeline_l_S_s_1_s_fu_174/mul_8s_8s_16_1_1_U31/i___218_i_4__0/O
                         net (fo=1, routed)           0.316     3.277    dut_n_6905
    SLICE_X124Y125       CARRY8 (Prop_CARRY8_SLICEM_DI[3]_O[5])
                                                      0.182     3.459 r  u/grp_blk4_r2_0_Pipeline_l_S_s_1_s_fu_174/mul_8s_8s_16_1_1_U31/i___218_i_1__0/O[5]
                         net (fo=2, routed)           0.441     3.900    dut/u_blk4_r2_0_2/u/grp_blk4_r2_0_Pipeline_l_S_s_1_s_fu_174/mul_8s_8s_16_1_1_U31/u/grp_blk4_r2_0_Pipeline_l_S_s_1_s_fu_174/mul_8s_8s_16_1_1_U31/i___601_i_6__0[2]
    SLICE_X129Y123       LUT2 (Prop_H5LUT_SLICEM_I1_O)
                                                      0.161     4.061 r  dut/u_blk4_r2_0_2/u/grp_blk4_r2_0_Pipeline_l_S_s_1_s_fu_174/mul_8s_8s_16_1_1_U31/i___219_0/O
                         net (fo=2, routed)           0.123     4.183    dut_n_11399
    SLICE_X129Y122       LUT4 (Prop_C6LUT_SLICEM_I0_O)
                                                      0.037     4.220 r  u/grp_blk4_r2_0_Pipeline_l_S_s_1_s_fu_174/mul_8s_8s_16_1_1_U31/i___601_i_34__0/O
                         net (fo=1, routed)           0.021     4.241    u/grp_blk4_r2_0_Pipeline_l_S_s_1_s_fu_174/mul_8s_8s_16_1_1_U31/i___601_i_34__0_n_0
    SLICE_X129Y122       CARRY8 (Prop_CARRY8_SLICEM_S[2]_O[5])
                                                      0.200     4.441 r  u/grp_blk4_r2_0_Pipeline_l_S_s_1_s_fu_174/mul_8s_8s_16_1_1_U31/i___601_i_6__0/O[5]
                         net (fo=1, routed)           0.206     4.647    u_blk4_r2_0_2/u/grp_blk4_r2_0_Pipeline_l_S_s_1_s_fu_174/v165_fu_973_p2[9]
    SLICE_X128Y123       LUT2 (Prop_B6LUT_SLICEM_I1_O)
                                                      0.089     4.736 r  u/grp_blk4_r2_0_Pipeline_l_S_s_1_s_fu_174/i___603_i_21__0/O
                         net (fo=1, routed)           0.016     4.752    u/grp_blk4_r2_0_Pipeline_l_S_s_1_s_fu_174/i___603_i_21__0_n_0
    SLICE_X128Y123       CARRY8 (Prop_CARRY8_SLICEM_S[1]_O[5])
                                                      0.237     4.989 r  u/grp_blk4_r2_0_Pipeline_l_S_s_1_s_fu_174/i___603_i_5__0/O[5]
                         net (fo=2, routed)           0.207     5.197    u_blk4_r2_0_2/v173_fu_997_p2[13]
    SLICE_X128Y117       LUT2 (Prop_F6LUT_SLICEM_I0_O)
                                                      0.088     5.285 r  u/grp_blk4_r2_0_Pipeline_l_S_s_1_s_fu_174/i___603_i_8__0/O
                         net (fo=1, routed)           0.022     5.307    u/grp_blk4_r2_0_Pipeline_l_S_s_1_s_fu_174/i___603_i_8__0_n_0
    SLICE_X128Y117       CARRY8 (Prop_CARRY8_SLICEM_S[5]_CO[7])
                                                      0.159     5.466 r  u/grp_blk4_r2_0_Pipeline_l_S_s_1_s_fu_174/i___603_i_2__0/CO[7]
                         net (fo=1, routed)           0.026     5.492    u/grp_blk4_r2_0_Pipeline_l_S_s_1_s_fu_174/i___603_i_2__0_n_0
    SLICE_X128Y118       CARRY8 (Prop_CARRY8_SLICEM_CI_O[0])
                                                      0.056     5.548 r  u/grp_blk4_r2_0_Pipeline_l_S_s_1_s_fu_174/i___603_i_1__0/O[0]
                         net (fo=1, routed)           0.186     5.734    u_blk4_r2_0_2/sext_ln270_fu_1017_p1[16]
    SLICE_X127Y120       LUT2 (Prop_A6LUT_SLICEL_I1_O)
                                                      0.124     5.858 r  u/grp_blk4_r2_0_Pipeline_l_S_s_1_s_fu_174/add_ln270_reg_1795[23]_i_2__0/O
                         net (fo=1, routed)           0.009     5.867    u/grp_blk4_r2_0_Pipeline_l_S_s_1_s_fu_174/add_ln270_reg_1795[23]_i_2__0_n_0
    SLICE_X127Y120       CARRY8 (Prop_CARRY8_SLICEL_S[0]_CO[7])
                                                      0.190     6.057 r  u/grp_blk4_r2_0_Pipeline_l_S_s_1_s_fu_174/add_ln270_reg_1795_reg[23]_i_1__0/CO[7]
                         net (fo=1, routed)           0.026     6.083    dut/u_blk4_r2_0_2/u/grp_blk4_r2_0_Pipeline_l_S_s_1_s_fu_174/add_ln270_reg_1795_reg[31]_1[0]
    SLICE_X127Y121       CARRY8 (Prop_CARRY8_SLICEL_CI_O[7])
                                                      0.116     6.199 r  dut/u_blk4_r2_0_2/u/grp_blk4_r2_0_Pipeline_l_S_s_1_s_fu_174/add_ln270_reg_1795_reg[31]_i_1__0/O[7]
                         net (fo=1, routed)           0.026     6.225    dut/u_blk4_r2_0_2/u/grp_blk4_r2_0_Pipeline_l_S_s_1_s_fu_174/add_ln270_fu_1021_p2[31]
    SLICE_X127Y121       FDRE                                         r  dut/u_blk4_r2_0_2/u/grp_blk4_r2_0_Pipeline_l_S_s_1_s_fu_174/add_ln270_reg_1795_reg[31]/D
  -------------------------------------------------------------------    -------------------

                         (clock ap_clk rise edge)     3.333     3.333 r  
    BH26                                              0.000     3.333 r  ap_clk (IN)
                         net (fo=0)                   0.000     3.333    ap_clk_IBUF_inst/I
    BH26                 INBUF (Prop_INBUF_HPIOB_M_PAD_O)
                                                      0.385     3.718 r  ap_clk_IBUF_inst/INBUF_INST/O
                         net (fo=1, routed)           0.000     3.718    ap_clk_IBUF_inst/OUT
    BH26                 IBUFCTRL (Prop_IBUFCTRL_HPIOB_M_I_O)
                                                      0.000     3.718 r  ap_clk_IBUF_inst/IBUFCTRL_INST/O
                         net (fo=1, routed)           0.286     4.004    ap_clk_IBUF
    BUFGCE_X0Y72         BUFGCE (Prop_BUFCE_BUFGCE_I_O)
                                                      0.024     4.028 r  ap_clk_IBUF_BUFG_inst/O
    X4Y3 (CLOCK_ROOT)    net (fo=16729, routed)       1.394     5.421    dut/u_blk4_r2_0_2/u/grp_blk4_r2_0_Pipeline_l_S_s_1_s_fu_174/ap_clk_IBUF_BUFG
    SLICE_X127Y121       FDRE                                         r  dut/u_blk4_r2_0_2/u/grp_blk4_r2_0_Pipeline_l_S_s_1_s_fu_174/add_ln270_reg_1795_reg[31]/C
                         clock pessimism              0.388     5.810    
                         clock uncertainty           -0.035     5.774    
    SLICE_X127Y121       FDRE (Setup_HFF_SLICEL_C_D)
                                                      0.025     5.799    dut/u_blk4_r2_0_2/u/grp_blk4_r2_0_Pipeline_l_S_s_1_s_fu_174/add_ln270_reg_1795_reg[31]
  -------------------------------------------------------------------
                         required time                          5.799    
                         arrival time                          -6.225    
  -------------------------------------------------------------------
                         slack                                 -0.426    





Min Delay Paths
--------------------------------------------------------------------------------------
Slack (MET) :             0.001ns  (arrival time - required time)
  Source:                 gen_blk4_p0_in_bind[1].lf_blk4_p0_in_bind_reg[27]/C
                            (rising edge-triggered cell FDRE clocked by ap_clk  {rise@0.000ns fall@1.666ns period=3.333ns})
  Destination:            dut/u_blk4_r2_0_1/u/grp_blk4_r2_0_Pipeline_l_S_s_1_s_fu_174/add_ln232_reg_1790_reg[28]/D
                            (rising edge-triggered cell FDRE clocked by ap_clk  {rise@0.000ns fall@1.666ns period=3.333ns})
  Path Group:             ap_clk
  Path Type:              Hold (Min at Slow Process Corner)
  Requirement:            0.000ns  (ap_clk rise@0.000ns - ap_clk rise@0.000ns)
  Data Path Delay:        0.196ns  (logic 0.109ns (55.661%)  route 0.087ns (44.339%))
  Logic Levels:           2  (CARRY8=1 LUT2=1)
  Clock Path Skew:        0.134ns (DCD - SCD - CPR)
    Destination Clock Delay (DCD):    2.616ns
    Source Clock Delay      (SCD):    2.093ns
    Clock Pessimism Removal (CPR):    0.388ns
  Clock Net Delay (Source):      1.399ns (routing 0.299ns, distribution 1.100ns)
  Clock Net Delay (Destination): 1.629ns (routing 0.328ns, distribution 1.301ns)

    Location             Delay type                Incr(ns)  Path(ns)    Netlist Resource(s)
  -------------------------------------------------------------------    -------------------
                         (clock ap_clk rise edge)     0.000     0.000 r  
    BH26                                              0.000     0.000 r  ap_clk (IN)
                         net (fo=0)                   0.000     0.000    ap_clk_IBUF_inst/I
    BH26                 INBUF (Prop_INBUF_HPIOB_M_PAD_O)
                                                      0.385     0.385 r  ap_clk_IBUF_inst/INBUF_INST/O
                         net (fo=1, routed)           0.000     0.385    ap_clk_IBUF_inst/OUT
    BH26                 IBUFCTRL (Prop_IBUFCTRL_HPIOB_M_I_O)
                                                      0.000     0.385 r  ap_clk_IBUF_inst/IBUFCTRL_INST/O
                         net (fo=1, routed)           0.286     0.671    ap_clk_IBUF
    BUFGCE_X0Y72         BUFGCE (Prop_BUFCE_BUFGCE_I_O)
                                                      0.024     0.695 r  ap_clk_IBUF_BUFG_inst/O
    X4Y3 (CLOCK_ROOT)    net (fo=16729, routed)       1.399     2.093    ap_clk_IBUF_BUFG
    SLICE_X144Y142       FDRE                                         r  gen_blk4_p0_in_bind[1].lf_blk4_p0_in_bind_reg[27]/C
  -------------------------------------------------------------------    -------------------
    SLICE_X144Y142       FDRE (Prop_HFF2_SLICEL_C_Q)
                                                      0.059     2.152 r  gen_blk4_p0_in_bind[1].lf_blk4_p0_in_bind_reg[27]/Q
                         net (fo=4, routed)           0.065     2.217    dut/u_blk4_r2_0_1/add_ln232_reg_1790_reg[31]_0[4]
    SLICE_X145Y142       LUT2 (Prop_E6LUT_SLICEM_I0_O)
                                                      0.022     2.239 r  dut/u_blk4_r2_0_1/i___596/O
                         net (fo=1, routed)           0.013     2.252    dut/u_blk4_r2_0_1/u/grp_blk4_r2_0_Pipeline_l_S_s_1_s_fu_174/S[4]
    SLICE_X145Y142       CARRY8 (Prop_CARRY8_SLICEM_S[4]_O[4])
                                                      0.028     2.280 r  dut/u_blk4_r2_0_1/u/grp_blk4_r2_0_Pipeline_l_S_s_1_s_fu_174/add_ln232_reg_1790_reg[31]_i_1/O[4]
                         net (fo=1, routed)           0.009     2.289    dut/u_blk4_r2_0_1/u/grp_blk4_r2_0_Pipeline_l_S_s_1_s_fu_174/add_ln232_fu_929_p2[28]
    SLICE_X145Y142       FDRE                                         r  dut/u_blk4_r2_0_1/u/grp_blk4_r2_0_Pipeline_l_S_s_1_s_fu_174/add_ln232_reg_1790_reg[28]/D
  -------------------------------------------------------------------    -------------------

                         (clock ap_clk rise edge)     0.000     0.000 r  
    BH26                                              0.000     0.000 r  ap_clk (IN)
                         net (fo=0)                   0.000     0.000    ap_clk_IBUF_inst/I
    BH26                 INBUF (Prop_INBUF_HPIOB_M_PAD_O)
                                                      0.636     0.636 r  ap_clk_IBUF_inst/INBUF_INST/O
                         net (fo=1, routed)           0.000     0.636    ap_clk_IBUF_inst/OUT
    BH26                 IBUFCTRL (Prop_IBUFCTRL_HPIOB_M_I_O)
                                                      0.000     0.636 r  ap_clk_IBUF_inst/IBUFCTRL_INST/O
                         net (fo=1, routed)           0.323     0.959    ap_clk_IBUF
    BUFGCE_X0Y72         BUFGCE (Prop_BUFCE_BUFGCE_I_O)
                                                      0.028     0.987 r  ap_clk_IBUF_BUFG_inst/O
    X4Y3 (CLOCK_ROOT)    net (fo=16729, routed)       1.629     2.616    dut/u_blk4_r2_0_1/u/grp_blk4_r2_0_Pipeline_l_S_s_1_s_fu_174/ap_clk_IBUF_BUFG
    SLICE_X145Y142       FDRE                                         r  dut/u_blk4_r2_0_1/u/grp_blk4_r2_0_Pipeline_l_S_s_1_s_fu_174/add_ln232_reg_1790_reg[28]/C
                         clock pessimism             -0.388     2.228    
    SLICE_X145Y142       FDRE (Hold_EFF_SLICEM_C_D)
                                                      0.060     2.288    dut/u_blk4_r2_0_1/u/grp_blk4_r2_0_Pipeline_l_S_s_1_s_fu_174/add_ln232_reg_1790_reg[28]
  -------------------------------------------------------------------
                         required time                         -2.288    
                         arrival time                           2.289    
  -------------------------------------------------------------------
                         slack                                  0.001    





Pulse Width Checks
--------------------------------------------------------------------------------------
Clock Name:         ap_clk
Waveform(ns):       { 0.000 1.666 }
Period(ns):         3.333
Sources:            { ap_clk }

Check Type        Corner  Lib Pin     Reference Pin  Required(ns)  Actual(ns)  Slack(ns)  Location        Pin
Min Period        n/a     BUFGCE/I    n/a            1.290         3.333       2.043      BUFGCE_X0Y72    ap_clk_IBUF_BUFG_inst/I
Low Pulse Width   Slow    SRL16E/CLK  n/a            0.532         1.666       1.134      SLICE_X146Y171  gen_blk4_a0_in_bind[0].lf_blk4_a0_in_bind_reg[19]_srl12___gen_lanes4_b_mem_r_10/CLK
High Pulse Width  Slow    SRL16E/CLK  n/a            0.532         1.667       1.135      SLICE_X146Y171  gen_blk4_a0_in_bind[0].lf_blk4_a0_in_bind_reg[19]_srl12___gen_lanes4_b_mem_r_10/CLK



