Copyright 1986-2022 Xilinx, Inc. All Rights Reserved. Copyright 2022-2023 Advanced Micro Devices, Inc. All Rights Reserved.
--------------------------------------------------------------------------------------------------------------------------------------------------
| Tool Version      : Vivado v.2023.2 (lin64) Build 4029153 Fri Oct 13 20:13:54 MDT 2023
| Date              : Wed Sep 23 04:23:13 2026
| Host              : brg-zhang-xcel.ece.cornell.edu running 64-bit Red Hat Enterprise Linux 9.8 (Plow)
| Command           : report_timing_summary -file timing.rpt
| Design            : spmw_harness
| Device            : xcu280-fsvh2892
| Speed File        : -2L  PRODUCTION 1.30 05-01-2022
| Design State      : Routed
| Temperature Grade : E
--------------------------------------------------------------------------------------------------------------------------------------------------

Timing Summary Report

------------------------------------------------------------------------------------------------
| Timer Settings
| --------------
------------------------------------------------------------------------------------------------

  Enable Multi Corner Analysis               :  Yes
  Enable Pessimism Removal                   :  Yes
  Pessimism Removal Resolution               :  Nearest Common Node
  Enable Input Delay Default Clock           :  No
  Enable Preset / Clear Arcs                 :  No
  Disable Flight Delays                      :  No
  Ignore I/O Paths                           :  No
  Timing Early Launch at Borrowing Latches   :  No
  Borrow Time for Max Delay Exceptions       :  Yes
  Merge Timing Exceptions                    :  Yes
  Inter-SLR Compensation                     :  Conservative

  Corner  Analyze    Analyze    
  Name    Max Paths  Min Paths  
  ------  ---------  ---------  
  Slow    Yes        Yes        
  Fast    Yes        Yes        


------------------------------------------------------------------------------------------------
| Report Methodology
| ------------------
------------------------------------------------------------------------------------------------

No report available as report_methodology has not been run prior. Run report_methodology on the current design for the summary of methodology violations.



check_timing report

Table of Contents
-----------------
1. checking no_clock (0)
2. checking constant_clock (0)
3. checking pulse_width_clock (0)
4. checking unconstrained_internal_endpoints (0)
5. checking no_input_delay (2)
6. checking no_output_delay (7)
7. checking multiple_clock (0)
8. checking generated_clocks (0)
9. checking loops (0)
10. checking partial_input_delay (0)
11. checking partial_output_delay (0)
12. checking latch_loops (0)

1. checking no_clock (0)
------------------------
 There are 0 register/latch pins with no clock.


2. checking constant_clock (0)
------------------------------
 There are 0 register/latch pins with constant_clock.


3. checking pulse_width_clock (0)
---------------------------------
 There are 0 register/latch pins which need pulse_width check


4. checking unconstrained_internal_endpoints (0)
------------------------------------------------
 There are 0 pins that are not constrained for maximum delay.

 There are 0 pins that are not constrained for maximum delay due to constant clock.


5. checking no_input_delay (2)
------------------------------
 There are 2 input ports with no input delay specified. (HIGH)

 There are 0 input ports with no input delay but user has a false path constraint.


6. checking no_output_delay (7)
-------------------------------
 There are 7 ports with no output delay specified. (HIGH)

 There are 0 ports with no output delay but user has a false path constraint

 There are 0 ports with no output delay but with a timing clock defined on it or propagating through it


7. checking multiple_clock (0)
------------------------------
 There are 0 register/latch pins with multiple clocks.


8. checking generated_clocks (0)
--------------------------------
 There are 0 generated clocks that are not connected to a clock source.


9. checking loops (0)
---------------------
 There are 0 combinational loops in the design.


10. checking partial_input_delay (0)
------------------------------------
 There are 0 input ports with partial input delay specified.


11. checking partial_output_delay (0)
-------------------------------------
 There are 0 ports with partial output delay specified.


12. checking latch_loops (0)
----------------------------
 There are 0 combinational latch loops in the design through latch input



------------------------------------------------------------------------------------------------
| Design Timing Summary
| ---------------------
------------------------------------------------------------------------------------------------

    WNS(ns)      TNS(ns)  TNS Failing Endpoints  TNS Total Endpoints      WHS(ns)      THS(ns)  THS Failing Endpoints  THS Total Endpoints     WPWS(ns)     TPWS(ns)  TPWS Failing Endpoints  TPWS Total Endpoints  
    -------      -------  ---------------------  -------------------      -------      -------  ---------------------  -------------------     --------     --------  ----------------------  --------------------  
     -1.482    -5380.471                   9739                27590        0.009        0.000                      0                27590        1.134        0.000                       0                 13532  


Timing constraints are not met.


------------------------------------------------------------------------------------------------
| Clock Summary
| -------------
------------------------------------------------------------------------------------------------

Clock   Waveform(ns)         Period(ns)      Frequency(MHz)
-----   ------------         ----------      --------------
ap_clk  {0.000 1.666}        3.333           300.030         


------------------------------------------------------------------------------------------------
| Intra Clock Table
| -----------------
------------------------------------------------------------------------------------------------

Clock             WNS(ns)      TNS(ns)  TNS Failing Endpoints  TNS Total Endpoints      WHS(ns)      THS(ns)  THS Failing Endpoints  THS Total Endpoints     WPWS(ns)     TPWS(ns)  TPWS Failing Endpoints  TPWS Total Endpoints  
-----             -------      -------  ---------------------  -------------------      -------      -------  ---------------------  -------------------     --------     --------  ----------------------  --------------------  
ap_clk             -1.482    -5380.471                   9739                27590        0.009        0.000                      0                27590        1.134        0.000                       0                 13532  


------------------------------------------------------------------------------------------------
| Inter Clock Table
| -----------------
------------------------------------------------------------------------------------------------

From Clock    To Clock          WNS(ns)      TNS(ns)  TNS Failing Endpoints  TNS Total Endpoints      WHS(ns)      THS(ns)  THS Failing Endpoints  THS Total Endpoints  
----------    --------          -------      -------  ---------------------  -------------------      -------      -------  ---------------------  -------------------  


------------------------------------------------------------------------------------------------
| Other Path Groups Table
| -----------------------
------------------------------------------------------------------------------------------------

Path Group    From Clock    To Clock          WNS(ns)      TNS(ns)  TNS Failing Endpoints  TNS Total Endpoints      WHS(ns)      THS(ns)  THS Failing Endpoints  THS Total Endpoints  
----------    ----------    --------          -------      -------  ---------------------  -------------------      -------      -------  ---------------------  -------------------  


------------------------------------------------------------------------------------------------
| Timing Details
| --------------
------------------------------------------------------------------------------------------------


---------------------------------------------------------------------------------------------------
From Clock:  ap_clk
  To Clock:  ap_clk

Setup :         9739  Failing Endpoints,  Worst Slack       -1.482ns,  Total Violation    -5380.471ns
Hold  :            0  Failing Endpoints,  Worst Slack        0.009ns,  Total Violation        0.000ns
PW    :            0  Failing Endpoints,  Worst Slack        1.134ns,  Total Violation        0.000ns
---------------------------------------------------------------------------------------------------


Max Delay Paths
--------------------------------------------------------------------------------------
Slack (VIOLATED) :        -1.482ns  (required time - arrival time)
  Source:                 dut/g_blk4_a3_out_a3_in[15].u/one.v0_reg/C
                            (rising edge-triggered cell FDRE clocked by ap_clk  {rise@0.000ns fall@1.666ns period=3.333ns})
  Destination:            dut/g_blk4_w1_out_w1_in[1].u/one.q0_reg[0]/CE
                            (rising edge-triggered cell FDRE clocked by ap_clk  {rise@0.000ns fall@1.666ns period=3.333ns})
  Path Group:             ap_clk
  Path Type:              Setup (Max at Slow Process Corner)
  Requirement:            3.333ns  (ap_clk rise@3.333ns - ap_clk rise@0.000ns)
  Data Path Delay:        4.633ns  (logic 1.689ns (36.459%)  route 2.944ns (63.541%))
  Logic Levels:           22  (LUT4=5 LUT5=6 LUT6=11)
  Clock Path Skew:        -0.086ns (DCD - SCD + CPR)
    Destination Clock Delay (DCD):    2.477ns = ( 5.810 - 3.333 ) 
    Source Clock Delay      (SCD):    2.991ns
    Clock Pessimism Removal (CPR):    0.428ns
  Clock Uncertainty:      0.035ns  ((TSJ^2 + TIJ^2)^1/2 + DJ) / 2 + PE
    Total System Jitter     (TSJ):    0.071ns
    Total Input Jitter      (TIJ):    0.000ns
    Discrete Jitter          (DJ):    0.000ns
    Phase Error              (PE):    0.000ns
  Clock Net Delay (Source):      2.004ns (routing 0.931ns, distribution 1.073ns)
  Clock Net Delay (Destination): 1.782ns (routing 0.848ns, distribution 0.934ns)

    Location             Delay type                Incr(ns)  Path(ns)    Netlist Resource(s)
  -------------------------------------------------------------------    -------------------
                         (clock ap_clk rise edge)     0.000     0.000 r  
    BH26                                              0.000     0.000 r  ap_clk (IN)
                         net (fo=0)                   0.000     0.000    ap_clk_IBUF_inst/I
    BH26                 INBUF (Prop_INBUF_HPIOB_M_PAD_O)
                                                      0.636     0.636 r  ap_clk_IBUF_inst/INBUF_INST/O
                         net (fo=1, routed)           0.000     0.636    ap_clk_IBUF_inst/OUT
    BH26                 IBUFCTRL (Prop_IBUFCTRL_HPIOB_M_I_O)
                                                      0.000     0.636 r  ap_clk_IBUF_inst/IBUFCTRL_INST/O
                         net (fo=1, routed)           0.323     0.959    ap_clk_IBUF
    BUFGCE_X0Y72         BUFGCE (Prop_BUFCE_BUFGCE_I_O)
                                                      0.028     0.987 r  ap_clk_IBUF_BUFG_inst/O
    X5Y2 (CLOCK_ROOT)    net (fo=13531, routed)       2.004     2.991    dut/g_blk4_a3_out_a3_in[15].u/ap_clk_IBUF_BUFG
    SLICE_X160Y105       FDRE                                         r  dut/g_blk4_a3_out_a3_in[15].u/one.v0_reg/C
  -------------------------------------------------------------------    -------------------
    SLICE_X160Y105       FDRE (Prop_BFF_SLICEL_C_Q)
                                                      0.079     3.070 r  dut/g_blk4_a3_out_a3_in[15].u/one.v0_reg/Q
                         net (fo=4, routed)           0.114     3.184    dut/g_blk4_a1_out_a1_in[15].u/blk4_a3_out_a3_in_empty_n[15]_115
    SLICE_X160Y105       LUT5 (Prop_G6LUT_SLICEL_I2_O)
                                                      0.149     3.333 f  dut/g_blk4_a1_out_a1_in[15].u/v246_fu_226[8]_i_10/O
                         net (fo=1, routed)           0.044     3.377    dut/u_blk4_r5_3_3/u/grp_blk4_r5_0_Pipeline_l_S_s_1_s_fu_150/flow_control_loop_pipe_sequential_init_U/v248_reg_1560_reg[0]_3
    SLICE_X160Y105       LUT6 (Prop_F6LUT_SLICEL_I5_O)
                                                      0.097     3.474 r  dut/u_blk4_r5_3_3/u/grp_blk4_r5_0_Pipeline_l_S_s_1_s_fu_150/flow_control_loop_pipe_sequential_init_U/v246_fu_226[8]_i_5/O
                         net (fo=152, routed)         0.110     3.584    dut/u_blk4_r5_3_3/u/grp_blk4_r5_0_Pipeline_l_S_s_1_s_fu_150/ap_block_pp0_stage0_subdone
    SLICE_X160Y106       LUT6 (Prop_F6LUT_SLICEL_I1_O)
                                                      0.049     3.633 r  dut/u_blk4_r5_3_3/u/grp_blk4_r5_0_Pipeline_l_S_s_1_s_fu_150/one.q0[7]_i_4__1/O
                         net (fo=12, routed)          0.112     3.745    dut/u_lanes4_r0_2/u/grp_lanes4_r0_0_Pipeline_l_S_m_0_m_fu_63/blk4_w0_out_w0_in_read[15]_170
    SLICE_X161Y106       LUT5 (Prop_E6LUT_SLICEM_I0_O)
                                                      0.037     3.782 r  dut/u_lanes4_r0_2/u/grp_lanes4_r0_0_Pipeline_l_S_m_0_m_fu_63/icmp_ln161_reg_1726[0]_i_9__2/O
                         net (fo=1, routed)           0.140     3.922    dut/u_lanes4_r0_2/u/grp_lanes4_r0_0_Pipeline_l_S_m_0_m_fu_63/icmp_ln161_reg_1726[0]_i_9__2_n_0
    SLICE_X161Y105       LUT4 (Prop_E6LUT_SLICEM_I2_O)
                                                      0.052     3.974 f  dut/u_lanes4_r0_2/u/grp_lanes4_r0_0_Pipeline_l_S_m_0_m_fu_63/icmp_ln161_reg_1726[0]_i_4__4/O
                         net (fo=3, routed)           0.149     4.124    dut/u_blk4_r1_3_2/u/grp_blk4_r1_0_Pipeline_l_S_s_1_s_fu_174/flow_control_loop_pipe_sequential_init_U/icmp_ln161_reg_1726_reg[0]_2
    SLICE_X162Y105       LUT4 (Prop_E6LUT_SLICEM_I3_O)
                                                      0.037     4.161 r  dut/u_blk4_r1_3_2/u/grp_blk4_r1_0_Pipeline_l_S_s_1_s_fu_174/flow_control_loop_pipe_sequential_init_U/icmp_ln161_reg_1726[0]_i_1__4/O
                         net (fo=224, routed)         0.155     4.316    dut/u_blk4_r1_3_2/grp_blk4_r1_0_Pipeline_l_S_s_1_s_fu_174/ap_block_pp0_stage0_subdone
    SLICE_X163Y105       LUT6 (Prop_H6LUT_SLICEL_I0_O)
                                                      0.051     4.367 r  dut/u_blk4_r1_3_2/one.q0[7]_i_4/O
                         net (fo=12, routed)          0.051     4.418    dut/u_lanes4_r0_1/u/grp_lanes4_r0_0_Pipeline_l_S_m_0_m_fu_63/blk4_w0_out_w0_in_read[14]_249
    SLICE_X163Y105       LUT5 (Prop_F6LUT_SLICEL_I0_O)
                                                      0.089     4.507 r  dut/u_lanes4_r0_1/u/grp_lanes4_r0_0_Pipeline_l_S_m_0_m_fu_63/icmp_ln161_reg_1726[0]_i_8__7/O
                         net (fo=1, routed)           0.040     4.547    dut/u_lanes4_r0_1/u/grp_lanes4_r0_0_Pipeline_l_S_m_0_m_fu_63/icmp_ln161_reg_1726[0]_i_8__7_n_0
    SLICE_X163Y105       LUT4 (Prop_G6LUT_SLICEL_I1_O)
                                                      0.050     4.597 f  dut/u_lanes4_r0_1/u/grp_lanes4_r0_0_Pipeline_l_S_m_0_m_fu_63/icmp_ln161_reg_1726[0]_i_4__3/O
                         net (fo=3, routed)           0.059     4.657    dut/u_blk4_r1_3_1/u/grp_blk4_r1_0_Pipeline_l_S_s_1_s_fu_174/icmp_ln161_reg_1726_reg[0]_2
    SLICE_X163Y105       LUT5 (Prop_C6LUT_SLICEL_I3_O)
                                                      0.123     4.780 r  dut/u_blk4_r1_3_1/u/grp_blk4_r1_0_Pipeline_l_S_s_1_s_fu_174/one.q0[31]_i_2__10/O
                         net (fo=20, routed)          0.258     5.038    dut/u_blk4_r1_3_1/u/grp_blk4_r1_0_Pipeline_l_S_s_1_s_fu_174/blk4_a0_out_a0_in_read[13]_165
    SLICE_X164Y109       LUT6 (Prop_G6LUT_SLICEM_I0_O)
                                                      0.052     5.090 f  dut/u_blk4_r1_3_1/u/grp_blk4_r1_0_Pipeline_l_S_s_1_s_fu_174/icmp_ln161_reg_1726[0]_i_6__8/O
                         net (fo=2, routed)           0.056     5.146    dut/u_blk4_r1_3_1/u/grp_blk4_r1_0_Pipeline_l_S_s_1_s_fu_174/icmp_ln161_reg_1726[0]_i_6__8_n_0
    SLICE_X164Y109       LUT6 (Prop_B6LUT_SLICEM_I1_O)
                                                      0.125     5.271 f  dut/u_blk4_r1_3_1/u/grp_blk4_r1_0_Pipeline_l_S_s_1_s_fu_174/v266_fu_252[8]_i_5/O
                         net (fo=42, routed)          0.189     5.460    dut/u_blk4_r7_3_0/u/grp_blk4_r7_0_Pipeline_l_S_s_1_s_fu_174/ap_block_pp0_stage0_11001
    SLICE_X166Y107       LUT5 (Prop_E6LUT_SLICEM_I2_O)
                                                      0.100     5.560 r  dut/u_blk4_r7_3_0/u/grp_blk4_r7_0_Pipeline_l_S_s_1_s_fu_174/icmp_ln161_reg_1726[0]_i_9/O
                         net (fo=1, routed)           0.135     5.695    dut/u_blk4_r7_3_0/u/grp_blk4_r7_0_Pipeline_l_S_s_1_s_fu_174/blk4_p1_out_p1_in_full_n[12]_525
    SLICE_X166Y105       LUT5 (Prop_G6LUT_SLICEM_I4_O)
                                                      0.052     5.747 f  dut/u_blk4_r7_3_0/u/grp_blk4_r7_0_Pipeline_l_S_s_1_s_fu_174/icmp_ln161_reg_1726[0]_i_4__9/O
                         net (fo=2, routed)           0.090     5.837    dut/u_blk4_r4_2_0/u/grp_blk4_r4_0_Pipeline_l_S_s_1_s_fu_174/flow_control_loop_pipe_sequential_init_U/ap_loop_exit_ready_pp0_iter1_reg_reg_4
    SLICE_X166Y104       LUT6 (Prop_F6LUT_SLICEM_I3_O)
                                                      0.098     5.935 f  dut/u_blk4_r4_2_0/u/grp_blk4_r4_0_Pipeline_l_S_s_1_s_fu_174/flow_control_loop_pipe_sequential_init_U/i___495_i_2__2/O
                         net (fo=16, routed)          0.114     6.050    dut/u_blk4_r4_2_0/grp_blk4_r4_0_Pipeline_l_S_s_1_s_fu_174/ap_block_pp0_stage0_11001
    SLICE_X166Y102       LUT4 (Prop_G6LUT_SLICEM_I1_O)
                                                      0.037     6.087 r  dut/u_blk4_r4_2_0/one.q0[31]_i_2/O
                         net (fo=10, routed)          0.203     6.289    dut/u_blk4_r0_1_1/u/grp_blk4_r0_0_Pipeline_l_S_s_1_s_fu_174/blk4_p0_out_p0_in_read[8]_322
    SLICE_X166Y98        LUT6 (Prop_F6LUT_SLICEM_I2_O)
                                                      0.037     6.326 f  dut/u_blk4_r0_1_1/u/grp_blk4_r0_0_Pipeline_l_S_s_1_s_fu_174/icmp_ln161_reg_1726[0]_i_4__8/O
                         net (fo=2, routed)           0.259     6.586    dut/u_blk4_r0_1_1/u/grp_blk4_r0_0_Pipeline_l_S_s_1_s_fu_174/icmp_ln161_reg_1726[0]_i_4__8_n_0
    SLICE_X166Y85        LUT6 (Prop_A6LUT_SLICEM_I3_O)
                                                      0.038     6.624 f  dut/u_blk4_r0_1_1/u/grp_blk4_r0_0_Pipeline_l_S_s_1_s_fu_174/i___495_i_2__1/O
                         net (fo=35, routed)          0.074     6.698    dut/u_blk4_r4_1_0/ap_block_pp0_stage0_11001
    SLICE_X166Y84        LUT4 (Prop_G6LUT_SLICEM_I1_O)
                                                      0.037     6.735 r  dut/u_blk4_r4_1_0/one.q0[31]_i_2/O
                         net (fo=6, routed)           0.061     6.796    dut/g_blk4_p0_out_p0_in[4].u/blk4_p0_out_p0_in_read[4]_307
    SLICE_X166Y84        LUT6 (Prop_A6LUT_SLICEM_I4_O)
                                                      0.125     6.921 f  dut/g_blk4_p0_out_p0_in[4].u/icmp_ln161_reg_1726[0]_i_4__7/O
                         net (fo=4, routed)           0.143     7.064    dut/u_blk4_r8_0_0/u/grp_blk4_r8_0_Pipeline_l_S_s_1_s_fu_174/v246_fu_172_reg[7]_3
    SLICE_X166Y81        LUT6 (Prop_F6LUT_SLICEM_I3_O)
                                                      0.051     7.115 r  dut/u_blk4_r8_0_0/u/grp_blk4_r8_0_Pipeline_l_S_s_1_s_fu_174/one.q0[31]_i_3/O
                         net (fo=24, routed)          0.213     7.328    dut/u_blk4_r8_0_0/u/grp_blk4_r8_0_Pipeline_l_S_s_1_s_fu_174/ap_enable_reg_pp0_iter2_reg_0
    SLICE_X165Y79        LUT6 (Prop_A6LUT_SLICEL_I3_O)
                                                      0.124     7.452 r  dut/u_blk4_r8_0_0/u/grp_blk4_r8_0_Pipeline_l_S_s_1_s_fu_174/one.q0[7]_i_1__58/O
                         net (fo=8, routed)           0.171     7.623    dut/g_blk4_w1_out_w1_in[1].u/E[0]
    SLICE_X164Y79        FDRE                                         r  dut/g_blk4_w1_out_w1_in[1].u/one.q0_reg[0]/CE
  -------------------------------------------------------------------    -------------------

                         (clock ap_clk rise edge)     3.333     3.333 r  
    BH26                                              0.000     3.333 r  ap_clk (IN)
                         net (fo=0)                   0.000     3.333    ap_clk_IBUF_inst/I
    BH26                 INBUF (Prop_INBUF_HPIOB_M_PAD_O)
                                                      0.385     3.718 r  ap_clk_IBUF_inst/INBUF_INST/O
                         net (fo=1, routed)           0.000     3.718    ap_clk_IBUF_inst/OUT
    BH26                 IBUFCTRL (Prop_IBUFCTRL_HPIOB_M_I_O)
                                                      0.000     3.718 r  ap_clk_IBUF_inst/IBUFCTRL_INST/O
                         net (fo=1, routed)           0.286     4.004    ap_clk_IBUF
    BUFGCE_X0Y72         BUFGCE (Prop_BUFCE_BUFGCE_I_O)
                                                      0.024     4.028 r  ap_clk_IBUF_BUFG_inst/O
    X5Y2 (CLOCK_ROOT)    net (fo=13531, routed)       1.782     5.810    dut/g_blk4_w1_out_w1_in[1].u/ap_clk_IBUF_BUFG
    SLICE_X164Y79        FDRE                                         r  dut/g_blk4_w1_out_w1_in[1].u/one.q0_reg[0]/C
                         clock pessimism              0.428     6.238    
                         clock uncertainty           -0.035     6.203    
    SLICE_X164Y79        FDRE (Setup_HFF2_SLICEM_C_CE)
                                                     -0.061     6.142    dut/g_blk4_w1_out_w1_in[1].u/one.q0_reg[0]
  -------------------------------------------------------------------
                         required time                          6.142    
                         arrival time                          -7.623    
  -------------------------------------------------------------------
                         slack                                 -1.482    





Min Delay Paths
--------------------------------------------------------------------------------------
Slack (MET) :             0.009ns  (arrival time - required time)
  Source:                 dut/u_blk4_r3_1_3/u/grp_blk4_r3_0_Pipeline_l_S_k_0_k_fu_122/n0_0_fu_138_reg[4]/C
                            (rising edge-triggered cell FDRE clocked by ap_clk  {rise@0.000ns fall@1.666ns period=3.333ns})
  Destination:            dut/u_blk4_r3_1_3/u/grp_blk4_r3_0_Pipeline_l_S_k_0_k_fu_122/n0_1_4_fu_134_reg[4]/D
                            (rising edge-triggered cell FDRE clocked by ap_clk  {rise@0.000ns fall@1.666ns period=3.333ns})
  Path Group:             ap_clk
  Path Type:              Hold (Min at Slow Process Corner)
  Requirement:            0.000ns  (ap_clk rise@0.000ns - ap_clk rise@0.000ns)
  Data Path Delay:        0.281ns  (logic 0.058ns (20.670%)  route 0.223ns (79.330%))
  Logic Levels:           0  
  Clock Path Skew:        0.211ns (DCD - SCD - CPR)
    Destination Clock Delay (DCD):    3.067ns
    Source Clock Delay      (SCD):    2.480ns
    Clock Pessimism Removal (CPR):    0.375ns
  Clock Net Delay (Source):      1.786ns (routing 0.848ns, distribution 0.938ns)
  Clock Net Delay (Destination): 2.080ns (routing 0.931ns, distribution 1.149ns)

    Location             Delay type                Incr(ns)  Path(ns)    Netlist Resource(s)
  -------------------------------------------------------------------    -------------------
                         (clock ap_clk rise edge)     0.000     0.000 r  
    BH26                                              0.000     0.000 r  ap_clk (IN)
                         net (fo=0)                   0.000     0.000    ap_clk_IBUF_inst/I
    BH26                 INBUF (Prop_INBUF_HPIOB_M_PAD_O)
                                                      0.385     0.385 r  ap_clk_IBUF_inst/INBUF_INST/O
                         net (fo=1, routed)           0.000     0.385    ap_clk_IBUF_inst/OUT
    BH26                 IBUFCTRL (Prop_IBUFCTRL_HPIOB_M_I_O)
                                                      0.000     0.385 r  ap_clk_IBUF_inst/IBUFCTRL_INST/O
                         net (fo=1, routed)           0.286     0.671    ap_clk_IBUF
    BUFGCE_X0Y72         BUFGCE (Prop_BUFCE_BUFGCE_I_O)
                                                      0.024     0.695 r  ap_clk_IBUF_BUFG_inst/O
    X5Y2 (CLOCK_ROOT)    net (fo=13531, routed)       1.786     2.480    dut/u_blk4_r3_1_3/u/grp_blk4_r3_0_Pipeline_l_S_k_0_k_fu_122/ap_clk_IBUF_BUFG
    SLICE_X142Y172       FDRE                                         r  dut/u_blk4_r3_1_3/u/grp_blk4_r3_0_Pipeline_l_S_k_0_k_fu_122/n0_0_fu_138_reg[4]/C
  -------------------------------------------------------------------    -------------------
    SLICE_X142Y172       FDRE (Prop_EFF_SLICEM_C_Q)
                                                      0.058     2.538 r  dut/u_blk4_r3_1_3/u/grp_blk4_r3_0_Pipeline_l_S_k_0_k_fu_122/n0_0_fu_138_reg[4]/Q
                         net (fo=2, routed)           0.223     2.761    dut/u_blk4_r3_1_3/u/grp_blk4_r3_0_Pipeline_l_S_k_0_k_fu_122/grp_blk4_r3_0_Pipeline_l_S_k_0_k_fu_122_n0_1_out[4]
    SLICE_X142Y181       FDRE                                         r  dut/u_blk4_r3_1_3/u/grp_blk4_r3_0_Pipeline_l_S_k_0_k_fu_122/n0_1_4_fu_134_reg[4]/D
  -------------------------------------------------------------------    -------------------

                         (clock ap_clk rise edge)     0.000     0.000 r  
    BH26                                              0.000     0.000 r  ap_clk (IN)
                         net (fo=0)                   0.000     0.000    ap_clk_IBUF_inst/I
    BH26                 INBUF (Prop_INBUF_HPIOB_M_PAD_O)
                                                      0.636     0.636 r  ap_clk_IBUF_inst/INBUF_INST/O
                         net (fo=1, routed)           0.000     0.636    ap_clk_IBUF_inst/OUT
    BH26                 IBUFCTRL (Prop_IBUFCTRL_HPIOB_M_I_O)
                                                      0.000     0.636 r  ap_clk_IBUF_inst/IBUFCTRL_INST/O
                         net (fo=1, routed)           0.323     0.959    ap_clk_IBUF
    BUFGCE_X0Y72         BUFGCE (Prop_BUFCE_BUFGCE_I_O)
                                                      0.028     0.987 r  ap_clk_IBUF_BUFG_inst/O
    X5Y2 (CLOCK_ROOT)    net (fo=13531, routed)       2.080     3.067    dut/u_blk4_r3_1_3/u/grp_blk4_r3_0_Pipeline_l_S_k_0_k_fu_122/ap_clk_IBUF_BUFG
    SLICE_X142Y181       FDRE                                         r  dut/u_blk4_r3_1_3/u/grp_blk4_r3_0_Pipeline_l_S_k_0_k_fu_122/n0_1_4_fu_134_reg[4]/C
                         clock pessimism             -0.375     2.692    
    SLICE_X142Y181       FDRE (Hold_AFF_SLICEM_C_D)
                                                      0.060     2.752    dut/u_blk4_r3_1_3/u/grp_blk4_r3_0_Pipeline_l_S_k_0_k_fu_122/n0_1_4_fu_134_reg[4]
  -------------------------------------------------------------------
                         required time                         -2.752    
                         arrival time                           2.761    
  -------------------------------------------------------------------
                         slack                                  0.009    





Pulse Width Checks
--------------------------------------------------------------------------------------
Clock Name:         ap_clk
Waveform(ns):       { 0.000 1.666 }
Period(ns):         3.333
Sources:            { ap_clk }

Check Type        Corner  Lib Pin     Reference Pin  Required(ns)  Actual(ns)  Slack(ns)  Location       Pin
Min Period        n/a     BUFGCE/I    n/a            1.290         3.333       2.043      BUFGCE_X0Y72   ap_clk_IBUF_BUFG_inst/I
Low Pulse Width   Slow    SRL16E/CLK  n/a            0.532         1.667       1.135      SLICE_X180Y64  gen_blk4_a0_in_bind[0].lf_blk4_a0_in_bind_reg[19]_srl12___gen_lanes4_b_mem_r_10/CLK
High Pulse Width  Slow    SRL16E/CLK  n/a            0.532         1.666       1.134      SLICE_X180Y64  gen_blk4_a0_in_bind[0].lf_blk4_a0_in_bind_reg[19]_srl12___gen_lanes4_b_mem_r_10/CLK



