Copyright 1986-2022 Xilinx, Inc. All Rights Reserved. Copyright 2022-2023 Advanced Micro Devices, Inc. All Rights Reserved.
---------------------------------------------------------------------------------------------------------------------------------------------
| Tool Version : Vivado v.2023.2 (lin64) Build 4029153 Fri Oct 13 20:13:54 MDT 2023
| Date         : Wed Sep 23 04:32:03 2026
| Host         : brg-zhang-xcel.ece.cornell.edu running 64-bit Red Hat Enterprise Linux 9.8 (Plow)
| Command      : report_utilization -hierarchical -hierarchical_depth 3 -file /scratch/hc676/e9_lean/b_tpumicro-fused4-d1_16/util_hier.rpt
| Design       : spmw_harness
| Device       : xcu280-fsvh2892-2L-e
| Speed File   : -2L
| Design State : Routed
---------------------------------------------------------------------------------------------------------------------------------------------

Utilization Design Information

Table of Contents
-----------------
1. Utilization by Hierarchy

1. Utilization by Hierarchy
---------------------------

+-------------------------------+-------------------------------+------------+------------+---------+------+-------+--------+--------+------+------------+
|            Instance           |             Module            | Total LUTs | Logic LUTs | LUTRAMs | SRLs |  FFs  | RAMB36 | RAMB18 | URAM | DSP Blocks |
+-------------------------------+-------------------------------+------------+------------+---------+------+-------+--------+--------+------+------------+
| spmw_harness                  |                         (top) |      25674 |      25602 |       0 |   72 | 13459 |      0 |      0 |    0 |          0 |
|   (spmw_harness)              |                         (top) |       5239 |       5167 |       0 |   72 |   955 |      0 |      0 |    0 |          0 |
|   dut                         |                      spmw_top |      20686 |      20686 |       0 |    0 | 12504 |      0 |      0 |    0 |          0 |
|     g_blk4_a0_out_a0_in[10].u |                     spmw_fifo |         56 |         56 |       0 |    0 |     9 |      0 |      0 |    0 |          0 |
|     g_blk4_a0_out_a0_in[11].u |                   spmw_fifo_0 |         54 |         54 |       0 |    0 |     9 |      0 |      0 |    0 |          0 |
|     g_blk4_a0_out_a0_in[13].u |                   spmw_fifo_1 |         53 |         53 |       0 |    0 |     9 |      0 |      0 |    0 |          0 |
|     g_blk4_a0_out_a0_in[14].u |                   spmw_fifo_2 |         52 |         52 |       0 |    0 |     9 |      0 |      0 |    0 |          0 |
|     g_blk4_a0_out_a0_in[15].u |                   spmw_fifo_3 |         44 |         44 |       0 |    0 |     9 |      0 |      0 |    0 |          0 |
|     g_blk4_a0_out_a0_in[1].u  |                   spmw_fifo_4 |         54 |         54 |       0 |    0 |     9 |      0 |      0 |    0 |          0 |
|     g_blk4_a0_out_a0_in[2].u  |                   spmw_fifo_5 |         54 |         54 |       0 |    0 |     9 |      0 |      0 |    0 |          0 |
|     g_blk4_a0_out_a0_in[3].u  |                   spmw_fifo_6 |         44 |         44 |       0 |    0 |     9 |      0 |      0 |    0 |          0 |
|     g_blk4_a0_out_a0_in[5].u  |                   spmw_fifo_7 |         56 |         56 |       0 |    0 |     9 |      0 |      0 |    0 |          0 |
|     g_blk4_a0_out_a0_in[6].u  |                   spmw_fifo_8 |         54 |         54 |       0 |    0 |     9 |      0 |      0 |    0 |          0 |
|     g_blk4_a0_out_a0_in[7].u  |                   spmw_fifo_9 |         52 |         52 |       0 |    0 |     9 |      0 |      0 |    0 |          0 |
|     g_blk4_a0_out_a0_in[9].u  |                  spmw_fifo_10 |         53 |         53 |       0 |    0 |     9 |      0 |      0 |    0 |          0 |
|     g_blk4_a1_out_a1_in[10].u |                  spmw_fifo_11 |         53 |         53 |       0 |    0 |     9 |      0 |      0 |    0 |          0 |
|     g_blk4_a1_out_a1_in[11].u |                  spmw_fifo_12 |         48 |         48 |       0 |    0 |     9 |      0 |      0 |    0 |          0 |
|     g_blk4_a1_out_a1_in[13].u |                  spmw_fifo_13 |         54 |         54 |       0 |    0 |     9 |      0 |      0 |    0 |          0 |
|     g_blk4_a1_out_a1_in[14].u |                  spmw_fifo_14 |         50 |         50 |       0 |    0 |     9 |      0 |      0 |    0 |          0 |
|     g_blk4_a1_out_a1_in[15].u |                  spmw_fifo_15 |         45 |         45 |       0 |    0 |     9 |      0 |      0 |    0 |          0 |
|     g_blk4_a1_out_a1_in[1].u  |                  spmw_fifo_16 |         55 |         55 |       0 |    0 |     9 |      0 |      0 |    0 |          0 |
|     g_blk4_a1_out_a1_in[2].u  |                  spmw_fifo_17 |         52 |         52 |       0 |    0 |     9 |      0 |      0 |    0 |          0 |
|     g_blk4_a1_out_a1_in[3].u  |                  spmw_fifo_18 |         44 |         44 |       0 |    0 |     9 |      0 |      0 |    0 |          0 |
|     g_blk4_a1_out_a1_in[5].u  |                  spmw_fifo_19 |         54 |         54 |       0 |    0 |     9 |      0 |      0 |    0 |          0 |
|     g_blk4_a1_out_a1_in[6].u  |                  spmw_fifo_20 |         55 |         55 |       0 |    0 |     9 |      0 |      0 |    0 |          0 |
|     g_blk4_a1_out_a1_in[7].u  |                  spmw_fifo_21 |         55 |         55 |       0 |    0 |     9 |      0 |      0 |    0 |          0 |
|     g_blk4_a1_out_a1_in[9].u  |                  spmw_fifo_22 |         51 |         51 |       0 |    0 |     9 |      0 |      0 |    0 |          0 |
|     g_blk4_a2_out_a2_in[10].u |                  spmw_fifo_23 |         54 |         54 |       0 |    0 |     9 |      0 |      0 |    0 |          0 |
|     g_blk4_a2_out_a2_in[11].u |                  spmw_fifo_24 |         53 |         53 |       0 |    0 |     9 |      0 |      0 |    0 |          0 |
|     g_blk4_a2_out_a2_in[13].u |                  spmw_fifo_25 |         52 |         52 |       0 |    0 |     9 |      0 |      0 |    0 |          0 |
|     g_blk4_a2_out_a2_in[14].u |                  spmw_fifo_26 |         53 |         53 |       0 |    0 |     9 |      0 |      0 |    0 |          0 |
|     g_blk4_a2_out_a2_in[15].u |                  spmw_fifo_27 |         44 |         44 |       0 |    0 |     9 |      0 |      0 |    0 |          0 |
|     g_blk4_a2_out_a2_in[1].u  |                  spmw_fifo_28 |         50 |         50 |       0 |    0 |     9 |      0 |      0 |    0 |          0 |
|     g_blk4_a2_out_a2_in[2].u  |                  spmw_fifo_29 |         53 |         53 |       0 |    0 |     9 |      0 |      0 |    0 |          0 |
|     g_blk4_a2_out_a2_in[3].u  |                  spmw_fifo_30 |         46 |         46 |       0 |    0 |     9 |      0 |      0 |    0 |          0 |
|     g_blk4_a2_out_a2_in[5].u  |                  spmw_fifo_31 |         54 |         54 |       0 |    0 |     9 |      0 |      0 |    0 |          0 |
|     g_blk4_a2_out_a2_in[6].u  |                  spmw_fifo_32 |         57 |         57 |       0 |    0 |     9 |      0 |      0 |    0 |          0 |
|     g_blk4_a2_out_a2_in[7].u  |                  spmw_fifo_33 |         55 |         55 |       0 |    0 |     9 |      0 |      0 |    0 |          0 |
|     g_blk4_a2_out_a2_in[9].u  |                  spmw_fifo_34 |         49 |         49 |       0 |    0 |     9 |      0 |      0 |    0 |          0 |
|     g_blk4_a3_out_a3_in[10].u |                  spmw_fifo_35 |         53 |         53 |       0 |    0 |     9 |      0 |      0 |    0 |          0 |
|     g_blk4_a3_out_a3_in[11].u |                  spmw_fifo_36 |         48 |         48 |       0 |    0 |     9 |      0 |      0 |    0 |          0 |
|     g_blk4_a3_out_a3_in[13].u |                  spmw_fifo_37 |         55 |         55 |       0 |    0 |     9 |      0 |      0 |    0 |          0 |
|     g_blk4_a3_out_a3_in[14].u |                  spmw_fifo_38 |         52 |         52 |       0 |    0 |     9 |      0 |      0 |    0 |          0 |
|     g_blk4_a3_out_a3_in[15].u |                  spmw_fifo_39 |         44 |         44 |       0 |    0 |     9 |      0 |      0 |    0 |          0 |
|     g_blk4_a3_out_a3_in[1].u  |                  spmw_fifo_40 |         52 |         52 |       0 |    0 |     9 |      0 |      0 |    0 |          0 |
|     g_blk4_a3_out_a3_in[2].u  |                  spmw_fifo_41 |         55 |         55 |       0 |    0 |     9 |      0 |      0 |    0 |          0 |
|     g_blk4_a3_out_a3_in[3].u  |                  spmw_fifo_42 |         44 |         44 |       0 |    0 |     9 |      0 |      0 |    0 |          0 |
|     g_blk4_a3_out_a3_in[5].u  |                  spmw_fifo_43 |         53 |         53 |       0 |    0 |     9 |      0 |      0 |    0 |          0 |
|     g_blk4_a3_out_a3_in[6].u  |                  spmw_fifo_44 |         55 |         55 |       0 |    0 |     9 |      0 |      0 |    0 |          0 |
|     g_blk4_a3_out_a3_in[7].u  |                  spmw_fifo_45 |         51 |         51 |       0 |    0 |     9 |      0 |      0 |    0 |          0 |
|     g_blk4_a3_out_a3_in[9].u  |                  spmw_fifo_46 |         50 |         50 |       0 |    0 |     9 |      0 |      0 |    0 |          0 |
|     g_blk4_p0_out_p0_in[10].u |     spmw_fifo__parameterized0 |         17 |         17 |       0 |    0 |    33 |      0 |      0 |    0 |          0 |
|     g_blk4_p0_out_p0_in[11].u |  spmw_fifo__parameterized0_47 |         17 |         17 |       0 |    0 |    33 |      0 |      0 |    0 |          0 |
|     g_blk4_p0_out_p0_in[12].u |  spmw_fifo__parameterized0_48 |         13 |         13 |       0 |    0 |    33 |      0 |      0 |    0 |          0 |
|     g_blk4_p0_out_p0_in[13].u |  spmw_fifo__parameterized0_49 |         17 |         17 |       0 |    0 |    33 |      0 |      0 |    0 |          0 |
|     g_blk4_p0_out_p0_in[14].u |  spmw_fifo__parameterized0_50 |         17 |         17 |       0 |    0 |    33 |      0 |      0 |    0 |          0 |
|     g_blk4_p0_out_p0_in[15].u |  spmw_fifo__parameterized0_51 |         13 |         13 |       0 |    0 |    33 |      0 |      0 |    0 |          0 |
|     g_blk4_p0_out_p0_in[4].u  |  spmw_fifo__parameterized0_52 |         18 |         18 |       0 |    0 |    33 |      0 |      0 |    0 |          0 |
|     g_blk4_p0_out_p0_in[5].u  |  spmw_fifo__parameterized0_53 |         17 |         17 |       0 |    0 |    33 |      0 |      0 |    0 |          0 |
|     g_blk4_p0_out_p0_in[6].u  |  spmw_fifo__parameterized0_54 |         17 |         17 |       0 |    0 |    33 |      0 |      0 |    0 |          0 |
|     g_blk4_p0_out_p0_in[7].u  |  spmw_fifo__parameterized0_55 |         17 |         17 |       0 |    0 |    33 |      0 |      0 |    0 |          0 |
|     g_blk4_p0_out_p0_in[8].u  |  spmw_fifo__parameterized0_56 |         17 |         17 |       0 |    0 |    33 |      0 |      0 |    0 |          0 |
|     g_blk4_p0_out_p0_in[9].u  |  spmw_fifo__parameterized0_57 |         17 |         17 |       0 |    0 |    33 |      0 |      0 |    0 |          0 |
|     g_blk4_p1_out_p1_in[10].u |  spmw_fifo__parameterized0_58 |         17 |         17 |       0 |    0 |    33 |      0 |      0 |    0 |          0 |
|     g_blk4_p1_out_p1_in[11].u |  spmw_fifo__parameterized0_59 |         18 |         18 |       0 |    0 |    33 |      0 |      0 |    0 |          0 |
|     g_blk4_p1_out_p1_in[12].u |  spmw_fifo__parameterized0_60 |         14 |         14 |       0 |    0 |    33 |      0 |      0 |    0 |          0 |
|     g_blk4_p1_out_p1_in[13].u |  spmw_fifo__parameterized0_61 |         17 |         17 |       0 |    0 |    33 |      0 |      0 |    0 |          0 |
|     g_blk4_p1_out_p1_in[14].u |  spmw_fifo__parameterized0_62 |         17 |         17 |       0 |    0 |    33 |      0 |      0 |    0 |          0 |
|     g_blk4_p1_out_p1_in[15].u |  spmw_fifo__parameterized0_63 |         14 |         14 |       0 |    0 |    33 |      0 |      0 |    0 |          0 |
|     g_blk4_p1_out_p1_in[4].u  |  spmw_fifo__parameterized0_64 |         19 |         19 |       0 |    0 |    33 |      0 |      0 |    0 |          0 |
|     g_blk4_p1_out_p1_in[5].u  |  spmw_fifo__parameterized0_65 |         17 |         17 |       0 |    0 |    33 |      0 |      0 |    0 |          0 |
|     g_blk4_p1_out_p1_in[6].u  |  spmw_fifo__parameterized0_66 |         17 |         17 |       0 |    0 |    33 |      0 |      0 |    0 |          0 |
|     g_blk4_p1_out_p1_in[7].u  |  spmw_fifo__parameterized0_67 |         18 |         18 |       0 |    0 |    33 |      0 |      0 |    0 |          0 |
|     g_blk4_p1_out_p1_in[8].u  |  spmw_fifo__parameterized0_68 |         18 |         18 |       0 |    0 |    33 |      0 |      0 |    0 |          0 |
|     g_blk4_p1_out_p1_in[9].u  |  spmw_fifo__parameterized0_69 |         17 |         17 |       0 |    0 |    33 |      0 |      0 |    0 |          0 |
|     g_blk4_p2_out_p2_in[10].u |  spmw_fifo__parameterized0_70 |         17 |         17 |       0 |    0 |    33 |      0 |      0 |    0 |          0 |
|     g_blk4_p2_out_p2_in[11].u |  spmw_fifo__parameterized0_71 |         17 |         17 |       0 |    0 |    33 |      0 |      0 |    0 |          0 |
|     g_blk4_p2_out_p2_in[12].u |  spmw_fifo__parameterized0_72 |         13 |         13 |       0 |    0 |    33 |      0 |      0 |    0 |          0 |
|     g_blk4_p2_out_p2_in[13].u |  spmw_fifo__parameterized0_73 |         17 |         17 |       0 |    0 |    33 |      0 |      0 |    0 |          0 |
|     g_blk4_p2_out_p2_in[14].u |  spmw_fifo__parameterized0_74 |         17 |         17 |       0 |    0 |    33 |      0 |      0 |    0 |          0 |
|     g_blk4_p2_out_p2_in[15].u |  spmw_fifo__parameterized0_75 |         13 |         13 |       0 |    0 |    33 |      0 |      0 |    0 |          0 |
|     g_blk4_p2_out_p2_in[4].u  |  spmw_fifo__parameterized0_76 |         17 |         17 |       0 |    0 |    33 |      0 |      0 |    0 |          0 |
|     g_blk4_p2_out_p2_in[5].u  |  spmw_fifo__parameterized0_77 |         17 |         17 |       0 |    0 |    33 |      0 |      0 |    0 |          0 |
|     g_blk4_p2_out_p2_in[6].u  |  spmw_fifo__parameterized0_78 |         17 |         17 |       0 |    0 |    33 |      0 |      0 |    0 |          0 |
|     g_blk4_p2_out_p2_in[7].u  |  spmw_fifo__parameterized0_79 |         17 |         17 |       0 |    0 |    33 |      0 |      0 |    0 |          0 |
|     g_blk4_p2_out_p2_in[8].u  |  spmw_fifo__parameterized0_80 |         17 |         17 |       0 |    0 |    33 |      0 |      0 |    0 |          0 |
|     g_blk4_p2_out_p2_in[9].u  |  spmw_fifo__parameterized0_81 |         17 |         17 |       0 |    0 |    33 |      0 |      0 |    0 |          0 |
|     g_blk4_p3_out_p3_in[10].u |  spmw_fifo__parameterized0_82 |         17 |         17 |       0 |    0 |    33 |      0 |      0 |    0 |          0 |
|     g_blk4_p3_out_p3_in[11].u |  spmw_fifo__parameterized0_83 |         17 |         17 |       0 |    0 |    33 |      0 |      0 |    0 |          0 |
|     g_blk4_p3_out_p3_in[12].u |  spmw_fifo__parameterized0_84 |         13 |         13 |       0 |    0 |    33 |      0 |      0 |    0 |          0 |
|     g_blk4_p3_out_p3_in[13].u |  spmw_fifo__parameterized0_85 |         17 |         17 |       0 |    0 |    33 |      0 |      0 |    0 |          0 |
|     g_blk4_p3_out_p3_in[14].u |  spmw_fifo__parameterized0_86 |         17 |         17 |       0 |    0 |    33 |      0 |      0 |    0 |          0 |
|     g_blk4_p3_out_p3_in[15].u |  spmw_fifo__parameterized0_87 |         13 |         13 |       0 |    0 |    33 |      0 |      0 |    0 |          0 |
|     g_blk4_p3_out_p3_in[4].u  |  spmw_fifo__parameterized0_88 |         17 |         17 |       0 |    0 |    33 |      0 |      0 |    0 |          0 |
|     g_blk4_p3_out_p3_in[5].u  |  spmw_fifo__parameterized0_89 |         17 |         17 |       0 |    0 |    33 |      0 |      0 |    0 |          0 |
|     g_blk4_p3_out_p3_in[6].u  |  spmw_fifo__parameterized0_90 |         17 |         17 |       0 |    0 |    33 |      0 |      0 |    0 |          0 |
|     g_blk4_p3_out_p3_in[7].u  |  spmw_fifo__parameterized0_91 |         17 |         17 |       0 |    0 |    33 |      0 |      0 |    0 |          0 |
|     g_blk4_p3_out_p3_in[8].u  |  spmw_fifo__parameterized0_92 |         17 |         17 |       0 |    0 |    33 |      0 |      0 |    0 |          0 |
|     g_blk4_p3_out_p3_in[9].u  |  spmw_fifo__parameterized0_93 |         17 |         17 |       0 |    0 |    33 |      0 |      0 |    0 |          0 |
|     g_blk4_w0_out_w0_in[10].u |                  spmw_fifo_94 |          0 |          0 |       0 |    0 |     9 |      0 |      0 |    0 |          0 |
|     g_blk4_w0_out_w0_in[11].u |                  spmw_fifo_95 |          0 |          0 |       0 |    0 |     9 |      0 |      0 |    0 |          0 |
|     g_blk4_w0_out_w0_in[13].u |                  spmw_fifo_96 |          0 |          0 |       0 |    0 |     9 |      0 |      0 |    0 |          0 |
|     g_blk4_w0_out_w0_in[14].u |                  spmw_fifo_97 |          0 |          0 |       0 |    0 |     9 |      0 |      0 |    0 |          0 |
|     g_blk4_w0_out_w0_in[15].u |                  spmw_fifo_98 |          0 |          0 |       0 |    0 |     9 |      0 |      0 |    0 |          0 |
|     g_blk4_w0_out_w0_in[1].u  |                  spmw_fifo_99 |          1 |          1 |       0 |    0 |     9 |      0 |      0 |    0 |          0 |
|     g_blk4_w0_out_w0_in[2].u  |                 spmw_fifo_100 |          0 |          0 |       0 |    0 |     9 |      0 |      0 |    0 |          0 |
|     g_blk4_w0_out_w0_in[3].u  |                 spmw_fifo_101 |          0 |          0 |       0 |    0 |     9 |      0 |      0 |    0 |          0 |
|     g_blk4_w0_out_w0_in[5].u  |                 spmw_fifo_102 |          0 |          0 |       0 |    0 |     9 |      0 |      0 |    0 |          0 |
|     g_blk4_w0_out_w0_in[6].u  |                 spmw_fifo_103 |          0 |          0 |       0 |    0 |     9 |      0 |      0 |    0 |          0 |
|     g_blk4_w0_out_w0_in[7].u  |                 spmw_fifo_104 |          0 |          0 |       0 |    0 |     9 |      0 |      0 |    0 |          0 |
|     g_blk4_w0_out_w0_in[9].u  |                 spmw_fifo_105 |          0 |          0 |       0 |    0 |     9 |      0 |      0 |    0 |          0 |
|     g_blk4_w1_out_w1_in[10].u |                 spmw_fifo_106 |          0 |          0 |       0 |    0 |     9 |      0 |      0 |    0 |          0 |
|     g_blk4_w1_out_w1_in[11].u |                 spmw_fifo_107 |          1 |          1 |       0 |    0 |     9 |      0 |      0 |    0 |          0 |
|     g_blk4_w1_out_w1_in[13].u |                 spmw_fifo_108 |          0 |          0 |       0 |    0 |     9 |      0 |      0 |    0 |          0 |
|     g_blk4_w1_out_w1_in[14].u |                 spmw_fifo_109 |          0 |          0 |       0 |    0 |     9 |      0 |      0 |    0 |          0 |
|     g_blk4_w1_out_w1_in[15].u |                 spmw_fifo_110 |          1 |          1 |       0 |    0 |     9 |      0 |      0 |    0 |          0 |
|     g_blk4_w1_out_w1_in[1].u  |                 spmw_fifo_111 |          0 |          0 |       0 |    0 |     9 |      0 |      0 |    0 |          0 |
|     g_blk4_w1_out_w1_in[2].u  |                 spmw_fifo_112 |          0 |          0 |       0 |    0 |     9 |      0 |      0 |    0 |          0 |
|     g_blk4_w1_out_w1_in[3].u  |                 spmw_fifo_113 |          1 |          1 |       0 |    0 |     9 |      0 |      0 |    0 |          0 |
|     g_blk4_w1_out_w1_in[5].u  |                 spmw_fifo_114 |          0 |          0 |       0 |    0 |     9 |      0 |      0 |    0 |          0 |
|     g_blk4_w1_out_w1_in[6].u  |                 spmw_fifo_115 |          0 |          0 |       0 |    0 |     9 |      0 |      0 |    0 |          0 |
|     g_blk4_w1_out_w1_in[7].u  |                 spmw_fifo_116 |          1 |          1 |       0 |    0 |     9 |      0 |      0 |    0 |          0 |
|     g_blk4_w1_out_w1_in[9].u  |                 spmw_fifo_117 |          0 |          0 |       0 |    0 |     9 |      0 |      0 |    0 |          0 |
|     g_blk4_w2_out_w2_in[10].u |                 spmw_fifo_118 |          2 |          2 |       0 |    0 |     9 |      0 |      0 |    0 |          0 |
|     g_blk4_w2_out_w2_in[11].u |                 spmw_fifo_119 |          0 |          0 |       0 |    0 |     9 |      0 |      0 |    0 |          0 |
|     g_blk4_w2_out_w2_in[13].u |                 spmw_fifo_120 |          2 |          2 |       0 |    0 |     9 |      0 |      0 |    0 |          0 |
|     g_blk4_w2_out_w2_in[14].u |                 spmw_fifo_121 |          2 |          2 |       0 |    0 |     9 |      0 |      0 |    0 |          0 |
|     g_blk4_w2_out_w2_in[15].u |                 spmw_fifo_122 |          0 |          0 |       0 |    0 |     9 |      0 |      0 |    0 |          0 |
|     g_blk4_w2_out_w2_in[1].u  |                 spmw_fifo_123 |          1 |          1 |       0 |    0 |     9 |      0 |      0 |    0 |          0 |
|     g_blk4_w2_out_w2_in[2].u  |                 spmw_fifo_124 |          0 |          0 |       0 |    0 |     9 |      0 |      0 |    0 |          0 |
|     g_blk4_w2_out_w2_in[3].u  |                 spmw_fifo_125 |          0 |          0 |       0 |    0 |     9 |      0 |      0 |    0 |          0 |
|     g_blk4_w2_out_w2_in[5].u  |                 spmw_fifo_126 |          2 |          2 |       0 |    0 |     9 |      0 |      0 |    0 |          0 |
|     g_blk4_w2_out_w2_in[6].u  |                 spmw_fifo_127 |          2 |          2 |       0 |    0 |     9 |      0 |      0 |    0 |          0 |
|     g_blk4_w2_out_w2_in[7].u  |                 spmw_fifo_128 |          0 |          0 |       0 |    0 |     9 |      0 |      0 |    0 |          0 |
|     g_blk4_w2_out_w2_in[9].u  |                 spmw_fifo_129 |          2 |          2 |       0 |    0 |     9 |      0 |      0 |    0 |          0 |
|     g_blk4_w3_out_w3_in[10].u |                 spmw_fifo_130 |          0 |          0 |       0 |    0 |     9 |      0 |      0 |    0 |          0 |
|     g_blk4_w3_out_w3_in[11].u |                 spmw_fifo_131 |          0 |          0 |       0 |    0 |     9 |      0 |      0 |    0 |          0 |
|     g_blk4_w3_out_w3_in[13].u |                 spmw_fifo_132 |          0 |          0 |       0 |    0 |     9 |      0 |      0 |    0 |          0 |
|     g_blk4_w3_out_w3_in[14].u |                 spmw_fifo_133 |          0 |          0 |       0 |    0 |     9 |      0 |      0 |    0 |          0 |
|     g_blk4_w3_out_w3_in[15].u |                 spmw_fifo_134 |          0 |          0 |       0 |    0 |     9 |      0 |      0 |    0 |          0 |
|     g_blk4_w3_out_w3_in[1].u  |                 spmw_fifo_135 |          0 |          0 |       0 |    0 |     9 |      0 |      0 |    0 |          0 |
|     g_blk4_w3_out_w3_in[2].u  |                 spmw_fifo_136 |          0 |          0 |       0 |    0 |     9 |      0 |      0 |    0 |          0 |
|     g_blk4_w3_out_w3_in[3].u  |                 spmw_fifo_137 |          0 |          0 |       0 |    0 |     9 |      0 |      0 |    0 |          0 |
|     g_blk4_w3_out_w3_in[5].u  |                 spmw_fifo_138 |          0 |          0 |       0 |    0 |     9 |      0 |      0 |    0 |          0 |
|     g_blk4_w3_out_w3_in[6].u  |                 spmw_fifo_139 |          0 |          0 |       0 |    0 |     9 |      0 |      0 |    0 |          0 |
|     g_blk4_w3_out_w3_in[7].u  |                 spmw_fifo_140 |          0 |          0 |       0 |    0 |     9 |      0 |      0 |    0 |          0 |
|     g_blk4_w3_out_w3_in[9].u  |                 spmw_fifo_141 |          0 |          0 |       0 |    0 |     9 |      0 |      0 |    0 |          0 |
|     g_lanes4_z0_in_bind[0].u  | spmw_fifo__parameterized0_142 |         86 |         86 |       0 |    0 |    33 |      0 |      0 |    0 |          0 |
|     g_lanes4_z0_in_bind[1].u  | spmw_fifo__parameterized0_143 |         86 |         86 |       0 |    0 |    33 |      0 |      0 |    0 |          0 |
|     g_lanes4_z0_in_bind[2].u  | spmw_fifo__parameterized0_144 |         87 |         87 |       0 |    0 |    33 |      0 |      0 |    0 |          0 |
|     g_lanes4_z0_in_bind[3].u  | spmw_fifo__parameterized0_145 |         78 |         78 |       0 |    0 |    33 |      0 |      0 |    0 |          0 |
|     g_lanes4_z1_in_bind[0].u  | spmw_fifo__parameterized0_146 |         85 |         85 |       0 |    0 |    33 |      0 |      0 |    0 |          0 |
|     g_lanes4_z1_in_bind[1].u  | spmw_fifo__parameterized0_147 |         85 |         85 |       0 |    0 |    33 |      0 |      0 |    0 |          0 |
|     g_lanes4_z1_in_bind[2].u  | spmw_fifo__parameterized0_148 |         78 |         78 |       0 |    0 |    33 |      0 |      0 |    0 |          0 |
|     g_lanes4_z1_in_bind[3].u  | spmw_fifo__parameterized0_149 |         87 |         87 |       0 |    0 |    33 |      0 |      0 |    0 |          0 |
|     g_lanes4_z2_in_bind[0].u  | spmw_fifo__parameterized0_150 |         84 |         84 |       0 |    0 |    33 |      0 |      0 |    0 |          0 |
|     g_lanes4_z2_in_bind[1].u  | spmw_fifo__parameterized0_151 |         84 |         84 |       0 |    0 |    33 |      0 |      0 |    0 |          0 |
|     g_lanes4_z2_in_bind[2].u  | spmw_fifo__parameterized0_152 |         77 |         77 |       0 |    0 |    33 |      0 |      0 |    0 |          0 |
|     g_lanes4_z2_in_bind[3].u  | spmw_fifo__parameterized0_153 |         84 |         84 |       0 |    0 |    33 |      0 |      0 |    0 |          0 |
|     g_lanes4_z3_in_bind[0].u  | spmw_fifo__parameterized0_154 |         90 |         90 |       0 |    0 |    33 |      0 |      0 |    0 |          0 |
|     g_lanes4_z3_in_bind[1].u  | spmw_fifo__parameterized0_155 |         84 |         84 |       0 |    0 |    33 |      0 |      0 |    0 |          0 |
|     g_lanes4_z3_in_bind[2].u  | spmw_fifo__parameterized0_156 |         78 |         78 |       0 |    0 |    33 |      0 |      0 |    0 |          0 |
|     g_lanes4_z3_in_bind[3].u  | spmw_fifo__parameterized0_157 |         84 |         84 |       0 |    0 |    33 |      0 |      0 |    0 |          0 |
|     u_blk4_r0_1_1             |                       blk4_r0 |       1044 |       1044 |       0 |    0 |   609 |      0 |      0 |    0 |          0 |
|       (u_blk4_r0_1_1)         |                       blk4_r0 |         85 |         85 |       0 |    0 |     0 |      0 |      0 |    0 |          0 |
|       u                       |                 blk4_r0_0_454 |        960 |        960 |       0 |    0 |   609 |      0 |      0 |    0 |          0 |
|     u_blk4_r0_1_2             |                   blk4_r0_158 |       1051 |       1051 |       0 |    0 |   609 |      0 |      0 |    0 |          0 |
|       (u_blk4_r0_1_2)         |                   blk4_r0_158 |         86 |         86 |       0 |    0 |     0 |      0 |      0 |    0 |          0 |
|       u                       |                 blk4_r0_0_433 |        965 |        965 |       0 |    0 |   609 |      0 |      0 |    0 |          0 |
|     u_blk4_r0_2_1             |                   blk4_r0_159 |       1046 |       1046 |       0 |    0 |   609 |      0 |      0 |    0 |          0 |
|       (u_blk4_r0_2_1)         |                   blk4_r0_159 |         86 |         86 |       0 |    0 |     0 |      0 |      0 |    0 |          0 |
|       u                       |                 blk4_r0_0_412 |        960 |        960 |       0 |    0 |   609 |      0 |      0 |    0 |          0 |
|     u_blk4_r0_2_2             |                   blk4_r0_160 |       1047 |       1047 |       0 |    0 |   609 |      0 |      0 |    0 |          0 |
|       (u_blk4_r0_2_2)         |                   blk4_r0_160 |         86 |         86 |       0 |    0 |     0 |      0 |      0 |    0 |          0 |
|       u                       |                     blk4_r0_0 |        961 |        961 |       0 |    0 |   609 |      0 |      0 |    0 |          0 |
|     u_blk4_r1_3_1             |                       blk4_r1 |       1046 |       1046 |       0 |    0 |   609 |      0 |      0 |    0 |          0 |
|       (u_blk4_r1_3_1)         |                       blk4_r1 |         86 |         86 |       0 |    0 |     0 |      0 |      0 |    0 |          0 |
|       u                       |                 blk4_r1_0_375 |        960 |        960 |       0 |    0 |   609 |      0 |      0 |    0 |          0 |
|     u_blk4_r1_3_2             |                   blk4_r1_161 |       1042 |       1042 |       0 |    0 |   609 |      0 |      0 |    0 |          0 |
|       (u_blk4_r1_3_2)         |                   blk4_r1_161 |         84 |         84 |       0 |    0 |     0 |      0 |      0 |    0 |          0 |
|       u                       |                     blk4_r1_0 |        958 |        958 |       0 |    0 |   609 |      0 |      0 |    0 |          0 |
|     u_blk4_r2_0_1             |                       blk4_r2 |       1043 |       1043 |       0 |    0 |   609 |      0 |      0 |    0 |          0 |
|       (u_blk4_r2_0_1)         |                       blk4_r2 |         88 |         88 |       0 |    0 |     0 |      0 |      0 |    0 |          0 |
|       u                       |                 blk4_r2_0_338 |        955 |        955 |       0 |    0 |   609 |      0 |      0 |    0 |          0 |
|     u_blk4_r2_0_2             |                   blk4_r2_162 |       1047 |       1047 |       0 |    0 |   609 |      0 |      0 |    0 |          0 |
|       (u_blk4_r2_0_2)         |                   blk4_r2_162 |         92 |         92 |       0 |    0 |     0 |      0 |      0 |    0 |          0 |
|       u                       |                     blk4_r2_0 |        955 |        955 |       0 |    0 |   609 |      0 |      0 |    0 |          0 |
|     u_blk4_r3_1_3             |                       blk4_r3 |        988 |        988 |       0 |    0 |   513 |      0 |      0 |    0 |          0 |
|       (u_blk4_r3_1_3)         |                       blk4_r3 |         54 |         54 |       0 |    0 |     0 |      0 |      0 |    0 |          0 |
|       u                       |                 blk4_r3_0_301 |        934 |        934 |       0 |    0 |   513 |      0 |      0 |    0 |          0 |
|     u_blk4_r3_2_3             |                   blk4_r3_163 |        984 |        984 |       0 |    0 |   513 |      0 |      0 |    0 |          0 |
|       (u_blk4_r3_2_3)         |                   blk4_r3_163 |         54 |         54 |       0 |    0 |     0 |      0 |      0 |    0 |          0 |
|       u                       |                     blk4_r3_0 |        930 |        930 |       0 |    0 |   513 |      0 |      0 |    0 |          0 |
|     u_blk4_r4_1_0             |                       blk4_r4 |       1160 |       1160 |       0 |    0 |   609 |      0 |      0 |    0 |          0 |
|       (u_blk4_r4_1_0)         |                       blk4_r4 |         89 |         89 |       0 |    0 |     0 |      0 |      0 |    0 |          0 |
|       u                       |                 blk4_r4_0_264 |       1071 |       1071 |       0 |    0 |   609 |      0 |      0 |    0 |          0 |
|     u_blk4_r4_2_0             |                   blk4_r4_164 |       1142 |       1142 |       0 |    0 |   609 |      0 |      0 |    0 |          0 |
|       (u_blk4_r4_2_0)         |                   blk4_r4_164 |         92 |         92 |       0 |    0 |     0 |      0 |      0 |    0 |          0 |
|       u                       |                     blk4_r4_0 |       1050 |       1050 |       0 |    0 |   609 |      0 |      0 |    0 |          0 |
|     u_blk4_r5_3_3             |                       blk4_r5 |        963 |        963 |       0 |    0 |   513 |      0 |      0 |    0 |          0 |
|       u                       |                     blk4_r5_0 |        963 |        963 |       0 |    0 |   513 |      0 |      0 |    0 |          0 |
|     u_blk4_r6_0_3             |                       blk4_r6 |        942 |        942 |       0 |    0 |   513 |      0 |      0 |    0 |          0 |
|       u                       |                     blk4_r6_0 |        942 |        942 |       0 |    0 |   513 |      0 |      0 |    0 |          0 |
|     u_blk4_r7_3_0             |                       blk4_r7 |       1141 |       1141 |       0 |    0 |   609 |      0 |      0 |    0 |          0 |
|       u                       |                     blk4_r7_0 |       1141 |       1141 |       0 |    0 |   609 |      0 |      0 |    0 |          0 |
|     u_blk4_r8_0_0             |                       blk4_r8 |       1091 |       1091 |       0 |    0 |   609 |      0 |      0 |    0 |          0 |
|       u                       |                     blk4_r8_0 |       1091 |       1091 |       0 |    0 |   609 |      0 |      0 |    0 |          0 |
|     u_lanes4_r0_0             |                     lanes4_r0 |         89 |         89 |       0 |    0 |    42 |      0 |      0 |    0 |          0 |
|       u                       |               lanes4_r0_0_179 |         89 |         89 |       0 |    0 |    42 |      0 |      0 |    0 |          0 |
|     u_lanes4_r0_1             |                 lanes4_r0_165 |         97 |         97 |       0 |    0 |    42 |      0 |      0 |    0 |          0 |
|       u                       |               lanes4_r0_0_174 |         97 |         97 |       0 |    0 |    42 |      0 |      0 |    0 |          0 |
|     u_lanes4_r0_2             |                 lanes4_r0_166 |         94 |         94 |       0 |    0 |    42 |      0 |      0 |    0 |          0 |
|       u                       |               lanes4_r0_0_169 |         94 |         94 |       0 |    0 |    42 |      0 |      0 |    0 |          0 |
|     u_lanes4_r0_3             |                 lanes4_r0_167 |         90 |         90 |       0 |    0 |    42 |      0 |      0 |    0 |          0 |
|       u                       |                   lanes4_r0_0 |         90 |         90 |       0 |    0 |    42 |      0 |      0 |    0 |          0 |
+-------------------------------+-------------------------------+------------+------------+---------+------+-------+--------+--------+------+------------+
* Note: The sum of lower-level cells may be larger than their parent cells total, due to cross-hierarchy LUT combining


