INFO: [VRFC 10-2263] Analyzing Verilog file "/scratch/hc676/agentstudy/trials/moonshotai_kimi-k3__hls/sim/gemm_tile.v" into library work
INFO: [VRFC 10-311] analyzing module gemm_tile
INFO: [VRFC 10-2263] Analyzing Verilog file "/scratch/hc676/agentstudy/trials/moonshotai_kimi-k3__hls/sim/gemm_tile_fifo_w32_d2_S.v" into library work
INFO: [VRFC 10-311] analyzing module gemm_tile_fifo_w32_d2_S
INFO: [VRFC 10-311] analyzing module gemm_tile_fifo_w32_d2_S_ShiftReg
INFO: [VRFC 10-2263] Analyzing Verilog file "/scratch/hc676/agentstudy/trials/moonshotai_kimi-k3__hls/sim/gemm_tile_fifo_w8_d2_S.v" into library work
INFO: [VRFC 10-311] analyzing module gemm_tile_fifo_w8_d2_S
INFO: [VRFC 10-311] analyzing module gemm_tile_fifo_w8_d2_S_ShiftReg
INFO: [VRFC 10-2263] Analyzing Verilog file "/scratch/hc676/agentstudy/trials/moonshotai_kimi-k3__hls/sim/gemm_tile_mac_muladd_8s_8s_32s_32_4_1.v" into library work
INFO: [VRFC 10-311] analyzing module gemm_tile_mac_muladd_8s_8s_32s_32_4_1_DSP48_0
INFO: [VRFC 10-311] analyzing module gemm_tile_mac_muladd_8s_8s_32s_32_4_1
INFO: [VRFC 10-2263] Analyzing Verilog file "/scratch/hc676/agentstudy/trials/moonshotai_kimi-k3__hls/sim/gemm_tile_pe.v" into library work
INFO: [VRFC 10-311] analyzing module gemm_tile_pe
INFO: [VRFC 10-2263] Analyzing Verilog file "/scratch/hc676/agentstudy/trials/moonshotai_kimi-k3__hls/sim/gemm_tile_pe_1.v" into library work
INFO: [VRFC 10-311] analyzing module gemm_tile_pe_1
INFO: [VRFC 10-2263] Analyzing Verilog file "/scratch/hc676/agentstudy/trials/moonshotai_kimi-k3__hls/sim/gemm_tile_pe_10.v" into library work
INFO: [VRFC 10-311] analyzing module gemm_tile_pe_10
INFO: [VRFC 10-2263] Analyzing Verilog file "/scratch/hc676/agentstudy/trials/moonshotai_kimi-k3__hls/sim/gemm_tile_pe_11.v" into library work
INFO: [VRFC 10-311] analyzing module gemm_tile_pe_11
INFO: [VRFC 10-2263] Analyzing Verilog file "/scratch/hc676/agentstudy/trials/moonshotai_kimi-k3__hls/sim/gemm_tile_pe_12.v" into library work
INFO: [VRFC 10-311] analyzing module gemm_tile_pe_12
INFO: [VRFC 10-2263] Analyzing Verilog file "/scratch/hc676/agentstudy/trials/moonshotai_kimi-k3__hls/sim/gemm_tile_pe_13.v" into library work
INFO: [VRFC 10-311] analyzing module gemm_tile_pe_13
INFO: [VRFC 10-2263] Analyzing Verilog file "/scratch/hc676/agentstudy/trials/moonshotai_kimi-k3__hls/sim/gemm_tile_pe_14.v" into library work
INFO: [VRFC 10-311] analyzing module gemm_tile_pe_14
INFO: [VRFC 10-2263] Analyzing Verilog file "/scratch/hc676/agentstudy/trials/moonshotai_kimi-k3__hls/sim/gemm_tile_pe_15.v" into library work
INFO: [VRFC 10-311] analyzing module gemm_tile_pe_15
INFO: [VRFC 10-2263] Analyzing Verilog file "/scratch/hc676/agentstudy/trials/moonshotai_kimi-k3__hls/sim/gemm_tile_pe_16.v" into library work
INFO: [VRFC 10-311] analyzing module gemm_tile_pe_16
INFO: [VRFC 10-2263] Analyzing Verilog file "/scratch/hc676/agentstudy/trials/moonshotai_kimi-k3__hls/sim/gemm_tile_pe_17.v" into library work
INFO: [VRFC 10-311] analyzing module gemm_tile_pe_17
INFO: [VRFC 10-2263] Analyzing Verilog file "/scratch/hc676/agentstudy/trials/moonshotai_kimi-k3__hls/sim/gemm_tile_pe_18.v" into library work
INFO: [VRFC 10-311] analyzing module gemm_tile_pe_18
INFO: [VRFC 10-2263] Analyzing Verilog file "/scratch/hc676/agentstudy/trials/moonshotai_kimi-k3__hls/sim/gemm_tile_pe_19.v" into library work
INFO: [VRFC 10-311] analyzing module gemm_tile_pe_19
INFO: [VRFC 10-2263] Analyzing Verilog file "/scratch/hc676/agentstudy/trials/moonshotai_kimi-k3__hls/sim/gemm_tile_pe_2.v" into library work
INFO: [VRFC 10-311] analyzing module gemm_tile_pe_2
INFO: [VRFC 10-2263] Analyzing Verilog file "/scratch/hc676/agentstudy/trials/moonshotai_kimi-k3__hls/sim/gemm_tile_pe_20.v" into library work
INFO: [VRFC 10-311] analyzing module gemm_tile_pe_20
INFO: [VRFC 10-2263] Analyzing Verilog file "/scratch/hc676/agentstudy/trials/moonshotai_kimi-k3__hls/sim/gemm_tile_pe_21.v" into library work
INFO: [VRFC 10-311] analyzing module gemm_tile_pe_21
INFO: [VRFC 10-2263] Analyzing Verilog file "/scratch/hc676/agentstudy/trials/moonshotai_kimi-k3__hls/sim/gemm_tile_pe_22.v" into library work
INFO: [VRFC 10-311] analyzing module gemm_tile_pe_22
INFO: [VRFC 10-2263] Analyzing Verilog file "/scratch/hc676/agentstudy/trials/moonshotai_kimi-k3__hls/sim/gemm_tile_pe_23.v" into library work
INFO: [VRFC 10-311] analyzing module gemm_tile_pe_23
INFO: [VRFC 10-2263] Analyzing Verilog file "/scratch/hc676/agentstudy/trials/moonshotai_kimi-k3__hls/sim/gemm_tile_pe_24.v" into library work
INFO: [VRFC 10-311] analyzing module gemm_tile_pe_24
INFO: [VRFC 10-2263] Analyzing Verilog file "/scratch/hc676/agentstudy/trials/moonshotai_kimi-k3__hls/sim/gemm_tile_pe_25.v" into library work
INFO: [VRFC 10-311] analyzing module gemm_tile_pe_25
INFO: [VRFC 10-2263] Analyzing Verilog file "/scratch/hc676/agentstudy/trials/moonshotai_kimi-k3__hls/sim/gemm_tile_pe_26.v" into library work
INFO: [VRFC 10-311] analyzing module gemm_tile_pe_26
INFO: [VRFC 10-2263] Analyzing Verilog file "/scratch/hc676/agentstudy/trials/moonshotai_kimi-k3__hls/sim/gemm_tile_pe_27.v" into library work
INFO: [VRFC 10-311] analyzing module gemm_tile_pe_27
INFO: [VRFC 10-2263] Analyzing Verilog file "/scratch/hc676/agentstudy/trials/moonshotai_kimi-k3__hls/sim/gemm_tile_pe_28.v" into library work
INFO: [VRFC 10-311] analyzing module gemm_tile_pe_28
INFO: [VRFC 10-2263] Analyzing Verilog file "/scratch/hc676/agentstudy/trials/moonshotai_kimi-k3__hls/sim/gemm_tile_pe_29.v" into library work
INFO: [VRFC 10-311] analyzing module gemm_tile_pe_29
INFO: [VRFC 10-2263] Analyzing Verilog file "/scratch/hc676/agentstudy/trials/moonshotai_kimi-k3__hls/sim/gemm_tile_pe_3.v" into library work
INFO: [VRFC 10-311] analyzing module gemm_tile_pe_3
INFO: [VRFC 10-2263] Analyzing Verilog file "/scratch/hc676/agentstudy/trials/moonshotai_kimi-k3__hls/sim/gemm_tile_pe_30.v" into library work
INFO: [VRFC 10-311] analyzing module gemm_tile_pe_30
INFO: [VRFC 10-2263] Analyzing Verilog file "/scratch/hc676/agentstudy/trials/moonshotai_kimi-k3__hls/sim/gemm_tile_pe_31.v" into library work
INFO: [VRFC 10-311] analyzing module gemm_tile_pe_31
INFO: [VRFC 10-2263] Analyzing Verilog file "/scratch/hc676/agentstudy/trials/moonshotai_kimi-k3__hls/sim/gemm_tile_pe_32.v" into library work
INFO: [VRFC 10-311] analyzing module gemm_tile_pe_32
INFO: [VRFC 10-2263] Analyzing Verilog file "/scratch/hc676/agentstudy/trials/moonshotai_kimi-k3__hls/sim/gemm_tile_pe_33.v" into library work
INFO: [VRFC 10-311] analyzing module gemm_tile_pe_33
INFO: [VRFC 10-2263] Analyzing Verilog file "/scratch/hc676/agentstudy/trials/moonshotai_kimi-k3__hls/sim/gemm_tile_pe_34.v" into library work
INFO: [VRFC 10-311] analyzing module gemm_tile_pe_34
INFO: [VRFC 10-2263] Analyzing Verilog file "/scratch/hc676/agentstudy/trials/moonshotai_kimi-k3__hls/sim/gemm_tile_pe_35.v" into library work
INFO: [VRFC 10-311] analyzing module gemm_tile_pe_35
INFO: [VRFC 10-2263] Analyzing Verilog file "/scratch/hc676/agentstudy/trials/moonshotai_kimi-k3__hls/sim/gemm_tile_pe_36.v" into library work
INFO: [VRFC 10-311] analyzing module gemm_tile_pe_36
INFO: [VRFC 10-2263] Analyzing Verilog file "/scratch/hc676/agentstudy/trials/moonshotai_kimi-k3__hls/sim/gemm_tile_pe_37.v" into library work
INFO: [VRFC 10-311] analyzing module gemm_tile_pe_37
INFO: [VRFC 10-2263] Analyzing Verilog file "/scratch/hc676/agentstudy/trials/moonshotai_kimi-k3__hls/sim/gemm_tile_pe_38.v" into library work
INFO: [VRFC 10-311] analyzing module gemm_tile_pe_38
INFO: [VRFC 10-2263] Analyzing Verilog file "/scratch/hc676/agentstudy/trials/moonshotai_kimi-k3__hls/sim/gemm_tile_pe_39.v" into library work
INFO: [VRFC 10-311] analyzing module gemm_tile_pe_39
INFO: [VRFC 10-2263] Analyzing Verilog file "/scratch/hc676/agentstudy/trials/moonshotai_kimi-k3__hls/sim/gemm_tile_pe_4.v" into library work
INFO: [VRFC 10-311] analyzing module gemm_tile_pe_4
INFO: [VRFC 10-2263] Analyzing Verilog file "/scratch/hc676/agentstudy/trials/moonshotai_kimi-k3__hls/sim/gemm_tile_pe_40.v" into library work
INFO: [VRFC 10-311] analyzing module gemm_tile_pe_40
INFO: [VRFC 10-2263] Analyzing Verilog file "/scratch/hc676/agentstudy/trials/moonshotai_kimi-k3__hls/sim/gemm_tile_pe_41.v" into library work
INFO: [VRFC 10-311] analyzing module gemm_tile_pe_41
INFO: [VRFC 10-2263] Analyzing Verilog file "/scratch/hc676/agentstudy/trials/moonshotai_kimi-k3__hls/sim/gemm_tile_pe_42.v" into library work
INFO: [VRFC 10-311] analyzing module gemm_tile_pe_42
INFO: [VRFC 10-2263] Analyzing Verilog file "/scratch/hc676/agentstudy/trials/moonshotai_kimi-k3__hls/sim/gemm_tile_pe_43.v" into library work
INFO: [VRFC 10-311] analyzing module gemm_tile_pe_43
INFO: [VRFC 10-2263] Analyzing Verilog file "/scratch/hc676/agentstudy/trials/moonshotai_kimi-k3__hls/sim/gemm_tile_pe_44.v" into library work
INFO: [VRFC 10-311] analyzing module gemm_tile_pe_44
INFO: [VRFC 10-2263] Analyzing Verilog file "/scratch/hc676/agentstudy/trials/moonshotai_kimi-k3__hls/sim/gemm_tile_pe_45.v" into library work
INFO: [VRFC 10-311] analyzing module gemm_tile_pe_45
INFO: [VRFC 10-2263] Analyzing Verilog file "/scratch/hc676/agentstudy/trials/moonshotai_kimi-k3__hls/sim/gemm_tile_pe_46.v" into library work
INFO: [VRFC 10-311] analyzing module gemm_tile_pe_46
INFO: [VRFC 10-2263] Analyzing Verilog file "/scratch/hc676/agentstudy/trials/moonshotai_kimi-k3__hls/sim/gemm_tile_pe_47.v" into library work
INFO: [VRFC 10-311] analyzing module gemm_tile_pe_47
INFO: [VRFC 10-2263] Analyzing Verilog file "/scratch/hc676/agentstudy/trials/moonshotai_kimi-k3__hls/sim/gemm_tile_pe_48.v" into library work
INFO: [VRFC 10-311] analyzing module gemm_tile_pe_48
INFO: [VRFC 10-2263] Analyzing Verilog file "/scratch/hc676/agentstudy/trials/moonshotai_kimi-k3__hls/sim/gemm_tile_pe_49.v" into library work
INFO: [VRFC 10-311] analyzing module gemm_tile_pe_49
INFO: [VRFC 10-2263] Analyzing Verilog file "/scratch/hc676/agentstudy/trials/moonshotai_kimi-k3__hls/sim/gemm_tile_pe_5.v" into library work
INFO: [VRFC 10-311] analyzing module gemm_tile_pe_5
INFO: [VRFC 10-2263] Analyzing Verilog file "/scratch/hc676/agentstudy/trials/moonshotai_kimi-k3__hls/sim/gemm_tile_pe_50.v" into library work
INFO: [VRFC 10-311] analyzing module gemm_tile_pe_50
INFO: [VRFC 10-2263] Analyzing Verilog file "/scratch/hc676/agentstudy/trials/moonshotai_kimi-k3__hls/sim/gemm_tile_pe_51.v" into library work
INFO: [VRFC 10-311] analyzing module gemm_tile_pe_51
INFO: [VRFC 10-2263] Analyzing Verilog file "/scratch/hc676/agentstudy/trials/moonshotai_kimi-k3__hls/sim/gemm_tile_pe_52.v" into library work
INFO: [VRFC 10-311] analyzing module gemm_tile_pe_52
INFO: [VRFC 10-2263] Analyzing Verilog file "/scratch/hc676/agentstudy/trials/moonshotai_kimi-k3__hls/sim/gemm_tile_pe_53.v" into library work
INFO: [VRFC 10-311] analyzing module gemm_tile_pe_53
INFO: [VRFC 10-2263] Analyzing Verilog file "/scratch/hc676/agentstudy/trials/moonshotai_kimi-k3__hls/sim/gemm_tile_pe_54.v" into library work
INFO: [VRFC 10-311] analyzing module gemm_tile_pe_54
INFO: [VRFC 10-2263] Analyzing Verilog file "/scratch/hc676/agentstudy/trials/moonshotai_kimi-k3__hls/sim/gemm_tile_pe_55.v" into library work
INFO: [VRFC 10-311] analyzing module gemm_tile_pe_55
INFO: [VRFC 10-2263] Analyzing Verilog file "/scratch/hc676/agentstudy/trials/moonshotai_kimi-k3__hls/sim/gemm_tile_pe_56.v" into library work
INFO: [VRFC 10-311] analyzing module gemm_tile_pe_56
INFO: [VRFC 10-2263] Analyzing Verilog file "/scratch/hc676/agentstudy/trials/moonshotai_kimi-k3__hls/sim/gemm_tile_pe_57.v" into library work
INFO: [VRFC 10-311] analyzing module gemm_tile_pe_57
INFO: [VRFC 10-2263] Analyzing Verilog file "/scratch/hc676/agentstudy/trials/moonshotai_kimi-k3__hls/sim/gemm_tile_pe_58.v" into library work
INFO: [VRFC 10-311] analyzing module gemm_tile_pe_58
INFO: [VRFC 10-2263] Analyzing Verilog file "/scratch/hc676/agentstudy/trials/moonshotai_kimi-k3__hls/sim/gemm_tile_pe_59.v" into library work
INFO: [VRFC 10-311] analyzing module gemm_tile_pe_59
INFO: [VRFC 10-2263] Analyzing Verilog file "/scratch/hc676/agentstudy/trials/moonshotai_kimi-k3__hls/sim/gemm_tile_pe_6.v" into library work
INFO: [VRFC 10-311] analyzing module gemm_tile_pe_6
INFO: [VRFC 10-2263] Analyzing Verilog file "/scratch/hc676/agentstudy/trials/moonshotai_kimi-k3__hls/sim/gemm_tile_pe_60.v" into library work
INFO: [VRFC 10-311] analyzing module gemm_tile_pe_60
INFO: [VRFC 10-2263] Analyzing Verilog file "/scratch/hc676/agentstudy/trials/moonshotai_kimi-k3__hls/sim/gemm_tile_pe_61.v" into library work
INFO: [VRFC 10-311] analyzing module gemm_tile_pe_61
INFO: [VRFC 10-2263] Analyzing Verilog file "/scratch/hc676/agentstudy/trials/moonshotai_kimi-k3__hls/sim/gemm_tile_pe_62.v" into library work
INFO: [VRFC 10-311] analyzing module gemm_tile_pe_62
INFO: [VRFC 10-2263] Analyzing Verilog file "/scratch/hc676/agentstudy/trials/moonshotai_kimi-k3__hls/sim/gemm_tile_pe_63.v" into library work
INFO: [VRFC 10-311] analyzing module gemm_tile_pe_63
INFO: [VRFC 10-2263] Analyzing Verilog file "/scratch/hc676/agentstudy/trials/moonshotai_kimi-k3__hls/sim/gemm_tile_pe_7.v" into library work
INFO: [VRFC 10-311] analyzing module gemm_tile_pe_7
INFO: [VRFC 10-2263] Analyzing Verilog file "/scratch/hc676/agentstudy/trials/moonshotai_kimi-k3__hls/sim/gemm_tile_pe_8.v" into library work
INFO: [VRFC 10-311] analyzing module gemm_tile_pe_8
INFO: [VRFC 10-2263] Analyzing Verilog file "/scratch/hc676/agentstudy/trials/moonshotai_kimi-k3__hls/sim/gemm_tile_pe_9.v" into library work
INFO: [VRFC 10-311] analyzing module gemm_tile_pe_9
INFO: [VRFC 10-2263] Analyzing Verilog file "/scratch/hc676/agentstudy/trials/moonshotai_kimi-k3__hls/sim/gemm_tile_start_for_pe_10_U0.v" into library work
INFO: [VRFC 10-311] analyzing module gemm_tile_start_for_pe_10_U0
INFO: [VRFC 10-311] analyzing module gemm_tile_start_for_pe_10_U0_ShiftReg
INFO: [VRFC 10-2263] Analyzing Verilog file "/scratch/hc676/agentstudy/trials/moonshotai_kimi-k3__hls/sim/gemm_tile_start_for_pe_11_U0.v" into library work
INFO: [VRFC 10-311] analyzing module gemm_tile_start_for_pe_11_U0
INFO: [VRFC 10-311] analyzing module gemm_tile_start_for_pe_11_U0_ShiftReg
INFO: [VRFC 10-2263] Analyzing Verilog file "/scratch/hc676/agentstudy/trials/moonshotai_kimi-k3__hls/sim/gemm_tile_start_for_pe_12_U0.v" into library work
INFO: [VRFC 10-311] analyzing module gemm_tile_start_for_pe_12_U0
INFO: [VRFC 10-311] analyzing module gemm_tile_start_for_pe_12_U0_ShiftReg
INFO: [VRFC 10-2263] Analyzing Verilog file "/scratch/hc676/agentstudy/trials/moonshotai_kimi-k3__hls/sim/gemm_tile_start_for_pe_13_U0.v" into library work
INFO: [VRFC 10-311] analyzing module gemm_tile_start_for_pe_13_U0
INFO: [VRFC 10-311] analyzing module gemm_tile_start_for_pe_13_U0_ShiftReg
INFO: [VRFC 10-2263] Analyzing Verilog file "/scratch/hc676/agentstudy/trials/moonshotai_kimi-k3__hls/sim/gemm_tile_start_for_pe_14_U0.v" into library work
INFO: [VRFC 10-311] analyzing module gemm_tile_start_for_pe_14_U0
INFO: [VRFC 10-311] analyzing module gemm_tile_start_for_pe_14_U0_ShiftReg
INFO: [VRFC 10-2263] Analyzing Verilog file "/scratch/hc676/agentstudy/trials/moonshotai_kimi-k3__hls/sim/gemm_tile_start_for_pe_15_U0.v" into library work
INFO: [VRFC 10-311] analyzing module gemm_tile_start_for_pe_15_U0
INFO: [VRFC 10-311] analyzing module gemm_tile_start_for_pe_15_U0_ShiftReg
INFO: [VRFC 10-2263] Analyzing Verilog file "/scratch/hc676/agentstudy/trials/moonshotai_kimi-k3__hls/sim/gemm_tile_start_for_pe_16_U0.v" into library work
INFO: [VRFC 10-311] analyzing module gemm_tile_start_for_pe_16_U0
INFO: [VRFC 10-311] analyzing module gemm_tile_start_for_pe_16_U0_ShiftReg
INFO: [VRFC 10-2263] Analyzing Verilog file "/scratch/hc676/agentstudy/trials/moonshotai_kimi-k3__hls/sim/gemm_tile_start_for_pe_17_U0.v" into library work
INFO: [VRFC 10-311] analyzing module gemm_tile_start_for_pe_17_U0
INFO: [VRFC 10-311] analyzing module gemm_tile_start_for_pe_17_U0_ShiftReg
INFO: [VRFC 10-2263] Analyzing Verilog file "/scratch/hc676/agentstudy/trials/moonshotai_kimi-k3__hls/sim/gemm_tile_start_for_pe_18_U0.v" into library work
INFO: [VRFC 10-311] analyzing module gemm_tile_start_for_pe_18_U0
INFO: [VRFC 10-311] analyzing module gemm_tile_start_for_pe_18_U0_ShiftReg
INFO: [VRFC 10-2263] Analyzing Verilog file "/scratch/hc676/agentstudy/trials/moonshotai_kimi-k3__hls/sim/gemm_tile_start_for_pe_19_U0.v" into library work
INFO: [VRFC 10-311] analyzing module gemm_tile_start_for_pe_19_U0
INFO: [VRFC 10-311] analyzing module gemm_tile_start_for_pe_19_U0_ShiftReg
INFO: [VRFC 10-2263] Analyzing Verilog file "/scratch/hc676/agentstudy/trials/moonshotai_kimi-k3__hls/sim/gemm_tile_start_for_pe_20_U0.v" into library work
INFO: [VRFC 10-311] analyzing module gemm_tile_start_for_pe_20_U0
INFO: [VRFC 10-311] analyzing module gemm_tile_start_for_pe_20_U0_ShiftReg
INFO: [VRFC 10-2263] Analyzing Verilog file "/scratch/hc676/agentstudy/trials/moonshotai_kimi-k3__hls/sim/gemm_tile_start_for_pe_21_U0.v" into library work
INFO: [VRFC 10-311] analyzing module gemm_tile_start_for_pe_21_U0
INFO: [VRFC 10-311] analyzing module gemm_tile_start_for_pe_21_U0_ShiftReg
INFO: [VRFC 10-2263] Analyzing Verilog file "/scratch/hc676/agentstudy/trials/moonshotai_kimi-k3__hls/sim/gemm_tile_start_for_pe_22_U0.v" into library work
INFO: [VRFC 10-311] analyzing module gemm_tile_start_for_pe_22_U0
INFO: [VRFC 10-311] analyzing module gemm_tile_start_for_pe_22_U0_ShiftReg
INFO: [VRFC 10-2263] Analyzing Verilog file "/scratch/hc676/agentstudy/trials/moonshotai_kimi-k3__hls/sim/gemm_tile_start_for_pe_23_U0.v" into library work
INFO: [VRFC 10-311] analyzing module gemm_tile_start_for_pe_23_U0
INFO: [VRFC 10-311] analyzing module gemm_tile_start_for_pe_23_U0_ShiftReg
INFO: [VRFC 10-2263] Analyzing Verilog file "/scratch/hc676/agentstudy/trials/moonshotai_kimi-k3__hls/sim/gemm_tile_start_for_pe_24_U0.v" into library work
INFO: [VRFC 10-311] analyzing module gemm_tile_start_for_pe_24_U0
INFO: [VRFC 10-311] analyzing module gemm_tile_start_for_pe_24_U0_ShiftReg
INFO: [VRFC 10-2263] Analyzing Verilog file "/scratch/hc676/agentstudy/trials/moonshotai_kimi-k3__hls/sim/gemm_tile_start_for_pe_25_U0.v" into library work
INFO: [VRFC 10-311] analyzing module gemm_tile_start_for_pe_25_U0
INFO: [VRFC 10-311] analyzing module gemm_tile_start_for_pe_25_U0_ShiftReg
INFO: [VRFC 10-2263] Analyzing Verilog file "/scratch/hc676/agentstudy/trials/moonshotai_kimi-k3__hls/sim/gemm_tile_start_for_pe_26_U0.v" into library work
INFO: [VRFC 10-311] analyzing module gemm_tile_start_for_pe_26_U0
INFO: [VRFC 10-311] analyzing module gemm_tile_start_for_pe_26_U0_ShiftReg
INFO: [VRFC 10-2263] Analyzing Verilog file "/scratch/hc676/agentstudy/trials/moonshotai_kimi-k3__hls/sim/gemm_tile_start_for_pe_27_U0.v" into library work
INFO: [VRFC 10-311] analyzing module gemm_tile_start_for_pe_27_U0
INFO: [VRFC 10-311] analyzing module gemm_tile_start_for_pe_27_U0_ShiftReg
INFO: [VRFC 10-2263] Analyzing Verilog file "/scratch/hc676/agentstudy/trials/moonshotai_kimi-k3__hls/sim/gemm_tile_start_for_pe_28_U0.v" into library work
INFO: [VRFC 10-311] analyzing module gemm_tile_start_for_pe_28_U0
INFO: [VRFC 10-311] analyzing module gemm_tile_start_for_pe_28_U0_ShiftReg
INFO: [VRFC 10-2263] Analyzing Verilog file "/scratch/hc676/agentstudy/trials/moonshotai_kimi-k3__hls/sim/gemm_tile_start_for_pe_29_U0.v" into library work
INFO: [VRFC 10-311] analyzing module gemm_tile_start_for_pe_29_U0
INFO: [VRFC 10-311] analyzing module gemm_tile_start_for_pe_29_U0_ShiftReg
INFO: [VRFC 10-2263] Analyzing Verilog file "/scratch/hc676/agentstudy/trials/moonshotai_kimi-k3__hls/sim/gemm_tile_start_for_pe_2_U0.v" into library work
INFO: [VRFC 10-311] analyzing module gemm_tile_start_for_pe_2_U0
INFO: [VRFC 10-311] analyzing module gemm_tile_start_for_pe_2_U0_ShiftReg
INFO: [VRFC 10-2263] Analyzing Verilog file "/scratch/hc676/agentstudy/trials/moonshotai_kimi-k3__hls/sim/gemm_tile_start_for_pe_30_U0.v" into library work
INFO: [VRFC 10-311] analyzing module gemm_tile_start_for_pe_30_U0
INFO: [VRFC 10-311] analyzing module gemm_tile_start_for_pe_30_U0_ShiftReg
INFO: [VRFC 10-2263] Analyzing Verilog file "/scratch/hc676/agentstudy/trials/moonshotai_kimi-k3__hls/sim/gemm_tile_start_for_pe_31_U0.v" into library work
INFO: [VRFC 10-311] analyzing module gemm_tile_start_for_pe_31_U0
INFO: [VRFC 10-311] analyzing module gemm_tile_start_for_pe_31_U0_ShiftReg
INFO: [VRFC 10-2263] Analyzing Verilog file "/scratch/hc676/agentstudy/trials/moonshotai_kimi-k3__hls/sim/gemm_tile_start_for_pe_32_U0.v" into library work
INFO: [VRFC 10-311] analyzing module gemm_tile_start_for_pe_32_U0
INFO: [VRFC 10-311] analyzing module gemm_tile_start_for_pe_32_U0_ShiftReg
INFO: [VRFC 10-2263] Analyzing Verilog file "/scratch/hc676/agentstudy/trials/moonshotai_kimi-k3__hls/sim/gemm_tile_start_for_pe_33_U0.v" into library work
INFO: [VRFC 10-311] analyzing module gemm_tile_start_for_pe_33_U0
INFO: [VRFC 10-311] analyzing module gemm_tile_start_for_pe_33_U0_ShiftReg
INFO: [VRFC 10-2263] Analyzing Verilog file "/scratch/hc676/agentstudy/trials/moonshotai_kimi-k3__hls/sim/gemm_tile_start_for_pe_34_U0.v" into library work
INFO: [VRFC 10-311] analyzing module gemm_tile_start_for_pe_34_U0
INFO: [VRFC 10-311] analyzing module gemm_tile_start_for_pe_34_U0_ShiftReg
INFO: [VRFC 10-2263] Analyzing Verilog file "/scratch/hc676/agentstudy/trials/moonshotai_kimi-k3__hls/sim/gemm_tile_start_for_pe_35_U0.v" into library work
INFO: [VRFC 10-311] analyzing module gemm_tile_start_for_pe_35_U0
INFO: [VRFC 10-311] analyzing module gemm_tile_start_for_pe_35_U0_ShiftReg
INFO: [VRFC 10-2263] Analyzing Verilog file "/scratch/hc676/agentstudy/trials/moonshotai_kimi-k3__hls/sim/gemm_tile_start_for_pe_36_U0.v" into library work
INFO: [VRFC 10-311] analyzing module gemm_tile_start_for_pe_36_U0
INFO: [VRFC 10-311] analyzing module gemm_tile_start_for_pe_36_U0_ShiftReg
INFO: [VRFC 10-2263] Analyzing Verilog file "/scratch/hc676/agentstudy/trials/moonshotai_kimi-k3__hls/sim/gemm_tile_start_for_pe_37_U0.v" into library work
INFO: [VRFC 10-311] analyzing module gemm_tile_start_for_pe_37_U0
INFO: [VRFC 10-311] analyzing module gemm_tile_start_for_pe_37_U0_ShiftReg
INFO: [VRFC 10-2263] Analyzing Verilog file "/scratch/hc676/agentstudy/trials/moonshotai_kimi-k3__hls/sim/gemm_tile_start_for_pe_38_U0.v" into library work
INFO: [VRFC 10-311] analyzing module gemm_tile_start_for_pe_38_U0
INFO: [VRFC 10-311] analyzing module gemm_tile_start_for_pe_38_U0_ShiftReg
INFO: [VRFC 10-2263] Analyzing Verilog file "/scratch/hc676/agentstudy/trials/moonshotai_kimi-k3__hls/sim/gemm_tile_start_for_pe_39_U0.v" into library work
INFO: [VRFC 10-311] analyzing module gemm_tile_start_for_pe_39_U0
INFO: [VRFC 10-311] analyzing module gemm_tile_start_for_pe_39_U0_ShiftReg
INFO: [VRFC 10-2263] Analyzing Verilog file "/scratch/hc676/agentstudy/trials/moonshotai_kimi-k3__hls/sim/gemm_tile_start_for_pe_3_U0.v" into library work
INFO: [VRFC 10-311] analyzing module gemm_tile_start_for_pe_3_U0
INFO: [VRFC 10-311] analyzing module gemm_tile_start_for_pe_3_U0_ShiftReg
INFO: [VRFC 10-2263] Analyzing Verilog file "/scratch/hc676/agentstudy/trials/moonshotai_kimi-k3__hls/sim/gemm_tile_start_for_pe_40_U0.v" into library work
INFO: [VRFC 10-311] analyzing module gemm_tile_start_for_pe_40_U0
INFO: [VRFC 10-311] analyzing module gemm_tile_start_for_pe_40_U0_ShiftReg
INFO: [VRFC 10-2263] Analyzing Verilog file "/scratch/hc676/agentstudy/trials/moonshotai_kimi-k3__hls/sim/gemm_tile_start_for_pe_41_U0.v" into library work
INFO: [VRFC 10-311] analyzing module gemm_tile_start_for_pe_41_U0
INFO: [VRFC 10-311] analyzing module gemm_tile_start_for_pe_41_U0_ShiftReg
INFO: [VRFC 10-2263] Analyzing Verilog file "/scratch/hc676/agentstudy/trials/moonshotai_kimi-k3__hls/sim/gemm_tile_start_for_pe_42_U0.v" into library work
INFO: [VRFC 10-311] analyzing module gemm_tile_start_for_pe_42_U0
INFO: [VRFC 10-311] analyzing module gemm_tile_start_for_pe_42_U0_ShiftReg
INFO: [VRFC 10-2263] Analyzing Verilog file "/scratch/hc676/agentstudy/trials/moonshotai_kimi-k3__hls/sim/gemm_tile_start_for_pe_43_U0.v" into library work
INFO: [VRFC 10-311] analyzing module gemm_tile_start_for_pe_43_U0
INFO: [VRFC 10-311] analyzing module gemm_tile_start_for_pe_43_U0_ShiftReg
INFO: [VRFC 10-2263] Analyzing Verilog file "/scratch/hc676/agentstudy/trials/moonshotai_kimi-k3__hls/sim/gemm_tile_start_for_pe_44_U0.v" into library work
INFO: [VRFC 10-311] analyzing module gemm_tile_start_for_pe_44_U0
INFO: [VRFC 10-311] analyzing module gemm_tile_start_for_pe_44_U0_ShiftReg
INFO: [VRFC 10-2263] Analyzing Verilog file "/scratch/hc676/agentstudy/trials/moonshotai_kimi-k3__hls/sim/gemm_tile_start_for_pe_45_U0.v" into library work
INFO: [VRFC 10-311] analyzing module gemm_tile_start_for_pe_45_U0
INFO: [VRFC 10-311] analyzing module gemm_tile_start_for_pe_45_U0_ShiftReg
INFO: [VRFC 10-2263] Analyzing Verilog file "/scratch/hc676/agentstudy/trials/moonshotai_kimi-k3__hls/sim/gemm_tile_start_for_pe_46_U0.v" into library work
INFO: [VRFC 10-311] analyzing module gemm_tile_start_for_pe_46_U0
INFO: [VRFC 10-311] analyzing module gemm_tile_start_for_pe_46_U0_ShiftReg
INFO: [VRFC 10-2263] Analyzing Verilog file "/scratch/hc676/agentstudy/trials/moonshotai_kimi-k3__hls/sim/gemm_tile_start_for_pe_47_U0.v" into library work
INFO: [VRFC 10-311] analyzing module gemm_tile_start_for_pe_47_U0
INFO: [VRFC 10-311] analyzing module gemm_tile_start_for_pe_47_U0_ShiftReg
INFO: [VRFC 10-2263] Analyzing Verilog file "/scratch/hc676/agentstudy/trials/moonshotai_kimi-k3__hls/sim/gemm_tile_start_for_pe_48_U0.v" into library work
INFO: [VRFC 10-311] analyzing module gemm_tile_start_for_pe_48_U0
INFO: [VRFC 10-311] analyzing module gemm_tile_start_for_pe_48_U0_ShiftReg
INFO: [VRFC 10-2263] Analyzing Verilog file "/scratch/hc676/agentstudy/trials/moonshotai_kimi-k3__hls/sim/gemm_tile_start_for_pe_49_U0.v" into library work
INFO: [VRFC 10-311] analyzing module gemm_tile_start_for_pe_49_U0
INFO: [VRFC 10-311] analyzing module gemm_tile_start_for_pe_49_U0_ShiftReg
INFO: [VRFC 10-2263] Analyzing Verilog file "/scratch/hc676/agentstudy/trials/moonshotai_kimi-k3__hls/sim/gemm_tile_start_for_pe_4_U0.v" into library work
INFO: [VRFC 10-311] analyzing module gemm_tile_start_for_pe_4_U0
INFO: [VRFC 10-311] analyzing module gemm_tile_start_for_pe_4_U0_ShiftReg
INFO: [VRFC 10-2263] Analyzing Verilog file "/scratch/hc676/agentstudy/trials/moonshotai_kimi-k3__hls/sim/gemm_tile_start_for_pe_50_U0.v" into library work
INFO: [VRFC 10-311] analyzing module gemm_tile_start_for_pe_50_U0
INFO: [VRFC 10-311] analyzing module gemm_tile_start_for_pe_50_U0_ShiftReg
INFO: [VRFC 10-2263] Analyzing Verilog file "/scratch/hc676/agentstudy/trials/moonshotai_kimi-k3__hls/sim/gemm_tile_start_for_pe_51_U0.v" into library work
INFO: [VRFC 10-311] analyzing module gemm_tile_start_for_pe_51_U0
INFO: [VRFC 10-311] analyzing module gemm_tile_start_for_pe_51_U0_ShiftReg
INFO: [VRFC 10-2263] Analyzing Verilog file "/scratch/hc676/agentstudy/trials/moonshotai_kimi-k3__hls/sim/gemm_tile_start_for_pe_52_U0.v" into library work
INFO: [VRFC 10-311] analyzing module gemm_tile_start_for_pe_52_U0
INFO: [VRFC 10-311] analyzing module gemm_tile_start_for_pe_52_U0_ShiftReg
INFO: [VRFC 10-2263] Analyzing Verilog file "/scratch/hc676/agentstudy/trials/moonshotai_kimi-k3__hls/sim/gemm_tile_start_for_pe_53_U0.v" into library work
INFO: [VRFC 10-311] analyzing module gemm_tile_start_for_pe_53_U0
INFO: [VRFC 10-311] analyzing module gemm_tile_start_for_pe_53_U0_ShiftReg
INFO: [VRFC 10-2263] Analyzing Verilog file "/scratch/hc676/agentstudy/trials/moonshotai_kimi-k3__hls/sim/gemm_tile_start_for_pe_54_U0.v" into library work
INFO: [VRFC 10-311] analyzing module gemm_tile_start_for_pe_54_U0
INFO: [VRFC 10-311] analyzing module gemm_tile_start_for_pe_54_U0_ShiftReg
INFO: [VRFC 10-2263] Analyzing Verilog file "/scratch/hc676/agentstudy/trials/moonshotai_kimi-k3__hls/sim/gemm_tile_start_for_pe_55_U0.v" into library work
INFO: [VRFC 10-311] analyzing module gemm_tile_start_for_pe_55_U0
INFO: [VRFC 10-311] analyzing module gemm_tile_start_for_pe_55_U0_ShiftReg
INFO: [VRFC 10-2263] Analyzing Verilog file "/scratch/hc676/agentstudy/trials/moonshotai_kimi-k3__hls/sim/gemm_tile_start_for_pe_56_U0.v" into library work
INFO: [VRFC 10-311] analyzing module gemm_tile_start_for_pe_56_U0
INFO: [VRFC 10-311] analyzing module gemm_tile_start_for_pe_56_U0_ShiftReg
INFO: [VRFC 10-2263] Analyzing Verilog file "/scratch/hc676/agentstudy/trials/moonshotai_kimi-k3__hls/sim/gemm_tile_start_for_pe_57_U0.v" into library work
INFO: [VRFC 10-311] analyzing module gemm_tile_start_for_pe_57_U0
INFO: [VRFC 10-311] analyzing module gemm_tile_start_for_pe_57_U0_ShiftReg
INFO: [VRFC 10-2263] Analyzing Verilog file "/scratch/hc676/agentstudy/trials/moonshotai_kimi-k3__hls/sim/gemm_tile_start_for_pe_58_U0.v" into library work
INFO: [VRFC 10-311] analyzing module gemm_tile_start_for_pe_58_U0
INFO: [VRFC 10-311] analyzing module gemm_tile_start_for_pe_58_U0_ShiftReg
INFO: [VRFC 10-2263] Analyzing Verilog file "/scratch/hc676/agentstudy/trials/moonshotai_kimi-k3__hls/sim/gemm_tile_start_for_pe_59_U0.v" into library work
INFO: [VRFC 10-311] analyzing module gemm_tile_start_for_pe_59_U0
INFO: [VRFC 10-311] analyzing module gemm_tile_start_for_pe_59_U0_ShiftReg
INFO: [VRFC 10-2263] Analyzing Verilog file "/scratch/hc676/agentstudy/trials/moonshotai_kimi-k3__hls/sim/gemm_tile_start_for_pe_5_U0.v" into library work
INFO: [VRFC 10-311] analyzing module gemm_tile_start_for_pe_5_U0
INFO: [VRFC 10-311] analyzing module gemm_tile_start_for_pe_5_U0_ShiftReg
INFO: [VRFC 10-2263] Analyzing Verilog file "/scratch/hc676/agentstudy/trials/moonshotai_kimi-k3__hls/sim/gemm_tile_start_for_pe_60_U0.v" into library work
INFO: [VRFC 10-311] analyzing module gemm_tile_start_for_pe_60_U0
INFO: [VRFC 10-311] analyzing module gemm_tile_start_for_pe_60_U0_ShiftReg
INFO: [VRFC 10-2263] Analyzing Verilog file "/scratch/hc676/agentstudy/trials/moonshotai_kimi-k3__hls/sim/gemm_tile_start_for_pe_61_U0.v" into library work
INFO: [VRFC 10-311] analyzing module gemm_tile_start_for_pe_61_U0
INFO: [VRFC 10-311] analyzing module gemm_tile_start_for_pe_61_U0_ShiftReg
INFO: [VRFC 10-2263] Analyzing Verilog file "/scratch/hc676/agentstudy/trials/moonshotai_kimi-k3__hls/sim/gemm_tile_start_for_pe_62_U0.v" into library work
INFO: [VRFC 10-311] analyzing module gemm_tile_start_for_pe_62_U0
INFO: [VRFC 10-311] analyzing module gemm_tile_start_for_pe_62_U0_ShiftReg
INFO: [VRFC 10-2263] Analyzing Verilog file "/scratch/hc676/agentstudy/trials/moonshotai_kimi-k3__hls/sim/gemm_tile_start_for_pe_63_U0.v" into library work
INFO: [VRFC 10-311] analyzing module gemm_tile_start_for_pe_63_U0
INFO: [VRFC 10-311] analyzing module gemm_tile_start_for_pe_63_U0_ShiftReg
INFO: [VRFC 10-2263] Analyzing Verilog file "/scratch/hc676/agentstudy/trials/moonshotai_kimi-k3__hls/sim/gemm_tile_start_for_pe_6_U0.v" into library work
INFO: [VRFC 10-311] analyzing module gemm_tile_start_for_pe_6_U0
INFO: [VRFC 10-311] analyzing module gemm_tile_start_for_pe_6_U0_ShiftReg
INFO: [VRFC 10-2263] Analyzing Verilog file "/scratch/hc676/agentstudy/trials/moonshotai_kimi-k3__hls/sim/gemm_tile_start_for_pe_7_U0.v" into library work
INFO: [VRFC 10-311] analyzing module gemm_tile_start_for_pe_7_U0
INFO: [VRFC 10-311] analyzing module gemm_tile_start_for_pe_7_U0_ShiftReg
INFO: [VRFC 10-2263] Analyzing Verilog file "/scratch/hc676/agentstudy/trials/moonshotai_kimi-k3__hls/sim/gemm_tile_start_for_pe_8_U0.v" into library work
INFO: [VRFC 10-311] analyzing module gemm_tile_start_for_pe_8_U0
INFO: [VRFC 10-311] analyzing module gemm_tile_start_for_pe_8_U0_ShiftReg
INFO: [VRFC 10-2263] Analyzing Verilog file "/scratch/hc676/agentstudy/trials/moonshotai_kimi-k3__hls/sim/gemm_tile_start_for_pe_9_U0.v" into library work
INFO: [VRFC 10-311] analyzing module gemm_tile_start_for_pe_9_U0
INFO: [VRFC 10-311] analyzing module gemm_tile_start_for_pe_9_U0_ShiftReg
INFO: [VRFC 10-2263] Analyzing Verilog file "/scratch/hc676/agentstudy/trials/moonshotai_kimi-k3__hls/sim/gemm_tile_start_for_pe_U0.v" into library work
INFO: [VRFC 10-311] analyzing module gemm_tile_start_for_pe_U0
INFO: [VRFC 10-311] analyzing module gemm_tile_start_for_pe_U0_ShiftReg
