

================================================================
== Synthesis Summary Report of 'drain_r2_0'
================================================================
+ General Information: 
    * Date:           Tue Sep  8 00:30:26 2026
    * Version:        2023.2 (Build 4023990 on Oct 11 2023)
    * Project:        prj
    * Solution:       sol (Vivado IP Flow Target)
    * Product family: virtexuplusHBM
    * Target device:  xcu280-fsvh2892-2L-e
    

+ Performance & Resource Estimates: 
    
    PS: '+' for module; 'o' for loop; '*' for dataflow
    +--------------+--------+-------+---------+--------+----------+---------+------+----------+------+----+---------+----------+-----+
    |    Modules   |  Issue |       | Latency | Latency| Iteration|         | Trip |          |      |    |         |          |     |
    |    & Loops   |  Type  | Slack | (cycles)|  (ns)  |  Latency | Interval| Count| Pipelined| BRAM | DSP|    FF   |    LUT   | URAM|
    +--------------+--------+-------+---------+--------+----------+---------+------+----------+------+----+---------+----------+-----+
    |+ drain_r2_0  |  Timing|  -0.00|        0|   0.000|         -|        1|     -|        no|     -|   -|  1 (~0%)|  20 (~0%)|    -|
    +--------------+--------+-------+---------+--------+----------+---------+------+----------+------+----+---------+----------+-----+


================================================================
== HW Interfaces
================================================================
* AP_FIFO
+-----------+-----------+------------+
| Interface | Direction | Data Width |
+-----------+-----------+------------+
| v0        | out       | 32         |
| v1        | out       | 32         |
+-----------+-----------+------------+

* TOP LEVEL CONTROL
+-----------+--------------+--------+
| Interface | Type         | Ports  |
+-----------+--------------+--------+
| ap_clk    | clock        | ap_clk |
| ap_rst    | reset        | ap_rst |
| ap_ctrl   | ap_ctrl_none |        |
+-----------+--------------+--------+


================================================================
== SW I/O Information
================================================================
* Top Function Arguments
+----------+-----------+-----------------+
| Argument | Direction | Datatype        |
+----------+-----------+-----------------+
| v0       | in        | stream<int, 0>& |
| v1       | out       | stream<int, 0>& |
+----------+-----------+-----------------+

* SW-to-HW Mapping
+----------+--------------+-----------+
| Argument | HW Interface | HW Type   |
+----------+--------------+-----------+
| v0       | v0           | interface |
| v1       | v1           | interface |
+----------+--------------+-----------+


================================================================
== Bind Op Report
================================================================
  No bind op info in design

================================================================
== Storage Report
================================================================
  No bind storage info in design

================================================================
== Pragma Report
================================================================
* Valid Pragma Syntax
+-----------+--------------------------+----------------------------------+
| Type      | Options                  | Location                         |
+-----------+--------------------------+----------------------------------+
| dataflow  |                          | kernel.cpp:25 in top             |
| stream    | variable=v5 depth=2      | kernel.cpp:27 in top, v5         |
| stream    | variable=v6 depth=2      | kernel.cpp:29 in top, v6         |
| interface | ap_ctrl_none port=return | run.tcl:15 in drain_r2_0, return |
+-----------+--------------------------+----------------------------------+


