

================================================================
== Synthesis Summary Report of 'drain_r0_0'
================================================================
+ General Information: 
    * Date:           Tue Sep  8 00:30:29 2026
    * Version:        2023.2 (Build 4023990 on Oct 11 2023)
    * Project:        prj
    * Solution:       sol (Vivado IP Flow Target)
    * Product family: virtexuplusHBM
    * Target device:  xcu280-fsvh2892-2L-e
    

+ Performance & Resource Estimates: 
    
    PS: '+' for module; 'o' for loop; '*' for dataflow
    +----------------------------------------+--------+-------+---------+--------+----------+---------+------+----------+------+----+-----------+-----------+-----+
    |                 Modules                |  Issue |       | Latency | Latency| Iteration|         | Trip |          |      |    |           |           |     |
    |                 & Loops                |  Type  | Slack | (cycles)|  (ns)  |  Latency | Interval| Count| Pipelined| BRAM | DSP|     FF    |    LUT    | URAM|
    +----------------------------------------+--------+-------+---------+--------+----------+---------+------+----------+------+----+-----------+-----------+-----+
    |+ drain_r0_0                            |  Timing|  -0.00|        -|       -|         -|        -|     -|        no|     -|   -|  102 (~0%)|  257 (~0%)|    -|
    | + drain_r0_0_Pipeline_VITIS_LOOP_29_1  |  Timing|  -0.00|        -|       -|         -|        -|     -|        no|     -|   -|   34 (~0%)|  137 (~0%)|    -|
    |  o VITIS_LOOP_29_1                     |       -|   2.43|        -|       -|         2|        1|     -|       yes|     -|   -|          -|          -|    -|
    +----------------------------------------+--------+-------+---------+--------+----------+---------+------+----------+------+----+-----------+-----------+-----+


================================================================
== HW Interfaces
================================================================
* AP_FIFO
+-----------+-----------+------------+
| Interface | Direction | Data Width |
+-----------+-----------+------------+
| v0        | out       | 32         |
| v1        | out       | 32         |
| v2        | out       | 32         |
| v3        | out       | 32         |
+-----------+-----------+------------+

* TOP LEVEL CONTROL
+-----------+--------------+--------+
| Interface | Type         | Ports  |
+-----------+--------------+--------+
| ap_clk    | clock        | ap_clk |
| ap_rst    | reset        | ap_rst |
| ap_ctrl   | ap_ctrl_none |        |
+-----------+--------------+--------+


================================================================
== SW I/O Information
================================================================
* Top Function Arguments
+----------+-----------+-----------------+
| Argument | Direction | Datatype        |
+----------+-----------+-----------------+
| v0       | in        | stream<int, 0>& |
| v1       | in        | stream<int, 0>& |
| v2       | out       | stream<int, 0>& |
| v3       | in        | stream<int, 0>& |
+----------+-----------+-----------------+

* SW-to-HW Mapping
+----------+--------------+-----------+
| Argument | HW Interface | HW Type   |
+----------+--------------+-----------+
| v0       | v0           | interface |
| v1       | v1           | interface |
| v2       | v2           | interface |
| v3       | v3           | interface |
+----------+--------------+-----------+


================================================================
== Bind Op Report
================================================================
+----------------------------------------+-----+--------+----------+-----+--------+---------+
| Name                                   | DSP | Pragma | Variable | Op  | Impl   | Latency |
+----------------------------------------+-----+--------+----------+-----+--------+---------+
| + drain_r0_0                           | 0   |        |          |     |        |         |
|   v12_fu_65_p2                         |     |        | v12      | sub | fabric | 0       |
|  + drain_r0_0_Pipeline_VITIS_LOOP_29_1 | 0   |        |          |     |        |         |
|    add_ln29_fu_76_p2                   |     |        | add_ln29 | add | fabric | 0       |
+----------------------------------------+-----+--------+----------+-----+--------+---------+


================================================================
== Storage Report
================================================================
  No bind storage info in design

================================================================
== Pragma Report
================================================================
* Valid Pragma Syntax
+-----------+--------------------------+----------------------------------+
| Type      | Options                  | Location                         |
+-----------+--------------------------+----------------------------------+
| dataflow  |                          | kernel.cpp:41 in top             |
| stream    | variable=v16 depth=2     | kernel.cpp:43 in top, v16        |
| stream    | variable=v17 depth=2     | kernel.cpp:45 in top, v17        |
| stream    | variable=v18 depth=2     | kernel.cpp:47 in top, v18        |
| stream    | variable=v19 depth=1     | kernel.cpp:49 in top, v19        |
| interface | ap_ctrl_none port=return | run.tcl:15 in drain_r0_0, return |
+-----------+--------------------------+----------------------------------+


