

================================================================
== Vitis HLS Report for 'blk8_r0_0_Pipeline_l_S_s_1_s'
================================================================
* Date:           Wed Sep 23 05:36:37 2026

* Version:        2023.2 (Build 4023990 on Oct 11 2023)
* Project:        prj
* Solution:       sol (Vivado IP Flow Target)
* Product family: virtexuplusHBM
* Target device:  xcu280-fsvh2892-2L-e


================================================================
== Performance Estimates
================================================================
+ Timing: 
    * Summary: 
    +--------+---------+----------+------------+
    |  Clock |  Target | Estimated| Uncertainty|
    +--------+---------+----------+------------+
    |ap_clk  |  3.33 ns|  2.132 ns|     0.90 ns|
    +--------+---------+----------+------------+

+ Latency: 
    * Summary: 
    +---------+---------+----------+----------+-----+-----+---------+
    |  Latency (cycles) |  Latency (absolute) |  Interval | Pipeline|
    |   min   |   max   |    min   |    max   | min | max |   Type  |
    +---------+---------+----------+----------+-----+-----+---------+
    |      261|      261|  0.869 us|  0.869 us|  261|  261|       no|
    +---------+---------+----------+----------+-----+-----+---------+

    + Detail: 
        * Instance: 
        N/A

        * Loop: 
        +-------------+---------+---------+----------+-----------+-----------+------+----------+
        |             |  Latency (cycles) | Iteration|  Initiation Interval  | Trip |          |
        |  Loop Name  |   min   |   max   |  Latency |  achieved |   target  | Count| Pipelined|
        +-------------+---------+---------+----------+-----------+-----------+------+----------+
        |- l_S_s_1_s  |      259|      259|         5|          1|          1|   256|       yes|
        +-------------+---------+---------+----------+-----------+-----------+------+----------+



================================================================
== Utilization Estimates
================================================================
* Summary: 
+---------------------+---------+------+---------+---------+-----+
|         Name        | BRAM_18K|  DSP |    FF   |   LUT   | URAM|
+---------------------+---------+------+---------+---------+-----+
|DSP                  |        -|     -|        -|        -|    -|
|Expression           |        -|     -|        0|     2253|    -|
|FIFO                 |        -|     -|        -|        -|    -|
|Instance             |        -|     0|        0|     3968|    -|
|Memory               |        -|     -|        -|        -|    -|
|Multiplexer          |        -|     -|        -|     1404|    -|
|Register             |        -|     -|     2637|      288|    -|
+---------------------+---------+------+---------+---------+-----+
|Total                |        0|     0|     2637|     7913|    0|
+---------------------+---------+------+---------+---------+-----+
|Available SLR        |     1344|  3008|   869120|   434560|  320|
+---------------------+---------+------+---------+---------+-----+
|Utilization SLR (%)  |        0|     0|       ~0|        1|    0|
+---------------------+---------+------+---------+---------+-----+
|Available            |     4032|  9024|  2607360|  1303680|  960|
+---------------------+---------+------+---------+---------+-----+
|Utilization (%)      |        0|     0|       ~0|       ~0|    0|
+---------------------+---------+------+---------+---------+-----+

+ Detail: 
    * Instance: 
    +-----------------------+------------------+---------+----+---+----+-----+
    |        Instance       |      Module      | BRAM_18K| DSP| FF| LUT| URAM|
    +-----------------------+------------------+---------+----+---+----+-----+
    |mul_8s_8s_16_1_1_U73   |mul_8s_8s_16_1_1  |        0|   0|  0|  62|    0|
    |mul_8s_8s_16_1_1_U74   |mul_8s_8s_16_1_1  |        0|   0|  0|  62|    0|
    |mul_8s_8s_16_1_1_U75   |mul_8s_8s_16_1_1  |        0|   0|  0|  62|    0|
    |mul_8s_8s_16_1_1_U76   |mul_8s_8s_16_1_1  |        0|   0|  0|  62|    0|
    |mul_8s_8s_16_1_1_U77   |mul_8s_8s_16_1_1  |        0|   0|  0|  62|    0|
    |mul_8s_8s_16_1_1_U78   |mul_8s_8s_16_1_1  |        0|   0|  0|  62|    0|
    |mul_8s_8s_16_1_1_U79   |mul_8s_8s_16_1_1  |        0|   0|  0|  62|    0|
    |mul_8s_8s_16_1_1_U80   |mul_8s_8s_16_1_1  |        0|   0|  0|  62|    0|
    |mul_8s_8s_16_1_1_U81   |mul_8s_8s_16_1_1  |        0|   0|  0|  62|    0|
    |mul_8s_8s_16_1_1_U82   |mul_8s_8s_16_1_1  |        0|   0|  0|  62|    0|
    |mul_8s_8s_16_1_1_U83   |mul_8s_8s_16_1_1  |        0|   0|  0|  62|    0|
    |mul_8s_8s_16_1_1_U84   |mul_8s_8s_16_1_1  |        0|   0|  0|  62|    0|
    |mul_8s_8s_16_1_1_U85   |mul_8s_8s_16_1_1  |        0|   0|  0|  62|    0|
    |mul_8s_8s_16_1_1_U86   |mul_8s_8s_16_1_1  |        0|   0|  0|  62|    0|
    |mul_8s_8s_16_1_1_U87   |mul_8s_8s_16_1_1  |        0|   0|  0|  62|    0|
    |mul_8s_8s_16_1_1_U88   |mul_8s_8s_16_1_1  |        0|   0|  0|  62|    0|
    |mul_8s_8s_16_1_1_U89   |mul_8s_8s_16_1_1  |        0|   0|  0|  62|    0|
    |mul_8s_8s_16_1_1_U90   |mul_8s_8s_16_1_1  |        0|   0|  0|  62|    0|
    |mul_8s_8s_16_1_1_U91   |mul_8s_8s_16_1_1  |        0|   0|  0|  62|    0|
    |mul_8s_8s_16_1_1_U92   |mul_8s_8s_16_1_1  |        0|   0|  0|  62|    0|
    |mul_8s_8s_16_1_1_U93   |mul_8s_8s_16_1_1  |        0|   0|  0|  62|    0|
    |mul_8s_8s_16_1_1_U94   |mul_8s_8s_16_1_1  |        0|   0|  0|  62|    0|
    |mul_8s_8s_16_1_1_U95   |mul_8s_8s_16_1_1  |        0|   0|  0|  62|    0|
    |mul_8s_8s_16_1_1_U96   |mul_8s_8s_16_1_1  |        0|   0|  0|  62|    0|
    |mul_8s_8s_16_1_1_U97   |mul_8s_8s_16_1_1  |        0|   0|  0|  62|    0|
    |mul_8s_8s_16_1_1_U98   |mul_8s_8s_16_1_1  |        0|   0|  0|  62|    0|
    |mul_8s_8s_16_1_1_U99   |mul_8s_8s_16_1_1  |        0|   0|  0|  62|    0|
    |mul_8s_8s_16_1_1_U100  |mul_8s_8s_16_1_1  |        0|   0|  0|  62|    0|
    |mul_8s_8s_16_1_1_U101  |mul_8s_8s_16_1_1  |        0|   0|  0|  62|    0|
    |mul_8s_8s_16_1_1_U102  |mul_8s_8s_16_1_1  |        0|   0|  0|  62|    0|
    |mul_8s_8s_16_1_1_U103  |mul_8s_8s_16_1_1  |        0|   0|  0|  62|    0|
    |mul_8s_8s_16_1_1_U104  |mul_8s_8s_16_1_1  |        0|   0|  0|  62|    0|
    |mul_8s_8s_16_1_1_U105  |mul_8s_8s_16_1_1  |        0|   0|  0|  62|    0|
    |mul_8s_8s_16_1_1_U106  |mul_8s_8s_16_1_1  |        0|   0|  0|  62|    0|
    |mul_8s_8s_16_1_1_U107  |mul_8s_8s_16_1_1  |        0|   0|  0|  62|    0|
    |mul_8s_8s_16_1_1_U108  |mul_8s_8s_16_1_1  |        0|   0|  0|  62|    0|
    |mul_8s_8s_16_1_1_U109  |mul_8s_8s_16_1_1  |        0|   0|  0|  62|    0|
    |mul_8s_8s_16_1_1_U110  |mul_8s_8s_16_1_1  |        0|   0|  0|  62|    0|
    |mul_8s_8s_16_1_1_U111  |mul_8s_8s_16_1_1  |        0|   0|  0|  62|    0|
    |mul_8s_8s_16_1_1_U112  |mul_8s_8s_16_1_1  |        0|   0|  0|  62|    0|
    |mul_8s_8s_16_1_1_U113  |mul_8s_8s_16_1_1  |        0|   0|  0|  62|    0|
    |mul_8s_8s_16_1_1_U114  |mul_8s_8s_16_1_1  |        0|   0|  0|  62|    0|
    |mul_8s_8s_16_1_1_U115  |mul_8s_8s_16_1_1  |        0|   0|  0|  62|    0|
    |mul_8s_8s_16_1_1_U116  |mul_8s_8s_16_1_1  |        0|   0|  0|  62|    0|
    |mul_8s_8s_16_1_1_U117  |mul_8s_8s_16_1_1  |        0|   0|  0|  62|    0|
    |mul_8s_8s_16_1_1_U118  |mul_8s_8s_16_1_1  |        0|   0|  0|  62|    0|
    |mul_8s_8s_16_1_1_U119  |mul_8s_8s_16_1_1  |        0|   0|  0|  62|    0|
    |mul_8s_8s_16_1_1_U120  |mul_8s_8s_16_1_1  |        0|   0|  0|  62|    0|
    |mul_8s_8s_16_1_1_U121  |mul_8s_8s_16_1_1  |        0|   0|  0|  62|    0|
    |mul_8s_8s_16_1_1_U122  |mul_8s_8s_16_1_1  |        0|   0|  0|  62|    0|
    |mul_8s_8s_16_1_1_U123  |mul_8s_8s_16_1_1  |        0|   0|  0|  62|    0|
    |mul_8s_8s_16_1_1_U124  |mul_8s_8s_16_1_1  |        0|   0|  0|  62|    0|
    |mul_8s_8s_16_1_1_U125  |mul_8s_8s_16_1_1  |        0|   0|  0|  62|    0|
    |mul_8s_8s_16_1_1_U126  |mul_8s_8s_16_1_1  |        0|   0|  0|  62|    0|
    |mul_8s_8s_16_1_1_U127  |mul_8s_8s_16_1_1  |        0|   0|  0|  62|    0|
    |mul_8s_8s_16_1_1_U128  |mul_8s_8s_16_1_1  |        0|   0|  0|  62|    0|
    |mul_8s_8s_16_1_1_U129  |mul_8s_8s_16_1_1  |        0|   0|  0|  62|    0|
    |mul_8s_8s_16_1_1_U130  |mul_8s_8s_16_1_1  |        0|   0|  0|  62|    0|
    |mul_8s_8s_16_1_1_U131  |mul_8s_8s_16_1_1  |        0|   0|  0|  62|    0|
    |mul_8s_8s_16_1_1_U132  |mul_8s_8s_16_1_1  |        0|   0|  0|  62|    0|
    |mul_8s_8s_16_1_1_U133  |mul_8s_8s_16_1_1  |        0|   0|  0|  62|    0|
    |mul_8s_8s_16_1_1_U134  |mul_8s_8s_16_1_1  |        0|   0|  0|  62|    0|
    |mul_8s_8s_16_1_1_U135  |mul_8s_8s_16_1_1  |        0|   0|  0|  62|    0|
    |mul_8s_8s_16_1_1_U136  |mul_8s_8s_16_1_1  |        0|   0|  0|  62|    0|
    +-----------------------+------------------+---------+----+---+----+-----+
    |Total                  |                  |        0|   0|  0|3968|    0|
    +-----------------------+------------------+---------+----+---+----+-----+

    * DSP: 
    N/A

    * Memory: 
    N/A

    * FIFO: 
    N/A

    * Expression: 
    +----------------------------------+----------+----+---+----+------------+------------+
    |           Variable Name          | Operation| DSP| FF| LUT| Bitwidth P0| Bitwidth P1|
    +----------------------------------+----------+----+---+----+------------+------------+
    |s_fu_2052_p2                      |         +|   0|  0|  16|           9|           1|
    |v11_din                           |         +|   0|  0|  39|          32|          32|
    |v13_din                           |         +|   0|  0|  39|          32|          32|
    |v15_din                           |         +|   0|  0|  39|          32|          32|
    |v17_din                           |         +|   0|  0|  39|          32|          32|
    |v19_din                           |         +|   0|  0|  39|          32|          32|
    |v21_din                           |         +|   0|  0|  39|          32|          32|
    |v23_din                           |         +|   0|  0|  39|          32|          32|
    |v335_fu_2467_p2                   |         +|   0|  0|  24|          17|          17|
    |v348_fu_2507_p2                   |         +|   0|  0|  24|          17|          17|
    |v351_fu_4583_p2                   |         +|   0|  0|  25|          18|          18|
    |v364_fu_2547_p2                   |         +|   0|  0|  24|          17|          17|
    |v377_fu_2587_p2                   |         +|   0|  0|  24|          17|          17|
    |v380_fu_4595_p2                   |         +|   0|  0|  25|          18|          18|
    |v383_fu_4609_p2                   |         +|   0|  0|  26|          19|          19|
    |v400_fu_2621_p2                   |         +|   0|  0|  24|          17|          17|
    |v413_fu_2655_p2                   |         +|   0|  0|  24|          17|          17|
    |v416_fu_4621_p2                   |         +|   0|  0|  25|          18|          18|
    |v429_fu_2689_p2                   |         +|   0|  0|  24|          17|          17|
    |v442_fu_2723_p2                   |         +|   0|  0|  24|          17|          17|
    |v445_fu_4633_p2                   |         +|   0|  0|  25|          18|          18|
    |v448_fu_4647_p2                   |         +|   0|  0|  26|          19|          19|
    |v465_fu_2757_p2                   |         +|   0|  0|  24|          17|          17|
    |v478_fu_2791_p2                   |         +|   0|  0|  24|          17|          17|
    |v481_fu_4659_p2                   |         +|   0|  0|  25|          18|          18|
    |v494_fu_2825_p2                   |         +|   0|  0|  24|          17|          17|
    |v507_fu_2859_p2                   |         +|   0|  0|  24|          17|          17|
    |v510_fu_4671_p2                   |         +|   0|  0|  25|          18|          18|
    |v513_fu_4685_p2                   |         +|   0|  0|  26|          19|          19|
    |v530_fu_2893_p2                   |         +|   0|  0|  24|          17|          17|
    |v543_fu_2927_p2                   |         +|   0|  0|  24|          17|          17|
    |v546_fu_4697_p2                   |         +|   0|  0|  25|          18|          18|
    |v559_fu_2961_p2                   |         +|   0|  0|  24|          17|          17|
    |v572_fu_2995_p2                   |         +|   0|  0|  24|          17|          17|
    |v575_fu_4709_p2                   |         +|   0|  0|  25|          18|          18|
    |v578_fu_4723_p2                   |         +|   0|  0|  26|          19|          19|
    |v595_fu_3029_p2                   |         +|   0|  0|  24|          17|          17|
    |v608_fu_3063_p2                   |         +|   0|  0|  24|          17|          17|
    |v611_fu_4735_p2                   |         +|   0|  0|  25|          18|          18|
    |v624_fu_3097_p2                   |         +|   0|  0|  24|          17|          17|
    |v637_fu_3131_p2                   |         +|   0|  0|  24|          17|          17|
    |v640_fu_4747_p2                   |         +|   0|  0|  25|          18|          18|
    |v643_fu_4761_p2                   |         +|   0|  0|  26|          19|          19|
    |v660_fu_3165_p2                   |         +|   0|  0|  24|          17|          17|
    |v673_fu_3199_p2                   |         +|   0|  0|  24|          17|          17|
    |v676_fu_4773_p2                   |         +|   0|  0|  25|          18|          18|
    |v689_fu_3233_p2                   |         +|   0|  0|  24|          17|          17|
    |v702_fu_3267_p2                   |         +|   0|  0|  24|          17|          17|
    |v705_fu_4785_p2                   |         +|   0|  0|  25|          18|          18|
    |v708_fu_4799_p2                   |         +|   0|  0|  26|          19|          19|
    |v725_fu_3301_p2                   |         +|   0|  0|  24|          17|          17|
    |v738_fu_3335_p2                   |         +|   0|  0|  24|          17|          17|
    |v741_fu_4811_p2                   |         +|   0|  0|  25|          18|          18|
    |v754_fu_3369_p2                   |         +|   0|  0|  24|          17|          17|
    |v767_fu_3403_p2                   |         +|   0|  0|  24|          17|          17|
    |v770_fu_4823_p2                   |         +|   0|  0|  25|          18|          18|
    |v773_fu_4837_p2                   |         +|   0|  0|  26|          19|          19|
    |v790_fu_3437_p2                   |         +|   0|  0|  24|          17|          17|
    |v803_fu_3471_p2                   |         +|   0|  0|  24|          17|          17|
    |v806_fu_4849_p2                   |         +|   0|  0|  25|          18|          18|
    |v819_fu_3505_p2                   |         +|   0|  0|  24|          17|          17|
    |v832_fu_3539_p2                   |         +|   0|  0|  24|          17|          17|
    |v835_fu_4861_p2                   |         +|   0|  0|  25|          18|          18|
    |v838_fu_4875_p2                   |         +|   0|  0|  26|          19|          19|
    |v9_din                            |         +|   0|  0|  39|          32|          32|
    |icmp_ln497_fu_2046_p2             |      icmp|   0|  0|  17|           9|          10|
    |v908_fu_2062_p2                   |      icmp|   0|  0|  12|           4|           2|
    |ap_block_pp0_stage0_01001         |        or|   0|  0|   2|           1|           1|
    |ap_block_state2_pp0_stage0_iter1  |        or|   0|  0|   2|           1|           1|
    |ap_block_state5_pp0_stage0_iter4  |        or|   0|  0|   2|           1|           1|
    |c0_0_fu_3545_p3                   |    select|   0|  0|   8|           1|           8|
    |c0_1_fu_3551_p3                   |    select|   0|  0|   8|           1|           8|
    |c0_2_fu_3558_p3                   |    select|   0|  0|   8|           1|           8|
    |c0_3_fu_3565_p3                   |    select|   0|  0|   8|           1|           8|
    |c0_4_fu_3572_p3                   |    select|   0|  0|   8|           1|           8|
    |c0_5_fu_3579_p3                   |    select|   0|  0|   8|           1|           8|
    |c0_6_fu_3586_p3                   |    select|   0|  0|   8|           1|           8|
    |c0_7_fu_3593_p3                   |    select|   0|  0|   8|           1|           8|
    |c1_0_fu_3600_p3                   |    select|   0|  0|   8|           1|           8|
    |c1_1_fu_3606_p3                   |    select|   0|  0|   8|           1|           8|
    |c1_2_fu_3613_p3                   |    select|   0|  0|   8|           1|           8|
    |c1_3_fu_3620_p3                   |    select|   0|  0|   8|           1|           8|
    |c1_4_fu_3627_p3                   |    select|   0|  0|   8|           1|           8|
    |c1_5_fu_3634_p3                   |    select|   0|  0|   8|           1|           8|
    |c1_6_fu_3641_p3                   |    select|   0|  0|   8|           1|           8|
    |c1_7_fu_3648_p3                   |    select|   0|  0|   8|           1|           8|
    |c2_0_fu_3655_p3                   |    select|   0|  0|   8|           1|           8|
    |c2_1_fu_3661_p3                   |    select|   0|  0|   8|           1|           8|
    |c2_2_fu_3668_p3                   |    select|   0|  0|   8|           1|           8|
    |c2_3_fu_3675_p3                   |    select|   0|  0|   8|           1|           8|
    |c2_4_fu_3682_p3                   |    select|   0|  0|   8|           1|           8|
    |c2_5_fu_3689_p3                   |    select|   0|  0|   8|           1|           8|
    |c2_6_fu_3696_p3                   |    select|   0|  0|   8|           1|           8|
    |c2_7_fu_3703_p3                   |    select|   0|  0|   8|           1|           8|
    |c3_0_fu_3710_p3                   |    select|   0|  0|   8|           1|           8|
    |c3_1_fu_3716_p3                   |    select|   0|  0|   8|           1|           8|
    |c3_2_fu_3723_p3                   |    select|   0|  0|   8|           1|           8|
    |c3_3_fu_3730_p3                   |    select|   0|  0|   8|           1|           8|
    |c3_4_fu_3737_p3                   |    select|   0|  0|   8|           1|           8|
    |c3_5_fu_3744_p3                   |    select|   0|  0|   8|           1|           8|
    |c3_6_fu_3751_p3                   |    select|   0|  0|   8|           1|           8|
    |c3_7_fu_3758_p3                   |    select|   0|  0|   8|           1|           8|
    |c4_0_fu_3765_p3                   |    select|   0|  0|   8|           1|           8|
    |c4_1_fu_3771_p3                   |    select|   0|  0|   8|           1|           8|
    |c4_2_fu_3778_p3                   |    select|   0|  0|   8|           1|           8|
    |c4_3_fu_3785_p3                   |    select|   0|  0|   8|           1|           8|
    |c4_4_fu_3792_p3                   |    select|   0|  0|   8|           1|           8|
    |c4_5_fu_3799_p3                   |    select|   0|  0|   8|           1|           8|
    |c4_6_fu_3806_p3                   |    select|   0|  0|   8|           1|           8|
    |c4_7_fu_3813_p3                   |    select|   0|  0|   8|           1|           8|
    |c5_0_fu_3820_p3                   |    select|   0|  0|   8|           1|           8|
    |c5_1_fu_3826_p3                   |    select|   0|  0|   8|           1|           8|
    |c5_2_fu_3833_p3                   |    select|   0|  0|   8|           1|           8|
    |c5_3_fu_3840_p3                   |    select|   0|  0|   8|           1|           8|
    |c5_4_fu_3847_p3                   |    select|   0|  0|   8|           1|           8|
    |c5_5_fu_3854_p3                   |    select|   0|  0|   8|           1|           8|
    |c5_6_fu_3861_p3                   |    select|   0|  0|   8|           1|           8|
    |c5_7_fu_3868_p3                   |    select|   0|  0|   8|           1|           8|
    |c6_0_fu_3875_p3                   |    select|   0|  0|   8|           1|           8|
    |c6_1_fu_3881_p3                   |    select|   0|  0|   8|           1|           8|
    |c6_2_fu_3888_p3                   |    select|   0|  0|   8|           1|           8|
    |c6_3_fu_3895_p3                   |    select|   0|  0|   8|           1|           8|
    |c6_4_fu_3902_p3                   |    select|   0|  0|   8|           1|           8|
    |c6_5_fu_3909_p3                   |    select|   0|  0|   8|           1|           8|
    |c6_6_fu_3916_p3                   |    select|   0|  0|   8|           1|           8|
    |c6_7_fu_3923_p3                   |    select|   0|  0|   8|           1|           8|
    |c7_0_fu_3930_p3                   |    select|   0|  0|   8|           1|           8|
    |c7_1_fu_3936_p3                   |    select|   0|  0|   8|           1|           8|
    |c7_2_fu_3943_p3                   |    select|   0|  0|   8|           1|           8|
    |c7_3_fu_3950_p3                   |    select|   0|  0|   8|           1|           8|
    |c7_4_fu_3957_p3                   |    select|   0|  0|   8|           1|           8|
    |c7_5_fu_3964_p3                   |    select|   0|  0|   8|           1|           8|
    |c7_6_fu_3971_p3                   |    select|   0|  0|   8|           1|           8|
    |c7_7_fu_3978_p3                   |    select|   0|  0|   8|           1|           8|
    |ap_enable_pp0                     |       xor|   0|  0|   2|           1|           2|
    +----------------------------------+----------+----+---+----+------------+------------+
    |Total                             |          |   0|  0|2253|        1330|        1770|
    +----------------------------------+----------+----+---+----+------------+------------+

    * Multiplexer: 
    +-------------------------+----+-----------+-----+-----------+
    |           Name          | LUT| Input Size| Bits| Total Bits|
    +-------------------------+----+-----------+-----+-----------+
    |ap_done_int              |   9|          2|    1|          2|
    |ap_enable_reg_pp0_iter3  |   9|          2|    1|          2|
    |ap_sig_allocacmp_s_1     |   9|          2|    9|         18|
    |n0_1_fu_850              |   9|          2|    8|         16|
    |n0_2_fu_846              |   9|          2|    8|         16|
    |n0_3_fu_842              |   9|          2|    8|         16|
    |n0_4_fu_838              |   9|          2|    8|         16|
    |n0_5_fu_834              |   9|          2|    8|         16|
    |n0_6_fu_830              |   9|          2|    8|         16|
    |n0_7_fu_530              |   9|          2|    8|         16|
    |n1_1_fu_826              |   9|          2|    8|         16|
    |n1_2_fu_822              |   9|          2|    8|         16|
    |n1_3_fu_818              |   9|          2|    8|         16|
    |n1_4_fu_814              |   9|          2|    8|         16|
    |n1_5_fu_810              |   9|          2|    8|         16|
    |n1_6_fu_806              |   9|          2|    8|         16|
    |n1_7_fu_526              |   9|          2|    8|         16|
    |n2_1_fu_802              |   9|          2|    8|         16|
    |n2_2_fu_798              |   9|          2|    8|         16|
    |n2_3_fu_794              |   9|          2|    8|         16|
    |n2_4_fu_790              |   9|          2|    8|         16|
    |n2_5_fu_786              |   9|          2|    8|         16|
    |n2_6_fu_782              |   9|          2|    8|         16|
    |n2_7_fu_522              |   9|          2|    8|         16|
    |n3_1_fu_778              |   9|          2|    8|         16|
    |n3_2_fu_774              |   9|          2|    8|         16|
    |n3_3_fu_770              |   9|          2|    8|         16|
    |n3_4_fu_766              |   9|          2|    8|         16|
    |n3_5_fu_762              |   9|          2|    8|         16|
    |n3_6_fu_758              |   9|          2|    8|         16|
    |n3_7_fu_518              |   9|          2|    8|         16|
    |n4_1_fu_754              |   9|          2|    8|         16|
    |n4_2_fu_750              |   9|          2|    8|         16|
    |n4_3_fu_746              |   9|          2|    8|         16|
    |n4_4_fu_742              |   9|          2|    8|         16|
    |n4_5_fu_738              |   9|          2|    8|         16|
    |n4_6_fu_734              |   9|          2|    8|         16|
    |n4_7_fu_514              |   9|          2|    8|         16|
    |n5_1_fu_730              |   9|          2|    8|         16|
    |n5_2_fu_726              |   9|          2|    8|         16|
    |n5_3_fu_722              |   9|          2|    8|         16|
    |n5_4_fu_718              |   9|          2|    8|         16|
    |n5_5_fu_714              |   9|          2|    8|         16|
    |n5_6_fu_710              |   9|          2|    8|         16|
    |n5_7_fu_510              |   9|          2|    8|         16|
    |n6_1_fu_706              |   9|          2|    8|         16|
    |n6_2_fu_702              |   9|          2|    8|         16|
    |n6_3_fu_698              |   9|          2|    8|         16|
    |n6_4_fu_694              |   9|          2|    8|         16|
    |n6_5_fu_690              |   9|          2|    8|         16|
    |n6_6_fu_686              |   9|          2|    8|         16|
    |n6_7_fu_506              |   9|          2|    8|         16|
    |n7_1_fu_682              |   9|          2|    8|         16|
    |n7_2_fu_678              |   9|          2|    8|         16|
    |n7_3_fu_674              |   9|          2|    8|         16|
    |n7_4_fu_670              |   9|          2|    8|         16|
    |n7_5_fu_666              |   9|          2|    8|         16|
    |n7_6_fu_662              |   9|          2|    8|         16|
    |n7_7_fu_502              |   9|          2|    8|         16|
    |v0_blk_n                 |   9|          2|    1|          2|
    |v10_blk_n                |   9|          2|    1|          2|
    |v11_blk_n                |   9|          2|    1|          2|
    |v12_blk_n                |   9|          2|    1|          2|
    |v13_blk_n                |   9|          2|    1|          2|
    |v14_blk_n                |   9|          2|    1|          2|
    |v15_blk_n                |   9|          2|    1|          2|
    |v16_blk_n                |   9|          2|    1|          2|
    |v17_blk_n                |   9|          2|    1|          2|
    |v18_blk_n                |   9|          2|    1|          2|
    |v19_blk_n                |   9|          2|    1|          2|
    |v1_blk_n                 |   9|          2|    1|          2|
    |v20_blk_n                |   9|          2|    1|          2|
    |v21_blk_n                |   9|          2|    1|          2|
    |v22_blk_n                |   9|          2|    1|          2|
    |v23_blk_n                |   9|          2|    1|          2|
    |v24_blk_n                |   9|          2|    1|          2|
    |v25_blk_n                |   9|          2|    1|          2|
    |v26_blk_n                |   9|          2|    1|          2|
    |v27_blk_n                |   9|          2|    1|          2|
    |v28_blk_n                |   9|          2|    1|          2|
    |v29_blk_n                |   9|          2|    1|          2|
    |v2_blk_n                 |   9|          2|    1|          2|
    |v30_blk_n                |   9|          2|    1|          2|
    |v31_blk_n                |   9|          2|    1|          2|
    |v324_fu_370              |   9|          2|    8|         16|
    |v329_fu_402              |   9|          2|    8|         16|
    |v337_fu_434              |   9|          2|    8|         16|
    |v342_fu_466              |   9|          2|    8|         16|
    |v353_fu_498              |   9|          2|    8|         16|
    |v358_fu_562              |   9|          2|    8|         16|
    |v366_fu_594              |   9|          2|    8|         16|
    |v371_fu_626              |   9|          2|    8|         16|
    |v389_fu_374              |   9|          2|    8|         16|
    |v394_fu_406              |   9|          2|    8|         16|
    |v3_blk_n                 |   9|          2|    1|          2|
    |v402_fu_438              |   9|          2|    8|         16|
    |v407_fu_470              |   9|          2|    8|         16|
    |v418_fu_534              |   9|          2|    8|         16|
    |v423_fu_566              |   9|          2|    8|         16|
    |v431_fu_598              |   9|          2|    8|         16|
    |v436_fu_630              |   9|          2|    8|         16|
    |v454_fu_378              |   9|          2|    8|         16|
    |v459_fu_410              |   9|          2|    8|         16|
    |v467_fu_442              |   9|          2|    8|         16|
    |v472_fu_474              |   9|          2|    8|         16|
    |v483_fu_538              |   9|          2|    8|         16|
    |v488_fu_570              |   9|          2|    8|         16|
    |v496_fu_602              |   9|          2|    8|         16|
    |v4_blk_n                 |   9|          2|    1|          2|
    |v501_fu_634              |   9|          2|    8|         16|
    |v519_fu_382              |   9|          2|    8|         16|
    |v524_fu_414              |   9|          2|    8|         16|
    |v532_fu_446              |   9|          2|    8|         16|
    |v537_fu_478              |   9|          2|    8|         16|
    |v548_fu_542              |   9|          2|    8|         16|
    |v553_fu_574              |   9|          2|    8|         16|
    |v561_fu_606              |   9|          2|    8|         16|
    |v566_fu_638              |   9|          2|    8|         16|
    |v584_fu_386              |   9|          2|    8|         16|
    |v589_fu_418              |   9|          2|    8|         16|
    |v597_fu_450              |   9|          2|    8|         16|
    |v5_blk_n                 |   9|          2|    1|          2|
    |v602_fu_482              |   9|          2|    8|         16|
    |v613_fu_546              |   9|          2|    8|         16|
    |v618_fu_578              |   9|          2|    8|         16|
    |v626_fu_610              |   9|          2|    8|         16|
    |v631_fu_642              |   9|          2|    8|         16|
    |v649_fu_390              |   9|          2|    8|         16|
    |v654_fu_422              |   9|          2|    8|         16|
    |v662_fu_454              |   9|          2|    8|         16|
    |v667_fu_486              |   9|          2|    8|         16|
    |v678_fu_550              |   9|          2|    8|         16|
    |v683_fu_582              |   9|          2|    8|         16|
    |v691_fu_614              |   9|          2|    8|         16|
    |v696_fu_646              |   9|          2|    8|         16|
    |v6_blk_n                 |   9|          2|    1|          2|
    |v714_fu_394              |   9|          2|    8|         16|
    |v719_fu_426              |   9|          2|    8|         16|
    |v727_fu_458              |   9|          2|    8|         16|
    |v732_fu_490              |   9|          2|    8|         16|
    |v743_fu_554              |   9|          2|    8|         16|
    |v748_fu_586              |   9|          2|    8|         16|
    |v756_fu_618              |   9|          2|    8|         16|
    |v761_fu_650              |   9|          2|    8|         16|
    |v779_fu_398              |   9|          2|    8|         16|
    |v784_fu_430              |   9|          2|    8|         16|
    |v792_fu_462              |   9|          2|    8|         16|
    |v797_fu_494              |   9|          2|    8|         16|
    |v7_blk_n                 |   9|          2|    1|          2|
    |v808_fu_558              |   9|          2|    8|         16|
    |v813_fu_590              |   9|          2|    8|         16|
    |v821_fu_622              |   9|          2|    8|         16|
    |v826_fu_654              |   9|          2|    8|         16|
    |v8_blk_n                 |   9|          2|    1|          2|
    |v906_fu_658              |   9|          2|    9|         18|
    |v9_blk_n                 |   9|          2|    1|          2|
    +-------------------------+----+-----------+-----+-----------+
    |Total                    |1404|        312| 1012|       2024|
    +-------------------------+----+-----------+-----+-----------+

    * Register: 
    +----------------------------------+----+----+-----+-----------+
    |               Name               | FF | LUT| Bits| Const Bits|
    +----------------------------------+----+----+-----+-----------+
    |ap_CS_fsm                         |   1|   0|    1|          0|
    |ap_done_reg                       |   1|   0|    1|          0|
    |ap_enable_reg_pp0_iter1           |   1|   0|    1|          0|
    |ap_enable_reg_pp0_iter2           |   1|   0|    1|          0|
    |ap_enable_reg_pp0_iter3           |   1|   0|    1|          0|
    |ap_enable_reg_pp0_iter4           |   1|   0|    1|          0|
    |ap_loop_exit_ready_pp0_iter1_reg  |   1|   0|    1|          0|
    |ap_loop_exit_ready_pp0_iter2_reg  |   1|   0|    1|          0|
    |ap_loop_exit_ready_pp0_iter3_reg  |   1|   0|    1|          0|
    |icmp_ln497_reg_5800               |   1|   0|    1|          0|
    |n0_1_fu_850                       |   8|   0|    8|          0|
    |n0_2_fu_846                       |   8|   0|    8|          0|
    |n0_3_fu_842                       |   8|   0|    8|          0|
    |n0_4_fu_838                       |   8|   0|    8|          0|
    |n0_5_fu_834                       |   8|   0|    8|          0|
    |n0_6_fu_830                       |   8|   0|    8|          0|
    |n0_7_fu_530                       |   8|   0|    8|          0|
    |n1_1_fu_826                       |   8|   0|    8|          0|
    |n1_2_fu_822                       |   8|   0|    8|          0|
    |n1_3_fu_818                       |   8|   0|    8|          0|
    |n1_4_fu_814                       |   8|   0|    8|          0|
    |n1_5_fu_810                       |   8|   0|    8|          0|
    |n1_6_fu_806                       |   8|   0|    8|          0|
    |n1_7_fu_526                       |   8|   0|    8|          0|
    |n2_1_fu_802                       |   8|   0|    8|          0|
    |n2_2_fu_798                       |   8|   0|    8|          0|
    |n2_3_fu_794                       |   8|   0|    8|          0|
    |n2_4_fu_790                       |   8|   0|    8|          0|
    |n2_5_fu_786                       |   8|   0|    8|          0|
    |n2_6_fu_782                       |   8|   0|    8|          0|
    |n2_7_fu_522                       |   8|   0|    8|          0|
    |n3_1_fu_778                       |   8|   0|    8|          0|
    |n3_2_fu_774                       |   8|   0|    8|          0|
    |n3_3_fu_770                       |   8|   0|    8|          0|
    |n3_4_fu_766                       |   8|   0|    8|          0|
    |n3_5_fu_762                       |   8|   0|    8|          0|
    |n3_6_fu_758                       |   8|   0|    8|          0|
    |n3_7_fu_518                       |   8|   0|    8|          0|
    |n4_1_fu_754                       |   8|   0|    8|          0|
    |n4_2_fu_750                       |   8|   0|    8|          0|
    |n4_3_fu_746                       |   8|   0|    8|          0|
    |n4_4_fu_742                       |   8|   0|    8|          0|
    |n4_5_fu_738                       |   8|   0|    8|          0|
    |n4_6_fu_734                       |   8|   0|    8|          0|
    |n4_7_fu_514                       |   8|   0|    8|          0|
    |n5_1_fu_730                       |   8|   0|    8|          0|
    |n5_2_fu_726                       |   8|   0|    8|          0|
    |n5_3_fu_722                       |   8|   0|    8|          0|
    |n5_4_fu_718                       |   8|   0|    8|          0|
    |n5_5_fu_714                       |   8|   0|    8|          0|
    |n5_6_fu_710                       |   8|   0|    8|          0|
    |n5_7_fu_510                       |   8|   0|    8|          0|
    |n6_1_fu_706                       |   8|   0|    8|          0|
    |n6_2_fu_702                       |   8|   0|    8|          0|
    |n6_3_fu_698                       |   8|   0|    8|          0|
    |n6_4_fu_694                       |   8|   0|    8|          0|
    |n6_5_fu_690                       |   8|   0|    8|          0|
    |n6_6_fu_686                       |   8|   0|    8|          0|
    |n6_7_fu_506                       |   8|   0|    8|          0|
    |n7_1_fu_682                       |   8|   0|    8|          0|
    |n7_2_fu_678                       |   8|   0|    8|          0|
    |n7_3_fu_674                       |   8|   0|    8|          0|
    |n7_4_fu_670                       |   8|   0|    8|          0|
    |n7_5_fu_666                       |   8|   0|    8|          0|
    |n7_6_fu_662                       |   8|   0|    8|          0|
    |n7_7_fu_502                       |   8|   0|    8|          0|
    |v290_reg_5872                     |   8|   0|    8|          0|
    |v292_reg_5877                     |   8|   0|    8|          0|
    |v294_reg_5882                     |   8|   0|    8|          0|
    |v296_reg_5887                     |   8|   0|    8|          0|
    |v298_reg_5892                     |   8|   0|    8|          0|
    |v300_reg_5897                     |   8|   0|    8|          0|
    |v302_reg_5902                     |   8|   0|    8|          0|
    |v304_reg_5907                     |   8|   0|    8|          0|
    |v306_reg_5912                     |  32|   0|   32|          0|
    |v308_reg_5917                     |  32|   0|   32|          0|
    |v310_reg_5922                     |  32|   0|   32|          0|
    |v312_reg_5927                     |  32|   0|   32|          0|
    |v314_reg_5932                     |  32|   0|   32|          0|
    |v316_reg_5937                     |  32|   0|   32|          0|
    |v318_reg_5942                     |  32|   0|   32|          0|
    |v320_reg_5947                     |  32|   0|   32|          0|
    |v324_fu_370                       |   8|   0|    8|          0|
    |v329_fu_402                       |   8|   0|    8|          0|
    |v335_reg_6000                     |  17|   0|   17|          0|
    |v337_fu_434                       |   8|   0|    8|          0|
    |v342_fu_466                       |   8|   0|    8|          0|
    |v348_reg_6005                     |  17|   0|   17|          0|
    |v353_fu_498                       |   8|   0|    8|          0|
    |v358_fu_562                       |   8|   0|    8|          0|
    |v364_reg_6010                     |  17|   0|   17|          0|
    |v366_fu_594                       |   8|   0|    8|          0|
    |v371_fu_626                       |   8|   0|    8|          0|
    |v377_reg_6015                     |  17|   0|   17|          0|
    |v383_reg_6160                     |  19|   0|   19|          0|
    |v389_fu_374                       |   8|   0|    8|          0|
    |v394_fu_406                       |   8|   0|    8|          0|
    |v400_reg_6020                     |  17|   0|   17|          0|
    |v402_fu_438                       |   8|   0|    8|          0|
    |v407_fu_470                       |   8|   0|    8|          0|
    |v413_reg_6025                     |  17|   0|   17|          0|
    |v418_fu_534                       |   8|   0|    8|          0|
    |v423_fu_566                       |   8|   0|    8|          0|
    |v429_reg_6030                     |  17|   0|   17|          0|
    |v431_fu_598                       |   8|   0|    8|          0|
    |v436_fu_630                       |   8|   0|    8|          0|
    |v442_reg_6035                     |  17|   0|   17|          0|
    |v448_reg_6165                     |  19|   0|   19|          0|
    |v454_fu_378                       |   8|   0|    8|          0|
    |v459_fu_410                       |   8|   0|    8|          0|
    |v465_reg_6040                     |  17|   0|   17|          0|
    |v467_fu_442                       |   8|   0|    8|          0|
    |v472_fu_474                       |   8|   0|    8|          0|
    |v478_reg_6045                     |  17|   0|   17|          0|
    |v483_fu_538                       |   8|   0|    8|          0|
    |v488_fu_570                       |   8|   0|    8|          0|
    |v494_reg_6050                     |  17|   0|   17|          0|
    |v496_fu_602                       |   8|   0|    8|          0|
    |v501_fu_634                       |   8|   0|    8|          0|
    |v507_reg_6055                     |  17|   0|   17|          0|
    |v513_reg_6170                     |  19|   0|   19|          0|
    |v519_fu_382                       |   8|   0|    8|          0|
    |v524_fu_414                       |   8|   0|    8|          0|
    |v530_reg_6060                     |  17|   0|   17|          0|
    |v532_fu_446                       |   8|   0|    8|          0|
    |v537_fu_478                       |   8|   0|    8|          0|
    |v543_reg_6065                     |  17|   0|   17|          0|
    |v548_fu_542                       |   8|   0|    8|          0|
    |v553_fu_574                       |   8|   0|    8|          0|
    |v559_reg_6070                     |  17|   0|   17|          0|
    |v561_fu_606                       |   8|   0|    8|          0|
    |v566_fu_638                       |   8|   0|    8|          0|
    |v572_reg_6075                     |  17|   0|   17|          0|
    |v578_reg_6175                     |  19|   0|   19|          0|
    |v584_fu_386                       |   8|   0|    8|          0|
    |v589_fu_418                       |   8|   0|    8|          0|
    |v595_reg_6080                     |  17|   0|   17|          0|
    |v597_fu_450                       |   8|   0|    8|          0|
    |v602_fu_482                       |   8|   0|    8|          0|
    |v608_reg_6085                     |  17|   0|   17|          0|
    |v613_fu_546                       |   8|   0|    8|          0|
    |v618_fu_578                       |   8|   0|    8|          0|
    |v624_reg_6090                     |  17|   0|   17|          0|
    |v626_fu_610                       |   8|   0|    8|          0|
    |v631_fu_642                       |   8|   0|    8|          0|
    |v637_reg_6095                     |  17|   0|   17|          0|
    |v643_reg_6180                     |  19|   0|   19|          0|
    |v649_fu_390                       |   8|   0|    8|          0|
    |v654_fu_422                       |   8|   0|    8|          0|
    |v660_reg_6100                     |  17|   0|   17|          0|
    |v662_fu_454                       |   8|   0|    8|          0|
    |v667_fu_486                       |   8|   0|    8|          0|
    |v673_reg_6105                     |  17|   0|   17|          0|
    |v678_fu_550                       |   8|   0|    8|          0|
    |v683_fu_582                       |   8|   0|    8|          0|
    |v689_reg_6110                     |  17|   0|   17|          0|
    |v691_fu_614                       |   8|   0|    8|          0|
    |v696_fu_646                       |   8|   0|    8|          0|
    |v702_reg_6115                     |  17|   0|   17|          0|
    |v708_reg_6185                     |  19|   0|   19|          0|
    |v714_fu_394                       |   8|   0|    8|          0|
    |v719_fu_426                       |   8|   0|    8|          0|
    |v725_reg_6120                     |  17|   0|   17|          0|
    |v727_fu_458                       |   8|   0|    8|          0|
    |v732_fu_490                       |   8|   0|    8|          0|
    |v738_reg_6125                     |  17|   0|   17|          0|
    |v743_fu_554                       |   8|   0|    8|          0|
    |v748_fu_586                       |   8|   0|    8|          0|
    |v754_reg_6130                     |  17|   0|   17|          0|
    |v756_fu_618                       |   8|   0|    8|          0|
    |v761_fu_650                       |   8|   0|    8|          0|
    |v767_reg_6135                     |  17|   0|   17|          0|
    |v773_reg_6190                     |  19|   0|   19|          0|
    |v779_fu_398                       |   8|   0|    8|          0|
    |v784_fu_430                       |   8|   0|    8|          0|
    |v790_reg_6140                     |  17|   0|   17|          0|
    |v792_fu_462                       |   8|   0|    8|          0|
    |v797_fu_494                       |   8|   0|    8|          0|
    |v803_reg_6145                     |  17|   0|   17|          0|
    |v808_fu_558                       |   8|   0|    8|          0|
    |v813_fu_590                       |   8|   0|    8|          0|
    |v819_reg_6150                     |  17|   0|   17|          0|
    |v821_fu_622                       |   8|   0|    8|          0|
    |v826_fu_654                       |   8|   0|    8|          0|
    |v832_reg_6155                     |  17|   0|   17|          0|
    |v838_reg_6195                     |  19|   0|   19|          0|
    |v849_reg_5952                     |   8|   0|    8|          0|
    |v857_reg_5958                     |   8|   0|    8|          0|
    |v865_reg_5964                     |   8|   0|    8|          0|
    |v873_reg_5970                     |   8|   0|    8|          0|
    |v881_reg_5976                     |   8|   0|    8|          0|
    |v889_reg_5982                     |   8|   0|    8|          0|
    |v897_reg_5988                     |   8|   0|    8|          0|
    |v905_reg_5994                     |   8|   0|    8|          0|
    |v906_fu_658                       |   9|   0|    9|          0|
    |v908_reg_5804                     |   1|   0|    1|          0|
    |v908_reg_5804_pp0_iter1_reg       |   1|   0|    1|          0|
    |icmp_ln497_reg_5800               |  64|  32|    1|          0|
    |v306_reg_5912                     |  64|  32|   32|          0|
    |v308_reg_5917                     |  64|  32|   32|          0|
    |v310_reg_5922                     |  64|  32|   32|          0|
    |v312_reg_5927                     |  64|  32|   32|          0|
    |v314_reg_5932                     |  64|  32|   32|          0|
    |v316_reg_5937                     |  64|  32|   32|          0|
    |v318_reg_5942                     |  64|  32|   32|          0|
    |v320_reg_5947                     |  64|  32|   32|          0|
    +----------------------------------+----+----+-----+-----------+
    |Total                             |2637| 288| 2318|          0|
    +----------------------------------+----+----+-----+-----------+



================================================================
== Interface
================================================================
* Summary: 
+----------------------+-----+-----+------------+------------------------------+--------------+
|       RTL Ports      | Dir | Bits|  Protocol  |         Source Object        |    C Type    |
+----------------------+-----+-----+------------+------------------------------+--------------+
|ap_clk                |   in|    1|  ap_ctrl_hs|  blk8_r0_0_Pipeline_l_S_s_1_s|  return value|
|ap_rst                |   in|    1|  ap_ctrl_hs|  blk8_r0_0_Pipeline_l_S_s_1_s|  return value|
|ap_start              |   in|    1|  ap_ctrl_hs|  blk8_r0_0_Pipeline_l_S_s_1_s|  return value|
|ap_done               |  out|    1|  ap_ctrl_hs|  blk8_r0_0_Pipeline_l_S_s_1_s|  return value|
|ap_idle               |  out|    1|  ap_ctrl_hs|  blk8_r0_0_Pipeline_l_S_s_1_s|  return value|
|ap_ready              |  out|    1|  ap_ctrl_hs|  blk8_r0_0_Pipeline_l_S_s_1_s|  return value|
|v0_dout               |   in|    8|     ap_fifo|                            v0|       pointer|
|v0_empty_n            |   in|    1|     ap_fifo|                            v0|       pointer|
|v0_read               |  out|    1|     ap_fifo|                            v0|       pointer|
|v1_dout               |   in|    8|     ap_fifo|                            v1|       pointer|
|v1_empty_n            |   in|    1|     ap_fifo|                            v1|       pointer|
|v1_read               |  out|    1|     ap_fifo|                            v1|       pointer|
|v2_dout               |   in|    8|     ap_fifo|                            v2|       pointer|
|v2_empty_n            |   in|    1|     ap_fifo|                            v2|       pointer|
|v2_read               |  out|    1|     ap_fifo|                            v2|       pointer|
|v3_dout               |   in|    8|     ap_fifo|                            v3|       pointer|
|v3_empty_n            |   in|    1|     ap_fifo|                            v3|       pointer|
|v3_read               |  out|    1|     ap_fifo|                            v3|       pointer|
|v4_dout               |   in|    8|     ap_fifo|                            v4|       pointer|
|v4_empty_n            |   in|    1|     ap_fifo|                            v4|       pointer|
|v4_read               |  out|    1|     ap_fifo|                            v4|       pointer|
|v5_dout               |   in|    8|     ap_fifo|                            v5|       pointer|
|v5_empty_n            |   in|    1|     ap_fifo|                            v5|       pointer|
|v5_read               |  out|    1|     ap_fifo|                            v5|       pointer|
|v6_dout               |   in|    8|     ap_fifo|                            v6|       pointer|
|v6_empty_n            |   in|    1|     ap_fifo|                            v6|       pointer|
|v6_read               |  out|    1|     ap_fifo|                            v6|       pointer|
|v7_dout               |   in|    8|     ap_fifo|                            v7|       pointer|
|v7_empty_n            |   in|    1|     ap_fifo|                            v7|       pointer|
|v7_read               |  out|    1|     ap_fifo|                            v7|       pointer|
|v8_dout               |   in|   32|     ap_fifo|                            v8|       pointer|
|v8_empty_n            |   in|    1|     ap_fifo|                            v8|       pointer|
|v8_read               |  out|    1|     ap_fifo|                            v8|       pointer|
|v10_dout              |   in|   32|     ap_fifo|                           v10|       pointer|
|v10_empty_n           |   in|    1|     ap_fifo|                           v10|       pointer|
|v10_read              |  out|    1|     ap_fifo|                           v10|       pointer|
|v12_dout              |   in|   32|     ap_fifo|                           v12|       pointer|
|v12_empty_n           |   in|    1|     ap_fifo|                           v12|       pointer|
|v12_read              |  out|    1|     ap_fifo|                           v12|       pointer|
|v14_dout              |   in|   32|     ap_fifo|                           v14|       pointer|
|v14_empty_n           |   in|    1|     ap_fifo|                           v14|       pointer|
|v14_read              |  out|    1|     ap_fifo|                           v14|       pointer|
|v16_dout              |   in|   32|     ap_fifo|                           v16|       pointer|
|v16_empty_n           |   in|    1|     ap_fifo|                           v16|       pointer|
|v16_read              |  out|    1|     ap_fifo|                           v16|       pointer|
|v18_dout              |   in|   32|     ap_fifo|                           v18|       pointer|
|v18_empty_n           |   in|    1|     ap_fifo|                           v18|       pointer|
|v18_read              |  out|    1|     ap_fifo|                           v18|       pointer|
|v20_dout              |   in|   32|     ap_fifo|                           v20|       pointer|
|v20_empty_n           |   in|    1|     ap_fifo|                           v20|       pointer|
|v20_read              |  out|    1|     ap_fifo|                           v20|       pointer|
|v22_dout              |   in|   32|     ap_fifo|                           v22|       pointer|
|v22_empty_n           |   in|    1|     ap_fifo|                           v22|       pointer|
|v22_read              |  out|    1|     ap_fifo|                           v22|       pointer|
|v24_dout              |   in|    8|     ap_fifo|                           v24|       pointer|
|v24_empty_n           |   in|    1|     ap_fifo|                           v24|       pointer|
|v24_read              |  out|    1|     ap_fifo|                           v24|       pointer|
|v25_dout              |   in|    8|     ap_fifo|                           v25|       pointer|
|v25_empty_n           |   in|    1|     ap_fifo|                           v25|       pointer|
|v25_read              |  out|    1|     ap_fifo|                           v25|       pointer|
|v26_dout              |   in|    8|     ap_fifo|                           v26|       pointer|
|v26_empty_n           |   in|    1|     ap_fifo|                           v26|       pointer|
|v26_read              |  out|    1|     ap_fifo|                           v26|       pointer|
|v27_dout              |   in|    8|     ap_fifo|                           v27|       pointer|
|v27_empty_n           |   in|    1|     ap_fifo|                           v27|       pointer|
|v27_read              |  out|    1|     ap_fifo|                           v27|       pointer|
|v28_dout              |   in|    8|     ap_fifo|                           v28|       pointer|
|v28_empty_n           |   in|    1|     ap_fifo|                           v28|       pointer|
|v28_read              |  out|    1|     ap_fifo|                           v28|       pointer|
|v29_dout              |   in|    8|     ap_fifo|                           v29|       pointer|
|v29_empty_n           |   in|    1|     ap_fifo|                           v29|       pointer|
|v29_read              |  out|    1|     ap_fifo|                           v29|       pointer|
|v30_dout              |   in|    8|     ap_fifo|                           v30|       pointer|
|v30_empty_n           |   in|    1|     ap_fifo|                           v30|       pointer|
|v30_read              |  out|    1|     ap_fifo|                           v30|       pointer|
|v31_dout              |   in|    8|     ap_fifo|                           v31|       pointer|
|v31_empty_n           |   in|    1|     ap_fifo|                           v31|       pointer|
|v31_read              |  out|    1|     ap_fifo|                           v31|       pointer|
|v9_din                |  out|   32|     ap_fifo|                            v9|       pointer|
|v9_full_n             |   in|    1|     ap_fifo|                            v9|       pointer|
|v9_write              |  out|    1|     ap_fifo|                            v9|       pointer|
|v11_din               |  out|   32|     ap_fifo|                           v11|       pointer|
|v11_full_n            |   in|    1|     ap_fifo|                           v11|       pointer|
|v11_write             |  out|    1|     ap_fifo|                           v11|       pointer|
|v13_din               |  out|   32|     ap_fifo|                           v13|       pointer|
|v13_full_n            |   in|    1|     ap_fifo|                           v13|       pointer|
|v13_write             |  out|    1|     ap_fifo|                           v13|       pointer|
|v15_din               |  out|   32|     ap_fifo|                           v15|       pointer|
|v15_full_n            |   in|    1|     ap_fifo|                           v15|       pointer|
|v15_write             |  out|    1|     ap_fifo|                           v15|       pointer|
|v17_din               |  out|   32|     ap_fifo|                           v17|       pointer|
|v17_full_n            |   in|    1|     ap_fifo|                           v17|       pointer|
|v17_write             |  out|    1|     ap_fifo|                           v17|       pointer|
|v19_din               |  out|   32|     ap_fifo|                           v19|       pointer|
|v19_full_n            |   in|    1|     ap_fifo|                           v19|       pointer|
|v19_write             |  out|    1|     ap_fifo|                           v19|       pointer|
|v21_din               |  out|   32|     ap_fifo|                           v21|       pointer|
|v21_full_n            |   in|    1|     ap_fifo|                           v21|       pointer|
|v21_write             |  out|    1|     ap_fifo|                           v21|       pointer|
|v23_din               |  out|   32|     ap_fifo|                           v23|       pointer|
|v23_full_n            |   in|    1|     ap_fifo|                           v23|       pointer|
|v23_write             |  out|    1|     ap_fifo|                           v23|       pointer|
|n7_6_0123_phi_reload  |   in|    8|     ap_none|          n7_6_0123_phi_reload|        scalar|
|c7_7_3_reload         |   in|    8|     ap_none|                 c7_7_3_reload|        scalar|
|n7_6_1_reload         |   in|    8|     ap_none|                 n7_6_1_reload|        scalar|
|n7_5_1_reload         |   in|    8|     ap_none|                 n7_5_1_reload|        scalar|
|n7_4_1_reload         |   in|    8|     ap_none|                 n7_4_1_reload|        scalar|
|n7_3_1_reload         |   in|    8|     ap_none|                 n7_3_1_reload|        scalar|
|n7_2_1_reload         |   in|    8|     ap_none|                 n7_2_1_reload|        scalar|
|n7_1_1_reload         |   in|    8|     ap_none|                 n7_1_1_reload|        scalar|
|n6_6_0130_phi_reload  |   in|    8|     ap_none|          n6_6_0130_phi_reload|        scalar|
|c6_7_3_reload         |   in|    8|     ap_none|                 c6_7_3_reload|        scalar|
|n6_6_1_reload         |   in|    8|     ap_none|                 n6_6_1_reload|        scalar|
|n6_5_1_reload         |   in|    8|     ap_none|                 n6_5_1_reload|        scalar|
|n6_4_1_reload         |   in|    8|     ap_none|                 n6_4_1_reload|        scalar|
|n6_3_1_reload         |   in|    8|     ap_none|                 n6_3_1_reload|        scalar|
|n6_2_1_reload         |   in|    8|     ap_none|                 n6_2_1_reload|        scalar|
|n6_1_1_reload         |   in|    8|     ap_none|                 n6_1_1_reload|        scalar|
|n5_6_0137_phi_reload  |   in|    8|     ap_none|          n5_6_0137_phi_reload|        scalar|
|c5_7_3_reload         |   in|    8|     ap_none|                 c5_7_3_reload|        scalar|
|n5_6_1_reload         |   in|    8|     ap_none|                 n5_6_1_reload|        scalar|
|n5_5_1_reload         |   in|    8|     ap_none|                 n5_5_1_reload|        scalar|
|n5_4_1_reload         |   in|    8|     ap_none|                 n5_4_1_reload|        scalar|
|n5_3_1_reload         |   in|    8|     ap_none|                 n5_3_1_reload|        scalar|
|n5_2_1_reload         |   in|    8|     ap_none|                 n5_2_1_reload|        scalar|
|n5_1_1_reload         |   in|    8|     ap_none|                 n5_1_1_reload|        scalar|
|n4_6_0144_phi_reload  |   in|    8|     ap_none|          n4_6_0144_phi_reload|        scalar|
|c4_7_3_reload         |   in|    8|     ap_none|                 c4_7_3_reload|        scalar|
|n4_6_1_reload         |   in|    8|     ap_none|                 n4_6_1_reload|        scalar|
|n4_5_1_reload         |   in|    8|     ap_none|                 n4_5_1_reload|        scalar|
|n4_4_1_reload         |   in|    8|     ap_none|                 n4_4_1_reload|        scalar|
|n4_3_1_reload         |   in|    8|     ap_none|                 n4_3_1_reload|        scalar|
|n4_2_1_reload         |   in|    8|     ap_none|                 n4_2_1_reload|        scalar|
|c0_1_3_reload         |   in|    8|     ap_none|                 c0_1_3_reload|        scalar|
|c0_2_3_reload         |   in|    8|     ap_none|                 c0_2_3_reload|        scalar|
|c0_3_3_reload         |   in|    8|     ap_none|                 c0_3_3_reload|        scalar|
|c0_4_3_reload         |   in|    8|     ap_none|                 c0_4_3_reload|        scalar|
|c0_5_3_reload         |   in|    8|     ap_none|                 c0_5_3_reload|        scalar|
|c0_6_3_reload         |   in|    8|     ap_none|                 c0_6_3_reload|        scalar|
|c0_7_3_reload         |   in|    8|     ap_none|                 c0_7_3_reload|        scalar|
|c1_1_3_reload         |   in|    8|     ap_none|                 c1_1_3_reload|        scalar|
|c1_2_3_reload         |   in|    8|     ap_none|                 c1_2_3_reload|        scalar|
|c1_3_3_reload         |   in|    8|     ap_none|                 c1_3_3_reload|        scalar|
|c1_4_3_reload         |   in|    8|     ap_none|                 c1_4_3_reload|        scalar|
|c1_5_3_reload         |   in|    8|     ap_none|                 c1_5_3_reload|        scalar|
|c1_6_3_reload         |   in|    8|     ap_none|                 c1_6_3_reload|        scalar|
|c1_7_3_reload         |   in|    8|     ap_none|                 c1_7_3_reload|        scalar|
|c2_1_3_reload         |   in|    8|     ap_none|                 c2_1_3_reload|        scalar|
|c2_2_3_reload         |   in|    8|     ap_none|                 c2_2_3_reload|        scalar|
|c2_3_3_reload         |   in|    8|     ap_none|                 c2_3_3_reload|        scalar|
|c2_4_3_reload         |   in|    8|     ap_none|                 c2_4_3_reload|        scalar|
|c2_5_3_reload         |   in|    8|     ap_none|                 c2_5_3_reload|        scalar|
|c2_6_3_reload         |   in|    8|     ap_none|                 c2_6_3_reload|        scalar|
|c2_7_3_reload         |   in|    8|     ap_none|                 c2_7_3_reload|        scalar|
|c3_1_3_reload         |   in|    8|     ap_none|                 c3_1_3_reload|        scalar|
|c3_2_3_reload         |   in|    8|     ap_none|                 c3_2_3_reload|        scalar|
|c3_3_3_reload         |   in|    8|     ap_none|                 c3_3_3_reload|        scalar|
|c3_4_3_reload         |   in|    8|     ap_none|                 c3_4_3_reload|        scalar|
|c3_5_3_reload         |   in|    8|     ap_none|                 c3_5_3_reload|        scalar|
|c3_6_3_reload         |   in|    8|     ap_none|                 c3_6_3_reload|        scalar|
|c3_7_3_reload         |   in|    8|     ap_none|                 c3_7_3_reload|        scalar|
|n4_1_1_reload         |   in|    8|     ap_none|                 n4_1_1_reload|        scalar|
|n3_6_0151_phi_reload  |   in|    8|     ap_none|          n3_6_0151_phi_reload|        scalar|
|n2_6_0158_phi_reload  |   in|    8|     ap_none|          n2_6_0158_phi_reload|        scalar|
|n1_6_0165_phi_reload  |   in|    8|     ap_none|          n1_6_0165_phi_reload|        scalar|
|n0_6_0172_phi_reload  |   in|    8|     ap_none|          n0_6_0172_phi_reload|        scalar|
+----------------------+-----+-----+------------+------------------------------+--------------+

