

================================================================
== Vitis HLS Report for 'blk8_r0_0'
================================================================
* Date:           Wed Sep 23 05:17:09 2026

* Version:        2023.2 (Build 4023990 on Oct 11 2023)
* Project:        prj
* Solution:       sol (Vivado IP Flow Target)
* Product family: virtexuplusHBM
* Target device:  xcu280-fsvh2892-2L-e


================================================================
== Performance Estimates
================================================================
+ Timing: 
    * Summary: 
    +--------+---------+----------+------------+
    |  Clock |  Target | Estimated| Uncertainty|
    +--------+---------+----------+------------+
    |ap_clk  |  4.75 ns|  3.720 ns|     0.90 ns|
    +--------+---------+----------+------------+

+ Latency: 
    * Summary: 
    +---------+---------+----------+----------+-----+-----+---------+
    |  Latency (cycles) |  Latency (absolute) |  Interval | Pipeline|
    |   min   |   max   |    min   |    max   | min | max |   Type  |
    +---------+---------+----------+----------+-----+-----+---------+
    |      283|      283|  1.344 us|  1.344 us|  284|  284|       no|
    +---------+---------+----------+----------+-----+-----+---------+

    + Detail: 
        * Instance: 
        +-----------------------------------------+------------------------------+---------+---------+-----------+-----------+-----+-----+---------+
        |                                         |                              |  Latency (cycles) |   Latency (absolute)  |  Interval | Pipeline|
        |                 Instance                |            Module            |   min   |   max   |    min    |    max    | min | max |   Type  |
        +-----------------------------------------+------------------------------+---------+---------+-----------+-----------+-----+-----+---------+
        |grp_blk8_r0_0_Pipeline_l_S_k_0_k_fu_346  |blk8_r0_0_Pipeline_l_S_k_0_k  |       19|       19|  90.250 ns|  90.250 ns|   19|   19|       no|
        |grp_blk8_r0_0_Pipeline_l_S_s_1_s_fu_430  |blk8_r0_0_Pipeline_l_S_s_1_s  |      260|      260|   1.235 us|   1.235 us|  260|  260|       no|
        +-----------------------------------------+------------------------------+---------+---------+-----------+-----------+-----+-----+---------+

        * Loop: 
        N/A



================================================================
== Utilization Estimates
================================================================
* Summary: 
+---------------------+---------+------+---------+---------+-----+
|         Name        | BRAM_18K|  DSP |    FF   |   LUT   | URAM|
+---------------------+---------+------+---------+---------+-----+
|DSP                  |        -|     -|        -|        -|    -|
|Expression           |        -|     -|        -|        -|    -|
|FIFO                 |        -|     -|        -|        -|    -|
|Instance             |        -|     0|     2294|     8268|    -|
|Memory               |        -|     -|        -|        -|    -|
|Multiplexer          |        -|     -|        -|      359|    -|
|Register             |        -|     -|        7|        -|    -|
+---------------------+---------+------+---------+---------+-----+
|Total                |        0|     0|     2301|     8627|    0|
+---------------------+---------+------+---------+---------+-----+
|Available SLR        |     1344|  3008|   869120|   434560|  320|
+---------------------+---------+------+---------+---------+-----+
|Utilization SLR (%)  |        0|     0|       ~0|        1|    0|
+---------------------+---------+------+---------+---------+-----+
|Available            |     4032|  9024|  2607360|  1303680|  960|
+---------------------+---------+------+---------+---------+-----+
|Utilization (%)      |        0|     0|       ~0|       ~0|    0|
+---------------------+---------+------+---------+---------+-----+

+ Detail: 
    * Instance: 
    +-----------------------------------------+------------------------------+---------+----+------+------+-----+
    |                 Instance                |            Module            | BRAM_18K| DSP|  FF  |  LUT | URAM|
    +-----------------------------------------+------------------------------+---------+----+------+------+-----+
    |grp_blk8_r0_0_Pipeline_l_S_k_0_k_fu_346  |blk8_r0_0_Pipeline_l_S_k_0_k  |        0|   0|   522|   643|    0|
    |grp_blk8_r0_0_Pipeline_l_S_s_1_s_fu_430  |blk8_r0_0_Pipeline_l_S_s_1_s  |        0|   0|  1772|  7625|    0|
    +-----------------------------------------+------------------------------+---------+----+------+------+-----+
    |Total                                    |                              |        0|   0|  2294|  8268|    0|
    +-----------------------------------------+------------------------------+---------+----+------+------+-----+

    * DSP: 
    N/A

    * Memory: 
    N/A

    * FIFO: 
    N/A

    * Expression: 
    N/A

    * Multiplexer: 
    +-----------+----+-----------+-----+-----------+
    |    Name   | LUT| Input Size| Bits| Total Bits|
    +-----------+----+-----------+-----+-----------+
    |ap_NS_fsm  |  31|          6|    1|          6|
    |v0_read    |   9|          2|    1|          2|
    |v10_read   |   9|          2|    1|          2|
    |v11_write  |   9|          2|    1|          2|
    |v12_read   |   9|          2|    1|          2|
    |v13_write  |   9|          2|    1|          2|
    |v14_read   |   9|          2|    1|          2|
    |v15_write  |   9|          2|    1|          2|
    |v16_read   |   9|          2|    1|          2|
    |v17_write  |   9|          2|    1|          2|
    |v18_read   |   9|          2|    1|          2|
    |v19_write  |   9|          2|    1|          2|
    |v1_read    |   9|          2|    1|          2|
    |v20_read   |   9|          2|    1|          2|
    |v21_write  |   9|          2|    1|          2|
    |v22_read   |   9|          2|    1|          2|
    |v23_write  |   9|          2|    1|          2|
    |v24_read   |  14|          3|    1|          3|
    |v25_read   |  14|          3|    1|          3|
    |v26_read   |  14|          3|    1|          3|
    |v27_read   |  14|          3|    1|          3|
    |v28_read   |  14|          3|    1|          3|
    |v29_read   |  14|          3|    1|          3|
    |v2_read    |   9|          2|    1|          2|
    |v30_read   |  14|          3|    1|          3|
    |v31_read   |  14|          3|    1|          3|
    |v3_read    |   9|          2|    1|          2|
    |v4_read    |   9|          2|    1|          2|
    |v5_read    |   9|          2|    1|          2|
    |v6_read    |   9|          2|    1|          2|
    |v7_read    |   9|          2|    1|          2|
    |v8_read    |   9|          2|    1|          2|
    |v9_write   |   9|          2|    1|          2|
    +-----------+----+-----------+-----+-----------+
    |Total      | 359|         78|   33|         78|
    +-----------+----+-----------+-----+-----------+

    * Register: 
    +------------------------------------------------------+---+----+-----+-----------+
    |                         Name                         | FF| LUT| Bits| Const Bits|
    +------------------------------------------------------+---+----+-----+-----------+
    |ap_CS_fsm                                             |  5|   0|    5|          0|
    |grp_blk8_r0_0_Pipeline_l_S_k_0_k_fu_346_ap_start_reg  |  1|   0|    1|          0|
    |grp_blk8_r0_0_Pipeline_l_S_s_1_s_fu_430_ap_start_reg  |  1|   0|    1|          0|
    +------------------------------------------------------+---+----+-----+-----------+
    |Total                                                 |  7|   0|    7|          0|
    +------------------------------------------------------+---+----+-----+-----------+



================================================================
== Interface
================================================================
* Summary: 
+-------------+-----+-----+--------------+--------------+--------------+
|  RTL Ports  | Dir | Bits|   Protocol   | Source Object|    C Type    |
+-------------+-----+-----+--------------+--------------+--------------+
|ap_clk       |   in|    1|  ap_ctrl_none|     blk8_r0_0|  return value|
|ap_rst       |   in|    1|  ap_ctrl_none|     blk8_r0_0|  return value|
|v0_dout      |   in|    8|       ap_fifo|            v0|       pointer|
|v0_empty_n   |   in|    1|       ap_fifo|            v0|       pointer|
|v0_read      |  out|    1|       ap_fifo|            v0|       pointer|
|v1_dout      |   in|    8|       ap_fifo|            v1|       pointer|
|v1_empty_n   |   in|    1|       ap_fifo|            v1|       pointer|
|v1_read      |  out|    1|       ap_fifo|            v1|       pointer|
|v2_dout      |   in|    8|       ap_fifo|            v2|       pointer|
|v2_empty_n   |   in|    1|       ap_fifo|            v2|       pointer|
|v2_read      |  out|    1|       ap_fifo|            v2|       pointer|
|v3_dout      |   in|    8|       ap_fifo|            v3|       pointer|
|v3_empty_n   |   in|    1|       ap_fifo|            v3|       pointer|
|v3_read      |  out|    1|       ap_fifo|            v3|       pointer|
|v4_dout      |   in|    8|       ap_fifo|            v4|       pointer|
|v4_empty_n   |   in|    1|       ap_fifo|            v4|       pointer|
|v4_read      |  out|    1|       ap_fifo|            v4|       pointer|
|v5_dout      |   in|    8|       ap_fifo|            v5|       pointer|
|v5_empty_n   |   in|    1|       ap_fifo|            v5|       pointer|
|v5_read      |  out|    1|       ap_fifo|            v5|       pointer|
|v6_dout      |   in|    8|       ap_fifo|            v6|       pointer|
|v6_empty_n   |   in|    1|       ap_fifo|            v6|       pointer|
|v6_read      |  out|    1|       ap_fifo|            v6|       pointer|
|v7_dout      |   in|    8|       ap_fifo|            v7|       pointer|
|v7_empty_n   |   in|    1|       ap_fifo|            v7|       pointer|
|v7_read      |  out|    1|       ap_fifo|            v7|       pointer|
|v8_dout      |   in|   32|       ap_fifo|            v8|       pointer|
|v8_empty_n   |   in|    1|       ap_fifo|            v8|       pointer|
|v8_read      |  out|    1|       ap_fifo|            v8|       pointer|
|v9_din       |  out|   32|       ap_fifo|            v9|       pointer|
|v9_full_n    |   in|    1|       ap_fifo|            v9|       pointer|
|v9_write     |  out|    1|       ap_fifo|            v9|       pointer|
|v10_dout     |   in|   32|       ap_fifo|           v10|       pointer|
|v10_empty_n  |   in|    1|       ap_fifo|           v10|       pointer|
|v10_read     |  out|    1|       ap_fifo|           v10|       pointer|
|v11_din      |  out|   32|       ap_fifo|           v11|       pointer|
|v11_full_n   |   in|    1|       ap_fifo|           v11|       pointer|
|v11_write    |  out|    1|       ap_fifo|           v11|       pointer|
|v12_dout     |   in|   32|       ap_fifo|           v12|       pointer|
|v12_empty_n  |   in|    1|       ap_fifo|           v12|       pointer|
|v12_read     |  out|    1|       ap_fifo|           v12|       pointer|
|v13_din      |  out|   32|       ap_fifo|           v13|       pointer|
|v13_full_n   |   in|    1|       ap_fifo|           v13|       pointer|
|v13_write    |  out|    1|       ap_fifo|           v13|       pointer|
|v14_dout     |   in|   32|       ap_fifo|           v14|       pointer|
|v14_empty_n  |   in|    1|       ap_fifo|           v14|       pointer|
|v14_read     |  out|    1|       ap_fifo|           v14|       pointer|
|v15_din      |  out|   32|       ap_fifo|           v15|       pointer|
|v15_full_n   |   in|    1|       ap_fifo|           v15|       pointer|
|v15_write    |  out|    1|       ap_fifo|           v15|       pointer|
|v16_dout     |   in|   32|       ap_fifo|           v16|       pointer|
|v16_empty_n  |   in|    1|       ap_fifo|           v16|       pointer|
|v16_read     |  out|    1|       ap_fifo|           v16|       pointer|
|v17_din      |  out|   32|       ap_fifo|           v17|       pointer|
|v17_full_n   |   in|    1|       ap_fifo|           v17|       pointer|
|v17_write    |  out|    1|       ap_fifo|           v17|       pointer|
|v18_dout     |   in|   32|       ap_fifo|           v18|       pointer|
|v18_empty_n  |   in|    1|       ap_fifo|           v18|       pointer|
|v18_read     |  out|    1|       ap_fifo|           v18|       pointer|
|v19_din      |  out|   32|       ap_fifo|           v19|       pointer|
|v19_full_n   |   in|    1|       ap_fifo|           v19|       pointer|
|v19_write    |  out|    1|       ap_fifo|           v19|       pointer|
|v20_dout     |   in|   32|       ap_fifo|           v20|       pointer|
|v20_empty_n  |   in|    1|       ap_fifo|           v20|       pointer|
|v20_read     |  out|    1|       ap_fifo|           v20|       pointer|
|v21_din      |  out|   32|       ap_fifo|           v21|       pointer|
|v21_full_n   |   in|    1|       ap_fifo|           v21|       pointer|
|v21_write    |  out|    1|       ap_fifo|           v21|       pointer|
|v22_dout     |   in|   32|       ap_fifo|           v22|       pointer|
|v22_empty_n  |   in|    1|       ap_fifo|           v22|       pointer|
|v22_read     |  out|    1|       ap_fifo|           v22|       pointer|
|v23_din      |  out|   32|       ap_fifo|           v23|       pointer|
|v23_full_n   |   in|    1|       ap_fifo|           v23|       pointer|
|v23_write    |  out|    1|       ap_fifo|           v23|       pointer|
|v24_dout     |   in|    8|       ap_fifo|           v24|       pointer|
|v24_empty_n  |   in|    1|       ap_fifo|           v24|       pointer|
|v24_read     |  out|    1|       ap_fifo|           v24|       pointer|
|v25_dout     |   in|    8|       ap_fifo|           v25|       pointer|
|v25_empty_n  |   in|    1|       ap_fifo|           v25|       pointer|
|v25_read     |  out|    1|       ap_fifo|           v25|       pointer|
|v26_dout     |   in|    8|       ap_fifo|           v26|       pointer|
|v26_empty_n  |   in|    1|       ap_fifo|           v26|       pointer|
|v26_read     |  out|    1|       ap_fifo|           v26|       pointer|
|v27_dout     |   in|    8|       ap_fifo|           v27|       pointer|
|v27_empty_n  |   in|    1|       ap_fifo|           v27|       pointer|
|v27_read     |  out|    1|       ap_fifo|           v27|       pointer|
|v28_dout     |   in|    8|       ap_fifo|           v28|       pointer|
|v28_empty_n  |   in|    1|       ap_fifo|           v28|       pointer|
|v28_read     |  out|    1|       ap_fifo|           v28|       pointer|
|v29_dout     |   in|    8|       ap_fifo|           v29|       pointer|
|v29_empty_n  |   in|    1|       ap_fifo|           v29|       pointer|
|v29_read     |  out|    1|       ap_fifo|           v29|       pointer|
|v30_dout     |   in|    8|       ap_fifo|           v30|       pointer|
|v30_empty_n  |   in|    1|       ap_fifo|           v30|       pointer|
|v30_read     |  out|    1|       ap_fifo|           v30|       pointer|
|v31_dout     |   in|    8|       ap_fifo|           v31|       pointer|
|v31_empty_n  |   in|    1|       ap_fifo|           v31|       pointer|
|v31_read     |  out|    1|       ap_fifo|           v31|       pointer|
+-------------+-----+-----+--------------+--------------+--------------+

