

================================================================
== Vitis HLS Report for 'lanes8_r0_0'
================================================================
* Date:           Wed Sep 23 05:36:32 2026

* Version:        2023.2 (Build 4023990 on Oct 11 2023)
* Project:        prj
* Solution:       sol (Vivado IP Flow Target)
* Product family: virtexuplusHBM
* Target device:  xcu280-fsvh2892-2L-e


================================================================
== Performance Estimates
================================================================
+ Timing: 
    * Summary: 
    +--------+---------+----------+------------+
    |  Clock |  Target | Estimated| Uncertainty|
    +--------+---------+----------+------------+
    |ap_clk  |  3.33 ns|  2.362 ns|     0.90 ns|
    +--------+---------+----------+------------+

+ Latency: 
    * Summary: 
    +---------+---------+----------+----------+-----+-----+---------+
    |  Latency (cycles) |  Latency (absolute) |  Interval | Pipeline|
    |   min   |   max   |    min   |    max   | min | max |   Type  |
    +---------+---------+----------+----------+-----+-----+---------+
    |      267|      267|  0.889 us|  0.889 us|  268|  268|       no|
    +---------+---------+----------+----------+-----+-----+---------+

    + Detail: 
        * Instance: 
        +------------------------------------------------+--------------------------------------+---------+---------+-----------+-----------+-----+-----+---------+
        |                                                |                                      |  Latency (cycles) |   Latency (absolute)  |  Interval | Pipeline|
        |                    Instance                    |                Module                |   min   |   max   |    min    |    max    | min | max |   Type  |
        +------------------------------------------------+--------------------------------------+---------+---------+-----------+-----------+-----+-----+---------+
        |grp_lanes8_r0_0_Pipeline_VITIS_LOOP_34_1_fu_72  |lanes8_r0_0_Pipeline_VITIS_LOOP_34_1  |        4|        4|  13.320 ns|  13.320 ns|    4|    4|       no|
        |grp_lanes8_r0_0_Pipeline_l_S_m_0_m_fu_78        |lanes8_r0_0_Pipeline_l_S_m_0_m        |      259|      259|   0.862 us|   0.862 us|  259|  259|       no|
        +------------------------------------------------+--------------------------------------+---------+---------+-----------+-----------+-----+-----+---------+

        * Loop: 
        N/A



================================================================
== Utilization Estimates
================================================================
* Summary: 
+---------------------+---------+------+---------+---------+-----+
|         Name        | BRAM_18K|  DSP |    FF   |   LUT   | URAM|
+---------------------+---------+------+---------+---------+-----+
|DSP                  |        -|     -|        -|        -|    -|
|Expression           |        -|     -|        -|        -|    -|
|FIFO                 |        -|     -|        -|        -|    -|
|Instance             |        -|     -|      311|     1777|    -|
|Memory               |        -|     -|        -|        -|    -|
|Multiplexer          |        -|     -|        -|      184|    -|
|Register             |        -|     -|       76|        -|    -|
+---------------------+---------+------+---------+---------+-----+
|Total                |        0|     0|      387|     1961|    0|
+---------------------+---------+------+---------+---------+-----+
|Available SLR        |     1344|  3008|   869120|   434560|  320|
+---------------------+---------+------+---------+---------+-----+
|Utilization SLR (%)  |        0|     0|       ~0|       ~0|    0|
+---------------------+---------+------+---------+---------+-----+
|Available            |     4032|  9024|  2607360|  1303680|  960|
+---------------------+---------+------+---------+---------+-----+
|Utilization (%)      |        0|     0|       ~0|       ~0|    0|
+---------------------+---------+------+---------+---------+-----+

+ Detail: 
    * Instance: 
    +------------------------------------------------+--------------------------------------+---------+----+-----+------+-----+
    |                    Instance                    |                Module                | BRAM_18K| DSP|  FF |  LUT | URAM|
    +------------------------------------------------+--------------------------------------+---------+----+-----+------+-----+
    |grp_lanes8_r0_0_Pipeline_VITIS_LOOP_34_1_fu_72  |lanes8_r0_0_Pipeline_VITIS_LOOP_34_1  |        0|   0|   36|   260|    0|
    |grp_lanes8_r0_0_Pipeline_l_S_m_0_m_fu_78        |lanes8_r0_0_Pipeline_l_S_m_0_m        |        0|   0|  275|  1517|    0|
    +------------------------------------------------+--------------------------------------+---------+----+-----+------+-----+
    |Total                                           |                                      |        0|   0|  311|  1777|    0|
    +------------------------------------------------+--------------------------------------+---------+----+-----+------+-----+

    * DSP: 
    N/A

    * Memory: 
    N/A

    * FIFO: 
    N/A

    * Expression: 
    N/A

    * Multiplexer: 
    +-----------+----+-----------+-----+-----------+
    |    Name   | LUT| Input Size| Bits| Total Bits|
    +-----------+----+-----------+-----+-----------+
    |ap_NS_fsm  |  31|          6|    1|          6|
    |v0_blk_n   |   9|          2|    1|          2|
    |v10_read   |   9|          2|    1|          2|
    |v11_read   |   9|          2|    1|          2|
    |v12_read   |   9|          2|    1|          2|
    |v13_read   |   9|          2|    1|          2|
    |v14_read   |   9|          2|    1|          2|
    |v15_read   |   9|          2|    1|          2|
    |v16_read   |   9|          2|    1|          2|
    |v1_write   |   9|          2|    1|          2|
    |v2_write   |   9|          2|    1|          2|
    |v3_write   |   9|          2|    1|          2|
    |v4_write   |   9|          2|    1|          2|
    |v5_write   |   9|          2|    1|          2|
    |v6_write   |   9|          2|    1|          2|
    |v7_write   |   9|          2|    1|          2|
    |v8_write   |   9|          2|    1|          2|
    |v9_read    |   9|          2|    1|          2|
    +-----------+----+-----------+-----+-----------+
    |Total      | 184|         40|   18|         40|
    +-----------+----+-----------+-----+-----------+

    * Register: 
    +-------------------------------------------------------------+----+----+-----+-----------+
    |                             Name                            | FF | LUT| Bits| Const Bits|
    +-------------------------------------------------------------+----+----+-----+-----------+
    |ap_CS_fsm                                                    |   5|   0|    5|          0|
    |grp_lanes8_r0_0_Pipeline_VITIS_LOOP_34_1_fu_72_ap_start_reg  |   1|   0|    1|          0|
    |grp_lanes8_r0_0_Pipeline_l_S_m_0_m_fu_78_ap_start_reg        |   1|   0|    1|          0|
    |v0_read_reg_125                                              |  64|   0|   64|          0|
    |v18_loc_fu_62                                                |   5|   0|    5|          0|
    +-------------------------------------------------------------+----+----+-----+-----------+
    |Total                                                        |  76|   0|   76|          0|
    +-------------------------------------------------------------+----+----+-----+-----------+



================================================================
== Interface
================================================================
* Summary: 
+-------------+-----+-----+--------------+--------------+--------------+
|  RTL Ports  | Dir | Bits|   Protocol   | Source Object|    C Type    |
+-------------+-----+-----+--------------+--------------+--------------+
|ap_clk       |   in|    1|  ap_ctrl_none|   lanes8_r0_0|  return value|
|ap_rst       |   in|    1|  ap_ctrl_none|   lanes8_r0_0|  return value|
|v0_dout      |   in|   64|       ap_fifo|            v0|       pointer|
|v0_empty_n   |   in|    1|       ap_fifo|            v0|       pointer|
|v0_read      |  out|    1|       ap_fifo|            v0|       pointer|
|v1_din       |  out|   32|       ap_fifo|            v1|       pointer|
|v1_full_n    |   in|    1|       ap_fifo|            v1|       pointer|
|v1_write     |  out|    1|       ap_fifo|            v1|       pointer|
|v2_din       |  out|   32|       ap_fifo|            v2|       pointer|
|v2_full_n    |   in|    1|       ap_fifo|            v2|       pointer|
|v2_write     |  out|    1|       ap_fifo|            v2|       pointer|
|v3_din       |  out|   32|       ap_fifo|            v3|       pointer|
|v3_full_n    |   in|    1|       ap_fifo|            v3|       pointer|
|v3_write     |  out|    1|       ap_fifo|            v3|       pointer|
|v4_din       |  out|   32|       ap_fifo|            v4|       pointer|
|v4_full_n    |   in|    1|       ap_fifo|            v4|       pointer|
|v4_write     |  out|    1|       ap_fifo|            v4|       pointer|
|v5_din       |  out|   32|       ap_fifo|            v5|       pointer|
|v5_full_n    |   in|    1|       ap_fifo|            v5|       pointer|
|v5_write     |  out|    1|       ap_fifo|            v5|       pointer|
|v6_din       |  out|   32|       ap_fifo|            v6|       pointer|
|v6_full_n    |   in|    1|       ap_fifo|            v6|       pointer|
|v6_write     |  out|    1|       ap_fifo|            v6|       pointer|
|v7_din       |  out|   32|       ap_fifo|            v7|       pointer|
|v7_full_n    |   in|    1|       ap_fifo|            v7|       pointer|
|v7_write     |  out|    1|       ap_fifo|            v7|       pointer|
|v8_din       |  out|   32|       ap_fifo|            v8|       pointer|
|v8_full_n    |   in|    1|       ap_fifo|            v8|       pointer|
|v8_write     |  out|    1|       ap_fifo|            v8|       pointer|
|v9_dout      |   in|   32|       ap_fifo|            v9|       pointer|
|v9_empty_n   |   in|    1|       ap_fifo|            v9|       pointer|
|v9_read      |  out|    1|       ap_fifo|            v9|       pointer|
|v10_dout     |   in|   32|       ap_fifo|           v10|       pointer|
|v10_empty_n  |   in|    1|       ap_fifo|           v10|       pointer|
|v10_read     |  out|    1|       ap_fifo|           v10|       pointer|
|v11_dout     |   in|   32|       ap_fifo|           v11|       pointer|
|v11_empty_n  |   in|    1|       ap_fifo|           v11|       pointer|
|v11_read     |  out|    1|       ap_fifo|           v11|       pointer|
|v12_dout     |   in|   32|       ap_fifo|           v12|       pointer|
|v12_empty_n  |   in|    1|       ap_fifo|           v12|       pointer|
|v12_read     |  out|    1|       ap_fifo|           v12|       pointer|
|v13_dout     |   in|   32|       ap_fifo|           v13|       pointer|
|v13_empty_n  |   in|    1|       ap_fifo|           v13|       pointer|
|v13_read     |  out|    1|       ap_fifo|           v13|       pointer|
|v14_dout     |   in|   32|       ap_fifo|           v14|       pointer|
|v14_empty_n  |   in|    1|       ap_fifo|           v14|       pointer|
|v14_read     |  out|    1|       ap_fifo|           v14|       pointer|
|v15_dout     |   in|   32|       ap_fifo|           v15|       pointer|
|v15_empty_n  |   in|    1|       ap_fifo|           v15|       pointer|
|v15_read     |  out|    1|       ap_fifo|           v15|       pointer|
|v16_dout     |   in|   32|       ap_fifo|           v16|       pointer|
|v16_empty_n  |   in|    1|       ap_fifo|           v16|       pointer|
|v16_read     |  out|    1|       ap_fifo|           v16|       pointer|
+-------------+-----+-----+--------------+--------------+--------------+

