

================================================================
== Vitis HLS Report for 'lanes8_r0_0_Pipeline_VITIS_LOOP_34_1'
================================================================
* Date:           Wed Sep 23 05:36:32 2026

* Version:        2023.2 (Build 4023990 on Oct 11 2023)
* Project:        prj
* Solution:       sol (Vivado IP Flow Target)
* Product family: virtexuplusHBM
* Target device:  xcu280-fsvh2892-2L-e


================================================================
== Performance Estimates
================================================================
+ Timing: 
    * Summary: 
    +--------+---------+----------+------------+
    |  Clock |  Target | Estimated| Uncertainty|
    +--------+---------+----------+------------+
    |ap_clk  |  3.33 ns|  1.710 ns|     0.90 ns|
    +--------+---------+----------+------------+

+ Latency: 
    * Summary: 
    +---------+---------+-----------+-----------+-----+-----+---------+
    |  Latency (cycles) |   Latency (absolute)  |  Interval | Pipeline|
    |   min   |   max   |    min    |    max    | min | max |   Type  |
    +---------+---------+-----------+-----------+-----+-----+---------+
    |        4|        4|  13.320 ns|  13.320 ns|    4|    4|       no|
    +---------+---------+-----------+-----------+-----+-----+---------+

    + Detail: 
        * Instance: 
        N/A

        * Loop: 
        +-------------------+---------+---------+----------+-----------+-----------+------+----------+
        |                   |  Latency (cycles) | Iteration|  Initiation Interval  | Trip |          |
        |     Loop Name     |   min   |   max   |  Latency |  achieved |   target  | Count| Pipelined|
        +-------------------+---------+---------+----------+-----------+-----------+------+----------+
        |- VITIS_LOOP_34_1  |        2|        2|         1|          1|          1|     2|       yes|
        +-------------------+---------+---------+----------+-----------+-----------+------+----------+



================================================================
== Utilization Estimates
================================================================
* Summary: 
+---------------------+---------+------+---------+---------+-----+
|         Name        | BRAM_18K|  DSP |    FF   |   LUT   | URAM|
+---------------------+---------+------+---------+---------+-----+
|DSP                  |        -|     -|        -|        -|    -|
|Expression           |        -|     -|        0|      233|    -|
|FIFO                 |        -|     -|        -|        -|    -|
|Instance             |        -|     -|        -|        -|    -|
|Memory               |        -|     -|        -|        -|    -|
|Multiplexer          |        -|     -|        -|       27|    -|
|Register             |        -|     -|       36|        -|    -|
+---------------------+---------+------+---------+---------+-----+
|Total                |        0|     0|       36|      260|    0|
+---------------------+---------+------+---------+---------+-----+
|Available SLR        |     1344|  3008|   869120|   434560|  320|
+---------------------+---------+------+---------+---------+-----+
|Utilization SLR (%)  |        0|     0|       ~0|       ~0|    0|
+---------------------+---------+------+---------+---------+-----+
|Available            |     4032|  9024|  2607360|  1303680|  960|
+---------------------+---------+------+---------+---------+-----+
|Utilization (%)      |        0|     0|       ~0|       ~0|    0|
+---------------------+---------+------+---------+---------+-----+

+ Detail: 
    * Instance: 
    N/A

    * DSP: 
    N/A

    * Memory: 
    N/A

    * FIFO: 
    N/A

    * Expression: 
    +-----------------------+----------+----+---+-----+------------+------------+
    |     Variable Name     | Operation| DSP| FF| LUT | Bitwidth P0| Bitwidth P1|
    +-----------------------+----------+----+---+-----+------------+------------+
    |add_ln34_fu_79_p2      |         +|   0|  0|    9|           2|           1|
    |icmp_ln34_fu_73_p2     |      icmp|   0|  0|   10|           2|           3|
    |lshr_ln35_fu_101_p2    |      lshr|   0|  0|  182|          64|          64|
    |select_ln35_fu_111_p3  |    select|   0|  0|   32|           1|          32|
    +-----------------------+----------+----+---+-----+------------+------------+
    |Total                  |          |   0|  0|  233|          69|         100|
    +-----------------------+----------+----+---+-----+------------+------------+

    * Multiplexer: 
    +--------------------------+----+-----------+-----+-----------+
    |           Name           | LUT| Input Size| Bits| Total Bits|
    +--------------------------+----+-----------+-----+-----------+
    |ap_done_int               |   9|          2|    1|          2|
    |ap_sig_allocacmp_p_iv0_1  |   9|          2|    2|          4|
    |p_iv0_fu_36               |   9|          2|    2|          4|
    +--------------------------+----+-----------+-----+-----------+
    |Total                     |  27|          6|    5|         10|
    +--------------------------+----+-----------+-----+-----------+

    * Register: 
    +-------------+----+----+-----+-----------+
    |     Name    | FF | LUT| Bits| Const Bits|
    +-------------+----+----+-----+-----------+
    |ap_CS_fsm    |   1|   0|    1|          0|
    |ap_done_reg  |   1|   0|    1|          0|
    |p_iv0_fu_36  |   2|   0|    2|          0|
    |v18_fu_40    |  32|   0|   32|          0|
    +-------------+----+----+-----+-----------+
    |Total        |  36|   0|   36|          0|
    +-------------+----+----+-----+-----------+



================================================================
== Interface
================================================================
* Summary: 
+----------------+-----+-----+------------+--------------------------------------+--------------+
|    RTL Ports   | Dir | Bits|  Protocol  |             Source Object            |    C Type    |
+----------------+-----+-----+------------+--------------------------------------+--------------+
|ap_clk          |   in|    1|  ap_ctrl_hs|  lanes8_r0_0_Pipeline_VITIS_LOOP_34_1|  return value|
|ap_rst          |   in|    1|  ap_ctrl_hs|  lanes8_r0_0_Pipeline_VITIS_LOOP_34_1|  return value|
|ap_start        |   in|    1|  ap_ctrl_hs|  lanes8_r0_0_Pipeline_VITIS_LOOP_34_1|  return value|
|ap_done         |  out|    1|  ap_ctrl_hs|  lanes8_r0_0_Pipeline_VITIS_LOOP_34_1|  return value|
|ap_idle         |  out|    1|  ap_ctrl_hs|  lanes8_r0_0_Pipeline_VITIS_LOOP_34_1|  return value|
|ap_ready        |  out|    1|  ap_ctrl_hs|  lanes8_r0_0_Pipeline_VITIS_LOOP_34_1|  return value|
|empty           |   in|   64|     ap_none|                                 empty|        scalar|
|v18_out         |  out|    5|      ap_vld|                               v18_out|       pointer|
|v18_out_ap_vld  |  out|    1|      ap_vld|                               v18_out|       pointer|
+----------------+-----+-----+------------+--------------------------------------+--------------+

