Copyright 1986-2022 Xilinx, Inc. All Rights Reserved. Copyright 2022-2023 Advanced Micro Devices, Inc. All Rights Reserved.
--------------------------------------------------------------------------------------------------------------------------------------------------
| Tool Version      : Vivado v.2023.2 (lin64) Build 4029153 Fri Oct 13 20:13:54 MDT 2023
| Date              : Wed Sep 23 05:47:53 2026
| Host              : brg-zhang-xcel.ece.cornell.edu running 64-bit Red Hat Enterprise Linux 9.8 (Plow)
| Command           : report_timing_summary -file timing.rpt
| Design            : spmw_harness
| Device            : xcu280-fsvh2892
| Speed File        : -2L  PRODUCTION 1.30 05-01-2022
| Design State      : Routed
| Temperature Grade : E
--------------------------------------------------------------------------------------------------------------------------------------------------

Timing Summary Report

------------------------------------------------------------------------------------------------
| Timer Settings
| --------------
------------------------------------------------------------------------------------------------

  Enable Multi Corner Analysis               :  Yes
  Enable Pessimism Removal                   :  Yes
  Pessimism Removal Resolution               :  Nearest Common Node
  Enable Input Delay Default Clock           :  No
  Enable Preset / Clear Arcs                 :  No
  Disable Flight Delays                      :  No
  Ignore I/O Paths                           :  No
  Timing Early Launch at Borrowing Latches   :  No
  Borrow Time for Max Delay Exceptions       :  Yes
  Merge Timing Exceptions                    :  Yes
  Inter-SLR Compensation                     :  Conservative

  Corner  Analyze    Analyze    
  Name    Max Paths  Min Paths  
  ------  ---------  ---------  
  Slow    Yes        Yes        
  Fast    Yes        Yes        


------------------------------------------------------------------------------------------------
| Report Methodology
| ------------------
------------------------------------------------------------------------------------------------

No report available as report_methodology has not been run prior. Run report_methodology on the current design for the summary of methodology violations.



check_timing report

Table of Contents
-----------------
1. checking no_clock (0)
2. checking constant_clock (0)
3. checking pulse_width_clock (0)
4. checking unconstrained_internal_endpoints (0)
5. checking no_input_delay (2)
6. checking no_output_delay (7)
7. checking multiple_clock (0)
8. checking generated_clocks (0)
9. checking loops (0)
10. checking partial_input_delay (0)
11. checking partial_output_delay (0)
12. checking latch_loops (0)

1. checking no_clock (0)
------------------------
 There are 0 register/latch pins with no clock.


2. checking constant_clock (0)
------------------------------
 There are 0 register/latch pins with constant_clock.


3. checking pulse_width_clock (0)
---------------------------------
 There are 0 register/latch pins which need pulse_width check


4. checking unconstrained_internal_endpoints (0)
------------------------------------------------
 There are 0 pins that are not constrained for maximum delay.

 There are 0 pins that are not constrained for maximum delay due to constant clock.


5. checking no_input_delay (2)
------------------------------
 There are 2 input ports with no input delay specified. (HIGH)

 There are 0 input ports with no input delay but user has a false path constraint.


6. checking no_output_delay (7)
-------------------------------
 There are 7 ports with no output delay specified. (HIGH)

 There are 0 ports with no output delay but user has a false path constraint

 There are 0 ports with no output delay but with a timing clock defined on it or propagating through it


7. checking multiple_clock (0)
------------------------------
 There are 0 register/latch pins with multiple clocks.


8. checking generated_clocks (0)
--------------------------------
 There are 0 generated clocks that are not connected to a clock source.


9. checking loops (0)
---------------------
 There are 0 combinational loops in the design.


10. checking partial_input_delay (0)
------------------------------------
 There are 0 input ports with partial input delay specified.


11. checking partial_output_delay (0)
-------------------------------------
 There are 0 ports with partial output delay specified.


12. checking latch_loops (0)
----------------------------
 There are 0 combinational latch loops in the design through latch input



------------------------------------------------------------------------------------------------
| Design Timing Summary
| ---------------------
------------------------------------------------------------------------------------------------

    WNS(ns)      TNS(ns)  TNS Failing Endpoints  TNS Total Endpoints      WHS(ns)      THS(ns)  THS Failing Endpoints  THS Total Endpoints     WPWS(ns)     TPWS(ns)  TPWS Failing Endpoints  TPWS Total Endpoints  
    -------      -------  ---------------------  -------------------      -------      -------  ---------------------  -------------------     --------     --------  ----------------------  --------------------  
      0.225        0.000                      0                33384        0.010        0.000                      0                33384        1.134        0.000                       0                 16321  


All user specified timing constraints are met.


------------------------------------------------------------------------------------------------
| Clock Summary
| -------------
------------------------------------------------------------------------------------------------

Clock   Waveform(ns)         Period(ns)      Frequency(MHz)
-----   ------------         ----------      --------------
ap_clk  {0.000 1.666}        3.333           300.030         


------------------------------------------------------------------------------------------------
| Intra Clock Table
| -----------------
------------------------------------------------------------------------------------------------

Clock             WNS(ns)      TNS(ns)  TNS Failing Endpoints  TNS Total Endpoints      WHS(ns)      THS(ns)  THS Failing Endpoints  THS Total Endpoints     WPWS(ns)     TPWS(ns)  TPWS Failing Endpoints  TPWS Total Endpoints  
-----             -------      -------  ---------------------  -------------------      -------      -------  ---------------------  -------------------     --------     --------  ----------------------  --------------------  
ap_clk              0.225        0.000                      0                33384        0.010        0.000                      0                33384        1.134        0.000                       0                 16321  


------------------------------------------------------------------------------------------------
| Inter Clock Table
| -----------------
------------------------------------------------------------------------------------------------

From Clock    To Clock          WNS(ns)      TNS(ns)  TNS Failing Endpoints  TNS Total Endpoints      WHS(ns)      THS(ns)  THS Failing Endpoints  THS Total Endpoints  
----------    --------          -------      -------  ---------------------  -------------------      -------      -------  ---------------------  -------------------  


------------------------------------------------------------------------------------------------
| Other Path Groups Table
| -----------------------
------------------------------------------------------------------------------------------------

Path Group    From Clock    To Clock          WNS(ns)      TNS(ns)  TNS Failing Endpoints  TNS Total Endpoints      WHS(ns)      THS(ns)  THS Failing Endpoints  THS Total Endpoints  
----------    ----------    --------          -------      -------  ---------------------  -------------------      -------      -------  ---------------------  -------------------  


------------------------------------------------------------------------------------------------
| Timing Details
| --------------
------------------------------------------------------------------------------------------------


---------------------------------------------------------------------------------------------------
From Clock:  ap_clk
  To Clock:  ap_clk

Setup :            0  Failing Endpoints,  Worst Slack        0.225ns,  Total Violation        0.000ns
Hold  :            0  Failing Endpoints,  Worst Slack        0.010ns,  Total Violation        0.000ns
PW    :            0  Failing Endpoints,  Worst Slack        1.134ns,  Total Violation        0.000ns
---------------------------------------------------------------------------------------------------


Max Delay Paths
--------------------------------------------------------------------------------------
Slack (MET) :             0.225ns  (required time - arrival time)
  Source:                 dut/u_blk8_r2_1_0/u/grp_blk8_r2_0_Pipeline_l_S_s_1_s_fu_478/v326_reg_6246_reg[2]/C
                            (rising edge-triggered cell FDRE clocked by ap_clk  {rise@0.000ns fall@1.666ns period=3.333ns})
  Destination:            dut/u_blk8_r2_1_0/u/grp_blk8_r2_0_Pipeline_l_S_s_1_s_fu_478/v864_reg_6541_reg[16]/D
                            (rising edge-triggered cell FDRE clocked by ap_clk  {rise@0.000ns fall@1.666ns period=3.333ns})
  Path Group:             ap_clk
  Path Type:              Setup (Max at Slow Process Corner)
  Requirement:            3.333ns  (ap_clk rise@3.333ns - ap_clk rise@0.000ns)
  Data Path Delay:        2.958ns  (logic 1.120ns (37.869%)  route 1.838ns (62.131%))
  Logic Levels:           10  (CARRY8=6 LUT2=2 LUT3=1 LUT6=1)
  Clock Path Skew:        -0.140ns (DCD - SCD + CPR)
    Destination Clock Delay (DCD):    2.273ns = ( 5.606 - 3.333 ) 
    Source Clock Delay      (SCD):    2.824ns
    Clock Pessimism Removal (CPR):    0.410ns
  Clock Uncertainty:      0.035ns  ((TSJ^2 + TIJ^2)^1/2 + DJ) / 2 + PE
    Total System Jitter     (TSJ):    0.071ns
    Total Input Jitter      (TIJ):    0.000ns
    Discrete Jitter          (DJ):    0.000ns
    Phase Error              (PE):    0.000ns
  Clock Net Delay (Source):      1.837ns (routing 0.704ns, distribution 1.133ns)
  Clock Net Delay (Destination): 1.579ns (routing 0.639ns, distribution 0.940ns)

    Location             Delay type                Incr(ns)  Path(ns)    Netlist Resource(s)
  -------------------------------------------------------------------    -------------------
                         (clock ap_clk rise edge)     0.000     0.000 r  
    BH26                                              0.000     0.000 r  ap_clk (IN)
                         net (fo=0)                   0.000     0.000    ap_clk_IBUF_inst/I
    BH26                 INBUF (Prop_INBUF_HPIOB_M_PAD_O)
                                                      0.636     0.636 r  ap_clk_IBUF_inst/INBUF_INST/O
                         net (fo=1, routed)           0.000     0.636    ap_clk_IBUF_inst/OUT
    BH26                 IBUFCTRL (Prop_IBUFCTRL_HPIOB_M_I_O)
                                                      0.000     0.636 r  ap_clk_IBUF_inst/IBUFCTRL_INST/O
                         net (fo=1, routed)           0.323     0.959    ap_clk_IBUF
    BUFGCE_X0Y72         BUFGCE (Prop_BUFCE_BUFGCE_I_O)
                                                      0.028     0.987 r  ap_clk_IBUF_BUFG_inst/O
    X4Y2 (CLOCK_ROOT)    net (fo=16320, routed)       1.837     2.824    dut/u_blk8_r2_1_0/u/grp_blk8_r2_0_Pipeline_l_S_s_1_s_fu_478/ap_clk_IBUF_BUFG
    SLICE_X143Y187       FDRE                                         r  dut/u_blk8_r2_1_0/u/grp_blk8_r2_0_Pipeline_l_S_s_1_s_fu_478/v326_reg_6246_reg[2]/C
  -------------------------------------------------------------------    -------------------
    SLICE_X143Y187       FDRE (Prop_HFF2_SLICEL_C_Q)
                                                      0.080     2.904 f  dut/u_blk8_r2_1_0/u/grp_blk8_r2_0_Pipeline_l_S_s_1_s_fu_478/v326_reg_6246_reg[2]/Q
                         net (fo=129, routed)         0.779     3.682    dut/u_blk8_r2_1_0/u/grp_blk8_r2_0_Pipeline_l_S_s_1_s_fu_478/mul_8s_8s_16_1_1_U143/Q[2]
    SLICE_X117Y187       LUT2 (Prop_B5LUT_SLICEL_I0_O)
                                                      0.141     3.823 r  dut/u_blk8_r2_1_0/u/grp_blk8_r2_0_Pipeline_l_S_s_1_s_fu_478/mul_8s_8s_16_1_1_U143/v864_reg_6541[7]_i_93/O
                         net (fo=1, routed)           0.220     4.043    dut/u_blk8_r2_1_0/u/grp_blk8_r2_0_Pipeline_l_S_s_1_s_fu_478/mul_8s_8s_16_1_1_U143/v864_reg_6541[7]_i_93_n_0
    SLICE_X118Y185       LUT6 (Prop_E6LUT_SLICEM_I3_O)
                                                      0.100     4.143 r  dut/u_blk8_r2_1_0/u/grp_blk8_r2_0_Pipeline_l_S_s_1_s_fu_478/mul_8s_8s_16_1_1_U143/v864_reg_6541[7]_i_75/O
                         net (fo=1, routed)           0.014     4.157    dut/u_blk8_r2_1_0/u/grp_blk8_r2_0_Pipeline_l_S_s_1_s_fu_478/mul_8s_8s_16_1_1_U143/v864_reg_6541[7]_i_75_n_0
    SLICE_X118Y185       CARRY8 (Prop_CARRY8_SLICEM_S[4]_CO[7])
                                                      0.156     4.313 r  dut/u_blk8_r2_1_0/u/grp_blk8_r2_0_Pipeline_l_S_s_1_s_fu_478/mul_8s_8s_16_1_1_U143/v864_reg_6541_reg[7]_i_29/CO[7]
                         net (fo=1, routed)           0.026     4.339    dut/u_blk8_r2_1_0/u/grp_blk8_r2_0_Pipeline_l_S_s_1_s_fu_478/mul_8s_8s_16_1_1_U143/v864_reg_6541_reg[7]_i_29_n_0
    SLICE_X118Y186       CARRY8 (Prop_CARRY8_SLICEM_CI_O[0])
                                                      0.056     4.395 r  dut/u_blk8_r2_1_0/u/grp_blk8_r2_0_Pipeline_l_S_s_1_s_fu_478/mul_8s_8s_16_1_1_U143/v864_reg_6541_reg[15]_i_91/O[0]
                         net (fo=3, routed)           0.233     4.628    dut/u_blk8_r2_1_0/u/grp_blk8_r2_0_Pipeline_l_S_s_1_s_fu_478/mul_8s_8s_16_1_1_U143/v864_reg_6541_reg[15]_i_91_n_15
    SLICE_X119Y186       LUT3 (Prop_F6LUT_SLICEL_I2_O)
                                                      0.097     4.725 r  dut/u_blk8_r2_1_0/u/grp_blk8_r2_0_Pipeline_l_S_s_1_s_fu_478/mul_8s_8s_16_1_1_U143/v864_reg_6541[15]_i_50/O
                         net (fo=1, routed)           0.158     4.883    dut/u_blk8_r2_1_0/u/grp_blk8_r2_0_Pipeline_l_S_s_1_s_fu_478/mul_8s_8s_16_1_1_U143/v864_reg_6541[15]_i_50_n_0
    SLICE_X119Y185       CARRY8 (Prop_CARRY8_SLICEL_DI[5]_CO[7])
                                                      0.083     4.966 r  dut/u_blk8_r2_1_0/u/grp_blk8_r2_0_Pipeline_l_S_s_1_s_fu_478/mul_8s_8s_16_1_1_U143/v864_reg_6541_reg[15]_i_36/CO[7]
                         net (fo=1, routed)           0.026     4.992    dut/u_blk8_r2_1_0/u/grp_blk8_r2_0_Pipeline_l_S_s_1_s_fu_478/mul_8s_8s_16_1_1_U143/v864_reg_6541_reg[15]_i_36_n_0
    SLICE_X119Y186       CARRY8 (Prop_CARRY8_SLICEL_CI_O[3])
                                                      0.082     5.074 r  dut/u_blk8_r2_1_0/u/grp_blk8_r2_0_Pipeline_l_S_s_1_s_fu_478/mul_8s_8s_16_1_1_U143/v864_reg_6541_reg[15]_i_35/O[3]
                         net (fo=1, routed)           0.316     5.390    dut/u_blk8_r2_1_0/u/grp_blk8_r2_0_Pipeline_l_S_s_1_s_fu_478/mul_8s_8s_16_1_1_U144/dout[0]
    SLICE_X122Y185       LUT2 (Prop_H6LUT_SLICEM_I1_O)
                                                      0.152     5.542 r  dut/u_blk8_r2_1_0/u/grp_blk8_r2_0_Pipeline_l_S_s_1_s_fu_478/mul_8s_8s_16_1_1_U144/v864_reg_6541[15]_i_5/O
                         net (fo=1, routed)           0.015     5.557    dut/u_blk8_r2_1_0/u/grp_blk8_r2_0_Pipeline_l_S_s_1_s_fu_478/mul_8s_8s_16_1_1_U144_n_5
    SLICE_X122Y185       CARRY8 (Prop_CARRY8_SLICEM_S[7]_CO[7])
                                                      0.117     5.674 r  dut/u_blk8_r2_1_0/u/grp_blk8_r2_0_Pipeline_l_S_s_1_s_fu_478/v864_reg_6541_reg[15]_i_1/CO[7]
                         net (fo=1, routed)           0.026     5.700    dut/u_blk8_r2_1_0/u/grp_blk8_r2_0_Pipeline_l_S_s_1_s_fu_478/v864_reg_6541_reg[15]_i_1_n_0
    SLICE_X122Y186       CARRY8 (Prop_CARRY8_SLICEM_CI_O[0])
                                                      0.056     5.756 r  dut/u_blk8_r2_1_0/u/grp_blk8_r2_0_Pipeline_l_S_s_1_s_fu_478/v864_reg_6541_reg[16]_i_1/O[0]
                         net (fo=1, routed)           0.025     5.781    dut/u_blk8_r2_1_0/u/grp_blk8_r2_0_Pipeline_l_S_s_1_s_fu_478/v864_fu_3757_p2[16]
    SLICE_X122Y186       FDRE                                         r  dut/u_blk8_r2_1_0/u/grp_blk8_r2_0_Pipeline_l_S_s_1_s_fu_478/v864_reg_6541_reg[16]/D
  -------------------------------------------------------------------    -------------------

                         (clock ap_clk rise edge)     3.333     3.333 r  
    BH26                                              0.000     3.333 r  ap_clk (IN)
                         net (fo=0)                   0.000     3.333    ap_clk_IBUF_inst/I
    BH26                 INBUF (Prop_INBUF_HPIOB_M_PAD_O)
                                                      0.385     3.718 r  ap_clk_IBUF_inst/INBUF_INST/O
                         net (fo=1, routed)           0.000     3.718    ap_clk_IBUF_inst/OUT
    BH26                 IBUFCTRL (Prop_IBUFCTRL_HPIOB_M_I_O)
                                                      0.000     3.718 r  ap_clk_IBUF_inst/IBUFCTRL_INST/O
                         net (fo=1, routed)           0.286     4.004    ap_clk_IBUF
    BUFGCE_X0Y72         BUFGCE (Prop_BUFCE_BUFGCE_I_O)
                                                      0.024     4.028 r  ap_clk_IBUF_BUFG_inst/O
    X4Y2 (CLOCK_ROOT)    net (fo=16320, routed)       1.579     5.606    dut/u_blk8_r2_1_0/u/grp_blk8_r2_0_Pipeline_l_S_s_1_s_fu_478/ap_clk_IBUF_BUFG
    SLICE_X122Y186       FDRE                                         r  dut/u_blk8_r2_1_0/u/grp_blk8_r2_0_Pipeline_l_S_s_1_s_fu_478/v864_reg_6541_reg[16]/C
                         clock pessimism              0.410     6.016    
                         clock uncertainty           -0.035     5.981    
    SLICE_X122Y186       FDRE (Setup_AFF_SLICEM_C_D)
                                                      0.025     6.006    dut/u_blk8_r2_1_0/u/grp_blk8_r2_0_Pipeline_l_S_s_1_s_fu_478/v864_reg_6541_reg[16]
  -------------------------------------------------------------------
                         required time                          6.006    
                         arrival time                          -5.781    
  -------------------------------------------------------------------
                         slack                                  0.225    





Min Delay Paths
--------------------------------------------------------------------------------------
Slack (MET) :             0.010ns  (arrival time - required time)
  Source:                 dut/u_blk8_r2_1_0/u/grp_blk8_r2_0_Pipeline_l_S_k_0_k_fu_378/v127_fu_416_reg[7]/C
                            (rising edge-triggered cell FDRE clocked by ap_clk  {rise@0.000ns fall@1.666ns period=3.333ns})
  Destination:            dut/u_blk8_r2_1_0/u/grp_blk8_r2_0_Pipeline_l_S_k_0_k_fu_378/v126_fu_412_reg[7]/D
                            (rising edge-triggered cell FDRE clocked by ap_clk  {rise@0.000ns fall@1.666ns period=3.333ns})
  Path Group:             ap_clk
  Path Type:              Hold (Min at Slow Process Corner)
  Requirement:            0.000ns  (ap_clk rise@0.000ns - ap_clk rise@0.000ns)
  Data Path Delay:        0.133ns  (logic 0.060ns (44.976%)  route 0.073ns (55.024%))
  Logic Levels:           0  
  Clock Path Skew:        0.061ns (DCD - SCD - CPR)
    Destination Clock Delay (DCD):    2.802ns
    Source Clock Delay      (SCD):    2.274ns
    Clock Pessimism Removal (CPR):    0.466ns
  Clock Net Delay (Source):      1.580ns (routing 0.639ns, distribution 0.941ns)
  Clock Net Delay (Destination): 1.815ns (routing 0.704ns, distribution 1.111ns)

    Location             Delay type                Incr(ns)  Path(ns)    Netlist Resource(s)
  -------------------------------------------------------------------    -------------------
                         (clock ap_clk rise edge)     0.000     0.000 r  
    BH26                                              0.000     0.000 r  ap_clk (IN)
                         net (fo=0)                   0.000     0.000    ap_clk_IBUF_inst/I
    BH26                 INBUF (Prop_INBUF_HPIOB_M_PAD_O)
                                                      0.385     0.385 r  ap_clk_IBUF_inst/INBUF_INST/O
                         net (fo=1, routed)           0.000     0.385    ap_clk_IBUF_inst/OUT
    BH26                 IBUFCTRL (Prop_IBUFCTRL_HPIOB_M_I_O)
                                                      0.000     0.385 r  ap_clk_IBUF_inst/IBUFCTRL_INST/O
                         net (fo=1, routed)           0.286     0.671    ap_clk_IBUF
    BUFGCE_X0Y72         BUFGCE (Prop_BUFCE_BUFGCE_I_O)
                                                      0.024     0.695 r  ap_clk_IBUF_BUFG_inst/O
    X4Y2 (CLOCK_ROOT)    net (fo=16320, routed)       1.580     2.274    dut/u_blk8_r2_1_0/u/grp_blk8_r2_0_Pipeline_l_S_k_0_k_fu_378/ap_clk_IBUF_BUFG
    SLICE_X138Y209       FDRE                                         r  dut/u_blk8_r2_1_0/u/grp_blk8_r2_0_Pipeline_l_S_k_0_k_fu_378/v127_fu_416_reg[7]/C
  -------------------------------------------------------------------    -------------------
    SLICE_X138Y209       FDRE (Prop_AFF2_SLICEL_C_Q)
                                                      0.060     2.334 r  dut/u_blk8_r2_1_0/u/grp_blk8_r2_0_Pipeline_l_S_k_0_k_fu_378/v127_fu_416_reg[7]/Q
                         net (fo=2, routed)           0.073     2.408    dut/u_blk8_r2_1_0/u/grp_blk8_r2_0_Pipeline_l_S_k_0_k_fu_378/v127_fu_416_reg[7]_0[7]
    SLICE_X138Y207       FDRE                                         r  dut/u_blk8_r2_1_0/u/grp_blk8_r2_0_Pipeline_l_S_k_0_k_fu_378/v126_fu_412_reg[7]/D
  -------------------------------------------------------------------    -------------------

                         (clock ap_clk rise edge)     0.000     0.000 r  
    BH26                                              0.000     0.000 r  ap_clk (IN)
                         net (fo=0)                   0.000     0.000    ap_clk_IBUF_inst/I
    BH26                 INBUF (Prop_INBUF_HPIOB_M_PAD_O)
                                                      0.636     0.636 r  ap_clk_IBUF_inst/INBUF_INST/O
                         net (fo=1, routed)           0.000     0.636    ap_clk_IBUF_inst/OUT
    BH26                 IBUFCTRL (Prop_IBUFCTRL_HPIOB_M_I_O)
                                                      0.000     0.636 r  ap_clk_IBUF_inst/IBUFCTRL_INST/O
                         net (fo=1, routed)           0.323     0.959    ap_clk_IBUF
    BUFGCE_X0Y72         BUFGCE (Prop_BUFCE_BUFGCE_I_O)
                                                      0.028     0.987 r  ap_clk_IBUF_BUFG_inst/O
    X4Y2 (CLOCK_ROOT)    net (fo=16320, routed)       1.815     2.802    dut/u_blk8_r2_1_0/u/grp_blk8_r2_0_Pipeline_l_S_k_0_k_fu_378/ap_clk_IBUF_BUFG
    SLICE_X138Y207       FDRE                                         r  dut/u_blk8_r2_1_0/u/grp_blk8_r2_0_Pipeline_l_S_k_0_k_fu_378/v126_fu_412_reg[7]/C
                         clock pessimism             -0.466     2.336    
    SLICE_X138Y207       FDRE (Hold_HFF2_SLICEL_C_D)
                                                      0.062     2.398    dut/u_blk8_r2_1_0/u/grp_blk8_r2_0_Pipeline_l_S_k_0_k_fu_378/v126_fu_412_reg[7]
  -------------------------------------------------------------------
                         required time                         -2.398    
                         arrival time                           2.408    
  -------------------------------------------------------------------
                         slack                                  0.010    





Pulse Width Checks
--------------------------------------------------------------------------------------
Clock Name:         ap_clk
Waveform(ns):       { 0.000 1.666 }
Period(ns):         3.333
Sources:            { ap_clk }

Check Type        Corner  Lib Pin     Reference Pin  Required(ns)  Actual(ns)  Slack(ns)  Location        Pin
Min Period        n/a     BUFGCE/I    n/a            1.290         3.333       2.043      BUFGCE_X0Y72    ap_clk_IBUF_BUFG_inst/I
Low Pulse Width   Slow    SRL16E/CLK  n/a            0.532         1.666       1.134      SLICE_X133Y148  gen_blk8_a0_in_bind[0].lf_blk8_a0_in_bind_reg[19]_srl12___gen_lanes8_b_mem_r_10/CLK
High Pulse Width  Slow    SRL16E/CLK  n/a            0.532         1.667       1.135      SLICE_X133Y148  gen_blk8_a0_in_bind[0].lf_blk8_a0_in_bind_reg[19]_srl12___gen_lanes8_b_mem_r_10/CLK



