Copyright 1986-2022 Xilinx, Inc. All Rights Reserved. Copyright 2022-2023 Advanced Micro Devices, Inc. All Rights Reserved.
--------------------------------------------------------------------------------------------------------------------------------------------------
| Tool Version      : Vivado v.2023.2 (lin64) Build 4029153 Fri Oct 13 20:13:54 MDT 2023
| Date              : Thu Oct  1 18:42:08 2026
| Host              : brg-zhang-xcel.ece.cornell.edu running 64-bit Red Hat Enterprise Linux 9.8 (Plow)
| Command           : report_timing_summary -file timing.rpt
| Design            : Gemmini
| Device            : xcu280-fsvh2892
| Speed File        : -2L  PRODUCTION 1.30 05-01-2022
| Design State      : Physopt postRoute
| Temperature Grade : E
--------------------------------------------------------------------------------------------------------------------------------------------------

Timing Summary Report

------------------------------------------------------------------------------------------------
| Timer Settings
| --------------
------------------------------------------------------------------------------------------------

  Enable Multi Corner Analysis               :  Yes
  Enable Pessimism Removal                   :  Yes
  Pessimism Removal Resolution               :  Nearest Common Node
  Enable Input Delay Default Clock           :  No
  Enable Preset / Clear Arcs                 :  No
  Disable Flight Delays                      :  No
  Ignore I/O Paths                           :  No
  Timing Early Launch at Borrowing Latches   :  No
  Borrow Time for Max Delay Exceptions       :  Yes
  Merge Timing Exceptions                    :  Yes
  Inter-SLR Compensation                     :  Conservative

  Corner  Analyze    Analyze    
  Name    Max Paths  Min Paths  
  ------  ---------  ---------  
  Slow    Yes        Yes        
  Fast    Yes        Yes        


------------------------------------------------------------------------------------------------
| Report Methodology
| ------------------
------------------------------------------------------------------------------------------------

No report available as report_methodology has not been run prior. Run report_methodology on the current design for the summary of methodology violations.



check_timing report

Table of Contents
-----------------
1. checking no_clock (0)
2. checking constant_clock (0)
3. checking pulse_width_clock (0)
4. checking unconstrained_internal_endpoints (0)
5. checking no_input_delay (847)
6. checking no_output_delay (224)
7. checking multiple_clock (0)
8. checking generated_clocks (0)
9. checking loops (0)
10. checking partial_input_delay (0)
11. checking partial_output_delay (0)
12. checking latch_loops (0)

1. checking no_clock (0)
------------------------
 There are 0 register/latch pins with no clock.


2. checking constant_clock (0)
------------------------------
 There are 0 register/latch pins with constant_clock.


3. checking pulse_width_clock (0)
---------------------------------
 There are 0 register/latch pins which need pulse_width check


4. checking unconstrained_internal_endpoints (0)
------------------------------------------------
 There are 0 pins that are not constrained for maximum delay.

 There are 0 pins that are not constrained for maximum delay due to constant clock.


5. checking no_input_delay (847)
--------------------------------
 There are 847 input ports with no input delay specified. (HIGH)

 There are 0 input ports with no input delay but user has a false path constraint.


6. checking no_output_delay (224)
---------------------------------
 There are 224 ports with no output delay specified. (HIGH)

 There are 0 ports with no output delay but user has a false path constraint

 There are 0 ports with no output delay but with a timing clock defined on it or propagating through it


7. checking multiple_clock (0)
------------------------------
 There are 0 register/latch pins with multiple clocks.


8. checking generated_clocks (0)
--------------------------------
 There are 0 generated clocks that are not connected to a clock source.


9. checking loops (0)
---------------------
 There are 0 combinational loops in the design.


10. checking partial_input_delay (0)
------------------------------------
 There are 0 input ports with partial input delay specified.


11. checking partial_output_delay (0)
-------------------------------------
 There are 0 ports with partial output delay specified.


12. checking latch_loops (0)
----------------------------
 There are 0 combinational latch loops in the design through latch input



------------------------------------------------------------------------------------------------
| Design Timing Summary
| ---------------------
------------------------------------------------------------------------------------------------

    WNS(ns)      TNS(ns)  TNS Failing Endpoints  TNS Total Endpoints      WHS(ns)      THS(ns)  THS Failing Endpoints  THS Total Endpoints     WPWS(ns)     TPWS(ns)  TPWS Failing Endpoints  TPWS Total Endpoints  
    -------      -------  ---------------------  -------------------      -------      -------  ---------------------  -------------------     --------     --------  ----------------------  --------------------  
    -12.275  -153804.188                  48253               119868        0.019        0.000                      0               119868        0.966        0.000                       0                 56560  


Timing constraints are not met.


------------------------------------------------------------------------------------------------
| Clock Summary
| -------------
------------------------------------------------------------------------------------------------

Clock  Waveform(ns)         Period(ns)      Frequency(MHz)
-----  ------------         ----------      --------------
clk    {0.000 1.666}        3.333           300.030         


------------------------------------------------------------------------------------------------
| Intra Clock Table
| -----------------
------------------------------------------------------------------------------------------------

Clock             WNS(ns)      TNS(ns)  TNS Failing Endpoints  TNS Total Endpoints      WHS(ns)      THS(ns)  THS Failing Endpoints  THS Total Endpoints     WPWS(ns)     TPWS(ns)  TPWS Failing Endpoints  TPWS Total Endpoints  
-----             -------      -------  ---------------------  -------------------      -------      -------  ---------------------  -------------------     --------     --------  ----------------------  --------------------  
clk               -12.275  -153804.188                  48253               119868        0.019        0.000                      0               119868        0.966        0.000                       0                 56560  


------------------------------------------------------------------------------------------------
| Inter Clock Table
| -----------------
------------------------------------------------------------------------------------------------

From Clock    To Clock          WNS(ns)      TNS(ns)  TNS Failing Endpoints  TNS Total Endpoints      WHS(ns)      THS(ns)  THS Failing Endpoints  THS Total Endpoints  
----------    --------          -------      -------  ---------------------  -------------------      -------      -------  ---------------------  -------------------  


------------------------------------------------------------------------------------------------
| Other Path Groups Table
| -----------------------
------------------------------------------------------------------------------------------------

Path Group    From Clock    To Clock          WNS(ns)      TNS(ns)  TNS Failing Endpoints  TNS Total Endpoints      WHS(ns)      THS(ns)  THS Failing Endpoints  THS Total Endpoints  
----------    ----------    --------          -------      -------  ---------------------  -------------------      -------      -------  ---------------------  -------------------  


------------------------------------------------------------------------------------------------
| Timing Details
| --------------
------------------------------------------------------------------------------------------------


---------------------------------------------------------------------------------------------------
From Clock:  clk
  To Clock:  clk

Setup :        48253  Failing Endpoints,  Worst Slack      -12.275ns,  Total Violation  -153804.183ns
Hold  :            0  Failing Endpoints,  Worst Slack        0.019ns,  Total Violation        0.000ns
PW    :            0  Failing Endpoints,  Worst Slack        0.966ns,  Total Violation        0.000ns
---------------------------------------------------------------------------------------------------


Max Delay Paths
--------------------------------------------------------------------------------------
Slack (VIOLATED) :        -12.275ns  (required time - arrival time)
  Source:                 spad/norm_unit_passthru_q/wrap_1_reg/C
                            (rising edge-triggered cell FDRE clocked by clk  {rise@0.000ns fall@1.666ns period=3.333ns})
  Destination:            spad/acc_scale_unit/pipe_out_p/stages_0_resp_data_0_0_reg[3]/S
                            (rising edge-triggered cell FDSE clocked by clk  {rise@0.000ns fall@1.666ns period=3.333ns})
  Path Group:             clk
  Path Type:              Setup (Max at Slow Process Corner)
  Requirement:            3.333ns  (clk rise@3.333ns - clk rise@0.000ns)
  Data Path Delay:        15.489ns  (logic 7.254ns (46.832%)  route 8.235ns (53.168%))
  Logic Levels:           57  (CARRY8=15 DSP_A_B_DATA=1 DSP_ALU=2 DSP_M_DATA=1 DSP_MULTIPLIER=1 DSP_OUTPUT=2 DSP_PREADD_DATA=1 LUT2=6 LUT3=3 LUT4=2 LUT5=5 LUT6=17 RAMD32=1)
  Clock Path Skew:        -0.009ns (DCD - SCD + CPR)
    Destination Clock Delay (DCD):    0.021ns = ( 3.354 - 3.333 ) 
    Source Clock Delay      (SCD):    0.030ns
    Clock Pessimism Removal (CPR):    0.000ns
  Clock Uncertainty:      0.035ns  ((TSJ^2 + TIJ^2)^1/2 + DJ) / 2 + PE
    Total System Jitter     (TSJ):    0.071ns
    Total Input Jitter      (TIJ):    0.000ns
    Discrete Jitter          (DJ):    0.000ns
    Phase Error              (PE):    0.000ns

    Location             Delay type                Incr(ns)  Path(ns)    Netlist Resource(s)
  -------------------------------------------------------------------    -------------------
                         (clock clk rise edge)        0.000     0.000 r  
                                                      0.000     0.000 r  clock (IN)
                         net (fo=57186, unset)        0.030     0.030    spad/norm_unit_passthru_q/clock
    SLICE_X88Y664        FDRE                                         r  spad/norm_unit_passthru_q/wrap_1_reg/C
  -------------------------------------------------------------------    -------------------
    SLICE_X88Y664        FDRE (Prop_DFF_SLICEM_C_Q)
                                                      0.078     0.108 r  spad/norm_unit_passthru_q/wrap_1_reg/Q
                         net (fo=557, routed)         0.347     0.455    spad/norm_unit_passthru_q/ram_ext/Memory_reg_0_1_532_545/ADDRG0
    SLICE_X88Y665        RAMD32 (Prop_G6LUT_SLICEM_RADR0_O)
                                                      0.150     0.605 r  spad/norm_unit_passthru_q/ram_ext/Memory_reg_0_1_532_545/RAMG_D1/O
                         net (fo=135, routed)         0.178     0.783    spad/norm_unit_passthru_q/ram_ext/_norm_unit_passthru_q_io_deq_bits_acc_read_resp_act[0]
    SLICE_X88Y664        LUT5 (Prop_A6LUT_SLICEM_I1_O)
                                                      0.150     0.933 r  spad/norm_unit_passthru_q/ram_ext/roundedSig1_carry_i_83/O
                         net (fo=1, routed)           0.252     1.185    spad/norm_unit_passthru_q/ram_ext/roundedSig1_carry_i_83_n_0
    SLICE_X86Y662        CARRY8 (Prop_CARRY8_SLICEL_CI_CO[7])
                                                      0.151     1.336 r  spad/norm_unit_passthru_q/ram_ext/roundedSig1_carry_i_72/CO[7]
                         net (fo=1, routed)           0.026     1.362    spad/norm_unit_passthru_q/ram_ext/roundedSig1_carry_i_72_n_0
    SLICE_X86Y663        CARRY8 (Prop_CARRY8_SLICEL_CI_O[7])
                                                      0.116     1.478 f  spad/norm_unit_passthru_q/ram_ext/io_toPostMul_sExpSum0__0_carry_i_52/O[7]
                         net (fo=3, routed)           0.194     1.672    spad/norm_unit_passthru_q/ram_ext/acc_scale_unit/activated_data_e_scaled_in_to_rec_fn/intAsRawFloat_absIn0[16]
    SLICE_X86Y666        LUT6 (Prop_C6LUT_SLICEL_I5_O)
                                                      0.146     1.818 f  spad/norm_unit_passthru_q/ram_ext/io_toPostMul_sExpSum0__0_carry_i_59/O
                         net (fo=2, routed)           0.138     1.956    spad/norm_unit_passthru_q/ram_ext/io_toPostMul_sExpSum0__0_carry_i_59_n_0
    SLICE_X84Y666        LUT5 (Prop_E6LUT_SLICEL_I4_O)
                                                      0.123     2.079 f  spad/norm_unit_passthru_q/ram_ext/io_toPostMul_sExpSum0__0_carry_i_44/O
                         net (fo=3, routed)           0.142     2.221    spad/norm_unit_passthru_q/ram_ext/io_toPostMul_sExpSum0__0_carry_i_44_n_0
    SLICE_X84Y665        LUT4 (Prop_H6LUT_SLICEL_I0_O)
                                                      0.051     2.272 f  spad/norm_unit_passthru_q/ram_ext/io_toPostMul_sExpSum0__0_carry_i_53/O
                         net (fo=2, routed)           0.096     2.368    spad/norm_unit_passthru_q/ram_ext/io_toPostMul_sExpSum0__0_carry_i_53_n_0
    SLICE_X84Y664        LUT6 (Prop_D6LUT_SLICEL_I5_O)
                                                      0.122     2.490 r  spad/norm_unit_passthru_q/ram_ext/io_toPostMul_sExpSum0__0_carry_i_40/O
                         net (fo=2, routed)           0.086     2.576    spad/norm_unit_passthru_q/ram_ext/io_toPostMul_sExpSum0__0_carry_i_40_n_0
    SLICE_X84Y665        LUT3 (Prop_F6LUT_SLICEL_I1_O)
                                                      0.035     2.611 r  spad/norm_unit_passthru_q/ram_ext/io_toPostMul_sExpSum0__0_carry_i_23/O
                         net (fo=39, routed)          0.189     2.800    spad/norm_unit_passthru_q/ram_ext/io_toPostMul_sExpSum0__0_carry_i_23_n_0
    SLICE_X84Y664        LUT6 (Prop_B6LUT_SLICEL_I1_O)
                                                      0.036     2.836 r  spad/norm_unit_passthru_q/ram_ext/roundedSig1_carry__0_i_25/O
                         net (fo=3, routed)           0.205     3.041    spad/norm_unit_passthru_q/ram_ext/roundedSig1_carry__0_i_25_n_0
    SLICE_X89Y664        LUT6 (Prop_D6LUT_SLICEL_I0_O)
                                                      0.146     3.187 r  spad/norm_unit_passthru_q/ram_ext/roundedSig1_carry_i_32/O
                         net (fo=2, routed)           0.326     3.513    spad/norm_unit_passthru_q/ram_ext/roundedSig1_carry_i_32_n_0
    SLICE_X92Y663        LUT3 (Prop_H6LUT_SLICEL_I0_O)
                                                      0.051     3.564 r  spad/norm_unit_passthru_q/ram_ext/roundedSig1_carry__0_i_15/O
                         net (fo=4, routed)           0.299     3.863    spad/norm_unit_passthru_q/ram_ext/roundedSig1_carry__0_i_15_n_0
    SLICE_X94Y662        LUT3 (Prop_B6LUT_SLICEM_I0_O)
                                                      0.089     3.952 r  spad/norm_unit_passthru_q/ram_ext/roundedSig1_carry__0_i_7/O
                         net (fo=1, routed)           0.016     3.968    spad/acc_scale_unit/activated_data_e_scaled_in_to_rec_fn/roundAnyRawFNToRecFN/io_mulAddResult1[1]
    SLICE_X94Y662        CARRY8 (Prop_CARRY8_SLICEM_S[1]_O[5])
                                                      0.237     4.205 f  spad/acc_scale_unit/activated_data_e_scaled_in_to_rec_fn/roundAnyRawFNToRecFN/roundedSig1_carry__0/O[5]
                         net (fo=1, routed)           0.205     4.410    spad/norm_unit_passthru_q/ram_ext/roundedSig1[13]
    SLICE_X96Y662        LUT6 (Prop_H6LUT_SLICEL_I5_O)
                                                      0.150     4.560 f  spad/norm_unit_passthru_q/ram_ext/io_mulAddResult1_i_3/O
                         net (fo=1, routed)           0.176     4.736    spad/acc_scale_unit/activated_data_e_scaled_muladder/io_mulAddResult1/B[14]
    DSP48E2_X13Y258      DSP_A_B_DATA (Prop_DSP_A_B_DATA_DSP48E2_B[14]_B2_DATA[14])
                                                      0.151     4.887 r  spad/acc_scale_unit/activated_data_e_scaled_muladder/io_mulAddResult1/DSP_A_B_DATA_INST/B2_DATA[14]
                         net (fo=1, routed)           0.000     4.887    spad/acc_scale_unit/activated_data_e_scaled_muladder/io_mulAddResult1/DSP_A_B_DATA.B2_DATA<14>
    DSP48E2_X13Y258      DSP_PREADD_DATA (Prop_DSP_PREADD_DATA_DSP48E2_B2_DATA[14]_B2B1[14])
                                                      0.073     4.960 r  spad/acc_scale_unit/activated_data_e_scaled_muladder/io_mulAddResult1/DSP_PREADD_DATA_INST/B2B1[14]
                         net (fo=1, routed)           0.000     4.960    spad/acc_scale_unit/activated_data_e_scaled_muladder/io_mulAddResult1/DSP_PREADD_DATA.B2B1<14>
    DSP48E2_X13Y258      DSP_MULTIPLIER (Prop_DSP_MULTIPLIER_DSP48E2_B2B1[14]_V[41])
                                                      0.609     5.569 f  spad/acc_scale_unit/activated_data_e_scaled_muladder/io_mulAddResult1/DSP_MULTIPLIER_INST/V[41]
                         net (fo=1, routed)           0.000     5.569    spad/acc_scale_unit/activated_data_e_scaled_muladder/io_mulAddResult1/DSP_MULTIPLIER.V<41>
    DSP48E2_X13Y258      DSP_M_DATA (Prop_DSP_M_DATA_DSP48E2_V[41]_V_DATA[41])
                                                      0.046     5.615 r  spad/acc_scale_unit/activated_data_e_scaled_muladder/io_mulAddResult1/DSP_M_DATA_INST/V_DATA[41]
                         net (fo=1, routed)           0.000     5.615    spad/acc_scale_unit/activated_data_e_scaled_muladder/io_mulAddResult1/DSP_M_DATA.V_DATA<41>
    DSP48E2_X13Y258      DSP_ALU (Prop_DSP_ALU_DSP48E2_V_DATA[41]_ALU_OUT[47])
                                                      0.571     6.186 f  spad/acc_scale_unit/activated_data_e_scaled_muladder/io_mulAddResult1/DSP_ALU_INST/ALU_OUT[47]
                         net (fo=1, routed)           0.000     6.186    spad/acc_scale_unit/activated_data_e_scaled_muladder/io_mulAddResult1/DSP_ALU.ALU_OUT<47>
    DSP48E2_X13Y258      DSP_OUTPUT (Prop_DSP_OUTPUT_DSP48E2_ALU_OUT[47]_PCOUT[47])
                                                      0.122     6.308 r  spad/acc_scale_unit/activated_data_e_scaled_muladder/io_mulAddResult1/DSP_OUTPUT_INST/PCOUT[47]
                         net (fo=1, routed)           0.014     6.322    spad/acc_scale_unit/activated_data_e_scaled_muladder/io_mulAddResult1__0/PCIN[47]
    DSP48E2_X13Y259      DSP_ALU (Prop_DSP_ALU_DSP48E2_PCIN[47]_ALU_OUT[7])
                                                      0.546     6.868 f  spad/acc_scale_unit/activated_data_e_scaled_muladder/io_mulAddResult1__0/DSP_ALU_INST/ALU_OUT[7]
                         net (fo=1, routed)           0.000     6.868    spad/acc_scale_unit/activated_data_e_scaled_muladder/io_mulAddResult1__0/DSP_ALU.ALU_OUT<7>
    DSP48E2_X13Y259      DSP_OUTPUT (Prop_DSP_OUTPUT_DSP48E2_ALU_OUT[7]_P[7])
                                                      0.109     6.977 r  spad/acc_scale_unit/activated_data_e_scaled_muladder/io_mulAddResult1__0/DSP_OUTPUT_INST/P[7]
                         net (fo=2, routed)           0.243     7.221    spad/acc_scale_unit/activated_data_e_scaled_muladder/io_mulAddResult1__1[24]
    SLICE_X99Y661        LUT2 (Prop_A6LUT_SLICEM_I0_O)
                                                      0.090     7.311 r  spad/acc_scale_unit/activated_data_e_scaled_muladder/i__carry_i_201/O
                         net (fo=1, routed)           0.013     7.324    spad/acc_scale_unit/activated_data_e_scaled_muladder/i__carry_i_201_n_0
    SLICE_X99Y661        CARRY8 (Prop_CARRY8_SLICEM_S[0]_CO[7])
                                                      0.192     7.516 r  spad/acc_scale_unit/activated_data_e_scaled_muladder/i__carry_i_144/CO[7]
                         net (fo=1, routed)           0.026     7.542    spad/acc_scale_unit/activated_data_e_scaled_muladder/i__carry_i_144_n_0
    SLICE_X99Y662        CARRY8 (Prop_CARRY8_SLICEM_CI_CO[7])
                                                      0.015     7.557 r  spad/acc_scale_unit/activated_data_e_scaled_muladder/i__carry_i_132/CO[7]
                         net (fo=1, routed)           0.026     7.583    spad/acc_scale_unit/activated_data_e_scaled_muladder/i__carry_i_132_n_0
    SLICE_X99Y663        CARRY8 (Prop_CARRY8_SLICEM_CI_CO[7])
                                                      0.015     7.598 r  spad/acc_scale_unit/activated_data_e_scaled_muladder/i__carry__0_i_83/CO[7]
                         net (fo=1, routed)           0.026     7.624    spad/acc_scale_unit/activated_data_e_scaled_muladder/i__carry__0_i_83_n_0
    SLICE_X99Y664        CARRY8 (Prop_CARRY8_SLICEM_CI_CO[0])
                                                      0.052     7.676 r  spad/acc_scale_unit/activated_data_e_scaled_muladder/stages_0_resp_data_0_0_reg[7]_i_47/CO[0]
                         net (fo=2, routed)           0.235     7.911    spad/norm_unit_passthru_q/ram_ext/CO[0]
    SLICE_X98Y663        LUT2 (Prop_A6LUT_SLICEL_I1_O)
                                                      0.035     7.946 r  spad/norm_unit_passthru_q/ram_ext/stages_0_resp_data_0_0[7]_i_50/O
                         net (fo=1, routed)           0.009     7.955    spad/norm_unit_passthru_q/ram_ext/stages_0_resp_data_0_0[7]_i_50_n_0
    SLICE_X98Y663        CARRY8 (Prop_CARRY8_SLICEL_S[0]_O[2])
                                                      0.132     8.087 r  spad/norm_unit_passthru_q/ram_ext/stages_0_resp_data_0_0_reg[7]_i_9/O[2]
                         net (fo=121, routed)         0.340     8.427    spad/acc_scale_unit/activated_data_e_scaled_muladder/O[2]
    SLICE_X101Y660       LUT5 (Prop_C5LUT_SLICEL_I2_O)
                                                      0.136     8.563 r  spad/acc_scale_unit/activated_data_e_scaled_muladder/i__carry_i_181/O
                         net (fo=3, routed)           0.170     8.733    spad/acc_scale_unit/activated_data_e_scaled_muladder/i__carry_i_181_n_0
    SLICE_X102Y660       LUT6 (Prop_G6LUT_SLICEM_I0_O)
                                                      0.090     8.823 r  spad/acc_scale_unit/activated_data_e_scaled_muladder/i__carry_i_137/O
                         net (fo=3, routed)           0.170     8.993    spad/acc_scale_unit/activated_data_e_scaled_muladder/i__carry_i_137_n_0
    SLICE_X102Y661       LUT2 (Prop_A6LUT_SLICEM_I1_O)
                                                      0.053     9.046 r  spad/acc_scale_unit/activated_data_e_scaled_muladder/i__carry_i_75/O
                         net (fo=6, routed)           0.170     9.216    spad/acc_scale_unit/activated_data_e_scaled_muladder/i__carry_i_75_n_0
    SLICE_X102Y662       LUT6 (Prop_C6LUT_SLICEM_I3_O)
                                                      0.145     9.361 r  spad/acc_scale_unit/activated_data_e_scaled_muladder/i__carry_i_35/O
                         net (fo=66, routed)          0.403     9.764    spad/acc_scale_unit/activated_data_e_scaled_muladder/mulAddRecFNToRaw_preMul/i__carry__0_i_48_0
    SLICE_X104Y662       LUT6 (Prop_F6LUT_SLICEM_I1_O)
                                                      0.123     9.887 r  spad/acc_scale_unit/activated_data_e_scaled_muladder/mulAddRecFNToRaw_preMul/i__carry_i_81/O
                         net (fo=12, routed)          0.204    10.091    spad/acc_scale_unit/activated_data_e_scaled_muladder/mulAddRecFNToRaw_preMul/i__carry_i_81_n_0
    SLICE_X105Y663       LUT5 (Prop_A6LUT_SLICEL_I0_O)
                                                      0.050    10.141 r  spad/acc_scale_unit/activated_data_e_scaled_muladder/mulAddRecFNToRaw_preMul/i__carry__0_i_29/O
                         net (fo=15, routed)          0.063    10.204    spad/acc_scale_unit/activated_data_e_scaled_muladder/mulAddRecFNToRaw_preMul/i__carry__0_i_29_n_0
    SLICE_X105Y663       LUT6 (Prop_B6LUT_SLICEL_I4_O)
                                                      0.090    10.294 r  spad/acc_scale_unit/activated_data_e_scaled_muladder/mulAddRecFNToRaw_preMul/i__carry_i_28/O
                         net (fo=3, routed)           0.194    10.488    spad/acc_scale_unit/activated_data_e_scaled_muladder/mulAddRecFNToRaw_preMul/i__carry_i_28_n_0
    SLICE_X105Y660       LUT2 (Prop_A6LUT_SLICEL_I1_O)
                                                      0.050    10.538 f  spad/acc_scale_unit/activated_data_e_scaled_muladder/mulAddRecFNToRaw_preMul/i__carry_i_10/O
                         net (fo=4, routed)           0.217    10.755    spad/acc_scale_unit/activated_data_e_scaled_muladder/mulAddRecFNToRaw_preMul/i__carry_i_10_n_0
    SLICE_X107Y661       LUT2 (Prop_E5LUT_SLICEM_I0_O)
                                                      0.070    10.825 r  spad/acc_scale_unit/activated_data_e_scaled_muladder/mulAddRecFNToRaw_preMul/i__carry_i_1/O
                         net (fo=1, routed)           0.224    11.049    spad/acc_scale_unit/activated_data_e_scaled_muladder/roundRawFNToRecFN/roundAnyRawFNToRecFN/stages_0_resp_data_0_0[5]_i_20
    SLICE_X107Y657       CARRY8 (Prop_CARRY8_SLICEM_CI_CO[7])
                                                      0.153    11.202 r  spad/acc_scale_unit/activated_data_e_scaled_muladder/roundRawFNToRecFN/roundAnyRawFNToRecFN/roundedSig1_inferred__1/i__carry/CO[7]
                         net (fo=1, routed)           0.026    11.228    spad/acc_scale_unit/activated_data_e_scaled_muladder/roundRawFNToRecFN/roundAnyRawFNToRecFN/roundedSig1_inferred__1/i__carry_n_0
    SLICE_X107Y658       CARRY8 (Prop_CARRY8_SLICEM_CI_CO[7])
                                                      0.015    11.243 r  spad/acc_scale_unit/activated_data_e_scaled_muladder/roundRawFNToRecFN/roundAnyRawFNToRecFN/roundedSig1_inferred__1/i__carry__0/CO[7]
                         net (fo=1, routed)           0.026    11.269    spad/acc_scale_unit/activated_data_e_scaled_muladder/roundRawFNToRecFN/roundAnyRawFNToRecFN/roundedSig1_inferred__1/i__carry__0_n_0
    SLICE_X107Y659       CARRY8 (Prop_CARRY8_SLICEM_CI_O[7])
                                                      0.116    11.385 r  spad/acc_scale_unit/activated_data_e_scaled_muladder/roundRawFNToRecFN/roundAnyRawFNToRecFN/roundedSig1_inferred__1/i__carry__1/O[7]
                         net (fo=3, routed)           0.199    11.584    spad/acc_scale_unit/activated_data_e_scaled_muladder/mulAddRecFNToRaw_preMul/stages_0_resp_data_0_0[7]_i_125_1[23]
    SLICE_X107Y656       LUT6 (Prop_C6LUT_SLICEM_I4_O)
                                                      0.145    11.729 r  spad/acc_scale_unit/activated_data_e_scaled_muladder/mulAddRecFNToRaw_preMul/stages_0_resp_data_0_0[7]_i_80/O
                         net (fo=9, routed)           0.187    11.916    spad/acc_scale_unit/activated_data_e_scaled_muladder/mulAddRecFNToRaw_preMul/stages_0_resp_data_0_0[7]_i_80_n_0
    SLICE_X105Y656       LUT6 (Prop_B6LUT_SLICEL_I3_O)
                                                      0.036    11.952 f  spad/acc_scale_unit/activated_data_e_scaled_muladder/mulAddRecFNToRaw_preMul/stages_0_resp_data_0_0[7]_i_125/O
                         net (fo=2, routed)           0.144    12.096    spad/acc_scale_unit/activated_data_e_scaled_muladder/mulAddRecFNToRaw_preMul/stages_0_resp_data_0_0[7]_i_125_n_0
    SLICE_X106Y655       LUT6 (Prop_F6LUT_SLICEM_I4_O)
                                                      0.123    12.219 r  spad/acc_scale_unit/activated_data_e_scaled_muladder/mulAddRecFNToRaw_preMul/stages_0_resp_data_0_0[7]_i_54/O
                         net (fo=4, routed)           0.107    12.326    spad/acc_scale_unit/activated_data_e_scaled_muladder/mulAddRecFNToRaw_preMul/stages_0_resp_data_0_0[7]_i_54_n_0
    SLICE_X106Y654       LUT6 (Prop_H6LUT_SLICEM_I3_O)
                                                      0.125    12.451 r  spad/acc_scale_unit/activated_data_e_scaled_muladder/mulAddRecFNToRaw_preMul/stages_0_resp_data_0_0[3]_i_10/O
                         net (fo=50, routed)          0.142    12.594    spad/acc_scale_unit/activated_data_e_scaled_muladder/mulAddRecFNToRaw_preMul/stages_0_resp_data_0_0[3]_i_10_n_0
    SLICE_X106Y655       LUT6 (Prop_G6LUT_SLICEM_I1_O)
                                                      0.150    12.744 r  spad/acc_scale_unit/activated_data_e_scaled_muladder/mulAddRecFNToRaw_preMul/stages_0_resp_data_0_0[5]_i_18/O
                         net (fo=5, routed)           0.316    13.060    spad/acc_scale_unit/activated_data_e_scaled_muladder/mulAddRecFNToRaw_preMul/stages_0_resp_data_0_0[5]_i_18_n_0
    SLICE_X109Y655       LUT5 (Prop_B6LUT_SLICEM_I0_O)
                                                      0.125    13.185 r  spad/acc_scale_unit/activated_data_e_scaled_muladder/mulAddRecFNToRaw_preMul/stages_0_resp_data_0_0[3]_i_7/O
                         net (fo=4, routed)           0.213    13.398    spad/acc_scale_unit/activated_data_e_scaled_muladder/mulAddRecFNToRaw_preMul/stages_0_resp_data_0_0[3]_i_7_n_0
    SLICE_X110Y656       LUT6 (Prop_D6LUT_SLICEL_I5_O)
                                                      0.146    13.544 r  spad/acc_scale_unit/activated_data_e_scaled_muladder/mulAddRecFNToRaw_preMul/stages_0_resp_data_0_0[3]_i_3/O
                         net (fo=4, routed)           0.191    13.735    spad/acc_scale_unit/activated_data_e_scaled_muladder/mulAddRecFNToRaw_preMul/activated_data_e_scaled_rec_fn_to_in/p_0_in[3]
    SLICE_X110Y660       LUT2 (Prop_C6LUT_SLICEL_I0_O)
                                                      0.050    13.785 r  spad/acc_scale_unit/activated_data_e_scaled_muladder/mulAddRecFNToRaw_preMul/stages_0_resp_data_0_0[6]_i_23/O
                         net (fo=1, routed)           0.010    13.795    spad/acc_scale_unit/activated_data_e_scaled_muladder/mulAddRecFNToRaw_preMul/stages_0_resp_data_0_0[6]_i_23_n_0
    SLICE_X110Y660       CARRY8 (Prop_CARRY8_SLICEL_S[2]_CO[7])
                                                      0.155    13.950 r  spad/acc_scale_unit/activated_data_e_scaled_muladder/mulAddRecFNToRaw_preMul/stages_0_resp_data_0_0_reg[6]_i_7/CO[7]
                         net (fo=1, routed)           0.026    13.976    spad/acc_scale_unit/activated_data_e_scaled_muladder/mulAddRecFNToRaw_preMul/stages_0_resp_data_0_0_reg[6]_i_7_n_0
    SLICE_X110Y661       CARRY8 (Prop_CARRY8_SLICEL_CI_O[5])
                                                      0.116    14.092 r  spad/acc_scale_unit/activated_data_e_scaled_muladder/mulAddRecFNToRaw_preMul/stages_0_resp_data_0_0_reg[7]_i_243/O[5]
                         net (fo=1, routed)           0.128    14.220    spad/acc_scale_unit/activated_data_e_scaled_muladder/mulAddRecFNToRaw_preMul/stages_0_resp_data_0_0_reg[7]_i_243_n_10
    SLICE_X110Y661       LUT4 (Prop_E5LUT_SLICEL_I2_O)
                                                      0.114    14.334 r  spad/acc_scale_unit/activated_data_e_scaled_muladder/mulAddRecFNToRaw_preMul/stages_0_resp_data_0_0[7]_i_182/O
                         net (fo=4, routed)           0.324    14.658    spad/acc_scale_unit/activated_data_e_scaled_muladder/mulAddRecFNToRaw_preMul/stages_0_resp_data_0_0[7]_i_182_n_0
    SLICE_X109Y664       LUT6 (Prop_G6LUT_SLICEM_I1_O)
                                                      0.052    14.710 r  spad/acc_scale_unit/activated_data_e_scaled_muladder/mulAddRecFNToRaw_preMul/stages_0_resp_data_0_0[7]_i_110/O
                         net (fo=1, routed)           0.148    14.858    spad/acc_scale_unit/activated_data_e_scaled_muladder/mulAddRecFNToRaw_preMul/stages_0_resp_data_0_0[7]_i_110_n_0
    SLICE_X109Y662       CARRY8 (Prop_CARRY8_SLICEM_DI[4]_CO[7])
                                                      0.093    14.951 r  spad/acc_scale_unit/activated_data_e_scaled_muladder/mulAddRecFNToRaw_preMul/stages_0_resp_data_0_0_reg[7]_i_36/CO[7]
                         net (fo=1, routed)           0.026    14.977    spad/acc_scale_unit/activated_data_e_scaled_muladder/mulAddRecFNToRaw_preMul/stages_0_resp_data_0_0_reg[7]_i_36_n_0
    SLICE_X109Y663       CARRY8 (Prop_CARRY8_SLICEM_CI_CO[4])
                                                      0.092    15.069 r  spad/acc_scale_unit/activated_data_e_scaled_muladder/mulAddRecFNToRaw_preMul/stages_0_resp_data_0_0_reg[7]_i_8/CO[4]
