#-----------------------------------------------------------
# xsim v2023.2 (64-bit)
# SW Build 4029153 on Fri Oct 13 20:13:54 MDT 2023
# IP Build 4028589 on Sat Oct 14 00:45:43 MDT 2023
# SharedData Build 4025554 on Tue Oct 10 17:18:54 MDT 2023
# Start of session at: Thu Oct  1 16:07:54 2026
# Process ID: 3366807
# Current directory: /scratch/hc676/vta_build/core_bench/llama_w4
# Command line: xsim -mode tcl -source {xsim.dir/tbsim/xsim_script.tcl}
# Log file: /scratch/hc676/vta_build/core_bench/llama_w4/xsim.log
# Journal file: /scratch/hc676/vta_build/core_bench/llama_w4/xsim.jou
# Running On: brg-zhang-xcel.ece.cornell.edu, OS: Linux, CPU Frequency: 2700.000 MHz, CPU Physical cores: 22, Host memory: 235732 MB
#-----------------------------------------------------------
source xsim.dir/tbsim/xsim_script.tcl
# xsim {tbsim} -autoloadwcfg -runall
Time resolution is 1 ps
run -all
VTACORE RESULT errs=0 total=1058331 gemm=1050822 alu=6162 cload=66 load=49312 store=1032 instructions=103 beats=49422 first_bad=-1 timeout=0
VTACORE PASS
$finish called at time : 10583595 ns : File "/scratch/hc676/vta_build/core_bench/llama_w4/tb.sv" Line 260
run: Time (s): cpu = 00:00:00.1 ; elapsed = 00:01:11 . Memory (MB): peak = 1577.723 ; gain = 0.000 ; free physical = 85652 ; free virtual = 139729
exit
INFO: xsimkernel Simulation Memory Usage: 103024 KB (Peak: 164200 KB), Simulation CPU Usage: 71130 ms
INFO: [Common 17-206] Exiting xsim at Thu Oct  1 16:09:11 2026...
