

================================================================
== Vitis HLS Report for 'delay0_r0_0_Pipeline_VITIS_LOOP_26_1'
================================================================
* Date:           Fri Sep 11 02:45:02 2026

* Version:        2023.2 (Build 4023990 on Oct 11 2023)
* Project:        prj
* Solution:       sol (Vivado IP Flow Target)
* Product family: virtexuplusHBM
* Target device:  xcu280-fsvh2892-2L-e


================================================================
== Performance Estimates
================================================================
+ Timing: 
    * Summary: 
    +--------+---------+----------+------------+
    |  Clock |  Target | Estimated| Uncertainty|
    +--------+---------+----------+------------+
    |ap_clk  |  3.33 ns|  1.692 ns|     0.90 ns|
    +--------+---------+----------+------------+

+ Latency: 
    * Summary: 
    +---------+---------+----------+----------+-----+-----+---------+
    |  Latency (cycles) |  Latency (absolute) |  Interval | Pipeline|
    |   min   |   max   |    min   |    max   | min | max |   Type  |
    +---------+---------+----------+----------+-----+-----+---------+
    |      130|      130|  0.433 us|  0.433 us|  130|  130|       no|
    +---------+---------+----------+----------+-----+-----+---------+

    + Detail: 
        * Instance: 
        N/A

        * Loop: 
        +-------------------+---------+---------+----------+-----------+-----------+------+----------+
        |                   |  Latency (cycles) | Iteration|  Initiation Interval  | Trip |          |
        |     Loop Name     |   min   |   max   |  Latency |  achieved |   target  | Count| Pipelined|
        +-------------------+---------+---------+----------+-----------+-----------+------+----------+
        |- VITIS_LOOP_26_1  |      128|      128|         1|          1|          1|   128|  yes(flp)|
        +-------------------+---------+---------+----------+-----------+-----------+------+----------+



================================================================
== Utilization Estimates
================================================================
* Summary: 
+---------------------+---------+------+---------+---------+-----+
|         Name        | BRAM_18K|  DSP |    FF   |   LUT   | URAM|
+---------------------+---------+------+---------+---------+-----+
|DSP                  |        -|     -|        -|        -|    -|
|Expression           |        -|     -|        0|       31|    -|
|FIFO                 |        -|     -|        -|        -|    -|
|Instance             |        -|     -|        -|        -|    -|
|Memory               |        -|     -|        -|        -|    -|
|Multiplexer          |        -|     -|        -|       27|    -|
|Register             |        -|     -|       10|        -|    -|
+---------------------+---------+------+---------+---------+-----+
|Total                |        0|     0|       10|       58|    0|
+---------------------+---------+------+---------+---------+-----+
|Available SLR        |     1344|  3008|   869120|   434560|  320|
+---------------------+---------+------+---------+---------+-----+
|Utilization SLR (%)  |        0|     0|       ~0|       ~0|    0|
+---------------------+---------+------+---------+---------+-----+
|Available            |     4032|  9024|  2607360|  1303680|  960|
+---------------------+---------+------+---------+---------+-----+
|Utilization (%)      |        0|     0|       ~0|       ~0|    0|
+---------------------+---------+------+---------+---------+-----+

+ Detail: 
    * Instance: 
    N/A

    * DSP: 
    N/A

    * Memory: 
    N/A

    * FIFO: 
    N/A

    * Expression: 
    +--------------------+----------+----+---+----+------------+------------+
    |    Variable Name   | Operation| DSP| FF| LUT| Bitwidth P0| Bitwidth P1|
    +--------------------+----------+----+---+----+------------+------------+
    |add_ln26_fu_62_p2   |         +|   0|  0|  15|           8|           1|
    |icmp_ln26_fu_56_p2  |      icmp|   0|  0|  16|           8|           9|
    +--------------------+----------+----+---+----+------------+------------+
    |Total               |          |   0|  0|  31|          16|          10|
    +--------------------+----------+----+---+----+------------+------------+

    * Multiplexer: 
    +-----------------------+----+-----------+-----+-----------+
    |          Name         | LUT| Input Size| Bits| Total Bits|
    +-----------------------+----+-----------+-----+-----------+
    |ap_done_int            |   9|          2|    1|          2|
    |ap_sig_allocacmp_v9_1  |   9|          2|    8|         16|
    |v9_fu_30               |   9|          2|    8|         16|
    +-----------------------+----+-----------+-----+-----------+
    |Total                  |  27|          6|   17|         34|
    +-----------------------+----+-----------+-----+-----------+

    * Register: 
    +-------------+---+----+-----+-----------+
    |     Name    | FF| LUT| Bits| Const Bits|
    +-------------+---+----+-----+-----------+
    |ap_CS_fsm    |  1|   0|    1|          0|
    |ap_done_reg  |  1|   0|    1|          0|
    |v9_fu_30     |  8|   0|    8|          0|
    +-------------+---+----+-----+-----------+
    |Total        | 10|   0|   10|          0|
    +-------------+---+----+-----+-----------+



================================================================
== Interface
================================================================
* Summary: 
+-------------+-----+-----+------------+--------------------------------------+--------------+
|  RTL Ports  | Dir | Bits|  Protocol  |             Source Object            |    C Type    |
+-------------+-----+-----+------------+--------------------------------------+--------------+
|ap_clk       |   in|    1|  ap_ctrl_hs|  delay0_r0_0_Pipeline_VITIS_LOOP_26_1|  return value|
|ap_rst       |   in|    1|  ap_ctrl_hs|  delay0_r0_0_Pipeline_VITIS_LOOP_26_1|  return value|
|ap_start     |   in|    1|  ap_ctrl_hs|  delay0_r0_0_Pipeline_VITIS_LOOP_26_1|  return value|
|ap_done      |  out|    1|  ap_ctrl_hs|  delay0_r0_0_Pipeline_VITIS_LOOP_26_1|  return value|
|ap_idle      |  out|    1|  ap_ctrl_hs|  delay0_r0_0_Pipeline_VITIS_LOOP_26_1|  return value|
|ap_ready     |  out|    1|  ap_ctrl_hs|  delay0_r0_0_Pipeline_VITIS_LOOP_26_1|  return value|
|ar_address0  |  out|    7|   ap_memory|                                    ar|         array|
|ar_ce0       |  out|    1|   ap_memory|                                    ar|         array|
|ar_we0       |  out|    1|   ap_memory|                                    ar|         array|
|ar_d0        |  out|   32|   ap_memory|                                    ar|         array|
+-------------+-----+-----+------------+--------------------------------------+--------------+

