

================================================================
== Vitis HLS Report for 'reorder_r0_0_Pipeline_l_S_t_0_t'
================================================================
* Date:           Fri Sep 11 02:45:02 2026

* Version:        2023.2 (Build 4023990 on Oct 11 2023)
* Project:        prj
* Solution:       sol (Vivado IP Flow Target)
* Product family: virtexuplusHBM
* Target device:  xcu280-fsvh2892-2L-e


================================================================
== Performance Estimates
================================================================
+ Timing: 
    * Summary: 
    +--------+---------+----------+------------+
    |  Clock |  Target | Estimated| Uncertainty|
    +--------+---------+----------+------------+
    |ap_clk  |  3.33 ns|  1.479 ns|     0.90 ns|
    +--------+---------+----------+------------+

+ Latency: 
    * Summary: 
    +---------+---------+----------+----------+-----+-----+---------+
    |  Latency (cycles) |  Latency (absolute) |  Interval | Pipeline|
    |   min   |   max   |    min   |    max   | min | max |   Type  |
    +---------+---------+----------+----------+-----+-----+---------+
    |      257|      257|  0.856 us|  0.856 us|  257|  257|       no|
    +---------+---------+----------+----------+-----+-----+---------+

    + Detail: 
        * Instance: 
        N/A

        * Loop: 
        +---------------+---------+---------+----------+-----------+-----------+------+----------+
        |               |  Latency (cycles) | Iteration|  Initiation Interval  | Trip |          |
        |   Loop Name   |   min   |   max   |  Latency |  achieved |   target  | Count| Pipelined|
        +---------------+---------+---------+----------+-----------+-----------+------+----------+
        |- l_S__t_0__t  |      255|      255|         2|          1|          1|   255|  yes(flp)|
        +---------------+---------+---------+----------+-----------+-----------+------+----------+



================================================================
== Utilization Estimates
================================================================
* Summary: 
+---------------------+---------+------+---------+---------+-----+
|         Name        | BRAM_18K|  DSP |    FF   |   LUT   | URAM|
+---------------------+---------+------+---------+---------+-----+
|DSP                  |        -|     -|        -|        -|    -|
|Expression           |        -|     -|        0|       34|    -|
|FIFO                 |        -|     -|        -|        -|    -|
|Instance             |        -|     -|        -|        -|    -|
|Memory               |        -|     -|        -|        -|    -|
|Multiplexer          |        -|     -|        -|       59|    -|
|Register             |        -|     -|       14|        -|    -|
+---------------------+---------+------+---------+---------+-----+
|Total                |        0|     0|       14|       93|    0|
+---------------------+---------+------+---------+---------+-----+
|Available SLR        |     1344|  3008|   869120|   434560|  320|
+---------------------+---------+------+---------+---------+-----+
|Utilization SLR (%)  |        0|     0|       ~0|       ~0|    0|
+---------------------+---------+------+---------+---------+-----+
|Available            |     4032|  9024|  2607360|  1303680|  960|
+---------------------+---------+------+---------+---------+-----+
|Utilization (%)      |        0|     0|       ~0|       ~0|    0|
+---------------------+---------+------+---------+---------+-----+

+ Detail: 
    * Instance: 
    N/A

    * DSP: 
    N/A

    * Memory: 
    N/A

    * FIFO: 
    N/A

    * Expression: 
    +----------------------------------+----------+----+---+----+------------+------------+
    |           Variable Name          | Operation| DSP| FF| LUT| Bitwidth P0| Bitwidth P1|
    +----------------------------------+----------+----+---+----+------------+------------+
    |p_t_2_fu_56_p2                    |         +|   0|  0|  15|           8|           1|
    |ap_block_state2_pp0_stage0_iter1  |       and|   0|  0|   2|           1|           1|
    |ap_condition_57                   |       and|   0|  0|   2|           1|           1|
    |icmp_ln30_fu_50_p2                |      icmp|   0|  0|  15|           8|           2|
    +----------------------------------+----------+----+---+----+------------+------------+
    |Total                             |          |   0|  0|  34|          18|           5|
    +----------------------------------+----------+----+---+----+------------+------------+

    * Multiplexer: 
    +----------------------------------+----+-----------+-----+-----------+
    |               Name               | LUT| Input Size| Bits| Total Bits|
    +----------------------------------+----+-----------+-----+-----------+
    |ap_NS_iter1_fsm                   |  14|          3|    2|          6|
    |ap_done_int                       |   9|          2|    1|          2|
    |ap_loop_exit_ready_pp0_iter1_reg  |   9|          2|    1|          2|
    |ap_sig_allocacmp_p_t_1            |   9|          2|    8|         16|
    |p_t_fu_32                         |   9|          2|    8|         16|
    |v0_blk_n                          |   9|          2|    1|          2|
    +----------------------------------+----+-----------+-----+-----------+
    |Total                             |  59|         13|   21|         44|
    +----------------------------------+----+-----------+-----+-----------+

    * Register: 
    +----------------------------------+---+----+-----+-----------+
    |               Name               | FF| LUT| Bits| Const Bits|
    +----------------------------------+---+----+-----+-----------+
    |ap_CS_iter0_fsm                   |  1|   0|    1|          0|
    |ap_CS_iter1_fsm                   |  2|   0|    2|          0|
    |ap_done_reg                       |  1|   0|    1|          0|
    |ap_loop_exit_ready_pp0_iter1_reg  |  1|   0|    1|          0|
    |icmp_ln30_reg_74                  |  1|   0|    1|          0|
    |p_t_fu_32                         |  8|   0|    8|          0|
    +----------------------------------+---+----+-----+-----------+
    |Total                             | 14|   0|   14|          0|
    +----------------------------------+---+----+-----+-----------+



================================================================
== Interface
================================================================
* Summary: 
+------------+-----+-----+------------+-----------------------------------+--------------+
|  RTL Ports | Dir | Bits|  Protocol  |           Source Object           |    C Type    |
+------------+-----+-----+------------+-----------------------------------+--------------+
|ap_clk      |   in|    1|  ap_ctrl_hs|  reorder_r0_0_Pipeline_l_S__t_0__t|  return value|
|ap_rst      |   in|    1|  ap_ctrl_hs|  reorder_r0_0_Pipeline_l_S__t_0__t|  return value|
|ap_start    |   in|    1|  ap_ctrl_hs|  reorder_r0_0_Pipeline_l_S__t_0__t|  return value|
|ap_done     |  out|    1|  ap_ctrl_hs|  reorder_r0_0_Pipeline_l_S__t_0__t|  return value|
|ap_idle     |  out|    1|  ap_ctrl_hs|  reorder_r0_0_Pipeline_l_S__t_0__t|  return value|
|ap_ready    |  out|    1|  ap_ctrl_hs|  reorder_r0_0_Pipeline_l_S__t_0__t|  return value|
|v0_dout     |   in|   64|     ap_fifo|                                 v0|       pointer|
|v0_empty_n  |   in|    1|     ap_fifo|                                 v0|       pointer|
|v0_read     |  out|    1|     ap_fifo|                                 v0|       pointer|
+------------+-----+-----+------------+-----------------------------------+--------------+

