Copyright 1986-2022 Xilinx, Inc. All Rights Reserved. Copyright 2022-2023 Advanced Micro Devices, Inc. All Rights Reserved.
--------------------------------------------------------------------------------------------------------------------------------------------------
| Tool Version      : Vivado v.2023.2 (lin64) Build 4029153 Fri Oct 13 20:13:54 MDT 2023
| Date              : Thu Oct  1 17:04:48 2026
| Host              : brg-zhang-xcel.ece.cornell.edu running 64-bit Red Hat Enterprise Linux 9.8 (Plow)
| Command           : report_timing_summary -file timing.rpt
| Design            : Core
| Device            : xcu280-fsvh2892
| Speed File        : -2L  PRODUCTION 1.30 05-01-2022
| Design State      : Physopt postRoute
| Temperature Grade : E
--------------------------------------------------------------------------------------------------------------------------------------------------

Timing Summary Report

------------------------------------------------------------------------------------------------
| Timer Settings
| --------------
------------------------------------------------------------------------------------------------

  Enable Multi Corner Analysis               :  Yes
  Enable Pessimism Removal                   :  Yes
  Pessimism Removal Resolution               :  Nearest Common Node
  Enable Input Delay Default Clock           :  No
  Enable Preset / Clear Arcs                 :  No
  Disable Flight Delays                      :  No
  Ignore I/O Paths                           :  No
  Timing Early Launch at Borrowing Latches   :  No
  Borrow Time for Max Delay Exceptions       :  Yes
  Merge Timing Exceptions                    :  Yes
  Inter-SLR Compensation                     :  Conservative

  Corner  Analyze    Analyze    
  Name    Max Paths  Min Paths  
  ------  ---------  ---------  
  Slow    Yes        Yes        
  Fast    Yes        Yes        


------------------------------------------------------------------------------------------------
| Report Methodology
| ------------------
------------------------------------------------------------------------------------------------

No report available as report_methodology has not been run prior. Run report_methodology on the current design for the summary of methodology violations.



check_timing report

Table of Contents
-----------------
1. checking no_clock (0)
2. checking constant_clock (0)
3. checking pulse_width_clock (0)
4. checking unconstrained_internal_endpoints (0)
5. checking no_input_delay (837)
6. checking no_output_delay (627)
7. checking multiple_clock (0)
8. checking generated_clocks (0)
9. checking loops (0)
10. checking partial_input_delay (0)
11. checking partial_output_delay (0)
12. checking latch_loops (0)

1. checking no_clock (0)
------------------------
 There are 0 register/latch pins with no clock.


2. checking constant_clock (0)
------------------------------
 There are 0 register/latch pins with constant_clock.


3. checking pulse_width_clock (0)
---------------------------------
 There are 0 register/latch pins which need pulse_width check


4. checking unconstrained_internal_endpoints (0)
------------------------------------------------
 There are 0 pins that are not constrained for maximum delay.

 There are 0 pins that are not constrained for maximum delay due to constant clock.


5. checking no_input_delay (837)
--------------------------------
 There are 837 input ports with no input delay specified. (HIGH)

 There are 0 input ports with no input delay but user has a false path constraint.


6. checking no_output_delay (627)
---------------------------------
 There are 627 ports with no output delay specified. (HIGH)

 There are 0 ports with no output delay but user has a false path constraint

 There are 0 ports with no output delay but with a timing clock defined on it or propagating through it


7. checking multiple_clock (0)
------------------------------
 There are 0 register/latch pins with multiple clocks.


8. checking generated_clocks (0)
--------------------------------
 There are 0 generated clocks that are not connected to a clock source.


9. checking loops (0)
---------------------
 There are 0 combinational loops in the design.


10. checking partial_input_delay (0)
------------------------------------
 There are 0 input ports with partial input delay specified.


11. checking partial_output_delay (0)
-------------------------------------
 There are 0 ports with partial output delay specified.


12. checking latch_loops (0)
----------------------------
 There are 0 combinational latch loops in the design through latch input



------------------------------------------------------------------------------------------------
| Design Timing Summary
| ---------------------
------------------------------------------------------------------------------------------------

    WNS(ns)      TNS(ns)  TNS Failing Endpoints  TNS Total Endpoints      WHS(ns)      THS(ns)  THS Failing Endpoints  THS Total Endpoints     WPWS(ns)     TPWS(ns)  TPWS Failing Endpoints  TPWS Total Endpoints  
    -------      -------  ---------------------  -------------------      -------      -------  ---------------------  -------------------     --------     --------  ----------------------  --------------------  
      0.005        0.000                      0                28638        0.039        0.000                      0                28638        1.600        0.000                       0                  7312  


All user specified timing constraints are met.


------------------------------------------------------------------------------------------------
| Clock Summary
| -------------
------------------------------------------------------------------------------------------------

Clock  Waveform(ns)         Period(ns)      Frequency(MHz)
-----  ------------         ----------      --------------
clk    {0.000 2.300}        4.600           217.391         


------------------------------------------------------------------------------------------------
| Intra Clock Table
| -----------------
------------------------------------------------------------------------------------------------

Clock             WNS(ns)      TNS(ns)  TNS Failing Endpoints  TNS Total Endpoints      WHS(ns)      THS(ns)  THS Failing Endpoints  THS Total Endpoints     WPWS(ns)     TPWS(ns)  TPWS Failing Endpoints  TPWS Total Endpoints  
-----             -------      -------  ---------------------  -------------------      -------      -------  ---------------------  -------------------     --------     --------  ----------------------  --------------------  
clk                 0.005        0.000                      0                28638        0.039        0.000                      0                28638        1.600        0.000                       0                  7312  


------------------------------------------------------------------------------------------------
| Inter Clock Table
| -----------------
------------------------------------------------------------------------------------------------

From Clock    To Clock          WNS(ns)      TNS(ns)  TNS Failing Endpoints  TNS Total Endpoints      WHS(ns)      THS(ns)  THS Failing Endpoints  THS Total Endpoints  
----------    --------          -------      -------  ---------------------  -------------------      -------      -------  ---------------------  -------------------  


------------------------------------------------------------------------------------------------
| Other Path Groups Table
| -----------------------
------------------------------------------------------------------------------------------------

Path Group    From Clock    To Clock          WNS(ns)      TNS(ns)  TNS Failing Endpoints  TNS Total Endpoints      WHS(ns)      THS(ns)  THS Failing Endpoints  THS Total Endpoints  
----------    ----------    --------          -------      -------  ---------------------  -------------------      -------      -------  ---------------------  -------------------  


------------------------------------------------------------------------------------------------
| Timing Details
| --------------
------------------------------------------------------------------------------------------------


---------------------------------------------------------------------------------------------------
From Clock:  clk
  To Clock:  clk

Setup :            0  Failing Endpoints,  Worst Slack        0.005ns,  Total Violation        0.000ns
Hold  :            0  Failing Endpoints,  Worst Slack        0.039ns,  Total Violation        0.000ns
PW    :            0  Failing Endpoints,  Worst Slack        1.600ns,  Total Violation        0.000ns
---------------------------------------------------------------------------------------------------


Max Delay Paths
--------------------------------------------------------------------------------------
Slack (MET) :             0.005ns  (required time - arrival time)
  Source:                 store/inst_q/deq_ptr_value_reg[2]_rep__3/C
                            (rising edge-triggered cell FDRE clocked by clk  {rise@0.000ns fall@2.300ns period=4.600ns})
  Destination:            store/tensorStore/tensorStore/cmdGen/rdCmdStartIdx_reg[10]/CE
                            (rising edge-triggered cell FDRE clocked by clk  {rise@0.000ns fall@2.300ns period=4.600ns})
  Path Group:             clk
  Path Type:              Setup (Max at Slow Process Corner)
  Requirement:            4.600ns  (clk rise@4.600ns - clk rise@0.000ns)
  Data Path Delay:        4.490ns  (logic 1.941ns (43.228%)  route 2.549ns (56.772%))
  Logic Levels:           19  (CARRY8=6 LUT2=3 LUT3=1 LUT4=2 LUT6=6 RAMD64E=1)
  Clock Path Skew:        -0.009ns (DCD - SCD + CPR)
    Destination Clock Delay (DCD):    0.021ns = ( 4.621 - 4.600 ) 
    Source Clock Delay      (SCD):    0.030ns
    Clock Pessimism Removal (CPR):    0.000ns
  Clock Uncertainty:      0.035ns  ((TSJ^2 + TIJ^2)^1/2 + DJ) / 2 + PE
    Total System Jitter     (TSJ):    0.071ns
    Total Input Jitter      (TIJ):    0.000ns
    Discrete Jitter          (DJ):    0.000ns
    Phase Error              (PE):    0.000ns

    Location             Delay type                Incr(ns)  Path(ns)    Netlist Resource(s)
  -------------------------------------------------------------------    -------------------
                         (clock clk rise edge)        0.000     0.000 r  
                                                      0.000     0.000 r  clock (IN)
                         net (fo=7311, unset)         0.030     0.030    store/inst_q/clock
    SLICE_X166Y604       FDRE                                         r  store/inst_q/deq_ptr_value_reg[2]_rep__3/C
  -------------------------------------------------------------------    -------------------
    SLICE_X166Y604       FDRE (Prop_BFF_SLICEM_C_Q)
                                                      0.078     0.108 r  store/inst_q/deq_ptr_value_reg[2]_rep__3/Q
                         net (fo=109, routed)         0.315     0.423    store/inst_q/ram_reg_256_319_77_83/ADDRD2
    SLICE_X164Y607       RAMD64E (Prop_D6LUT_SLICEM_RADR2_O)
                                                      0.099     0.522 r  store/inst_q/ram_reg_256_319_77_83/RAMD/O
                         net (fo=1, routed)           0.187     0.709    store/inst_q/ram_reg_256_319_77_83_n_3
    SLICE_X165Y607       LUT6 (Prop_D6LUT_SLICEL_I5_O)
                                                      0.122     0.831 r  store/inst_q/clRemained_carry_i_19/O
                         net (fo=1, routed)           0.147     0.978    store/inst_q/clRemained_carry_i_19_n_0
    SLICE_X165Y612       LUT3 (Prop_A6LUT_SLICEL_I0_O)
                                                      0.050     1.028 r  store/inst_q/clRemained_carry_i_10__1/O
                         net (fo=5, routed)           0.100     1.129    store/tensorStore/tensorStore/cmdGen/rdLineAddr_reg[25]_i_3__0_0[0]
    SLICE_X166Y612       LUT4 (Prop_A6LUT_SLICEM_I0_O)
                                                      0.038     1.167 r  store/tensorStore/tensorStore/cmdGen/clRemained_carry_i_18/O
                         net (fo=1, routed)           0.013     1.180    store/inst_q/commandsDone_i_17__0[0]
    SLICE_X166Y612       CARRY8 (Prop_CARRY8_SLICEM_S[0]_O[5])
                                                      0.240     1.420 r  store/inst_q/clRemained_carry_i_1__1/O[5]
                         net (fo=5, routed)           0.257     1.676    store/inst_q/rdLineClNb[5]
    SLICE_X165Y613       LUT2 (Prop_F6LUT_SLICEL_I0_O)
                                                      0.049     1.725 r  store/inst_q/clRemained_carry_i_4__1/O
                         net (fo=1, routed)           0.011     1.736    store/tensorStore/tensorStore/cmdGen/io_vme_wr_0_cmd_bits_len[1][5]
    SLICE_X165Y613       CARRY8 (Prop_CARRY8_SLICEL_S[5]_CO[7])
                                                      0.155     1.891 r  store/tensorStore/tensorStore/cmdGen/clRemained_carry/CO[7]
                         net (fo=1, routed)           0.026     1.917    store/tensorStore/tensorStore/cmdGen/clRemained_carry_n_0
    SLICE_X165Y614       CARRY8 (Prop_CARRY8_SLICEL_CI_O[5])
                                                      0.116     2.033 f  store/tensorStore/tensorStore/cmdGen/clRemained_carry__0/O[5]
                         net (fo=3, routed)           0.192     2.225    store/inst_q/_GEN_161_carry[5]
    SLICE_X166Y614       LUT2 (Prop_G6LUT_SLICEM_I0_O)
                                                      0.123     2.348 r  store/inst_q/_GEN_161_carry_i_7__1/O
                         net (fo=1, routed)           0.016     2.364    store/tensorStore/tensorStore/cmdGen/readLenReg[8]_i_2_1[2]
    SLICE_X166Y614       CARRY8 (Prop_CARRY8_SLICEM_S[6]_CO[7])
                                                      0.124     2.488 r  store/tensorStore/tensorStore/cmdGen/_GEN_161_carry/CO[7]
                         net (fo=10, routed)          0.198     2.686    store/tensorStore/tensorStore/cmdGen/_GEN_161
    SLICE_X167Y614       LUT6 (Prop_E6LUT_SLICEM_I2_O)
                                                      0.148     2.834 r  store/tensorStore/tensorStore/cmdGen/io_vme_wr_0_cmd_bits_len[7]_INST_0_i_3/O
                         net (fo=12, routed)          0.149     2.983    store/inst_q/in[3]
    SLICE_X168Y612       LUT2 (Prop_D6LUT_SLICEL_I1_O)
                                                      0.050     3.033 r  store/inst_q/_T_28_carry_i_5__1/O
                         net (fo=1, routed)           0.009     3.042    store/tensorStore/tensorStore/cmdGen/rdLineElemBeginAddr[63]_i_23__0_0[3]
    SLICE_X168Y612       CARRY8 (Prop_CARRY8_SLICEL_S[3]_CO[7])
                                                      0.154     3.196 r  store/tensorStore/tensorStore/cmdGen/_T_28_carry/CO[7]
                         net (fo=1, routed)           0.026     3.222    store/tensorStore/tensorStore/cmdGen/_T_28_carry_n_0
    SLICE_X168Y613       CARRY8 (Prop_CARRY8_SLICEL_CI_O[5])
                                                      0.116     3.338 r  store/tensorStore/tensorStore/cmdGen/_T_28_carry__0/O[5]
                         net (fo=1, routed)           0.131     3.469    store/inst_q/O[1]
    SLICE_X169Y613       LUT6 (Prop_F6LUT_SLICEL_I2_O)
                                                      0.123     3.592 r  store/inst_q/rdLineElemBeginAddr[63]_i_31/O
                         net (fo=1, routed)           0.126     3.718    store/tensorStore/tensorStore/cmdGen/rdLineElemBeginAddr[63]_i_7__1_0
    SLICE_X170Y612       LUT6 (Prop_C6LUT_SLICEL_I0_O)
                                                      0.050     3.768 r  store/tensorStore/tensorStore/cmdGen/rdLineElemBeginAddr[63]_i_22__0/O
                         net (fo=1, routed)           0.041     3.809    store/tensorStore/tensorStore/cmdGen/rdLineElemBeginAddr[63]_i_22__0_n_0
    SLICE_X170Y612       LUT6 (Prop_D6LUT_SLICEL_I0_O)
                                                      0.036     3.845 r  store/tensorStore/tensorStore/cmdGen/rdLineElemBeginAddr[63]_i_7__1/O
                         net (fo=3, routed)           0.206     4.051    store/inst_q/clReadIdx_reg[0]
    SLICE_X174Y612       LUT6 (Prop_E6LUT_SLICEL_I0_O)
                                                      0.035     4.086 r  store/inst_q/dramLineIdx[15]_i_2/O
                         net (fo=18, routed)          0.154     4.240    store/inst_q/clReadIdx_reg[5][0]
    SLICE_X174Y614       LUT4 (Prop_F6LUT_SLICEL_I0_O)
                                                      0.035     4.275 r  store/inst_q/rdCmdStartIdx[10]_i_1__2/O
                         net (fo=11, routed)          0.245     4.520    store/tensorStore/tensorStore/cmdGen/rdCmdStartIdx_reg[10]_1[0]
    SLICE_X171Y615       FDRE                                         r  store/tensorStore/tensorStore/cmdGen/rdCmdStartIdx_reg[10]/CE
  -------------------------------------------------------------------    -------------------

                         (clock clk rise edge)        4.600     4.600 r  
                                                      0.000     4.600 r  clock (IN)
                         net (fo=7311, unset)         0.021     4.621    store/tensorStore/tensorStore/cmdGen/clock
    SLICE_X171Y615       FDRE                                         r  store/tensorStore/tensorStore/cmdGen/rdCmdStartIdx_reg[10]/C
                         clock pessimism              0.000     4.621    
                         clock uncertainty           -0.035     4.586    
    SLICE_X171Y615       FDRE (Setup_CFF_SLICEM_C_CE)
                                                     -0.061     4.525    store/tensorStore/tensorStore/cmdGen/rdCmdStartIdx_reg[10]
  -------------------------------------------------------------------
                         required time                          4.525    
                         arrival time                          -4.520    
  -------------------------------------------------------------------
                         slack                                  0.005    





Min Delay Paths
--------------------------------------------------------------------------------------
