

================================================================
== Vitis HLS Report for 'delay4_r0_0_Pipeline_VITIS_LOOP_30_2'
================================================================
* Date:           Fri Sep 11 02:45:02 2026

* Version:        2023.2 (Build 4023990 on Oct 11 2023)
* Project:        prj
* Solution:       sol (Vivado IP Flow Target)
* Product family: virtexuplusHBM
* Target device:  xcu280-fsvh2892-2L-e


================================================================
== Performance Estimates
================================================================
+ Timing: 
    * Summary: 
    +--------+---------+----------+------------+
    |  Clock |  Target | Estimated| Uncertainty|
    +--------+---------+----------+------------+
    |ap_clk  |  3.33 ns|  1.794 ns|     0.90 ns|
    +--------+---------+----------+------------+

+ Latency: 
    * Summary: 
    +---------+---------+-----------+-----------+-----+-----+---------+
    |  Latency (cycles) |   Latency (absolute)  |  Interval | Pipeline|
    |   min   |   max   |    min    |    max    | min | max |   Type  |
    +---------+---------+-----------+-----------+-----+-----+---------+
    |       10|       10|  33.300 ns|  33.300 ns|   10|   10|       no|
    +---------+---------+-----------+-----------+-----+-----+---------+

    + Detail: 
        * Instance: 
        N/A

        * Loop: 
        +-------------------+---------+---------+----------+-----------+-----------+------+----------+
        |                   |  Latency (cycles) | Iteration|  Initiation Interval  | Trip |          |
        |     Loop Name     |   min   |   max   |  Latency |  achieved |   target  | Count| Pipelined|
        +-------------------+---------+---------+----------+-----------+-----------+------+----------+
        |- VITIS_LOOP_30_2  |        8|        8|         1|          1|          1|     8|  yes(flp)|
        +-------------------+---------+---------+----------+-----------+-----------+------+----------+



================================================================
== Utilization Estimates
================================================================
* Summary: 
+---------------------+---------+------+---------+---------+-----+
|         Name        | BRAM_18K|  DSP |    FF   |   LUT   | URAM|
+---------------------+---------+------+---------+---------+-----+
|DSP                  |        -|     -|        -|        -|    -|
|Expression           |        -|     -|        0|       24|    -|
|FIFO                 |        -|     -|        -|        -|    -|
|Instance             |        -|     -|        -|        -|    -|
|Memory               |        -|     -|        -|        -|    -|
|Multiplexer          |        -|     -|        -|       27|    -|
|Register             |        -|     -|        6|        -|    -|
+---------------------+---------+------+---------+---------+-----+
|Total                |        0|     0|        6|       51|    0|
+---------------------+---------+------+---------+---------+-----+
|Available SLR        |     1344|  3008|   869120|   434560|  320|
+---------------------+---------+------+---------+---------+-----+
|Utilization SLR (%)  |        0|     0|       ~0|       ~0|    0|
+---------------------+---------+------+---------+---------+-----+
|Available            |     4032|  9024|  2607360|  1303680|  960|
+---------------------+---------+------+---------+---------+-----+
|Utilization (%)      |        0|     0|       ~0|       ~0|    0|
+---------------------+---------+------+---------+---------+-----+

+ Detail: 
    * Instance: 
    N/A

    * DSP: 
    N/A

    * Memory: 
    N/A

    * FIFO: 
    N/A

    * Expression: 
    +--------------------+----------+----+---+----+------------+------------+
    |    Variable Name   | Operation| DSP| FF| LUT| Bitwidth P0| Bitwidth P1|
    +--------------------+----------+----+---+----+------------+------------+
    |add_ln30_fu_62_p2   |         +|   0|  0|  12|           4|           1|
    |icmp_ln30_fu_56_p2  |      icmp|   0|  0|  12|           4|           5|
    +--------------------+----------+----+---+----+------------+------------+
    |Total               |          |   0|  0|  24|           8|           6|
    +--------------------+----------+----+---+----+------------+------------+

    * Multiplexer: 
    +------------------------+----+-----------+-----+-----------+
    |          Name          | LUT| Input Size| Bits| Total Bits|
    +------------------------+----+-----------+-----+-----------+
    |ap_done_int             |   9|          2|    1|          2|
    |ap_sig_allocacmp_v11_1  |   9|          2|    4|          8|
    |v11_fu_30               |   9|          2|    4|          8|
    +------------------------+----+-----------+-----+-----------+
    |Total                   |  27|          6|    9|         18|
    +------------------------+----+-----------+-----+-----------+

    * Register: 
    +-------------+---+----+-----+-----------+
    |     Name    | FF| LUT| Bits| Const Bits|
    +-------------+---+----+-----+-----------+
    |ap_CS_fsm    |  1|   0|    1|          0|
    |ap_done_reg  |  1|   0|    1|          0|
    |v11_fu_30    |  4|   0|    4|          0|
    +-------------+---+----+-----+-----------+
    |Total        |  6|   0|    6|          0|
    +-------------+---+----+-----+-----------+



================================================================
== Interface
================================================================
* Summary: 
+-------------+-----+-----+------------+--------------------------------------+--------------+
|  RTL Ports  | Dir | Bits|  Protocol  |             Source Object            |    C Type    |
+-------------+-----+-----+------------+--------------------------------------+--------------+
|ap_clk       |   in|    1|  ap_ctrl_hs|  delay4_r0_0_Pipeline_VITIS_LOOP_30_2|  return value|
|ap_rst       |   in|    1|  ap_ctrl_hs|  delay4_r0_0_Pipeline_VITIS_LOOP_30_2|  return value|
|ap_start     |   in|    1|  ap_ctrl_hs|  delay4_r0_0_Pipeline_VITIS_LOOP_30_2|  return value|
|ap_done      |  out|    1|  ap_ctrl_hs|  delay4_r0_0_Pipeline_VITIS_LOOP_30_2|  return value|
|ap_idle      |  out|    1|  ap_ctrl_hs|  delay4_r0_0_Pipeline_VITIS_LOOP_30_2|  return value|
|ap_ready     |  out|    1|  ap_ctrl_hs|  delay4_r0_0_Pipeline_VITIS_LOOP_30_2|  return value|
|ai_address0  |  out|    3|   ap_memory|                                    ai|         array|
|ai_ce0       |  out|    1|   ap_memory|                                    ai|         array|
|ai_we0       |  out|    1|   ap_memory|                                    ai|         array|
|ai_d0        |  out|   32|   ap_memory|                                    ai|         array|
+-------------+-----+-----+------------+--------------------------------------+--------------+

