

================================================================
== Vitis HLS Report for 'reorder_r0_0'
================================================================
* Date:           Fri Sep 11 02:45:02 2026

* Version:        2023.2 (Build 4023990 on Oct 11 2023)
* Project:        prj
* Solution:       sol (Vivado IP Flow Target)
* Product family: virtexuplusHBM
* Target device:  xcu280-fsvh2892-2L-e


================================================================
== Performance Estimates
================================================================
+ Timing: 
    * Summary: 
    +--------+---------+----------+------------+
    |  Clock |  Target | Estimated| Uncertainty|
    +--------+---------+----------+------------+
    |ap_clk  |  3.33 ns|  2.698 ns|     0.90 ns|
    +--------+---------+----------+------------+

+ Latency: 
    * Summary: 
    +---------+---------+-----------+-----------+------+------+---------+
    |  Latency (cycles) |   Latency (absolute)  |   Interval  | Pipeline|
    |   min   |   max   |    min    |    max    |  min |  max |   Type  |
    +---------+---------+-----------+-----------+------+------+---------+
    |     9491|     9491|  31.605 us|  31.605 us|  9492|  9492|       no|
    +---------+---------+-----------+-----------+------+------+---------+

    + Detail: 
        * Instance: 
        +-----------------------------------------------------------------+-------------------------------------------------------+---------+---------+-----------+-----------+------+------+---------+
        |                                                                 |                                                       |  Latency (cycles) |   Latency (absolute)  |   Interval  | Pipeline|
        |                             Instance                            |                         Module                        |   min   |   max   |    min    |    max    |  min |  max |   Type  |
        +-----------------------------------------------------------------+-------------------------------------------------------+---------+---------+-----------+-----------+------+------+---------+
        |grp_reorder_r0_0_Pipeline_VITIS_LOOP_19_1_VITIS_LOOP_20_2_fu_54  |reorder_r0_0_Pipeline_VITIS_LOOP_19_1_VITIS_LOOP_20_2  |      514|      514|   1.712 us|   1.712 us|   514|   514|       no|
        |grp_reorder_r0_0_Pipeline_VITIS_LOOP_25_3_VITIS_LOOP_26_4_fu_62  |reorder_r0_0_Pipeline_VITIS_LOOP_25_3_VITIS_LOOP_26_4  |      514|      514|   1.712 us|   1.712 us|   514|   514|       no|
        |grp_reorder_r0_0_Pipeline_l_S_t_0_t_fu_70                        |reorder_r0_0_Pipeline_l_S_t_0_t                        |      257|      257|   0.856 us|   0.856 us|   257|   257|       no|
        |grp_reorder_r0_0_Pipeline_l_S_b_1_b_l_S_i_1_i_fu_76              |reorder_r0_0_Pipeline_l_S_b_1_b_l_S_i_1_i              |     8453|     8453|  28.148 us|  28.148 us|  8453|  8453|       no|
        |grp_reorder_r0_0_Pipeline_l_S_i_3_i1_fu_90                       |reorder_r0_0_Pipeline_l_S_i_3_i1                       |      258|      258|   0.859 us|   0.859 us|   258|   258|       no|
        +-----------------------------------------------------------------+-------------------------------------------------------+---------+---------+-----------+-----------+------+------+---------+

        * Loop: 
        N/A



================================================================
== Utilization Estimates
================================================================
* Summary: 
+---------------------+---------+------+---------+---------+-----+
|         Name        | BRAM_18K|  DSP |    FF   |   LUT   | URAM|
+---------------------+---------+------+---------+---------+-----+
|DSP                  |        -|     -|        -|        -|    -|
|Expression           |        -|     -|        0|        2|    -|
|FIFO                 |        -|     -|        -|        -|    -|
|Instance             |        0|     -|      400|      840|    -|
|Memory               |        4|     -|        0|        0|    0|
|Multiplexer          |        -|     -|        -|      380|    -|
|Register             |        -|     -|       15|        -|    -|
+---------------------+---------+------+---------+---------+-----+
|Total                |        4|     0|      415|     1222|    0|
+---------------------+---------+------+---------+---------+-----+
|Available SLR        |     1344|  3008|   869120|   434560|  320|
+---------------------+---------+------+---------+---------+-----+
|Utilization SLR (%)  |       ~0|     0|       ~0|       ~0|    0|
+---------------------+---------+------+---------+---------+-----+
|Available            |     4032|  9024|  2607360|  1303680|  960|
+---------------------+---------+------+---------+---------+-----+
|Utilization (%)      |       ~0|     0|       ~0|       ~0|    0|
+---------------------+---------+------+---------+---------+-----+

+ Detail: 
    * Instance: 
    +-----------------------------------------------------------------+-------------------------------------------------------+---------+----+-----+-----+-----+
    |                             Instance                            |                         Module                        | BRAM_18K| DSP|  FF | LUT | URAM|
    +-----------------------------------------------------------------+-------------------------------------------------------+---------+----+-----+-----+-----+
    |grp_reorder_r0_0_Pipeline_VITIS_LOOP_19_1_VITIS_LOOP_20_2_fu_54  |reorder_r0_0_Pipeline_VITIS_LOOP_19_1_VITIS_LOOP_20_2  |        0|   0|   23|  151|    0|
    |grp_reorder_r0_0_Pipeline_VITIS_LOOP_25_3_VITIS_LOOP_26_4_fu_62  |reorder_r0_0_Pipeline_VITIS_LOOP_25_3_VITIS_LOOP_26_4  |        0|   0|   23|  151|    0|
    |grp_reorder_r0_0_Pipeline_l_S_b_1_b_l_S_i_1_i_fu_76              |reorder_r0_0_Pipeline_l_S_b_1_b_l_S_i_1_i              |        0|   0|  325|  349|    0|
    |grp_reorder_r0_0_Pipeline_l_S_i_3_i1_fu_90                       |reorder_r0_0_Pipeline_l_S_i_3_i1                       |        0|   0|   15|   96|    0|
    |grp_reorder_r0_0_Pipeline_l_S_t_0_t_fu_70                        |reorder_r0_0_Pipeline_l_S_t_0_t                        |        0|   0|   14|   93|    0|
    +-----------------------------------------------------------------+-------------------------------------------------------+---------+----+-----+-----+-----+
    |Total                                                            |                                                       |        0|   0|  400|  840|    0|
    +-----------------------------------------------------------------+-------------------------------------------------------+---------+----+-----+-----+-----+

    * DSP: 
    N/A

    * Memory: 
    +----------+----------------------+---------+---+----+-----+------+-----+------+-------------+
    |  Memory  |        Module        | BRAM_18K| FF| LUT| URAM| Words| Bits| Banks| W*Bits*Banks|
    +----------+----------------------+---------+---+----+-----+------+-----+------+-------------+
    |bufr_1_U  |bufr_1_RAM_AUTO_1R1W  |        1|  0|   0|    0|   256|   32|     1|         8192|
    |bufi_1_U  |bufr_1_RAM_AUTO_1R1W  |        1|  0|   0|    0|   256|   32|     1|         8192|
    |bufr_U    |bufr_RAM_AUTO_1R1W    |        1|  0|   0|    0|   256|   32|     1|         8192|
    |bufi_U    |bufr_RAM_AUTO_1R1W    |        1|  0|   0|    0|   256|   32|     1|         8192|
    +----------+----------------------+---------+---+----+-----+------+-----+------+-------------+
    |Total     |                      |        4|  0|   0|    0|  1024|  128|     4|        32768|
    +----------+----------------------+---------+---+----+-----+------+-----+------+-------------+

    * FIFO: 
    N/A

    * Expression: 
    +---------------------------------+----------+----+---+----+------------+------------+
    |          Variable Name          | Operation| DSP| FF| LUT| Bitwidth P0| Bitwidth P1|
    +---------------------------------+----------+----+---+----+------------+------------+
    |ap_block_state2_on_subcall_done  |        or|   0|  0|   2|           1|           1|
    +---------------------------------+----------+----+---+----+------------+------------+
    |Total                            |          |   0|  0|   2|           1|           1|
    +---------------------------------+----------+----+---+----+------------+------------+

    * Multiplexer: 
    +-----------------+----+-----------+-----+-----------+
    |       Name      | LUT| Input Size| Bits| Total Bits|
    +-----------------+----+-----------+-----+-----------+
    |ap_NS_fsm        |  59|         11|    1|         11|
    |bufi_1_address0  |  14|          3|    8|         24|
    |bufi_1_ce0       |  14|          3|    1|          3|
    |bufi_1_ce1       |   9|          2|    1|          2|
    |bufi_1_d0        |  14|          3|   32|         96|
    |bufi_1_we0       |  14|          3|    1|          3|
    |bufi_address0    |  20|          4|    8|         32|
    |bufi_ce0         |  20|          4|    1|          4|
    |bufi_ce1         |   9|          2|    1|          2|
    |bufi_d0          |  14|          3|   32|         96|
    |bufi_we0         |  14|          3|    1|          3|
    |bufr_1_address0  |  14|          3|    8|         24|
    |bufr_1_ce0       |  14|          3|    1|          3|
    |bufr_1_ce1       |   9|          2|    1|          2|
    |bufr_1_d0        |  14|          3|   32|         96|
    |bufr_1_we0       |  14|          3|    1|          3|
    |bufr_address0    |  20|          4|    8|         32|
    |bufr_ce0         |  20|          4|    1|          4|
    |bufr_ce1         |   9|          2|    1|          2|
    |bufr_d0          |  14|          3|   32|         96|
    |bufr_we0         |  14|          3|    1|          3|
    |v0_read          |  14|          3|    1|          3|
    |v1_din           |   9|          2|   64|        128|
    |v1_write         |  14|          3|    1|          3|
    +-----------------+----+-----------+-----+-----------+
    |Total            | 380|         79|  239|        675|
    +-----------------+----+-----------+-----+-----------+

    * Register: 
    +------------------------------------------------------------------------------+----+----+-----+-----------+
    |                                     Name                                     | FF | LUT| Bits| Const Bits|
    +------------------------------------------------------------------------------+----+----+-----+-----------+
    |ap_CS_fsm                                                                     |  10|   0|   10|          0|
    |grp_reorder_r0_0_Pipeline_VITIS_LOOP_19_1_VITIS_LOOP_20_2_fu_54_ap_start_reg  |   1|   0|    1|          0|
    |grp_reorder_r0_0_Pipeline_VITIS_LOOP_25_3_VITIS_LOOP_26_4_fu_62_ap_start_reg  |   1|   0|    1|          0|
    |grp_reorder_r0_0_Pipeline_l_S_b_1_b_l_S_i_1_i_fu_76_ap_start_reg              |   1|   0|    1|          0|
    |grp_reorder_r0_0_Pipeline_l_S_i_3_i1_fu_90_ap_start_reg                       |   1|   0|    1|          0|
    |grp_reorder_r0_0_Pipeline_l_S_t_0_t_fu_70_ap_start_reg                        |   1|   0|    1|          0|
    +------------------------------------------------------------------------------+----+----+-----+-----------+
    |Total                                                                         |  15|   0|   15|          0|
    +------------------------------------------------------------------------------+----+----+-----+-----------+



================================================================
== Interface
================================================================
* Summary: 
+------------+-----+-----+--------------+--------------+--------------+
|  RTL Ports | Dir | Bits|   Protocol   | Source Object|    C Type    |
+------------+-----+-----+--------------+--------------+--------------+
|ap_clk      |   in|    1|  ap_ctrl_none|  reorder_r0_0|  return value|
|ap_rst      |   in|    1|  ap_ctrl_none|  reorder_r0_0|  return value|
|v0_dout     |   in|   64|       ap_fifo|            v0|       pointer|
|v0_empty_n  |   in|    1|       ap_fifo|            v0|       pointer|
|v0_read     |  out|    1|       ap_fifo|            v0|       pointer|
|v1_din      |  out|   64|       ap_fifo|            v1|       pointer|
|v1_full_n   |   in|    1|       ap_fifo|            v1|       pointer|
|v1_write    |  out|    1|       ap_fifo|            v1|       pointer|
+------------+-----+-----+--------------+--------------+--------------+

