Copyright 1986-2022 Xilinx, Inc. All Rights Reserved. Copyright 2022-2023 Advanced Micro Devices, Inc. All Rights Reserved.
--------------------------------------------------------------------------------------------------------------------------------------------------
| Tool Version      : Vivado v.2023.2 (lin64) Build 4029153 Fri Oct 13 20:13:54 MDT 2023
| Date              : Sun Sep  6 23:55:50 2026
| Host              : brg-zhang-xcel.ece.cornell.edu running 64-bit Red Hat Enterprise Linux 9.8 (Plow)
| Command           : report_timing_summary -file /scratch/hc676/e2_allo/strided_n256_wrap/pnr/timing.rpt
| Design            : fft
| Device            : xcu280-fsvh2892
| Speed File        : -2L  PRODUCTION 1.30 05-01-2022
| Design State      : Routed
| Temperature Grade : E
--------------------------------------------------------------------------------------------------------------------------------------------------

Timing Summary Report

------------------------------------------------------------------------------------------------
| Timer Settings
| --------------
------------------------------------------------------------------------------------------------

  Enable Multi Corner Analysis               :  Yes
  Enable Pessimism Removal                   :  Yes
  Pessimism Removal Resolution               :  Nearest Common Node
  Enable Input Delay Default Clock           :  No
  Enable Preset / Clear Arcs                 :  No
  Disable Flight Delays                      :  No
  Ignore I/O Paths                           :  No
  Timing Early Launch at Borrowing Latches   :  No
  Borrow Time for Max Delay Exceptions       :  Yes
  Merge Timing Exceptions                    :  Yes
  Inter-SLR Compensation                     :  Conservative

  Corner  Analyze    Analyze    
  Name    Max Paths  Min Paths  
  ------  ---------  ---------  
  Slow    Yes        Yes        
  Fast    Yes        Yes        


------------------------------------------------------------------------------------------------
| Report Methodology
| ------------------
------------------------------------------------------------------------------------------------

No report available as report_methodology has not been run prior. Run report_methodology on the current design for the summary of methodology violations.



check_timing report

Table of Contents
-----------------
1. checking no_clock (0)
2. checking constant_clock (0)
3. checking pulse_width_clock (0)
4. checking unconstrained_internal_endpoints (0)
5. checking no_input_delay (203)
6. checking no_output_delay (526)
7. checking multiple_clock (0)
8. checking generated_clocks (0)
9. checking loops (0)
10. checking partial_input_delay (0)
11. checking partial_output_delay (0)
12. checking latch_loops (0)

1. checking no_clock (0)
------------------------
 There are 0 register/latch pins with no clock.


2. checking constant_clock (0)
------------------------------
 There are 0 register/latch pins with constant_clock.


3. checking pulse_width_clock (0)
---------------------------------
 There are 0 register/latch pins which need pulse_width check


4. checking unconstrained_internal_endpoints (0)
------------------------------------------------
 There are 0 pins that are not constrained for maximum delay.

 There are 0 pins that are not constrained for maximum delay due to constant clock.


5. checking no_input_delay (203)
--------------------------------
 There are 203 input ports with no input delay specified. (HIGH)

 There are 0 input ports with no input delay but user has a false path constraint.


6. checking no_output_delay (526)
---------------------------------
 There are 526 ports with no output delay specified. (HIGH)

 There are 0 ports with no output delay but user has a false path constraint

 There are 0 ports with no output delay but with a timing clock defined on it or propagating through it


7. checking multiple_clock (0)
------------------------------
 There are 0 register/latch pins with multiple clocks.


8. checking generated_clocks (0)
--------------------------------
 There are 0 generated clocks that are not connected to a clock source.


9. checking loops (0)
---------------------
 There are 0 combinational loops in the design.


10. checking partial_input_delay (0)
------------------------------------
 There are 0 input ports with partial input delay specified.


11. checking partial_output_delay (0)
-------------------------------------
 There are 0 ports with partial output delay specified.


12. checking latch_loops (0)
----------------------------
 There are 0 combinational latch loops in the design through latch input



------------------------------------------------------------------------------------------------
| Design Timing Summary
| ---------------------
------------------------------------------------------------------------------------------------

    WNS(ns)      TNS(ns)  TNS Failing Endpoints  TNS Total Endpoints      WHS(ns)      THS(ns)  THS Failing Endpoints  THS Total Endpoints     WPWS(ns)     TPWS(ns)  TPWS Failing Endpoints  TPWS Total Endpoints  
    -------      -------  ---------------------  -------------------      -------      -------  ---------------------  -------------------     --------     --------  ----------------------  --------------------  
      0.671        0.000                      0                17850        0.019        0.000                      0                17850        1.124        0.000                       0                  8430  


All user specified timing constraints are met.


------------------------------------------------------------------------------------------------
| Clock Summary
| -------------
------------------------------------------------------------------------------------------------

Clock   Waveform(ns)         Period(ns)      Frequency(MHz)
-----   ------------         ----------      --------------
ap_clk  {0.000 1.666}        3.333           300.030         


------------------------------------------------------------------------------------------------
| Intra Clock Table
| -----------------
------------------------------------------------------------------------------------------------

Clock             WNS(ns)      TNS(ns)  TNS Failing Endpoints  TNS Total Endpoints      WHS(ns)      THS(ns)  THS Failing Endpoints  THS Total Endpoints     WPWS(ns)     TPWS(ns)  TPWS Failing Endpoints  TPWS Total Endpoints  
-----             -------      -------  ---------------------  -------------------      -------      -------  ---------------------  -------------------     --------     --------  ----------------------  --------------------  
ap_clk              0.671        0.000                      0                17850        0.019        0.000                      0                17850        1.124        0.000                       0                  8430  


------------------------------------------------------------------------------------------------
| Inter Clock Table
| -----------------
------------------------------------------------------------------------------------------------

From Clock    To Clock          WNS(ns)      TNS(ns)  TNS Failing Endpoints  TNS Total Endpoints      WHS(ns)      THS(ns)  THS Failing Endpoints  THS Total Endpoints  
----------    --------          -------      -------  ---------------------  -------------------      -------      -------  ---------------------  -------------------  


------------------------------------------------------------------------------------------------
| Other Path Groups Table
| -----------------------
------------------------------------------------------------------------------------------------

Path Group    From Clock    To Clock          WNS(ns)      TNS(ns)  TNS Failing Endpoints  TNS Total Endpoints      WHS(ns)      THS(ns)  THS Failing Endpoints  THS Total Endpoints  
----------    ----------    --------          -------      -------  ---------------------  -------------------      -------      -------  ---------------------  -------------------  


------------------------------------------------------------------------------------------------
| Timing Details
| --------------
------------------------------------------------------------------------------------------------


---------------------------------------------------------------------------------------------------
From Clock:  ap_clk
  To Clock:  ap_clk

Setup :            0  Failing Endpoints,  Worst Slack        0.671ns,  Total Violation        0.000ns
Hold  :            0  Failing Endpoints,  Worst Slack        0.019ns,  Total Violation        0.000ns
PW    :            0  Failing Endpoints,  Worst Slack        1.124ns,  Total Violation        0.000ns
---------------------------------------------------------------------------------------------------


Max Delay Paths
--------------------------------------------------------------------------------------
Slack (MET) :             0.671ns  (required time - arrival time)
  Source:                 grp_fft_Pipeline_VITIS_LOOP_123_2_fu_208/fmul_32ns_32ns_32_4_max_dsp_1_U16/din0_buf1_reg[19]/C
                            (rising edge-triggered cell FDRE clocked by ap_clk  {rise@0.000ns fall@1.666ns period=3.333ns})
  Destination:            grp_fft_Pipeline_VITIS_LOOP_123_2_fu_208/fmul_32ns_32ns_32_4_max_dsp_1_U16/fft_fmul_32ns_32ns_32_4_max_dsp_1_ip_u/inst/i_synth/MULT.OP/i_non_prim.MULT/DSP48E1_SPD_SGL_VARIANT.FIX_MULT/DSP1/i_no_versal_es1_workaround.DSP/DSP_OUTPUT_INST/ALU_OUT[20]
                            (rising edge-triggered cell DSP_OUTPUT clocked by ap_clk  {rise@0.000ns fall@1.666ns period=3.333ns})
  Path Group:             ap_clk
  Path Type:              Setup (Max at Slow Process Corner)
  Requirement:            3.333ns  (ap_clk rise@3.333ns - ap_clk rise@0.000ns)
  Data Path Delay:        2.515ns  (logic 1.483ns (58.957%)  route 1.032ns (41.043%))
  Logic Levels:           5  (DSP_A_B_DATA=1 DSP_ALU=1 DSP_M_DATA=1 DSP_MULTIPLIER=1 DSP_PREADD_DATA=1)
  Clock Path Skew:        0.013ns (DCD - SCD + CPR)
    Destination Clock Delay (DCD):    0.043ns = ( 3.376 - 3.333 ) 
    Source Clock Delay      (SCD):    0.030ns
    Clock Pessimism Removal (CPR):    0.000ns
  Clock Uncertainty:      0.035ns  ((TSJ^2 + TIJ^2)^1/2 + DJ) / 2 + PE
    Total System Jitter     (TSJ):    0.071ns
    Total Input Jitter      (TIJ):    0.000ns
    Discrete Jitter          (DJ):    0.000ns
    Phase Error              (PE):    0.000ns

    Location             Delay type                Incr(ns)  Path(ns)    Netlist Resource(s)
  -------------------------------------------------------------------    -------------------
                         (clock ap_clk rise edge)     0.000     0.000 r  
                                                      0.000     0.000 r  ap_clk (IN)
                         net (fo=8521, unset)         0.030     0.030    grp_fft_Pipeline_VITIS_LOOP_123_2_fu_208/fmul_32ns_32ns_32_4_max_dsp_1_U16/ap_clk
    SLICE_X104Y369       FDRE                                         r  grp_fft_Pipeline_VITIS_LOOP_123_2_fu_208/fmul_32ns_32ns_32_4_max_dsp_1_U16/din0_buf1_reg[19]/C
  -------------------------------------------------------------------    -------------------
    SLICE_X104Y369       FDRE (Prop_CFF_SLICEM_C_Q)
                                                      0.078     0.108 f  grp_fft_Pipeline_VITIS_LOOP_123_2_fu_208/fmul_32ns_32ns_32_4_max_dsp_1_U16/din0_buf1_reg[19]/Q
                         net (fo=4, routed)           1.032     1.140    grp_fft_Pipeline_VITIS_LOOP_123_2_fu_208/fmul_32ns_32ns_32_4_max_dsp_1_U16/fft_fmul_32ns_32ns_32_4_max_dsp_1_ip_u/inst/i_synth/MULT.OP/i_non_prim.MULT/DSP48E1_SPD_SGL_VARIANT.FIX_MULT/DSP1/i_no_versal_es1_workaround.DSP/A[19]
    DSP48E2_X14Y143      DSP_A_B_DATA (Prop_DSP_A_B_DATA_DSP48E2_A[19]_A2_DATA[19])
                                                      0.192     1.332 r  grp_fft_Pipeline_VITIS_LOOP_123_2_fu_208/fmul_32ns_32ns_32_4_max_dsp_1_U16/fft_fmul_32ns_32ns_32_4_max_dsp_1_ip_u/inst/i_synth/MULT.OP/i_non_prim.MULT/DSP48E1_SPD_SGL_VARIANT.FIX_MULT/DSP1/i_no_versal_es1_workaround.DSP/DSP_A_B_DATA_INST/A2_DATA[19]
                         net (fo=1, routed)           0.000     1.332    grp_fft_Pipeline_VITIS_LOOP_123_2_fu_208/fmul_32ns_32ns_32_4_max_dsp_1_U16/fft_fmul_32ns_32ns_32_4_max_dsp_1_ip_u/inst/i_synth/MULT.OP/i_non_prim.MULT/DSP48E1_SPD_SGL_VARIANT.FIX_MULT/DSP1/i_no_versal_es1_workaround.DSP/DSP_A_B_DATA.A2_DATA<19>
    DSP48E2_X14Y143      DSP_PREADD_DATA (Prop_DSP_PREADD_DATA_DSP48E2_A2_DATA[19]_A2A1[19])
                                                      0.076     1.408 r  grp_fft_Pipeline_VITIS_LOOP_123_2_fu_208/fmul_32ns_32ns_32_4_max_dsp_1_U16/fft_fmul_32ns_32ns_32_4_max_dsp_1_ip_u/inst/i_synth/MULT.OP/i_non_prim.MULT/DSP48E1_SPD_SGL_VARIANT.FIX_MULT/DSP1/i_no_versal_es1_workaround.DSP/DSP_PREADD_DATA_INST/A2A1[19]
                         net (fo=1, routed)           0.000     1.408    grp_fft_Pipeline_VITIS_LOOP_123_2_fu_208/fmul_32ns_32ns_32_4_max_dsp_1_U16/fft_fmul_32ns_32ns_32_4_max_dsp_1_ip_u/inst/i_synth/MULT.OP/i_non_prim.MULT/DSP48E1_SPD_SGL_VARIANT.FIX_MULT/DSP1/i_no_versal_es1_workaround.DSP/DSP_PREADD_DATA.A2A1<19>
    DSP48E2_X14Y143      DSP_MULTIPLIER (Prop_DSP_MULTIPLIER_DSP48E2_A2A1[19]_U[20])
                                                      0.505     1.913 f  grp_fft_Pipeline_VITIS_LOOP_123_2_fu_208/fmul_32ns_32ns_32_4_max_dsp_1_U16/fft_fmul_32ns_32ns_32_4_max_dsp_1_ip_u/inst/i_synth/MULT.OP/i_non_prim.MULT/DSP48E1_SPD_SGL_VARIANT.FIX_MULT/DSP1/i_no_versal_es1_workaround.DSP/DSP_MULTIPLIER_INST/U[20]
                         net (fo=1, routed)           0.000     1.913    grp_fft_Pipeline_VITIS_LOOP_123_2_fu_208/fmul_32ns_32ns_32_4_max_dsp_1_U16/fft_fmul_32ns_32ns_32_4_max_dsp_1_ip_u/inst/i_synth/MULT.OP/i_non_prim.MULT/DSP48E1_SPD_SGL_VARIANT.FIX_MULT/DSP1/i_no_versal_es1_workaround.DSP/DSP_MULTIPLIER.U<20>
    DSP48E2_X14Y143      DSP_M_DATA (Prop_DSP_M_DATA_DSP48E2_U[20]_U_DATA[20])
                                                      0.047     1.960 r  grp_fft_Pipeline_VITIS_LOOP_123_2_fu_208/fmul_32ns_32ns_32_4_max_dsp_1_U16/fft_fmul_32ns_32ns_32_4_max_dsp_1_ip_u/inst/i_synth/MULT.OP/i_non_prim.MULT/DSP48E1_SPD_SGL_VARIANT.FIX_MULT/DSP1/i_no_versal_es1_workaround.DSP/DSP_M_DATA_INST/U_DATA[20]
                         net (fo=1, routed)           0.000     1.960    grp_fft_Pipeline_VITIS_LOOP_123_2_fu_208/fmul_32ns_32ns_32_4_max_dsp_1_U16/fft_fmul_32ns_32ns_32_4_max_dsp_1_ip_u/inst/i_synth/MULT.OP/i_non_prim.MULT/DSP48E1_SPD_SGL_VARIANT.FIX_MULT/DSP1/i_no_versal_es1_workaround.DSP/DSP_M_DATA.U_DATA<20>
    DSP48E2_X14Y143      DSP_ALU (Prop_DSP_ALU_DSP48E2_U_DATA[20]_ALU_OUT[20])
                                                      0.585     2.545 r  grp_fft_Pipeline_VITIS_LOOP_123_2_fu_208/fmul_32ns_32ns_32_4_max_dsp_1_U16/fft_fmul_32ns_32ns_32_4_max_dsp_1_ip_u/inst/i_synth/MULT.OP/i_non_prim.MULT/DSP48E1_SPD_SGL_VARIANT.FIX_MULT/DSP1/i_no_versal_es1_workaround.DSP/DSP_ALU_INST/ALU_OUT[20]
                         net (fo=1, routed)           0.000     2.545    grp_fft_Pipeline_VITIS_LOOP_123_2_fu_208/fmul_32ns_32ns_32_4_max_dsp_1_U16/fft_fmul_32ns_32ns_32_4_max_dsp_1_ip_u/inst/i_synth/MULT.OP/i_non_prim.MULT/DSP48E1_SPD_SGL_VARIANT.FIX_MULT/DSP1/i_no_versal_es1_workaround.DSP/DSP_ALU.ALU_OUT<20>
    DSP48E2_X14Y143      DSP_OUTPUT                                   r  grp_fft_Pipeline_VITIS_LOOP_123_2_fu_208/fmul_32ns_32ns_32_4_max_dsp_1_U16/fft_fmul_32ns_32ns_32_4_max_dsp_1_ip_u/inst/i_synth/MULT.OP/i_non_prim.MULT/DSP48E1_SPD_SGL_VARIANT.FIX_MULT/DSP1/i_no_versal_es1_workaround.DSP/DSP_OUTPUT_INST/ALU_OUT[20]
  -------------------------------------------------------------------    -------------------

                         (clock ap_clk rise edge)     3.333     3.333 r  
                                                      0.000     3.333 r  ap_clk (IN)
                         net (fo=8521, unset)         0.043     3.376    grp_fft_Pipeline_VITIS_LOOP_123_2_fu_208/fmul_32ns_32ns_32_4_max_dsp_1_U16/fft_fmul_32ns_32ns_32_4_max_dsp_1_ip_u/inst/i_synth/MULT.OP/i_non_prim.MULT/DSP48E1_SPD_SGL_VARIANT.FIX_MULT/DSP1/i_no_versal_es1_workaround.DSP/CLK
    DSP48E2_X14Y143      DSP_OUTPUT                                   r  grp_fft_Pipeline_VITIS_LOOP_123_2_fu_208/fmul_32ns_32ns_32_4_max_dsp_1_U16/fft_fmul_32ns_32ns_32_4_max_dsp_1_ip_u/inst/i_synth/MULT.OP/i_non_prim.MULT/DSP48E1_SPD_SGL_VARIANT.FIX_MULT/DSP1/i_no_versal_es1_workaround.DSP/DSP_OUTPUT_INST/CLK
                         clock pessimism              0.000     3.376    
                         clock uncertainty           -0.035     3.341    
    DSP48E2_X14Y143      DSP_OUTPUT (Setup_DSP_OUTPUT_DSP48E2_CLK_ALU_OUT[20])
                                                     -0.124     3.217    grp_fft_Pipeline_VITIS_LOOP_123_2_fu_208/fmul_32ns_32ns_32_4_max_dsp_1_U16/fft_fmul_32ns_32ns_32_4_max_dsp_1_ip_u/inst/i_synth/MULT.OP/i_non_prim.MULT/DSP48E1_SPD_SGL_VARIANT.FIX_MULT/DSP1/i_no_versal_es1_workaround.DSP/DSP_OUTPUT_INST
  -------------------------------------------------------------------
                         required time                          3.217    
                         arrival time                          -2.545    
  -------------------------------------------------------------------
                         slack                                  0.671    





Min Delay Paths
--------------------------------------------------------------------------------------
Slack (MET) :             0.019ns  (arrival time - required time)
  Source:                 gmem1_m_axi_U/load_unit/fifo_rreq/U_fifo_srl/dout_reg[9]/C
                            (rising edge-triggered cell FDRE clocked by ap_clk  {rise@0.000ns fall@1.666ns period=3.333ns})
  Destination:            gmem1_m_axi_U/load_unit/tmp_addr_reg[11]/D
                            (rising edge-triggered cell FDRE clocked by ap_clk  {rise@0.000ns fall@1.666ns period=3.333ns})
  Path Group:             ap_clk
  Path Type:              Hold (Min at Fast Process Corner)
  Requirement:            0.000ns  (ap_clk rise@0.000ns - ap_clk rise@0.000ns)
  Data Path Delay:        0.072ns  (logic 0.039ns (54.167%)  route 0.033ns (45.833%))
  Logic Levels:           0  
  Clock Path Skew:        0.006ns (DCD - SCD - CPR)
    Destination Clock Delay (DCD):    0.018ns
    Source Clock Delay      (SCD):    0.012ns
    Clock Pessimism Removal (CPR):    -0.000ns

    Location             Delay type                Incr(ns)  Path(ns)    Netlist Resource(s)
  -------------------------------------------------------------------    -------------------
                         (clock ap_clk rise edge)     0.000     0.000 r  
                                                      0.000     0.000 r  ap_clk (IN)
                         net (fo=8521, unset)         0.012     0.012    gmem1_m_axi_U/load_unit/fifo_rreq/U_fifo_srl/ap_clk
    SLICE_X112Y430       FDRE                                         r  gmem1_m_axi_U/load_unit/fifo_rreq/U_fifo_srl/dout_reg[9]/C
  -------------------------------------------------------------------    -------------------
    SLICE_X112Y430       FDRE (Prop_AFF_SLICEL_C_Q)
                                                      0.039     0.051 r  gmem1_m_axi_U/load_unit/fifo_rreq/U_fifo_srl/dout_reg[9]/Q
                         net (fo=1, routed)           0.033     0.084    gmem1_m_axi_U/load_unit/fifo_rreq_n_56
    SLICE_X112Y430       FDRE                                         r  gmem1_m_axi_U/load_unit/tmp_addr_reg[11]/D
  -------------------------------------------------------------------    -------------------

                         (clock ap_clk rise edge)     0.000     0.000 r  
                                                      0.000     0.000 r  ap_clk (IN)
                         net (fo=8521, unset)         0.018     0.018    gmem1_m_axi_U/load_unit/ap_clk
    SLICE_X112Y430       FDRE                                         r  gmem1_m_axi_U/load_unit/tmp_addr_reg[11]/C
                         clock pessimism              0.000     0.018    
    SLICE_X112Y430       FDRE (Hold_CFF2_SLICEL_C_D)
                                                      0.047     0.065    gmem1_m_axi_U/load_unit/tmp_addr_reg[11]
  -------------------------------------------------------------------
                         required time                         -0.065    
                         arrival time                           0.084    
  -------------------------------------------------------------------
                         slack                                  0.019    





Pulse Width Checks
--------------------------------------------------------------------------------------
Clock Name:         ap_clk
Waveform(ns):       { 0.000 1.666 }
Period(ns):         3.333
Sources:            { ap_clk }

Check Type        Corner  Lib Pin             Reference Pin  Required(ns)  Actual(ns)  Slack(ns)  Location      Pin
Min Period        n/a     RAMB36E2/CLKARDCLK  n/a            1.569         3.333       1.764      RAMB36_X6Y75  buf0_U/ram_reg_bram_0/CLKARDCLK
Low Pulse Width   Slow    RAMB36E2/CLKARDCLK  n/a            0.542         1.666       1.124      RAMB36_X6Y75  buf0_U/ram_reg_bram_0/CLKARDCLK
High Pulse Width  Slow    RAMB36E2/CLKARDCLK  n/a            0.542         1.666       1.124      RAMB36_X6Y75  buf0_U/ram_reg_bram_0/CLKARDCLK



