Vivado Simulator v2023.2
Copyright 1986-2022 Xilinx, Inc. All Rights Reserved.
Copyright 2022-2023 Advanced Micro Devices, Inc. All Rights Reserved.
Running: /opt/xilinx/Vivado/2023.2/bin/unwrapped/lnx64.o/xelab tb -s tbsim --timescale 1ns/1ps --generic_top NPROD=12 -L unisims_ver -L unimacro_ver -L secureip 
Multi-threading is on. Using 46 slave threads.
Starting static elaboration
Pass Through NonSizing Optimizer
WARNING: [VRFC 10-5021] port 'reset' is not connected on this instance [/scratch/hc676/agentstudy/steady/deepseek_deepseek-v4-pro__hls/sim/gemm_tile_fifo_w8_d2_S.v:49]
WARNING: [VRFC 10-5021] port 'reset' is not connected on this instance [/scratch/hc676/agentstudy/steady/deepseek_deepseek-v4-pro__hls/sim/gemm_tile_fifo_w32_d2_S.v:49]
WARNING: [VRFC 10-5021] port 'reset' is not connected on this instance [/scratch/hc676/agentstudy/steady/deepseek_deepseek-v4-pro__hls/sim/gemm_tile_start_for_pe_left_87_U0.v:46]
WARNING: [VRFC 10-5021] port 'reset' is not connected on this instance [/scratch/hc676/agentstudy/steady/deepseek_deepseek-v4-pro__hls/sim/gemm_tile_start_for_delay8_3_U0.v:46]
WARNING: [VRFC 10-5021] port 'reset' is not connected on this instance [/scratch/hc676/agentstudy/steady/deepseek_deepseek-v4-pro__hls/sim/gemm_tile_start_for_pe_left_95_U0.v:46]
WARNING: [VRFC 10-5021] port 'reset' is not connected on this instance [/scratch/hc676/agentstudy/steady/deepseek_deepseek-v4-pro__hls/sim/gemm_tile_start_for_delay8_5_U0.v:46]
WARNING: [VRFC 10-5021] port 'reset' is not connected on this instance [/scratch/hc676/agentstudy/steady/deepseek_deepseek-v4-pro__hls/sim/gemm_tile_start_for_delay8_6_U0.v:46]
WARNING: [VRFC 10-5021] port 'reset' is not connected on this instance [/scratch/hc676/agentstudy/steady/deepseek_deepseek-v4-pro__hls/sim/gemm_tile_start_for_pe_left_103_U0.v:46]
WARNING: [VRFC 10-5021] port 'reset' is not connected on this instance [/scratch/hc676/agentstudy/steady/deepseek_deepseek-v4-pro__hls/sim/gemm_tile_start_for_delay8_8_U0.v:46]
WARNING: [VRFC 10-5021] port 'reset' is not connected on this instance [/scratch/hc676/agentstudy/steady/deepseek_deepseek-v4-pro__hls/sim/gemm_tile_start_for_delay8_9_U0.v:46]
WARNING: [VRFC 10-5021] port 'reset' is not connected on this instance [/scratch/hc676/agentstudy/steady/deepseek_deepseek-v4-pro__hls/sim/gemm_tile_start_for_delay8_10_U0.v:46]
WARNING: [VRFC 10-5021] port 'reset' is not connected on this instance [/scratch/hc676/agentstudy/steady/deepseek_deepseek-v4-pro__hls/sim/gemm_tile_start_for_pe_left_111_U0.v:46]
WARNING: [VRFC 10-5021] port 'reset' is not connected on this instance [/scratch/hc676/agentstudy/steady/deepseek_deepseek-v4-pro__hls/sim/gemm_tile_start_for_delay8_12_U0.v:46]
WARNING: [VRFC 10-5021] port 'reset' is not connected on this instance [/scratch/hc676/agentstudy/steady/deepseek_deepseek-v4-pro__hls/sim/gemm_tile_start_for_delay8_13_U0.v:46]
WARNING: [VRFC 10-5021] port 'reset' is not connected on this instance [/scratch/hc676/agentstudy/steady/deepseek_deepseek-v4-pro__hls/sim/gemm_tile_start_for_delay8_14_U0.v:46]
WARNING: [VRFC 10-5021] port 'reset' is not connected on this instance [/scratch/hc676/agentstudy/steady/deepseek_deepseek-v4-pro__hls/sim/gemm_tile_start_for_delay8_15_U0.v:46]
WARNING: [VRFC 10-5021] port 'reset' is not connected on this instance [/scratch/hc676/agentstudy/steady/deepseek_deepseek-v4-pro__hls/sim/gemm_tile_start_for_pe_left_119_U0.v:46]
WARNING: [VRFC 10-5021] port 'reset' is not connected on this instance [/scratch/hc676/agentstudy/steady/deepseek_deepseek-v4-pro__hls/sim/gemm_tile_start_for_delay8_17_U0.v:46]
WARNING: [VRFC 10-5021] port 'reset' is not connected on this instance [/scratch/hc676/agentstudy/steady/deepseek_deepseek-v4-pro__hls/sim/gemm_tile_start_for_delay8_18_U0.v:46]
WARNING: [VRFC 10-5021] port 'reset' is not connected on this instance [/scratch/hc676/agentstudy/steady/deepseek_deepseek-v4-pro__hls/sim/gemm_tile_start_for_delay8_19_U0.v:46]
WARNING: [VRFC 10-5021] port 'reset' is not connected on this instance [/scratch/hc676/agentstudy/steady/deepseek_deepseek-v4-pro__hls/sim/gemm_tile_start_for_delay8_20_U0.v:46]
WARNING: [VRFC 10-5021] port 'reset' is not connected on this instance [/scratch/hc676/agentstudy/steady/deepseek_deepseek-v4-pro__hls/sim/gemm_tile_start_for_delay8_21_U0.v:46]
WARNING: [VRFC 10-5021] port 'reset' is not connected on this instance [/scratch/hc676/agentstudy/steady/deepseek_deepseek-v4-pro__hls/sim/gemm_tile_start_for_pe_left_127_U0.v:46]
WARNING: [VRFC 10-5021] port 'reset' is not connected on this instance [/scratch/hc676/agentstudy/steady/deepseek_deepseek-v4-pro__hls/sim/gemm_tile_start_for_delay8_23_U0.v:46]
WARNING: [VRFC 10-5021] port 'reset' is not connected on this instance [/scratch/hc676/agentstudy/steady/deepseek_deepseek-v4-pro__hls/sim/gemm_tile_start_for_delay8_24_U0.v:46]
WARNING: [VRFC 10-5021] port 'reset' is not connected on this instance [/scratch/hc676/agentstudy/steady/deepseek_deepseek-v4-pro__hls/sim/gemm_tile_start_for_delay8_25_U0.v:46]
WARNING: [VRFC 10-5021] port 'reset' is not connected on this instance [/scratch/hc676/agentstudy/steady/deepseek_deepseek-v4-pro__hls/sim/gemm_tile_start_for_delay8_26_U0.v:46]
WARNING: [VRFC 10-5021] port 'reset' is not connected on this instance [/scratch/hc676/agentstudy/steady/deepseek_deepseek-v4-pro__hls/sim/gemm_tile_start_for_delay8_27_U0.v:46]
WARNING: [VRFC 10-5021] port 'reset' is not connected on this instance [/scratch/hc676/agentstudy/steady/deepseek_deepseek-v4-pro__hls/sim/gemm_tile_start_for_delay8_28_U0.v:46]
WARNING: [VRFC 10-5021] port 'reset' is not connected on this instance [/scratch/hc676/agentstudy/steady/deepseek_deepseek-v4-pro__hls/sim/gemm_tile_start_for_pe_left_135_U0.v:46]
WARNING: [VRFC 10-5021] port 'reset' is not connected on this instance [/scratch/hc676/agentstudy/steady/deepseek_deepseek-v4-pro__hls/sim/gemm_tile_start_for_delay8_30_U0.v:46]
WARNING: [VRFC 10-5021] port 'reset' is not connected on this instance [/scratch/hc676/agentstudy/steady/deepseek_deepseek-v4-pro__hls/sim/gemm_tile_start_for_delay8_31_U0.v:46]
WARNING: [VRFC 10-5021] port 'reset' is not connected on this instance [/scratch/hc676/agentstudy/steady/deepseek_deepseek-v4-pro__hls/sim/gemm_tile_start_for_delay8_32_U0.v:46]
WARNING: [VRFC 10-5021] port 'reset' is not connected on this instance [/scratch/hc676/agentstudy/steady/deepseek_deepseek-v4-pro__hls/sim/gemm_tile_start_for_delay8_33_U0.v:46]
WARNING: [VRFC 10-5021] port 'reset' is not connected on this instance [/scratch/hc676/agentstudy/steady/deepseek_deepseek-v4-pro__hls/sim/gemm_tile_start_for_delay8_34_U0.v:46]
WARNING: [VRFC 10-5021] port 'reset' is not connected on this instance [/scratch/hc676/agentstudy/steady/deepseek_deepseek-v4-pro__hls/sim/gemm_tile_start_for_delay8_35_U0.v:46]
WARNING: [VRFC 10-5021] port 'reset' is not connected on this instance [/scratch/hc676/agentstudy/steady/deepseek_deepseek-v4-pro__hls/sim/gemm_tile_start_for_delay8_36_U0.v:46]
WARNING: [VRFC 10-5021] port 'reset' is not connected on this instance [/scratch/hc676/agentstudy/steady/deepseek_deepseek-v4-pro__hls/sim/gemm_tile_start_for_pe_left_U0.v:46]
WARNING: [VRFC 10-5021] port 'reset' is not connected on this instance [/scratch/hc676/agentstudy/steady/deepseek_deepseek-v4-pro__hls/sim/gemm_tile_start_for_delay8_39_U0.v:46]
WARNING: [VRFC 10-5021] port 'reset' is not connected on this instance [/scratch/hc676/agentstudy/steady/deepseek_deepseek-v4-pro__hls/sim/gemm_tile_start_for_pe_rest_88_U0.v:46]
WARNING: [VRFC 10-5021] port 'reset' is not connected on this instance [/scratch/hc676/agentstudy/steady/deepseek_deepseek-v4-pro__hls/sim/gemm_tile_start_for_delay8_41_U0.v:46]
WARNING: [VRFC 10-5021] port 'reset' is not connected on this instance [/scratch/hc676/agentstudy/steady/deepseek_deepseek-v4-pro__hls/sim/gemm_tile_start_for_delay8_42_U0.v:46]
WARNING: [VRFC 10-5021] port 'reset' is not connected on this instance [/scratch/hc676/agentstudy/steady/deepseek_deepseek-v4-pro__hls/sim/gemm_tile_start_for_pe_rest_89_U0.v:46]
WARNING: [VRFC 10-5021] port 'reset' is not connected on this instance [/scratch/hc676/agentstudy/steady/deepseek_deepseek-v4-pro__hls/sim/gemm_tile_start_for_delay8_44_U0.v:46]
WARNING: [VRFC 10-5021] port 'reset' is not connected on this instance [/scratch/hc676/agentstudy/steady/deepseek_deepseek-v4-pro__hls/sim/gemm_tile_start_for_delay8_45_U0.v:46]
WARNING: [VRFC 10-5021] port 'reset' is not connected on this instance [/scratch/hc676/agentstudy/steady/deepseek_deepseek-v4-pro__hls/sim/gemm_tile_start_for_delay8_46_U0.v:46]
WARNING: [VRFC 10-5021] port 'reset' is not connected on this instance [/scratch/hc676/agentstudy/steady/deepseek_deepseek-v4-pro__hls/sim/gemm_tile_start_for_pe_rest_90_U0.v:46]
WARNING: [VRFC 10-5021] port 'reset' is not connected on this instance [/scratch/hc676/agentstudy/steady/deepseek_deepseek-v4-pro__hls/sim/gemm_tile_start_for_delay8_48_U0.v:46]
WARNING: [VRFC 10-5021] port 'reset' is not connected on this instance [/scratch/hc676/agentstudy/steady/deepseek_deepseek-v4-pro__hls/sim/gemm_tile_start_for_delay8_49_U0.v:46]
WARNING: [VRFC 10-5021] port 'reset' is not connected on this instance [/scratch/hc676/agentstudy/steady/deepseek_deepseek-v4-pro__hls/sim/gemm_tile_start_for_delay8_50_U0.v:46]
WARNING: [VRFC 10-5021] port 'reset' is not connected on this instance [/scratch/hc676/agentstudy/steady/deepseek_deepseek-v4-pro__hls/sim/gemm_tile_start_for_delay8_51_U0.v:46]
WARNING: [VRFC 10-5021] port 'reset' is not connected on this instance [/scratch/hc676/agentstudy/steady/deepseek_deepseek-v4-pro__hls/sim/gemm_tile_start_for_pe_rest_91_U0.v:46]
WARNING: [VRFC 10-5021] port 'reset' is not connected on this instance [/scratch/hc676/agentstudy/steady/deepseek_deepseek-v4-pro__hls/sim/gemm_tile_start_for_delay8_53_U0.v:46]
WARNING: [VRFC 10-5021] port 'reset' is not connected on this instance [/scratch/hc676/agentstudy/steady/deepseek_deepseek-v4-pro__hls/sim/gemm_tile_start_for_delay8_54_U0.v:46]
WARNING: [VRFC 10-5021] port 'reset' is not connected on this instance [/scratch/hc676/agentstudy/steady/deepseek_deepseek-v4-pro__hls/sim/gemm_tile_start_for_delay8_55_U0.v:46]
WARNING: [VRFC 10-5021] port 'reset' is not connected on this instance [/scratch/hc676/agentstudy/steady/deepseek_deepseek-v4-pro__hls/sim/gemm_tile_start_for_delay8_56_U0.v:46]
WARNING: [VRFC 10-5021] port 'reset' is not connected on this instance [/scratch/hc676/agentstudy/steady/deepseek_deepseek-v4-pro__hls/sim/gemm_tile_start_for_delay8_57_U0.v:46]
WARNING: [VRFC 10-5021] port 'reset' is not connected on this instance [/scratch/hc676/agentstudy/steady/deepseek_deepseek-v4-pro__hls/sim/gemm_tile_start_for_pe_rest_92_U0.v:46]
WARNING: [VRFC 10-5021] port 'reset' is not connected on this instance [/scratch/hc676/agentstudy/steady/deepseek_deepseek-v4-pro__hls/sim/gemm_tile_start_for_delay8_59_U0.v:46]
WARNING: [VRFC 10-5021] port 'reset' is not connected on this instance [/scratch/hc676/agentstudy/steady/deepseek_deepseek-v4-pro__hls/sim/gemm_tile_start_for_delay8_60_U0.v:46]
WARNING: [VRFC 10-5021] port 'reset' is not connected on this instance [/scratch/hc676/agentstudy/steady/deepseek_deepseek-v4-pro__hls/sim/gemm_tile_start_for_delay8_61_U0.v:46]
WARNING: [VRFC 10-5021] port 'reset' is not connected on this instance [/scratch/hc676/agentstudy/steady/deepseek_deepseek-v4-pro__hls/sim/gemm_tile_start_for_delay8_62_U0.v:46]
WARNING: [VRFC 10-5021] port 'reset' is not connected on this instance [/scratch/hc676/agentstudy/steady/deepseek_deepseek-v4-pro__hls/sim/gemm_tile_start_for_delay8_63_U0.v:46]
WARNING: [VRFC 10-5021] port 'reset' is not connected on this instance [/scratch/hc676/agentstudy/steady/deepseek_deepseek-v4-pro__hls/sim/gemm_tile_start_for_delay8_64_U0.v:46]
WARNING: [VRFC 10-5021] port 'reset' is not connected on this instance [/scratch/hc676/agentstudy/steady/deepseek_deepseek-v4-pro__hls/sim/gemm_tile_start_for_pe_rest_93_U0.v:46]
WARNING: [VRFC 10-5021] port 'reset' is not connected on this instance [/scratch/hc676/agentstudy/steady/deepseek_deepseek-v4-pro__hls/sim/gemm_tile_start_for_delay8_66_U0.v:46]
WARNING: [VRFC 10-5021] port 'reset' is not connected on this instance [/scratch/hc676/agentstudy/steady/deepseek_deepseek-v4-pro__hls/sim/gemm_tile_start_for_delay8_67_U0.v:46]
WARNING: [VRFC 10-5021] port 'reset' is not connected on this instance [/scratch/hc676/agentstudy/steady/deepseek_deepseek-v4-pro__hls/sim/gemm_tile_start_for_delay8_68_U0.v:46]
WARNING: [VRFC 10-5021] port 'reset' is not connected on this instance [/scratch/hc676/agentstudy/steady/deepseek_deepseek-v4-pro__hls/sim/gemm_tile_start_for_delay8_69_U0.v:46]
WARNING: [VRFC 10-5021] port 'reset' is not connected on this instance [/scratch/hc676/agentstudy/steady/deepseek_deepseek-v4-pro__hls/sim/gemm_tile_start_for_delay8_70_U0.v:46]
WARNING: [VRFC 10-5021] port 'reset' is not connected on this instance [/scratch/hc676/agentstudy/steady/deepseek_deepseek-v4-pro__hls/sim/gemm_tile_start_for_delay8_71_U0.v:46]
WARNING: [VRFC 10-5021] port 'reset' is not connected on this instance [/scratch/hc676/agentstudy/steady/deepseek_deepseek-v4-pro__hls/sim/gemm_tile_start_for_delay8_U0.v:46]
WARNING: [VRFC 10-5021] port 'reset' is not connected on this instance [/scratch/hc676/agentstudy/steady/deepseek_deepseek-v4-pro__hls/sim/gemm_tile_start_for_pe_rest_94_U0.v:46]
WARNING: [VRFC 10-5021] port 'reset' is not connected on this instance [/scratch/hc676/agentstudy/steady/deepseek_deepseek-v4-pro__hls/sim/gemm_tile_start_for_pe_rest_96_U0.v:46]
WARNING: [VRFC 10-5021] port 'reset' is not connected on this instance [/scratch/hc676/agentstudy/steady/deepseek_deepseek-v4-pro__hls/sim/gemm_tile_start_for_pe_rest_97_U0.v:46]
WARNING: [VRFC 10-5021] port 'reset' is not connected on this instance [/scratch/hc676/agentstudy/steady/deepseek_deepseek-v4-pro__hls/sim/gemm_tile_start_for_pe_rest_98_U0.v:46]
WARNING: [VRFC 10-5021] port 'reset' is not connected on this instance [/scratch/hc676/agentstudy/steady/deepseek_deepseek-v4-pro__hls/sim/gemm_tile_start_for_pe_rest_99_U0.v:46]
WARNING: [VRFC 10-5021] port 'reset' is not connected on this instance [/scratch/hc676/agentstudy/steady/deepseek_deepseek-v4-pro__hls/sim/gemm_tile_start_for_pe_rest_100_U0.v:46]
WARNING: [VRFC 10-5021] port 'reset' is not connected on this instance [/scratch/hc676/agentstudy/steady/deepseek_deepseek-v4-pro__hls/sim/gemm_tile_start_for_pe_rest_101_U0.v:46]
WARNING: [VRFC 10-5021] port 'reset' is not connected on this instance [/scratch/hc676/agentstudy/steady/deepseek_deepseek-v4-pro__hls/sim/gemm_tile_start_for_pe_rest_102_U0.v:46]
WARNING: [VRFC 10-5021] port 'reset' is not connected on this instance [/scratch/hc676/agentstudy/steady/deepseek_deepseek-v4-pro__hls/sim/gemm_tile_start_for_pass32_149_U0.v:46]
WARNING: [VRFC 10-5021] port 'reset' is not connected on this instance [/scratch/hc676/agentstudy/steady/deepseek_deepseek-v4-pro__hls/sim/gemm_tile_start_for_pe_rest_104_U0.v:46]
WARNING: [VRFC 10-5021] port 'reset' is not connected on this instance [/scratch/hc676/agentstudy/steady/deepseek_deepseek-v4-pro__hls/sim/gemm_tile_start_for_pe_rest_105_U0.v:46]
WARNING: [VRFC 10-5021] port 'reset' is not connected on this instance [/scratch/hc676/agentstudy/steady/deepseek_deepseek-v4-pro__hls/sim/gemm_tile_start_for_pe_rest_106_U0.v:46]
WARNING: [VRFC 10-5021] port 'reset' is not connected on this instance [/scratch/hc676/agentstudy/steady/deepseek_deepseek-v4-pro__hls/sim/gemm_tile_start_for_pe_rest_107_U0.v:46]
WARNING: [VRFC 10-5021] port 'reset' is not connected on this instance [/scratch/hc676/agentstudy/steady/deepseek_deepseek-v4-pro__hls/sim/gemm_tile_start_for_pe_rest_108_U0.v:46]
WARNING: [VRFC 10-5021] port 'reset' is not connected on this instance [/scratch/hc676/agentstudy/steady/deepseek_deepseek-v4-pro__hls/sim/gemm_tile_start_for_pe_rest_109_U0.v:46]
WARNING: [VRFC 10-5021] port 'reset' is not connected on this instance [/scratch/hc676/agentstudy/steady/deepseek_deepseek-v4-pro__hls/sim/gemm_tile_start_for_pe_rest_110_U0.v:46]
WARNING: [VRFC 10-5021] port 'reset' is not connected on this instance [/scratch/hc676/agentstudy/steady/deepseek_deepseek-v4-pro__hls/sim/gemm_tile_start_for_pass32_150_U0.v:46]
WARNING: [VRFC 10-5021] port 'reset' is not connected on this instance [/scratch/hc676/agentstudy/steady/deepseek_deepseek-v4-pro__hls/sim/gemm_tile_start_for_pe_rest_112_U0.v:46]
WARNING: [VRFC 10-5021] port 'reset' is not connected on this instance [/scratch/hc676/agentstudy/steady/deepseek_deepseek-v4-pro__hls/sim/gemm_tile_start_for_pe_rest_113_U0.v:46]
WARNING: [VRFC 10-5021] port 'reset' is not connected on this instance [/scratch/hc676/agentstudy/steady/deepseek_deepseek-v4-pro__hls/sim/gemm_tile_start_for_pe_rest_114_U0.v:46]
WARNING: [VRFC 10-5021] port 'reset' is not connected on this instance [/scratch/hc676/agentstudy/steady/deepseek_deepseek-v4-pro__hls/sim/gemm_tile_start_for_pe_rest_115_U0.v:46]
WARNING: [VRFC 10-5021] port 'reset' is not connected on this instance [/scratch/hc676/agentstudy/steady/deepseek_deepseek-v4-pro__hls/sim/gemm_tile_start_for_pe_rest_116_U0.v:46]
WARNING: [VRFC 10-5021] port 'reset' is not connected on this instance [/scratch/hc676/agentstudy/steady/deepseek_deepseek-v4-pro__hls/sim/gemm_tile_start_for_pe_rest_117_U0.v:46]
WARNING: [VRFC 10-5021] port 'reset' is not connected on this instance [/scratch/hc676/agentstudy/steady/deepseek_deepseek-v4-pro__hls/sim/gemm_tile_start_for_pe_rest_118_U0.v:46]
WARNING: [VRFC 10-5021] port 'reset' is not connected on this instance [/scratch/hc676/agentstudy/steady/deepseek_deepseek-v4-pro__hls/sim/gemm_tile_start_for_pass32_151_U0.v:46]
WARNING: [VRFC 10-5021] port 'reset' is not connected on this instance [/scratch/hc676/agentstudy/steady/deepseek_deepseek-v4-pro__hls/sim/gemm_tile_start_for_pe_rest_120_U0.v:46]
WARNING: [VRFC 10-5021] port 'reset' is not connected on this instance [/scratch/hc676/agentstudy/steady/deepseek_deepseek-v4-pro__hls/sim/gemm_tile_start_for_pe_rest_121_U0.v:46]
WARNING: [VRFC 10-5021] port 'reset' is not connected on this instance [/scratch/hc676/agentstudy/steady/deepseek_deepseek-v4-pro__hls/sim/gemm_tile_start_for_pe_rest_122_U0.v:46]
WARNING: [VRFC 10-5021] port 'reset' is not connected on this instance [/scratch/hc676/agentstudy/steady/deepseek_deepseek-v4-pro__hls/sim/gemm_tile_start_for_pe_rest_123_U0.v:46]
WARNING: [VRFC 10-5021] port 'reset' is not connected on this instance [/scratch/hc676/agentstudy/steady/deepseek_deepseek-v4-pro__hls/sim/gemm_tile_start_for_pe_rest_124_U0.v:46]
WARNING: [VRFC 10-5021] port 'reset' is not connected on this instance [/scratch/hc676/agentstudy/steady/deepseek_deepseek-v4-pro__hls/sim/gemm_tile_start_for_pe_rest_125_U0.v:46]
WARNING: [VRFC 10-5021] port 'reset' is not connected on this instance [/scratch/hc676/agentstudy/steady/deepseek_deepseek-v4-pro__hls/sim/gemm_tile_start_for_pe_rest_126_U0.v:46]
WARNING: [VRFC 10-5021] port 'reset' is not connected on this instance [/scratch/hc676/agentstudy/steady/deepseek_deepseek-v4-pro__hls/sim/gemm_tile_start_for_pass32_152_U0.v:46]
WARNING: [VRFC 10-5021] port 'reset' is not connected on this instance [/scratch/hc676/agentstudy/steady/deepseek_deepseek-v4-pro__hls/sim/gemm_tile_start_for_pe_rest_128_U0.v:46]
WARNING: [VRFC 10-5021] port 'reset' is not connected on this instance [/scratch/hc676/agentstudy/steady/deepseek_deepseek-v4-pro__hls/sim/gemm_tile_start_for_pe_rest_129_U0.v:46]
WARNING: [VRFC 10-5021] port 'reset' is not connected on this instance [/scratch/hc676/agentstudy/steady/deepseek_deepseek-v4-pro__hls/sim/gemm_tile_start_for_pe_rest_130_U0.v:46]
WARNING: [VRFC 10-5021] port 'reset' is not connected on this instance [/scratch/hc676/agentstudy/steady/deepseek_deepseek-v4-pro__hls/sim/gemm_tile_start_for_pe_rest_131_U0.v:46]
WARNING: [VRFC 10-5021] port 'reset' is not connected on this instance [/scratch/hc676/agentstudy/steady/deepseek_deepseek-v4-pro__hls/sim/gemm_tile_start_for_pe_rest_132_U0.v:46]
WARNING: [VRFC 10-5021] port 'reset' is not connected on this instance [/scratch/hc676/agentstudy/steady/deepseek_deepseek-v4-pro__hls/sim/gemm_tile_start_for_pe_rest_133_U0.v:46]
WARNING: [VRFC 10-5021] port 'reset' is not connected on this instance [/scratch/hc676/agentstudy/steady/deepseek_deepseek-v4-pro__hls/sim/gemm_tile_start_for_pe_rest_134_U0.v:46]
WARNING: [VRFC 10-5021] port 'reset' is not connected on this instance [/scratch/hc676/agentstudy/steady/deepseek_deepseek-v4-pro__hls/sim/gemm_tile_start_for_pass32_153_U0.v:46]
WARNING: [VRFC 10-5021] port 'reset' is not connected on this instance [/scratch/hc676/agentstudy/steady/deepseek_deepseek-v4-pro__hls/sim/gemm_tile_start_for_pe_rest_136_U0.v:46]
WARNING: [VRFC 10-5021] port 'reset' is not connected on this instance [/scratch/hc676/agentstudy/steady/deepseek_deepseek-v4-pro__hls/sim/gemm_tile_start_for_pe_rest_137_U0.v:46]
WARNING: [VRFC 10-5021] port 'reset' is not connected on this instance [/scratch/hc676/agentstudy/steady/deepseek_deepseek-v4-pro__hls/sim/gemm_tile_start_for_pe_rest_138_U0.v:46]
WARNING: [VRFC 10-5021] port 'reset' is not connected on this instance [/scratch/hc676/agentstudy/steady/deepseek_deepseek-v4-pro__hls/sim/gemm_tile_start_for_pe_rest_139_U0.v:46]
WARNING: [VRFC 10-5021] port 'reset' is not connected on this instance [/scratch/hc676/agentstudy/steady/deepseek_deepseek-v4-pro__hls/sim/gemm_tile_start_for_pe_rest_140_U0.v:46]
WARNING: [VRFC 10-5021] port 'reset' is not connected on this instance [/scratch/hc676/agentstudy/steady/deepseek_deepseek-v4-pro__hls/sim/gemm_tile_start_for_pe_rest_141_U0.v:46]
WARNING: [VRFC 10-5021] port 'reset' is not connected on this instance [/scratch/hc676/agentstudy/steady/deepseek_deepseek-v4-pro__hls/sim/gemm_tile_start_for_pe_rest_142_U0.v:46]
WARNING: [VRFC 10-5021] port 'reset' is not connected on this instance [/scratch/hc676/agentstudy/steady/deepseek_deepseek-v4-pro__hls/sim/gemm_tile_start_for_pass32_154_U0.v:46]
WARNING: [VRFC 10-5021] port 'reset' is not connected on this instance [/scratch/hc676/agentstudy/steady/deepseek_deepseek-v4-pro__hls/sim/gemm_tile_start_for_pe_rest_143_U0.v:46]
WARNING: [VRFC 10-5021] port 'reset' is not connected on this instance [/scratch/hc676/agentstudy/steady/deepseek_deepseek-v4-pro__hls/sim/gemm_tile_start_for_pe_rest_144_U0.v:46]
WARNING: [VRFC 10-5021] port 'reset' is not connected on this instance [/scratch/hc676/agentstudy/steady/deepseek_deepseek-v4-pro__hls/sim/gemm_tile_start_for_pe_rest_145_U0.v:46]
WARNING: [VRFC 10-5021] port 'reset' is not connected on this instance [/scratch/hc676/agentstudy/steady/deepseek_deepseek-v4-pro__hls/sim/gemm_tile_start_for_pe_rest_146_U0.v:46]
WARNING: [VRFC 10-5021] port 'reset' is not connected on this instance [/scratch/hc676/agentstudy/steady/deepseek_deepseek-v4-pro__hls/sim/gemm_tile_start_for_pe_rest_147_U0.v:46]
WARNING: [VRFC 10-5021] port 'reset' is not connected on this instance [/scratch/hc676/agentstudy/steady/deepseek_deepseek-v4-pro__hls/sim/gemm_tile_start_for_pe_rest_148_U0.v:46]
WARNING: [VRFC 10-5021] port 'reset' is not connected on this instance [/scratch/hc676/agentstudy/steady/deepseek_deepseek-v4-pro__hls/sim/gemm_tile_start_for_pe_rest_U0.v:46]
WARNING: [VRFC 10-5021] port 'reset' is not connected on this instance [/scratch/hc676/agentstudy/steady/deepseek_deepseek-v4-pro__hls/sim/gemm_tile_start_for_pass32_155_U0.v:46]
WARNING: [VRFC 10-5021] port 'reset' is not connected on this instance [/scratch/hc676/agentstudy/steady/deepseek_deepseek-v4-pro__hls/sim/gemm_tile_start_for_pass32_U0.v:46]
Completed static elaboration
Starting simulation data flow analysis
Completed simulation data flow analysis
Time Resolution for simulation is 1ps
Compiling module work.gemm_tile_delay8_1
Compiling module work.gemm_tile_delay8_2
Compiling module work.gemm_tile_delay8_3
Compiling module work.gemm_tile_delay8_4
Compiling module work.gemm_tile_delay8_5
Compiling module work.gemm_tile_delay8_6
Compiling module work.gemm_tile_delay8_7
Compiling module work.gemm_tile_delay8_8
Compiling module work.gemm_tile_delay8_9
Compiling module work.gemm_tile_delay8_10
Compiling module work.gemm_tile_delay8_11
Compiling module work.gemm_tile_delay8_12
Compiling module work.gemm_tile_delay8_13
Compiling module work.gemm_tile_delay8_14
Compiling module work.gemm_tile_delay8_15
Compiling module work.gemm_tile_delay8_16
Compiling module work.gemm_tile_delay8_17
Compiling module work.gemm_tile_delay8_18
Compiling module work.gemm_tile_delay8_19
Compiling module work.gemm_tile_delay8_20
Compiling module work.gemm_tile_delay8_21
Compiling module work.gemm_tile_delay8_22
Compiling module work.gemm_tile_delay8_23
Compiling module work.gemm_tile_delay8_24
Compiling module work.gemm_tile_delay8_25
Compiling module work.gemm_tile_delay8_26
Compiling module work.gemm_tile_delay8_27
Compiling module work.gemm_tile_delay8_28
Compiling module work.gemm_tile_delay8_29
Compiling module work.gemm_tile_delay8_30
Compiling module work.gemm_tile_delay8_31
Compiling module work.gemm_tile_delay8_32
Compiling module work.gemm_tile_delay8_33
Compiling module work.gemm_tile_delay8_34
Compiling module work.gemm_tile_delay8_35
Compiling module work.gemm_tile_delay8_36
Compiling module work.gemm_tile_delay8_37
Compiling module work.gemm_tile_delay8_38
Compiling module work.gemm_tile_delay8_39
Compiling module work.gemm_tile_delay8_40
Compiling module work.gemm_tile_delay8_41
Compiling module work.gemm_tile_delay8_42
Compiling module work.gemm_tile_delay8_43
Compiling module work.gemm_tile_delay8_44
Compiling module work.gemm_tile_delay8_45
Compiling module work.gemm_tile_delay8_46
Compiling module work.gemm_tile_delay8_47
Compiling module work.gemm_tile_delay8_48
Compiling module work.gemm_tile_delay8_49
Compiling module work.gemm_tile_delay8_50
Compiling module work.gemm_tile_delay8_51
Compiling module work.gemm_tile_delay8_52
Compiling module work.gemm_tile_delay8_53
Compiling module work.gemm_tile_delay8_54
Compiling module work.gemm_tile_delay8_55
Compiling module work.gemm_tile_delay8_56
Compiling module work.gemm_tile_delay8_57
Compiling module work.gemm_tile_delay8_58
Compiling module work.gemm_tile_delay8_59
Compiling module work.gemm_tile_delay8_60
Compiling module work.gemm_tile_delay8_61
Compiling module work.gemm_tile_delay8_62
Compiling module work.gemm_tile_delay8_63
Compiling module work.gemm_tile_delay8_64
Compiling module work.gemm_tile_delay8_65
Compiling module work.gemm_tile_delay8_66
Compiling module work.gemm_tile_delay8_67
Compiling module work.gemm_tile_delay8_68
Compiling module work.gemm_tile_delay8_69
Compiling module work.gemm_tile_delay8_70
Compiling module work.gemm_tile_delay8_71
Compiling module work.gemm_tile_delay8
Compiling module work.gemm_tile_dummy8_72
Compiling module work.gemm_tile_dummy8_73
Compiling module work.gemm_tile_dummy8_74
Compiling module work.gemm_tile_dummy8_75
Compiling module work.gemm_tile_dummy8_76
Compiling module work.gemm_tile_dummy8_77
Compiling module work.gemm_tile_dummy8_78
Compiling module work.gemm_tile_dummy8_79
Compiling module work.gemm_tile_dummy8_80
Compiling module work.gemm_tile_dummy8_81
Compiling module work.gemm_tile_dummy8_82
Compiling module work.gemm_tile_dummy8_83
Compiling module work.gemm_tile_dummy8_84
Compiling module work.gemm_tile_dummy8_85
Compiling module work.gemm_tile_dummy8_86
Compiling module work.gemm_tile_dummy8
Compiling module work.gemm_tile_mac_muladd_8s_8s_19s_1...
Compiling module work.gemm_tile_mac_muladd_8s_8s_19s_1...
Compiling module work.gemm_tile_flow_control_loop_pipe...
Compiling module work.gemm_tile_pe_left_87_Pipeline_VI...
Compiling module work.gemm_tile_pe_left_87
Compiling module work.gemm_tile_pe_rest_88_Pipeline_VI...
Compiling module work.gemm_tile_pe_rest_88
Compiling module work.gemm_tile_pe_rest_89_Pipeline_VI...
Compiling module work.gemm_tile_pe_rest_89_Pipeline_VI...
Compiling module work.gemm_tile_pe_rest_89
Compiling module work.gemm_tile_pe_rest_90_Pipeline_VI...
Compiling module work.gemm_tile_pe_rest_90_Pipeline_VI...
Compiling module work.gemm_tile_pe_rest_90
Compiling module work.gemm_tile_pe_rest_91_Pipeline_VI...
Compiling module work.gemm_tile_pe_rest_91_Pipeline_VI...
Compiling module work.gemm_tile_pe_rest_91
Compiling module work.gemm_tile_pe_rest_92_Pipeline_VI...
Compiling module work.gemm_tile_pe_rest_92_Pipeline_VI...
Compiling module work.gemm_tile_pe_rest_92
Compiling module work.gemm_tile_pe_rest_93_Pipeline_VI...
Compiling module work.gemm_tile_pe_rest_93_Pipeline_VI...
Compiling module work.gemm_tile_pe_rest_93
Compiling module work.gemm_tile_pe_rest_94_Pipeline_VI...
Compiling module work.gemm_tile_pe_rest_94_Pipeline_VI...
Compiling module work.gemm_tile_pe_rest_94
Compiling module work.gemm_tile_pe_left_95_Pipeline_VI...
Compiling module work.gemm_tile_pe_left_95
Compiling module work.gemm_tile_pe_rest_96_Pipeline_VI...
Compiling module work.gemm_tile_pe_rest_96
Compiling module work.gemm_tile_pe_rest_97_Pipeline_VI...
Compiling module work.gemm_tile_pe_rest_97_Pipeline_VI...
Compiling module work.gemm_tile_pe_rest_97
Compiling module work.gemm_tile_pe_rest_98_Pipeline_VI...
Compiling module work.gemm_tile_pe_rest_98_Pipeline_VI...
Compiling module work.gemm_tile_pe_rest_98
Compiling module work.gemm_tile_pe_rest_99_Pipeline_VI...
Compiling module work.gemm_tile_pe_rest_99_Pipeline_VI...
Compiling module work.gemm_tile_pe_rest_99
Compiling module work.gemm_tile_pe_rest_100_Pipeline_V...
Compiling module work.gemm_tile_pe_rest_100_Pipeline_V...
Compiling module work.gemm_tile_pe_rest_100
Compiling module work.gemm_tile_pe_rest_101_Pipeline_V...
Compiling module work.gemm_tile_pe_rest_101_Pipeline_V...
Compiling module work.gemm_tile_pe_rest_101
Compiling module work.gemm_tile_pe_rest_102_Pipeline_V...
Compiling module work.gemm_tile_pe_rest_102_Pipeline_V...
Compiling module work.gemm_tile_pe_rest_102
Compiling module work.gemm_tile_pe_left_103_Pipeline_V...
Compiling module work.gemm_tile_pe_left_103
Compiling module work.gemm_tile_pe_rest_104_Pipeline_V...
Compiling module work.gemm_tile_pe_rest_104
Compiling module work.gemm_tile_pe_rest_105_Pipeline_V...
Compiling module work.gemm_tile_pe_rest_105_Pipeline_V...
Compiling module work.gemm_tile_pe_rest_105
Compiling module work.gemm_tile_pe_rest_106_Pipeline_V...
Compiling module work.gemm_tile_pe_rest_106_Pipeline_V...
Compiling module work.gemm_tile_pe_rest_106
Compiling module work.gemm_tile_pe_rest_107_Pipeline_V...
Compiling module work.gemm_tile_pe_rest_107_Pipeline_V...
Compiling module work.gemm_tile_pe_rest_107
Compiling module work.gemm_tile_pe_rest_108_Pipeline_V...
Compiling module work.gemm_tile_pe_rest_108_Pipeline_V...
Compiling module work.gemm_tile_pe_rest_108
Compiling module work.gemm_tile_pe_rest_109_Pipeline_V...
Compiling module work.gemm_tile_pe_rest_109_Pipeline_V...
Compiling module work.gemm_tile_pe_rest_109
Compiling module work.gemm_tile_pe_rest_110_Pipeline_V...
Compiling module work.gemm_tile_pe_rest_110_Pipeline_V...
Compiling module work.gemm_tile_pe_rest_110
Compiling module work.gemm_tile_pe_left_111_Pipeline_V...
Compiling module work.gemm_tile_pe_left_111
Compiling module work.gemm_tile_pe_rest_112_Pipeline_V...
Compiling module work.gemm_tile_pe_rest_112
Compiling module work.gemm_tile_pe_rest_113_Pipeline_V...
Compiling module work.gemm_tile_pe_rest_113_Pipeline_V...
Compiling module work.gemm_tile_pe_rest_113
Compiling module work.gemm_tile_pe_rest_114_Pipeline_V...
Compiling module work.gemm_tile_pe_rest_114_Pipeline_V...
Compiling module work.gemm_tile_pe_rest_114
Compiling module work.gemm_tile_pe_rest_115_Pipeline_V...
Compiling module work.gemm_tile_pe_rest_115_Pipeline_V...
Compiling module work.gemm_tile_pe_rest_115
Compiling module work.gemm_tile_pe_rest_116_Pipeline_V...
Compiling module work.gemm_tile_pe_rest_116_Pipeline_V...
Compiling module work.gemm_tile_pe_rest_116
Compiling module work.gemm_tile_pe_rest_117_Pipeline_V...
Compiling module work.gemm_tile_pe_rest_117_Pipeline_V...
Compiling module work.gemm_tile_pe_rest_117
Compiling module work.gemm_tile_pe_rest_118_Pipeline_V...
Compiling module work.gemm_tile_pe_rest_118_Pipeline_V...
Compiling module work.gemm_tile_pe_rest_118
Compiling module work.gemm_tile_pe_left_119_Pipeline_V...
Compiling module work.gemm_tile_pe_left_119
Compiling module work.gemm_tile_pe_rest_120_Pipeline_V...
Compiling module work.gemm_tile_pe_rest_120
Compiling module work.gemm_tile_pe_rest_121_Pipeline_V...
Compiling module work.gemm_tile_pe_rest_121_Pipeline_V...
Compiling module work.gemm_tile_pe_rest_121
Compiling module work.gemm_tile_pe_rest_122_Pipeline_V...
Compiling module work.gemm_tile_pe_rest_122_Pipeline_V...
Compiling module work.gemm_tile_pe_rest_122
Compiling module work.gemm_tile_pe_rest_123_Pipeline_V...
Compiling module work.gemm_tile_pe_rest_123_Pipeline_V...
Compiling module work.gemm_tile_pe_rest_123
Compiling module work.gemm_tile_pe_rest_124_Pipeline_V...
Compiling module work.gemm_tile_pe_rest_124_Pipeline_V...
Compiling module work.gemm_tile_pe_rest_124
Compiling module work.gemm_tile_pe_rest_125_Pipeline_V...
Compiling module work.gemm_tile_pe_rest_125_Pipeline_V...
Compiling module work.gemm_tile_pe_rest_125
Compiling module work.gemm_tile_pe_rest_126_Pipeline_V...
Compiling module work.gemm_tile_pe_rest_126_Pipeline_V...
Compiling module work.gemm_tile_pe_rest_126
Compiling module work.gemm_tile_pe_left_127_Pipeline_V...
Compiling module work.gemm_tile_pe_left_127
Compiling module work.gemm_tile_pe_rest_128_Pipeline_V...
Compiling module work.gemm_tile_pe_rest_128
Compiling module work.gemm_tile_pe_rest_129_Pipeline_V...
Compiling module work.gemm_tile_pe_rest_129_Pipeline_V...
Compiling module work.gemm_tile_pe_rest_129
Compiling module work.gemm_tile_pe_rest_130_Pipeline_V...
Compiling module work.gemm_tile_pe_rest_130_Pipeline_V...
Compiling module work.gemm_tile_pe_rest_130
Compiling module work.gemm_tile_pe_rest_131_Pipeline_V...
Compiling module work.gemm_tile_pe_rest_131_Pipeline_V...
Compiling module work.gemm_tile_pe_rest_131
Compiling module work.gemm_tile_pe_rest_132_Pipeline_V...
Compiling module work.gemm_tile_pe_rest_132_Pipeline_V...
Compiling module work.gemm_tile_pe_rest_132
Compiling module work.gemm_tile_pe_rest_133_Pipeline_V...
Compiling module work.gemm_tile_pe_rest_133_Pipeline_V...
Compiling module work.gemm_tile_pe_rest_133
Compiling module work.gemm_tile_pe_rest_134_Pipeline_V...
Compiling module work.gemm_tile_pe_rest_134_Pipeline_V...
Compiling module work.gemm_tile_pe_rest_134
Compiling module work.gemm_tile_pe_left_135_Pipeline_V...
Compiling module work.gemm_tile_pe_left_135
Compiling module work.gemm_tile_pe_rest_136_Pipeline_V...
Compiling module work.gemm_tile_pe_rest_136
Compiling module work.gemm_tile_pe_rest_137_Pipeline_V...
Compiling module work.gemm_tile_pe_rest_137_Pipeline_V...
Compiling module work.gemm_tile_pe_rest_137
Compiling module work.gemm_tile_pe_rest_138_Pipeline_V...
Compiling module work.gemm_tile_pe_rest_138_Pipeline_V...
Compiling module work.gemm_tile_pe_rest_138
Compiling module work.gemm_tile_pe_rest_139_Pipeline_V...
Compiling module work.gemm_tile_pe_rest_139_Pipeline_V...
Compiling module work.gemm_tile_pe_rest_139
Compiling module work.gemm_tile_pe_rest_140_Pipeline_V...
Compiling module work.gemm_tile_pe_rest_140_Pipeline_V...
Compiling module work.gemm_tile_pe_rest_140
Compiling module work.gemm_tile_pe_rest_141_Pipeline_V...
Compiling module work.gemm_tile_pe_rest_141_Pipeline_V...
Compiling module work.gemm_tile_pe_rest_141
Compiling module work.gemm_tile_pe_rest_142_Pipeline_V...
Compiling module work.gemm_tile_pe_rest_142_Pipeline_V...
Compiling module work.gemm_tile_pe_rest_142
Compiling module work.gemm_tile_pe_left_Pipeline_VITIS...
Compiling module work.gemm_tile_pe_left
Compiling module work.gemm_tile_pe_rest_143_Pipeline_V...
Compiling module work.gemm_tile_pe_rest_143
Compiling module work.gemm_tile_pe_rest_144_Pipeline_V...
Compiling module work.gemm_tile_pe_rest_144_Pipeline_V...
Compiling module work.gemm_tile_pe_rest_144
Compiling module work.gemm_tile_pe_rest_145_Pipeline_V...
Compiling module work.gemm_tile_pe_rest_145_Pipeline_V...
Compiling module work.gemm_tile_pe_rest_145
Compiling module work.gemm_tile_pe_rest_146_Pipeline_V...
Compiling module work.gemm_tile_pe_rest_146_Pipeline_V...
Compiling module work.gemm_tile_pe_rest_146
Compiling module work.gemm_tile_pe_rest_147_Pipeline_V...
Compiling module work.gemm_tile_pe_rest_147_Pipeline_V...
Compiling module work.gemm_tile_pe_rest_147
Compiling module work.gemm_tile_pe_rest_148_Pipeline_V...
Compiling module work.gemm_tile_pe_rest_148_Pipeline_V...
Compiling module work.gemm_tile_pe_rest_148
Compiling module work.gemm_tile_pe_rest_Pipeline_VITIS...
Compiling module work.gemm_tile_pe_rest_Pipeline_VITIS...
Compiling module work.gemm_tile_pe_rest
Compiling module work.gemm_tile_pass32_149
Compiling module work.gemm_tile_pass32_150
Compiling module work.gemm_tile_pass32_151
Compiling module work.gemm_tile_pass32_152
Compiling module work.gemm_tile_pass32_153
Compiling module work.gemm_tile_pass32_154
Compiling module work.gemm_tile_pass32_155
Compiling module work.gemm_tile_pass32
Compiling module work.gemm_tile_fifo_w8_d2_S_ShiftReg
Compiling module work.gemm_tile_fifo_w8_d2_S
Compiling module work.gemm_tile_fifo_w32_d2_S_ShiftReg
Compiling module work.gemm_tile_fifo_w32_d2_S
Compiling module work.gemm_tile_start_for_pe_left_87_U...
Compiling module work.gemm_tile_start_for_pe_left_87_U...
Compiling module work.gemm_tile_start_for_delay8_3_U0_...
Compiling module work.gemm_tile_start_for_delay8_3_U0
Compiling module work.gemm_tile_start_for_pe_left_95_U...
Compiling module work.gemm_tile_start_for_pe_left_95_U...
Compiling module work.gemm_tile_start_for_delay8_5_U0_...
Compiling module work.gemm_tile_start_for_delay8_5_U0
Compiling module work.gemm_tile_start_for_delay8_6_U0_...
Compiling module work.gemm_tile_start_for_delay8_6_U0
Compiling module work.gemm_tile_start_for_pe_left_103_...
Compiling module work.gemm_tile_start_for_pe_left_103_...
Compiling module work.gemm_tile_start_for_delay8_8_U0_...
Compiling module work.gemm_tile_start_for_delay8_8_U0
Compiling module work.gemm_tile_start_for_delay8_9_U0_...
Compiling module work.gemm_tile_start_for_delay8_9_U0
Compiling module work.gemm_tile_start_for_delay8_10_U0...
Compiling module work.gemm_tile_start_for_delay8_10_U0
Compiling module work.gemm_tile_start_for_pe_left_111_...
Compiling module work.gemm_tile_start_for_pe_left_111_...
Compiling module work.gemm_tile_start_for_delay8_12_U0...
Compiling module work.gemm_tile_start_for_delay8_12_U0
Compiling module work.gemm_tile_start_for_delay8_13_U0...
Compiling module work.gemm_tile_start_for_delay8_13_U0
Compiling module work.gemm_tile_start_for_delay8_14_U0...
Compiling module work.gemm_tile_start_for_delay8_14_U0
Compiling module work.gemm_tile_start_for_delay8_15_U0...
Compiling module work.gemm_tile_start_for_delay8_15_U0
Compiling module work.gemm_tile_start_for_pe_left_119_...
Compiling module work.gemm_tile_start_for_pe_left_119_...
Compiling module work.gemm_tile_start_for_delay8_17_U0...
Compiling module work.gemm_tile_start_for_delay8_17_U0
Compiling module work.gemm_tile_start_for_delay8_18_U0...
Compiling module work.gemm_tile_start_for_delay8_18_U0
Compiling module work.gemm_tile_start_for_delay8_19_U0...
Compiling module work.gemm_tile_start_for_delay8_19_U0
Compiling module work.gemm_tile_start_for_delay8_20_U0...
Compiling module work.gemm_tile_start_for_delay8_20_U0
Compiling module work.gemm_tile_start_for_delay8_21_U0...
Compiling module work.gemm_tile_start_for_delay8_21_U0
Compiling module work.gemm_tile_start_for_pe_left_127_...
Compiling module work.gemm_tile_start_for_pe_left_127_...
Compiling module work.gemm_tile_start_for_delay8_23_U0...
Compiling module work.gemm_tile_start_for_delay8_23_U0
Compiling module work.gemm_tile_start_for_delay8_24_U0...
Compiling module work.gemm_tile_start_for_delay8_24_U0
Compiling module work.gemm_tile_start_for_delay8_25_U0...
Compiling module work.gemm_tile_start_for_delay8_25_U0
Compiling module work.gemm_tile_start_for_delay8_26_U0...
Compiling module work.gemm_tile_start_for_delay8_26_U0
Compiling module work.gemm_tile_start_for_delay8_27_U0...
Compiling module work.gemm_tile_start_for_delay8_27_U0
Compiling module work.gemm_tile_start_for_delay8_28_U0...
Compiling module work.gemm_tile_start_for_delay8_28_U0
Compiling module work.gemm_tile_start_for_pe_left_135_...
Compiling module work.gemm_tile_start_for_pe_left_135_...
Compiling module work.gemm_tile_start_for_delay8_30_U0...
Compiling module work.gemm_tile_start_for_delay8_30_U0
Compiling module work.gemm_tile_start_for_delay8_31_U0...
Compiling module work.gemm_tile_start_for_delay8_31_U0
Compiling module work.gemm_tile_start_for_delay8_32_U0...
Compiling module work.gemm_tile_start_for_delay8_32_U0
Compiling module work.gemm_tile_start_for_delay8_33_U0...
Compiling module work.gemm_tile_start_for_delay8_33_U0
Compiling module work.gemm_tile_start_for_delay8_34_U0...
Compiling module work.gemm_tile_start_for_delay8_34_U0
Compiling module work.gemm_tile_start_for_delay8_35_U0...
Compiling module work.gemm_tile_start_for_delay8_35_U0
Compiling module work.gemm_tile_start_for_delay8_36_U0...
Compiling module work.gemm_tile_start_for_delay8_36_U0
Compiling module work.gemm_tile_start_for_pe_left_U0_S...
Compiling module work.gemm_tile_start_for_pe_left_U0
Compiling module work.gemm_tile_start_for_delay8_39_U0...
Compiling module work.gemm_tile_start_for_delay8_39_U0
Compiling module work.gemm_tile_start_for_pe_rest_88_U...
Compiling module work.gemm_tile_start_for_pe_rest_88_U...
Compiling module work.gemm_tile_start_for_delay8_41_U0...
Compiling module work.gemm_tile_start_for_delay8_41_U0
Compiling module work.gemm_tile_start_for_delay8_42_U0...
Compiling module work.gemm_tile_start_for_delay8_42_U0
Compiling module work.gemm_tile_start_for_pe_rest_89_U...
Compiling module work.gemm_tile_start_for_pe_rest_89_U...
Compiling module work.gemm_tile_start_for_delay8_44_U0...
Compiling module work.gemm_tile_start_for_delay8_44_U0
Compiling module work.gemm_tile_start_for_delay8_45_U0...
Compiling module work.gemm_tile_start_for_delay8_45_U0
Compiling module work.gemm_tile_start_for_delay8_46_U0...
Compiling module work.gemm_tile_start_for_delay8_46_U0
Compiling module work.gemm_tile_start_for_pe_rest_90_U...
Compiling module work.gemm_tile_start_for_pe_rest_90_U...
Compiling module work.gemm_tile_start_for_delay8_48_U0...
Compiling module work.gemm_tile_start_for_delay8_48_U0
Compiling module work.gemm_tile_start_for_delay8_49_U0...
Compiling module work.gemm_tile_start_for_delay8_49_U0
Compiling module work.gemm_tile_start_for_delay8_50_U0...
Compiling module work.gemm_tile_start_for_delay8_50_U0
Compiling module work.gemm_tile_start_for_delay8_51_U0...
Compiling module work.gemm_tile_start_for_delay8_51_U0
Compiling module work.gemm_tile_start_for_pe_rest_91_U...
Compiling module work.gemm_tile_start_for_pe_rest_91_U...
Compiling module work.gemm_tile_start_for_delay8_53_U0...
Compiling module work.gemm_tile_start_for_delay8_53_U0
Compiling module work.gemm_tile_start_for_delay8_54_U0...
Compiling module work.gemm_tile_start_for_delay8_54_U0
Compiling module work.gemm_tile_start_for_delay8_55_U0...
Compiling module work.gemm_tile_start_for_delay8_55_U0
Compiling module work.gemm_tile_start_for_delay8_56_U0...
Compiling module work.gemm_tile_start_for_delay8_56_U0
Compiling module work.gemm_tile_start_for_delay8_57_U0...
Compiling module work.gemm_tile_start_for_delay8_57_U0
Compiling module work.gemm_tile_start_for_pe_rest_92_U...
Compiling module work.gemm_tile_start_for_pe_rest_92_U...
Compiling module work.gemm_tile_start_for_delay8_59_U0...
Compiling module work.gemm_tile_start_for_delay8_59_U0
Compiling module work.gemm_tile_start_for_delay8_60_U0...
Compiling module work.gemm_tile_start_for_delay8_60_U0
Compiling module work.gemm_tile_start_for_delay8_61_U0...
Compiling module work.gemm_tile_start_for_delay8_61_U0
Compiling module work.gemm_tile_start_for_delay8_62_U0...
Compiling module work.gemm_tile_start_for_delay8_62_U0
Compiling module work.gemm_tile_start_for_delay8_63_U0...
Compiling module work.gemm_tile_start_for_delay8_63_U0
Compiling module work.gemm_tile_start_for_delay8_64_U0...
Compiling module work.gemm_tile_start_for_delay8_64_U0
Compiling module work.gemm_tile_start_for_pe_rest_93_U...
Compiling module work.gemm_tile_start_for_pe_rest_93_U...
Compiling module work.gemm_tile_start_for_delay8_66_U0...
Compiling module work.gemm_tile_start_for_delay8_66_U0
Compiling module work.gemm_tile_start_for_delay8_67_U0...
Compiling module work.gemm_tile_start_for_delay8_67_U0
Compiling module work.gemm_tile_start_for_delay8_68_U0...
Compiling module work.gemm_tile_start_for_delay8_68_U0
Compiling module work.gemm_tile_start_for_delay8_69_U0...
Compiling module work.gemm_tile_start_for_delay8_69_U0
Compiling module work.gemm_tile_start_for_delay8_70_U0...
Compiling module work.gemm_tile_start_for_delay8_70_U0
Compiling module work.gemm_tile_start_for_delay8_71_U0...
Compiling module work.gemm_tile_start_for_delay8_71_U0
Compiling module work.gemm_tile_start_for_delay8_U0_Sh...
Compiling module work.gemm_tile_start_for_delay8_U0
Compiling module work.gemm_tile_start_for_pe_rest_94_U...
Compiling module work.gemm_tile_start_for_pe_rest_94_U...
Compiling module work.gemm_tile_start_for_pe_rest_96_U...
Compiling module work.gemm_tile_start_for_pe_rest_96_U...
Compiling module work.gemm_tile_start_for_pe_rest_97_U...
Compiling module work.gemm_tile_start_for_pe_rest_97_U...
Compiling module work.gemm_tile_start_for_pe_rest_98_U...
Compiling module work.gemm_tile_start_for_pe_rest_98_U...
Compiling module work.gemm_tile_start_for_pe_rest_99_U...
Compiling module work.gemm_tile_start_for_pe_rest_99_U...
Compiling module work.gemm_tile_start_for_pe_rest_100_...
Compiling module work.gemm_tile_start_for_pe_rest_100_...
Compiling module work.gemm_tile_start_for_pe_rest_101_...
Compiling module work.gemm_tile_start_for_pe_rest_101_...
Compiling module work.gemm_tile_start_for_pe_rest_102_...
Compiling module work.gemm_tile_start_for_pe_rest_102_...
Compiling module work.gemm_tile_start_for_pass32_149_U...
Compiling module work.gemm_tile_start_for_pass32_149_U...
Compiling module work.gemm_tile_start_for_pe_rest_104_...
Compiling module work.gemm_tile_start_for_pe_rest_104_...
Compiling module work.gemm_tile_start_for_pe_rest_105_...
Compiling module work.gemm_tile_start_for_pe_rest_105_...
Compiling module work.gemm_tile_start_for_pe_rest_106_...
Compiling module work.gemm_tile_start_for_pe_rest_106_...
Compiling module work.gemm_tile_start_for_pe_rest_107_...
Compiling module work.gemm_tile_start_for_pe_rest_107_...
Compiling module work.gemm_tile_start_for_pe_rest_108_...
Compiling module work.gemm_tile_start_for_pe_rest_108_...
Compiling module work.gemm_tile_start_for_pe_rest_109_...
Compiling module work.gemm_tile_start_for_pe_rest_109_...
Compiling module work.gemm_tile_start_for_pe_rest_110_...
Compiling module work.gemm_tile_start_for_pe_rest_110_...
Compiling module work.gemm_tile_start_for_pass32_150_U...
Compiling module work.gemm_tile_start_for_pass32_150_U...
Compiling module work.gemm_tile_start_for_pe_rest_112_...
Compiling module work.gemm_tile_start_for_pe_rest_112_...
Compiling module work.gemm_tile_start_for_pe_rest_113_...
Compiling module work.gemm_tile_start_for_pe_rest_113_...
Compiling module work.gemm_tile_start_for_pe_rest_114_...
Compiling module work.gemm_tile_start_for_pe_rest_114_...
Compiling module work.gemm_tile_start_for_pe_rest_115_...
Compiling module work.gemm_tile_start_for_pe_rest_115_...
Compiling module work.gemm_tile_start_for_pe_rest_116_...
Compiling module work.gemm_tile_start_for_pe_rest_116_...
Compiling module work.gemm_tile_start_for_pe_rest_117_...
Compiling module work.gemm_tile_start_for_pe_rest_117_...
Compiling module work.gemm_tile_start_for_pe_rest_118_...
Compiling module work.gemm_tile_start_for_pe_rest_118_...
Compiling module work.gemm_tile_start_for_pass32_151_U...
Compiling module work.gemm_tile_start_for_pass32_151_U...
Compiling module work.gemm_tile_start_for_pe_rest_120_...
Compiling module work.gemm_tile_start_for_pe_rest_120_...
Compiling module work.gemm_tile_start_for_pe_rest_121_...
Compiling module work.gemm_tile_start_for_pe_rest_121_...
Compiling module work.gemm_tile_start_for_pe_rest_122_...
Compiling module work.gemm_tile_start_for_pe_rest_122_...
Compiling module work.gemm_tile_start_for_pe_rest_123_...
Compiling module work.gemm_tile_start_for_pe_rest_123_...
Compiling module work.gemm_tile_start_for_pe_rest_124_...
Compiling module work.gemm_tile_start_for_pe_rest_124_...
Compiling module work.gemm_tile_start_for_pe_rest_125_...
Compiling module work.gemm_tile_start_for_pe_rest_125_...
Compiling module work.gemm_tile_start_for_pe_rest_126_...
Compiling module work.gemm_tile_start_for_pe_rest_126_...
Compiling module work.gemm_tile_start_for_pass32_152_U...
Compiling module work.gemm_tile_start_for_pass32_152_U...
Compiling module work.gemm_tile_start_for_pe_rest_128_...
Compiling module work.gemm_tile_start_for_pe_rest_128_...
Compiling module work.gemm_tile_start_for_pe_rest_129_...
Compiling module work.gemm_tile_start_for_pe_rest_129_...
Compiling module work.gemm_tile_start_for_pe_rest_130_...
Compiling module work.gemm_tile_start_for_pe_rest_130_...
Compiling module work.gemm_tile_start_for_pe_rest_131_...
Compiling module work.gemm_tile_start_for_pe_rest_131_...
Compiling module work.gemm_tile_start_for_pe_rest_132_...
Compiling module work.gemm_tile_start_for_pe_rest_132_...
Compiling module work.gemm_tile_start_for_pe_rest_133_...
Compiling module work.gemm_tile_start_for_pe_rest_133_...
Compiling module work.gemm_tile_start_for_pe_rest_134_...
Compiling module work.gemm_tile_start_for_pe_rest_134_...
Compiling module work.gemm_tile_start_for_pass32_153_U...
Compiling module work.gemm_tile_start_for_pass32_153_U...
Compiling module work.gemm_tile_start_for_pe_rest_136_...
Compiling module work.gemm_tile_start_for_pe_rest_136_...
Compiling module work.gemm_tile_start_for_pe_rest_137_...
Compiling module work.gemm_tile_start_for_pe_rest_137_...
Compiling module work.gemm_tile_start_for_pe_rest_138_...
Compiling module work.gemm_tile_start_for_pe_rest_138_...
Compiling module work.gemm_tile_start_for_pe_rest_139_...
Compiling module work.gemm_tile_start_for_pe_rest_139_...
Compiling module work.gemm_tile_start_for_pe_rest_140_...
Compiling module work.gemm_tile_start_for_pe_rest_140_...
Compiling module work.gemm_tile_start_for_pe_rest_141_...
Compiling module work.gemm_tile_start_for_pe_rest_141_...
Compiling module work.gemm_tile_start_for_pe_rest_142_...
Compiling module work.gemm_tile_start_for_pe_rest_142_...
Compiling module work.gemm_tile_start_for_pass32_154_U...
Compiling module work.gemm_tile_start_for_pass32_154_U...
Compiling module work.gemm_tile_start_for_pe_rest_143_...
Compiling module work.gemm_tile_start_for_pe_rest_143_...
Compiling module work.gemm_tile_start_for_pe_rest_144_...
Compiling module work.gemm_tile_start_for_pe_rest_144_...
Compiling module work.gemm_tile_start_for_pe_rest_145_...
Compiling module work.gemm_tile_start_for_pe_rest_145_...
Compiling module work.gemm_tile_start_for_pe_rest_146_...
Compiling module work.gemm_tile_start_for_pe_rest_146_...
Compiling module work.gemm_tile_start_for_pe_rest_147_...
Compiling module work.gemm_tile_start_for_pe_rest_147_...
Compiling module work.gemm_tile_start_for_pe_rest_148_...
Compiling module work.gemm_tile_start_for_pe_rest_148_...
Compiling module work.gemm_tile_start_for_pe_rest_U0_S...
Compiling module work.gemm_tile_start_for_pe_rest_U0
Compiling module work.gemm_tile_start_for_pass32_155_U...
Compiling module work.gemm_tile_start_for_pass32_155_U...
Compiling module work.gemm_tile_start_for_pass32_U0_Sh...
Compiling module work.gemm_tile_start_for_pass32_U0
Compiling module work.gemm_tile
Compiling module work.dut_norm
Compiling module work.tb(NPROD=12)
Built simulation snapshot tbsim
