Copyright 1986-2022 Xilinx, Inc. All Rights Reserved. Copyright 2022-2023 Advanced Micro Devices, Inc. All Rights Reserved.
--------------------------------------------------------------------------------------------------------------------------------------------------
| Tool Version      : Vivado v.2023.2 (lin64) Build 4029153 Fri Oct 13 20:13:54 MDT 2023
| Date              : Sun Sep 13 14:59:04 2026
| Host              : brg-zhang-xcel.ece.cornell.edu running 64-bit Red Hat Enterprise Linux 9.8 (Plow)
| Command           : report_timing_summary -file timing.rpt
| Design            : spmw_harness
| Device            : xcu280-fsvh2892
| Speed File        : -2L  PRODUCTION 1.30 05-01-2022
| Design State      : Routed
| Temperature Grade : E
--------------------------------------------------------------------------------------------------------------------------------------------------

Timing Summary Report

------------------------------------------------------------------------------------------------
| Timer Settings
| --------------
------------------------------------------------------------------------------------------------

  Enable Multi Corner Analysis               :  Yes
  Enable Pessimism Removal                   :  Yes
  Pessimism Removal Resolution               :  Nearest Common Node
  Enable Input Delay Default Clock           :  No
  Enable Preset / Clear Arcs                 :  No
  Disable Flight Delays                      :  No
  Ignore I/O Paths                           :  No
  Timing Early Launch at Borrowing Latches   :  No
  Borrow Time for Max Delay Exceptions       :  Yes
  Merge Timing Exceptions                    :  Yes
  Inter-SLR Compensation                     :  Conservative

  Corner  Analyze    Analyze    
  Name    Max Paths  Min Paths  
  ------  ---------  ---------  
  Slow    Yes        Yes        
  Fast    Yes        Yes        


------------------------------------------------------------------------------------------------
| Report Methodology
| ------------------
------------------------------------------------------------------------------------------------

No report available as report_methodology has not been run prior. Run report_methodology on the current design for the summary of methodology violations.



check_timing report

Table of Contents
-----------------
1. checking no_clock (0)
2. checking constant_clock (0)
3. checking pulse_width_clock (0)
4. checking unconstrained_internal_endpoints (0)
5. checking no_input_delay (2)
6. checking no_output_delay (32)
7. checking multiple_clock (0)
8. checking generated_clocks (0)
9. checking loops (0)
10. checking partial_input_delay (0)
11. checking partial_output_delay (0)
12. checking latch_loops (0)

1. checking no_clock (0)
------------------------
 There are 0 register/latch pins with no clock.


2. checking constant_clock (0)
------------------------------
 There are 0 register/latch pins with constant_clock.


3. checking pulse_width_clock (0)
---------------------------------
 There are 0 register/latch pins which need pulse_width check


4. checking unconstrained_internal_endpoints (0)
------------------------------------------------
 There are 0 pins that are not constrained for maximum delay.

 There are 0 pins that are not constrained for maximum delay due to constant clock.


5. checking no_input_delay (2)
------------------------------
 There are 2 input ports with no input delay specified. (HIGH)

 There are 0 input ports with no input delay but user has a false path constraint.


6. checking no_output_delay (32)
--------------------------------
 There are 32 ports with no output delay specified. (HIGH)

 There are 0 ports with no output delay but user has a false path constraint

 There are 0 ports with no output delay but with a timing clock defined on it or propagating through it


7. checking multiple_clock (0)
------------------------------
 There are 0 register/latch pins with multiple clocks.


8. checking generated_clocks (0)
--------------------------------
 There are 0 generated clocks that are not connected to a clock source.


9. checking loops (0)
---------------------
 There are 0 combinational loops in the design.


10. checking partial_input_delay (0)
------------------------------------
 There are 0 input ports with partial input delay specified.


11. checking partial_output_delay (0)
-------------------------------------
 There are 0 ports with partial output delay specified.


12. checking latch_loops (0)
----------------------------
 There are 0 combinational latch loops in the design through latch input



------------------------------------------------------------------------------------------------
| Design Timing Summary
| ---------------------
------------------------------------------------------------------------------------------------

    WNS(ns)      TNS(ns)  TNS Failing Endpoints  TNS Total Endpoints      WHS(ns)      THS(ns)  THS Failing Endpoints  THS Total Endpoints     WPWS(ns)     TPWS(ns)  TPWS Failing Endpoints  TPWS Total Endpoints  
    -------      -------  ---------------------  -------------------      -------      -------  ---------------------  -------------------     --------     --------  ----------------------  --------------------  
      0.707        0.000                      0                36936        0.009        0.000                      0                36936        1.134        0.000                       0                 19078  


All user specified timing constraints are met.


------------------------------------------------------------------------------------------------
| Clock Summary
| -------------
------------------------------------------------------------------------------------------------

Clock   Waveform(ns)         Period(ns)      Frequency(MHz)
-----   ------------         ----------      --------------
ap_clk  {0.000 1.666}        3.333           300.030         


------------------------------------------------------------------------------------------------
| Intra Clock Table
| -----------------
------------------------------------------------------------------------------------------------

Clock             WNS(ns)      TNS(ns)  TNS Failing Endpoints  TNS Total Endpoints      WHS(ns)      THS(ns)  THS Failing Endpoints  THS Total Endpoints     WPWS(ns)     TPWS(ns)  TPWS Failing Endpoints  TPWS Total Endpoints  
-----             -------      -------  ---------------------  -------------------      -------      -------  ---------------------  -------------------     --------     --------  ----------------------  --------------------  
ap_clk              0.707        0.000                      0                36936        0.009        0.000                      0                36936        1.134        0.000                       0                 19078  


------------------------------------------------------------------------------------------------
| Inter Clock Table
| -----------------
------------------------------------------------------------------------------------------------

From Clock    To Clock          WNS(ns)      TNS(ns)  TNS Failing Endpoints  TNS Total Endpoints      WHS(ns)      THS(ns)  THS Failing Endpoints  THS Total Endpoints  
----------    --------          -------      -------  ---------------------  -------------------      -------      -------  ---------------------  -------------------  


------------------------------------------------------------------------------------------------
| Other Path Groups Table
| -----------------------
------------------------------------------------------------------------------------------------

Path Group    From Clock    To Clock          WNS(ns)      TNS(ns)  TNS Failing Endpoints  TNS Total Endpoints      WHS(ns)      THS(ns)  THS Failing Endpoints  THS Total Endpoints  
----------    ----------    --------          -------      -------  ---------------------  -------------------      -------      -------  ---------------------  -------------------  


------------------------------------------------------------------------------------------------
| Timing Details
| --------------
------------------------------------------------------------------------------------------------


---------------------------------------------------------------------------------------------------
From Clock:  ap_clk
  To Clock:  ap_clk

Setup :            0  Failing Endpoints,  Worst Slack        0.707ns,  Total Violation        0.000ns
Hold  :            0  Failing Endpoints,  Worst Slack        0.009ns,  Total Violation        0.000ns
PW    :            0  Failing Endpoints,  Worst Slack        1.134ns,  Total Violation        0.000ns
---------------------------------------------------------------------------------------------------


Max Delay Paths
--------------------------------------------------------------------------------------
Slack (MET) :             0.707ns  (required time - arrival time)
  Source:                 dut/u_switch_r1_2_3/u/grp_switch_r1_0_Pipeline_VITIS_LOOP_22_1_fu_48/v6_fu_40_reg[0]/C
                            (rising edge-triggered cell FDRE clocked by ap_clk  {rise@0.000ns fall@1.666ns period=3.333ns})
  Destination:            dut/g_switch_out_r_in_r[15].u/slice.q0_reg[12]/D
                            (rising edge-triggered cell FDRE clocked by ap_clk  {rise@0.000ns fall@1.666ns period=3.333ns})
  Path Group:             ap_clk
  Path Type:              Setup (Max at Slow Process Corner)
  Requirement:            3.333ns  (ap_clk rise@3.333ns - ap_clk rise@0.000ns)
  Data Path Delay:        2.406ns  (logic 0.315ns (13.095%)  route 2.091ns (86.905%))
  Logic Levels:           2  (LUT4=1 LUT6=1)
  Clock Path Skew:        -0.210ns (DCD - SCD + CPR)
    Destination Clock Delay (DCD):    2.277ns = ( 5.610 - 3.333 ) 
    Source Clock Delay      (SCD):    2.905ns
    Clock Pessimism Removal (CPR):    0.417ns
  Clock Uncertainty:      0.035ns  ((TSJ^2 + TIJ^2)^1/2 + DJ) / 2 + PE
    Total System Jitter     (TSJ):    0.071ns
    Total Input Jitter      (TIJ):    0.000ns
    Discrete Jitter          (DJ):    0.000ns
    Phase Error              (PE):    0.000ns
  Clock Net Delay (Source):      1.918ns (routing 0.931ns, distribution 0.987ns)
  Clock Net Delay (Destination): 1.583ns (routing 0.848ns, distribution 0.735ns)

    Location             Delay type                Incr(ns)  Path(ns)    Netlist Resource(s)
  -------------------------------------------------------------------    -------------------
                         (clock ap_clk rise edge)     0.000     0.000 r  
    BH26                                              0.000     0.000 r  ap_clk (IN)
                         net (fo=0)                   0.000     0.000    ap_clk_IBUF_inst/I
    BH26                 INBUF (Prop_INBUF_HPIOB_M_PAD_O)
                                                      0.636     0.636 r  ap_clk_IBUF_inst/INBUF_INST/O
                         net (fo=1, routed)           0.000     0.636    ap_clk_IBUF_inst/OUT
    BH26                 IBUFCTRL (Prop_IBUFCTRL_HPIOB_M_I_O)
                                                      0.000     0.636 r  ap_clk_IBUF_inst/IBUFCTRL_INST/O
                         net (fo=1, routed)           0.323     0.959    ap_clk_IBUF
    BUFGCE_X0Y72         BUFGCE (Prop_BUFCE_BUFGCE_I_O)
                                                      0.028     0.987 r  ap_clk_IBUF_BUFG_inst/O
    X5Y2 (CLOCK_ROOT)    net (fo=19077, routed)       1.918     2.905    dut/u_switch_r1_2_3/u/grp_switch_r1_0_Pipeline_VITIS_LOOP_22_1_fu_48/ap_clk_IBUF_BUFG
    SLICE_X183Y230       FDRE                                         r  dut/u_switch_r1_2_3/u/grp_switch_r1_0_Pipeline_VITIS_LOOP_22_1_fu_48/v6_fu_40_reg[0]/C
  -------------------------------------------------------------------    -------------------
    SLICE_X183Y230       FDRE (Prop_BFF2_SLICEL_C_Q)
                                                      0.080     2.985 r  dut/u_switch_r1_2_3/u/grp_switch_r1_0_Pipeline_VITIS_LOOP_22_1_fu_48/v6_fu_40_reg[0]/Q
                         net (fo=68, routed)          1.576     4.561    dut/u_switch_r1_2_3/u/grp_switch_r1_0_Pipeline_l_S_i_0_i_fu_55/reg_120_reg[0]_1[0]
    SLICE_X155Y214       LUT4 (Prop_F6LUT_SLICEL_I2_O)
                                                      0.089     4.650 f  dut/u_switch_r1_2_3/u/grp_switch_r1_0_Pipeline_l_S_i_0_i_fu_55/slice.q1[12]_i_2__13/O
                         net (fo=2, routed)           0.465     5.114    dut/u_switch_r1_2_3/u/grp_switch_r1_0_Pipeline_l_S_i_0_i_fu_55/slice.q1[12]_i_2__13_n_0
    SLICE_X153Y214       LUT6 (Prop_C6LUT_SLICEL_I1_O)
                                                      0.146     5.260 r  dut/u_switch_r1_2_3/u/grp_switch_r1_0_Pipeline_l_S_i_0_i_fu_55/slice.q0[12]_i_1__15/O
                         net (fo=1, routed)           0.050     5.310    dut/g_switch_out_r_in_r[15].u/slice.q0_reg[31]_1[12]
    SLICE_X153Y214       FDRE                                         r  dut/g_switch_out_r_in_r[15].u/slice.q0_reg[12]/D
  -------------------------------------------------------------------    -------------------

                         (clock ap_clk rise edge)     3.333     3.333 r  
    BH26                                              0.000     3.333 r  ap_clk (IN)
                         net (fo=0)                   0.000     3.333    ap_clk_IBUF_inst/I
    BH26                 INBUF (Prop_INBUF_HPIOB_M_PAD_O)
                                                      0.385     3.718 r  ap_clk_IBUF_inst/INBUF_INST/O
                         net (fo=1, routed)           0.000     3.718    ap_clk_IBUF_inst/OUT
    BH26                 IBUFCTRL (Prop_IBUFCTRL_HPIOB_M_I_O)
                                                      0.000     3.718 r  ap_clk_IBUF_inst/IBUFCTRL_INST/O
                         net (fo=1, routed)           0.286     4.004    ap_clk_IBUF
    BUFGCE_X0Y72         BUFGCE (Prop_BUFCE_BUFGCE_I_O)
                                                      0.024     4.028 r  ap_clk_IBUF_BUFG_inst/O
    X5Y2 (CLOCK_ROOT)    net (fo=19077, routed)       1.583     5.610    dut/g_switch_out_r_in_r[15].u/ap_clk_IBUF_BUFG
    SLICE_X153Y214       FDRE                                         r  dut/g_switch_out_r_in_r[15].u/slice.q0_reg[12]/C
                         clock pessimism              0.417     6.027    
                         clock uncertainty           -0.035     5.992    
    SLICE_X153Y214       FDRE (Setup_CFF_SLICEL_C_D)
                                                      0.025     6.017    dut/g_switch_out_r_in_r[15].u/slice.q0_reg[12]
  -------------------------------------------------------------------
                         required time                          6.017    
                         arrival time                          -5.310    
  -------------------------------------------------------------------
                         slack                                  0.707    





Min Delay Paths
--------------------------------------------------------------------------------------
Slack (MET) :             0.009ns  (arrival time - required time)
  Source:                 dut/u_pe_r2_0_0/u/grp_pe_r2_0_Pipeline_l_S_i_0_i_fu_77/i_fu_60_reg[0]/C
                            (rising edge-triggered cell FDRE clocked by ap_clk  {rise@0.000ns fall@1.666ns period=3.333ns})
  Destination:            dut/u_pe_r2_0_0/u/grp_pe_r2_0_Pipeline_l_S_i_0_i_fu_77/ap_loop_exit_ready_pp0_iter1_reg_reg/D
                            (rising edge-triggered cell FDRE clocked by ap_clk  {rise@0.000ns fall@1.666ns period=3.333ns})
  Path Group:             ap_clk
  Path Type:              Hold (Min at Slow Process Corner)
  Requirement:            0.000ns  (ap_clk rise@0.000ns - ap_clk rise@0.000ns)
  Data Path Delay:        0.171ns  (logic 0.080ns (46.905%)  route 0.091ns (53.095%))
  Logic Levels:           1  (LUT6=1)
  Clock Path Skew:        0.101ns (DCD - SCD - CPR)
    Destination Clock Delay (DCD):    2.786ns
    Source Clock Delay      (SCD):    2.274ns
    Clock Pessimism Removal (CPR):    0.410ns
  Clock Net Delay (Source):      1.580ns (routing 0.848ns, distribution 0.732ns)
  Clock Net Delay (Destination): 1.799ns (routing 0.931ns, distribution 0.868ns)

    Location             Delay type                Incr(ns)  Path(ns)    Netlist Resource(s)
  -------------------------------------------------------------------    -------------------
                         (clock ap_clk rise edge)     0.000     0.000 r  
    BH26                                              0.000     0.000 r  ap_clk (IN)
                         net (fo=0)                   0.000     0.000    ap_clk_IBUF_inst/I
    BH26                 INBUF (Prop_INBUF_HPIOB_M_PAD_O)
                                                      0.385     0.385 r  ap_clk_IBUF_inst/INBUF_INST/O
                         net (fo=1, routed)           0.000     0.385    ap_clk_IBUF_inst/OUT
    BH26                 IBUFCTRL (Prop_IBUFCTRL_HPIOB_M_I_O)
                                                      0.000     0.385 r  ap_clk_IBUF_inst/IBUFCTRL_INST/O
                         net (fo=1, routed)           0.286     0.671    ap_clk_IBUF
    BUFGCE_X0Y72         BUFGCE (Prop_BUFCE_BUFGCE_I_O)
                                                      0.024     0.695 r  ap_clk_IBUF_BUFG_inst/O
    X5Y2 (CLOCK_ROOT)    net (fo=19077, routed)       1.580     2.274    dut/u_pe_r2_0_0/u/grp_pe_r2_0_Pipeline_l_S_i_0_i_fu_77/ap_clk_IBUF_BUFG
    SLICE_X166Y156       FDRE                                         r  dut/u_pe_r2_0_0/u/grp_pe_r2_0_Pipeline_l_S_i_0_i_fu_77/i_fu_60_reg[0]/C
  -------------------------------------------------------------------    -------------------
    SLICE_X166Y156       FDRE (Prop_CFF_SLICEM_C_Q)
                                                      0.058     2.332 f  dut/u_pe_r2_0_0/u/grp_pe_r2_0_Pipeline_l_S_i_0_i_fu_77/i_fu_60_reg[0]/Q
                         net (fo=8, routed)           0.069     2.401    dut/u_pe_r2_0_0/u/grp_pe_r2_0_Pipeline_l_S_i_0_i_fu_77/flow_control_loop_pipe_sequential_init_U/ap_loop_exit_ready_pp0_iter1_reg_reg_4
    SLICE_X165Y156       LUT6 (Prop_D6LUT_SLICEL_I4_O)
                                                      0.022     2.423 r  dut/u_pe_r2_0_0/u/grp_pe_r2_0_Pipeline_l_S_i_0_i_fu_77/flow_control_loop_pipe_sequential_init_U/ap_loop_exit_ready_pp0_iter1_reg_i_1__51/O
                         net (fo=1, routed)           0.022     2.445    dut/u_pe_r2_0_0/u/grp_pe_r2_0_Pipeline_l_S_i_0_i_fu_77/grp_pe_r2_0_Pipeline_l_S_i_0_i_fu_77_ap_ready
    SLICE_X165Y156       FDRE                                         r  dut/u_pe_r2_0_0/u/grp_pe_r2_0_Pipeline_l_S_i_0_i_fu_77/ap_loop_exit_ready_pp0_iter1_reg_reg/D
  -------------------------------------------------------------------    -------------------

                         (clock ap_clk rise edge)     0.000     0.000 r  
    BH26                                              0.000     0.000 r  ap_clk (IN)
                         net (fo=0)                   0.000     0.000    ap_clk_IBUF_inst/I
    BH26                 INBUF (Prop_INBUF_HPIOB_M_PAD_O)
                                                      0.636     0.636 r  ap_clk_IBUF_inst/INBUF_INST/O
                         net (fo=1, routed)           0.000     0.636    ap_clk_IBUF_inst/OUT
    BH26                 IBUFCTRL (Prop_IBUFCTRL_HPIOB_M_I_O)
                                                      0.000     0.636 r  ap_clk_IBUF_inst/IBUFCTRL_INST/O
                         net (fo=1, routed)           0.323     0.959    ap_clk_IBUF
    BUFGCE_X0Y72         BUFGCE (Prop_BUFCE_BUFGCE_I_O)
                                                      0.028     0.987 r  ap_clk_IBUF_BUFG_inst/O
    X5Y2 (CLOCK_ROOT)    net (fo=19077, routed)       1.799     2.786    dut/u_pe_r2_0_0/u/grp_pe_r2_0_Pipeline_l_S_i_0_i_fu_77/ap_clk_IBUF_BUFG
    SLICE_X165Y156       FDRE                                         r  dut/u_pe_r2_0_0/u/grp_pe_r2_0_Pipeline_l_S_i_0_i_fu_77/ap_loop_exit_ready_pp0_iter1_reg_reg/C
                         clock pessimism             -0.410     2.376    
    SLICE_X165Y156       FDRE (Hold_DFF_SLICEL_C_D)
                                                      0.060     2.436    dut/u_pe_r2_0_0/u/grp_pe_r2_0_Pipeline_l_S_i_0_i_fu_77/ap_loop_exit_ready_pp0_iter1_reg_reg
  -------------------------------------------------------------------
                         required time                         -2.436    
                         arrival time                           2.445    
  -------------------------------------------------------------------
                         slack                                  0.009    





Pulse Width Checks
--------------------------------------------------------------------------------------
Clock Name:         ap_clk
Waveform(ns):       { 0.000 1.666 }
Period(ns):         3.333
Sources:            { ap_clk }

Check Type        Corner  Lib Pin     Reference Pin  Required(ns)  Actual(ns)  Slack(ns)  Location        Pin
Min Period        n/a     BUFGCE/I    n/a            1.290         3.333       2.043      BUFGCE_X0Y72    ap_clk_IBUF_BUFG_inst/I
Low Pulse Width   Slow    SRL16E/CLK  n/a            0.532         1.666       1.134      SLICE_X166Y161  gen_pe_x_mem[0].lf_pe_x_mem_reg[19]_srl4___gen_pe_x_mem_r_2/CLK
High Pulse Width  Slow    SRL16E/CLK  n/a            0.532         1.667       1.135      SLICE_X166Y161  gen_pe_x_mem[0].lf_pe_x_mem_reg[19]_srl4___gen_pe_x_mem_r_2/CLK



