

================================================================
== Vitis HLS Report for 'lanes2_r0_0'
================================================================
* Date:           Wed Sep 23 04:08:38 2026

* Version:        2023.2 (Build 4023990 on Oct 11 2023)
* Project:        prj
* Solution:       sol (Vivado IP Flow Target)
* Product family: virtexuplusHBM
* Target device:  xcu280-fsvh2892-2L-e


================================================================
== Performance Estimates
================================================================
+ Timing: 
    * Summary: 
    +--------+---------+----------+------------+
    |  Clock |  Target | Estimated| Uncertainty|
    +--------+---------+----------+------------+
    |ap_clk  |  6.17 ns|  4.940 ns|     0.90 ns|
    +--------+---------+----------+------------+

+ Latency: 
    * Summary: 
    +---------+---------+----------+----------+-----+-----+---------+
    |  Latency (cycles) |  Latency (absolute) |  Interval | Pipeline|
    |   min   |   max   |    min   |    max   | min | max |   Type  |
    +---------+---------+----------+----------+-----+-----+---------+
    |      265|      265|  1.635 us|  1.635 us|  266|  266|       no|
    +---------+---------+----------+----------+-----+-----+---------+

    + Detail: 
        * Instance: 
        +------------------------------------------------+--------------------------------------+---------+---------+-----------+-----------+-----+-----+---------+
        |                                                |                                      |  Latency (cycles) |   Latency (absolute)  |  Interval | Pipeline|
        |                    Instance                    |                Module                |   min   |   max   |    min    |    max    | min | max |   Type  |
        +------------------------------------------------+--------------------------------------+---------+---------+-----------+-----------+-----+-----+---------+
        |grp_lanes2_r0_0_Pipeline_VITIS_LOOP_22_1_fu_48  |lanes2_r0_0_Pipeline_VITIS_LOOP_22_1  |        4|        4|  24.680 ns|  24.680 ns|    4|    4|       no|
        |grp_lanes2_r0_0_Pipeline_l_S_m_0_m_fu_55        |lanes2_r0_0_Pipeline_l_S_m_0_m        |      258|      258|   1.592 us|   1.592 us|  258|  258|       no|
        +------------------------------------------------+--------------------------------------+---------+---------+-----------+-----------+-----+-----+---------+

        * Loop: 
        N/A



================================================================
== Utilization Estimates
================================================================
* Summary: 
+---------------------+---------+------+---------+---------+-----+
|         Name        | BRAM_18K|  DSP |    FF   |   LUT   | URAM|
+---------------------+---------+------+---------+---------+-----+
|DSP                  |        -|     -|        -|        -|    -|
|Expression           |        -|     -|        -|        -|    -|
|FIFO                 |        -|     -|        -|        -|    -|
|Instance             |        -|     -|       53|      695|    -|
|Memory               |        -|     -|        -|        -|    -|
|Multiplexer          |        -|     -|        -|       71|    -|
|Register             |        -|     -|       75|        -|    -|
+---------------------+---------+------+---------+---------+-----+
|Total                |        0|     0|      128|      766|    0|
+---------------------+---------+------+---------+---------+-----+
|Available SLR        |     1344|  3008|   869120|   434560|  320|
+---------------------+---------+------+---------+---------+-----+
|Utilization SLR (%)  |        0|     0|       ~0|       ~0|    0|
+---------------------+---------+------+---------+---------+-----+
|Available            |     4032|  9024|  2607360|  1303680|  960|
+---------------------+---------+------+---------+---------+-----+
|Utilization (%)      |        0|     0|       ~0|       ~0|    0|
+---------------------+---------+------+---------+---------+-----+

+ Detail: 
    * Instance: 
    +------------------------------------------------+--------------------------------------+---------+----+----+-----+-----+
    |                    Instance                    |                Module                | BRAM_18K| DSP| FF | LUT | URAM|
    +------------------------------------------------+--------------------------------------+---------+----+----+-----+-----+
    |grp_lanes2_r0_0_Pipeline_VITIS_LOOP_22_1_fu_48  |lanes2_r0_0_Pipeline_VITIS_LOOP_22_1  |        0|   0|  36|  260|    0|
    |grp_lanes2_r0_0_Pipeline_l_S_m_0_m_fu_55        |lanes2_r0_0_Pipeline_l_S_m_0_m        |        0|   0|  17|  435|    0|
    +------------------------------------------------+--------------------------------------+---------+----+----+-----+-----+
    |Total                                           |                                      |        0|   0|  53|  695|    0|
    +------------------------------------------------+--------------------------------------+---------+----+----+-----+-----+

    * DSP: 
    N/A

    * Memory: 
    N/A

    * FIFO: 
    N/A

    * Expression: 
    N/A

    * Multiplexer: 
    +-----------+----+-----------+-----+-----------+
    |    Name   | LUT| Input Size| Bits| Total Bits|
    +-----------+----+-----------+-----+-----------+
    |ap_NS_fsm  |  26|          5|    1|          5|
    |v0_blk_n   |   9|          2|    1|          2|
    |v1_write   |   9|          2|    1|          2|
    |v2_write   |   9|          2|    1|          2|
    |v3_read    |   9|          2|    1|          2|
    |v4_read    |   9|          2|    1|          2|
    +-----------+----+-----------+-----+-----------+
    |Total      |  71|         15|    6|         15|
    +-----------+----+-----------+-----+-----------+

    * Register: 
    +-------------------------------------------------------------+----+----+-----+-----------+
    |                             Name                            | FF | LUT| Bits| Const Bits|
    +-------------------------------------------------------------+----+----+-----+-----------+
    |ap_CS_fsm                                                    |   4|   0|    4|          0|
    |grp_lanes2_r0_0_Pipeline_VITIS_LOOP_22_1_fu_48_ap_start_reg  |   1|   0|    1|          0|
    |grp_lanes2_r0_0_Pipeline_l_S_m_0_m_fu_55_ap_start_reg        |   1|   0|    1|          0|
    |v0_read_reg_78                                               |  64|   0|   64|          0|
    |v6_loc_fu_38                                                 |   5|   0|    5|          0|
    +-------------------------------------------------------------+----+----+-----+-----------+
    |Total                                                        |  75|   0|   75|          0|
    +-------------------------------------------------------------+----+----+-----+-----------+



================================================================
== Interface
================================================================
* Summary: 
+------------+-----+-----+--------------+--------------+--------------+
|  RTL Ports | Dir | Bits|   Protocol   | Source Object|    C Type    |
+------------+-----+-----+--------------+--------------+--------------+
|ap_clk      |   in|    1|  ap_ctrl_none|   lanes2_r0_0|  return value|
|ap_rst      |   in|    1|  ap_ctrl_none|   lanes2_r0_0|  return value|
|v0_dout     |   in|   64|       ap_fifo|            v0|       pointer|
|v0_empty_n  |   in|    1|       ap_fifo|            v0|       pointer|
|v0_read     |  out|    1|       ap_fifo|            v0|       pointer|
|v1_din      |  out|   32|       ap_fifo|            v1|       pointer|
|v1_full_n   |   in|    1|       ap_fifo|            v1|       pointer|
|v1_write    |  out|    1|       ap_fifo|            v1|       pointer|
|v2_din      |  out|   32|       ap_fifo|            v2|       pointer|
|v2_full_n   |   in|    1|       ap_fifo|            v2|       pointer|
|v2_write    |  out|    1|       ap_fifo|            v2|       pointer|
|v3_dout     |   in|   32|       ap_fifo|            v3|       pointer|
|v3_empty_n  |   in|    1|       ap_fifo|            v3|       pointer|
|v3_read     |  out|    1|       ap_fifo|            v3|       pointer|
|v4_dout     |   in|   32|       ap_fifo|            v4|       pointer|
|v4_empty_n  |   in|    1|       ap_fifo|            v4|       pointer|
|v4_read     |  out|    1|       ap_fifo|            v4|       pointer|
+------------+-----+-----+--------------+--------------+--------------+

