

================================================================
== Vitis HLS Report for 'blk2_r0_0_Pipeline_l_S_k_0_k'
================================================================
* Date:           Wed Sep 23 04:08:41 2026

* Version:        2023.2 (Build 4023990 on Oct 11 2023)
* Project:        prj
* Solution:       sol (Vivado IP Flow Target)
* Product family: virtexuplusHBM
* Target device:  xcu280-fsvh2892-2L-e


================================================================
== Performance Estimates
================================================================
+ Timing: 
    * Summary: 
    +--------+---------+----------+------------+
    |  Clock |  Target | Estimated| Uncertainty|
    +--------+---------+----------+------------+
    |ap_clk  |  6.17 ns|  1.815 ns|     0.90 ns|
    +--------+---------+----------+------------+

+ Latency: 
    * Summary: 
    +---------+---------+----------+----------+-----+-----+---------+
    |  Latency (cycles) |  Latency (absolute) |  Interval | Pipeline|
    |   min   |   max   |    min   |    max   | min | max |   Type  |
    +---------+---------+----------+----------+-----+-----+---------+
    |       19|       19|  0.117 us|  0.117 us|   19|   19|       no|
    +---------+---------+----------+----------+-----+-----+---------+

    + Detail: 
        * Instance: 
        N/A

        * Loop: 
        +---------------+---------+---------+----------+-----------+-----------+------+----------+
        |               |  Latency (cycles) | Iteration|  Initiation Interval  | Trip |          |
        |   Loop Name   |   min   |   max   |  Latency |  achieved |   target  | Count| Pipelined|
        +---------------+---------+---------+----------+-----------+-----------+------+----------+
        |- l_S__k_0__k  |       17|       17|         2|          1|          1|    16|       yes|
        +---------------+---------+---------+----------+-----------+-----------+------+----------+



================================================================
== Utilization Estimates
================================================================
* Summary: 
+---------------------+---------+------+---------+---------+-----+
|         Name        | BRAM_18K|  DSP |    FF   |   LUT   | URAM|
+---------------------+---------+------+---------+---------+-----+
|DSP                  |        -|     -|        -|        -|    -|
|Expression           |        -|     -|        0|       31|    -|
|FIFO                 |        -|     -|        -|        -|    -|
|Instance             |        -|     -|        -|        -|    -|
|Memory               |        -|     -|        -|        -|    -|
|Multiplexer          |        -|     -|        -|      108|    -|
|Register             |        -|     -|       42|        -|    -|
+---------------------+---------+------+---------+---------+-----+
|Total                |        0|     0|       42|      139|    0|
+---------------------+---------+------+---------+---------+-----+
|Available SLR        |     1344|  3008|   869120|   434560|  320|
+---------------------+---------+------+---------+---------+-----+
|Utilization SLR (%)  |        0|     0|       ~0|       ~0|    0|
+---------------------+---------+------+---------+---------+-----+
|Available            |     4032|  9024|  2607360|  1303680|  960|
+---------------------+---------+------+---------+---------+-----+
|Utilization (%)      |        0|     0|       ~0|       ~0|    0|
+---------------------+---------+------+---------+---------+-----+

+ Detail: 
    * Instance: 
    N/A

    * DSP: 
    N/A

    * Memory: 
    N/A

    * FIFO: 
    N/A

    * Expression: 
    +----------------------------------+----------+----+---+----+------------+------------+
    |           Variable Name          | Operation| DSP| FF| LUT| Bitwidth P0| Bitwidth P1|
    +----------------------------------+----------+----+---+----+------------+------------+
    |p_k_2_fu_160_p2                   |         +|   0|  0|  12|           5|           1|
    |ap_block_pp0_stage0_01001         |       and|   0|  0|   2|           1|           1|
    |icmp_ln34_fu_154_p2               |      icmp|   0|  0|  13|           5|           6|
    |ap_block_state2_pp0_stage0_iter1  |        or|   0|  0|   2|           1|           1|
    |ap_enable_pp0                     |       xor|   0|  0|   2|           1|           2|
    +----------------------------------+----------+----+---+----+------------+------------+
    |Total                             |          |   0|  0|  31|          13|          11|
    +----------------------------------+----------+----+---+----+------------+------------+

    * Multiplexer: 
    +----------------------------------+----+-----------+-----+-----------+
    |               Name               | LUT| Input Size| Bits| Total Bits|
    +----------------------------------+----+-----------+-----+-----------+
    |ap_done_int                       |   9|          2|    1|          2|
    |ap_loop_exit_ready_pp0_iter1_reg  |   9|          2|    1|          2|
    |ap_sig_allocacmp_p_k_1            |   9|          2|    5|         10|
    |n0_1_fu_52                        |   9|          2|    8|         16|
    |p_k_fu_60                         |   9|          2|    5|         10|
    |v10_blk_n                         |   9|          2|    1|          2|
    |v11_blk_n                         |   9|          2|    1|          2|
    |v18_fu_64                         |   9|          2|    8|         16|
    |v20_fu_56                         |   9|          2|    8|         16|
    |v21_fu_68                         |   9|          2|    8|         16|
    |v8_blk_n                          |   9|          2|    1|          2|
    |v9_blk_n                          |   9|          2|    1|          2|
    +----------------------------------+----+-----------+-----+-----------+
    |Total                             | 108|         24|   48|         96|
    +----------------------------------+----+-----------+-----+-----------+

    * Register: 
    +----------------------------------+---+----+-----+-----------+
    |               Name               | FF| LUT| Bits| Const Bits|
    +----------------------------------+---+----+-----+-----------+
    |ap_CS_fsm                         |  1|   0|    1|          0|
    |ap_done_reg                       |  1|   0|    1|          0|
    |ap_enable_reg_pp0_iter1           |  1|   0|    1|          0|
    |ap_loop_exit_ready_pp0_iter1_reg  |  1|   0|    1|          0|
    |icmp_ln34_reg_252                 |  1|   0|    1|          0|
    |n0_1_fu_52                        |  8|   0|    8|          0|
    |p_k_fu_60                         |  5|   0|    5|          0|
    |v18_fu_64                         |  8|   0|    8|          0|
    |v20_fu_56                         |  8|   0|    8|          0|
    |v21_fu_68                         |  8|   0|    8|          0|
    +----------------------------------+---+----+-----+-----------+
    |Total                             | 42|   0|   42|          0|
    +----------------------------------+---+----+-----+-----------+



================================================================
== Interface
================================================================
* Summary: 
+-------------------+-----+-----+------------+--------------------------------+--------------+
|     RTL Ports     | Dir | Bits|  Protocol  |          Source Object         |    C Type    |
+-------------------+-----+-----+------------+--------------------------------+--------------+
|ap_clk             |   in|    1|  ap_ctrl_hs|  blk2_r0_0_Pipeline_l_S__k_0__k|  return value|
|ap_rst             |   in|    1|  ap_ctrl_hs|  blk2_r0_0_Pipeline_l_S__k_0__k|  return value|
|ap_start           |   in|    1|  ap_ctrl_hs|  blk2_r0_0_Pipeline_l_S__k_0__k|  return value|
|ap_done            |  out|    1|  ap_ctrl_hs|  blk2_r0_0_Pipeline_l_S__k_0__k|  return value|
|ap_idle            |  out|    1|  ap_ctrl_hs|  blk2_r0_0_Pipeline_l_S__k_0__k|  return value|
|ap_ready           |  out|    1|  ap_ctrl_hs|  blk2_r0_0_Pipeline_l_S__k_0__k|  return value|
|v9_din             |  out|    8|     ap_fifo|                              v9|       pointer|
|v9_full_n          |   in|    1|     ap_fifo|                              v9|       pointer|
|v9_write           |  out|    1|     ap_fifo|                              v9|       pointer|
|v8_dout            |   in|    8|     ap_fifo|                              v8|       pointer|
|v8_empty_n         |   in|    1|     ap_fifo|                              v8|       pointer|
|v8_read            |  out|    1|     ap_fifo|                              v8|       pointer|
|v11_din            |  out|    8|     ap_fifo|                             v11|       pointer|
|v11_full_n         |   in|    1|     ap_fifo|                             v11|       pointer|
|v11_write          |  out|    1|     ap_fifo|                             v11|       pointer|
|v10_dout           |   in|    8|     ap_fifo|                             v10|       pointer|
|v10_empty_n        |   in|    1|     ap_fifo|                             v10|       pointer|
|v10_read           |  out|    1|     ap_fifo|                             v10|       pointer|
|n1_1_2_out         |  out|    8|      ap_vld|                      n1_1_2_out|       pointer|
|n1_1_2_out_ap_vld  |  out|    1|      ap_vld|                      n1_1_2_out|       pointer|
|n1_1_1_out         |  out|    8|      ap_vld|                      n1_1_1_out|       pointer|
|n1_1_1_out_ap_vld  |  out|    1|      ap_vld|                      n1_1_1_out|       pointer|
|v17_out            |  out|    8|      ap_vld|                         v17_out|       pointer|
|v17_out_ap_vld     |  out|    1|      ap_vld|                         v17_out|       pointer|
|n0_1_3_out         |  out|    8|      ap_vld|                      n0_1_3_out|       pointer|
|n0_1_3_out_ap_vld  |  out|    1|      ap_vld|                      n0_1_3_out|       pointer|
+-------------------+-----+-----+------------+--------------------------------+--------------+

