Copyright 1986-2022 Xilinx, Inc. All Rights Reserved. Copyright 2022-2023 Advanced Micro Devices, Inc. All Rights Reserved.
--------------------------------------------------------------------------------------------------------------------------------------------------
| Tool Version      : Vivado v.2023.2 (lin64) Build 4029153 Fri Oct 13 20:13:54 MDT 2023
| Date              : Thu Sep 10 08:23:11 2026
| Host              : brg-zhang-xcel.ece.cornell.edu running 64-bit Red Hat Enterprise Linux 9.8 (Plow)
| Command           : report_timing_summary -file timing.rpt
| Design            : MxuVpu
| Device            : xcu280-fsvh2892
| Speed File        : -2L  PRODUCTION 1.30 05-01-2022
| Design State      : Routed
| Temperature Grade : E
--------------------------------------------------------------------------------------------------------------------------------------------------

Timing Summary Report

------------------------------------------------------------------------------------------------
| Timer Settings
| --------------
------------------------------------------------------------------------------------------------

  Enable Multi Corner Analysis               :  Yes
  Enable Pessimism Removal                   :  Yes
  Pessimism Removal Resolution               :  Nearest Common Node
  Enable Input Delay Default Clock           :  No
  Enable Preset / Clear Arcs                 :  No
  Disable Flight Delays                      :  No
  Ignore I/O Paths                           :  No
  Timing Early Launch at Borrowing Latches   :  No
  Borrow Time for Max Delay Exceptions       :  Yes
  Merge Timing Exceptions                    :  Yes
  Inter-SLR Compensation                     :  Conservative

  Corner  Analyze    Analyze    
  Name    Max Paths  Min Paths  
  ------  ---------  ---------  
  Slow    Yes        Yes        
  Fast    Yes        Yes        


------------------------------------------------------------------------------------------------
| Report Methodology
| ------------------
------------------------------------------------------------------------------------------------

No report available as report_methodology has not been run prior. Run report_methodology on the current design for the summary of methodology violations.



check_timing report

Table of Contents
-----------------
1. checking no_clock (0)
2. checking constant_clock (0)
3. checking pulse_width_clock (0)
4. checking unconstrained_internal_endpoints (0)
5. checking no_input_delay (213)
6. checking no_output_delay (69)
7. checking multiple_clock (0)
8. checking generated_clocks (0)
9. checking loops (0)
10. checking partial_input_delay (0)
11. checking partial_output_delay (0)
12. checking latch_loops (0)

1. checking no_clock (0)
------------------------
 There are 0 register/latch pins with no clock.


2. checking constant_clock (0)
------------------------------
 There are 0 register/latch pins with constant_clock.


3. checking pulse_width_clock (0)
---------------------------------
 There are 0 register/latch pins which need pulse_width check


4. checking unconstrained_internal_endpoints (0)
------------------------------------------------
 There are 0 pins that are not constrained for maximum delay.

 There are 0 pins that are not constrained for maximum delay due to constant clock.


5. checking no_input_delay (213)
--------------------------------
 There are 213 input ports with no input delay specified. (HIGH)

 There are 0 input ports with no input delay but user has a false path constraint.


6. checking no_output_delay (69)
--------------------------------
 There are 69 ports with no output delay specified. (HIGH)

 There are 0 ports with no output delay but user has a false path constraint

 There are 0 ports with no output delay but with a timing clock defined on it or propagating through it


7. checking multiple_clock (0)
------------------------------
 There are 0 register/latch pins with multiple clocks.


8. checking generated_clocks (0)
--------------------------------
 There are 0 generated clocks that are not connected to a clock source.


9. checking loops (0)
---------------------
 There are 0 combinational loops in the design.


10. checking partial_input_delay (0)
------------------------------------
 There are 0 input ports with partial input delay specified.


11. checking partial_output_delay (0)
-------------------------------------
 There are 0 ports with partial output delay specified.


12. checking latch_loops (0)
----------------------------
 There are 0 combinational latch loops in the design through latch input



------------------------------------------------------------------------------------------------
| Design Timing Summary
| ---------------------
------------------------------------------------------------------------------------------------

    WNS(ns)      TNS(ns)  TNS Failing Endpoints  TNS Total Endpoints      WHS(ns)      THS(ns)  THS Failing Endpoints  THS Total Endpoints     WPWS(ns)     TPWS(ns)  TPWS Failing Endpoints  TPWS Total Endpoints  
    -------      -------  ---------------------  -------------------      -------      -------  ---------------------  -------------------     --------     --------  ----------------------  --------------------  
      0.456        0.000                      0                 8726        0.019        0.000                      0                 8726        1.134        0.000                       0                  5085  


All user specified timing constraints are met.


------------------------------------------------------------------------------------------------
| Clock Summary
| -------------
------------------------------------------------------------------------------------------------

Clock  Waveform(ns)         Period(ns)      Frequency(MHz)
-----  ------------         ----------      --------------
clk    {0.000 1.666}        3.333           300.030         


------------------------------------------------------------------------------------------------
| Intra Clock Table
| -----------------
------------------------------------------------------------------------------------------------

Clock             WNS(ns)      TNS(ns)  TNS Failing Endpoints  TNS Total Endpoints      WHS(ns)      THS(ns)  THS Failing Endpoints  THS Total Endpoints     WPWS(ns)     TPWS(ns)  TPWS Failing Endpoints  TPWS Total Endpoints  
-----             -------      -------  ---------------------  -------------------      -------      -------  ---------------------  -------------------     --------     --------  ----------------------  --------------------  
clk                 0.456        0.000                      0                 8726        0.019        0.000                      0                 8726        1.134        0.000                       0                  5085  


------------------------------------------------------------------------------------------------
| Inter Clock Table
| -----------------
------------------------------------------------------------------------------------------------

From Clock    To Clock          WNS(ns)      TNS(ns)  TNS Failing Endpoints  TNS Total Endpoints      WHS(ns)      THS(ns)  THS Failing Endpoints  THS Total Endpoints  
----------    --------          -------      -------  ---------------------  -------------------      -------      -------  ---------------------  -------------------  


------------------------------------------------------------------------------------------------
| Other Path Groups Table
| -----------------------
------------------------------------------------------------------------------------------------

Path Group    From Clock    To Clock          WNS(ns)      TNS(ns)  TNS Failing Endpoints  TNS Total Endpoints      WHS(ns)      THS(ns)  THS Failing Endpoints  THS Total Endpoints  
----------    ----------    --------          -------      -------  ---------------------  -------------------      -------      -------  ---------------------  -------------------  


------------------------------------------------------------------------------------------------
| Timing Details
| --------------
------------------------------------------------------------------------------------------------


---------------------------------------------------------------------------------------------------
From Clock:  clk
  To Clock:  clk

Setup :            0  Failing Endpoints,  Worst Slack        0.456ns,  Total Violation        0.000ns
Hold  :            0  Failing Endpoints,  Worst Slack        0.019ns,  Total Violation        0.000ns
PW    :            0  Failing Endpoints,  Worst Slack        1.134ns,  Total Violation        0.000ns
---------------------------------------------------------------------------------------------------


Max Delay Paths
--------------------------------------------------------------------------------------
Slack (MET) :             0.456ns  (required time - arrival time)
  Source:                 mxu/mesh/mesh_3_0/tile_0_0/c1_reg[1]/C
                            (rising edge-triggered cell FDRE clocked by clk  {rise@0.000ns fall@1.666ns period=3.333ns})
  Destination:            mxu/mesh/pipe_b_4_0_reg[26]/D
                            (rising edge-triggered cell FDRE clocked by clk  {rise@0.000ns fall@1.666ns period=3.333ns})
  Path Group:             clk
  Path Type:              Setup (Max at Slow Process Corner)
  Requirement:            3.333ns  (clk rise@3.333ns - clk rise@0.000ns)
  Data Path Delay:        2.858ns  (logic 1.228ns (42.967%)  route 1.630ns (57.033%))
  Logic Levels:           12  (CARRY8=6 LUT2=1 LUT3=2 LUT4=1 LUT6=2)
  Clock Path Skew:        -0.009ns (DCD - SCD + CPR)
    Destination Clock Delay (DCD):    0.020ns = ( 3.353 - 3.333 ) 
    Source Clock Delay      (SCD):    0.029ns
    Clock Pessimism Removal (CPR):    0.000ns
  Clock Uncertainty:      0.035ns  ((TSJ^2 + TIJ^2)^1/2 + DJ) / 2 + PE
    Total System Jitter     (TSJ):    0.071ns
    Total Input Jitter      (TIJ):    0.000ns
    Discrete Jitter          (DJ):    0.000ns
    Phase Error              (PE):    0.000ns

    Location             Delay type                Incr(ns)  Path(ns)    Netlist Resource(s)
  -------------------------------------------------------------------    -------------------
                         (clock clk rise edge)        0.000     0.000 r  
                                                      0.000     0.000 r  clock (IN)
                         net (fo=5084, unset)         0.029     0.029    mxu/mesh/mesh_3_0/tile_0_0/clock
    SLICE_X84Y103        FDRE                                         r  mxu/mesh/mesh_3_0/tile_0_0/c1_reg[1]/C
  -------------------------------------------------------------------    -------------------
    SLICE_X84Y103        FDRE (Prop_EFF_SLICEL_C_Q)
                                                      0.079     0.108 r  mxu/mesh/mesh_3_0/tile_0_0/c1_reg[1]/Q
                         net (fo=5, routed)           0.285     0.393    mxu/mesh/mesh_3_0/tile_0_0/mac_unit/c1[1]
    SLICE_X87Y105        LUT3 (Prop_D5LUT_SLICEM_I2_O)
                                                      0.110     0.503 r  mxu/mesh/mesh_3_0/tile_0_0/mac_unit/_io_out_d_T__0_carry_i_18__23/O
                         net (fo=14, routed)          0.201     0.704    mxu/mesh/mesh_3_0/tile_0_0/mac_unit/B[1]
    SLICE_X87Y105        LUT6 (Prop_E6LUT_SLICEM_I5_O)
                                                      0.052     0.756 r  mxu/mesh/mesh_3_0/tile_0_0/mac_unit/_io_out_d_T__0_carry_i_4__23/O
                         net (fo=2, routed)           0.189     0.945    mxu/mesh/mesh_3_0/tile_0_0/mac_unit/_io_out_d_T__0_carry_i_4__23_n_0
    SLICE_X87Y103        LUT6 (Prop_E6LUT_SLICEM_I0_O)
                                                      0.037     0.982 r  mxu/mesh/mesh_3_0/tile_0_0/mac_unit/_io_out_d_T__0_carry_i_11__23/O
                         net (fo=1, routed)           0.014     0.996    mxu/mesh/mesh_3_0/tile_0_0/mac_unit/_io_out_d_T__0_carry_i_11__23_n_0
    SLICE_X87Y103        CARRY8 (Prop_CARRY8_SLICEM_S[4]_CO[7])
                                                      0.156     1.152 r  mxu/mesh/mesh_3_0/tile_0_0/mac_unit/_io_out_d_T__0_carry/CO[7]
                         net (fo=1, routed)           0.026     1.178    mxu/mesh/mesh_3_0/tile_0_0/mac_unit/_io_out_d_T__0_carry_n_0
    SLICE_X87Y104        CARRY8 (Prop_CARRY8_SLICEM_CI_O[0])
                                                      0.056     1.234 r  mxu/mesh/mesh_3_0/tile_0_0/mac_unit/_io_out_d_T__0_carry__0/O[0]
                         net (fo=2, routed)           0.288     1.522    mxu/mesh/mesh_3_0/tile_0_0/mac_unit/_io_out_d_T__0_carry__0_n_15
    SLICE_X88Y103        LUT3 (Prop_E5LUT_SLICEM_I0_O)
                                                      0.113     1.635 r  mxu/mesh/mesh_3_0/tile_0_0/mac_unit/_io_out_d_T__86_carry_i_3__23/O
                         net (fo=2, routed)           0.244     1.879    mxu/mesh/mesh_3_0/tile_0_0/mac_unit/_io_out_d_T__86_carry_i_3__23_n_0
    SLICE_X88Y103        LUT4 (Prop_F6LUT_SLICEM_I3_O)
                                                      0.037     1.916 r  mxu/mesh/mesh_3_0/tile_0_0/mac_unit/_io_out_d_T__86_carry_i_11__23/O
                         net (fo=1, routed)           0.022     1.938    mxu/mesh/mesh_3_0/tile_0_0/mac_unit/_io_out_d_T__86_carry_i_11__23_n_0
    SLICE_X88Y103        CARRY8 (Prop_CARRY8_SLICEM_S[5]_CO[7])
                                                      0.159     2.097 r  mxu/mesh/mesh_3_0/tile_0_0/mac_unit/_io_out_d_T__86_carry/CO[7]
                         net (fo=1, routed)           0.026     2.123    mxu/mesh/mesh_3_0/tile_0_0/mac_unit/_io_out_d_T__86_carry_n_0
    SLICE_X88Y104        CARRY8 (Prop_CARRY8_SLICEM_CI_O[3])
                                                      0.082     2.205 r  mxu/mesh/mesh_3_0/tile_0_0/mac_unit/_io_out_d_T__86_carry__0/O[3]
                         net (fo=1, routed)           0.273     2.478    mxu/mesh/mesh_3_0/tile_0_0/mac_unit/_GEN_0[15]
    SLICE_X83Y104        LUT2 (Prop_H6LUT_SLICEL_I1_O)
                                                      0.150     2.628 r  mxu/mesh/mesh_3_0/tile_0_0/mac_unit/io_out_d_carry__0_i_2__23/O
                         net (fo=1, routed)           0.010     2.638    mxu/mesh/mesh_3_0/tile_0_0/mac_unit/io_out_d_carry__0_i_2__23_n_0
    SLICE_X83Y104        CARRY8 (Prop_CARRY8_SLICEL_S[7]_CO[7])
                                                      0.115     2.753 r  mxu/mesh/mesh_3_0/tile_0_0/mac_unit/io_out_d_carry__0/CO[7]
                         net (fo=1, routed)           0.026     2.779    mxu/mesh/mesh_3_0/tile_0_0/mac_unit/io_out_d_carry__0_n_0
    SLICE_X83Y105        CARRY8 (Prop_CARRY8_SLICEL_CI_O[3])
                                                      0.082     2.861 r  mxu/mesh/mesh_3_0/tile_0_0/mac_unit/io_out_d_carry__1/O[3]
                         net (fo=1, routed)           0.026     2.887    mxu/mesh/mesh_3_0_io_out_b_0[26]
    SLICE_X83Y105        FDRE                                         r  mxu/mesh/pipe_b_4_0_reg[26]/D
  -------------------------------------------------------------------    -------------------

                         (clock clk rise edge)        3.333     3.333 r  
                                                      0.000     3.333 r  clock (IN)
                         net (fo=5084, unset)         0.020     3.353    mxu/mesh/clock
    SLICE_X83Y105        FDRE                                         r  mxu/mesh/pipe_b_4_0_reg[26]/C
                         clock pessimism              0.000     3.353    
                         clock uncertainty           -0.035     3.318    
    SLICE_X83Y105        FDRE (Setup_DFF_SLICEL_C_D)
                                                      0.025     3.343    mxu/mesh/pipe_b_4_0_reg[26]
  -------------------------------------------------------------------
                         required time                          3.343    
                         arrival time                          -2.887    
  -------------------------------------------------------------------
                         slack                                  0.456    





Min Delay Paths
--------------------------------------------------------------------------------------
Slack (MET) :             0.019ns  (arrival time - required time)
  Source:                 mxu/mesh/mesh_1_0_io_in_control_0_dataflow_pipe_b_reg/C
                            (rising edge-triggered cell FDRE clocked by clk  {rise@0.000ns fall@1.666ns period=3.333ns})
  Destination:            mxu/mesh/mesh_2_0_io_in_control_0_dataflow_pipe_b_reg/D
                            (rising edge-triggered cell FDRE clocked by clk  {rise@0.000ns fall@1.666ns period=3.333ns})
  Path Group:             clk
  Path Type:              Hold (Min at Fast Process Corner)
  Requirement:            0.000ns  (clk rise@0.000ns - clk rise@0.000ns)
  Data Path Delay:        0.072ns  (logic 0.039ns (54.167%)  route 0.033ns (45.833%))
  Logic Levels:           0  
  Clock Path Skew:        0.006ns (DCD - SCD - CPR)
    Destination Clock Delay (DCD):    0.019ns
    Source Clock Delay      (SCD):    0.013ns
    Clock Pessimism Removal (CPR):    -0.000ns

    Location             Delay type                Incr(ns)  Path(ns)    Netlist Resource(s)
  -------------------------------------------------------------------    -------------------
                         (clock clk rise edge)        0.000     0.000 r  
                                                      0.000     0.000 r  clock (IN)
                         net (fo=5084, unset)         0.013     0.013    mxu/mesh/clock
    SLICE_X79Y86         FDRE                                         r  mxu/mesh/mesh_1_0_io_in_control_0_dataflow_pipe_b_reg/C
  -------------------------------------------------------------------    -------------------
    SLICE_X79Y86         FDRE (Prop_HFF_SLICEL_C_Q)
                                                      0.039     0.052 r  mxu/mesh/mesh_1_0_io_in_control_0_dataflow_pipe_b_reg/Q
                         net (fo=1, routed)           0.033     0.085    mxu/mesh/mesh_1_0_io_in_control_0_dataflow_pipe_b
    SLICE_X79Y86         FDRE                                         r  mxu/mesh/mesh_2_0_io_in_control_0_dataflow_pipe_b_reg/D
  -------------------------------------------------------------------    -------------------

                         (clock clk rise edge)        0.000     0.000 r  
                                                      0.000     0.000 r  clock (IN)
                         net (fo=5084, unset)         0.019     0.019    mxu/mesh/clock
    SLICE_X79Y86         FDRE                                         r  mxu/mesh/mesh_2_0_io_in_control_0_dataflow_pipe_b_reg/C
                         clock pessimism              0.000     0.019    
    SLICE_X79Y86         FDRE (Hold_HFF2_SLICEL_C_D)
                                                      0.047     0.066    mxu/mesh/mesh_2_0_io_in_control_0_dataflow_pipe_b_reg
  -------------------------------------------------------------------
                         required time                         -0.066    
                         arrival time                           0.085    
  -------------------------------------------------------------------
                         slack                                  0.019    





Pulse Width Checks
--------------------------------------------------------------------------------------
Clock Name:         clk
Waveform(ns):       { 0.000 1.666 }
Period(ns):         3.333
Sources:            { clock }

Check Type        Corner  Lib Pin     Reference Pin  Required(ns)  Actual(ns)  Slack(ns)  Location       Pin
Min Period        n/a     SRL16E/CLK  n/a            1.064         3.333       2.269      SLICE_X85Y111  mxu/RegShifted_0_0_reg[0]_srl7/CLK
Low Pulse Width   Slow    SRL16E/CLK  n/a            0.532         1.667       1.135      SLICE_X85Y111  mxu/RegShifted_0_0_reg[0]_srl7/CLK
High Pulse Width  Slow    SRL16E/CLK  n/a            0.532         1.666       1.134      SLICE_X85Y111  mxu/RegShifted_0_0_reg[0]_srl7/CLK



