E8_SWEEP_START block-gelu_16_r4_l1024_d16 depth=16 Sat Sep 19 06:10:44 EDT 2026
E8 BLOCK design: mode=3 nrow=4 len=1024 nbeat=64 nacc=256
block-gelu: {"roles": 22, "instances": 308, "fifos": 855, "streams": 185}
staged 22 role project(s) in 4.3s (frontend + per-role HLS codegen)
synthesising and exporting 22 unit(s) concurrently:
  mac_r3: rc=0 83.9s
  red1_r1: rc=0 85.1s
  mac_r1: rc=0 85.5s
  red1_r0: rc=0 95.0s
  sca1_r0: rc=0 102.6s
  mac_r5: rc=0 109.1s
  mac_r7: rc=0 110.6s
  red2_r2: rc=0 111.5s
  mac_r6: rc=0 112.9s
  mac_r2: rc=0 113.7s
  red1_r2: rc=0 114.9s
  mac_r8: rc=0 116.2s
  sum1_r0: rc=0 120.4s
  mac_r4: rc=0 124.5s
  mac_r0: rc=0 125.9s
  scale_r2: rc=0 127.1s
  red2_r1: rc=0 128.3s
  red2_r0: rc=0 129.9s
  sum2_r0: rc=0 131.2s
  sca2_r0: rc=0 134.3s
  scale_r0: rc=0 134.3s
  scale_r1: rc=0 135.0s
HLS: 135.0s wall for 22 roles and 0 movers (2531.9s of CPU work, 308 instances)
assembling the array in Vivado:
Vivado elaborated 308 instances in 111.1s
simulating the assembled array:
  SPMW XFORM 1 done_cycle=624 first_in=1
  SPMW COSIM PASS (5128/5128 tokens, 0 errors)
  SPMW CYCLES total=703 first_out=78 first_in=1
E8_SWEEP_RC=0 wall_s=329
