E8_SWEEP_START block-gelu_16_r8_l256_d16 depth=16 Sat Sep 19 06:51:49 EDT 2026
E8 BLOCK design: mode=3 nrow=8 len=256 nbeat=16 nacc=128 tiles=4 steps=64
block-gelu: {"roles": 22, "instances": 308, "fifos": 855, "streams": 185}
staged 22 role project(s) in 4.6s (frontend + per-role HLS codegen)
synthesising and exporting 22 unit(s) concurrently:
  mac_r1: rc=0 87.6s
  scale_r0: rc=0 96.6s
  sca1_r0: rc=0 97.9s
  mac_r3: rc=0 116.7s
  mac_r5: rc=0 120.5s
  mac_r6: rc=0 121.6s
  mac_r4: rc=0 121.6s
  mac_r8: rc=0 124.6s
  scale_r1: rc=0 125.1s
  red2_r2: rc=0 126.5s
  red1_r0: rc=0 126.9s
  red1_r1: rc=0 126.9s
  mac_r2: rc=0 127.6s
  mac_r7: rc=0 131.2s
  sca2_r0: rc=0 131.5s
  mac_r0: rc=0 131.8s
  sum2_r0: rc=0 132.2s
  red1_r2: rc=0 132.8s
  red2_r1: rc=0 133.0s
  red2_r0: rc=0 133.1s
  sum1_r0: rc=0 133.9s
  scale_r2: rc=0 135.1s
HLS: 135.1s wall for 22 roles and 0 movers (2714.7s of CPU work, 308 instances)
assembling the array in Vivado:
Vivado elaborated 308 instances in 112.7s
simulating the assembled array:
  SPMW XFORM 1 done_cycle=400 first_in=1
  SPMW COSIM PASS (3088/3088 tokens, 0 errors)
  SPMW CYCLES total=479 first_out=78 first_in=1
E8_SWEEP_RC=0 wall_s=331
