E8_SWEEP_START block-none_16_r1_l16_d16_t32_rl1 depth=16 Sat Sep 19 17:39:35 EDT 2026
E8 BLOCK design: mode=0 nrow=1 len=16 nbeat=1 nacc=1 tiles=32 steps=512 reload=1
block-none: {"roles": 22, "instances": 308, "fifos": 855, "streams": 185}
staged 22 role project(s) in 7.9s (frontend + per-role HLS codegen)
synthesising and exporting 22 unit(s) concurrently:
  mac_r8: rc=0 94.0s
  mac_r6: rc=0 94.4s
  sum2_r0: rc=0 106.4s
  red1_r2: rc=0 108.5s
  red2_r2: rc=0 109.1s
  mac_r7: rc=0 109.6s
  mac_r4: rc=0 109.9s
  red1_r0: rc=0 110.0s
  red1_r1: rc=0 110.6s
  red2_r1: rc=0 111.3s
  sca1_r0: rc=0 111.5s
  mac_r0: rc=0 112.0s
  mac_r2: rc=0 112.3s
  sum1_r0: rc=0 112.4s
  mac_r1: rc=0 112.7s
  mac_r5: rc=0 113.9s
  mac_r3: rc=0 114.7s
  sca2_r0: rc=0 114.9s
  red2_r0: rc=0 115.1s
  scale_r0: rc=0 117.2s
  scale_r2: rc=0 118.6s
  scale_r1: rc=0 119.2s
HLS: 119.4s wall for 22 roles and 0 movers (2438.3s of CPU work, 308 instances)
assembling the array in Vivado:
Vivado elaborated 308 instances in 115.5s
simulating the assembled array:
  SPMW XFORM 1 done_cycle=88 first_in=1
  SPMW XFORM 2 done_cycle=93 first_in=1
  SPMW XFORM 3 done_cycle=97 first_in=1
  SPMW XFORM 4 done_cycle=100 first_in=1
  SPMW XFORM 5 done_cycle=103 first_in=1
  SPMW XFORM 6 done_cycle=106 first_in=1
  SPMW XFORM 7 done_cycle=108 first_in=1
  SPMW XFORM 8 done_cycle=110 first_in=1
  SPMW XFORM 9 done_cycle=112 first_in=1
  SPMW XFORM 10 done_cycle=114 first_in=1
  SPMW XFORM 11 done_cycle=115 first_in=1
  SPMW XFORM 12 done_cycle=117 first_in=1
  SPMW XFORM 13 done_cycle=118 first_in=1
  SPMW XFORM 14 done_cycle=120 first_in=1
  SPMW XFORM 15 done_cycle=121 first_in=1
  SPMW XFORM 16 done_cycle=122 first_in=1
  SPMW XFORM 17 done_cycle=123 first_in=1
  SPMW XFORM 18 done_cycle=125 first_in=1
  SPMW XFORM 19 done_cycle=126 first_in=1
  SPMW XFORM 20 done_cycle=127 first_in=1
  SPMW XFORM 21 done_cycle=128 first_in=1
  SPMW XFORM 22 done_cycle=129 first_in=1
  SPMW XFORM 23 done_cycle=130 first_in=1
  SPMW XFORM 24 done_cycle=131 first_in=1
  SPMW XFORM 25 done_cycle=132 first_in=1
  SPMW XFORM 26 done_cycle=133 first_in=1
  SPMW XFORM 27 done_cycle=134 first_in=1
  SPMW XFORM 28 done_cycle=135 first_in=1
  SPMW XFORM 29 done_cycle=136 first_in=1
  SPMW XFORM 30 done_cycle=137 first_in=1
  SPMW XFORM 31 done_cycle=138 first_in=1
  SPMW XFORM 32 done_cycle=139 first_in=1
  SPMW XFORM 33 done_cycle=140 first_in=1
  SPMW XFORM 34 done_cycle=141 first_in=1
  SPMW XFORM 35 done_cycle=142 first_in=1
  SPMW XFORM 36 done_cycle=143 first_in=1
  SPMW XFORM 37 done_cycle=144 first_in=1
  SPMW XFORM 38 done_cycle=145 first_in=1
  SPMW XFORM 39 done_cycle=146 first_in=1
  SPMW XFORM 40 done_cycle=147 first_in=1
  SPMW XFORM 41 done_cycle=148 first_in=1
  SPMW XFORM 42 done_cycle=149 first_in=1
  SPMW XFORM 43 done_cycle=150 first_in=1
  SPMW XFORM 44 done_cycle=151 first_in=1
  SPMW XFORM 45 done_cycle=152 first_in=1
  SPMW XFORM 46 done_cycle=153 first_in=1
  SPMW XFORM 47 done_cycle=154 first_in=1
  SPMW XFORM 48 done_cycle=155 first_in=1
  SPMW XFORM 49 done_cycle=156 first_in=1
  SPMW XFORM 50 done_cycle=157 first_in=1
  SPMW XFORM 51 done_cycle=158 first_in=1
  SPMW XFORM 52 done_cycle=159 first_in=1
  SPMW XFORM 53 done_cycle=160 first_in=1
  SPMW XFORM 54 done_cycle=161 first_in=1
  SPMW XFORM 55 done_cycle=162 first_in=1
  SPMW XFORM 56 done_cycle=163 first_in=1
  SPMW XFORM 57 done_cycle=164 first_in=1
  SPMW XFORM 58 done_cycle=165 first_in=1
  SPMW XFORM 59 done_cycle=166 first_in=1
  SPMW XFORM 60 done_cycle=167 first_in=1
  SPMW XFORM 61 done_cycle=168 first_in=1
  SPMW XFORM 62 done_cycle=169 first_in=1
  SPMW XFORM 63 done_cycle=170 first_in=1
  SPMW XFORM 64 done_cycle=171 first_in=1
  SPMW XFORM 65 done_cycle=172 first_in=1
  SPMW XFORM 66 done_cycle=173 first_in=1
  SPMW XFORM 67 done_cycle=174 first_in=1
  SPMW XFORM 68 done_cycle=175 first_in=1
  SPMW XFORM 69 done_cycle=176 first_in=1
  SPMW XFORM 70 done_cycle=177 first_in=1
  SPMW XFORM 71 done_cycle=178 first_in=1
  SPMW XFORM 72 done_cycle=179 first_in=1
  SPMW XFORM 73 done_cycle=180 first_in=1
  SPMW XFORM 74 done_cycle=181 first_in=1
  SPMW XFORM 75 done_cycle=182 first_in=1
  SPMW XFORM 76 done_cycle=183 first_in=1
  SPMW XFORM 77 done_cycle=184 first_in=1
  SPMW XFORM 78 done_cycle=185 first_in=1
  SPMW XFORM 79 done_cycle=186 first_in=1
  SPMW XFORM 80 done_cycle=187 first_in=1
  SPMW XFORM 81 done_cycle=188 first_in=1
  SPMW XFORM 82 done_cycle=189 first_in=1
  SPMW XFORM 83 done_cycle=190 first_in=1
  SPMW XFORM 84 done_cycle=191 first_in=1
  SPMW XFORM 85 done_cycle=192 first_in=1
  SPMW XFORM 86 done_cycle=193 first_in=1
  SPMW XFORM 87 done_cycle=194 first_in=1
  SPMW XFORM 88 done_cycle=195 first_in=1
  SPMW XFORM 89 done_cycle=196 first_in=1
  SPMW XFORM 90 done_cycle=197 first_in=1
  SPMW XFORM 91 done_cycle=198 first_in=1
  SPMW XFORM 92 done_cycle=199 first_in=1
  SPMW XFORM 93 done_cycle=200 first_in=1
  SPMW XFORM 94 done_cycle=201 first_in=1
  SPMW XFORM 95 done_cycle=202 first_in=1
  SPMW XFORM 96 done_cycle=203 first_in=1
  SPMW XFORM 97 done_cycle=204 first_in=1
  SPMW XFORM 98 done_cycle=205 first_in=1
  SPMW XFORM 99 done_cycle=206 first_in=1
  SPMW XFORM 100 done_cycle=207 first_in=1
  SPMW XFORM 101 done_cycle=208 first_in=1
  SPMW XFORM 102 done_cycle=209 first_in=1
  SPMW XFORM 103 done_cycle=210 first_in=1
  SPMW XFORM 104 done_cycle=211 first_in=1
  SPMW XFORM 105 done_cycle=212 first_in=1
  SPMW XFORM 106 done_cycle=213 first_in=1
  SPMW XFORM 107 done_cycle=214 first_in=1
  SPMW XFORM 108 done_cycle=215 first_in=1
  SPMW XFORM 109 done_cycle=216 first_in=1
  SPMW XFORM 110 done_cycle=217 first_in=1
  SPMW XFORM 111 done_cycle=218 first_in=1
  SPMW XFORM 112 done_cycle=219 first_in=1
  SPMW XFORM 113 done_cycle=220 first_in=1
  SPMW XFORM 114 done_cycle=221 first_in=1
  SPMW XFORM 115 done_cycle=222 first_in=1
  SPMW XFORM 116 done_cycle=223 first_in=1
  SPMW XFORM 117 done_cycle=224 first_in=1
  SPMW XFORM 118 done_cycle=225 first_in=1
  SPMW XFORM 119 done_cycle=226 first_in=1
  SPMW XFORM 120 done_cycle=227 first_in=1
  SPMW XFORM 121 done_cycle=228 first_in=1
  SPMW XFORM 122 done_cycle=229 first_in=1
  SPMW XFORM 123 done_cycle=230 first_in=1
  SPMW XFORM 124 done_cycle=231 first_in=1
  SPMW XFORM 125 done_cycle=232 first_in=1
  SPMW XFORM 126 done_cycle=233 first_in=1
  SPMW XFORM 127 done_cycle=234 first_in=1
  SPMW XFORM 128 done_cycle=235 first_in=1
  SPMW XFORM 129 done_cycle=236 first_in=1
  SPMW XFORM 130 done_cycle=237 first_in=1
  SPMW XFORM 131 done_cycle=238 first_in=1
  SPMW XFORM 132 done_cycle=239 first_in=1
  SPMW XFORM 133 done_cycle=240 first_in=1
  SPMW XFORM 134 done_cycle=241 first_in=1
  SPMW XFORM 135 done_cycle=242 first_in=1
  SPMW XFORM 136 done_cycle=243 first_in=1
  SPMW XFORM 137 done_cycle=244 first_in=1
  SPMW XFORM 138 done_cycle=245 first_in=1
  SPMW XFORM 139 done_cycle=246 first_in=1
  SPMW XFORM 140 done_cycle=247 first_in=1
  SPMW XFORM 141 done_cycle=248 first_in=1
  SPMW XFORM 142 done_cycle=249 first_in=1
  SPMW XFORM 143 done_cycle=250 first_in=1
  SPMW XFORM 144 done_cycle=251 first_in=1
  SPMW XFORM 145 done_cycle=252 first_in=1
  SPMW XFORM 146 done_cycle=253 first_in=1
  SPMW XFORM 147 done_cycle=254 first_in=1
  SPMW XFORM 148 done_cycle=255 first_in=1
  SPMW XFORM 149 done_cycle=256 first_in=1
  SPMW XFORM 150 done_cycle=257 first_in=1
  SPMW XFORM 151 done_cycle=258 first_in=1
  SPMW XFORM 152 done_cycle=259 first_in=1
  SPMW XFORM 153 done_cycle=260 first_in=1
  SPMW XFORM 154 done_cycle=261 first_in=1
  SPMW XFORM 155 done_cycle=262 first_in=1
  SPMW XFORM 156 done_cycle=263 first_in=1
  SPMW XFORM 157 done_cycle=264 first_in=1
  SPMW XFORM 158 done_cycle=265 first_in=1
  SPMW XFORM 159 done_cycle=266 first_in=1
  SPMW XFORM 160 done_cycle=267 first_in=1
  SPMW XFORM 161 done_cycle=268 first_in=1
  SPMW XFORM 162 done_cycle=269 first_in=1
  SPMW XFORM 163 done_cycle=270 first_in=1
  SPMW XFORM 164 done_cycle=271 first_in=1
  SPMW XFORM 165 done_cycle=272 first_in=1
  SPMW XFORM 166 done_cycle=273 first_in=1
  SPMW XFORM 167 done_cycle=274 first_in=1
  SPMW XFORM 168 done_cycle=275 first_in=1
  SPMW XFORM 169 done_cycle=276 first_in=1
  SPMW XFORM 170 done_cycle=277 first_in=1
  SPMW XFORM 171 done_cycle=278 first_in=1
  SPMW XFORM 172 done_cycle=279 first_in=1
  SPMW XFORM 173 done_cycle=280 first_in=1
  SPMW XFORM 174 done_cycle=281 first_in=1
  SPMW XFORM 175 done_cycle=282 first_in=1
  SPMW XFORM 176 done_cycle=283 first_in=1
  SPMW XFORM 177 done_cycle=284 first_in=1
  SPMW XFORM 178 done_cycle=285 first_in=1
  SPMW XFORM 179 done_cycle=286 first_in=1
  SPMW XFORM 180 done_cycle=287 first_in=1
  SPMW XFORM 181 done_cycle=288 first_in=1
  SPMW XFORM 182 done_cycle=289 first_in=1
  SPMW XFORM 183 done_cycle=290 first_in=1
  SPMW XFORM 184 done_cycle=291 first_in=1
  SPMW XFORM 185 done_cycle=292 first_in=1
  SPMW XFORM 186 done_cycle=293 first_in=1
  SPMW XFORM 187 done_cycle=294 first_in=1
  SPMW XFORM 188 done_cycle=295 first_in=1
  SPMW XFORM 189 done_cycle=296 first_in=1
  SPMW XFORM 190 done_cycle=297 first_in=1
  SPMW XFORM 191 done_cycle=298 first_in=1
  SPMW XFORM 192 done_cycle=299 first_in=1
  SPMW XFORM 193 done_cycle=300 first_in=1
  SPMW XFORM 194 done_cycle=301 first_in=1
  SPMW XFORM 195 done_cycle=302 first_in=1
  SPMW XFORM 196 done_cycle=303 first_in=1
  SPMW XFORM 197 done_cycle=304 first_in=1
  SPMW XFORM 198 done_cycle=305 first_in=1
  SPMW XFORM 199 done_cycle=306 first_in=1
  SPMW XFORM 200 done_cycle=307 first_in=1
  SPMW XFORM 201 done_cycle=308 first_in=1
  SPMW XFORM 202 done_cycle=309 first_in=1
  SPMW XFORM 203 done_cycle=310 first_in=1
  SPMW XFORM 204 done_cycle=311 first_in=1
  SPMW XFORM 205 done_cycle=312 first_in=1
  SPMW XFORM 206 done_cycle=313 first_in=1
  SPMW XFORM 207 done_cycle=314 first_in=1
  SPMW XFORM 208 done_cycle=315 first_in=1
  SPMW XFORM 209 done_cycle=316 first_in=1
  SPMW XFORM 210 done_cycle=317 first_in=1
  SPMW XFORM 211 done_cycle=318 first_in=1
  SPMW XFORM 212 done_cycle=319 first_in=1
  SPMW XFORM 213 done_cycle=320 first_in=1
  SPMW XFORM 214 done_cycle=321 first_in=1
  SPMW XFORM 215 done_cycle=322 first_in=1
  SPMW XFORM 216 done_cycle=323 first_in=1
  SPMW XFORM 217 done_cycle=324 first_in=1
  SPMW XFORM 218 done_cycle=325 first_in=1
  SPMW XFORM 219 done_cycle=326 first_in=1
  SPMW XFORM 220 done_cycle=327 first_in=1
  SPMW XFORM 221 done_cycle=328 first_in=1
  SPMW XFORM 222 done_cycle=329 first_in=1
  SPMW XFORM 223 done_cycle=330 first_in=1
  SPMW XFORM 224 done_cycle=331 first_in=1
  SPMW XFORM 225 done_cycle=332 first_in=1
  SPMW XFORM 226 done_cycle=333 first_in=1
  SPMW XFORM 227 done_cycle=334 first_in=1
  SPMW XFORM 228 done_cycle=335 first_in=1
  SPMW XFORM 229 done_cycle=336 first_in=1
  SPMW XFORM 230 done_cycle=337 first_in=1
  SPMW XFORM 231 done_cycle=338 first_in=1
  SPMW XFORM 232 done_cycle=339 first_in=1
  SPMW XFORM 233 done_cycle=340 first_in=1
  SPMW XFORM 234 done_cycle=341 first_in=1
  SPMW XFORM 235 done_cycle=342 first_in=1
  SPMW XFORM 236 done_cycle=343 first_in=1
  SPMW XFORM 237 done_cycle=344 first_in=1
  SPMW XFORM 238 done_cycle=345 first_in=1
  SPMW XFORM 239 done_cycle=346 first_in=1
  SPMW XFORM 240 done_cycle=347 first_in=1
  SPMW XFORM 241 done_cycle=348 first_in=1
  SPMW XFORM 242 done_cycle=349 first_in=1
  SPMW XFORM 243 done_cycle=350 first_in=1
  SPMW XFORM 244 done_cycle=351 first_in=1
  SPMW XFORM 245 done_cycle=352 first_in=1
  SPMW XFORM 246 done_cycle=353 first_in=1
  SPMW XFORM 247 done_cycle=354 first_in=1
  SPMW XFORM 248 done_cycle=355 first_in=1
  SPMW XFORM 249 done_cycle=356 first_in=1
  SPMW XFORM 250 done_cycle=357 first_in=1
  SPMW XFORM 251 done_cycle=358 first_in=1
  SPMW XFORM 252 done_cycle=359 first_in=1
  SPMW XFORM 253 done_cycle=360 first_in=1
  SPMW XFORM 254 done_cycle=361 first_in=1
  SPMW XFORM 255 done_cycle=362 first_in=1
  SPMW XFORM 256 done_cycle=363 first_in=1
  SPMW XFORM 257 done_cycle=364 first_in=1
  SPMW XFORM 258 done_cycle=365 first_in=1
  SPMW XFORM 259 done_cycle=366 first_in=1
  SPMW XFORM 260 done_cycle=367 first_in=1
  SPMW XFORM 261 done_cycle=368 first_in=1
  SPMW XFORM 262 done_cycle=369 first_in=1
  SPMW XFORM 263 done_cycle=370 first_in=1
  SPMW XFORM 264 done_cycle=371 first_in=1
  SPMW XFORM 265 done_cycle=372 first_in=1
  SPMW XFORM 266 done_cycle=373 first_in=1
  SPMW XFORM 267 done_cycle=374 first_in=1
  SPMW XFORM 268 done_cycle=375 first_in=1
  SPMW XFORM 269 done_cycle=376 first_in=1
  SPMW XFORM 270 done_cycle=377 first_in=1
  SPMW XFORM 271 done_cycle=378 first_in=1
  SPMW XFORM 272 done_cycle=379 first_in=1
  SPMW XFORM 273 done_cycle=380 first_in=1
  SPMW XFORM 274 done_cycle=381 first_in=1
  SPMW XFORM 275 done_cycle=382 first_in=1
  SPMW XFORM 276 done_cycle=383 first_in=1
  SPMW XFORM 277 done_cycle=384 first_in=1
  SPMW XFORM 278 done_cycle=385 first_in=1
  SPMW XFORM 279 done_cycle=386 first_in=1
  SPMW XFORM 280 done_cycle=387 first_in=1
  SPMW XFORM 281 done_cycle=388 first_in=1
  SPMW XFORM 282 done_cycle=389 first_in=1
  SPMW XFORM 283 done_cycle=390 first_in=1
  SPMW XFORM 284 done_cycle=391 first_in=1
  SPMW XFORM 285 done_cycle=392 first_in=1
  SPMW XFORM 286 done_cycle=393 first_in=1
  SPMW XFORM 287 done_cycle=394 first_in=1
  SPMW XFORM 288 done_cycle=395 first_in=1
  SPMW XFORM 289 done_cycle=396 first_in=1
  SPMW XFORM 290 done_cycle=397 first_in=1
  SPMW XFORM 291 done_cycle=398 first_in=1
  SPMW XFORM 292 done_cycle=399 first_in=1
  SPMW XFORM 293 done_cycle=400 first_in=1
  SPMW XFORM 294 done_cycle=401 first_in=1
  SPMW XFORM 295 done_cycle=402 first_in=1
  SPMW XFORM 296 done_cycle=403 first_in=1
  SPMW XFORM 297 done_cycle=404 first_in=1
  SPMW XFORM 298 done_cycle=405 first_in=1
  SPMW XFORM 299 done_cycle=406 first_in=1
  SPMW XFORM 300 done_cycle=407 first_in=1
  SPMW XFORM 301 done_cycle=408 first_in=1
  SPMW XFORM 302 done_cycle=409 first_in=1
  SPMW XFORM 303 done_cycle=410 first_in=1
  SPMW XFORM 304 done_cycle=411 first_in=1
  SPMW XFORM 305 done_cycle=412 first_in=1
  SPMW XFORM 306 done_cycle=413 first_in=1
  SPMW XFORM 307 done_cycle=414 first_in=1
  SPMW XFORM 308 done_cycle=415 first_in=1
  SPMW XFORM 309 done_cycle=416 first_in=1
  SPMW XFORM 310 done_cycle=417 first_in=1
  SPMW XFORM 311 done_cycle=418 first_in=1
  SPMW XFORM 312 done_cycle=419 first_in=1
  SPMW XFORM 313 done_cycle=420 first_in=1
  SPMW XFORM 314 done_cycle=421 first_in=1
  SPMW XFORM 315 done_cycle=422 first_in=1
  SPMW XFORM 316 done_cycle=423 first_in=1
  SPMW XFORM 317 done_cycle=424 first_in=1
  SPMW XFORM 318 done_cycle=425 first_in=1
  SPMW XFORM 319 done_cycle=426 first_in=1
  SPMW XFORM 320 done_cycle=427 first_in=1
  SPMW XFORM 321 done_cycle=428 first_in=1
  SPMW XFORM 322 done_cycle=429 first_in=1
  SPMW XFORM 323 done_cycle=430 first_in=1
  SPMW XFORM 324 done_cycle=431 first_in=1
  SPMW XFORM 325 done_cycle=432 first_in=1
  SPMW XFORM 326 done_cycle=433 first_in=1
  SPMW XFORM 327 done_cycle=434 first_in=1
  SPMW XFORM 328 done_cycle=435 first_in=1
  SPMW XFORM 329 done_cycle=436 first_in=1
  SPMW XFORM 330 done_cycle=437 first_in=1
  SPMW XFORM 331 done_cycle=438 first_in=1
  SPMW XFORM 332 done_cycle=439 first_in=1
  SPMW XFORM 333 done_cycle=440 first_in=1
  SPMW XFORM 334 done_cycle=441 first_in=1
  SPMW XFORM 335 done_cycle=442 first_in=1
  SPMW XFORM 336 done_cycle=443 first_in=1
  SPMW XFORM 337 done_cycle=444 first_in=1
  SPMW XFORM 338 done_cycle=445 first_in=1
  SPMW XFORM 339 done_cycle=446 first_in=1
  SPMW XFORM 340 done_cycle=447 first_in=1
  SPMW XFORM 341 done_cycle=448 first_in=1
  SPMW XFORM 342 done_cycle=449 first_in=1
  SPMW XFORM 343 done_cycle=450 first_in=1
  SPMW XFORM 344 done_cycle=451 first_in=1
  SPMW XFORM 345 done_cycle=452 first_in=1
  SPMW XFORM 346 done_cycle=453 first_in=1
  SPMW XFORM 347 done_cycle=454 first_in=1
  SPMW XFORM 348 done_cycle=455 first_in=1
  SPMW XFORM 349 done_cycle=456 first_in=1
  SPMW XFORM 350 done_cycle=457 first_in=1
  SPMW XFORM 351 done_cycle=458 first_in=1
  SPMW XFORM 352 done_cycle=459 first_in=1
  SPMW XFORM 353 done_cycle=460 first_in=1
  SPMW XFORM 354 done_cycle=461 first_in=1
  SPMW XFORM 355 done_cycle=462 first_in=1
  SPMW XFORM 356 done_cycle=463 first_in=1
  SPMW XFORM 357 done_cycle=464 first_in=1
  SPMW XFORM 358 done_cycle=465 first_in=1
  SPMW XFORM 359 done_cycle=466 first_in=1
  SPMW XFORM 360 done_cycle=467 first_in=1
  SPMW XFORM 361 done_cycle=468 first_in=1
  SPMW XFORM 362 done_cycle=469 first_in=1
  SPMW XFORM 363 done_cycle=470 first_in=1
  SPMW XFORM 364 done_cycle=471 first_in=1
  SPMW XFORM 365 done_cycle=472 first_in=1
  SPMW XFORM 366 done_cycle=473 first_in=1
  SPMW XFORM 367 done_cycle=474 first_in=1
  SPMW XFORM 368 done_cycle=475 first_in=1
  SPMW XFORM 369 done_cycle=476 first_in=1
  SPMW XFORM 370 done_cycle=477 first_in=1
  SPMW XFORM 371 done_cycle=478 first_in=1
  SPMW XFORM 372 done_cycle=479 first_in=1
  SPMW XFORM 373 done_cycle=480 first_in=1
  SPMW XFORM 374 done_cycle=481 first_in=1
  SPMW XFORM 375 done_cycle=482 first_in=1
  SPMW XFORM 376 done_cycle=483 first_in=1
  SPMW XFORM 377 done_cycle=484 first_in=1
  SPMW XFORM 378 done_cycle=485 first_in=1
  SPMW XFORM 379 done_cycle=486 first_in=1
  SPMW XFORM 380 done_cycle=487 first_in=1
  SPMW XFORM 381 done_cycle=488 first_in=1
  SPMW XFORM 382 done_cycle=489 first_in=1
  SPMW XFORM 383 done_cycle=490 first_in=1
  SPMW XFORM 384 done_cycle=491 first_in=1
  SPMW XFORM 385 done_cycle=492 first_in=1
  SPMW XFORM 386 done_cycle=493 first_in=1
  SPMW XFORM 387 done_cycle=494 first_in=1
  SPMW XFORM 388 done_cycle=495 first_in=1
  SPMW XFORM 389 done_cycle=496 first_in=1
  SPMW XFORM 390 done_cycle=497 first_in=1
  SPMW XFORM 391 done_cycle=498 first_in=1
  SPMW XFORM 392 done_cycle=499 first_in=1
  SPMW XFORM 393 done_cycle=500 first_in=1
  SPMW XFORM 394 done_cycle=501 first_in=1
  SPMW XFORM 395 done_cycle=502 first_in=1
  SPMW XFORM 396 done_cycle=503 first_in=1
  SPMW XFORM 397 done_cycle=504 first_in=1
  SPMW XFORM 398 done_cycle=505 first_in=1
  SPMW XFORM 399 done_cycle=506 first_in=1
  SPMW XFORM 400 done_cycle=507 first_in=1
  SPMW XFORM 401 done_cycle=508 first_in=1
  SPMW XFORM 402 done_cycle=509 first_in=1
  SPMW XFORM 403 done_cycle=510 first_in=1
  SPMW XFORM 404 done_cycle=511 first_in=1
  SPMW XFORM 405 done_cycle=512 first_in=1
  SPMW XFORM 406 done_cycle=513 first_in=1
  SPMW XFORM 407 done_cycle=514 first_in=1
  SPMW XFORM 408 done_cycle=515 first_in=1
  SPMW XFORM 409 done_cycle=516 first_in=1
  SPMW XFORM 410 done_cycle=517 first_in=1
  SPMW XFORM 411 done_cycle=518 first_in=1
  SPMW XFORM 412 done_cycle=519 first_in=1
  SPMW XFORM 413 done_cycle=520 first_in=1
  SPMW XFORM 414 done_cycle=521 first_in=1
  SPMW XFORM 415 done_cycle=522 first_in=1
  SPMW XFORM 416 done_cycle=523 first_in=1
  SPMW XFORM 417 done_cycle=524 first_in=1
  SPMW XFORM 418 done_cycle=525 first_in=1
  SPMW XFORM 419 done_cycle=526 first_in=1
  SPMW XFORM 420 done_cycle=527 first_in=1
  SPMW XFORM 421 done_cycle=528 first_in=1
  SPMW XFORM 422 done_cycle=529 first_in=1
  SPMW XFORM 423 done_cycle=530 first_in=1
  SPMW XFORM 424 done_cycle=531 first_in=1
  SPMW XFORM 425 done_cycle=532 first_in=1
  SPMW XFORM 426 done_cycle=533 first_in=1
  SPMW XFORM 427 done_cycle=534 first_in=1
  SPMW XFORM 428 done_cycle=535 first_in=1
  SPMW XFORM 429 done_cycle=536 first_in=1
  SPMW XFORM 430 done_cycle=537 first_in=1
  SPMW XFORM 431 done_cycle=538 first_in=1
  SPMW XFORM 432 done_cycle=539 first_in=1
  SPMW XFORM 433 done_cycle=540 first_in=1
  SPMW XFORM 434 done_cycle=541 first_in=1
  SPMW XFORM 435 done_cycle=542 first_in=1
  SPMW XFORM 436 done_cycle=543 first_in=1
  SPMW XFORM 437 done_cycle=544 first_in=1
  SPMW XFORM 438 done_cycle=545 first_in=1
  SPMW XFORM 439 done_cycle=546 first_in=1
  SPMW XFORM 440 done_cycle=547 first_in=1
  SPMW XFORM 441 done_cycle=548 first_in=1
  SPMW XFORM 442 done_cycle=549 first_in=1
  SPMW XFORM 443 done_cycle=550 first_in=1
  SPMW XFORM 444 done_cycle=551 first_in=1
  SPMW XFORM 445 done_cycle=552 first_in=1
  SPMW XFORM 446 done_cycle=553 first_in=1
  SPMW XFORM 447 done_cycle=554 first_in=1
  SPMW XFORM 448 done_cycle=555 first_in=1
  SPMW XFORM 449 done_cycle=556 first_in=1
  SPMW XFORM 450 done_cycle=557 first_in=1
  SPMW XFORM 451 done_cycle=558 first_in=1
  SPMW XFORM 452 done_cycle=559 first_in=1
  SPMW XFORM 453 done_cycle=560 first_in=1
  SPMW XFORM 454 done_cycle=561 first_in=1
  SPMW XFORM 455 done_cycle=562 first_in=1
  SPMW XFORM 456 done_cycle=563 first_in=1
  SPMW XFORM 457 done_cycle=564 first_in=1
  SPMW XFORM 458 done_cycle=565 first_in=1
  SPMW XFORM 459 done_cycle=566 first_in=1
  SPMW XFORM 460 done_cycle=567 first_in=1
  SPMW XFORM 461 done_cycle=568 first_in=1
  SPMW XFORM 462 done_cycle=569 first_in=1
  SPMW XFORM 463 done_cycle=570 first_in=1
  SPMW XFORM 464 done_cycle=571 first_in=1
  SPMW XFORM 465 done_cycle=572 first_in=1
  SPMW XFORM 466 done_cycle=573 first_in=1
  SPMW XFORM 467 done_cycle=574 first_in=1
  SPMW XFORM 468 done_cycle=575 first_in=1
  SPMW XFORM 469 done_cycle=576 first_in=1
  SPMW XFORM 470 done_cycle=577 first_in=1
  SPMW XFORM 471 done_cycle=578 first_in=1
  SPMW XFORM 472 done_cycle=579 first_in=1
  SPMW XFORM 473 done_cycle=580 first_in=1
  SPMW XFORM 474 done_cycle=581 first_in=1
  SPMW XFORM 475 done_cycle=582 first_in=1
  SPMW XFORM 476 done_cycle=583 first_in=1
  SPMW XFORM 477 done_cycle=584 first_in=1
  SPMW XFORM 478 done_cycle=585 first_in=1
  SPMW XFORM 479 done_cycle=586 first_in=1
  SPMW XFORM 480 done_cycle=587 first_in=1
  SPMW XFORM 481 done_cycle=588 first_in=1
  SPMW XFORM 482 done_cycle=589 first_in=1
  SPMW XFORM 483 done_cycle=590 first_in=1
  SPMW XFORM 484 done_cycle=591 first_in=1
  SPMW XFORM 485 done_cycle=592 first_in=1
  SPMW XFORM 486 done_cycle=593 first_in=1
  SPMW XFORM 487 done_cycle=594 first_in=1
  SPMW XFORM 488 done_cycle=595 first_in=1
  SPMW XFORM 489 done_cycle=596 first_in=1
  SPMW XFORM 490 done_cycle=597 first_in=1
  SPMW XFORM 491 done_cycle=598 first_in=1
  SPMW XFORM 492 done_cycle=599 first_in=1
  SPMW XFORM 493 done_cycle=600 first_in=1
  SPMW XFORM 494 done_cycle=601 first_in=1
  SPMW XFORM 495 done_cycle=602 first_in=1
  SPMW XFORM 496 done_cycle=603 first_in=1
  SPMW XFORM 497 done_cycle=604 first_in=1
  SPMW XFORM 498 done_cycle=605 first_in=1
  SPMW XFORM 499 done_cycle=606 first_in=1
  SPMW XFORM 500 done_cycle=607 first_in=1
  SPMW XFORM 501 done_cycle=609 first_in=1
  SPMW XFORM 502 done_cycle=610 first_in=1
  SPMW XFORM 503 done_cycle=612 first_in=1
  SPMW XFORM 504 done_cycle=613 first_in=1
  SPMW XFORM 505 done_cycle=615 first_in=1
  SPMW XFORM 506 done_cycle=617 first_in=1
  SPMW XFORM 507 done_cycle=619 first_in=1
  SPMW XFORM 508 done_cycle=621 first_in=1
  SPMW XFORM 509 done_cycle=623 first_in=1
  SPMW XFORM 510 done_cycle=626 first_in=1
  SPMW XFORM 511 done_cycle=629 first_in=1
  SPMW XFORM 512 done_cycle=632 first_in=1
  SPMW XFORM 513 done_cycle=639 first_in=1
  SPMW COSIM PASS (8210/8210 tokens, 0 errors)
  SPMW CYCLES total=641 first_out=78 first_in=1
E8_SWEEP_RC=0 wall_s=320
