E8_SWEEP_START block-gelu_16_r8_l1024_d16 depth=16 Sat Sep 19 06:10:45 EDT 2026
E8 BLOCK design: mode=3 nrow=8 len=1024 nbeat=64 nacc=512
block-gelu: {"roles": 22, "instances": 308, "fifos": 855, "streams": 185}
staged 22 role project(s) in 4.5s (frontend + per-role HLS codegen)
synthesising and exporting 22 unit(s) concurrently:
  sca2_r0: rc=0 99.9s
  sca1_r0: rc=0 105.1s
  mac_r8: rc=0 114.3s
  red2_r0: rc=0 118.7s
  mac_r7: rc=0 121.0s
  red2_r2: rc=0 121.9s
  mac_r0: rc=0 122.8s
  sum2_r0: rc=0 123.9s
  mac_r5: rc=0 126.4s
  scale_r2: rc=0 127.0s
  scale_r0: rc=0 127.3s
  mac_r6: rc=0 127.8s
  mac_r3: rc=0 128.1s
  mac_r2: rc=0 129.0s
  red1_r1: rc=0 129.1s
  red1_r2: rc=0 129.1s
  mac_r4: rc=0 129.6s
  mac_r1: rc=0 129.8s
  sum1_r0: rc=0 130.3s
  red1_r0: rc=0 130.5s
  red2_r1: rc=0 130.6s
  scale_r1: rc=0 133.4s
HLS: 133.4s wall for 22 roles and 0 movers (2735.6s of CPU work, 308 instances)
assembling the array in Vivado:
Vivado elaborated 308 instances in 110.2s
simulating the assembled array:
  SPMW XFORM 1 done_cycle=879 first_in=1
  SPMW COSIM PASS (9232/9232 tokens, 0 errors)
  SPMW CYCLES total=959 first_out=78 first_in=1
E8_SWEEP_RC=0 wall_s=332
