E8_SWEEP_START block-none_16_r1_l16_d16_t16_rl1 depth=16 Sat Sep 19 17:39:31 EDT 2026
E8 BLOCK design: mode=0 nrow=1 len=16 nbeat=1 nacc=1 tiles=16 steps=256 reload=1
block-none: {"roles": 22, "instances": 308, "fifos": 855, "streams": 185}
staged 22 role project(s) in 4.9s (frontend + per-role HLS codegen)
synthesising and exporting 22 unit(s) concurrently:
  mac_r4: rc=0 83.7s
  mac_r2: rc=0 85.4s
  sum1_r0: rc=0 91.5s
  red2_r1: rc=0 93.5s
  scale_r1: rc=0 97.8s
  mac_r6: rc=0 106.4s
  mac_r3: rc=0 107.2s
  red2_r0: rc=0 108.6s
  red1_r1: rc=0 109.1s
  mac_r7: rc=0 109.2s
  mac_r0: rc=0 110.3s
  sca1_r0: rc=0 110.4s
  red1_r0: rc=0 110.7s
  sum2_r0: rc=0 113.3s
  red1_r2: rc=0 114.8s
  mac_r5: rc=0 116.9s
  mac_r8: rc=0 119.1s
  mac_r1: rc=0 119.7s
  red2_r2: rc=0 119.8s
  scale_r0: rc=0 123.1s
  sca2_r0: rc=0 125.0s
  scale_r2: rc=0 125.4s
HLS: 125.5s wall for 22 roles and 0 movers (2400.9s of CPU work, 308 instances)
assembling the array in Vivado:
Vivado elaborated 308 instances in 116.7s
simulating the assembled array:
  SPMW XFORM 1 done_cycle=88 first_in=1
  SPMW XFORM 2 done_cycle=93 first_in=1
  SPMW XFORM 3 done_cycle=97 first_in=1
  SPMW XFORM 4 done_cycle=100 first_in=1
  SPMW XFORM 5 done_cycle=103 first_in=1
  SPMW XFORM 6 done_cycle=106 first_in=1
  SPMW XFORM 7 done_cycle=108 first_in=1
  SPMW XFORM 8 done_cycle=110 first_in=1
  SPMW XFORM 9 done_cycle=112 first_in=1
  SPMW XFORM 10 done_cycle=114 first_in=1
  SPMW XFORM 11 done_cycle=115 first_in=1
  SPMW XFORM 12 done_cycle=117 first_in=1
  SPMW XFORM 13 done_cycle=118 first_in=1
  SPMW XFORM 14 done_cycle=120 first_in=1
  SPMW XFORM 15 done_cycle=121 first_in=1
  SPMW XFORM 16 done_cycle=122 first_in=1
  SPMW XFORM 17 done_cycle=123 first_in=1
  SPMW XFORM 18 done_cycle=125 first_in=1
  SPMW XFORM 19 done_cycle=126 first_in=1
  SPMW XFORM 20 done_cycle=127 first_in=1
  SPMW XFORM 21 done_cycle=128 first_in=1
  SPMW XFORM 22 done_cycle=129 first_in=1
  SPMW XFORM 23 done_cycle=130 first_in=1
  SPMW XFORM 24 done_cycle=131 first_in=1
  SPMW XFORM 25 done_cycle=132 first_in=1
  SPMW XFORM 26 done_cycle=133 first_in=1
  SPMW XFORM 27 done_cycle=134 first_in=1
  SPMW XFORM 28 done_cycle=135 first_in=1
  SPMW XFORM 29 done_cycle=136 first_in=1
  SPMW XFORM 30 done_cycle=137 first_in=1
  SPMW XFORM 31 done_cycle=138 first_in=1
  SPMW XFORM 32 done_cycle=139 first_in=1
  SPMW XFORM 33 done_cycle=140 first_in=1
  SPMW XFORM 34 done_cycle=141 first_in=1
  SPMW XFORM 35 done_cycle=142 first_in=1
  SPMW XFORM 36 done_cycle=143 first_in=1
  SPMW XFORM 37 done_cycle=144 first_in=1
  SPMW XFORM 38 done_cycle=145 first_in=1
  SPMW XFORM 39 done_cycle=146 first_in=1
  SPMW XFORM 40 done_cycle=147 first_in=1
  SPMW XFORM 41 done_cycle=148 first_in=1
  SPMW XFORM 42 done_cycle=149 first_in=1
  SPMW XFORM 43 done_cycle=150 first_in=1
  SPMW XFORM 44 done_cycle=151 first_in=1
  SPMW XFORM 45 done_cycle=152 first_in=1
  SPMW XFORM 46 done_cycle=153 first_in=1
  SPMW XFORM 47 done_cycle=154 first_in=1
  SPMW XFORM 48 done_cycle=155 first_in=1
  SPMW XFORM 49 done_cycle=156 first_in=1
  SPMW XFORM 50 done_cycle=157 first_in=1
  SPMW XFORM 51 done_cycle=158 first_in=1
  SPMW XFORM 52 done_cycle=159 first_in=1
  SPMW XFORM 53 done_cycle=160 first_in=1
  SPMW XFORM 54 done_cycle=161 first_in=1
  SPMW XFORM 55 done_cycle=162 first_in=1
  SPMW XFORM 56 done_cycle=163 first_in=1
  SPMW XFORM 57 done_cycle=164 first_in=1
  SPMW XFORM 58 done_cycle=165 first_in=1
  SPMW XFORM 59 done_cycle=166 first_in=1
  SPMW XFORM 60 done_cycle=167 first_in=1
  SPMW XFORM 61 done_cycle=168 first_in=1
  SPMW XFORM 62 done_cycle=169 first_in=1
  SPMW XFORM 63 done_cycle=170 first_in=1
  SPMW XFORM 64 done_cycle=171 first_in=1
  SPMW XFORM 65 done_cycle=172 first_in=1
  SPMW XFORM 66 done_cycle=173 first_in=1
  SPMW XFORM 67 done_cycle=174 first_in=1
  SPMW XFORM 68 done_cycle=175 first_in=1
  SPMW XFORM 69 done_cycle=176 first_in=1
  SPMW XFORM 70 done_cycle=177 first_in=1
  SPMW XFORM 71 done_cycle=178 first_in=1
  SPMW XFORM 72 done_cycle=179 first_in=1
  SPMW XFORM 73 done_cycle=180 first_in=1
  SPMW XFORM 74 done_cycle=181 first_in=1
  SPMW XFORM 75 done_cycle=182 first_in=1
  SPMW XFORM 76 done_cycle=183 first_in=1
  SPMW XFORM 77 done_cycle=184 first_in=1
  SPMW XFORM 78 done_cycle=185 first_in=1
  SPMW XFORM 79 done_cycle=186 first_in=1
  SPMW XFORM 80 done_cycle=187 first_in=1
  SPMW XFORM 81 done_cycle=188 first_in=1
  SPMW XFORM 82 done_cycle=189 first_in=1
  SPMW XFORM 83 done_cycle=190 first_in=1
  SPMW XFORM 84 done_cycle=191 first_in=1
  SPMW XFORM 85 done_cycle=192 first_in=1
  SPMW XFORM 86 done_cycle=193 first_in=1
  SPMW XFORM 87 done_cycle=194 first_in=1
  SPMW XFORM 88 done_cycle=195 first_in=1
  SPMW XFORM 89 done_cycle=196 first_in=1
  SPMW XFORM 90 done_cycle=197 first_in=1
  SPMW XFORM 91 done_cycle=198 first_in=1
  SPMW XFORM 92 done_cycle=199 first_in=1
  SPMW XFORM 93 done_cycle=200 first_in=1
  SPMW XFORM 94 done_cycle=201 first_in=1
  SPMW XFORM 95 done_cycle=202 first_in=1
  SPMW XFORM 96 done_cycle=203 first_in=1
  SPMW XFORM 97 done_cycle=204 first_in=1
  SPMW XFORM 98 done_cycle=205 first_in=1
  SPMW XFORM 99 done_cycle=206 first_in=1
  SPMW XFORM 100 done_cycle=207 first_in=1
  SPMW XFORM 101 done_cycle=208 first_in=1
  SPMW XFORM 102 done_cycle=209 first_in=1
  SPMW XFORM 103 done_cycle=210 first_in=1
  SPMW XFORM 104 done_cycle=211 first_in=1
  SPMW XFORM 105 done_cycle=212 first_in=1
  SPMW XFORM 106 done_cycle=213 first_in=1
  SPMW XFORM 107 done_cycle=214 first_in=1
  SPMW XFORM 108 done_cycle=215 first_in=1
  SPMW XFORM 109 done_cycle=216 first_in=1
  SPMW XFORM 110 done_cycle=217 first_in=1
  SPMW XFORM 111 done_cycle=218 first_in=1
  SPMW XFORM 112 done_cycle=219 first_in=1
  SPMW XFORM 113 done_cycle=220 first_in=1
  SPMW XFORM 114 done_cycle=221 first_in=1
  SPMW XFORM 115 done_cycle=222 first_in=1
  SPMW XFORM 116 done_cycle=223 first_in=1
  SPMW XFORM 117 done_cycle=224 first_in=1
  SPMW XFORM 118 done_cycle=225 first_in=1
  SPMW XFORM 119 done_cycle=226 first_in=1
  SPMW XFORM 120 done_cycle=227 first_in=1
  SPMW XFORM 121 done_cycle=228 first_in=1
  SPMW XFORM 122 done_cycle=229 first_in=1
  SPMW XFORM 123 done_cycle=230 first_in=1
  SPMW XFORM 124 done_cycle=231 first_in=1
  SPMW XFORM 125 done_cycle=232 first_in=1
  SPMW XFORM 126 done_cycle=233 first_in=1
  SPMW XFORM 127 done_cycle=234 first_in=1
  SPMW XFORM 128 done_cycle=235 first_in=1
  SPMW XFORM 129 done_cycle=236 first_in=1
  SPMW XFORM 130 done_cycle=237 first_in=1
  SPMW XFORM 131 done_cycle=238 first_in=1
  SPMW XFORM 132 done_cycle=239 first_in=1
  SPMW XFORM 133 done_cycle=240 first_in=1
  SPMW XFORM 134 done_cycle=241 first_in=1
  SPMW XFORM 135 done_cycle=242 first_in=1
  SPMW XFORM 136 done_cycle=243 first_in=1
  SPMW XFORM 137 done_cycle=244 first_in=1
  SPMW XFORM 138 done_cycle=245 first_in=1
  SPMW XFORM 139 done_cycle=246 first_in=1
  SPMW XFORM 140 done_cycle=247 first_in=1
  SPMW XFORM 141 done_cycle=248 first_in=1
  SPMW XFORM 142 done_cycle=249 first_in=1
  SPMW XFORM 143 done_cycle=250 first_in=1
  SPMW XFORM 144 done_cycle=251 first_in=1
  SPMW XFORM 145 done_cycle=252 first_in=1
  SPMW XFORM 146 done_cycle=253 first_in=1
  SPMW XFORM 147 done_cycle=254 first_in=1
  SPMW XFORM 148 done_cycle=255 first_in=1
  SPMW XFORM 149 done_cycle=256 first_in=1
  SPMW XFORM 150 done_cycle=257 first_in=1
  SPMW XFORM 151 done_cycle=258 first_in=1
  SPMW XFORM 152 done_cycle=259 first_in=1
  SPMW XFORM 153 done_cycle=260 first_in=1
  SPMW XFORM 154 done_cycle=261 first_in=1
  SPMW XFORM 155 done_cycle=262 first_in=1
  SPMW XFORM 156 done_cycle=263 first_in=1
  SPMW XFORM 157 done_cycle=264 first_in=1
  SPMW XFORM 158 done_cycle=265 first_in=1
  SPMW XFORM 159 done_cycle=266 first_in=1
  SPMW XFORM 160 done_cycle=267 first_in=1
  SPMW XFORM 161 done_cycle=268 first_in=1
  SPMW XFORM 162 done_cycle=269 first_in=1
  SPMW XFORM 163 done_cycle=270 first_in=1
  SPMW XFORM 164 done_cycle=271 first_in=1
  SPMW XFORM 165 done_cycle=272 first_in=1
  SPMW XFORM 166 done_cycle=273 first_in=1
  SPMW XFORM 167 done_cycle=274 first_in=1
  SPMW XFORM 168 done_cycle=275 first_in=1
  SPMW XFORM 169 done_cycle=276 first_in=1
  SPMW XFORM 170 done_cycle=277 first_in=1
  SPMW XFORM 171 done_cycle=278 first_in=1
  SPMW XFORM 172 done_cycle=279 first_in=1
  SPMW XFORM 173 done_cycle=280 first_in=1
  SPMW XFORM 174 done_cycle=281 first_in=1
  SPMW XFORM 175 done_cycle=282 first_in=1
  SPMW XFORM 176 done_cycle=283 first_in=1
  SPMW XFORM 177 done_cycle=284 first_in=1
  SPMW XFORM 178 done_cycle=285 first_in=1
  SPMW XFORM 179 done_cycle=286 first_in=1
  SPMW XFORM 180 done_cycle=287 first_in=1
  SPMW XFORM 181 done_cycle=288 first_in=1
  SPMW XFORM 182 done_cycle=289 first_in=1
  SPMW XFORM 183 done_cycle=290 first_in=1
  SPMW XFORM 184 done_cycle=291 first_in=1
  SPMW XFORM 185 done_cycle=292 first_in=1
  SPMW XFORM 186 done_cycle=293 first_in=1
  SPMW XFORM 187 done_cycle=294 first_in=1
  SPMW XFORM 188 done_cycle=295 first_in=1
  SPMW XFORM 189 done_cycle=296 first_in=1
  SPMW XFORM 190 done_cycle=297 first_in=1
  SPMW XFORM 191 done_cycle=298 first_in=1
  SPMW XFORM 192 done_cycle=299 first_in=1
  SPMW XFORM 193 done_cycle=300 first_in=1
  SPMW XFORM 194 done_cycle=301 first_in=1
  SPMW XFORM 195 done_cycle=302 first_in=1
  SPMW XFORM 196 done_cycle=303 first_in=1
  SPMW XFORM 197 done_cycle=304 first_in=1
  SPMW XFORM 198 done_cycle=305 first_in=1
  SPMW XFORM 199 done_cycle=306 first_in=1
  SPMW XFORM 200 done_cycle=307 first_in=1
  SPMW XFORM 201 done_cycle=308 first_in=1
  SPMW XFORM 202 done_cycle=309 first_in=1
  SPMW XFORM 203 done_cycle=310 first_in=1
  SPMW XFORM 204 done_cycle=311 first_in=1
  SPMW XFORM 205 done_cycle=312 first_in=1
  SPMW XFORM 206 done_cycle=313 first_in=1
  SPMW XFORM 207 done_cycle=314 first_in=1
  SPMW XFORM 208 done_cycle=315 first_in=1
  SPMW XFORM 209 done_cycle=316 first_in=1
  SPMW XFORM 210 done_cycle=317 first_in=1
  SPMW XFORM 211 done_cycle=318 first_in=1
  SPMW XFORM 212 done_cycle=319 first_in=1
  SPMW XFORM 213 done_cycle=320 first_in=1
  SPMW XFORM 214 done_cycle=321 first_in=1
  SPMW XFORM 215 done_cycle=322 first_in=1
  SPMW XFORM 216 done_cycle=323 first_in=1
  SPMW XFORM 217 done_cycle=324 first_in=1
  SPMW XFORM 218 done_cycle=325 first_in=1
  SPMW XFORM 219 done_cycle=326 first_in=1
  SPMW XFORM 220 done_cycle=327 first_in=1
  SPMW XFORM 221 done_cycle=328 first_in=1
  SPMW XFORM 222 done_cycle=329 first_in=1
  SPMW XFORM 223 done_cycle=330 first_in=1
  SPMW XFORM 224 done_cycle=331 first_in=1
  SPMW XFORM 225 done_cycle=332 first_in=1
  SPMW XFORM 226 done_cycle=333 first_in=1
  SPMW XFORM 227 done_cycle=334 first_in=1
  SPMW XFORM 228 done_cycle=335 first_in=1
  SPMW XFORM 229 done_cycle=336 first_in=1
  SPMW XFORM 230 done_cycle=337 first_in=1
  SPMW XFORM 231 done_cycle=338 first_in=1
  SPMW XFORM 232 done_cycle=339 first_in=1
  SPMW XFORM 233 done_cycle=340 first_in=1
  SPMW XFORM 234 done_cycle=341 first_in=1
  SPMW XFORM 235 done_cycle=342 first_in=1
  SPMW XFORM 236 done_cycle=343 first_in=1
  SPMW XFORM 237 done_cycle=344 first_in=1
  SPMW XFORM 238 done_cycle=345 first_in=1
  SPMW XFORM 239 done_cycle=346 first_in=1
  SPMW XFORM 240 done_cycle=347 first_in=1
  SPMW XFORM 241 done_cycle=348 first_in=1
  SPMW XFORM 242 done_cycle=349 first_in=1
  SPMW XFORM 243 done_cycle=350 first_in=1
  SPMW XFORM 244 done_cycle=351 first_in=1
  SPMW XFORM 245 done_cycle=353 first_in=1
  SPMW XFORM 246 done_cycle=354 first_in=1
  SPMW XFORM 247 done_cycle=356 first_in=1
  SPMW XFORM 248 done_cycle=357 first_in=1
  SPMW XFORM 249 done_cycle=359 first_in=1
  SPMW XFORM 250 done_cycle=361 first_in=1
  SPMW XFORM 251 done_cycle=363 first_in=1
  SPMW XFORM 252 done_cycle=365 first_in=1
  SPMW XFORM 253 done_cycle=367 first_in=1
  SPMW XFORM 254 done_cycle=370 first_in=1
  SPMW XFORM 255 done_cycle=373 first_in=1
  SPMW XFORM 256 done_cycle=376 first_in=1
  SPMW XFORM 257 done_cycle=383 first_in=1
  SPMW COSIM PASS (4114/4114 tokens, 0 errors)
  SPMW CYCLES total=385 first_out=78 first_in=1
E8_SWEEP_RC=0 wall_s=321
