E8_SWEEP_START block-none_16_r1_l16_d16_m0_t16 depth=16 Sat Sep 19 07:44:36 EDT 2026
E8 BLOCK design: mode=0 nrow=1 len=16 nbeat=1 nacc=1 tiles=16 steps=256
block-none: {"roles": 22, "instances": 308, "fifos": 855, "streams": 185}
staged 22 role project(s) in 3.9s (frontend + per-role HLS codegen)
synthesising and exporting 22 unit(s) concurrently:
  sca1_r0: rc=0 64.8s
  mac_r4: rc=0 69.4s
  mac_r0: rc=0 69.7s
  mac_r1: rc=0 70.1s
  mac_r6: rc=0 70.6s
  red1_r0: rc=0 70.6s
  mac_r7: rc=0 70.9s
  mac_r5: rc=0 71.4s
  red1_r2: rc=0 71.5s
  sum1_r0: rc=0 71.8s
  red2_r2: rc=0 71.9s
  mac_r3: rc=0 72.1s
  mac_r8: rc=0 72.4s
  red2_r1: rc=0 72.7s
  red1_r1: rc=0 73.4s
  sum2_r0: rc=0 73.5s
  red2_r0: rc=0 73.5s
  mac_r2: rc=0 73.7s
  scale_r0: rc=0 74.8s
  scale_r1: rc=0 75.8s
  scale_r2: rc=0 76.0s
  sca2_r0: rc=0 76.7s
HLS: 76.7s wall for 22 roles and 0 movers (1587.3s of CPU work, 308 instances)
assembling the array in Vivado:
Vivado elaborated 308 instances in 126.6s
simulating the assembled array:
  SPMW XFORM 1 done_cycle=178 first_in=1
  SPMW XFORM 2 done_cycle=182 first_in=1
  SPMW XFORM 3 done_cycle=186 first_in=1
  SPMW XFORM 4 done_cycle=189 first_in=1
  SPMW XFORM 5 done_cycle=192 first_in=1
  SPMW XFORM 6 done_cycle=194 first_in=1
  SPMW XFORM 7 done_cycle=196 first_in=1
  SPMW XFORM 8 done_cycle=198 first_in=1
  SPMW XFORM 9 done_cycle=200 first_in=1
  SPMW XFORM 10 done_cycle=202 first_in=1
  SPMW XFORM 11 done_cycle=204 first_in=1
  SPMW XFORM 12 done_cycle=206 first_in=1
  SPMW XFORM 13 done_cycle=207 first_in=1
  SPMW XFORM 14 done_cycle=209 first_in=1
  SPMW XFORM 15 done_cycle=210 first_in=1
  SPMW XFORM 16 done_cycle=212 first_in=1
  SPMW XFORM 17 done_cycle=213 first_in=1
  SPMW XFORM 18 done_cycle=214 first_in=1
  SPMW XFORM 19 done_cycle=216 first_in=1
  SPMW XFORM 20 done_cycle=217 first_in=1
  SPMW XFORM 21 done_cycle=218 first_in=1
  SPMW XFORM 22 done_cycle=220 first_in=1
  SPMW XFORM 23 done_cycle=221 first_in=1
  SPMW XFORM 24 done_cycle=222 first_in=1
  SPMW XFORM 25 done_cycle=223 first_in=1
  SPMW XFORM 26 done_cycle=224 first_in=1
  SPMW XFORM 27 done_cycle=225 first_in=1
  SPMW XFORM 28 done_cycle=226 first_in=1
  SPMW XFORM 29 done_cycle=227 first_in=1
  SPMW XFORM 30 done_cycle=228 first_in=1
  SPMW XFORM 31 done_cycle=229 first_in=1
  SPMW XFORM 32 done_cycle=230 first_in=1
  SPMW XFORM 33 done_cycle=231 first_in=1
  SPMW XFORM 34 done_cycle=232 first_in=1
  SPMW XFORM 35 done_cycle=233 first_in=1
  SPMW XFORM 36 done_cycle=234 first_in=1
  SPMW XFORM 37 done_cycle=235 first_in=1
  SPMW XFORM 38 done_cycle=236 first_in=1
  SPMW XFORM 39 done_cycle=237 first_in=1
  SPMW XFORM 40 done_cycle=238 first_in=1
  SPMW XFORM 41 done_cycle=239 first_in=1
  SPMW XFORM 42 done_cycle=240 first_in=1
  SPMW XFORM 43 done_cycle=241 first_in=1
  SPMW XFORM 44 done_cycle=242 first_in=1
  SPMW XFORM 45 done_cycle=243 first_in=1
  SPMW XFORM 46 done_cycle=244 first_in=1
  SPMW XFORM 47 done_cycle=245 first_in=1
  SPMW XFORM 48 done_cycle=246 first_in=1
  SPMW XFORM 49 done_cycle=247 first_in=1
  SPMW XFORM 50 done_cycle=248 first_in=1
  SPMW XFORM 51 done_cycle=249 first_in=1
  SPMW XFORM 52 done_cycle=250 first_in=1
  SPMW XFORM 53 done_cycle=251 first_in=1
  SPMW XFORM 54 done_cycle=252 first_in=1
  SPMW XFORM 55 done_cycle=253 first_in=1
  SPMW XFORM 56 done_cycle=254 first_in=1
  SPMW XFORM 57 done_cycle=255 first_in=1
  SPMW XFORM 58 done_cycle=256 first_in=1
  SPMW XFORM 59 done_cycle=257 first_in=1
  SPMW XFORM 60 done_cycle=258 first_in=1
  SPMW XFORM 61 done_cycle=259 first_in=1
  SPMW XFORM 62 done_cycle=260 first_in=1
  SPMW XFORM 63 done_cycle=261 first_in=1
  SPMW XFORM 64 done_cycle=262 first_in=1
  SPMW XFORM 65 done_cycle=263 first_in=1
  SPMW XFORM 66 done_cycle=264 first_in=1
  SPMW XFORM 67 done_cycle=265 first_in=1
  SPMW XFORM 68 done_cycle=266 first_in=1
  SPMW XFORM 69 done_cycle=267 first_in=1
  SPMW XFORM 70 done_cycle=268 first_in=1
  SPMW XFORM 71 done_cycle=269 first_in=1
  SPMW XFORM 72 done_cycle=270 first_in=1
  SPMW XFORM 73 done_cycle=271 first_in=1
  SPMW XFORM 74 done_cycle=272 first_in=1
  SPMW XFORM 75 done_cycle=273 first_in=1
  SPMW XFORM 76 done_cycle=274 first_in=1
  SPMW XFORM 77 done_cycle=275 first_in=1
  SPMW XFORM 78 done_cycle=276 first_in=1
  SPMW XFORM 79 done_cycle=277 first_in=1
  SPMW XFORM 80 done_cycle=278 first_in=1
  SPMW XFORM 81 done_cycle=279 first_in=1
  SPMW XFORM 82 done_cycle=280 first_in=1
  SPMW XFORM 83 done_cycle=281 first_in=1
  SPMW XFORM 84 done_cycle=282 first_in=1
  SPMW XFORM 85 done_cycle=283 first_in=1
  SPMW XFORM 86 done_cycle=284 first_in=1
  SPMW XFORM 87 done_cycle=285 first_in=1
  SPMW XFORM 88 done_cycle=286 first_in=1
  SPMW XFORM 89 done_cycle=287 first_in=1
  SPMW XFORM 90 done_cycle=288 first_in=1
  SPMW XFORM 91 done_cycle=289 first_in=1
  SPMW XFORM 92 done_cycle=290 first_in=1
  SPMW XFORM 93 done_cycle=291 first_in=1
  SPMW XFORM 94 done_cycle=292 first_in=1
  SPMW XFORM 95 done_cycle=293 first_in=1
  SPMW XFORM 96 done_cycle=294 first_in=1
  SPMW XFORM 97 done_cycle=295 first_in=1
  SPMW XFORM 98 done_cycle=296 first_in=1
  SPMW XFORM 99 done_cycle=297 first_in=1
  SPMW XFORM 100 done_cycle=298 first_in=1
  SPMW XFORM 101 done_cycle=299 first_in=1
  SPMW XFORM 102 done_cycle=300 first_in=1
  SPMW XFORM 103 done_cycle=301 first_in=1
  SPMW XFORM 104 done_cycle=302 first_in=1
  SPMW XFORM 105 done_cycle=303 first_in=1
  SPMW XFORM 106 done_cycle=304 first_in=1
  SPMW XFORM 107 done_cycle=305 first_in=1
  SPMW XFORM 108 done_cycle=306 first_in=1
  SPMW XFORM 109 done_cycle=307 first_in=1
  SPMW XFORM 110 done_cycle=308 first_in=1
  SPMW XFORM 111 done_cycle=309 first_in=1
  SPMW XFORM 112 done_cycle=310 first_in=1
  SPMW XFORM 113 done_cycle=311 first_in=1
  SPMW XFORM 114 done_cycle=312 first_in=1
  SPMW XFORM 115 done_cycle=313 first_in=1
  SPMW XFORM 116 done_cycle=314 first_in=1
  SPMW XFORM 117 done_cycle=315 first_in=1
  SPMW XFORM 118 done_cycle=316 first_in=1
  SPMW XFORM 119 done_cycle=317 first_in=1
  SPMW XFORM 120 done_cycle=318 first_in=1
  SPMW XFORM 121 done_cycle=319 first_in=1
  SPMW XFORM 122 done_cycle=320 first_in=1
  SPMW XFORM 123 done_cycle=321 first_in=1
  SPMW XFORM 124 done_cycle=322 first_in=1
  SPMW XFORM 125 done_cycle=323 first_in=1
  SPMW XFORM 126 done_cycle=324 first_in=1
  SPMW XFORM 127 done_cycle=325 first_in=1
  SPMW XFORM 128 done_cycle=326 first_in=1
  SPMW XFORM 129 done_cycle=327 first_in=1
  SPMW XFORM 130 done_cycle=328 first_in=1
  SPMW XFORM 131 done_cycle=329 first_in=1
  SPMW XFORM 132 done_cycle=330 first_in=1
  SPMW XFORM 133 done_cycle=331 first_in=1
  SPMW XFORM 134 done_cycle=332 first_in=1
  SPMW XFORM 135 done_cycle=333 first_in=1
  SPMW XFORM 136 done_cycle=334 first_in=1
  SPMW XFORM 137 done_cycle=335 first_in=1
  SPMW XFORM 138 done_cycle=336 first_in=1
  SPMW XFORM 139 done_cycle=337 first_in=1
  SPMW XFORM 140 done_cycle=338 first_in=1
  SPMW XFORM 141 done_cycle=339 first_in=1
  SPMW XFORM 142 done_cycle=340 first_in=1
  SPMW XFORM 143 done_cycle=341 first_in=1
  SPMW XFORM 144 done_cycle=342 first_in=1
  SPMW XFORM 145 done_cycle=343 first_in=1
  SPMW XFORM 146 done_cycle=344 first_in=1
  SPMW XFORM 147 done_cycle=345 first_in=1
  SPMW XFORM 148 done_cycle=346 first_in=1
  SPMW XFORM 149 done_cycle=347 first_in=1
  SPMW XFORM 150 done_cycle=348 first_in=1
  SPMW XFORM 151 done_cycle=349 first_in=1
  SPMW XFORM 152 done_cycle=350 first_in=1
  SPMW XFORM 153 done_cycle=351 first_in=1
  SPMW XFORM 154 done_cycle=352 first_in=1
  SPMW XFORM 155 done_cycle=353 first_in=1
  SPMW XFORM 156 done_cycle=354 first_in=1
  SPMW XFORM 157 done_cycle=355 first_in=1
  SPMW XFORM 158 done_cycle=356 first_in=1
  SPMW XFORM 159 done_cycle=357 first_in=1
  SPMW XFORM 160 done_cycle=358 first_in=1
  SPMW XFORM 161 done_cycle=359 first_in=1
  SPMW XFORM 162 done_cycle=360 first_in=1
  SPMW XFORM 163 done_cycle=361 first_in=1
  SPMW XFORM 164 done_cycle=362 first_in=1
  SPMW XFORM 165 done_cycle=363 first_in=1
  SPMW XFORM 166 done_cycle=364 first_in=1
  SPMW XFORM 167 done_cycle=365 first_in=1
  SPMW XFORM 168 done_cycle=366 first_in=1
  SPMW XFORM 169 done_cycle=367 first_in=1
  SPMW XFORM 170 done_cycle=368 first_in=1
  SPMW XFORM 171 done_cycle=369 first_in=1
  SPMW XFORM 172 done_cycle=370 first_in=1
  SPMW XFORM 173 done_cycle=371 first_in=1
  SPMW XFORM 174 done_cycle=372 first_in=1
  SPMW XFORM 175 done_cycle=373 first_in=1
  SPMW XFORM 176 done_cycle=374 first_in=1
  SPMW XFORM 177 done_cycle=375 first_in=1
  SPMW XFORM 178 done_cycle=376 first_in=1
  SPMW XFORM 179 done_cycle=377 first_in=1
  SPMW XFORM 180 done_cycle=378 first_in=1
  SPMW XFORM 181 done_cycle=379 first_in=1
  SPMW XFORM 182 done_cycle=380 first_in=1
  SPMW XFORM 183 done_cycle=381 first_in=1
  SPMW XFORM 184 done_cycle=382 first_in=1
  SPMW XFORM 185 done_cycle=383 first_in=1
  SPMW XFORM 186 done_cycle=384 first_in=1
  SPMW XFORM 187 done_cycle=385 first_in=1
  SPMW XFORM 188 done_cycle=386 first_in=1
  SPMW XFORM 189 done_cycle=387 first_in=1
  SPMW XFORM 190 done_cycle=388 first_in=1
  SPMW XFORM 191 done_cycle=389 first_in=1
  SPMW XFORM 192 done_cycle=390 first_in=1
  SPMW XFORM 193 done_cycle=391 first_in=1
  SPMW XFORM 194 done_cycle=392 first_in=1
  SPMW XFORM 195 done_cycle=393 first_in=1
  SPMW XFORM 196 done_cycle=394 first_in=1
  SPMW XFORM 197 done_cycle=395 first_in=1
  SPMW XFORM 198 done_cycle=396 first_in=1
  SPMW XFORM 199 done_cycle=397 first_in=1
  SPMW XFORM 200 done_cycle=398 first_in=1
  SPMW XFORM 201 done_cycle=399 first_in=1
  SPMW XFORM 202 done_cycle=400 first_in=1
  SPMW XFORM 203 done_cycle=401 first_in=1
  SPMW XFORM 204 done_cycle=402 first_in=1
  SPMW XFORM 205 done_cycle=403 first_in=1
  SPMW XFORM 206 done_cycle=404 first_in=1
  SPMW XFORM 207 done_cycle=405 first_in=1
  SPMW XFORM 208 done_cycle=406 first_in=1
  SPMW XFORM 209 done_cycle=407 first_in=1
  SPMW XFORM 210 done_cycle=408 first_in=1
  SPMW XFORM 211 done_cycle=409 first_in=1
  SPMW XFORM 212 done_cycle=410 first_in=1
  SPMW XFORM 213 done_cycle=411 first_in=1
  SPMW XFORM 214 done_cycle=412 first_in=1
  SPMW XFORM 215 done_cycle=413 first_in=1
  SPMW XFORM 216 done_cycle=414 first_in=1
  SPMW XFORM 217 done_cycle=415 first_in=1
  SPMW XFORM 218 done_cycle=416 first_in=1
  SPMW XFORM 219 done_cycle=417 first_in=1
  SPMW XFORM 220 done_cycle=418 first_in=1
  SPMW XFORM 221 done_cycle=419 first_in=1
  SPMW XFORM 222 done_cycle=420 first_in=1
  SPMW XFORM 223 done_cycle=421 first_in=1
  SPMW XFORM 224 done_cycle=422 first_in=1
  SPMW XFORM 225 done_cycle=423 first_in=1
  SPMW XFORM 226 done_cycle=424 first_in=1
  SPMW XFORM 227 done_cycle=425 first_in=1
  SPMW XFORM 228 done_cycle=426 first_in=1
  SPMW XFORM 229 done_cycle=427 first_in=1
  SPMW XFORM 230 done_cycle=428 first_in=1
  SPMW XFORM 231 done_cycle=429 first_in=1
  SPMW XFORM 232 done_cycle=430 first_in=1
  SPMW XFORM 233 done_cycle=431 first_in=1
  SPMW XFORM 234 done_cycle=432 first_in=1
  SPMW XFORM 235 done_cycle=433 first_in=1
  SPMW XFORM 236 done_cycle=434 first_in=1
  SPMW XFORM 237 done_cycle=436 first_in=1
  SPMW XFORM 238 done_cycle=437 first_in=1
  SPMW XFORM 239 done_cycle=438 first_in=1
  SPMW XFORM 240 done_cycle=440 first_in=1
  SPMW XFORM 241 done_cycle=441 first_in=1
  SPMW XFORM 242 done_cycle=442 first_in=1
  SPMW XFORM 243 done_cycle=444 first_in=1
  SPMW XFORM 244 done_cycle=445 first_in=1
  SPMW XFORM 245 done_cycle=447 first_in=1
  SPMW XFORM 246 done_cycle=449 first_in=1
  SPMW XFORM 247 done_cycle=450 first_in=1
  SPMW XFORM 248 done_cycle=452 first_in=1
  SPMW XFORM 249 done_cycle=454 first_in=1
  SPMW XFORM 250 done_cycle=456 first_in=1
  SPMW XFORM 251 done_cycle=458 first_in=1
  SPMW XFORM 252 done_cycle=461 first_in=1
  SPMW XFORM 253 done_cycle=463 first_in=1
  SPMW XFORM 254 done_cycle=466 first_in=1
  SPMW XFORM 255 done_cycle=470 first_in=1
  SPMW XFORM 256 done_cycle=474 first_in=1
  SPMW XFORM 257 done_cycle=482 first_in=1
  SPMW COSIM PASS (4114/4114 tokens, 0 errors)
  SPMW CYCLES total=484 first_out=169 first_in=1
E8_SWEEP_RC=0 wall_s=282
