E8_SWEEP_START block_16_r8_l256_d16 depth=16 Sat Sep 19 06:09:54 EDT 2026
E8 BLOCK design: mode=2 nrow=8 len=256 nbeat=16 nacc=128
block: {"roles": 22, "instances": 308, "fifos": 855, "streams": 185}
staged 22 role project(s) in 3.5s (frontend + per-role HLS codegen)
synthesising and exporting 22 unit(s) concurrently:
  sca1_r0: rc=0 44.7s
  mac_r5: rc=0 47.5s
  mac_r3: rc=0 47.6s
  mac_r2: rc=0 47.8s
  mac_r6: rc=0 47.9s
  mac_r8: rc=0 47.9s
  mac_r4: rc=0 48.0s
  mac_r7: rc=0 48.2s
  mac_r0: rc=0 48.4s
  red1_r1: rc=0 48.5s
  mac_r1: rc=0 49.0s
  red2_r2: rc=0 49.4s
  red1_r2: rc=0 49.4s
  red2_r1: rc=0 49.6s
  red2_r0: rc=0 49.7s
  sum2_r0: rc=0 49.7s
  red1_r0: rc=0 49.9s
  sum1_r0: rc=0 50.5s
  scale_r0: rc=0 53.0s
  scale_r1: rc=0 53.1s
  scale_r2: rc=0 53.3s
  sca2_r0: rc=0 53.9s
HLS: 53.9s wall for 22 roles and 0 movers (1087.0s of CPU work, 308 instances)
assembling the array in Vivado:
  stage synth 962.777
  stage opt 88.549
  stage place 1163.918
  stage physopt 316.302
  stage route 2414.113
  unrouted 0
Vivado implemented 308 instances in 5177.7s
  array clock: 3.852 ns achieved against a 3.333 ns target (WNS -0.519 ns)
simulating the assembled array:
  SPMW XFORM 1 done_cycle=542 first_in=1
  SPMW COSIM PASS (3088/3088 tokens, 0 errors)
  SPMW CYCLES total=621 first_out=78 first_in=1
E8_SWEEP_RC=0 wall_s=5304
