

================================================================
== Vitis HLS Report for 'req16_r0_0'
================================================================
* Date:           Fri Oct  2 03:50:31 2026

* Version:        2023.2 (Build 4023990 on Oct 11 2023)
* Project:        prj
* Solution:       sol (Vivado IP Flow Target)
* Product family: virtexuplusHBM
* Target device:  xcu280-fsvh2892-2L-e


================================================================
== Performance Estimates
================================================================
+ Timing: 
    * Summary: 
    +--------+---------+----------+------------+
    |  Clock |  Target | Estimated| Uncertainty|
    +--------+---------+----------+------------+
    |ap_clk  |  3.33 ns|  2.938 ns|     0.90 ns|
    +--------+---------+----------+------------+

+ Latency: 
    * Summary: 
    +---------+---------+----------+----------+-----+-----+---------+
    |  Latency (cycles) |  Latency (absolute) |  Interval | Pipeline|
    |   min   |   max   |    min   |    max   | min | max |   Type  |
    +---------+---------+----------+----------+-----+-----+---------+
    |        ?|        ?|         ?|         ?|    ?|    ?|       no|
    +---------+---------+----------+----------+-----+-----+---------+

    + Detail: 
        * Instance: 
        N/A

        * Loop: 
        +-------------------+---------+---------+----------+-----------+-----------+------+----------+
        |                   |  Latency (cycles) | Iteration|  Initiation Interval  | Trip |          |
        |     Loop Name     |   min   |   max   |  Latency |  achieved |   target  | Count| Pipelined|
        +-------------------+---------+---------+----------+-----------+-----------+------+----------+
        |- VITIS_LOOP_78_1  |        ?|        ?|         2|          1|          1|     ?|  yes(flp)|
        +-------------------+---------+---------+----------+-----------+-----------+------+----------+



================================================================
== Utilization Estimates
================================================================
* Summary: 
+---------------------+---------+------+---------+---------+-----+
|         Name        | BRAM_18K|  DSP |    FF   |   LUT   | URAM|
+---------------------+---------+------+---------+---------+-----+
|DSP                  |        -|     -|        -|        -|    -|
|Expression           |        -|     -|        0|     1548|    -|
|FIFO                 |        -|     -|        -|        -|    -|
|Instance             |        -|     -|        -|        -|    -|
|Memory               |        -|     -|        -|        -|    -|
|Multiplexer          |        -|     -|        -|      858|    -|
|Register             |        -|     -|      828|        -|    -|
+---------------------+---------+------+---------+---------+-----+
|Total                |        0|     0|      828|     2406|    0|
+---------------------+---------+------+---------+---------+-----+
|Available SLR        |     1344|  3008|   869120|   434560|  320|
+---------------------+---------+------+---------+---------+-----+
|Utilization SLR (%)  |        0|     0|       ~0|       ~0|    0|
+---------------------+---------+------+---------+---------+-----+
|Available            |     4032|  9024|  2607360|  1303680|  960|
+---------------------+---------+------+---------+---------+-----+
|Utilization (%)      |        0|     0|       ~0|       ~0|    0|
+---------------------+---------+------+---------+---------+-----+

+ Detail: 
    * Instance: 
    N/A

    * DSP: 
    N/A

    * Memory: 
    N/A

    * FIFO: 
    N/A

    * Expression: 
    +----------------------------------+----------+----+---+----+------------+------------+
    |           Variable Name          | Operation| DSP| FF| LUT| Bitwidth P0| Bitwidth P1|
    +----------------------------------+----------+----+---+----+------------+------------+
    |aptr_fu_1467_p2                   |         +|   0|  0|  39|          32|          32|
    |v117_fu_814_p2                    |         +|   0|  0|  39|          32|           1|
    |v152_fu_1214_p2                   |         +|   0|  0|  39|          32|          32|
    |v176_fu_1115_p2                   |         +|   0|  0|  39|          32|           7|
    |v200_fu_1058_p2                   |         +|   0|  0|  39|          32|           9|
    |v242_fu_867_p2                    |         +|   0|  0|  39|          32|           2|
    |v257_fu_915_p2                    |         +|   0|  0|  39|          32|           2|
    |v266_fu_971_p2                    |         +|   0|  0|  39|          32|           2|
    |v57_fu_1378_p2                    |         +|   0|  0|  39|          32|           6|
    |and_ln342_1_fu_1068_p2            |       and|   0|  0|   2|           1|           1|
    |and_ln342_fu_1064_p2              |       and|   0|  0|   2|           1|           1|
    |and_ln379_1_fu_1432_p2            |       and|   0|  0|   2|           1|           1|
    |and_ln379_fu_1428_p2              |       and|   0|  0|   2|           1|           1|
    |ap_block_state1_pp0_stage0_iter0  |       and|   0|  0|   2|           1|           1|
    |ap_condition_160                  |       and|   0|  0|   2|           1|           1|
    |ap_condition_335                  |       and|   0|  0|   2|           1|           1|
    |ap_predicate_op114_read_state1    |       and|   0|  0|   2|           1|           1|
    |ap_predicate_op205_write_state2   |       and|   0|  0|   2|           1|           1|
    |ap_predicate_op211_write_state2   |       and|   0|  0|   2|           1|           1|
    |ap_predicate_op214_write_state2   |       and|   0|  0|   2|           1|           1|
    |ap_predicate_op220_write_state2   |       and|   0|  0|   2|           1|           1|
    |ap_predicate_op243_write_state2   |       and|   0|  0|   2|           1|           1|
    |ap_predicate_op254_write_state2   |       and|   0|  0|   2|           1|           1|
    |ap_predicate_op289_write_state2   |       and|   0|  0|   2|           1|           1|
    |ap_predicate_op293_read_state2    |       and|   0|  0|   2|           1|           1|
    |ap_predicate_op302_write_state2   |       and|   0|  0|   2|           1|           1|
    |v132_fu_1132_p2                   |       and|   0|  0|   2|           1|           1|
    |v195_fu_1072_p2                   |       and|   0|  0|   2|           1|           1|
    |v221_fu_1436_p2                   |       and|   0|  0|   2|           1|           1|
    |v245_fu_873_p2                    |       and|   0|  0|   2|           1|           1|
    |grp_fu_390_p2                     |      icmp|   0|  0|  39|          32|           1|
    |icmp_ln127_1_fu_741_p2            |      icmp|   0|  0|  39|          32|           1|
    |icmp_ln127_2_fu_747_p2            |      icmp|   0|  0|  39|          32|           2|
    |icmp_ln127_fu_735_p2              |      icmp|   0|  0|  39|          32|           1|
    |v126_fu_635_p2                    |      icmp|   0|  0|  39|          32|           1|
    |v158_fu_590_p2                    |      icmp|   0|  0|  39|          32|           1|
    |v238_fu_861_p2                    |      icmp|   0|  0|  39|          32|           1|
    |v253_fu_909_p2                    |      icmp|   0|  0|  39|          32|           1|
    |v262_fu_965_p2                    |      icmp|   0|  0|  39|          32|           1|
    |ap_block_state2_pp0_stage0_iter1  |        or|   0|  0|   2|           1|           1|
    |ap_condition_369                  |        or|   0|  0|   2|           1|           1|
    |ap_condition_374                  |        or|   0|  0|   2|           1|           1|
    |ap_condition_381                  |        or|   0|  0|   2|           1|           1|
    |ap_condition_389                  |        or|   0|  0|   2|           1|           1|
    |ap_condition_459                  |        or|   0|  0|   2|           1|           1|
    |ap_condition_462                  |        or|   0|  0|   2|           1|           1|
    |or_ln127_1_fu_759_p2              |        or|   0|  0|   2|           1|           1|
    |or_ln127_fu_753_p2                |        or|   0|  0|   2|           1|           1|
    |or_ln252_1_fu_1179_p2             |        or|   0|  0|  63|          63|          63|
    |or_ln252_2_fu_1185_p2             |        or|   0|  0|  63|          63|          63|
    |or_ln252_fu_1173_p2               |        or|   0|  0|  64|          64|          64|
    |v172_fu_1104_p2                   |        or|   0|  0|  37|          37|          36|
    |v186_fu_1047_p2                   |        or|   0|  0|  39|          39|          38|
    |v210_fu_1417_p2                   |        or|   0|  0|  64|          64|          64|
    |v53_fu_1367_p2                    |        or|   0|  0|  36|          36|          35|
    |abase_2_fu_1301_p3                |    select|   0|  0|  32|           1|          32|
    |abeats_2_fu_1267_p3               |    select|   0|  0|  32|           1|          32|
    |bbase_2_fu_1287_p3                |    select|   0|  0|  32|           1|          32|
    |bias_2_fu_806_p3                  |    select|   0|  0|   2|           1|           1|
    |cfg_2_fu_1314_p3                  |    select|   0|  0|  63|           1|          64|
    |final_2_fu_798_p3                 |    select|   0|  0|   2|           1|           1|
    |kbn_2_fu_790_p3                   |    select|   0|  0|  32|           1|          32|
    |nbn_1_fu_782_p3                   |    select|   0|  0|  32|           1|          32|
    |reuse_2_fu_1308_p3                |    select|   0|  0|   2|           1|           1|
    |rows_2_fu_1273_p3                 |    select|   0|  0|  32|           1|          32|
    |select_ln127_fu_765_p3            |    select|   0|  0|   2|           1|           2|
    |select_ln348_fu_1078_p3           |    select|   0|  0|  14|           1|          14|
    |select_ln380_fu_1442_p3           |    select|   0|  0|   4|           1|           3|
    |select_ln471_fu_1002_p3           |    select|   0|  0|   3|           1|           3|
    |st_1_fu_596_p3                    |    select|   0|  0|   3|           1|           3|
    |st_2_fu_879_p3                    |    select|   0|  0|   3|           1|           3|
    |tn_1_fu_774_p3                    |    select|   0|  0|  32|           1|          32|
    |wbase_2_fu_1294_p3                |    select|   0|  0|  32|           1|          32|
    |wptr_1_fu_1220_p3                 |    select|   0|  0|  32|           1|          32|
    |ybase_2_fu_1280_p3                |    select|   0|  0|  32|           1|          32|
    |go_fu_1011_p2                     |       xor|   0|  0|   2|           1|           2|
    +----------------------------------+----------+----+---+----+------------+------------+
    |Total                             |          |   0|  0|1548|         993|         913|
    +----------------------------------+----------+----+---+----+------------+------------+

    * Multiplexer: 
    +------------------------------------+----+-----------+-----+-----------+
    |                Name                | LUT| Input Size| Bits| Total Bits|
    +------------------------------------+----+-----------+-----+-----------+
    |abase_fu_168                        |   9|          2|   32|         64|
    |abeats_fu_188                       |   9|          2|   32|         64|
    |ap_NS_iter1_fsm                     |  14|          3|    2|          6|
    |ap_phi_mux_go_2_phi_fu_294_p4       |  14|          3|    1|          3|
    |ap_phi_mux_st_19_ph_phi_fu_305_p22  |  54|         10|    3|         30|
    |ap_sig_allocacmp_bias               |   9|          2|    1|          2|
    |ap_sig_allocacmp_final              |   9|          2|    1|          2|
    |ap_sig_allocacmp_idx_3              |   9|          2|   32|         64|
    |ap_sig_allocacmp_kbn_load           |   9|          2|   32|         64|
    |ap_sig_allocacmp_kbn_load_1         |   9|          2|   32|         64|
    |ap_sig_allocacmp_kfirst             |   9|          2|    1|          2|
    |ap_sig_allocacmp_nfirst_load        |   9|          2|    1|          2|
    |ap_sig_allocacmp_st_load            |   9|          2|    3|          6|
    |ap_sig_allocacmp_tn_load            |   9|          2|   32|         64|
    |ap_sig_allocacmp_tn_load_1          |   9|          2|   32|         64|
    |ap_sig_allocacmp_v234_load          |   9|          2|    1|          2|
    |ap_sig_allocacmp_v234_load_1        |   9|          2|    1|          2|
    |ap_sig_allocacmp_v234_load_2        |   9|          2|    1|          2|
    |ap_sig_allocacmp_v239_load          |   9|          2|   32|         64|
    |ap_sig_allocacmp_v247_load          |   9|          2|   32|         64|
    |ap_sig_allocacmp_v247_load_1        |   9|          2|   32|         64|
    |ap_sig_allocacmp_v247_load_2        |   9|          2|   32|         64|
    |ap_sig_allocacmp_v247_load_3        |   9|          2|   32|         64|
    |ap_sig_allocacmp_v249_load          |   9|          2|    1|          2|
    |ap_sig_allocacmp_v249_load_1        |   9|          2|    1|          2|
    |ap_sig_allocacmp_v249_load_2        |   9|          2|    1|          2|
    |ap_sig_allocacmp_v254_load          |   9|          2|   32|         64|
    |ap_sig_allocacmp_v258_load          |   9|          2|    1|          2|
    |ap_sig_allocacmp_v258_load_2        |   9|          2|    1|          2|
    |ap_sig_allocacmp_v258_load_3        |   9|          2|    1|          2|
    |ap_sig_allocacmp_v263_load          |   9|          2|   32|         64|
    |bbase_fu_176                        |   9|          2|   32|         64|
    |bptr_fu_200                         |  14|          3|   32|         96|
    |cfg_fu_140                          |   9|          2|   64|        128|
    |go_2_reg_291                        |   9|          2|    1|          2|
    |go_6_ph_reg_336                     |  14|          3|    1|          3|
    |grp_load_fu_375_p1                  |  14|          3|    1|          3|
    |grp_load_fu_378_p1                  |  14|          3|    1|          3|
    |grp_load_fu_381_p1                  |  14|          3|    1|          3|
    |grp_load_fu_384_p1                  |  14|          3|   32|         96|
    |grp_load_fu_387_p1                  |  20|          4|   32|        128|
    |grp_load_fu_396_p1                  |  14|          3|   32|         96|
    |idx_fu_196                          |  14|          3|   32|         96|
    |kbn_fu_156                          |   9|          2|   32|         64|
    |pc_fu_192                           |  14|          3|   32|         96|
    |reuse_fu_148                        |   9|          2|    1|          2|
    |rows_fu_184                         |   9|          2|   32|         64|
    |st_fu_136                           |   9|          2|    3|          6|
    |tn_fu_164                           |   9|          2|   32|         64|
    |v0_blk_n                            |   9|          2|    1|          2|
    |v1_blk_n                            |   9|          2|    1|          2|
    |v226_fu_224                         |  14|          3|   32|         96|
    |v234_fu_236                         |  14|          3|    1|          3|
    |v239_fu_232                         |  20|          4|   32|        128|
    |v243_fu_144                         |   9|          2|    1|          2|
    |v247_fu_160                         |   9|          2|   32|         64|
    |v249_fu_228                         |  20|          4|    1|          4|
    |v254_fu_208                         |  14|          3|   32|         96|
    |v258_fu_220                         |  20|          4|    1|          4|
    |v263_fu_212                         |  14|          3|   32|         96|
    |v267_fu_152                         |   9|          2|    1|          2|
    |v2_blk_n                            |   9|          2|    1|          2|
    |v3_blk_n                            |   9|          2|    1|          2|
    |v3_din                              |  26|          5|   64|        320|
    |v4_blk_n                            |   9|          2|    1|          2|
    |v4_din                              |  31|          6|   32|        192|
    |v5_blk_n                            |   9|          2|    1|          2|
    |wbase_fu_172                        |   9|          2|   32|         64|
    |wptr_fu_240                         |  20|          4|   32|        128|
    |ybase_fu_180                        |   9|          2|   32|         64|
    |yptr_fu_204                         |  14|          3|   32|         96|
    +------------------------------------+----+-----------+-----+-----------+
    |Total                               | 858|        183| 1258|       3352|
    +------------------------------------+----+-----------+-----+-----------+

    * Register: 
    +-----------------------+----+----+-----+-----------+
    |          Name         | FF | LUT| Bits| Const Bits|
    +-----------------------+----+----+-----+-----------+
    |abase_fu_168           |  32|   0|   32|          0|
    |abeats_fu_188          |  32|   0|   32|          0|
    |ap_CS_iter0_fsm        |   1|   0|    1|          0|
    |ap_CS_iter1_fsm        |   2|   0|    2|          0|
    |bbase_fu_176           |  32|   0|   32|          0|
    |bptr_fu_200            |  32|   0|   32|          0|
    |cfg_fu_140             |  64|   0|   64|          0|
    |final_reg_1707         |   1|   0|    1|          0|
    |go_2_reg_291           |   1|   0|    1|          0|
    |go_6_ph_reg_336        |   1|   0|    1|          0|
    |icmp_ln127_1_reg_1773  |   1|   0|    1|          0|
    |icmp_ln127_2_reg_1779  |   1|   0|    1|          0|
    |icmp_ln127_reg_1767    |   1|   0|    1|          0|
    |idx_fu_196             |  32|   0|   32|          0|
    |kbn_fu_156             |  32|   0|   32|          0|
    |nfirst_fu_244          |   1|   0|    1|          0|
    |nfirst_load_reg_1718   |   1|   0|    1|          0|
    |or_ln127_1_reg_1785    |   1|   0|    1|          0|
    |pc_fu_192              |  32|   0|   32|          0|
    |reuse_fu_148           |   1|   0|    1|          0|
    |rows_fu_184            |  32|   0|   32|          0|
    |st_fu_136              |   3|   0|    3|          0|
    |st_load_reg_1714       |   3|   0|    3|          0|
    |tn_fu_164              |  32|   0|   32|          0|
    |v109_reg_1747          |  16|   0|   16|          0|
    |v226_fu_224            |  32|   0|   32|          0|
    |v234_fu_236            |   1|   0|    1|          0|
    |v234_load_1_reg_1732   |   1|   0|    1|          0|
    |v234_load_reg_1801     |   1|   0|    1|          0|
    |v239_fu_232            |  32|   0|   32|          0|
    |v243_fu_144            |   1|   0|    1|          0|
    |v244_fu_216            |   1|   0|    1|          0|
    |v247_fu_160            |  32|   0|   32|          0|
    |v249_fu_228            |   1|   0|    1|          0|
    |v249_load_1_reg_1727   |   1|   0|    1|          0|
    |v249_load_reg_1796     |   1|   0|    1|          0|
    |v254_fu_208            |  32|   0|   32|          0|
    |v258_fu_220            |   1|   0|    1|          0|
    |v258_load_2_reg_1722   |   1|   0|    1|          0|
    |v258_load_reg_1791     |   1|   0|    1|          0|
    |v263_fu_212            |  32|   0|   32|          0|
    |v267_fu_152            |   1|   0|    1|          0|
    |v60_reg_1737           |  64|   0|   64|          0|
    |v68_reg_1757           |   1|   0|    1|          0|
    |v93_reg_1742           |  30|   0|   30|          0|
    |v97_reg_1762           |  30|   0|   30|          0|
    |wbase_fu_172           |  32|   0|   32|          0|
    |wptr_fu_240            |  32|   0|   32|          0|
    |ybase_fu_180           |  32|   0|   32|          0|
    |yptr_fu_204            |  32|   0|   32|          0|
    |zext_ln194_reg_1752    |  16|   0|   32|         16|
    +-----------------------+----+----+-----+-----------+
    |Total                  | 828|   0|  844|         16|
    +-----------------------+----+----+-----+-----------+



================================================================
== Interface
================================================================
* Summary: 
+------------+-----+-----+--------------+--------------+--------------+
|  RTL Ports | Dir | Bits|   Protocol   | Source Object|    C Type    |
+------------+-----+-----+--------------+--------------+--------------+
|ap_clk      |   in|    1|  ap_ctrl_none|    req16_r0_0|  return value|
|ap_rst      |   in|    1|  ap_ctrl_none|    req16_r0_0|  return value|
|v0_dout     |   in|   64|       ap_fifo|            v0|       pointer|
|v0_empty_n  |   in|    1|       ap_fifo|            v0|       pointer|
|v0_read     |  out|    1|       ap_fifo|            v0|       pointer|
|v3_din      |  out|   64|       ap_fifo|            v3|       pointer|
|v3_full_n   |   in|    1|       ap_fifo|            v3|       pointer|
|v3_write    |  out|    1|       ap_fifo|            v3|       pointer|
|v4_din      |  out|   32|       ap_fifo|            v4|       pointer|
|v4_full_n   |   in|    1|       ap_fifo|            v4|       pointer|
|v4_write    |  out|    1|       ap_fifo|            v4|       pointer|
|v5_din      |  out|   64|       ap_fifo|            v5|       pointer|
|v5_full_n   |   in|    1|       ap_fifo|            v5|       pointer|
|v5_write    |  out|    1|       ap_fifo|            v5|       pointer|
|v2_din      |  out|   64|       ap_fifo|            v2|       pointer|
|v2_full_n   |   in|    1|       ap_fifo|            v2|       pointer|
|v2_write    |  out|    1|       ap_fifo|            v2|       pointer|
|v1_dout     |   in|   64|       ap_fifo|            v1|       pointer|
|v1_empty_n  |   in|    1|       ap_fifo|            v1|       pointer|
|v1_read     |  out|    1|       ap_fifo|            v1|       pointer|
+------------+-----+-----+--------------+--------------+--------------+

