

================================================================
== Vitis HLS Report for 'mac_r4_0_Pipeline_VITIS_LOOP_78_4'
================================================================
* Date:           Sat Sep 12 18:34:19 2026

* Version:        2023.2 (Build 4023990 on Oct 11 2023)
* Project:        prj
* Solution:       sol (Vivado IP Flow Target)
* Product family: virtexuplusHBM
* Target device:  xcu280-fsvh2892-2L-e


================================================================
== Performance Estimates
================================================================
+ Timing: 
    * Summary: 
    +--------+---------+----------+------------+
    |  Clock |  Target | Estimated| Uncertainty|
    +--------+---------+----------+------------+
    |ap_clk  |  3.33 ns|  2.601 ns|     0.90 ns|
    +--------+---------+----------+------------+

+ Latency: 
    * Summary: 
    +---------+---------+----------+----------+-----+-------+---------+
    |  Latency (cycles) |  Latency (absolute) |   Interval  | Pipeline|
    |   min   |   max   |    min   |    max   | min |  max  |   Type  |
    +---------+---------+----------+----------+-----+-------+---------+
    |        2|    65540|  6.660 ns|  0.218 ms|    2|  65540|       no|
    +---------+---------+----------+----------+-----+-------+---------+

    + Detail: 
        * Instance: 
        N/A

        * Loop: 
        +-------------------+---------+---------+----------+-----------+-----------+-----------+----------+
        |                   |  Latency (cycles) | Iteration|  Initiation Interval  |    Trip   |          |
        |     Loop Name     |   min   |   max   |  Latency |  achieved |   target  |   Count   | Pipelined|
        +-------------------+---------+---------+----------+-----------+-----------+-----------+----------+
        |- VITIS_LOOP_78_4  |        0|    65538|         5|          1|          1|  0 ~ 65535|       yes|
        +-------------------+---------+---------+----------+-----------+-----------+-----------+----------+



================================================================
== Utilization Estimates
================================================================
* Summary: 
+---------------------+---------+------+---------+---------+-----+
|         Name        | BRAM_18K|  DSP |    FF   |   LUT   | URAM|
+---------------------+---------+------+---------+---------+-----+
|DSP                  |        -|     1|        -|        -|    -|
|Expression           |        -|     -|        0|      169|    -|
|FIFO                 |        -|     -|        -|        -|    -|
|Instance             |        -|     -|        0|       20|    -|
|Memory               |        -|     -|        -|        -|    -|
|Multiplexer          |        -|     -|        -|       86|    -|
|Register             |        -|     -|       97|        -|    -|
+---------------------+---------+------+---------+---------+-----+
|Total                |        0|     1|       97|      275|    0|
+---------------------+---------+------+---------+---------+-----+
|Available SLR        |     1344|  3008|   869120|   434560|  320|
+---------------------+---------+------+---------+---------+-----+
|Utilization SLR (%)  |        0|    ~0|       ~0|       ~0|    0|
+---------------------+---------+------+---------+---------+-----+
|Available            |     4032|  9024|  2607360|  1303680|  960|
+---------------------+---------+------+---------+---------+-----+
|Utilization (%)      |        0|    ~0|       ~0|       ~0|    0|
+---------------------+---------+------+---------+---------+-----+

+ Detail: 
    * Instance: 
    +-------------------+----------------+---------+----+---+----+-----+
    |      Instance     |     Module     | BRAM_18K| DSP| FF| LUT| URAM|
    +-------------------+----------------+---------+----+---+----+-----+
    |mux_4_2_32_1_1_U5  |mux_4_2_32_1_1  |        0|   0|  0|  20|    0|
    +-------------------+----------------+---------+----+---+----+-----+
    |Total              |                |        0|   0|  0|  20|    0|
    +-------------------+----------------+---------+----+---+----+-----+

    * DSP: 
    +--------------------------------+-----------------------------+--------------+
    |            Instance            |            Module           |  Expression  |
    +--------------------------------+-----------------------------+--------------+
    |mac_muladd_8s_8s_32s_32_4_1_U6  |mac_muladd_8s_8s_32s_32_4_1  |  i0 + i1 * i2|
    +--------------------------------+-----------------------------+--------------+

    * Memory: 
    N/A

    * FIFO: 
    N/A

    * Expression: 
    +----------------------------------+----------+----+---+----+------------+------------+
    |           Variable Name          | Operation| DSP| FF| LUT| Bitwidth P0| Bitwidth P1|
    +----------------------------------+----------+----+---+----+------------+------------+
    |add_ln108_fu_222_p2               |         +|   0|  0|   9|           2|           2|
    |v48_2_fu_178_p2                   |         +|   0|  0|  23|          16|           1|
    |v60_fu_188_p2                     |         +|   0|  0|  12|           4|           4|
    |ap_block_state5_pp0_stage0_iter4  |       and|   0|  0|   2|           1|           1|
    |ap_condition_273                  |       and|   0|  0|   2|           1|           1|
    |v73_fu_240_p2                     |      ashr|   0|  0|  92|          32|          32|
    |icmp_ln78_fu_172_p2               |      icmp|   0|  0|  23|          16|          16|
    |ap_block_pp0_stage0_01001         |        or|   0|  0|   2|           1|           1|
    |ap_block_state2_pp0_stage0_iter1  |        or|   0|  0|   2|           1|           1|
    |ap_enable_pp0                     |       xor|   0|  0|   2|           1|           2|
    +----------------------------------+----------+----+---+----+------------+------------+
    |Total                             |          |   0|  0| 169|          75|          61|
    +----------------------------------+----------+----+---+----+------------+------------+

    * Multiplexer: 
    +-------------------------+----+-----------+-----+-----------+
    |           Name          | LUT| Input Size| Bits| Total Bits|
    +-------------------------+----+-----------+-----+-----------+
    |ap_done_int              |   9|          2|    1|          2|
    |ap_enable_reg_pp0_iter1  |   9|          2|    1|          2|
    |ap_sig_allocacmp_v48_1   |   9|          2|   16|         32|
    |v48_fu_84                |   9|          2|   16|         32|
    |v4_blk_n                 |   9|          2|    1|          2|
    |v5_blk_n                 |   9|          2|    1|          2|
    |v6_blk_n                 |   9|          2|    1|          2|
    |v7_blk_n                 |   9|          2|    1|          2|
    |v7_din                   |  14|          3|   32|         96|
    +-------------------------+----+-----------+-----+-----------+
    |Total                    |  86|         19|   70|        172|
    +-------------------------+----+-----------+-----+-----------+

    * Register: 
    +----------------------------------+----+----+-----+-----------+
    |               Name               | FF | LUT| Bits| Const Bits|
    +----------------------------------+----+----+-----+-----------+
    |ap_CS_fsm                         |   1|   0|    1|          0|
    |ap_done_reg                       |   1|   0|    1|          0|
    |ap_enable_reg_pp0_iter1           |   1|   0|    1|          0|
    |ap_enable_reg_pp0_iter2           |   1|   0|    1|          0|
    |ap_enable_reg_pp0_iter3           |   1|   0|    1|          0|
    |ap_enable_reg_pp0_iter4           |   1|   0|    1|          0|
    |ap_loop_exit_ready_pp0_iter1_reg  |   1|   0|    1|          0|
    |ap_loop_exit_ready_pp0_iter2_reg  |   1|   0|    1|          0|
    |ap_loop_exit_ready_pp0_iter3_reg  |   1|   0|    1|          0|
    |v48_fu_84                         |  16|   0|   16|          0|
    |v80_reg_285                       |   8|   0|    8|          0|
    |v82_reg_290                       |  32|   0|   32|          0|
    |v82_reg_290_pp0_iter2_reg         |  32|   0|   32|          0|
    +----------------------------------+----+----+-----+-----------+
    |Total                             |  97|   0|   97|          0|
    +----------------------------------+----+----+-----+-----------+



================================================================
== Interface
================================================================
* Summary: 
+------------+-----+-----+------------+-----------------------------------+--------------+
|  RTL Ports | Dir | Bits|  Protocol  |           Source Object           |    C Type    |
+------------+-----+-----+------------+-----------------------------------+--------------+
|ap_clk      |   in|    1|  ap_ctrl_hs|  mac_r4_0_Pipeline_VITIS_LOOP_78_4|  return value|
|ap_rst      |   in|    1|  ap_ctrl_hs|  mac_r4_0_Pipeline_VITIS_LOOP_78_4|  return value|
|ap_start    |   in|    1|  ap_ctrl_hs|  mac_r4_0_Pipeline_VITIS_LOOP_78_4|  return value|
|ap_done     |  out|    1|  ap_ctrl_hs|  mac_r4_0_Pipeline_VITIS_LOOP_78_4|  return value|
|ap_idle     |  out|    1|  ap_ctrl_hs|  mac_r4_0_Pipeline_VITIS_LOOP_78_4|  return value|
|ap_ready    |  out|    1|  ap_ctrl_hs|  mac_r4_0_Pipeline_VITIS_LOOP_78_4|  return value|
|v4_dout     |   in|    8|     ap_fifo|                                 v4|       pointer|
|v4_empty_n  |   in|    1|     ap_fifo|                                 v4|       pointer|
|v4_read     |  out|    1|     ap_fifo|                                 v4|       pointer|
|v5_dout     |   in|   32|     ap_fifo|                                 v5|       pointer|
|v5_empty_n  |   in|    1|     ap_fifo|                                 v5|       pointer|
|v5_read     |  out|    1|     ap_fifo|                                 v5|       pointer|
|v6_din      |  out|    8|     ap_fifo|                                 v6|       pointer|
|v6_full_n   |   in|    1|     ap_fifo|                                 v6|       pointer|
|v6_write    |  out|    1|     ap_fifo|                                 v6|       pointer|
|v7_din      |  out|   32|     ap_fifo|                                 v7|       pointer|
|v7_full_n   |   in|    1|     ap_fifo|                                 v7|       pointer|
|v7_write    |  out|    1|     ap_fifo|                                 v7|       pointer|
|empty       |   in|   16|     ap_none|                              empty|        scalar|
|trunc_ln2   |   in|    4|     ap_none|                          trunc_ln2|        scalar|
|wf_0_2      |   in|   32|     ap_none|                             wf_0_2|        scalar|
|wf_1_2      |   in|   32|     ap_none|                             wf_1_2|        scalar|
|wf_2_2      |   in|   32|     ap_none|                             wf_2_2|        scalar|
|wf_3_2      |   in|   32|     ap_none|                             wf_3_2|        scalar|
|trunc_ln3   |   in|    2|     ap_none|                          trunc_ln3|        scalar|
|v55         |   in|    1|     ap_none|                                v55|        scalar|
+------------+-----+-----+------------+-----------------------------------+--------------+

