

================================================================
== Vitis HLS Report for 'laneq_k1792n32_r0_0_Pipeline_l_S_s_0_s'
================================================================
* Date:           Tue Sep 29 02:42:47 2026

* Version:        2023.2 (Build 4023990 on Oct 11 2023)
* Project:        prj
* Solution:       sol (Vivado IP Flow Target)
* Product family: virtexuplusHBM
* Target device:  xcu280-fsvh2892-2L-e


================================================================
== Performance Estimates
================================================================
+ Timing: 
    * Summary: 
    +--------+---------+----------+------------+
    |  Clock |  Target | Estimated| Uncertainty|
    +--------+---------+----------+------------+
    |ap_clk  |  4.75 ns|  3.676 ns|     0.90 ns|
    +--------+---------+----------+------------+

+ Latency: 
    * Summary: 
    +---------+---------+-----------+-----------+---------+---------+---------+
    |  Latency (cycles) |   Latency (absolute)  |      Interval     | Pipeline|
    |   min   |   max   |    min    |    max    |   min   |   max   |   Type  |
    +---------+---------+-----------+-----------+---------+---------+---------+
    |  3670019|  3670019|  17.433 ms|  17.433 ms|  3670019|  3670019|       no|
    +---------+---------+-----------+-----------+---------+---------+---------+

    + Detail: 
        * Instance: 
        N/A

        * Loop: 
        +-------------+---------+---------+----------+-----------+-----------+---------+----------+
        |             |  Latency (cycles) | Iteration|  Initiation Interval  |   Trip  |          |
        |  Loop Name  |   min   |   max   |  Latency |  achieved |   target  |  Count  | Pipelined|
        +-------------+---------+---------+----------+-----------+-----------+---------+----------+
        |- l_S_s_0_s  |  3670017|  3670017|         3|          1|          1|  3670016|       yes|
        +-------------+---------+---------+----------+-----------+-----------+---------+----------+



================================================================
== Utilization Estimates
================================================================
* Summary: 
+---------------------+---------+------+---------+---------+-----+
|         Name        | BRAM_18K|  DSP |    FF   |   LUT   | URAM|
+---------------------+---------+------+---------+---------+-----+
|DSP                  |        -|     -|        -|        -|    -|
|Expression           |        -|     -|        0|      573|    -|
|FIFO                 |        -|     -|        -|        -|    -|
|Instance             |        -|     -|        -|        -|    -|
|Memory               |        -|     -|        -|        -|    -|
|Multiplexer          |        -|     -|        -|      639|    -|
|Register             |        -|     -|     2149|        -|    -|
+---------------------+---------+------+---------+---------+-----+
|Total                |        0|     0|     2149|     1212|    0|
+---------------------+---------+------+---------+---------+-----+
|Available SLR        |     1344|  3008|   869120|   434560|  320|
+---------------------+---------+------+---------+---------+-----+
|Utilization SLR (%)  |        0|     0|       ~0|       ~0|    0|
+---------------------+---------+------+---------+---------+-----+
|Available            |     4032|  9024|  2607360|  1303680|  960|
+---------------------+---------+------+---------+---------+-----+
|Utilization (%)      |        0|     0|       ~0|       ~0|    0|
+---------------------+---------+------+---------+---------+-----+

+ Detail: 
    * Instance: 
    N/A

    * DSP: 
    N/A

    * Memory: 
    N/A

    * FIFO: 
    N/A

    * Expression: 
    +----------------------------------+----------+----+---+----+------------+------------+
    |           Variable Name          | Operation| DSP| FF| LUT| Bitwidth P0| Bitwidth P1|
    +----------------------------------+----------+----+---+----+------------+------------+
    |s_fu_687_p2                       |         +|   0|  0|  29|          22|           1|
    |v166_fu_715_p2                    |         +|   0|  0|  39|          32|           1|
    |v84_fu_855_p2                     |         +|   0|  0|  39|          32|          32|
    |ap_block_state3_pp0_stage0_iter2  |       and|   0|  0|   2|           1|           1|
    |ap_block_state4_pp0_stage0_iter3  |       and|   0|  0|   2|           1|           1|
    |v154_fu_868_p2                    |      ashr|   0|  0|  92|          32|          32|
    |icmp_ln159_fu_681_p2              |      icmp|   0|  0|  29|          22|          21|
    |v151_fu_703_p2                    |      icmp|   0|  0|  39|          32|          11|
    |v156_fu_1283_p2                   |      icmp|   0|  0|  39|          32|           9|
    |v158_fu_1309_p2                   |      icmp|   0|  0|  32|          25|           1|
    |v162_fu_709_p2                    |      icmp|   0|  0|  13|           6|           2|
    |v168_fu_721_p2                    |      icmp|   0|  0|  39|          32|          11|
    |v78_fu_697_p2                     |      icmp|   0|  0|  39|          32|           1|
    |ap_block_pp0_stage0_01001         |        or|   0|  0|   2|           1|           1|
    |kb_3_fu_735_p3                    |    select|   0|  0|  32|           1|          32|
    |kb_fu_727_p3                      |    select|   0|  0|  32|           1|           1|
    |r63_fu_861_p3                     |    select|   0|  0|  32|           1|          32|
    |v_5_fu_1315_p3                    |    select|   0|  0|   8|           1|           7|
    |v_fu_1288_p3                      |    select|   0|  0|  32|           1|           9|
    |ap_enable_pp0                     |       xor|   0|  0|   2|           1|           2|
    +----------------------------------+----------+----+---+----+------------+------------+
    |Total                             |          |   0|  0| 573|         308|         208|
    +----------------------------------+----------+----+---+----+------------+------------+

    * Multiplexer: 
    +-------------------------+----+-----------+-----+-----------+
    |           Name          | LUT| Input Size| Bits| Total Bits|
    +-------------------------+----+-----------+-----+-----------+
    |ap_done_int              |   9|          2|    1|          2|
    |ap_enable_reg_pp0_iter1  |   9|          2|    1|          2|
    |ap_enable_reg_pp0_iter3  |   9|          2|    1|          2|
    |r0_fu_306                |   9|          2|   32|         64|
    |r10_fu_286               |   9|          2|   32|         64|
    |r11_1_fu_154             |   9|          2|   32|         64|
    |r12_fu_282               |   9|          2|   32|         64|
    |r13_1_fu_150             |   9|          2|   32|         64|
    |r14_fu_278               |   9|          2|   32|         64|
    |r15_1_fu_146             |   9|          2|   32|         64|
    |r16_fu_274               |   9|          2|   32|         64|
    |r17_1_fu_142             |   9|          2|   32|         64|
    |r18_fu_270               |   9|          2|   32|         64|
    |r19_1_fu_138             |   9|          2|   32|         64|
    |r1_1_fu_174              |   9|          2|   32|         64|
    |r20_fu_266               |   9|          2|   32|         64|
    |r21_1_fu_134             |   9|          2|   32|         64|
    |r22_fu_262               |   9|          2|   32|         64|
    |r23_1_fu_130             |   9|          2|   32|         64|
    |r24_fu_258               |   9|          2|   32|         64|
    |r25_1_fu_126             |   9|          2|   32|         64|
    |r26_fu_254               |   9|          2|   32|         64|
    |r27_1_fu_122             |   9|          2|   32|         64|
    |r28_fu_250               |   9|          2|   32|         64|
    |r29_1_fu_118             |   9|          2|   32|         64|
    |r2_fu_302                |   9|          2|   32|         64|
    |r30_fu_246               |   9|          2|   32|         64|
    |r31_1_fu_114             |   9|          2|   32|         64|
    |r32_fu_242               |   9|          2|   32|         64|
    |r33_1_fu_110             |   9|          2|   32|         64|
    |r34_fu_238               |   9|          2|   32|         64|
    |r35_1_fu_106             |   9|          2|   32|         64|
    |r36_fu_234               |   9|          2|   32|         64|
    |r37_1_fu_102             |   9|          2|   32|         64|
    |r38_fu_230               |   9|          2|   32|         64|
    |r39_1_fu_98              |   9|          2|   32|         64|
    |r3_1_fu_170              |   9|          2|   32|         64|
    |r40_fu_226               |   9|          2|   32|         64|
    |r41_1_fu_94              |   9|          2|   32|         64|
    |r42_fu_222               |   9|          2|   32|         64|
    |r43_1_fu_90              |   9|          2|   32|         64|
    |r44_fu_218               |   9|          2|   32|         64|
    |r45_1_fu_86              |   9|          2|   32|         64|
    |r46_fu_214               |   9|          2|   32|         64|
    |r47_1_fu_82              |   9|          2|   32|         64|
    |r48_fu_210               |   9|          2|   32|         64|
    |r49_1_fu_78              |   9|          2|   32|         64|
    |r4_fu_298                |   9|          2|   32|         64|
    |r50_fu_206               |   9|          2|   32|         64|
    |r51_1_fu_74              |   9|          2|   32|         64|
    |r52_fu_202               |   9|          2|   32|         64|
    |r53_1_fu_70              |   9|          2|   32|         64|
    |r54_fu_198               |   9|          2|   32|         64|
    |r55_1_fu_66              |   9|          2|   32|         64|
    |r56_fu_194               |   9|          2|   32|         64|
    |r57_1_fu_62              |   9|          2|   32|         64|
    |r58_fu_190               |   9|          2|   32|         64|
    |r59_1_fu_58              |   9|          2|   32|         64|
    |r5_1_fu_166              |   9|          2|   32|         64|
    |r60_fu_310               |   9|          2|   32|         64|
    |r61_fu_314               |   9|          2|   32|         64|
    |r62_fu_318               |   9|          2|   32|         64|
    |r6_fu_294                |   9|          2|   32|         64|
    |r7_1_fu_162              |   9|          2|   32|         64|
    |r8_fu_290                |   9|          2|   32|         64|
    |r9_1_fu_158              |   9|          2|   32|         64|
    |v160_fu_186              |   9|          2|   22|         44|
    |v163_fu_182              |   9|          2|   32|         64|
    |v1_blk_n                 |   9|          2|    1|          2|
    |v2_blk_n                 |   9|          2|    1|          2|
    |v79_fu_178               |   9|          2|   32|         64|
    +-------------------------+----+-----------+-----+-----------+
    |Total                    | 639|        142| 2107|       4214|
    +-------------------------+----+-----------+-----+-----------+

    * Register: 
    +----------------------------------+----+----+-----+-----------+
    |               Name               | FF | LUT| Bits| Const Bits|
    +----------------------------------+----+----+-----+-----------+
    |ap_CS_fsm                         |   1|   0|    1|          0|
    |ap_done_reg                       |   1|   0|    1|          0|
    |ap_enable_reg_pp0_iter1           |   1|   0|    1|          0|
    |ap_enable_reg_pp0_iter2           |   1|   0|    1|          0|
    |ap_enable_reg_pp0_iter3           |   1|   0|    1|          0|
    |ap_loop_exit_ready_pp0_iter2_reg  |   1|   0|    1|          0|
    |icmp_ln159_reg_1795               |   1|   0|    1|          0|
    |r0_fu_306                         |  32|   0|   32|          0|
    |r10_fu_286                        |  32|   0|   32|          0|
    |r11_1_fu_154                      |  32|   0|   32|          0|
    |r12_fu_282                        |  32|   0|   32|          0|
    |r13_1_fu_150                      |  32|   0|   32|          0|
    |r14_fu_278                        |  32|   0|   32|          0|
    |r15_1_fu_146                      |  32|   0|   32|          0|
    |r16_fu_274                        |  32|   0|   32|          0|
    |r17_1_fu_142                      |  32|   0|   32|          0|
    |r18_fu_270                        |  32|   0|   32|          0|
    |r19_1_fu_138                      |  32|   0|   32|          0|
    |r1_1_fu_174                       |  32|   0|   32|          0|
    |r20_fu_266                        |  32|   0|   32|          0|
    |r21_1_fu_134                      |  32|   0|   32|          0|
    |r22_fu_262                        |  32|   0|   32|          0|
    |r23_1_fu_130                      |  32|   0|   32|          0|
    |r24_fu_258                        |  32|   0|   32|          0|
    |r25_1_fu_126                      |  32|   0|   32|          0|
    |r26_fu_254                        |  32|   0|   32|          0|
    |r27_1_fu_122                      |  32|   0|   32|          0|
    |r28_fu_250                        |  32|   0|   32|          0|
    |r29_1_fu_118                      |  32|   0|   32|          0|
    |r2_fu_302                         |  32|   0|   32|          0|
    |r30_fu_246                        |  32|   0|   32|          0|
    |r31_1_fu_114                      |  32|   0|   32|          0|
    |r32_fu_242                        |  32|   0|   32|          0|
    |r33_1_fu_110                      |  32|   0|   32|          0|
    |r34_fu_238                        |  32|   0|   32|          0|
    |r35_1_fu_106                      |  32|   0|   32|          0|
    |r36_fu_234                        |  32|   0|   32|          0|
    |r37_1_fu_102                      |  32|   0|   32|          0|
    |r38_fu_230                        |  32|   0|   32|          0|
    |r39_1_fu_98                       |  32|   0|   32|          0|
    |r3_1_fu_170                       |  32|   0|   32|          0|
    |r40_fu_226                        |  32|   0|   32|          0|
    |r41_1_fu_94                       |  32|   0|   32|          0|
    |r42_fu_222                        |  32|   0|   32|          0|
    |r43_1_fu_90                       |  32|   0|   32|          0|
    |r44_fu_218                        |  32|   0|   32|          0|
    |r45_1_fu_86                       |  32|   0|   32|          0|
    |r46_fu_214                        |  32|   0|   32|          0|
    |r47_1_fu_82                       |  32|   0|   32|          0|
    |r48_fu_210                        |  32|   0|   32|          0|
    |r49_1_fu_78                       |  32|   0|   32|          0|
    |r4_fu_298                         |  32|   0|   32|          0|
    |r50_fu_206                        |  32|   0|   32|          0|
    |r51_1_fu_74                       |  32|   0|   32|          0|
    |r52_fu_202                        |  32|   0|   32|          0|
    |r53_1_fu_70                       |  32|   0|   32|          0|
    |r54_fu_198                        |  32|   0|   32|          0|
    |r55_1_fu_66                       |  32|   0|   32|          0|
    |r56_fu_194                        |  32|   0|   32|          0|
    |r57_1_fu_62                       |  32|   0|   32|          0|
    |r58_fu_190                        |  32|   0|   32|          0|
    |r59_1_fu_58                       |  32|   0|   32|          0|
    |r5_1_fu_166                       |  32|   0|   32|          0|
    |r60_fu_310                        |  32|   0|   32|          0|
    |r61_fu_314                        |  32|   0|   32|          0|
    |r62_fu_318                        |  32|   0|   32|          0|
    |r6_fu_294                         |  32|   0|   32|          0|
    |r7_1_fu_162                       |  32|   0|   32|          0|
    |r8_fu_290                         |  32|   0|   32|          0|
    |r9_1_fu_158                       |  32|   0|   32|          0|
    |v151_reg_1804                     |   1|   0|    1|          0|
    |v151_reg_1804_pp0_iter2_reg       |   1|   0|    1|          0|
    |v154_reg_1808                     |  32|   0|   32|          0|
    |v160_fu_186                       |  22|   0|   22|          0|
    |v163_fu_182                       |  32|   0|   32|          0|
    |v78_reg_1799                      |   1|   0|    1|          0|
    |v79_fu_178                        |  32|   0|   32|          0|
    |zext_ln26_cast_reg_1790           |   5|   0|   32|         27|
    +----------------------------------+----+----+-----+-----------+
    |Total                             |2149|   0| 2176|         27|
    +----------------------------------+----+----+-----+-----------+



================================================================
== Interface
================================================================
* Summary: 
+------------+-----+-----+------------+----------------------------------------+--------------+
|  RTL Ports | Dir | Bits|  Protocol  |              Source Object             |    C Type    |
+------------+-----+-----+------------+----------------------------------------+--------------+
|ap_clk      |   in|    1|  ap_ctrl_hs|  laneq_k1792n32_r0_0_Pipeline_l_S_s_0_s|  return value|
|ap_rst      |   in|    1|  ap_ctrl_hs|  laneq_k1792n32_r0_0_Pipeline_l_S_s_0_s|  return value|
|ap_start    |   in|    1|  ap_ctrl_hs|  laneq_k1792n32_r0_0_Pipeline_l_S_s_0_s|  return value|
|ap_done     |  out|    1|  ap_ctrl_hs|  laneq_k1792n32_r0_0_Pipeline_l_S_s_0_s|  return value|
|ap_idle     |  out|    1|  ap_ctrl_hs|  laneq_k1792n32_r0_0_Pipeline_l_S_s_0_s|  return value|
|ap_ready    |  out|    1|  ap_ctrl_hs|  laneq_k1792n32_r0_0_Pipeline_l_S_s_0_s|  return value|
|v2_dout     |   in|   32|     ap_fifo|                                      v2|       pointer|
|v2_empty_n  |   in|    1|     ap_fifo|                                      v2|       pointer|
|v2_read     |  out|    1|     ap_fifo|                                      v2|       pointer|
|v1_din      |  out|   32|     ap_fifo|                                      v1|       pointer|
|v1_full_n   |   in|    1|     ap_fifo|                                      v1|       pointer|
|v1_write    |  out|    1|     ap_fifo|                                      v1|       pointer|
|zext_ln26   |   in|    5|     ap_none|                               zext_ln26|        scalar|
+------------+-----+-----+------------+----------------------------------------+--------------+

