Copyright 1986-2022 Xilinx, Inc. All Rights Reserved. Copyright 2022-2023 Advanced Micro Devices, Inc. All Rights Reserved.
---------------------------------------------------------------------------------------------------------------------------------------------
| Tool Version : Vivado v.2023.2 (lin64) Build 4029153 Fri Oct 13 20:13:54 MDT 2023
| Date         : Sun Sep 13 17:49:03 2026
| Host         : brg-zhang-xcel.ece.cornell.edu running 64-bit Red Hat Enterprise Linux 9.8 (Plow)
| Command      : report_utilization -hierarchical -hierarchical_depth 2 -file /scratch/hc676/e3_micro/spmw_pnr_slice_S8/util_hier.rpt
| Design       : spmw_harness
| Device       : xcu280-fsvh2892-2L-e
| Speed File   : -2L
| Design State : Routed
---------------------------------------------------------------------------------------------------------------------------------------------

Utilization Design Information

Table of Contents
-----------------
1. Utilization by Hierarchy

1. Utilization by Hierarchy
---------------------------

+----------------------------+-------------------------------+------------+------------+---------+------+-------+--------+--------+------+------------+
|          Instance          |             Module            | Total LUTs | Logic LUTs | LUTRAMs | SRLs |  FFs  | RAMB36 | RAMB18 | URAM | DSP Blocks |
+----------------------------+-------------------------------+------------+------------+---------+------+-------+--------+--------+------+------------+
| spmw_harness               |                         (top) |      23066 |      23050 |       0 |   16 | 32744 |      0 |      0 |    0 |          0 |
|   (spmw_harness)           |                         (top) |        144 |        128 |       0 |   16 |   628 |      0 |      0 |    0 |          0 |
|   dut                      |                      spmw_top |      22922 |      22922 |       0 |    0 | 32116 |      0 |      0 |    0 |          0 |
|     g_mac_a_out_a_in[10].u |                     spmw_fifo |          7 |          7 |       0 |    0 |    18 |      0 |      0 |    0 |          0 |
|     g_mac_a_out_a_in[11].u |                   spmw_fifo_0 |          7 |          7 |       0 |    0 |    18 |      0 |      0 |    0 |          0 |
|     g_mac_a_out_a_in[12].u |                   spmw_fifo_1 |          7 |          7 |       0 |    0 |    18 |      0 |      0 |    0 |          0 |
|     g_mac_a_out_a_in[13].u |                   spmw_fifo_2 |          7 |          7 |       0 |    0 |    18 |      0 |      0 |    0 |          0 |
|     g_mac_a_out_a_in[14].u |                   spmw_fifo_3 |          7 |          7 |       0 |    0 |    18 |      0 |      0 |    0 |          0 |
|     g_mac_a_out_a_in[15].u |                   spmw_fifo_4 |          6 |          6 |       0 |    0 |    18 |      0 |      0 |    0 |          0 |
|     g_mac_a_out_a_in[17].u |                   spmw_fifo_5 |          6 |          6 |       0 |    0 |    18 |      0 |      0 |    0 |          0 |
|     g_mac_a_out_a_in[18].u |                   spmw_fifo_6 |          6 |          6 |       0 |    0 |    18 |      0 |      0 |    0 |          0 |
|     g_mac_a_out_a_in[19].u |                   spmw_fifo_7 |          7 |          7 |       0 |    0 |    18 |      0 |      0 |    0 |          0 |
|     g_mac_a_out_a_in[1].u  |                   spmw_fifo_8 |          7 |          7 |       0 |    0 |    18 |      0 |      0 |    0 |          0 |
|     g_mac_a_out_a_in[20].u |                   spmw_fifo_9 |          7 |          7 |       0 |    0 |    18 |      0 |      0 |    0 |          0 |
|     g_mac_a_out_a_in[21].u |                  spmw_fifo_10 |          7 |          7 |       0 |    0 |    18 |      0 |      0 |    0 |          0 |
|     g_mac_a_out_a_in[22].u |                  spmw_fifo_11 |          6 |          6 |       0 |    0 |    18 |      0 |      0 |    0 |          0 |
|     g_mac_a_out_a_in[23].u |                  spmw_fifo_12 |          6 |          6 |       0 |    0 |    18 |      0 |      0 |    0 |          0 |
|     g_mac_a_out_a_in[25].u |                  spmw_fifo_13 |          6 |          6 |       0 |    0 |    18 |      0 |      0 |    0 |          0 |
|     g_mac_a_out_a_in[26].u |                  spmw_fifo_14 |          6 |          6 |       0 |    0 |    18 |      0 |      0 |    0 |          0 |
|     g_mac_a_out_a_in[27].u |                  spmw_fifo_15 |          7 |          7 |       0 |    0 |    18 |      0 |      0 |    0 |          0 |
|     g_mac_a_out_a_in[28].u |                  spmw_fifo_16 |          7 |          7 |       0 |    0 |    18 |      0 |      0 |    0 |          0 |
|     g_mac_a_out_a_in[29].u |                  spmw_fifo_17 |          7 |          7 |       0 |    0 |    18 |      0 |      0 |    0 |          0 |
|     g_mac_a_out_a_in[2].u  |                  spmw_fifo_18 |          7 |          7 |       0 |    0 |    18 |      0 |      0 |    0 |          0 |
|     g_mac_a_out_a_in[30].u |                  spmw_fifo_19 |          7 |          7 |       0 |    0 |    18 |      0 |      0 |    0 |          0 |
|     g_mac_a_out_a_in[31].u |                  spmw_fifo_20 |          7 |          7 |       0 |    0 |    18 |      0 |      0 |    0 |          0 |
|     g_mac_a_out_a_in[33].u |                  spmw_fifo_21 |          6 |          6 |       0 |    0 |    18 |      0 |      0 |    0 |          0 |
|     g_mac_a_out_a_in[34].u |                  spmw_fifo_22 |          6 |          6 |       0 |    0 |    18 |      0 |      0 |    0 |          0 |
|     g_mac_a_out_a_in[35].u |                  spmw_fifo_23 |          6 |          6 |       0 |    0 |    18 |      0 |      0 |    0 |          0 |
|     g_mac_a_out_a_in[36].u |                  spmw_fifo_24 |          7 |          7 |       0 |    0 |    18 |      0 |      0 |    0 |          0 |
|     g_mac_a_out_a_in[37].u |                  spmw_fifo_25 |          7 |          7 |       0 |    0 |    18 |      0 |      0 |    0 |          0 |
|     g_mac_a_out_a_in[38].u |                  spmw_fifo_26 |          7 |          7 |       0 |    0 |    18 |      0 |      0 |    0 |          0 |
|     g_mac_a_out_a_in[39].u |                  spmw_fifo_27 |          7 |          7 |       0 |    0 |    18 |      0 |      0 |    0 |          0 |
|     g_mac_a_out_a_in[3].u  |                  spmw_fifo_28 |          7 |          7 |       0 |    0 |    18 |      0 |      0 |    0 |          0 |
|     g_mac_a_out_a_in[41].u |                  spmw_fifo_29 |          6 |          6 |       0 |    0 |    18 |      0 |      0 |    0 |          0 |
|     g_mac_a_out_a_in[42].u |                  spmw_fifo_30 |          6 |          6 |       0 |    0 |    18 |      0 |      0 |    0 |          0 |
|     g_mac_a_out_a_in[43].u |                  spmw_fifo_31 |          6 |          6 |       0 |    0 |    18 |      0 |      0 |    0 |          0 |
|     g_mac_a_out_a_in[44].u |                  spmw_fifo_32 |          6 |          6 |       0 |    0 |    18 |      0 |      0 |    0 |          0 |
|     g_mac_a_out_a_in[45].u |                  spmw_fifo_33 |          7 |          7 |       0 |    0 |    18 |      0 |      0 |    0 |          0 |
|     g_mac_a_out_a_in[46].u |                  spmw_fifo_34 |          7 |          7 |       0 |    0 |    18 |      0 |      0 |    0 |          0 |
|     g_mac_a_out_a_in[47].u |                  spmw_fifo_35 |          7 |          7 |       0 |    0 |    18 |      0 |      0 |    0 |          0 |
|     g_mac_a_out_a_in[49].u |                  spmw_fifo_36 |          6 |          6 |       0 |    0 |    18 |      0 |      0 |    0 |          0 |
|     g_mac_a_out_a_in[4].u  |                  spmw_fifo_37 |          7 |          7 |       0 |    0 |    18 |      0 |      0 |    0 |          0 |
|     g_mac_a_out_a_in[50].u |                  spmw_fifo_38 |          6 |          6 |       0 |    0 |    18 |      0 |      0 |    0 |          0 |
|     g_mac_a_out_a_in[51].u |                  spmw_fifo_39 |          6 |          6 |       0 |    0 |    18 |      0 |      0 |    0 |          0 |
|     g_mac_a_out_a_in[52].u |                  spmw_fifo_40 |          6 |          6 |       0 |    0 |    18 |      0 |      0 |    0 |          0 |
|     g_mac_a_out_a_in[53].u |                  spmw_fifo_41 |          7 |          7 |       0 |    0 |    18 |      0 |      0 |    0 |          0 |
|     g_mac_a_out_a_in[54].u |                  spmw_fifo_42 |          7 |          7 |       0 |    0 |    18 |      0 |      0 |    0 |          0 |
|     g_mac_a_out_a_in[55].u |                  spmw_fifo_43 |          7 |          7 |       0 |    0 |    18 |      0 |      0 |    0 |          0 |
|     g_mac_a_out_a_in[57].u |                  spmw_fifo_44 |          6 |          6 |       0 |    0 |    18 |      0 |      0 |    0 |          0 |
|     g_mac_a_out_a_in[58].u |                  spmw_fifo_45 |          6 |          6 |       0 |    0 |    18 |      0 |      0 |    0 |          0 |
|     g_mac_a_out_a_in[59].u |                  spmw_fifo_46 |          7 |          7 |       0 |    0 |    18 |      0 |      0 |    0 |          0 |
|     g_mac_a_out_a_in[5].u  |                  spmw_fifo_47 |          7 |          7 |       0 |    0 |    18 |      0 |      0 |    0 |          0 |
|     g_mac_a_out_a_in[60].u |                  spmw_fifo_48 |          6 |          6 |       0 |    0 |    18 |      0 |      0 |    0 |          0 |
|     g_mac_a_out_a_in[61].u |                  spmw_fifo_49 |          7 |          7 |       0 |    0 |    18 |      0 |      0 |    0 |          0 |
|     g_mac_a_out_a_in[62].u |                  spmw_fifo_50 |          7 |          7 |       0 |    0 |    18 |      0 |      0 |    0 |          0 |
|     g_mac_a_out_a_in[63].u |                  spmw_fifo_51 |          7 |          7 |       0 |    0 |    18 |      0 |      0 |    0 |          0 |
|     g_mac_a_out_a_in[6].u  |                  spmw_fifo_52 |          7 |          7 |       0 |    0 |    18 |      0 |      0 |    0 |          0 |
|     g_mac_a_out_a_in[7].u  |                  spmw_fifo_53 |          6 |          6 |       0 |    0 |    18 |      0 |      0 |    0 |          0 |
|     g_mac_a_out_a_in[9].u  |                  spmw_fifo_54 |          7 |          7 |       0 |    0 |    18 |      0 |      0 |    0 |          0 |
|     g_mac_p_out_p_in[10].u |     spmw_fifo__parameterized0 |          8 |          8 |       0 |    0 |    34 |      0 |      0 |    0 |          0 |
|     g_mac_p_out_p_in[11].u |  spmw_fifo__parameterized0_55 |          8 |          8 |       0 |    0 |    34 |      0 |      0 |    0 |          0 |
|     g_mac_p_out_p_in[12].u |  spmw_fifo__parameterized0_56 |          8 |          8 |       0 |    0 |    34 |      0 |      0 |    0 |          0 |
|     g_mac_p_out_p_in[13].u |  spmw_fifo__parameterized0_57 |          8 |          8 |       0 |    0 |    34 |      0 |      0 |    0 |          0 |
|     g_mac_p_out_p_in[14].u |  spmw_fifo__parameterized0_58 |          8 |          8 |       0 |    0 |    34 |      0 |      0 |    0 |          0 |
|     g_mac_p_out_p_in[15].u |  spmw_fifo__parameterized0_59 |          8 |          8 |       0 |    0 |    34 |      0 |      0 |    0 |          0 |
|     g_mac_p_out_p_in[16].u |  spmw_fifo__parameterized0_60 |         10 |         10 |       0 |    0 |    38 |      0 |      0 |    0 |          0 |
|     g_mac_p_out_p_in[17].u |  spmw_fifo__parameterized0_61 |         10 |         10 |       0 |    0 |    38 |      0 |      0 |    0 |          0 |
|     g_mac_p_out_p_in[18].u |  spmw_fifo__parameterized0_62 |          9 |          9 |       0 |    0 |    38 |      0 |      0 |    0 |          0 |
|     g_mac_p_out_p_in[19].u |  spmw_fifo__parameterized0_63 |          9 |          9 |       0 |    0 |    38 |      0 |      0 |    0 |          0 |
|     g_mac_p_out_p_in[20].u |  spmw_fifo__parameterized0_64 |          9 |          9 |       0 |    0 |    38 |      0 |      0 |    0 |          0 |
|     g_mac_p_out_p_in[21].u |  spmw_fifo__parameterized0_65 |          9 |          9 |       0 |    0 |    38 |      0 |      0 |    0 |          0 |
|     g_mac_p_out_p_in[22].u |  spmw_fifo__parameterized0_66 |          9 |          9 |       0 |    0 |    38 |      0 |      0 |    0 |          0 |
|     g_mac_p_out_p_in[23].u |  spmw_fifo__parameterized0_67 |          9 |          9 |       0 |    0 |    38 |      0 |      0 |    0 |          0 |
|     g_mac_p_out_p_in[24].u |  spmw_fifo__parameterized0_68 |         16 |         16 |       0 |    0 |    66 |      0 |      0 |    0 |          0 |
|     g_mac_p_out_p_in[25].u |  spmw_fifo__parameterized0_69 |         16 |         16 |       0 |    0 |    66 |      0 |      0 |    0 |          0 |
|     g_mac_p_out_p_in[26].u |  spmw_fifo__parameterized0_70 |         16 |         16 |       0 |    0 |    66 |      0 |      0 |    0 |          0 |
|     g_mac_p_out_p_in[27].u |  spmw_fifo__parameterized0_71 |         11 |         11 |       0 |    0 |    40 |      0 |      0 |    0 |          0 |
|     g_mac_p_out_p_in[28].u |  spmw_fifo__parameterized0_72 |         11 |         11 |       0 |    0 |    40 |      0 |      0 |    0 |          0 |
|     g_mac_p_out_p_in[29].u |  spmw_fifo__parameterized0_73 |         11 |         11 |       0 |    0 |    40 |      0 |      0 |    0 |          0 |
|     g_mac_p_out_p_in[30].u |  spmw_fifo__parameterized0_74 |         11 |         11 |       0 |    0 |    40 |      0 |      0 |    0 |          0 |
|     g_mac_p_out_p_in[31].u |  spmw_fifo__parameterized0_75 |         10 |         10 |       0 |    0 |    40 |      0 |      0 |    0 |          0 |
|     g_mac_p_out_p_in[32].u |  spmw_fifo__parameterized0_76 |         16 |         16 |       0 |    0 |    66 |      0 |      0 |    0 |          0 |
|     g_mac_p_out_p_in[33].u |  spmw_fifo__parameterized0_77 |         16 |         16 |       0 |    0 |    66 |      0 |      0 |    0 |          0 |
|     g_mac_p_out_p_in[34].u |  spmw_fifo__parameterized0_78 |         16 |         16 |       0 |    0 |    66 |      0 |      0 |    0 |          0 |
|     g_mac_p_out_p_in[35].u |  spmw_fifo__parameterized0_79 |         16 |         16 |       0 |    0 |    66 |      0 |      0 |    0 |          0 |
|     g_mac_p_out_p_in[36].u |  spmw_fifo__parameterized0_80 |         16 |         16 |       0 |    0 |    66 |      0 |      0 |    0 |          0 |
|     g_mac_p_out_p_in[37].u |  spmw_fifo__parameterized0_81 |         16 |         16 |       0 |    0 |    66 |      0 |      0 |    0 |          0 |
|     g_mac_p_out_p_in[38].u |  spmw_fifo__parameterized0_82 |         17 |         17 |       0 |    0 |    66 |      0 |      0 |    0 |          0 |
|     g_mac_p_out_p_in[39].u |  spmw_fifo__parameterized0_83 |         12 |         12 |       0 |    0 |    42 |      0 |      0 |    0 |          0 |
|     g_mac_p_out_p_in[40].u |  spmw_fifo__parameterized0_84 |         16 |         16 |       0 |    0 |    66 |      0 |      0 |    0 |          0 |
|     g_mac_p_out_p_in[41].u |  spmw_fifo__parameterized0_85 |         16 |         16 |       0 |    0 |    66 |      0 |      0 |    0 |          0 |
|     g_mac_p_out_p_in[42].u |  spmw_fifo__parameterized0_86 |         16 |         16 |       0 |    0 |    66 |      0 |      0 |    0 |          0 |
|     g_mac_p_out_p_in[43].u |  spmw_fifo__parameterized0_87 |         16 |         16 |       0 |    0 |    66 |      0 |      0 |    0 |          0 |
|     g_mac_p_out_p_in[44].u |  spmw_fifo__parameterized0_88 |         16 |         16 |       0 |    0 |    66 |      0 |      0 |    0 |          0 |
|     g_mac_p_out_p_in[45].u |  spmw_fifo__parameterized0_89 |         16 |         16 |       0 |    0 |    66 |      0 |      0 |    0 |          0 |
|     g_mac_p_out_p_in[46].u |  spmw_fifo__parameterized0_90 |         16 |         16 |       0 |    0 |    66 |      0 |      0 |    0 |          0 |
|     g_mac_p_out_p_in[47].u |  spmw_fifo__parameterized0_91 |         16 |         16 |       0 |    0 |    66 |      0 |      0 |    0 |          0 |
|     g_mac_p_out_p_in[48].u |  spmw_fifo__parameterized0_92 |         16 |         16 |       0 |    0 |    66 |      0 |      0 |    0 |          0 |
|     g_mac_p_out_p_in[49].u |  spmw_fifo__parameterized0_93 |         16 |         16 |       0 |    0 |    66 |      0 |      0 |    0 |          0 |
|     g_mac_p_out_p_in[50].u |  spmw_fifo__parameterized0_94 |         16 |         16 |       0 |    0 |    66 |      0 |      0 |    0 |          0 |
|     g_mac_p_out_p_in[51].u |  spmw_fifo__parameterized0_95 |         16 |         16 |       0 |    0 |    66 |      0 |      0 |    0 |          0 |
|     g_mac_p_out_p_in[52].u |  spmw_fifo__parameterized0_96 |         16 |         16 |       0 |    0 |    66 |      0 |      0 |    0 |          0 |
|     g_mac_p_out_p_in[53].u |  spmw_fifo__parameterized0_97 |         16 |         16 |       0 |    0 |    66 |      0 |      0 |    0 |          0 |
|     g_mac_p_out_p_in[54].u |  spmw_fifo__parameterized0_98 |         16 |         16 |       0 |    0 |    66 |      0 |      0 |    0 |          0 |
|     g_mac_p_out_p_in[55].u |  spmw_fifo__parameterized0_99 |         16 |         16 |       0 |    0 |    66 |      0 |      0 |    0 |          0 |
|     g_mac_p_out_p_in[56].u | spmw_fifo__parameterized0_100 |         16 |         16 |       0 |    0 |    66 |      0 |      0 |    0 |          0 |
|     g_mac_p_out_p_in[57].u | spmw_fifo__parameterized0_101 |         16 |         16 |       0 |    0 |    66 |      0 |      0 |    0 |          0 |
|     g_mac_p_out_p_in[58].u | spmw_fifo__parameterized0_102 |         16 |         16 |       0 |    0 |    66 |      0 |      0 |    0 |          0 |
|     g_mac_p_out_p_in[59].u | spmw_fifo__parameterized0_103 |         16 |         16 |       0 |    0 |    66 |      0 |      0 |    0 |          0 |
|     g_mac_p_out_p_in[60].u | spmw_fifo__parameterized0_104 |         16 |         16 |       0 |    0 |    66 |      0 |      0 |    0 |          0 |
|     g_mac_p_out_p_in[61].u | spmw_fifo__parameterized0_105 |         16 |         16 |       0 |    0 |    66 |      0 |      0 |    0 |          0 |
|     g_mac_p_out_p_in[62].u | spmw_fifo__parameterized0_106 |         16 |         16 |       0 |    0 |    66 |      0 |      0 |    0 |          0 |
|     g_mac_p_out_p_in[63].u | spmw_fifo__parameterized0_107 |         16 |         16 |       0 |    0 |    66 |      0 |      0 |    0 |          0 |
|     g_mac_p_out_p_in[8].u  | spmw_fifo__parameterized0_108 |          8 |          8 |       0 |    0 |    34 |      0 |      0 |    0 |          0 |
|     g_mac_p_out_p_in[9].u  | spmw_fifo__parameterized0_109 |          8 |          8 |       0 |    0 |    34 |      0 |      0 |    0 |          0 |
|     g_mac_w_out_w_in[10].u | spmw_fifo__parameterized0_110 |         36 |         36 |       0 |    0 |    66 |      0 |      0 |    0 |          0 |
|     g_mac_w_out_w_in[11].u | spmw_fifo__parameterized0_111 |          1 |          1 |       0 |    0 |    66 |      0 |      0 |    0 |          0 |
|     g_mac_w_out_w_in[12].u | spmw_fifo__parameterized0_112 |         34 |         34 |       0 |    0 |    66 |      0 |      0 |    0 |          0 |
|     g_mac_w_out_w_in[13].u | spmw_fifo__parameterized0_113 |         34 |         34 |       0 |    0 |    66 |      0 |      0 |    0 |          0 |
|     g_mac_w_out_w_in[14].u | spmw_fifo__parameterized0_114 |          2 |          2 |       0 |    0 |    66 |      0 |      0 |    0 |          0 |
|     g_mac_w_out_w_in[15].u | spmw_fifo__parameterized0_115 |         35 |         35 |       0 |    0 |    66 |      0 |      0 |    0 |          0 |
|     g_mac_w_out_w_in[17].u | spmw_fifo__parameterized0_116 |         34 |         34 |       0 |    0 |    66 |      0 |      0 |    0 |          0 |
|     g_mac_w_out_w_in[18].u | spmw_fifo__parameterized0_117 |         35 |         35 |       0 |    0 |    66 |      0 |      0 |    0 |          0 |
|     g_mac_w_out_w_in[19].u | spmw_fifo__parameterized0_118 |         35 |         35 |       0 |    0 |    66 |      0 |      0 |    0 |          0 |
|     g_mac_w_out_w_in[1].u  | spmw_fifo__parameterized0_119 |         34 |         34 |       0 |    0 |    66 |      0 |      0 |    0 |          0 |
|     g_mac_w_out_w_in[20].u | spmw_fifo__parameterized0_120 |         34 |         34 |       0 |    0 |    66 |      0 |      0 |    0 |          0 |
|     g_mac_w_out_w_in[21].u | spmw_fifo__parameterized0_121 |         34 |         34 |       0 |    0 |    66 |      0 |      0 |    0 |          0 |
|     g_mac_w_out_w_in[22].u | spmw_fifo__parameterized0_122 |          2 |          2 |       0 |    0 |    66 |      0 |      0 |    0 |          0 |
|     g_mac_w_out_w_in[23].u | spmw_fifo__parameterized0_123 |         35 |         35 |       0 |    0 |    66 |      0 |      0 |    0 |          0 |
|     g_mac_w_out_w_in[25].u | spmw_fifo__parameterized0_124 |         34 |         34 |       0 |    0 |    66 |      0 |      0 |    0 |          0 |
|     g_mac_w_out_w_in[26].u | spmw_fifo__parameterized0_125 |         35 |         35 |       0 |    0 |    66 |      0 |      0 |    0 |          0 |
|     g_mac_w_out_w_in[27].u | spmw_fifo__parameterized0_126 |         35 |         35 |       0 |    0 |    66 |      0 |      0 |    0 |          0 |
|     g_mac_w_out_w_in[28].u | spmw_fifo__parameterized0_127 |          2 |          2 |       0 |    0 |    66 |      0 |      0 |    0 |          0 |
|     g_mac_w_out_w_in[29].u | spmw_fifo__parameterized0_128 |         34 |         34 |       0 |    0 |    66 |      0 |      0 |    0 |          0 |
|     g_mac_w_out_w_in[2].u  | spmw_fifo__parameterized0_129 |         36 |         36 |       0 |    0 |    66 |      0 |      0 |    0 |          0 |
|     g_mac_w_out_w_in[30].u | spmw_fifo__parameterized0_130 |         34 |         34 |       0 |    0 |    66 |      0 |      0 |    0 |          0 |
|     g_mac_w_out_w_in[31].u | spmw_fifo__parameterized0_131 |          3 |          3 |       0 |    0 |    66 |      0 |      0 |    0 |          0 |
|     g_mac_w_out_w_in[33].u | spmw_fifo__parameterized0_132 |         34 |         34 |       0 |    0 |    66 |      0 |      0 |    0 |          0 |
|     g_mac_w_out_w_in[34].u | spmw_fifo__parameterized0_133 |         35 |         35 |       0 |    0 |    66 |      0 |      0 |    0 |          0 |
|     g_mac_w_out_w_in[35].u | spmw_fifo__parameterized0_134 |          2 |          2 |       0 |    0 |    66 |      0 |      0 |    0 |          0 |
|     g_mac_w_out_w_in[36].u | spmw_fifo__parameterized0_135 |          2 |          2 |       0 |    0 |    66 |      0 |      0 |    0 |          0 |
|     g_mac_w_out_w_in[37].u | spmw_fifo__parameterized0_136 |         34 |         34 |       0 |    0 |    66 |      0 |      0 |    0 |          0 |
|     g_mac_w_out_w_in[38].u | spmw_fifo__parameterized0_137 |          2 |          2 |       0 |    0 |    66 |      0 |      0 |    0 |          0 |
|     g_mac_w_out_w_in[39].u | spmw_fifo__parameterized0_138 |         34 |         34 |       0 |    0 |    66 |      0 |      0 |    0 |          0 |
|     g_mac_w_out_w_in[3].u  | spmw_fifo__parameterized0_139 |          1 |          1 |       0 |    0 |    66 |      0 |      0 |    0 |          0 |
|     g_mac_w_out_w_in[41].u | spmw_fifo__parameterized0_140 |         34 |         34 |       0 |    0 |    66 |      0 |      0 |    0 |          0 |
|     g_mac_w_out_w_in[42].u | spmw_fifo__parameterized0_141 |         35 |         35 |       0 |    0 |    66 |      0 |      0 |    0 |          0 |
|     g_mac_w_out_w_in[43].u | spmw_fifo__parameterized0_142 |          2 |          2 |       0 |    0 |    66 |      0 |      0 |    0 |          0 |
|     g_mac_w_out_w_in[44].u | spmw_fifo__parameterized0_143 |          2 |          2 |       0 |    0 |    66 |      0 |      0 |    0 |          0 |
|     g_mac_w_out_w_in[45].u | spmw_fifo__parameterized0_144 |         35 |         35 |       0 |    0 |    66 |      0 |      0 |    0 |          0 |
|     g_mac_w_out_w_in[46].u | spmw_fifo__parameterized0_145 |          2 |          2 |       0 |    0 |    66 |      0 |      0 |    0 |          0 |
|     g_mac_w_out_w_in[47].u | spmw_fifo__parameterized0_146 |         34 |         34 |       0 |    0 |    66 |      0 |      0 |    0 |          0 |
|     g_mac_w_out_w_in[49].u | spmw_fifo__parameterized0_147 |         34 |         34 |       0 |    0 |    66 |      0 |      0 |    0 |          0 |
|     g_mac_w_out_w_in[4].u  | spmw_fifo__parameterized0_148 |         34 |         34 |       0 |    0 |    66 |      0 |      0 |    0 |          0 |
|     g_mac_w_out_w_in[50].u | spmw_fifo__parameterized0_149 |         35 |         35 |       0 |    0 |    66 |      0 |      0 |    0 |          0 |
|     g_mac_w_out_w_in[51].u | spmw_fifo__parameterized0_150 |          2 |          2 |       0 |    0 |    66 |      0 |      0 |    0 |          0 |
|     g_mac_w_out_w_in[52].u | spmw_fifo__parameterized0_151 |          2 |          2 |       0 |    0 |    66 |      0 |      0 |    0 |          0 |
|     g_mac_w_out_w_in[53].u | spmw_fifo__parameterized0_152 |         36 |         36 |       0 |    0 |    66 |      0 |      0 |    0 |          0 |
|     g_mac_w_out_w_in[54].u | spmw_fifo__parameterized0_153 |          2 |          2 |       0 |    0 |    66 |      0 |      0 |    0 |          0 |
|     g_mac_w_out_w_in[55].u | spmw_fifo__parameterized0_154 |         34 |         34 |       0 |    0 |    66 |      0 |      0 |    0 |          0 |
|     g_mac_w_out_w_in[57].u | spmw_fifo__parameterized0_155 |         34 |         34 |       0 |    0 |    66 |      0 |      0 |    0 |          0 |
|     g_mac_w_out_w_in[58].u | spmw_fifo__parameterized0_156 |         36 |         36 |       0 |    0 |    66 |      0 |      0 |    0 |          0 |
|     g_mac_w_out_w_in[59].u | spmw_fifo__parameterized0_157 |         34 |         34 |       0 |    0 |    66 |      0 |      0 |    0 |          0 |
|     g_mac_w_out_w_in[5].u  | spmw_fifo__parameterized0_158 |         34 |         34 |       0 |    0 |    66 |      0 |      0 |    0 |          0 |
|     g_mac_w_out_w_in[60].u | spmw_fifo__parameterized0_159 |          2 |          2 |       0 |    0 |    66 |      0 |      0 |    0 |          0 |
|     g_mac_w_out_w_in[61].u | spmw_fifo__parameterized0_160 |         35 |         35 |       0 |    0 |    66 |      0 |      0 |    0 |          0 |
|     g_mac_w_out_w_in[62].u | spmw_fifo__parameterized0_161 |          2 |          2 |       0 |    0 |    66 |      0 |      0 |    0 |          0 |
|     g_mac_w_out_w_in[63].u | spmw_fifo__parameterized0_162 |         34 |         34 |       0 |    0 |    66 |      0 |      0 |    0 |          0 |
|     g_mac_w_out_w_in[6].u  | spmw_fifo__parameterized0_163 |          2 |          2 |       0 |    0 |    66 |      0 |      0 |    0 |          0 |
|     g_mac_w_out_w_in[7].u  | spmw_fifo__parameterized0_164 |         35 |         35 |       0 |    0 |    66 |      0 |      0 |    0 |          0 |
|     g_mac_w_out_w_in[9].u  | spmw_fifo__parameterized0_165 |         34 |         34 |       0 |    0 |    66 |      0 |      0 |    0 |          0 |
|     g_vpu_z_in_bind[0].u   | spmw_fifo__parameterized0_166 |         17 |         17 |       0 |    0 |    66 |      0 |      0 |    0 |          0 |
|     g_vpu_z_in_bind[1].u   | spmw_fifo__parameterized0_167 |         17 |         17 |       0 |    0 |    66 |      0 |      0 |    0 |          0 |
|     g_vpu_z_in_bind[2].u   | spmw_fifo__parameterized0_168 |         18 |         18 |       0 |    0 |    66 |      0 |      0 |    0 |          0 |
|     g_vpu_z_in_bind[3].u   | spmw_fifo__parameterized0_169 |         17 |         17 |       0 |    0 |    66 |      0 |      0 |    0 |          0 |
|     g_vpu_z_in_bind[4].u   | spmw_fifo__parameterized0_170 |         17 |         17 |       0 |    0 |    66 |      0 |      0 |    0 |          0 |
|     g_vpu_z_in_bind[5].u   | spmw_fifo__parameterized0_171 |         17 |         17 |       0 |    0 |    66 |      0 |      0 |    0 |          0 |
|     g_vpu_z_in_bind[6].u   | spmw_fifo__parameterized0_172 |         17 |         17 |       0 |    0 |    66 |      0 |      0 |    0 |          0 |
|     g_vpu_z_in_bind[7].u   | spmw_fifo__parameterized0_173 |         17 |         17 |       0 |    0 |    66 |      0 |      0 |    0 |          0 |
|     u_mac_r0_1_1           |                        mac_r0 |        291 |        291 |       0 |    0 |   334 |      0 |      0 |    0 |          0 |
|     u_mac_r0_1_2           |                    mac_r0_174 |        303 |        303 |       0 |    0 |   334 |      0 |      0 |    0 |          0 |
|     u_mac_r0_1_3           |                    mac_r0_175 |        294 |        294 |       0 |    0 |   334 |      0 |      0 |    0 |          0 |
|     u_mac_r0_1_4           |                    mac_r0_176 |        293 |        293 |       0 |    0 |   334 |      0 |      0 |    0 |          0 |
|     u_mac_r0_1_5           |                    mac_r0_177 |        306 |        306 |       0 |    0 |   334 |      0 |      0 |    0 |          0 |
|     u_mac_r0_1_6           |                    mac_r0_178 |        292 |        292 |       0 |    0 |   334 |      0 |      0 |    0 |          0 |
|     u_mac_r0_2_1           |                    mac_r0_179 |        293 |        293 |       0 |    0 |   350 |      0 |      0 |    0 |          0 |
|     u_mac_r0_2_2           |                    mac_r0_180 |        293 |        293 |       0 |    0 |   350 |      0 |      0 |    0 |          0 |
|     u_mac_r0_2_3           |                    mac_r0_181 |        294 |        294 |       0 |    0 |   337 |      0 |      0 |    0 |          0 |
|     u_mac_r0_2_4           |                    mac_r0_182 |        294 |        294 |       0 |    0 |   337 |      0 |      0 |    0 |          0 |
|     u_mac_r0_2_5           |                    mac_r0_183 |        306 |        306 |       0 |    0 |   337 |      0 |      0 |    0 |          0 |
|     u_mac_r0_2_6           |                    mac_r0_184 |        294 |        294 |       0 |    0 |   337 |      0 |      0 |    0 |          0 |
|     u_mac_r0_3_1           |                    mac_r0_185 |        308 |        308 |       0 |    0 |   364 |      0 |      0 |    0 |          0 |
|     u_mac_r0_3_2           |                    mac_r0_186 |        307 |        307 |       0 |    0 |   364 |      0 |      0 |    0 |          0 |
|     u_mac_r0_3_3           |                    mac_r0_187 |        305 |        305 |       0 |    0 |   351 |      0 |      0 |    0 |          0 |
|     u_mac_r0_3_4           |                    mac_r0_188 |        297 |        297 |       0 |    0 |   351 |      0 |      0 |    0 |          0 |
|     u_mac_r0_3_5           |                    mac_r0_189 |        295 |        295 |       0 |    0 |   351 |      0 |      0 |    0 |          0 |
|     u_mac_r0_3_6           |                    mac_r0_190 |        308 |        308 |       0 |    0 |   351 |      0 |      0 |    0 |          0 |
|     u_mac_r0_4_1           |                    mac_r0_191 |        306 |        306 |       0 |    0 |   364 |      0 |      0 |    0 |          0 |
|     u_mac_r0_4_2           |                    mac_r0_192 |        320 |        320 |       0 |    0 |   364 |      0 |      0 |    0 |          0 |
|     u_mac_r0_4_3           |                    mac_r0_193 |        323 |        323 |       0 |    0 |   364 |      0 |      0 |    0 |          0 |
|     u_mac_r0_4_4           |                    mac_r0_194 |        307 |        307 |       0 |    0 |   364 |      0 |      0 |    0 |          0 |
|     u_mac_r0_4_5           |                    mac_r0_195 |        320 |        320 |       0 |    0 |   364 |      0 |      0 |    0 |          0 |
|     u_mac_r0_4_6           |                    mac_r0_196 |        309 |        309 |       0 |    0 |   364 |      0 |      0 |    0 |          0 |
|     u_mac_r0_5_1           |                    mac_r0_197 |        306 |        306 |       0 |    0 |   364 |      0 |      0 |    0 |          0 |
|     u_mac_r0_5_2           |                    mac_r0_198 |        320 |        320 |       0 |    0 |   364 |      0 |      0 |    0 |          0 |
|     u_mac_r0_5_3           |                    mac_r0_199 |        320 |        320 |       0 |    0 |   364 |      0 |      0 |    0 |          0 |
|     u_mac_r0_5_4           |                    mac_r0_200 |        309 |        309 |       0 |    0 |   364 |      0 |      0 |    0 |          0 |
|     u_mac_r0_5_5           |                    mac_r0_201 |        319 |        319 |       0 |    0 |   364 |      0 |      0 |    0 |          0 |
|     u_mac_r0_5_6           |                    mac_r0_202 |        310 |        310 |       0 |    0 |   364 |      0 |      0 |    0 |          0 |
|     u_mac_r0_6_1           |                    mac_r0_203 |        307 |        307 |       0 |    0 |   364 |      0 |      0 |    0 |          0 |
|     u_mac_r0_6_2           |                    mac_r0_204 |        318 |        318 |       0 |    0 |   364 |      0 |      0 |    0 |          0 |
|     u_mac_r0_6_3           |                    mac_r0_205 |        320 |        320 |       0 |    0 |   364 |      0 |      0 |    0 |          0 |
|     u_mac_r0_6_4           |                    mac_r0_206 |        305 |        305 |       0 |    0 |   364 |      0 |      0 |    0 |          0 |
|     u_mac_r0_6_5           |                    mac_r0_207 |        321 |        321 |       0 |    0 |   364 |      0 |      0 |    0 |          0 |
|     u_mac_r0_6_6           |                    mac_r0_208 |        308 |        308 |       0 |    0 |   364 |      0 |      0 |    0 |          0 |
|     u_mac_r1_7_1           |                        mac_r1 |        307 |        307 |       0 |    0 |   364 |      0 |      0 |    0 |          0 |
|     u_mac_r1_7_2           |                    mac_r1_209 |        306 |        306 |       0 |    0 |   364 |      0 |      0 |    0 |          0 |
|     u_mac_r1_7_3           |                    mac_r1_210 |        318 |        318 |       0 |    0 |   364 |      0 |      0 |    0 |          0 |
|     u_mac_r1_7_4           |                    mac_r1_211 |        302 |        302 |       0 |    0 |   364 |      0 |      0 |    0 |          0 |
|     u_mac_r1_7_5           |                    mac_r1_212 |        318 |        318 |       0 |    0 |   364 |      0 |      0 |    0 |          0 |
|     u_mac_r1_7_6           |                    mac_r1_213 |        310 |        310 |       0 |    0 |   364 |      0 |      0 |    0 |          0 |
|     u_mac_r2_0_1           |                        mac_r2 |        261 |        261 |       0 |    0 |   316 |      0 |      0 |    0 |          0 |
|     u_mac_r2_0_2           |                    mac_r2_214 |        274 |        274 |       0 |    0 |   316 |      0 |      0 |    0 |          0 |
|     u_mac_r2_0_3           |                    mac_r2_215 |        264 |        264 |       0 |    0 |   316 |      0 |      0 |    0 |          0 |
|     u_mac_r2_0_4           |                    mac_r2_216 |        262 |        262 |       0 |    0 |   316 |      0 |      0 |    0 |          0 |
|     u_mac_r2_0_5           |                    mac_r2_217 |        275 |        275 |       0 |    0 |   316 |      0 |      0 |    0 |          0 |
|     u_mac_r2_0_6           |                    mac_r2_218 |        264 |        264 |       0 |    0 |   316 |      0 |      0 |    0 |          0 |
|     u_mac_r3_1_7           |                        mac_r3 |        273 |        273 |       0 |    0 |   326 |      0 |      0 |    0 |          0 |
|     u_mac_r3_2_7           |                    mac_r3_219 |        274 |        274 |       0 |    0 |   329 |      0 |      0 |    0 |          0 |
|     u_mac_r3_3_7           |                    mac_r3_220 |        274 |        274 |       0 |    0 |   331 |      0 |      0 |    0 |          0 |
|     u_mac_r3_4_7           |                    mac_r3_221 |        275 |        275 |       0 |    0 |   344 |      0 |      0 |    0 |          0 |
|     u_mac_r3_5_7           |                    mac_r3_222 |        287 |        287 |       0 |    0 |   356 |      0 |      0 |    0 |          0 |
|     u_mac_r3_6_7           |                    mac_r3_223 |        287 |        287 |       0 |    0 |   356 |      0 |      0 |    0 |          0 |
|     u_mac_r4_1_0           |                        mac_r4 |        288 |        288 |       0 |    0 |   334 |      0 |      0 |    0 |          0 |
|     u_mac_r4_2_0           |                    mac_r4_224 |        291 |        291 |       0 |    0 |   350 |      0 |      0 |    0 |          0 |
|     u_mac_r4_3_0           |                    mac_r4_225 |        305 |        305 |       0 |    0 |   364 |      0 |      0 |    0 |          0 |
|     u_mac_r4_4_0           |                    mac_r4_226 |        305 |        305 |       0 |    0 |   364 |      0 |      0 |    0 |          0 |
|     u_mac_r4_5_0           |                    mac_r4_227 |        304 |        304 |       0 |    0 |   364 |      0 |      0 |    0 |          0 |
|     u_mac_r4_6_0           |                    mac_r4_228 |        305 |        305 |       0 |    0 |   364 |      0 |      0 |    0 |          0 |
|     u_mac_r5_7_7           |                        mac_r5 |        288 |        288 |       0 |    0 |   356 |      0 |      0 |    0 |          0 |
|     u_mac_r6_0_7           |                        mac_r6 |        243 |        243 |       0 |    0 |   308 |      0 |      0 |    0 |          0 |
|     u_mac_r7_7_0           |                        mac_r7 |        305 |        305 |       0 |    0 |   364 |      0 |      0 |    0 |          0 |
|     u_mac_r8_0_0           |                        mac_r8 |        262 |        262 |       0 |    0 |   316 |      0 |      0 |    0 |          0 |
|     u_vpu_r0_0             |                        vpu_r0 |        174 |        174 |       0 |    0 |   185 |      0 |      0 |    0 |          0 |
|     u_vpu_r0_1             |                    vpu_r0_229 |        173 |        173 |       0 |    0 |   185 |      0 |      0 |    0 |          0 |
|     u_vpu_r0_2             |                    vpu_r0_230 |        167 |        167 |       0 |    0 |   185 |      0 |      0 |    0 |          0 |
|     u_vpu_r0_3             |                    vpu_r0_231 |        178 |        178 |       0 |    0 |   185 |      0 |      0 |    0 |          0 |
|     u_vpu_r0_4             |                    vpu_r0_232 |        174 |        174 |       0 |    0 |   185 |      0 |      0 |    0 |          0 |
|     u_vpu_r0_5             |                    vpu_r0_233 |        180 |        180 |       0 |    0 |   185 |      0 |      0 |    0 |          0 |
|     u_vpu_r0_6             |                    vpu_r0_234 |        174 |        174 |       0 |    0 |   185 |      0 |      0 |    0 |          0 |
|     u_vpu_r0_7             |                    vpu_r0_235 |        173 |        173 |       0 |    0 |   185 |      0 |      0 |    0 |          0 |
+----------------------------+-------------------------------+------------+------------+---------+------+-------+--------+--------+------+------------+
* Note: The sum of lower-level cells may be larger than their parent cells total, due to cross-hierarchy LUT combining


