Copyright 1986-2022 Xilinx, Inc. All Rights Reserved. Copyright 2022-2023 Advanced Micro Devices, Inc. All Rights Reserved.
--------------------------------------------------------------------------------------------------------------------------------------------------
| Tool Version      : Vivado v.2023.2 (lin64) Build 4029153 Fri Oct 13 20:13:54 MDT 2023
| Date              : Sun Sep 13 00:11:38 2026
| Host              : brg-zhang-xcel.ece.cornell.edu running 64-bit Red Hat Enterprise Linux 9.8 (Plow)
| Command           : report_timing_summary -file timing.rpt
| Design            : spmw_harness
| Device            : xcu280-fsvh2892
| Speed File        : -2L  PRODUCTION 1.30 05-01-2022
| Design State      : Routed
| Temperature Grade : E
--------------------------------------------------------------------------------------------------------------------------------------------------

Timing Summary Report

------------------------------------------------------------------------------------------------
| Timer Settings
| --------------
------------------------------------------------------------------------------------------------

  Enable Multi Corner Analysis               :  Yes
  Enable Pessimism Removal                   :  Yes
  Pessimism Removal Resolution               :  Nearest Common Node
  Enable Input Delay Default Clock           :  No
  Enable Preset / Clear Arcs                 :  No
  Disable Flight Delays                      :  No
  Ignore I/O Paths                           :  No
  Timing Early Launch at Borrowing Latches   :  No
  Borrow Time for Max Delay Exceptions       :  Yes
  Merge Timing Exceptions                    :  Yes
  Inter-SLR Compensation                     :  Conservative

  Corner  Analyze    Analyze    
  Name    Max Paths  Min Paths  
  ------  ---------  ---------  
  Slow    Yes        Yes        
  Fast    Yes        Yes        


------------------------------------------------------------------------------------------------
| Report Methodology
| ------------------
------------------------------------------------------------------------------------------------

No report available as report_methodology has not been run prior. Run report_methodology on the current design for the summary of methodology violations.



check_timing report

Table of Contents
-----------------
1. checking no_clock (0)
2. checking constant_clock (0)
3. checking pulse_width_clock (0)
4. checking unconstrained_internal_endpoints (0)
5. checking no_input_delay (2)
6. checking no_output_delay (7)
7. checking multiple_clock (0)
8. checking generated_clocks (0)
9. checking loops (0)
10. checking partial_input_delay (0)
11. checking partial_output_delay (0)
12. checking latch_loops (0)

1. checking no_clock (0)
------------------------
 There are 0 register/latch pins with no clock.


2. checking constant_clock (0)
------------------------------
 There are 0 register/latch pins with constant_clock.


3. checking pulse_width_clock (0)
---------------------------------
 There are 0 register/latch pins which need pulse_width check


4. checking unconstrained_internal_endpoints (0)
------------------------------------------------
 There are 0 pins that are not constrained for maximum delay.

 There are 0 pins that are not constrained for maximum delay due to constant clock.


5. checking no_input_delay (2)
------------------------------
 There are 2 input ports with no input delay specified. (HIGH)

 There are 0 input ports with no input delay but user has a false path constraint.


6. checking no_output_delay (7)
-------------------------------
 There are 7 ports with no output delay specified. (HIGH)

 There are 0 ports with no output delay but user has a false path constraint

 There are 0 ports with no output delay but with a timing clock defined on it or propagating through it


7. checking multiple_clock (0)
------------------------------
 There are 0 register/latch pins with multiple clocks.


8. checking generated_clocks (0)
--------------------------------
 There are 0 generated clocks that are not connected to a clock source.


9. checking loops (0)
---------------------
 There are 0 combinational loops in the design.


10. checking partial_input_delay (0)
------------------------------------
 There are 0 input ports with partial input delay specified.


11. checking partial_output_delay (0)
-------------------------------------
 There are 0 ports with partial output delay specified.


12. checking latch_loops (0)
----------------------------
 There are 0 combinational latch loops in the design through latch input



------------------------------------------------------------------------------------------------
| Design Timing Summary
| ---------------------
------------------------------------------------------------------------------------------------

    WNS(ns)      TNS(ns)  TNS Failing Endpoints  TNS Total Endpoints      WHS(ns)      THS(ns)  THS Failing Endpoints  THS Total Endpoints     WPWS(ns)     TPWS(ns)  TPWS Failing Endpoints  TPWS Total Endpoints  
    -------      -------  ---------------------  -------------------      -------      -------  ---------------------  -------------------     --------     --------  ----------------------  --------------------  
      0.871        0.000                      0                83323        0.010        0.000                      0                83323        1.134        0.000                       0                 30629  


All user specified timing constraints are met.


------------------------------------------------------------------------------------------------
| Clock Summary
| -------------
------------------------------------------------------------------------------------------------

Clock   Waveform(ns)         Period(ns)      Frequency(MHz)
-----   ------------         ----------      --------------
ap_clk  {0.000 1.666}        3.333           300.030         


------------------------------------------------------------------------------------------------
| Intra Clock Table
| -----------------
------------------------------------------------------------------------------------------------

Clock             WNS(ns)      TNS(ns)  TNS Failing Endpoints  TNS Total Endpoints      WHS(ns)      THS(ns)  THS Failing Endpoints  THS Total Endpoints     WPWS(ns)     TPWS(ns)  TPWS Failing Endpoints  TPWS Total Endpoints  
-----             -------      -------  ---------------------  -------------------      -------      -------  ---------------------  -------------------     --------     --------  ----------------------  --------------------  
ap_clk              0.871        0.000                      0                83323        0.010        0.000                      0                83323        1.134        0.000                       0                 30629  


------------------------------------------------------------------------------------------------
| Inter Clock Table
| -----------------
------------------------------------------------------------------------------------------------

From Clock    To Clock          WNS(ns)      TNS(ns)  TNS Failing Endpoints  TNS Total Endpoints      WHS(ns)      THS(ns)  THS Failing Endpoints  THS Total Endpoints  
----------    --------          -------      -------  ---------------------  -------------------      -------      -------  ---------------------  -------------------  


------------------------------------------------------------------------------------------------
| Other Path Groups Table
| -----------------------
------------------------------------------------------------------------------------------------

Path Group    From Clock    To Clock          WNS(ns)      TNS(ns)  TNS Failing Endpoints  TNS Total Endpoints      WHS(ns)      THS(ns)  THS Failing Endpoints  THS Total Endpoints  
----------    ----------    --------          -------      -------  ---------------------  -------------------      -------      -------  ---------------------  -------------------  


------------------------------------------------------------------------------------------------
| Timing Details
| --------------
------------------------------------------------------------------------------------------------


---------------------------------------------------------------------------------------------------
From Clock:  ap_clk
  To Clock:  ap_clk

Setup :            0  Failing Endpoints,  Worst Slack        0.871ns,  Total Violation        0.000ns
Hold  :            0  Failing Endpoints,  Worst Slack        0.010ns,  Total Violation        0.000ns
PW    :            0  Failing Endpoints,  Worst Slack        1.134ns,  Total Violation        0.000ns
---------------------------------------------------------------------------------------------------


Max Delay Paths
--------------------------------------------------------------------------------------
Slack (MET) :             0.871ns  (required time - arrival time)
  Source:                 dut/g_mac_a_out_a_in[47].u/slice.v1_reg/C
                            (rising edge-triggered cell FDRE clocked by ap_clk  {rise@0.000ns fall@1.666ns period=3.333ns})
  Destination:            dut/g_mac_p_out_p_in[46].u/slice.q1_reg[17]/CE
                            (rising edge-triggered cell FDRE clocked by ap_clk  {rise@0.000ns fall@1.666ns period=3.333ns})
  Path Group:             ap_clk
  Path Type:              Setup (Max at Slow Process Corner)
  Requirement:            3.333ns  (ap_clk rise@3.333ns - ap_clk rise@0.000ns)
  Data Path Delay:        2.204ns  (logic 0.395ns (17.924%)  route 1.809ns (82.076%))
  Logic Levels:           3  (LUT4=1 LUT6=2)
  Clock Path Skew:        -0.161ns (DCD - SCD + CPR)
    Destination Clock Delay (DCD):    2.261ns = ( 5.594 - 3.333 ) 
    Source Clock Delay      (SCD):    2.836ns
    Clock Pessimism Removal (CPR):    0.413ns
  Clock Uncertainty:      0.035ns  ((TSJ^2 + TIJ^2)^1/2 + DJ) / 2 + PE
    Total System Jitter     (TSJ):    0.071ns
    Total Input Jitter      (TIJ):    0.000ns
    Discrete Jitter          (DJ):    0.000ns
    Phase Error              (PE):    0.000ns
  Clock Net Delay (Source):      1.849ns (routing 0.931ns, distribution 0.918ns)
  Clock Net Delay (Destination): 1.567ns (routing 0.848ns, distribution 0.719ns)

    Location             Delay type                Incr(ns)  Path(ns)    Netlist Resource(s)
  -------------------------------------------------------------------    -------------------
                         (clock ap_clk rise edge)     0.000     0.000 r  
    BH26                                              0.000     0.000 r  ap_clk (IN)
                         net (fo=0)                   0.000     0.000    ap_clk_IBUF_inst/I
    BH26                 INBUF (Prop_INBUF_HPIOB_M_PAD_O)
                                                      0.636     0.636 r  ap_clk_IBUF_inst/INBUF_INST/O
                         net (fo=1, routed)           0.000     0.636    ap_clk_IBUF_inst/OUT
    BH26                 IBUFCTRL (Prop_IBUFCTRL_HPIOB_M_I_O)
                                                      0.000     0.636 r  ap_clk_IBUF_inst/IBUFCTRL_INST/O
                         net (fo=1, routed)           0.323     0.959    ap_clk_IBUF
    BUFGCE_X0Y72         BUFGCE (Prop_BUFCE_BUFGCE_I_O)
                                                      0.028     0.987 r  ap_clk_IBUF_BUFG_inst/O
    X5Y2 (CLOCK_ROOT)    net (fo=30884, routed)       1.849     2.836    dut/g_mac_a_out_a_in[47].u/ap_clk_IBUF_BUFG
    SLICE_X140Y171       FDRE                                         r  dut/g_mac_a_out_a_in[47].u/slice.v1_reg/C
  -------------------------------------------------------------------    -------------------
    SLICE_X140Y171       FDRE (Prop_DFF2_SLICEL_C_Q)
                                                      0.081     2.917 r  dut/g_mac_a_out_a_in[47].u/slice.v1_reg/Q
                         net (fo=13, routed)          0.493     3.409    dut/u_mac_r0_5_6/u/grp_mac_r0_0_Pipeline_l_S_r_2_r_fu_124/flow_control_loop_pipe_sequential_init_U/r_fu_70_reg[0]_0
    SLICE_X146Y169       LUT6 (Prop_H6LUT_SLICEM_I0_O)
                                                      0.125     3.534 r  dut/u_mac_r0_5_6/u/grp_mac_r0_0_Pipeline_l_S_r_2_r_fu_124/flow_control_loop_pipe_sequential_init_U/slice.v00_i_2__7/O
                         net (fo=16, routed)          0.099     3.634    dut/u_mac_r0_5_6/u/grp_mac_r0_0_Pipeline_l_S_r_2_r_fu_124/slice.v1_reg
    SLICE_X146Y169       LUT4 (Prop_D5LUT_SLICEM_I2_O)
                                                      0.066     3.700 f  dut/u_mac_r0_5_6/u/grp_mac_r0_0_Pipeline_l_S_r_2_r_fu_124/slice.v0_i_2__64/O
                         net (fo=3, routed)           0.605     4.305    dut/u_mac_r0_4_6/u/grp_mac_r0_0_Pipeline_l_S_r_2_r_fu_124/slice.v00_3
    SLICE_X156Y172       LUT6 (Prop_G6LUT_SLICEM_I1_O)
                                                      0.123     4.428 r  dut/u_mac_r0_4_6/u/grp_mac_r0_0_Pipeline_l_S_r_2_r_fu_124/slice.q1[31]_i_1__70/O
                         net (fo=32, routed)          0.612     5.040    dut/g_mac_p_out_p_in[46].u/E[0]
    SLICE_X152Y173       FDRE                                         r  dut/g_mac_p_out_p_in[46].u/slice.q1_reg[17]/CE
  -------------------------------------------------------------------    -------------------

                         (clock ap_clk rise edge)     3.333     3.333 r  
    BH26                                              0.000     3.333 r  ap_clk (IN)
                         net (fo=0)                   0.000     3.333    ap_clk_IBUF_inst/I
    BH26                 INBUF (Prop_INBUF_HPIOB_M_PAD_O)
                                                      0.385     3.718 r  ap_clk_IBUF_inst/INBUF_INST/O
                         net (fo=1, routed)           0.000     3.718    ap_clk_IBUF_inst/OUT
    BH26                 IBUFCTRL (Prop_IBUFCTRL_HPIOB_M_I_O)
                                                      0.000     3.718 r  ap_clk_IBUF_inst/IBUFCTRL_INST/O
                         net (fo=1, routed)           0.286     4.004    ap_clk_IBUF
    BUFGCE_X0Y72         BUFGCE (Prop_BUFCE_BUFGCE_I_O)
                                                      0.024     4.028 r  ap_clk_IBUF_BUFG_inst/O
    X5Y2 (CLOCK_ROOT)    net (fo=30884, routed)       1.567     5.594    dut/g_mac_p_out_p_in[46].u/ap_clk_IBUF_BUFG
    SLICE_X152Y173       FDRE                                         r  dut/g_mac_p_out_p_in[46].u/slice.q1_reg[17]/C
                         clock pessimism              0.413     6.007    
                         clock uncertainty           -0.035     5.972    
    SLICE_X152Y173       FDRE (Setup_EFF2_SLICEM_C_CE)
                                                     -0.061     5.911    dut/g_mac_p_out_p_in[46].u/slice.q1_reg[17]
  -------------------------------------------------------------------
                         required time                          5.911    
                         arrival time                          -5.040    
  -------------------------------------------------------------------
                         slack                                  0.871    





Min Delay Paths
--------------------------------------------------------------------------------------
Slack (MET) :             0.010ns  (arrival time - required time)
  Source:                 dut/g_mac_w_out_w_in[18].u/slice.q0_reg[7]/C
                            (rising edge-triggered cell FDRE clocked by ap_clk  {rise@0.000ns fall@1.666ns period=3.333ns})
  Destination:            dut/u_mac_r0_2_2/u/grp_mac_r0_0_Pipeline_l_S_i_0_i_fu_101/wf_1_2_fu_66_reg[7]/D
                            (rising edge-triggered cell FDRE clocked by ap_clk  {rise@0.000ns fall@1.666ns period=3.333ns})
  Path Group:             ap_clk
  Path Type:              Hold (Min at Slow Process Corner)
  Requirement:            0.000ns  (ap_clk rise@0.000ns - ap_clk rise@0.000ns)
  Data Path Delay:        0.146ns  (logic 0.058ns (39.616%)  route 0.088ns (60.384%))
  Logic Levels:           0  
  Clock Path Skew:        0.074ns (DCD - SCD - CPR)
    Destination Clock Delay (DCD):    2.819ns
    Source Clock Delay      (SCD):    2.330ns
    Clock Pessimism Removal (CPR):    0.414ns
  Clock Net Delay (Source):      1.636ns (routing 0.848ns, distribution 0.788ns)
  Clock Net Delay (Destination): 1.832ns (routing 0.931ns, distribution 0.901ns)

    Location             Delay type                Incr(ns)  Path(ns)    Netlist Resource(s)
  -------------------------------------------------------------------    -------------------
                         (clock ap_clk rise edge)     0.000     0.000 r  
    BH26                                              0.000     0.000 r  ap_clk (IN)
                         net (fo=0)                   0.000     0.000    ap_clk_IBUF_inst/I
    BH26                 INBUF (Prop_INBUF_HPIOB_M_PAD_O)
                                                      0.385     0.385 r  ap_clk_IBUF_inst/INBUF_INST/O
                         net (fo=1, routed)           0.000     0.385    ap_clk_IBUF_inst/OUT
    BH26                 IBUFCTRL (Prop_IBUFCTRL_HPIOB_M_I_O)
                                                      0.000     0.385 r  ap_clk_IBUF_inst/IBUFCTRL_INST/O
                         net (fo=1, routed)           0.286     0.671    ap_clk_IBUF
    BUFGCE_X0Y72         BUFGCE (Prop_BUFCE_BUFGCE_I_O)
                                                      0.024     0.695 r  ap_clk_IBUF_BUFG_inst/O
    X5Y2 (CLOCK_ROOT)    net (fo=30884, routed)       1.636     2.330    dut/g_mac_w_out_w_in[18].u/ap_clk_IBUF_BUFG
    SLICE_X167Y218       FDRE                                         r  dut/g_mac_w_out_w_in[18].u/slice.q0_reg[7]/C
  -------------------------------------------------------------------    -------------------
    SLICE_X167Y218       FDRE (Prop_BFF_SLICEM_C_Q)
                                                      0.058     2.388 r  dut/g_mac_w_out_w_in[18].u/slice.q0_reg[7]/Q
                         net (fo=7, routed)           0.088     2.477    dut/u_mac_r0_2_2/u/grp_mac_r0_0_Pipeline_l_S_i_0_i_fu_101/wf_0_2_fu_62_reg[31]_0[7]
    SLICE_X166Y217       FDRE                                         r  dut/u_mac_r0_2_2/u/grp_mac_r0_0_Pipeline_l_S_i_0_i_fu_101/wf_1_2_fu_66_reg[7]/D
  -------------------------------------------------------------------    -------------------

                         (clock ap_clk rise edge)     0.000     0.000 r  
    BH26                                              0.000     0.000 r  ap_clk (IN)
                         net (fo=0)                   0.000     0.000    ap_clk_IBUF_inst/I
    BH26                 INBUF (Prop_INBUF_HPIOB_M_PAD_O)
                                                      0.636     0.636 r  ap_clk_IBUF_inst/INBUF_INST/O
                         net (fo=1, routed)           0.000     0.636    ap_clk_IBUF_inst/OUT
    BH26                 IBUFCTRL (Prop_IBUFCTRL_HPIOB_M_I_O)
                                                      0.000     0.636 r  ap_clk_IBUF_inst/IBUFCTRL_INST/O
                         net (fo=1, routed)           0.323     0.959    ap_clk_IBUF
    BUFGCE_X0Y72         BUFGCE (Prop_BUFCE_BUFGCE_I_O)
                                                      0.028     0.987 r  ap_clk_IBUF_BUFG_inst/O
    X5Y2 (CLOCK_ROOT)    net (fo=30884, routed)       1.832     2.819    dut/u_mac_r0_2_2/u/grp_mac_r0_0_Pipeline_l_S_i_0_i_fu_101/ap_clk_IBUF_BUFG
    SLICE_X166Y217       FDRE                                         r  dut/u_mac_r0_2_2/u/grp_mac_r0_0_Pipeline_l_S_i_0_i_fu_101/wf_1_2_fu_66_reg[7]/C
                         clock pessimism             -0.414     2.405    
    SLICE_X166Y217       FDRE (Hold_HFF2_SLICEM_C_D)
                                                      0.062     2.467    dut/u_mac_r0_2_2/u/grp_mac_r0_0_Pipeline_l_S_i_0_i_fu_101/wf_1_2_fu_66_reg[7]
  -------------------------------------------------------------------
                         required time                         -2.467    
                         arrival time                           2.477    
  -------------------------------------------------------------------
                         slack                                  0.010    





Pulse Width Checks
--------------------------------------------------------------------------------------
Clock Name:         ap_clk
Waveform(ns):       { 0.000 1.666 }
Period(ns):         3.333
Sources:            { ap_clk }

Check Type        Corner  Lib Pin     Reference Pin  Required(ns)  Actual(ns)  Slack(ns)  Location        Pin
Min Period        n/a     BUFGCE/I    n/a            1.290         3.333       2.043      BUFGCE_X0Y72    ap_clk_IBUF_BUFG_inst/I
Low Pulse Width   Slow    SRL16E/CLK  n/a            0.532         1.667       1.135      SLICE_X175Y232  gen_mac_a_in_bind[0].lf_mac_a_in_bind_reg[19]_srl12___gen_mac_a_in_bind_r_10/CLK
High Pulse Width  Slow    SRL16E/CLK  n/a            0.532         1.666       1.134      SLICE_X175Y232  gen_mac_a_in_bind[0].lf_mac_a_in_bind_reg[19]_srl12___gen_mac_a_in_bind_r_10/CLK



