Copyright 1986-2022 Xilinx, Inc. All Rights Reserved. Copyright 2022-2023 Advanced Micro Devices, Inc. All Rights Reserved.
--------------------------------------------------------------------------------------------------------------------------------------------------
| Tool Version      : Vivado v.2023.2 (lin64) Build 4029153 Fri Oct 13 20:13:54 MDT 2023
| Date              : Sun Sep 13 18:58:21 2026
| Host              : brg-zhang-xcel.ece.cornell.edu running 64-bit Red Hat Enterprise Linux 9.8 (Plow)
| Command           : report_timing_summary -file timing.rpt
| Design            : spmw_harness
| Device            : xcu280-fsvh2892
| Speed File        : -2L  PRODUCTION 1.30 05-01-2022
| Design State      : Routed
| Temperature Grade : E
--------------------------------------------------------------------------------------------------------------------------------------------------

Timing Summary Report

------------------------------------------------------------------------------------------------
| Timer Settings
| --------------
------------------------------------------------------------------------------------------------

  Enable Multi Corner Analysis               :  Yes
  Enable Pessimism Removal                   :  Yes
  Pessimism Removal Resolution               :  Nearest Common Node
  Enable Input Delay Default Clock           :  No
  Enable Preset / Clear Arcs                 :  No
  Disable Flight Delays                      :  No
  Ignore I/O Paths                           :  No
  Timing Early Launch at Borrowing Latches   :  No
  Borrow Time for Max Delay Exceptions       :  Yes
  Merge Timing Exceptions                    :  Yes
  Inter-SLR Compensation                     :  Conservative

  Corner  Analyze    Analyze    
  Name    Max Paths  Min Paths  
  ------  ---------  ---------  
  Slow    Yes        Yes        
  Fast    Yes        Yes        


------------------------------------------------------------------------------------------------
| Report Methodology
| ------------------
------------------------------------------------------------------------------------------------

No report available as report_methodology has not been run prior. Run report_methodology on the current design for the summary of methodology violations.



check_timing report

Table of Contents
-----------------
1. checking no_clock (0)
2. checking constant_clock (0)
3. checking pulse_width_clock (0)
4. checking unconstrained_internal_endpoints (0)
5. checking no_input_delay (2)
6. checking no_output_delay (7)
7. checking multiple_clock (0)
8. checking generated_clocks (0)
9. checking loops (0)
10. checking partial_input_delay (0)
11. checking partial_output_delay (0)
12. checking latch_loops (0)

1. checking no_clock (0)
------------------------
 There are 0 register/latch pins with no clock.


2. checking constant_clock (0)
------------------------------
 There are 0 register/latch pins with constant_clock.


3. checking pulse_width_clock (0)
---------------------------------
 There are 0 register/latch pins which need pulse_width check


4. checking unconstrained_internal_endpoints (0)
------------------------------------------------
 There are 0 pins that are not constrained for maximum delay.

 There are 0 pins that are not constrained for maximum delay due to constant clock.


5. checking no_input_delay (2)
------------------------------
 There are 2 input ports with no input delay specified. (HIGH)

 There are 0 input ports with no input delay but user has a false path constraint.


6. checking no_output_delay (7)
-------------------------------
 There are 7 ports with no output delay specified. (HIGH)

 There are 0 ports with no output delay but user has a false path constraint

 There are 0 ports with no output delay but with a timing clock defined on it or propagating through it


7. checking multiple_clock (0)
------------------------------
 There are 0 register/latch pins with multiple clocks.


8. checking generated_clocks (0)
--------------------------------
 There are 0 generated clocks that are not connected to a clock source.


9. checking loops (0)
---------------------
 There are 0 combinational loops in the design.


10. checking partial_input_delay (0)
------------------------------------
 There are 0 input ports with partial input delay specified.


11. checking partial_output_delay (0)
-------------------------------------
 There are 0 ports with partial output delay specified.


12. checking latch_loops (0)
----------------------------
 There are 0 combinational latch loops in the design through latch input



------------------------------------------------------------------------------------------------
| Design Timing Summary
| ---------------------
------------------------------------------------------------------------------------------------

    WNS(ns)      TNS(ns)  TNS Failing Endpoints  TNS Total Endpoints      WHS(ns)      THS(ns)  THS Failing Endpoints  THS Total Endpoints     WPWS(ns)     TPWS(ns)  TPWS Failing Endpoints  TPWS Total Endpoints  
    -------      -------  ---------------------  -------------------      -------      -------  ---------------------  -------------------     --------     --------  ----------------------  --------------------  
      0.328        0.000                      0                73795        0.010        0.000                      0                73795        1.134        0.000                       0                 32761  


All user specified timing constraints are met.


------------------------------------------------------------------------------------------------
| Clock Summary
| -------------
------------------------------------------------------------------------------------------------

Clock   Waveform(ns)         Period(ns)      Frequency(MHz)
-----   ------------         ----------      --------------
ap_clk  {0.000 1.666}        3.333           300.030         


------------------------------------------------------------------------------------------------
| Intra Clock Table
| -----------------
------------------------------------------------------------------------------------------------

Clock             WNS(ns)      TNS(ns)  TNS Failing Endpoints  TNS Total Endpoints      WHS(ns)      THS(ns)  THS Failing Endpoints  THS Total Endpoints     WPWS(ns)     TPWS(ns)  TPWS Failing Endpoints  TPWS Total Endpoints  
-----             -------      -------  ---------------------  -------------------      -------      -------  ---------------------  -------------------     --------     --------  ----------------------  --------------------  
ap_clk              0.328        0.000                      0                73795        0.010        0.000                      0                73795        1.134        0.000                       0                 32761  


------------------------------------------------------------------------------------------------
| Inter Clock Table
| -----------------
------------------------------------------------------------------------------------------------

From Clock    To Clock          WNS(ns)      TNS(ns)  TNS Failing Endpoints  TNS Total Endpoints      WHS(ns)      THS(ns)  THS Failing Endpoints  THS Total Endpoints  
----------    --------          -------      -------  ---------------------  -------------------      -------      -------  ---------------------  -------------------  


------------------------------------------------------------------------------------------------
| Other Path Groups Table
| -----------------------
------------------------------------------------------------------------------------------------

Path Group    From Clock    To Clock          WNS(ns)      TNS(ns)  TNS Failing Endpoints  TNS Total Endpoints      WHS(ns)      THS(ns)  THS Failing Endpoints  THS Total Endpoints  
----------    ----------    --------          -------      -------  ---------------------  -------------------      -------      -------  ---------------------  -------------------  


------------------------------------------------------------------------------------------------
| Timing Details
| --------------
------------------------------------------------------------------------------------------------


---------------------------------------------------------------------------------------------------
From Clock:  ap_clk
  To Clock:  ap_clk

Setup :            0  Failing Endpoints,  Worst Slack        0.328ns,  Total Violation        0.000ns
Hold  :            0  Failing Endpoints,  Worst Slack        0.010ns,  Total Violation        0.000ns
PW    :            0  Failing Endpoints,  Worst Slack        1.134ns,  Total Violation        0.000ns
---------------------------------------------------------------------------------------------------


Max Delay Paths
--------------------------------------------------------------------------------------
Slack (MET) :             0.328ns  (required time - arrival time)
  Source:                 dut/u_mac_r0_6_1/u/grp_mac_r0_0_Pipeline_l_S_r_2_r_fu_124/v24_reg_256_reg[1]/C
                            (rising edge-triggered cell FDRE clocked by ap_clk  {rise@0.000ns fall@1.666ns period=3.333ns})
  Destination:            dut/u_mac_r0_6_1/u/grp_mac_r0_0_Pipeline_l_S_r_2_r_fu_124/add_ln91_reg_267_reg[31]/D
                            (rising edge-triggered cell FDRE clocked by ap_clk  {rise@0.000ns fall@1.666ns period=3.333ns})
  Path Group:             ap_clk
  Path Type:              Setup (Max at Slow Process Corner)
  Requirement:            3.333ns  (ap_clk rise@3.333ns - ap_clk rise@0.000ns)
  Data Path Delay:        2.911ns  (logic 1.106ns (37.996%)  route 1.805ns (62.004%))
  Logic Levels:           10  (CARRY8=6 LUT2=2 LUT4=1 LUT6=1)
  Clock Path Skew:        -0.084ns (DCD - SCD + CPR)
    Destination Clock Delay (DCD):    2.480ns = ( 5.813 - 3.333 ) 
    Source Clock Delay      (SCD):    2.993ns
    Clock Pessimism Removal (CPR):    0.428ns
  Clock Uncertainty:      0.035ns  ((TSJ^2 + TIJ^2)^1/2 + DJ) / 2 + PE
    Total System Jitter     (TSJ):    0.071ns
    Total Input Jitter      (TIJ):    0.000ns
    Discrete Jitter          (DJ):    0.000ns
    Phase Error              (PE):    0.000ns
  Clock Net Delay (Source):      2.006ns (routing 0.931ns, distribution 1.075ns)
  Clock Net Delay (Destination): 1.786ns (routing 0.848ns, distribution 0.938ns)

    Location             Delay type                Incr(ns)  Path(ns)    Netlist Resource(s)
  -------------------------------------------------------------------    -------------------
                         (clock ap_clk rise edge)     0.000     0.000 r  
    BH26                                              0.000     0.000 r  ap_clk (IN)
                         net (fo=0)                   0.000     0.000    ap_clk_IBUF_inst/I
    BH26                 INBUF (Prop_INBUF_HPIOB_M_PAD_O)
                                                      0.636     0.636 r  ap_clk_IBUF_inst/INBUF_INST/O
                         net (fo=1, routed)           0.000     0.636    ap_clk_IBUF_inst/OUT
    BH26                 IBUFCTRL (Prop_IBUFCTRL_HPIOB_M_I_O)
                                                      0.000     0.636 r  ap_clk_IBUF_inst/IBUFCTRL_INST/O
                         net (fo=1, routed)           0.323     0.959    ap_clk_IBUF
    BUFGCE_X0Y72         BUFGCE (Prop_BUFCE_BUFGCE_I_O)
                                                      0.028     0.987 r  ap_clk_IBUF_BUFG_inst/O
    X5Y2 (CLOCK_ROOT)    net (fo=32760, routed)       2.006     2.993    dut/u_mac_r0_6_1/u/grp_mac_r0_0_Pipeline_l_S_r_2_r_fu_124/ap_clk_IBUF_BUFG
    SLICE_X155Y227       FDRE                                         r  dut/u_mac_r0_6_1/u/grp_mac_r0_0_Pipeline_l_S_r_2_r_fu_124/v24_reg_256_reg[1]/C
  -------------------------------------------------------------------    -------------------
    SLICE_X155Y227       FDRE (Prop_HFF2_SLICEL_C_Q)
                                                      0.080     3.073 r  dut/u_mac_r0_6_1/u/grp_mac_r0_0_Pipeline_l_S_r_2_r_fu_124/v24_reg_256_reg[1]/Q
                         net (fo=18, routed)          0.467     3.540    dut/u_mac_r0_6_1/u/grp_mac_r0_0_Pipeline_l_S_r_2_r_fu_124/mul_8s_8s_16_1_1_U18/tmp_product__59_carry_0[1]
    SLICE_X154Y225       LUT6 (Prop_G6LUT_SLICEM_I0_O)
                                                      0.150     3.690 r  dut/u_mac_r0_6_1/u/grp_mac_r0_0_Pipeline_l_S_r_2_r_fu_124/mul_8s_8s_16_1_1_U18/tmp_product__0_carry_i_5__46/O
                         net (fo=1, routed)           0.381     4.071    dut/u_mac_r0_6_1/u/grp_mac_r0_0_Pipeline_l_S_r_2_r_fu_124/mul_8s_8s_16_1_1_U18/tmp_product__0_carry_i_5__46_n_0
    SLICE_X155Y225       CARRY8 (Prop_CARRY8_SLICEL_DI[3]_O[5])
                                                      0.177     4.248 r  dut/u_mac_r0_6_1/u/grp_mac_r0_0_Pipeline_l_S_r_2_r_fu_124/mul_8s_8s_16_1_1_U18/tmp_product__0_carry/O[5]
                         net (fo=2, routed)           0.330     4.579    dut/u_mac_r0_6_1/u/grp_mac_r0_0_Pipeline_l_S_r_2_r_fu_124/mul_8s_8s_16_1_1_U18/tmp_product__0_carry_n_10
    SLICE_X154Y223       LUT2 (Prop_B6LUT_SLICEM_I1_O)
                                                      0.037     4.616 r  dut/u_mac_r0_6_1/u/grp_mac_r0_0_Pipeline_l_S_r_2_r_fu_124/mul_8s_8s_16_1_1_U18/tmp_product__85_carry_i_6__48/O
                         net (fo=2, routed)           0.180     4.796    dut/u_mac_r0_6_1/u/grp_mac_r0_0_Pipeline_l_S_r_2_r_fu_124/mul_8s_8s_16_1_1_U18/tmp_product__85_carry_i_6__48_n_0
    SLICE_X154Y224       LUT4 (Prop_C6LUT_SLICEM_I0_O)
                                                      0.037     4.833 r  dut/u_mac_r0_6_1/u/grp_mac_r0_0_Pipeline_l_S_r_2_r_fu_124/mul_8s_8s_16_1_1_U18/tmp_product__85_carry_i_14__46/O
                         net (fo=1, routed)           0.021     4.854    dut/u_mac_r0_6_1/u/grp_mac_r0_0_Pipeline_l_S_r_2_r_fu_124/mul_8s_8s_16_1_1_U18/tmp_product__85_carry_i_14__46_n_0
    SLICE_X154Y224       CARRY8 (Prop_CARRY8_SLICEM_S[2]_CO[7])
                                                      0.161     5.015 r  dut/u_mac_r0_6_1/u/grp_mac_r0_0_Pipeline_l_S_r_2_r_fu_124/mul_8s_8s_16_1_1_U18/tmp_product__85_carry/CO[7]
                         net (fo=1, routed)           0.026     5.041    dut/u_mac_r0_6_1/u/grp_mac_r0_0_Pipeline_l_S_r_2_r_fu_124/mul_8s_8s_16_1_1_U18/tmp_product__85_carry_n_0
    SLICE_X154Y225       CARRY8 (Prop_CARRY8_SLICEM_CI_O[1])
                                                      0.076     5.117 r  dut/u_mac_r0_6_1/u/grp_mac_r0_0_Pipeline_l_S_r_2_r_fu_124/mul_8s_8s_16_1_1_U18/tmp_product__85_carry__0/O[1]
                         net (fo=1, routed)           0.299     5.416    dut/u_mac_r0_6_1/u/grp_mac_r0_0_Pipeline_l_S_r_2_r_fu_124/mul_8s_8s_16_1_1_U18/sext_ln91_fu_231_p1[13]
    SLICE_X156Y225       LUT2 (Prop_F6LUT_SLICEM_I1_O)
                                                      0.098     5.514 r  dut/u_mac_r0_6_1/u/grp_mac_r0_0_Pipeline_l_S_r_2_r_fu_124/mul_8s_8s_16_1_1_U18/add_ln91_fu_235_p2_carry__0_i_3__39/O
                         net (fo=1, routed)           0.022     5.536    dut/u_mac_r0_6_1/u/grp_mac_r0_0_Pipeline_l_S_r_2_r_fu_124/mul_8s_8s_16_1_1_U18_n_12
    SLICE_X156Y225       CARRY8 (Prop_CARRY8_SLICEM_S[5]_CO[7])
                                                      0.159     5.695 r  dut/u_mac_r0_6_1/u/grp_mac_r0_0_Pipeline_l_S_r_2_r_fu_124/add_ln91_fu_235_p2_carry__0/CO[7]
                         net (fo=1, routed)           0.026     5.721    dut/u_mac_r0_6_1/u/grp_mac_r0_0_Pipeline_l_S_r_2_r_fu_124/add_ln91_fu_235_p2_carry__0_n_0
    SLICE_X156Y226       CARRY8 (Prop_CARRY8_SLICEM_CI_CO[7])
                                                      0.015     5.736 r  dut/u_mac_r0_6_1/u/grp_mac_r0_0_Pipeline_l_S_r_2_r_fu_124/add_ln91_fu_235_p2_carry__1/CO[7]
                         net (fo=1, routed)           0.026     5.762    dut/u_mac_r0_6_1/u/grp_mac_r0_0_Pipeline_l_S_r_2_r_fu_124/add_ln91_fu_235_p2_carry__1_n_0
    SLICE_X156Y227       CARRY8 (Prop_CARRY8_SLICEM_CI_O[7])
                                                      0.116     5.878 r  dut/u_mac_r0_6_1/u/grp_mac_r0_0_Pipeline_l_S_r_2_r_fu_124/add_ln91_fu_235_p2_carry__2/O[7]
                         net (fo=1, routed)           0.026     5.904    dut/u_mac_r0_6_1/u/grp_mac_r0_0_Pipeline_l_S_r_2_r_fu_124/add_ln91_fu_235_p2[31]
    SLICE_X156Y227       FDRE                                         r  dut/u_mac_r0_6_1/u/grp_mac_r0_0_Pipeline_l_S_r_2_r_fu_124/add_ln91_reg_267_reg[31]/D
  -------------------------------------------------------------------    -------------------

                         (clock ap_clk rise edge)     3.333     3.333 r  
    BH26                                              0.000     3.333 r  ap_clk (IN)
                         net (fo=0)                   0.000     3.333    ap_clk_IBUF_inst/I
    BH26                 INBUF (Prop_INBUF_HPIOB_M_PAD_O)
                                                      0.385     3.718 r  ap_clk_IBUF_inst/INBUF_INST/O
                         net (fo=1, routed)           0.000     3.718    ap_clk_IBUF_inst/OUT
    BH26                 IBUFCTRL (Prop_IBUFCTRL_HPIOB_M_I_O)
                                                      0.000     3.718 r  ap_clk_IBUF_inst/IBUFCTRL_INST/O
                         net (fo=1, routed)           0.286     4.004    ap_clk_IBUF
    BUFGCE_X0Y72         BUFGCE (Prop_BUFCE_BUFGCE_I_O)
                                                      0.024     4.028 r  ap_clk_IBUF_BUFG_inst/O
    X5Y2 (CLOCK_ROOT)    net (fo=32760, routed)       1.786     5.813    dut/u_mac_r0_6_1/u/grp_mac_r0_0_Pipeline_l_S_r_2_r_fu_124/ap_clk_IBUF_BUFG
    SLICE_X156Y227       FDRE                                         r  dut/u_mac_r0_6_1/u/grp_mac_r0_0_Pipeline_l_S_r_2_r_fu_124/add_ln91_reg_267_reg[31]/C
                         clock pessimism              0.428     6.242    
                         clock uncertainty           -0.035     6.206    
    SLICE_X156Y227       FDRE (Setup_HFF_SLICEM_C_D)
                                                      0.025     6.231    dut/u_mac_r0_6_1/u/grp_mac_r0_0_Pipeline_l_S_r_2_r_fu_124/add_ln91_reg_267_reg[31]
  -------------------------------------------------------------------
                         required time                          6.231    
                         arrival time                          -5.904    
  -------------------------------------------------------------------
                         slack                                  0.328    





Min Delay Paths
--------------------------------------------------------------------------------------
Slack (MET) :             0.010ns  (arrival time - required time)
  Source:                 dut/g_mac_w_out_w_in[58].u/slice.q0_reg[0]/C
                            (rising edge-triggered cell FDRE clocked by ap_clk  {rise@0.000ns fall@1.666ns period=3.333ns})
  Destination:            dut/u_mac_r1_7_2/u/v15_reg_226_reg[0]/D
                            (rising edge-triggered cell FDRE clocked by ap_clk  {rise@0.000ns fall@1.666ns period=3.333ns})
  Path Group:             ap_clk
  Path Type:              Hold (Min at Slow Process Corner)
  Requirement:            0.000ns  (ap_clk rise@0.000ns - ap_clk rise@0.000ns)
  Data Path Delay:        0.178ns  (logic 0.058ns (32.600%)  route 0.120ns (67.400%))
  Logic Levels:           0  
  Clock Path Skew:        0.106ns (DCD - SCD - CPR)
    Destination Clock Delay (DCD):    3.082ns
    Source Clock Delay      (SCD):    2.541ns
    Clock Pessimism Removal (CPR):    0.434ns
  Clock Net Delay (Source):      1.847ns (routing 0.848ns, distribution 0.999ns)
  Clock Net Delay (Destination): 2.095ns (routing 0.931ns, distribution 1.164ns)

    Location             Delay type                Incr(ns)  Path(ns)    Netlist Resource(s)
  -------------------------------------------------------------------    -------------------
                         (clock ap_clk rise edge)     0.000     0.000 r  
    BH26                                              0.000     0.000 r  ap_clk (IN)
                         net (fo=0)                   0.000     0.000    ap_clk_IBUF_inst/I
    BH26                 INBUF (Prop_INBUF_HPIOB_M_PAD_O)
                                                      0.385     0.385 r  ap_clk_IBUF_inst/INBUF_INST/O
                         net (fo=1, routed)           0.000     0.385    ap_clk_IBUF_inst/OUT
    BH26                 IBUFCTRL (Prop_IBUFCTRL_HPIOB_M_I_O)
                                                      0.000     0.385 r  ap_clk_IBUF_inst/IBUFCTRL_INST/O
                         net (fo=1, routed)           0.286     0.671    ap_clk_IBUF
    BUFGCE_X0Y72         BUFGCE (Prop_BUFCE_BUFGCE_I_O)
                                                      0.024     0.695 r  ap_clk_IBUF_BUFG_inst/O
    X5Y2 (CLOCK_ROOT)    net (fo=32760, routed)       1.847     2.541    dut/g_mac_w_out_w_in[58].u/ap_clk_IBUF_BUFG
    SLICE_X136Y232       FDRE                                         r  dut/g_mac_w_out_w_in[58].u/slice.q0_reg[0]/C
  -------------------------------------------------------------------    -------------------
    SLICE_X136Y232       FDRE (Prop_AFF_SLICEL_C_Q)
                                                      0.058     2.599 r  dut/g_mac_w_out_w_in[58].u/slice.q0_reg[0]/Q
                         net (fo=7, routed)           0.120     2.719    dut/u_mac_r1_7_2/u/wf_0_2_fu_62_reg[31][0]
    SLICE_X131Y232       FDRE                                         r  dut/u_mac_r1_7_2/u/v15_reg_226_reg[0]/D
  -------------------------------------------------------------------    -------------------

                         (clock ap_clk rise edge)     0.000     0.000 r  
    BH26                                              0.000     0.000 r  ap_clk (IN)
                         net (fo=0)                   0.000     0.000    ap_clk_IBUF_inst/I
    BH26                 INBUF (Prop_INBUF_HPIOB_M_PAD_O)
                                                      0.636     0.636 r  ap_clk_IBUF_inst/INBUF_INST/O
                         net (fo=1, routed)           0.000     0.636    ap_clk_IBUF_inst/OUT
    BH26                 IBUFCTRL (Prop_IBUFCTRL_HPIOB_M_I_O)
                                                      0.000     0.636 r  ap_clk_IBUF_inst/IBUFCTRL_INST/O
                         net (fo=1, routed)           0.323     0.959    ap_clk_IBUF
    BUFGCE_X0Y72         BUFGCE (Prop_BUFCE_BUFGCE_I_O)
                                                      0.028     0.987 r  ap_clk_IBUF_BUFG_inst/O
    X5Y2 (CLOCK_ROOT)    net (fo=32760, routed)       2.095     3.082    dut/u_mac_r1_7_2/u/ap_clk_IBUF_BUFG
    SLICE_X131Y232       FDRE                                         r  dut/u_mac_r1_7_2/u/v15_reg_226_reg[0]/C
                         clock pessimism             -0.434     2.648    
    SLICE_X131Y232       FDRE (Hold_DFF2_SLICEL_C_D)
                                                      0.062     2.710    dut/u_mac_r1_7_2/u/v15_reg_226_reg[0]
  -------------------------------------------------------------------
                         required time                         -2.710    
                         arrival time                           2.719    
  -------------------------------------------------------------------
                         slack                                  0.010    





Pulse Width Checks
--------------------------------------------------------------------------------------
Clock Name:         ap_clk
Waveform(ns):       { 0.000 1.666 }
Period(ns):         3.333
Sources:            { ap_clk }

Check Type        Corner  Lib Pin     Reference Pin  Required(ns)  Actual(ns)  Slack(ns)  Location        Pin
Min Period        n/a     BUFGCE/I    n/a            1.290         3.333       2.043      BUFGCE_X0Y72    ap_clk_IBUF_BUFG_inst/I
Low Pulse Width   Slow    SRL16E/CLK  n/a            0.532         1.667       1.135      SLICE_X164Y175  gen_mac_a_in_bind[0].lf_mac_a_in_bind_reg[19]_srl12___gen_mac_a_in_bind_r_10/CLK
High Pulse Width  Slow    SRL16E/CLK  n/a            0.532         1.666       1.134      SLICE_X164Y175  gen_mac_a_in_bind[0].lf_mac_a_in_bind_reg[19]_srl12___gen_mac_a_in_bind_r_10/CLK



