Copyright 1986-2022 Xilinx, Inc. All Rights Reserved. Copyright 2022-2023 Advanced Micro Devices, Inc. All Rights Reserved.
--------------------------------------------------------------------------------------------------------------------------------------------------
| Tool Version      : Vivado v.2023.2 (lin64) Build 4029153 Fri Oct 13 20:13:54 MDT 2023
| Date              : Sun Sep  6 21:29:24 2026
| Host              : brg-zhang-xcel.ece.cornell.edu running 64-bit Red Hat Enterprise Linux 9.8 (Plow)
| Command           : report_timing_summary -file /scratch/hc676/e4_pnr/fixed_8/timing.rpt
| Design            : feather_top
| Device            : xcu280-fsvh2892
| Speed File        : -2L  PRODUCTION 1.30 05-01-2022
| Design State      : Routed
| Temperature Grade : E
--------------------------------------------------------------------------------------------------------------------------------------------------

Timing Summary Report

------------------------------------------------------------------------------------------------
| Timer Settings
| --------------
------------------------------------------------------------------------------------------------

  Enable Multi Corner Analysis               :  Yes
  Enable Pessimism Removal                   :  Yes
  Pessimism Removal Resolution               :  Nearest Common Node
  Enable Input Delay Default Clock           :  No
  Enable Preset / Clear Arcs                 :  No
  Disable Flight Delays                      :  No
  Ignore I/O Paths                           :  No
  Timing Early Launch at Borrowing Latches   :  No
  Borrow Time for Max Delay Exceptions       :  Yes
  Merge Timing Exceptions                    :  Yes
  Inter-SLR Compensation                     :  Conservative

  Corner  Analyze    Analyze    
  Name    Max Paths  Min Paths  
  ------  ---------  ---------  
  Slow    Yes        Yes        
  Fast    Yes        Yes        


------------------------------------------------------------------------------------------------
| Report Methodology
| ------------------
------------------------------------------------------------------------------------------------

No report available as report_methodology has not been run prior. Run report_methodology on the current design for the summary of methodology violations.



check_timing report

Table of Contents
-----------------
1. checking no_clock (0)
2. checking constant_clock (0)
3. checking pulse_width_clock (0)
4. checking unconstrained_internal_endpoints (0)
5. checking no_input_delay (282)
6. checking no_output_delay (72)
7. checking multiple_clock (0)
8. checking generated_clocks (0)
9. checking loops (0)
10. checking partial_input_delay (0)
11. checking partial_output_delay (0)
12. checking latch_loops (0)

1. checking no_clock (0)
------------------------
 There are 0 register/latch pins with no clock.


2. checking constant_clock (0)
------------------------------
 There are 0 register/latch pins with constant_clock.


3. checking pulse_width_clock (0)
---------------------------------
 There are 0 register/latch pins which need pulse_width check


4. checking unconstrained_internal_endpoints (0)
------------------------------------------------
 There are 0 pins that are not constrained for maximum delay.

 There are 0 pins that are not constrained for maximum delay due to constant clock.


5. checking no_input_delay (282)
--------------------------------
 There are 282 input ports with no input delay specified. (HIGH)

 There are 0 input ports with no input delay but user has a false path constraint.


6. checking no_output_delay (72)
--------------------------------
 There are 72 ports with no output delay specified. (HIGH)

 There are 0 ports with no output delay but user has a false path constraint

 There are 0 ports with no output delay but with a timing clock defined on it or propagating through it


7. checking multiple_clock (0)
------------------------------
 There are 0 register/latch pins with multiple clocks.


8. checking generated_clocks (0)
--------------------------------
 There are 0 generated clocks that are not connected to a clock source.


9. checking loops (0)
---------------------
 There are 0 combinational loops in the design.


10. checking partial_input_delay (0)
------------------------------------
 There are 0 input ports with partial input delay specified.


11. checking partial_output_delay (0)
-------------------------------------
 There are 0 ports with partial output delay specified.


12. checking latch_loops (0)
----------------------------
 There are 0 combinational latch loops in the design through latch input



------------------------------------------------------------------------------------------------
| Design Timing Summary
| ---------------------
------------------------------------------------------------------------------------------------

    WNS(ns)      TNS(ns)  TNS Failing Endpoints  TNS Total Endpoints      WHS(ns)      THS(ns)  THS Failing Endpoints  THS Total Endpoints     WPWS(ns)     TPWS(ns)  TPWS Failing Endpoints  TPWS Total Endpoints  
    -------      -------  ---------------------  -------------------      -------      -------  ---------------------  -------------------     --------     --------  ----------------------  --------------------  
      0.355        0.000                      0                26679        0.039        0.000                      0                26679        1.134        0.000                       0                 15356  


All user specified timing constraints are met.


------------------------------------------------------------------------------------------------
| Clock Summary
| -------------
------------------------------------------------------------------------------------------------

Clock  Waveform(ns)         Period(ns)      Frequency(MHz)
-----  ------------         ----------      --------------
clk    {0.000 1.666}        3.333           300.030         


------------------------------------------------------------------------------------------------
| Intra Clock Table
| -----------------
------------------------------------------------------------------------------------------------

Clock             WNS(ns)      TNS(ns)  TNS Failing Endpoints  TNS Total Endpoints      WHS(ns)      THS(ns)  THS Failing Endpoints  THS Total Endpoints     WPWS(ns)     TPWS(ns)  TPWS Failing Endpoints  TPWS Total Endpoints  
-----             -------      -------  ---------------------  -------------------      -------      -------  ---------------------  -------------------     --------     --------  ----------------------  --------------------  
clk                 0.355        0.000                      0                26679        0.039        0.000                      0                26679        1.134        0.000                       0                 15356  


------------------------------------------------------------------------------------------------
| Inter Clock Table
| -----------------
------------------------------------------------------------------------------------------------

From Clock    To Clock          WNS(ns)      TNS(ns)  TNS Failing Endpoints  TNS Total Endpoints      WHS(ns)      THS(ns)  THS Failing Endpoints  THS Total Endpoints  
----------    --------          -------      -------  ---------------------  -------------------      -------      -------  ---------------------  -------------------  


------------------------------------------------------------------------------------------------
| Other Path Groups Table
| -----------------------
------------------------------------------------------------------------------------------------

Path Group    From Clock    To Clock          WNS(ns)      TNS(ns)  TNS Failing Endpoints  TNS Total Endpoints      WHS(ns)      THS(ns)  THS Failing Endpoints  THS Total Endpoints  
----------    ----------    --------          -------      -------  ---------------------  -------------------      -------      -------  ---------------------  -------------------  


------------------------------------------------------------------------------------------------
| Timing Details
| --------------
------------------------------------------------------------------------------------------------


---------------------------------------------------------------------------------------------------
From Clock:  clk
  To Clock:  clk

Setup :            0  Failing Endpoints,  Worst Slack        0.355ns,  Total Violation        0.000ns
Hold  :            0  Failing Endpoints,  Worst Slack        0.039ns,  Total Violation        0.000ns
PW    :            0  Failing Endpoints,  Worst Slack        1.134ns,  Total Violation        0.000ns
---------------------------------------------------------------------------------------------------


Max Delay Paths
--------------------------------------------------------------------------------------
Slack (MET) :             0.355ns  (required time - arrival time)
  Source:                 feather_GENVAR_DPE_INST_COL_ITER[7].feather_GENVAR_DPE_INST_ROW_ITER[5].feather_PE_OTHER_ROWS/r_i_weights_zp_reg[3]/C
                            (rising edge-triggered cell FDCE clocked by clk  {rise@0.000ns fall@1.666ns period=3.333ns})
  Destination:            feather_GENVAR_DPE_INST_COL_ITER[7].feather_GENVAR_DPE_INST_ROW_ITER[2].feather_PE_OTHER_ROWS/r_weights_sub_zp_reg[7]/D
                            (rising edge-triggered cell FDCE clocked by clk  {rise@0.000ns fall@1.666ns period=3.333ns})
  Path Group:             clk
  Path Type:              Setup (Max at Slow Process Corner)
  Requirement:            3.333ns  (clk rise@3.333ns - clk rise@0.000ns)
  Data Path Delay:        2.959ns  (logic 0.365ns (12.336%)  route 2.594ns (87.664%))
  Logic Levels:           2  (CARRY8=1 LUT2=1)
  Clock Path Skew:        -0.009ns (DCD - SCD + CPR)
    Destination Clock Delay (DCD):    0.021ns = ( 3.354 - 3.333 ) 
    Source Clock Delay      (SCD):    0.030ns
    Clock Pessimism Removal (CPR):    0.000ns
  Clock Uncertainty:      0.035ns  ((TSJ^2 + TIJ^2)^1/2 + DJ) / 2 + PE
    Total System Jitter     (TSJ):    0.071ns
    Total Input Jitter      (TIJ):    0.000ns
    Discrete Jitter          (DJ):    0.000ns
    Phase Error              (PE):    0.000ns

    Location             Delay type                Incr(ns)  Path(ns)    Netlist Resource(s)
  -------------------------------------------------------------------    -------------------
                         (clock clk rise edge)        0.000     0.000 r  
                                                      0.000     0.000 r  clk (IN)
                         net (fo=15355, unset)        0.030     0.030    feather_GENVAR_DPE_INST_COL_ITER[7].feather_GENVAR_DPE_INST_ROW_ITER[5].feather_PE_OTHER_ROWS/clk
    SLICE_X91Y123        FDCE                                         r  feather_GENVAR_DPE_INST_COL_ITER[7].feather_GENVAR_DPE_INST_ROW_ITER[5].feather_PE_OTHER_ROWS/r_i_weights_zp_reg[3]/C
  -------------------------------------------------------------------    -------------------
    SLICE_X91Y123        FDCE (Prop_HFF_SLICEM_C_Q)
                                                      0.079     0.109 r  feather_GENVAR_DPE_INST_COL_ITER[7].feather_GENVAR_DPE_INST_ROW_ITER[5].feather_PE_OTHER_ROWS/r_i_weights_zp_reg[3]/Q
                         net (fo=64, routed)          2.543     2.652    feather_GENVAR_DPE_INST_COL_ITER[7].feather_GENVAR_DPE_INST_ROW_ITER[2].feather_PE_OTHER_ROWS/r_i_weights_zp[3]
    SLICE_X60Y94         LUT2 (Prop_D6LUT_SLICEM_I1_O)
                                                      0.099     2.751 r  feather_GENVAR_DPE_INST_COL_ITER[7].feather_GENVAR_DPE_INST_ROW_ITER[2].feather_PE_OTHER_ROWS/r_weights_sub_zp[7]_i_13__4/O
                         net (fo=1, routed)           0.025     2.776    feather_GENVAR_DPE_INST_COL_ITER[7].feather_GENVAR_DPE_INST_ROW_ITER[2].feather_PE_OTHER_ROWS/r_weights_sub_zp[7]_i_13__4_n_0
    SLICE_X60Y94         CARRY8 (Prop_CARRY8_SLICEM_S[3]_O[7])
                                                      0.187     2.963 r  feather_GENVAR_DPE_INST_COL_ITER[7].feather_GENVAR_DPE_INST_ROW_ITER[2].feather_PE_OTHER_ROWS/r_weights_sub_zp_reg[7]_i_1__4/O[7]
                         net (fo=1, routed)           0.026     2.989    feather_GENVAR_DPE_INST_COL_ITER[7].feather_GENVAR_DPE_INST_ROW_ITER[2].feather_PE_OTHER_ROWS/w_weights_sub_zp[7]
    SLICE_X60Y94         FDCE                                         r  feather_GENVAR_DPE_INST_COL_ITER[7].feather_GENVAR_DPE_INST_ROW_ITER[2].feather_PE_OTHER_ROWS/r_weights_sub_zp_reg[7]/D
  -------------------------------------------------------------------    -------------------

                         (clock clk rise edge)        3.333     3.333 r  
                                                      0.000     3.333 r  clk (IN)
                         net (fo=15355, unset)        0.021     3.354    feather_GENVAR_DPE_INST_COL_ITER[7].feather_GENVAR_DPE_INST_ROW_ITER[2].feather_PE_OTHER_ROWS/clk
    SLICE_X60Y94         FDCE                                         r  feather_GENVAR_DPE_INST_COL_ITER[7].feather_GENVAR_DPE_INST_ROW_ITER[2].feather_PE_OTHER_ROWS/r_weights_sub_zp_reg[7]/C
                         clock pessimism              0.000     3.354    
                         clock uncertainty           -0.035     3.319    
    SLICE_X60Y94         FDCE (Setup_HFF_SLICEM_C_D)
                                                      0.025     3.344    feather_GENVAR_DPE_INST_COL_ITER[7].feather_GENVAR_DPE_INST_ROW_ITER[2].feather_PE_OTHER_ROWS/r_weights_sub_zp_reg[7]
  -------------------------------------------------------------------
                         required time                          3.344    
                         arrival time                          -2.989    
  -------------------------------------------------------------------
                         slack                                  0.355    





Min Delay Paths
--------------------------------------------------------------------------------------
Slack (MET) :             0.039ns  (arrival time - required time)
  Source:                 feather_GENVAR_DPE_INST_COL_ITER[7].feather_GENVAR_DPE_INST_ROW_ITER[5].feather_PE_OTHER_ROWS/r_next_sum_in_prog_reg/C
                            (rising edge-triggered cell FDCE clocked by clk  {rise@0.000ns fall@1.666ns period=3.333ns})
  Destination:            feather_GENVAR_DPE_INST_COL_ITER[7].feather_GENVAR_DPE_INST_ROW_ITER[5].feather_PE_OTHER_ROWS/r_out_data_valid_reg/D
                            (rising edge-triggered cell FDCE clocked by clk  {rise@0.000ns fall@1.666ns period=3.333ns})
  Path Group:             clk
  Path Type:              Hold (Min at Fast Process Corner)
  Requirement:            0.000ns  (clk rise@0.000ns - clk rise@0.000ns)
  Data Path Delay:        0.092ns  (logic 0.060ns (65.325%)  route 0.032ns (34.675%))
  Logic Levels:           1  (LUT4=1)
  Clock Path Skew:        0.006ns (DCD - SCD - CPR)
    Destination Clock Delay (DCD):    0.018ns
    Source Clock Delay      (SCD):    0.012ns
    Clock Pessimism Removal (CPR):    -0.000ns

    Location             Delay type                Incr(ns)  Path(ns)    Netlist Resource(s)
  -------------------------------------------------------------------    -------------------
                         (clock clk rise edge)        0.000     0.000 r  
                                                      0.000     0.000 r  clk (IN)
                         net (fo=15355, unset)        0.012     0.012    feather_GENVAR_DPE_INST_COL_ITER[7].feather_GENVAR_DPE_INST_ROW_ITER[5].feather_PE_OTHER_ROWS/clk
    SLICE_X69Y123        FDCE                                         r  feather_GENVAR_DPE_INST_COL_ITER[7].feather_GENVAR_DPE_INST_ROW_ITER[5].feather_PE_OTHER_ROWS/r_next_sum_in_prog_reg/C
  -------------------------------------------------------------------    -------------------
    SLICE_X69Y123        FDCE (Prop_BFF_SLICEL_C_Q)
                                                      0.039     0.051 f  feather_GENVAR_DPE_INST_COL_ITER[7].feather_GENVAR_DPE_INST_ROW_ITER[5].feather_PE_OTHER_ROWS/r_next_sum_in_prog_reg/Q
                         net (fo=3, routed)           0.025     0.076    feather_GENVAR_DPE_INST_COL_ITER[7].feather_GENVAR_DPE_INST_ROW_ITER[5].feather_PE_OTHER_ROWS/r_next_sum_in_prog
    SLICE_X69Y123        LUT4 (Prop_B5LUT_SLICEL_I1_O)
                                                      0.021     0.097 r  feather_GENVAR_DPE_INST_COL_ITER[7].feather_GENVAR_DPE_INST_ROW_ITER[5].feather_PE_OTHER_ROWS/r_out_data_valid_i_1__1/O
                         net (fo=1, routed)           0.007     0.104    feather_GENVAR_DPE_INST_COL_ITER[7].feather_GENVAR_DPE_INST_ROW_ITER[5].feather_PE_OTHER_ROWS/r_out_data_valid_i_1__1_n_0
    SLICE_X69Y123        FDCE                                         r  feather_GENVAR_DPE_INST_COL_ITER[7].feather_GENVAR_DPE_INST_ROW_ITER[5].feather_PE_OTHER_ROWS/r_out_data_valid_reg/D
  -------------------------------------------------------------------    -------------------

                         (clock clk rise edge)        0.000     0.000 r  
                                                      0.000     0.000 r  clk (IN)
                         net (fo=15355, unset)        0.018     0.018    feather_GENVAR_DPE_INST_COL_ITER[7].feather_GENVAR_DPE_INST_ROW_ITER[5].feather_PE_OTHER_ROWS/clk
    SLICE_X69Y123        FDCE                                         r  feather_GENVAR_DPE_INST_COL_ITER[7].feather_GENVAR_DPE_INST_ROW_ITER[5].feather_PE_OTHER_ROWS/r_out_data_valid_reg/C
                         clock pessimism              0.000     0.018    
    SLICE_X69Y123        FDCE (Hold_BFF2_SLICEL_C_D)
                                                      0.047     0.065    feather_GENVAR_DPE_INST_COL_ITER[7].feather_GENVAR_DPE_INST_ROW_ITER[5].feather_PE_OTHER_ROWS/r_out_data_valid_reg
  -------------------------------------------------------------------
                         required time                         -0.065    
                         arrival time                           0.104    
  -------------------------------------------------------------------
                         slack                                  0.039    





Pulse Width Checks
--------------------------------------------------------------------------------------
Clock Name:         clk
Waveform(ns):       { 0.000 1.666 }
Period(ns):         3.333
Sources:            { clk }

Check Type        Corner  Lib Pin     Reference Pin  Required(ns)  Actual(ns)  Slack(ns)  Location       Pin
Min Period        n/a     SRL16E/CLK  n/a            1.064         3.333       2.269      SLICE_X44Y116  birrd_INST/stage_id[0].sw_id[0].egg/o_cmd_inner_reg[4]_srl2_birrd_INST_stage_id_c/CLK
Low Pulse Width   Slow    SRL16E/CLK  n/a            0.532         1.667       1.135      SLICE_X44Y116  birrd_INST/stage_id[0].sw_id[0].egg/o_cmd_inner_reg[4]_srl2_birrd_INST_stage_id_c/CLK
High Pulse Width  Slow    SRL16E/CLK  n/a            0.532         1.666       1.134      SLICE_X44Y116  birrd_INST/stage_id[0].sw_id[0].egg/o_cmd_inner_reg[4]_srl2_birrd_INST_stage_id_c/CLK



