Copyright 1986-2022 Xilinx, Inc. All Rights Reserved. Copyright 2022-2023 Advanced Micro Devices, Inc. All Rights Reserved.
--------------------------------------------------------------------------------------------------------------------------------------------------
| Tool Version      : Vivado v.2023.2 (lin64) Build 4029153 Fri Oct 13 20:13:54 MDT 2023
| Date              : Wed Sep 23 03:57:38 2026
| Host              : brg-zhang-xcel.ece.cornell.edu running 64-bit Red Hat Enterprise Linux 9.8 (Plow)
| Command           : report_timing_summary -file timing.rpt
| Design            : spmw_harness
| Device            : xcu280-fsvh2892
| Speed File        : -2L  PRODUCTION 1.30 05-01-2022
| Design State      : Routed
| Temperature Grade : E
--------------------------------------------------------------------------------------------------------------------------------------------------

Timing Summary Report

------------------------------------------------------------------------------------------------
| Timer Settings
| --------------
------------------------------------------------------------------------------------------------

  Enable Multi Corner Analysis               :  Yes
  Enable Pessimism Removal                   :  Yes
  Pessimism Removal Resolution               :  Nearest Common Node
  Enable Input Delay Default Clock           :  No
  Enable Preset / Clear Arcs                 :  No
  Disable Flight Delays                      :  No
  Ignore I/O Paths                           :  No
  Timing Early Launch at Borrowing Latches   :  No
  Borrow Time for Max Delay Exceptions       :  Yes
  Merge Timing Exceptions                    :  Yes
  Inter-SLR Compensation                     :  Conservative

  Corner  Analyze    Analyze    
  Name    Max Paths  Min Paths  
  ------  ---------  ---------  
  Slow    Yes        Yes        
  Fast    Yes        Yes        


------------------------------------------------------------------------------------------------
| Report Methodology
| ------------------
------------------------------------------------------------------------------------------------

No report available as report_methodology has not been run prior. Run report_methodology on the current design for the summary of methodology violations.



check_timing report

Table of Contents
-----------------
1. checking no_clock (0)
2. checking constant_clock (0)
3. checking pulse_width_clock (0)
4. checking unconstrained_internal_endpoints (0)
5. checking no_input_delay (2)
6. checking no_output_delay (7)
7. checking multiple_clock (0)
8. checking generated_clocks (0)
9. checking loops (0)
10. checking partial_input_delay (0)
11. checking partial_output_delay (0)
12. checking latch_loops (0)

1. checking no_clock (0)
------------------------
 There are 0 register/latch pins with no clock.


2. checking constant_clock (0)
------------------------------
 There are 0 register/latch pins with constant_clock.


3. checking pulse_width_clock (0)
---------------------------------
 There are 0 register/latch pins which need pulse_width check


4. checking unconstrained_internal_endpoints (0)
------------------------------------------------
 There are 0 pins that are not constrained for maximum delay.

 There are 0 pins that are not constrained for maximum delay due to constant clock.


5. checking no_input_delay (2)
------------------------------
 There are 2 input ports with no input delay specified. (HIGH)

 There are 0 input ports with no input delay but user has a false path constraint.


6. checking no_output_delay (7)
-------------------------------
 There are 7 ports with no output delay specified. (HIGH)

 There are 0 ports with no output delay but user has a false path constraint

 There are 0 ports with no output delay but with a timing clock defined on it or propagating through it


7. checking multiple_clock (0)
------------------------------
 There are 0 register/latch pins with multiple clocks.


8. checking generated_clocks (0)
--------------------------------
 There are 0 generated clocks that are not connected to a clock source.


9. checking loops (0)
---------------------
 There are 0 combinational loops in the design.


10. checking partial_input_delay (0)
------------------------------------
 There are 0 input ports with partial input delay specified.


11. checking partial_output_delay (0)
-------------------------------------
 There are 0 ports with partial output delay specified.


12. checking latch_loops (0)
----------------------------
 There are 0 combinational latch loops in the design through latch input



------------------------------------------------------------------------------------------------
| Design Timing Summary
| ---------------------
------------------------------------------------------------------------------------------------

    WNS(ns)      TNS(ns)  TNS Failing Endpoints  TNS Total Endpoints      WHS(ns)      THS(ns)  THS Failing Endpoints  THS Total Endpoints     WPWS(ns)     TPWS(ns)  TPWS Failing Endpoints  TPWS Total Endpoints  
    -------      -------  ---------------------  -------------------      -------      -------  ---------------------  -------------------     --------     --------  ----------------------  --------------------  
      0.455        0.000                      0               124407        0.009        0.000                      0               124407        1.134        0.000                       0                 62585  


All user specified timing constraints are met.


------------------------------------------------------------------------------------------------
| Clock Summary
| -------------
------------------------------------------------------------------------------------------------

Clock   Waveform(ns)         Period(ns)      Frequency(MHz)
-----   ------------         ----------      --------------
ap_clk  {0.000 1.666}        3.333           300.030         


------------------------------------------------------------------------------------------------
| Intra Clock Table
| -----------------
------------------------------------------------------------------------------------------------

Clock             WNS(ns)      TNS(ns)  TNS Failing Endpoints  TNS Total Endpoints      WHS(ns)      THS(ns)  THS Failing Endpoints  THS Total Endpoints     WPWS(ns)     TPWS(ns)  TPWS Failing Endpoints  TPWS Total Endpoints  
-----             -------      -------  ---------------------  -------------------      -------      -------  ---------------------  -------------------     --------     --------  ----------------------  --------------------  
ap_clk              0.455        0.000                      0               124407        0.009        0.000                      0               124407        1.134        0.000                       0                 62585  


------------------------------------------------------------------------------------------------
| Inter Clock Table
| -----------------
------------------------------------------------------------------------------------------------

From Clock    To Clock          WNS(ns)      TNS(ns)  TNS Failing Endpoints  TNS Total Endpoints      WHS(ns)      THS(ns)  THS Failing Endpoints  THS Total Endpoints  
----------    --------          -------      -------  ---------------------  -------------------      -------      -------  ---------------------  -------------------  


------------------------------------------------------------------------------------------------
| Other Path Groups Table
| -----------------------
------------------------------------------------------------------------------------------------

Path Group    From Clock    To Clock          WNS(ns)      TNS(ns)  TNS Failing Endpoints  TNS Total Endpoints      WHS(ns)      THS(ns)  THS Failing Endpoints  THS Total Endpoints  
----------    ----------    --------          -------      -------  ---------------------  -------------------      -------      -------  ---------------------  -------------------  


------------------------------------------------------------------------------------------------
| Timing Details
| --------------
------------------------------------------------------------------------------------------------


---------------------------------------------------------------------------------------------------
From Clock:  ap_clk
  To Clock:  ap_clk

Setup :            0  Failing Endpoints,  Worst Slack        0.455ns,  Total Violation        0.000ns
Hold  :            0  Failing Endpoints,  Worst Slack        0.009ns,  Total Violation        0.000ns
PW    :            0  Failing Endpoints,  Worst Slack        1.134ns,  Total Violation        0.000ns
---------------------------------------------------------------------------------------------------


Max Delay Paths
--------------------------------------------------------------------------------------
Slack (MET) :             0.455ns  (required time - arrival time)
  Source:                 dut/u_pe_r0_7_2/u/grp_pe_r0_0_Pipeline_l_S_s_1_s_fu_51/v13_reg_243_reg[2]/C
                            (rising edge-triggered cell FDRE clocked by ap_clk  {rise@0.000ns fall@1.666ns period=3.333ns})
  Destination:            dut/u_pe_r0_7_2/u/grp_pe_r0_0_Pipeline_l_S_s_1_s_fu_51/add_ln52_reg_265_reg[30]/D
                            (rising edge-triggered cell FDRE clocked by ap_clk  {rise@0.000ns fall@1.666ns period=3.333ns})
  Path Group:             ap_clk
  Path Type:              Setup (Max at Slow Process Corner)
  Requirement:            3.333ns  (ap_clk rise@3.333ns - ap_clk rise@0.000ns)
  Data Path Delay:        2.761ns  (logic 1.000ns (36.214%)  route 1.761ns (63.786%))
  Logic Levels:           8  (CARRY8=5 LUT2=1 LUT3=1 LUT6=1)
  Clock Path Skew:        -0.106ns (DCD - SCD + CPR)
    Destination Clock Delay (DCD):    2.847ns = ( 6.180 - 3.333 ) 
    Source Clock Delay      (SCD):    3.353ns
    Clock Pessimism Removal (CPR):    0.399ns
  Clock Uncertainty:      0.035ns  ((TSJ^2 + TIJ^2)^1/2 + DJ) / 2 + PE
    Total System Jitter     (TSJ):    0.071ns
    Total Input Jitter      (TIJ):    0.000ns
    Discrete Jitter          (DJ):    0.000ns
    Phase Error              (PE):    0.000ns
  Clock Net Delay (Source):      2.366ns (routing 1.169ns, distribution 1.197ns)
  Clock Net Delay (Destination): 2.153ns (routing 1.062ns, distribution 1.091ns)

    Location             Delay type                Incr(ns)  Path(ns)    Netlist Resource(s)
  -------------------------------------------------------------------    -------------------
                         (clock ap_clk rise edge)     0.000     0.000 r  
    BH26                                              0.000     0.000 r  ap_clk (IN)
                         net (fo=0)                   0.000     0.000    ap_clk_IBUF_inst/I
    BH26                 INBUF (Prop_INBUF_HPIOB_M_PAD_O)
                                                      0.636     0.636 r  ap_clk_IBUF_inst/INBUF_INST/O
                         net (fo=1, routed)           0.000     0.636    ap_clk_IBUF_inst/OUT
    BH26                 IBUFCTRL (Prop_IBUFCTRL_HPIOB_M_I_O)
                                                      0.000     0.636 r  ap_clk_IBUF_inst/IBUFCTRL_INST/O
                         net (fo=1, routed)           0.323     0.959    ap_clk_IBUF
    BUFGCE_X0Y72         BUFGCE (Prop_BUFCE_BUFGCE_I_O)
                                                      0.028     0.987 r  ap_clk_IBUF_BUFG_inst/O
    X3Y1 (CLOCK_ROOT)    net (fo=62584, routed)       2.366     3.353    dut/u_pe_r0_7_2/u/grp_pe_r0_0_Pipeline_l_S_s_1_s_fu_51/ap_clk_IBUF_BUFG
    SLICE_X128Y117       FDRE                                         r  dut/u_pe_r0_7_2/u/grp_pe_r0_0_Pipeline_l_S_s_1_s_fu_51/v13_reg_243_reg[2]/C
  -------------------------------------------------------------------    -------------------
    SLICE_X128Y117       FDRE (Prop_EFF2_SLICEM_C_Q)
                                                      0.079     3.432 r  dut/u_pe_r0_7_2/u/grp_pe_r0_0_Pipeline_l_S_s_1_s_fu_51/v13_reg_243_reg[2]/Q
                         net (fo=17, routed)          0.453     3.885    dut/u_pe_r0_7_2/u/grp_pe_r0_0_Pipeline_l_S_s_1_s_fu_51/mul_8s_8s_16_1_1_U4/Q[2]
    SLICE_X126Y116       LUT6 (Prop_G6LUT_SLICEM_I1_O)
                                                      0.150     4.035 r  dut/u_pe_r0_7_2/u/grp_pe_r0_0_Pipeline_l_S_s_1_s_fu_51/mul_8s_8s_16_1_1_U4/tmp_product__30_carry_i_5__175/O
                         net (fo=1, routed)           0.390     4.425    dut/u_pe_r0_7_2/u/grp_pe_r0_0_Pipeline_l_S_s_1_s_fu_51/mul_8s_8s_16_1_1_U4/tmp_product__30_carry_i_5__175_n_0
    SLICE_X127Y116       CARRY8 (Prop_CARRY8_SLICEL_DI[3]_O[5])
                                                      0.177     4.602 r  dut/u_pe_r0_7_2/u/grp_pe_r0_0_Pipeline_l_S_s_1_s_fu_51/mul_8s_8s_16_1_1_U4/tmp_product__30_carry/O[5]
                         net (fo=3, routed)           0.213     4.815    dut/u_pe_r0_7_2/u/grp_pe_r0_0_Pipeline_l_S_s_1_s_fu_51/mul_8s_8s_16_1_1_U4/tmp_product__30_carry_n_10
    SLICE_X128Y118       LUT3 (Prop_H6LUT_SLICEM_I1_O)
                                                      0.152     4.967 r  dut/u_pe_r0_7_2/u/grp_pe_r0_0_Pipeline_l_S_s_1_s_fu_51/mul_8s_8s_16_1_1_U4/tmp_product__85_carry_i_3__175/O
                         net (fo=1, routed)           0.242     5.209    dut/u_pe_r0_7_2/u/grp_pe_r0_0_Pipeline_l_S_s_1_s_fu_51/mul_8s_8s_16_1_1_U4/tmp_product__85_carry_i_3__175_n_0
    SLICE_X128Y117       CARRY8 (Prop_CARRY8_SLICEM_DI[5]_CO[7])
                                                      0.088     5.297 r  dut/u_pe_r0_7_2/u/grp_pe_r0_0_Pipeline_l_S_s_1_s_fu_51/mul_8s_8s_16_1_1_U4/tmp_product__85_carry/CO[7]
                         net (fo=1, routed)           0.026     5.323    dut/u_pe_r0_7_2/u/grp_pe_r0_0_Pipeline_l_S_s_1_s_fu_51/mul_8s_8s_16_1_1_U4/tmp_product__85_carry_n_0
    SLICE_X128Y118       CARRY8 (Prop_CARRY8_SLICEM_CI_O[3])
                                                      0.082     5.405 r  dut/u_pe_r0_7_2/u/grp_pe_r0_0_Pipeline_l_S_s_1_s_fu_51/mul_8s_8s_16_1_1_U4/tmp_product__85_carry__0/O[3]
                         net (fo=4, routed)           0.370     5.775    dut/u_pe_r0_7_2/u/grp_pe_r0_0_Pipeline_l_S_s_1_s_fu_51/mul_8s_8s_16_1_1_U4/O[0]
    SLICE_X126Y119       LUT2 (Prop_H6LUT_SLICEM_I0_O)
                                                      0.039     5.814 r  dut/u_pe_r0_7_2/u/grp_pe_r0_0_Pipeline_l_S_s_1_s_fu_51/mul_8s_8s_16_1_1_U4/add_ln52_fu_193_p2_carry__0_i_1__149/O
                         net (fo=1, routed)           0.015     5.829    dut/u_pe_r0_7_2/u/grp_pe_r0_0_Pipeline_l_S_s_1_s_fu_51/mul_8s_8s_16_1_1_U4_n_10
    SLICE_X126Y119       CARRY8 (Prop_CARRY8_SLICEM_S[7]_CO[7])
                                                      0.117     5.946 r  dut/u_pe_r0_7_2/u/grp_pe_r0_0_Pipeline_l_S_s_1_s_fu_51/add_ln52_fu_193_p2_carry__0/CO[7]
                         net (fo=1, routed)           0.026     5.972    dut/u_pe_r0_7_2/u/grp_pe_r0_0_Pipeline_l_S_s_1_s_fu_51/add_ln52_fu_193_p2_carry__0_n_0
    SLICE_X126Y120       CARRY8 (Prop_CARRY8_SLICEM_CI_O[7])
                                                      0.116     6.088 r  dut/u_pe_r0_7_2/u/grp_pe_r0_0_Pipeline_l_S_s_1_s_fu_51/add_ln52_fu_193_p2_carry__1/O[7]
                         net (fo=1, routed)           0.026     6.114    dut/u_pe_r0_7_2/u/grp_pe_r0_0_Pipeline_l_S_s_1_s_fu_51/add_ln52_fu_193_p2[30]
    SLICE_X126Y120       FDRE                                         r  dut/u_pe_r0_7_2/u/grp_pe_r0_0_Pipeline_l_S_s_1_s_fu_51/add_ln52_reg_265_reg[30]/D
  -------------------------------------------------------------------    -------------------

                         (clock ap_clk rise edge)     3.333     3.333 r  
    BH26                                              0.000     3.333 r  ap_clk (IN)
                         net (fo=0)                   0.000     3.333    ap_clk_IBUF_inst/I
    BH26                 INBUF (Prop_INBUF_HPIOB_M_PAD_O)
                                                      0.385     3.718 r  ap_clk_IBUF_inst/INBUF_INST/O
                         net (fo=1, routed)           0.000     3.718    ap_clk_IBUF_inst/OUT
    BH26                 IBUFCTRL (Prop_IBUFCTRL_HPIOB_M_I_O)
                                                      0.000     3.718 r  ap_clk_IBUF_inst/IBUFCTRL_INST/O
                         net (fo=1, routed)           0.286     4.004    ap_clk_IBUF
    BUFGCE_X0Y72         BUFGCE (Prop_BUFCE_BUFGCE_I_O)
                                                      0.024     4.028 r  ap_clk_IBUF_BUFG_inst/O
    X3Y1 (CLOCK_ROOT)    net (fo=62584, routed)       2.153     6.180    dut/u_pe_r0_7_2/u/grp_pe_r0_0_Pipeline_l_S_s_1_s_fu_51/ap_clk_IBUF_BUFG
    SLICE_X126Y120       FDRE                                         r  dut/u_pe_r0_7_2/u/grp_pe_r0_0_Pipeline_l_S_s_1_s_fu_51/add_ln52_reg_265_reg[30]/C
                         clock pessimism              0.399     6.580    
                         clock uncertainty           -0.035     6.544    
    SLICE_X126Y120       FDRE (Setup_HFF_SLICEM_C_D)
                                                      0.025     6.569    dut/u_pe_r0_7_2/u/grp_pe_r0_0_Pipeline_l_S_s_1_s_fu_51/add_ln52_reg_265_reg[30]
  -------------------------------------------------------------------
                         required time                          6.569    
                         arrival time                          -6.114    
  -------------------------------------------------------------------
                         slack                                  0.455    





Min Delay Paths
--------------------------------------------------------------------------------------
Slack (MET) :             0.009ns  (arrival time - required time)
  Source:                 dut/g_pe_w_out_w_in[15].u/slice.q0_reg[1]/C
                            (rising edge-triggered cell FDRE clocked by ap_clk  {rise@0.000ns fall@1.666ns period=3.333ns})
  Destination:            dut/u_pe_r6_0_15/u/grp_pe_r6_0_Pipeline_l_S_k_0_k_fu_36/p_phi_fu_36_reg[1]/D
                            (rising edge-triggered cell FDRE clocked by ap_clk  {rise@0.000ns fall@1.666ns period=3.333ns})
  Path Group:             ap_clk
  Path Type:              Hold (Min at Slow Process Corner)
  Requirement:            0.000ns  (ap_clk rise@0.000ns - ap_clk rise@0.000ns)
  Data Path Delay:        0.190ns  (logic 0.058ns (30.561%)  route 0.132ns (69.439%))
  Logic Levels:           0  
  Clock Path Skew:        0.120ns (DCD - SCD - CPR)
    Destination Clock Delay (DCD):    3.319ns
    Source Clock Delay      (SCD):    2.740ns
    Clock Pessimism Removal (CPR):    0.458ns
  Clock Net Delay (Source):      2.046ns (routing 1.062ns, distribution 0.984ns)
  Clock Net Delay (Destination): 2.332ns (routing 1.169ns, distribution 1.163ns)

    Location             Delay type                Incr(ns)  Path(ns)    Netlist Resource(s)
  -------------------------------------------------------------------    -------------------
                         (clock ap_clk rise edge)     0.000     0.000 r  
    BH26                                              0.000     0.000 r  ap_clk (IN)
                         net (fo=0)                   0.000     0.000    ap_clk_IBUF_inst/I
    BH26                 INBUF (Prop_INBUF_HPIOB_M_PAD_O)
                                                      0.385     0.385 r  ap_clk_IBUF_inst/INBUF_INST/O
                         net (fo=1, routed)           0.000     0.385    ap_clk_IBUF_inst/OUT
    BH26                 IBUFCTRL (Prop_IBUFCTRL_HPIOB_M_I_O)
                                                      0.000     0.385 r  ap_clk_IBUF_inst/IBUFCTRL_INST/O
                         net (fo=1, routed)           0.286     0.671    ap_clk_IBUF
    BUFGCE_X0Y72         BUFGCE (Prop_BUFCE_BUFGCE_I_O)
                                                      0.024     0.695 r  ap_clk_IBUF_BUFG_inst/O
    X3Y1 (CLOCK_ROOT)    net (fo=62584, routed)       2.046     2.740    dut/g_pe_w_out_w_in[15].u/ap_clk_IBUF_BUFG
    SLICE_X89Y175        FDRE                                         r  dut/g_pe_w_out_w_in[15].u/slice.q0_reg[1]/C
  -------------------------------------------------------------------    -------------------
    SLICE_X89Y175        FDRE (Prop_HFF_SLICEL_C_Q)
                                                      0.058     2.798 r  dut/g_pe_w_out_w_in[15].u/slice.q0_reg[1]/Q
                         net (fo=2, routed)           0.132     2.930    dut/u_pe_r6_0_15/u/grp_pe_r6_0_Pipeline_l_S_k_0_k_fu_36/p_phi_fu_36_reg[7]_1[1]
    SLICE_X86Y175        FDRE                                         r  dut/u_pe_r6_0_15/u/grp_pe_r6_0_Pipeline_l_S_k_0_k_fu_36/p_phi_fu_36_reg[1]/D
  -------------------------------------------------------------------    -------------------

                         (clock ap_clk rise edge)     0.000     0.000 r  
    BH26                                              0.000     0.000 r  ap_clk (IN)
                         net (fo=0)                   0.000     0.000    ap_clk_IBUF_inst/I
    BH26                 INBUF (Prop_INBUF_HPIOB_M_PAD_O)
                                                      0.636     0.636 r  ap_clk_IBUF_inst/INBUF_INST/O
                         net (fo=1, routed)           0.000     0.636    ap_clk_IBUF_inst/OUT
    BH26                 IBUFCTRL (Prop_IBUFCTRL_HPIOB_M_I_O)
                                                      0.000     0.636 r  ap_clk_IBUF_inst/IBUFCTRL_INST/O
                         net (fo=1, routed)           0.323     0.959    ap_clk_IBUF
    BUFGCE_X0Y72         BUFGCE (Prop_BUFCE_BUFGCE_I_O)
                                                      0.028     0.987 r  ap_clk_IBUF_BUFG_inst/O
    X3Y1 (CLOCK_ROOT)    net (fo=62584, routed)       2.332     3.319    dut/u_pe_r6_0_15/u/grp_pe_r6_0_Pipeline_l_S_k_0_k_fu_36/ap_clk_IBUF_BUFG
    SLICE_X86Y175        FDRE                                         r  dut/u_pe_r6_0_15/u/grp_pe_r6_0_Pipeline_l_S_k_0_k_fu_36/p_phi_fu_36_reg[1]/C
                         clock pessimism             -0.458     2.861    
    SLICE_X86Y175        FDRE (Hold_HFF_SLICEL_C_D)
                                                      0.060     2.921    dut/u_pe_r6_0_15/u/grp_pe_r6_0_Pipeline_l_S_k_0_k_fu_36/p_phi_fu_36_reg[1]
  -------------------------------------------------------------------
                         required time                         -2.921    
                         arrival time                           2.930    
  -------------------------------------------------------------------
                         slack                                  0.009    





Pulse Width Checks
--------------------------------------------------------------------------------------
Clock Name:         ap_clk
Waveform(ns):       { 0.000 1.666 }
Period(ns):         3.333
Sources:            { ap_clk }

Check Type        Corner  Lib Pin     Reference Pin  Required(ns)  Actual(ns)  Slack(ns)  Location       Pin
Min Period        n/a     BUFGCE/I    n/a            1.290         3.333       2.043      BUFGCE_X0Y72   ap_clk_IBUF_BUFG_inst/I
Low Pulse Width   Slow    SRL16E/CLK  n/a            0.532         1.667       1.135      SLICE_X124Y86  gen_pe_a_in_bind[0].lf_pe_a_in_bind_reg[19]_srl12___gen_pe_a_in_bind_r_10/CLK
High Pulse Width  Slow    SRL16E/CLK  n/a            0.532         1.666       1.134      SLICE_X124Y86  gen_pe_a_in_bind[0].lf_pe_a_in_bind_reg[19]_srl12___gen_pe_a_in_bind_r_10/CLK



