

================================================================
== Vitis HLS Report for 'mac_r0_0'
================================================================
* Date:           Sun Sep 13 00:35:57 2026

* Version:        2023.2 (Build 4023990 on Oct 11 2023)
* Project:        prj
* Solution:       sol (Vivado IP Flow Target)
* Product family: virtexuplusHBM
* Target device:  xcu280-fsvh2892-2L-e


================================================================
== Performance Estimates
================================================================
+ Timing: 
    * Summary: 
    +--------+---------+----------+------------+
    |  Clock |  Target | Estimated| Uncertainty|
    +--------+---------+----------+------------+
    |ap_clk  |  3.33 ns|  2.431 ns|     0.90 ns|
    +--------+---------+----------+------------+

+ Latency: 
    * Summary: 
    +---------+---------+----------+----------+-----+-----+---------+
    |  Latency (cycles) |  Latency (absolute) |  Interval | Pipeline|
    |   min   |   max   |    min   |    max   | min | max |   Type  |
    +---------+---------+----------+----------+-----+-----+---------+
    |        ?|        ?|         ?|         ?|    ?|    ?|       no|
    +---------+---------+----------+----------+-----+-----+---------+

    + Detail: 
        * Instance: 
        +----------------------------------------------+-----------------------------------+---------+---------+-----------+-----------+-----+-----+---------+
        |                                              |                                   |  Latency (cycles) |   Latency (absolute)  |  Interval | Pipeline|
        |                   Instance                   |               Module              |   min   |   max   |    min    |    max    | min | max |   Type  |
        +----------------------------------------------+-----------------------------------+---------+---------+-----------+-----------+-----+-----+---------+
        |grp_mac_r0_0_Pipeline_VITIS_LOOP_20_1_fu_93   |mac_r0_0_Pipeline_VITIS_LOOP_20_1  |        6|        6|  19.980 ns|  19.980 ns|    6|    6|       no|
        |grp_mac_r0_0_Pipeline_l_S_i_0_i_fu_101        |mac_r0_0_Pipeline_l_S_i_0_i        |        6|        6|  19.980 ns|  19.980 ns|    6|    6|       no|
        |grp_mac_r0_0_Pipeline_VITIS_LOOP_38_2_fu_115  |mac_r0_0_Pipeline_VITIS_LOOP_38_2  |        ?|        ?|          ?|          ?|    ?|    ?|       no|
        |grp_mac_r0_0_Pipeline_l_S_r_2_r_fu_124        |mac_r0_0_Pipeline_l_S_r_2_r        |       69|       69|   0.230 us|   0.230 us|   69|   69|       no|
        +----------------------------------------------+-----------------------------------+---------+---------+-----------+-----------+-----+-----+---------+

        * Loop: 
        N/A



================================================================
== Utilization Estimates
================================================================
* Summary: 
+---------------------+---------+------+---------+---------+-----+
|         Name        | BRAM_18K|  DSP |    FF   |   LUT   | URAM|
+---------------------+---------+------+---------+---------+-----+
|DSP                  |        -|     -|        -|        -|    -|
|Expression           |        -|     -|        0|       39|    -|
|FIFO                 |        -|     -|        -|        -|    -|
|Instance             |        -|     1|      335|      546|    -|
|Memory               |        -|     -|        -|        -|    -|
|Multiplexer          |        -|     -|        -|      156|    -|
|Register             |        -|     -|       78|        -|    -|
+---------------------+---------+------+---------+---------+-----+
|Total                |        0|     1|      413|      741|    0|
+---------------------+---------+------+---------+---------+-----+
|Available SLR        |     1344|  3008|   869120|   434560|  320|
+---------------------+---------+------+---------+---------+-----+
|Utilization SLR (%)  |        0|    ~0|       ~0|       ~0|    0|
+---------------------+---------+------+---------+---------+-----+
|Available            |     4032|  9024|  2607360|  1303680|  960|
+---------------------+---------+------+---------+---------+-----+
|Utilization (%)      |        0|    ~0|       ~0|       ~0|    0|
+---------------------+---------+------+---------+---------+-----+

+ Detail: 
    * Instance: 
    +----------------------------------------------+-----------------------------------+---------+----+-----+-----+-----+
    |                   Instance                   |               Module              | BRAM_18K| DSP|  FF | LUT | URAM|
    +----------------------------------------------+-----------------------------------+---------+----+-----+-----+-----+
    |grp_mac_r0_0_Pipeline_VITIS_LOOP_20_1_fu_93   |mac_r0_0_Pipeline_VITIS_LOOP_20_1  |        0|   0|    5|   49|    0|
    |grp_mac_r0_0_Pipeline_VITIS_LOOP_38_2_fu_115  |mac_r0_0_Pipeline_VITIS_LOOP_38_2  |        0|   0|   34|  137|    0|
    |grp_mac_r0_0_Pipeline_l_S_i_0_i_fu_101        |mac_r0_0_Pipeline_l_S_i_0_i        |        0|   0|  136|  107|    0|
    |grp_mac_r0_0_Pipeline_l_S_r_2_r_fu_124        |mac_r0_0_Pipeline_l_S_r_2_r        |        0|   1|  160|  253|    0|
    +----------------------------------------------+-----------------------------------+---------+----+-----+-----+-----+
    |Total                                         |                                   |        0|   1|  335|  546|    0|
    +----------------------------------------------+-----------------------------------+---------+----+-----+-----+-----+

    * DSP: 
    N/A

    * Memory: 
    N/A

    * FIFO: 
    N/A

    * Expression: 
    +---------------+----------+----+---+----+------------+------------+
    | Variable Name | Operation| DSP| FF| LUT| Bitwidth P0| Bitwidth P1|
    +---------------+----------+----+---+----+------------+------------+
    |v18_fu_140_p2  |         +|   0|  0|  39|          32|           4|
    +---------------+----------+----+---+----+------------+------------+
    |Total          |          |   0|  0|  39|          32|           4|
    +---------------+----------+----+---+----+------------+------------+

    * Multiplexer: 
    +-----------+----+-----------+-----+-----------+
    |    Name   | LUT| Input Size| Bits| Total Bits|
    +-----------+----+-----------+-----+-----------+
    |ap_NS_fsm  |  59|         11|    1|         11|
    |v0_blk_n   |   9|          2|    1|          2|
    |v0_read    |  20|          4|    1|          4|
    |v1_blk_n   |   9|          2|    1|          2|
    |v1_din     |   9|          2|   32|         64|
    |v1_write   |  14|          3|    1|          3|
    |v2_read    |   9|          2|    1|          2|
    |v3_read    |   9|          2|    1|          2|
    |v4_write   |   9|          2|    1|          2|
    |v5_write   |   9|          2|    1|          2|
    +-----------+----+-----------+-----+-----------+
    |Total      | 156|         32|   41|         94|
    +-----------+----+-----------+-----+-----------+

    * Register: 
    +-----------------------------------------------------------+----+----+-----+-----------+
    |                            Name                           | FF | LUT| Bits| Const Bits|
    +-----------------------------------------------------------+----+----+-----+-----------+
    |ap_CS_fsm                                                  |  10|   0|   10|          0|
    |grp_mac_r0_0_Pipeline_VITIS_LOOP_20_1_fu_93_ap_start_reg   |   1|   0|    1|          0|
    |grp_mac_r0_0_Pipeline_VITIS_LOOP_38_2_fu_115_ap_start_reg  |   1|   0|    1|          0|
    |grp_mac_r0_0_Pipeline_l_S_i_0_i_fu_101_ap_start_reg        |   1|   0|    1|          0|
    |grp_mac_r0_0_Pipeline_l_S_r_2_r_fu_124_ap_start_reg        |   1|   0|    1|          0|
    |v15_reg_226                                                |  32|   0|   32|          0|
    |v18_reg_231                                                |  32|   0|   32|          0|
    +-----------------------------------------------------------+----+----+-----+-----------+
    |Total                                                      |  78|   0|   78|          0|
    +-----------------------------------------------------------+----+----+-----+-----------+



================================================================
== Interface
================================================================
* Summary: 
+------------+-----+-----+--------------+--------------+--------------+
|  RTL Ports | Dir | Bits|   Protocol   | Source Object|    C Type    |
+------------+-----+-----+--------------+--------------+--------------+
|ap_clk      |   in|    1|  ap_ctrl_none|      mac_r0_0|  return value|
|ap_rst      |   in|    1|  ap_ctrl_none|      mac_r0_0|  return value|
|v0_dout     |   in|   32|       ap_fifo|            v0|       pointer|
|v0_empty_n  |   in|    1|       ap_fifo|            v0|       pointer|
|v0_read     |  out|    1|       ap_fifo|            v0|       pointer|
|v1_din      |  out|   32|       ap_fifo|            v1|       pointer|
|v1_full_n   |   in|    1|       ap_fifo|            v1|       pointer|
|v1_write    |  out|    1|       ap_fifo|            v1|       pointer|
|v2_dout     |   in|    8|       ap_fifo|            v2|       pointer|
|v2_empty_n  |   in|    1|       ap_fifo|            v2|       pointer|
|v2_read     |  out|    1|       ap_fifo|            v2|       pointer|
|v3_dout     |   in|   32|       ap_fifo|            v3|       pointer|
|v3_empty_n  |   in|    1|       ap_fifo|            v3|       pointer|
|v3_read     |  out|    1|       ap_fifo|            v3|       pointer|
|v4_din      |  out|    8|       ap_fifo|            v4|       pointer|
|v4_full_n   |   in|    1|       ap_fifo|            v4|       pointer|
|v4_write    |  out|    1|       ap_fifo|            v4|       pointer|
|v5_din      |  out|   32|       ap_fifo|            v5|       pointer|
|v5_full_n   |   in|    1|       ap_fifo|            v5|       pointer|
|v5_write    |  out|    1|       ap_fifo|            v5|       pointer|
+------------+-----+-----+--------------+--------------+--------------+

