Copyright 1986-2022 Xilinx, Inc. All Rights Reserved. Copyright 2022-2023 Advanced Micro Devices, Inc. All Rights Reserved.
--------------------------------------------------------------------------------------------------------------------------------------------------
| Tool Version      : Vivado v.2023.2 (lin64) Build 4029153 Fri Oct 13 20:13:54 MDT 2023
| Date              : Sun Sep 13 00:43:34 2026
| Host              : brg-zhang-xcel.ece.cornell.edu running 64-bit Red Hat Enterprise Linux 9.8 (Plow)
| Command           : report_timing_summary -file timing.rpt
| Design            : spmw_harness
| Device            : xcu280-fsvh2892
| Speed File        : -2L  PRODUCTION 1.30 05-01-2022
| Design State      : Routed
| Temperature Grade : E
--------------------------------------------------------------------------------------------------------------------------------------------------

Timing Summary Report

------------------------------------------------------------------------------------------------
| Timer Settings
| --------------
------------------------------------------------------------------------------------------------

  Enable Multi Corner Analysis               :  Yes
  Enable Pessimism Removal                   :  Yes
  Pessimism Removal Resolution               :  Nearest Common Node
  Enable Input Delay Default Clock           :  No
  Enable Preset / Clear Arcs                 :  No
  Disable Flight Delays                      :  No
  Ignore I/O Paths                           :  No
  Timing Early Launch at Borrowing Latches   :  No
  Borrow Time for Max Delay Exceptions       :  Yes
  Merge Timing Exceptions                    :  Yes
  Inter-SLR Compensation                     :  Conservative

  Corner  Analyze    Analyze    
  Name    Max Paths  Min Paths  
  ------  ---------  ---------  
  Slow    Yes        Yes        
  Fast    Yes        Yes        


------------------------------------------------------------------------------------------------
| Report Methodology
| ------------------
------------------------------------------------------------------------------------------------

No report available as report_methodology has not been run prior. Run report_methodology on the current design for the summary of methodology violations.



check_timing report

Table of Contents
-----------------
1. checking no_clock (0)
2. checking constant_clock (0)
3. checking pulse_width_clock (0)
4. checking unconstrained_internal_endpoints (0)
5. checking no_input_delay (2)
6. checking no_output_delay (7)
7. checking multiple_clock (0)
8. checking generated_clocks (0)
9. checking loops (0)
10. checking partial_input_delay (0)
11. checking partial_output_delay (0)
12. checking latch_loops (0)

1. checking no_clock (0)
------------------------
 There are 0 register/latch pins with no clock.


2. checking constant_clock (0)
------------------------------
 There are 0 register/latch pins with constant_clock.


3. checking pulse_width_clock (0)
---------------------------------
 There are 0 register/latch pins which need pulse_width check


4. checking unconstrained_internal_endpoints (0)
------------------------------------------------
 There are 0 pins that are not constrained for maximum delay.

 There are 0 pins that are not constrained for maximum delay due to constant clock.


5. checking no_input_delay (2)
------------------------------
 There are 2 input ports with no input delay specified. (HIGH)

 There are 0 input ports with no input delay but user has a false path constraint.


6. checking no_output_delay (7)
-------------------------------
 There are 7 ports with no output delay specified. (HIGH)

 There are 0 ports with no output delay but user has a false path constraint

 There are 0 ports with no output delay but with a timing clock defined on it or propagating through it


7. checking multiple_clock (0)
------------------------------
 There are 0 register/latch pins with multiple clocks.


8. checking generated_clocks (0)
--------------------------------
 There are 0 generated clocks that are not connected to a clock source.


9. checking loops (0)
---------------------
 There are 0 combinational loops in the design.


10. checking partial_input_delay (0)
------------------------------------
 There are 0 input ports with partial input delay specified.


11. checking partial_output_delay (0)
-------------------------------------
 There are 0 ports with partial output delay specified.


12. checking latch_loops (0)
----------------------------
 There are 0 combinational latch loops in the design through latch input



------------------------------------------------------------------------------------------------
| Design Timing Summary
| ---------------------
------------------------------------------------------------------------------------------------

    WNS(ns)      TNS(ns)  TNS Failing Endpoints  TNS Total Endpoints      WHS(ns)      THS(ns)  THS Failing Endpoints  THS Total Endpoints     WPWS(ns)     TPWS(ns)  TPWS Failing Endpoints  TPWS Total Endpoints  
    -------      -------  ---------------------  -------------------      -------      -------  ---------------------  -------------------     --------     --------  ----------------------  --------------------  
      0.927        0.000                      0                24511        0.007        0.000                      0                24511        1.134        0.000                       0                  9021  


All user specified timing constraints are met.


------------------------------------------------------------------------------------------------
| Clock Summary
| -------------
------------------------------------------------------------------------------------------------

Clock   Waveform(ns)         Period(ns)      Frequency(MHz)
-----   ------------         ----------      --------------
ap_clk  {0.000 1.666}        3.333           300.030         


------------------------------------------------------------------------------------------------
| Intra Clock Table
| -----------------
------------------------------------------------------------------------------------------------

Clock             WNS(ns)      TNS(ns)  TNS Failing Endpoints  TNS Total Endpoints      WHS(ns)      THS(ns)  THS Failing Endpoints  THS Total Endpoints     WPWS(ns)     TPWS(ns)  TPWS Failing Endpoints  TPWS Total Endpoints  
-----             -------      -------  ---------------------  -------------------      -------      -------  ---------------------  -------------------     --------     --------  ----------------------  --------------------  
ap_clk              0.927        0.000                      0                24511        0.007        0.000                      0                24511        1.134        0.000                       0                  9021  


------------------------------------------------------------------------------------------------
| Inter Clock Table
| -----------------
------------------------------------------------------------------------------------------------

From Clock    To Clock          WNS(ns)      TNS(ns)  TNS Failing Endpoints  TNS Total Endpoints      WHS(ns)      THS(ns)  THS Failing Endpoints  THS Total Endpoints  
----------    --------          -------      -------  ---------------------  -------------------      -------      -------  ---------------------  -------------------  


------------------------------------------------------------------------------------------------
| Other Path Groups Table
| -----------------------
------------------------------------------------------------------------------------------------

Path Group    From Clock    To Clock          WNS(ns)      TNS(ns)  TNS Failing Endpoints  TNS Total Endpoints      WHS(ns)      THS(ns)  THS Failing Endpoints  THS Total Endpoints  
----------    ----------    --------          -------      -------  ---------------------  -------------------      -------      -------  ---------------------  -------------------  


------------------------------------------------------------------------------------------------
| Timing Details
| --------------
------------------------------------------------------------------------------------------------


---------------------------------------------------------------------------------------------------
From Clock:  ap_clk
  To Clock:  ap_clk

Setup :            0  Failing Endpoints,  Worst Slack        0.927ns,  Total Violation        0.000ns
Hold  :            0  Failing Endpoints,  Worst Slack        0.007ns,  Total Violation        0.000ns
PW    :            0  Failing Endpoints,  Worst Slack        1.134ns,  Total Violation        0.000ns
---------------------------------------------------------------------------------------------------


Max Delay Paths
--------------------------------------------------------------------------------------
Slack (MET) :             0.927ns  (required time - arrival time)
  Source:                 dut/u_vpu_r0_3/u/grp_vpu_r0_0_Pipeline_l_S_m_0_m_fu_55/v9_reg_195_reg[4]/C
                            (rising edge-triggered cell FDRE clocked by ap_clk  {rise@0.000ns fall@1.666ns period=3.333ns})
  Destination:            dut/u_vpu_r0_3/u/grp_vpu_r0_0_Pipeline_l_S_m_0_m_fu_55/tmp_reg_205_reg[10]/D
                            (rising edge-triggered cell FDRE clocked by ap_clk  {rise@0.000ns fall@1.666ns period=3.333ns})
  Path Group:             ap_clk
  Path Type:              Setup (Max at Slow Process Corner)
  Requirement:            3.333ns  (ap_clk rise@3.333ns - ap_clk rise@0.000ns)
  Data Path Delay:        2.305ns  (logic 0.841ns (36.484%)  route 1.464ns (63.516%))
  Logic Levels:           8  (CARRY8=4 LUT2=1 LUT3=1 LUT4=1 LUT6=1)
  Clock Path Skew:        -0.090ns (DCD - SCD + CPR)
    Destination Clock Delay (DCD):    1.383ns = ( 4.716 - 3.333 ) 
    Source Clock Delay      (SCD):    1.783ns
    Clock Pessimism Removal (CPR):    0.310ns
  Clock Uncertainty:      0.035ns  ((TSJ^2 + TIJ^2)^1/2 + DJ) / 2 + PE
    Total System Jitter     (TSJ):    0.071ns
    Total Input Jitter      (TIJ):    0.000ns
    Discrete Jitter          (DJ):    0.000ns
    Phase Error              (PE):    0.000ns
  Clock Net Delay (Source):      0.796ns (routing 0.001ns, distribution 0.795ns)
  Clock Net Delay (Destination): 0.688ns (routing 0.001ns, distribution 0.687ns)

    Location             Delay type                Incr(ns)  Path(ns)    Netlist Resource(s)
  -------------------------------------------------------------------    -------------------
                         (clock ap_clk rise edge)     0.000     0.000 r  
    BH26                                              0.000     0.000 r  ap_clk (IN)
                         net (fo=0)                   0.000     0.000    ap_clk_IBUF_inst/I
    BH26                 INBUF (Prop_INBUF_HPIOB_M_PAD_O)
                                                      0.636     0.636 r  ap_clk_IBUF_inst/INBUF_INST/O
                         net (fo=1, routed)           0.000     0.636    ap_clk_IBUF_inst/OUT
    BH26                 IBUFCTRL (Prop_IBUFCTRL_HPIOB_M_I_O)
                                                      0.000     0.636 r  ap_clk_IBUF_inst/IBUFCTRL_INST/O
                         net (fo=1, routed)           0.323     0.959    ap_clk_IBUF
    BUFGCE_X0Y72         BUFGCE (Prop_BUFCE_BUFGCE_I_O)
                                                      0.028     0.987 r  ap_clk_IBUF_BUFG_inst/O
    X4Y3 (CLOCK_ROOT)    net (fo=9084, routed)        0.796     1.783    dut/u_vpu_r0_3/u/grp_vpu_r0_0_Pipeline_l_S_m_0_m_fu_55/ap_clk_IBUF_BUFG
    SLICE_X122Y226       FDRE                                         r  dut/u_vpu_r0_3/u/grp_vpu_r0_0_Pipeline_l_S_m_0_m_fu_55/v9_reg_195_reg[4]/C
  -------------------------------------------------------------------    -------------------
    SLICE_X122Y226       FDRE (Prop_FFF2_SLICEM_C_Q)
                                                      0.079     1.862 r  dut/u_vpu_r0_3/u/grp_vpu_r0_0_Pipeline_l_S_m_0_m_fu_55/v9_reg_195_reg[4]/Q
                         net (fo=2, routed)           0.214     2.076    dut/u_vpu_r0_3/u/grp_vpu_r0_0_Pipeline_l_S_m_0_m_fu_55/v9_reg_195[4]
    SLICE_X125Y228       LUT2 (Prop_E6LUT_SLICEL_I0_O)
                                                      0.123     2.199 r  dut/u_vpu_r0_3/u/grp_vpu_r0_0_Pipeline_l_S_m_0_m_fu_55/v16_fu_110_p2_carry_i_4__2/O
                         net (fo=1, routed)           0.007     2.206    dut/u_vpu_r0_3/u/grp_vpu_r0_0_Pipeline_l_S_m_0_m_fu_55/v16_fu_110_p2_carry_i_4__2_n_0
    SLICE_X125Y228       CARRY8 (Prop_CARRY8_SLICEL_S[4]_CO[7])
                                                      0.153     2.359 r  dut/u_vpu_r0_3/u/grp_vpu_r0_0_Pipeline_l_S_m_0_m_fu_55/v16_fu_110_p2_carry/CO[7]
                         net (fo=1, routed)           0.026     2.385    dut/u_vpu_r0_3/u/grp_vpu_r0_0_Pipeline_l_S_m_0_m_fu_55/v16_fu_110_p2_carry_n_0
    SLICE_X125Y229       CARRY8 (Prop_CARRY8_SLICEL_CI_CO[7])
                                                      0.015     2.400 r  dut/u_vpu_r0_3/u/grp_vpu_r0_0_Pipeline_l_S_m_0_m_fu_55/v16_fu_110_p2_carry__0/CO[7]
                         net (fo=1, routed)           0.026     2.426    dut/u_vpu_r0_3/u/grp_vpu_r0_0_Pipeline_l_S_m_0_m_fu_55/v16_fu_110_p2_carry__0_n_0
    SLICE_X125Y230       CARRY8 (Prop_CARRY8_SLICEL_CI_CO[7])
                                                      0.015     2.441 r  dut/u_vpu_r0_3/u/grp_vpu_r0_0_Pipeline_l_S_m_0_m_fu_55/v16_fu_110_p2_carry__1/CO[7]
                         net (fo=1, routed)           0.026     2.467    dut/u_vpu_r0_3/u/grp_vpu_r0_0_Pipeline_l_S_m_0_m_fu_55/v16_fu_110_p2_carry__1_n_0
    SLICE_X125Y231       CARRY8 (Prop_CARRY8_SLICEL_CI_O[7])
                                                      0.116     2.583 f  dut/u_vpu_r0_3/u/grp_vpu_r0_0_Pipeline_l_S_m_0_m_fu_55/v16_fu_110_p2_carry__2/O[7]
                         net (fo=44, routed)          0.487     3.070    dut/u_vpu_r0_3/u/grp_vpu_r0_0_Pipeline_VITIS_LOOP_20_1_fu_48/trunc_ln39_fu_114_p1[8]
    SLICE_X127Y232       LUT4 (Prop_D5LUT_SLICEL_I2_O)
                                                      0.066     3.136 r  dut/u_vpu_r0_3/u/grp_vpu_r0_0_Pipeline_VITIS_LOOP_20_1_fu_48/tmp_reg_205[13]_i_3__2/O
                         net (fo=2, routed)           0.342     3.478    dut/u_vpu_r0_3/u/grp_vpu_r0_0_Pipeline_VITIS_LOOP_20_1_fu_48/tmp_reg_205[13]_i_3__2_n_0
    SLICE_X126Y236       LUT6 (Prop_H6LUT_SLICEM_I0_O)
                                                      0.152     3.630 r  dut/u_vpu_r0_3/u/grp_vpu_r0_0_Pipeline_VITIS_LOOP_20_1_fu_48/tmp_reg_205[11]_i_2__2/O
                         net (fo=2, routed)           0.287     3.917    dut/u_vpu_r0_3/u/grp_vpu_r0_0_Pipeline_VITIS_LOOP_20_1_fu_48/tmp_reg_205[11]_i_2__2_n_0
    SLICE_X127Y234       LUT3 (Prop_D6LUT_SLICEL_I0_O)
                                                      0.122     4.039 r  dut/u_vpu_r0_3/u/grp_vpu_r0_0_Pipeline_VITIS_LOOP_20_1_fu_48/tmp_reg_205[10]_i_1__2/O
                         net (fo=1, routed)           0.049     4.088    dut/u_vpu_r0_3/u/grp_vpu_r0_0_Pipeline_l_S_m_0_m_fu_55/tmp_reg_205_reg[10]_0
    SLICE_X127Y234       FDRE                                         r  dut/u_vpu_r0_3/u/grp_vpu_r0_0_Pipeline_l_S_m_0_m_fu_55/tmp_reg_205_reg[10]/D
  -------------------------------------------------------------------    -------------------

                         (clock ap_clk rise edge)     3.333     3.333 r  
    BH26                                              0.000     3.333 r  ap_clk (IN)
                         net (fo=0)                   0.000     3.333    ap_clk_IBUF_inst/I
    BH26                 INBUF (Prop_INBUF_HPIOB_M_PAD_O)
                                                      0.385     3.718 r  ap_clk_IBUF_inst/INBUF_INST/O
                         net (fo=1, routed)           0.000     3.718    ap_clk_IBUF_inst/OUT
    BH26                 IBUFCTRL (Prop_IBUFCTRL_HPIOB_M_I_O)
                                                      0.000     3.718 r  ap_clk_IBUF_inst/IBUFCTRL_INST/O
                         net (fo=1, routed)           0.286     4.004    ap_clk_IBUF
    BUFGCE_X0Y72         BUFGCE (Prop_BUFCE_BUFGCE_I_O)
                                                      0.024     4.028 r  ap_clk_IBUF_BUFG_inst/O
    X4Y3 (CLOCK_ROOT)    net (fo=9084, routed)        0.688     4.716    dut/u_vpu_r0_3/u/grp_vpu_r0_0_Pipeline_l_S_m_0_m_fu_55/ap_clk_IBUF_BUFG
    SLICE_X127Y234       FDRE                                         r  dut/u_vpu_r0_3/u/grp_vpu_r0_0_Pipeline_l_S_m_0_m_fu_55/tmp_reg_205_reg[10]/C
                         clock pessimism              0.310     5.026    
                         clock uncertainty           -0.035     4.990    
    SLICE_X127Y234       FDRE (Setup_DFF_SLICEL_C_D)
                                                      0.025     5.015    dut/u_vpu_r0_3/u/grp_vpu_r0_0_Pipeline_l_S_m_0_m_fu_55/tmp_reg_205_reg[10]
  -------------------------------------------------------------------
                         required time                          5.015    
                         arrival time                          -4.088    
  -------------------------------------------------------------------
                         slack                                  0.927    





Min Delay Paths
--------------------------------------------------------------------------------------
Slack (MET) :             0.007ns  (arrival time - required time)
  Source:                 dut/u_vpu_r0_1/u/grp_vpu_r0_0_Pipeline_l_S_m_0_m_fu_55/flow_control_loop_pipe_sequential_init_U/ap_loop_init_int_reg/C
                            (rising edge-triggered cell FDRE clocked by ap_clk  {rise@0.000ns fall@1.666ns period=3.333ns})
  Destination:            dut/u_vpu_r0_1/u/grp_vpu_r0_0_Pipeline_l_S_m_0_m_fu_55/p_m_fu_56_reg[6]/D
                            (rising edge-triggered cell FDRE clocked by ap_clk  {rise@0.000ns fall@1.666ns period=3.333ns})
  Path Group:             ap_clk
  Path Type:              Hold (Min at Slow Process Corner)
  Requirement:            0.000ns  (ap_clk rise@0.000ns - ap_clk rise@0.000ns)
  Data Path Delay:        0.174ns  (logic 0.081ns (46.426%)  route 0.093ns (53.574%))
  Logic Levels:           1  (LUT6=1)
  Clock Path Skew:        0.108ns (DCD - SCD - CPR)
    Destination Clock Delay (DCD):    1.815ns
    Source Clock Delay      (SCD):    1.397ns
    Clock Pessimism Removal (CPR):    0.310ns
  Clock Net Delay (Source):      0.703ns (routing 0.001ns, distribution 0.702ns)
  Clock Net Delay (Destination): 0.828ns (routing 0.001ns, distribution 0.827ns)

    Location             Delay type                Incr(ns)  Path(ns)    Netlist Resource(s)
  -------------------------------------------------------------------    -------------------
                         (clock ap_clk rise edge)     0.000     0.000 r  
    BH26                                              0.000     0.000 r  ap_clk (IN)
                         net (fo=0)                   0.000     0.000    ap_clk_IBUF_inst/I
    BH26                 INBUF (Prop_INBUF_HPIOB_M_PAD_O)
                                                      0.385     0.385 r  ap_clk_IBUF_inst/INBUF_INST/O
                         net (fo=1, routed)           0.000     0.385    ap_clk_IBUF_inst/OUT
    BH26                 IBUFCTRL (Prop_IBUFCTRL_HPIOB_M_I_O)
                                                      0.000     0.385 r  ap_clk_IBUF_inst/IBUFCTRL_INST/O
                         net (fo=1, routed)           0.286     0.671    ap_clk_IBUF
    BUFGCE_X0Y72         BUFGCE (Prop_BUFCE_BUFGCE_I_O)
                                                      0.024     0.695 r  ap_clk_IBUF_BUFG_inst/O
    X4Y3 (CLOCK_ROOT)    net (fo=9084, routed)        0.703     1.397    dut/u_vpu_r0_1/u/grp_vpu_r0_0_Pipeline_l_S_m_0_m_fu_55/flow_control_loop_pipe_sequential_init_U/ap_clk_IBUF_BUFG
    SLICE_X135Y236       FDRE                                         r  dut/u_vpu_r0_1/u/grp_vpu_r0_0_Pipeline_l_S_m_0_m_fu_55/flow_control_loop_pipe_sequential_init_U/ap_loop_init_int_reg/C
  -------------------------------------------------------------------    -------------------
    SLICE_X135Y236       FDRE (Prop_CFF_SLICEL_C_Q)
                                                      0.058     1.455 f  dut/u_vpu_r0_1/u/grp_vpu_r0_0_Pipeline_l_S_m_0_m_fu_55/flow_control_loop_pipe_sequential_init_U/ap_loop_init_int_reg/Q
                         net (fo=13, routed)          0.071     1.527    dut/u_vpu_r0_1/u/grp_vpu_r0_0_Pipeline_l_S_m_0_m_fu_55/flow_control_loop_pipe_sequential_init_U/ap_loop_init_int
    SLICE_X134Y236       LUT6 (Prop_B6LUT_SLICEL_I3_O)
                                                      0.023     1.550 r  dut/u_vpu_r0_1/u/grp_vpu_r0_0_Pipeline_l_S_m_0_m_fu_55/flow_control_loop_pipe_sequential_init_U/p_m_fu_56[6]_i_3__0/O
                         net (fo=1, routed)           0.022     1.572    dut/u_vpu_r0_1/u/grp_vpu_r0_0_Pipeline_l_S_m_0_m_fu_55/p_m_2_fu_99_p2[6]
    SLICE_X134Y236       FDRE                                         r  dut/u_vpu_r0_1/u/grp_vpu_r0_0_Pipeline_l_S_m_0_m_fu_55/p_m_fu_56_reg[6]/D
  -------------------------------------------------------------------    -------------------

                         (clock ap_clk rise edge)     0.000     0.000 r  
    BH26                                              0.000     0.000 r  ap_clk (IN)
                         net (fo=0)                   0.000     0.000    ap_clk_IBUF_inst/I
    BH26                 INBUF (Prop_INBUF_HPIOB_M_PAD_O)
                                                      0.636     0.636 r  ap_clk_IBUF_inst/INBUF_INST/O
                         net (fo=1, routed)           0.000     0.636    ap_clk_IBUF_inst/OUT
    BH26                 IBUFCTRL (Prop_IBUFCTRL_HPIOB_M_I_O)
                                                      0.000     0.636 r  ap_clk_IBUF_inst/IBUFCTRL_INST/O
                         net (fo=1, routed)           0.323     0.959    ap_clk_IBUF
    BUFGCE_X0Y72         BUFGCE (Prop_BUFCE_BUFGCE_I_O)
                                                      0.028     0.987 r  ap_clk_IBUF_BUFG_inst/O
    X4Y3 (CLOCK_ROOT)    net (fo=9084, routed)        0.828     1.815    dut/u_vpu_r0_1/u/grp_vpu_r0_0_Pipeline_l_S_m_0_m_fu_55/ap_clk_IBUF_BUFG
    SLICE_X134Y236       FDRE                                         r  dut/u_vpu_r0_1/u/grp_vpu_r0_0_Pipeline_l_S_m_0_m_fu_55/p_m_fu_56_reg[6]/C
                         clock pessimism             -0.310     1.505    
    SLICE_X134Y236       FDRE (Hold_BFF_SLICEL_C_D)
                                                      0.060     1.565    dut/u_vpu_r0_1/u/grp_vpu_r0_0_Pipeline_l_S_m_0_m_fu_55/p_m_fu_56_reg[6]
  -------------------------------------------------------------------
                         required time                         -1.565    
                         arrival time                           1.572    
  -------------------------------------------------------------------
                         slack                                  0.007    





Pulse Width Checks
--------------------------------------------------------------------------------------
Clock Name:         ap_clk
Waveform(ns):       { 0.000 1.666 }
Period(ns):         3.333
Sources:            { ap_clk }

Check Type        Corner  Lib Pin     Reference Pin  Required(ns)  Actual(ns)  Slack(ns)  Location        Pin
Min Period        n/a     BUFGCE/I    n/a            1.290         3.333       2.043      BUFGCE_X0Y72    ap_clk_IBUF_BUFG_inst/I
Low Pulse Width   Slow    SRL16E/CLK  n/a            0.532         1.667       1.135      SLICE_X142Y227  gen_mac_a_in_bind[0].lf_mac_a_in_bind_reg[19]_srl12___gen_mac_a_in_bind_r_10/CLK
High Pulse Width  Slow    SRL16E/CLK  n/a            0.532         1.667       1.135      SLICE_X142Y227  gen_mac_a_in_bind[0].lf_mac_a_in_bind_reg[19]_srl12___gen_mac_a_in_bind_r_10/CLK



