

================================================================
== Vitis HLS Report for 'vpu_r0_0'
================================================================
* Date:           Sun Sep 13 00:36:46 2026

* Version:        2023.2 (Build 4023990 on Oct 11 2023)
* Project:        prj
* Solution:       sol (Vivado IP Flow Target)
* Product family: virtexuplusHBM
* Target device:  xcu280-fsvh2892-2L-e


================================================================
== Performance Estimates
================================================================
+ Timing: 
    * Summary: 
    +--------+---------+----------+------------+
    |  Clock |  Target | Estimated| Uncertainty|
    +--------+---------+----------+------------+
    |ap_clk  |  3.33 ns|  2.362 ns|     0.90 ns|
    +--------+---------+----------+------------+

+ Latency: 
    * Summary: 
    +---------+---------+----------+----------+-----+-----+---------+
    |  Latency (cycles) |  Latency (absolute) |  Interval | Pipeline|
    |   min   |   max   |    min   |    max   | min | max |   Type  |
    +---------+---------+----------+----------+-----+-----+---------+
    |       76|       76|  0.253 us|  0.253 us|   77|   77|       no|
    +---------+---------+----------+----------+-----+-----+---------+

    + Detail: 
        * Instance: 
        +---------------------------------------------+-----------------------------------+---------+---------+-----------+-----------+-----+-----+---------+
        |                                             |                                   |  Latency (cycles) |   Latency (absolute)  |  Interval | Pipeline|
        |                   Instance                  |               Module              |   min   |   max   |    min    |    max    | min | max |   Type  |
        +---------------------------------------------+-----------------------------------+---------+---------+-----------+-----------+-----+-----+---------+
        |grp_vpu_r0_0_Pipeline_VITIS_LOOP_20_1_fu_48  |vpu_r0_0_Pipeline_VITIS_LOOP_20_1  |        4|        4|  13.320 ns|  13.320 ns|    4|    4|       no|
        |grp_vpu_r0_0_Pipeline_l_S_m_0_m_fu_55        |vpu_r0_0_Pipeline_l_S_m_0_m        |       68|       68|   0.226 us|   0.226 us|   68|   68|       no|
        +---------------------------------------------+-----------------------------------+---------+---------+-----------+-----------+-----+-----+---------+

        * Loop: 
        N/A



================================================================
== Utilization Estimates
================================================================
* Summary: 
+---------------------+---------+------+---------+---------+-----+
|         Name        | BRAM_18K|  DSP |    FF   |   LUT   | URAM|
+---------------------+---------+------+---------+---------+-----+
|DSP                  |        -|     -|        -|        -|    -|
|Expression           |        -|     -|        -|        -|    -|
|FIFO                 |        -|     -|        -|        -|    -|
|Instance             |        -|     -|      146|      580|    -|
|Memory               |        -|     -|        -|        -|    -|
|Multiplexer          |        -|     -|        -|       58|    -|
|Register             |        -|     -|       71|        -|    -|
+---------------------+---------+------+---------+---------+-----+
|Total                |        0|     0|      217|      638|    0|
+---------------------+---------+------+---------+---------+-----+
|Available SLR        |     1344|  3008|   869120|   434560|  320|
+---------------------+---------+------+---------+---------+-----+
|Utilization SLR (%)  |        0|     0|       ~0|       ~0|    0|
+---------------------+---------+------+---------+---------+-----+
|Available            |     4032|  9024|  2607360|  1303680|  960|
+---------------------+---------+------+---------+---------+-----+
|Utilization (%)      |        0|     0|       ~0|       ~0|    0|
+---------------------+---------+------+---------+---------+-----+

+ Detail: 
    * Instance: 
    +---------------------------------------------+-----------------------------------+---------+----+----+-----+-----+
    |                   Instance                  |               Module              | BRAM_18K| DSP| FF | LUT | URAM|
    +---------------------------------------------+-----------------------------------+---------+----+----+-----+-----+
    |grp_vpu_r0_0_Pipeline_VITIS_LOOP_20_1_fu_48  |vpu_r0_0_Pipeline_VITIS_LOOP_20_1  |        0|   0|  68|  292|    0|
    |grp_vpu_r0_0_Pipeline_l_S_m_0_m_fu_55        |vpu_r0_0_Pipeline_l_S_m_0_m        |        0|   0|  78|  288|    0|
    +---------------------------------------------+-----------------------------------+---------+----+----+-----+-----+
    |Total                                        |                                   |        0|   0| 146|  580|    0|
    +---------------------------------------------+-----------------------------------+---------+----+----+-----+-----+

    * DSP: 
    N/A

    * Memory: 
    N/A

    * FIFO: 
    N/A

    * Expression: 
    N/A

    * Multiplexer: 
    +-----------+----+-----------+-----+-----------+
    |    Name   | LUT| Input Size| Bits| Total Bits|
    +-----------+----+-----------+-----+-----------+
    |ap_NS_fsm  |  31|          6|    1|          6|
    |v0_blk_n   |   9|          2|    1|          2|
    |v1_read    |   9|          2|    1|          2|
    |v2_write   |   9|          2|    1|          2|
    +-----------+----+-----------+-----+-----------+
    |Total      |  58|         12|    4|         12|
    +-----------+----+-----------+-----+-----------+

    * Register: 
    +----------------------------------------------------------+----+----+-----+-----------+
    |                           Name                           | FF | LUT| Bits| Const Bits|
    +----------------------------------------------------------+----+----+-----+-----------+
    |ap_CS_fsm                                                 |   5|   0|    5|          0|
    |grp_vpu_r0_0_Pipeline_VITIS_LOOP_20_1_fu_48_ap_start_reg  |   1|   0|    1|          0|
    |grp_vpu_r0_0_Pipeline_l_S_m_0_m_fu_55_ap_start_reg        |   1|   0|    1|          0|
    |v0_read_reg_85                                            |  64|   0|   64|          0|
    +----------------------------------------------------------+----+----+-----+-----------+
    |Total                                                     |  71|   0|   71|          0|
    +----------------------------------------------------------+----+----+-----+-----------+



================================================================
== Interface
================================================================
* Summary: 
+------------+-----+-----+--------------+--------------+--------------+
|  RTL Ports | Dir | Bits|   Protocol   | Source Object|    C Type    |
+------------+-----+-----+--------------+--------------+--------------+
|ap_clk      |   in|    1|  ap_ctrl_none|      vpu_r0_0|  return value|
|ap_rst      |   in|    1|  ap_ctrl_none|      vpu_r0_0|  return value|
|v0_dout     |   in|   64|       ap_fifo|            v0|       pointer|
|v0_empty_n  |   in|    1|       ap_fifo|            v0|       pointer|
|v0_read     |  out|    1|       ap_fifo|            v0|       pointer|
|v1_dout     |   in|   32|       ap_fifo|            v1|       pointer|
|v1_empty_n  |   in|    1|       ap_fifo|            v1|       pointer|
|v1_read     |  out|    1|       ap_fifo|            v1|       pointer|
|v2_din      |  out|   32|       ap_fifo|            v2|       pointer|
|v2_full_n   |   in|    1|       ap_fifo|            v2|       pointer|
|v2_write    |  out|    1|       ap_fifo|            v2|       pointer|
+------------+-----+-----+--------------+--------------+--------------+

