Copyright 1986-2022 Xilinx, Inc. All Rights Reserved. Copyright 2022-2023 Advanced Micro Devices, Inc. All Rights Reserved.
--------------------------------------------------------------------------------------------------------------------------------------------------
| Tool Version      : Vivado v.2023.2 (lin64) Build 4029153 Fri Oct 13 20:13:54 MDT 2023
| Date              : Sun Sep 13 17:43:12 2026
| Host              : brg-zhang-xcel.ece.cornell.edu running 64-bit Red Hat Enterprise Linux 9.8 (Plow)
| Command           : report_timing_summary -file timing.rpt
| Design            : spmw_harness
| Device            : xcu280-fsvh2892
| Speed File        : -2L  PRODUCTION 1.30 05-01-2022
| Design State      : Routed
| Temperature Grade : E
--------------------------------------------------------------------------------------------------------------------------------------------------

Timing Summary Report

------------------------------------------------------------------------------------------------
| Timer Settings
| --------------
------------------------------------------------------------------------------------------------

  Enable Multi Corner Analysis               :  Yes
  Enable Pessimism Removal                   :  Yes
  Pessimism Removal Resolution               :  Nearest Common Node
  Enable Input Delay Default Clock           :  No
  Enable Preset / Clear Arcs                 :  No
  Disable Flight Delays                      :  No
  Ignore I/O Paths                           :  No
  Timing Early Launch at Borrowing Latches   :  No
  Borrow Time for Max Delay Exceptions       :  Yes
  Merge Timing Exceptions                    :  Yes
  Inter-SLR Compensation                     :  Conservative

  Corner  Analyze    Analyze    
  Name    Max Paths  Min Paths  
  ------  ---------  ---------  
  Slow    Yes        Yes        
  Fast    Yes        Yes        


------------------------------------------------------------------------------------------------
| Report Methodology
| ------------------
------------------------------------------------------------------------------------------------

No report available as report_methodology has not been run prior. Run report_methodology on the current design for the summary of methodology violations.



check_timing report

Table of Contents
-----------------
1. checking no_clock (0)
2. checking constant_clock (0)
3. checking pulse_width_clock (0)
4. checking unconstrained_internal_endpoints (0)
5. checking no_input_delay (2)
6. checking no_output_delay (7)
7. checking multiple_clock (0)
8. checking generated_clocks (0)
9. checking loops (0)
10. checking partial_input_delay (0)
11. checking partial_output_delay (0)
12. checking latch_loops (0)

1. checking no_clock (0)
------------------------
 There are 0 register/latch pins with no clock.


2. checking constant_clock (0)
------------------------------
 There are 0 register/latch pins with constant_clock.


3. checking pulse_width_clock (0)
---------------------------------
 There are 0 register/latch pins which need pulse_width check


4. checking unconstrained_internal_endpoints (0)
------------------------------------------------
 There are 0 pins that are not constrained for maximum delay.

 There are 0 pins that are not constrained for maximum delay due to constant clock.


5. checking no_input_delay (2)
------------------------------
 There are 2 input ports with no input delay specified. (HIGH)

 There are 0 input ports with no input delay but user has a false path constraint.


6. checking no_output_delay (7)
-------------------------------
 There are 7 ports with no output delay specified. (HIGH)

 There are 0 ports with no output delay but user has a false path constraint

 There are 0 ports with no output delay but with a timing clock defined on it or propagating through it


7. checking multiple_clock (0)
------------------------------
 There are 0 register/latch pins with multiple clocks.


8. checking generated_clocks (0)
--------------------------------
 There are 0 generated clocks that are not connected to a clock source.


9. checking loops (0)
---------------------
 There are 0 combinational loops in the design.


10. checking partial_input_delay (0)
------------------------------------
 There are 0 input ports with partial input delay specified.


11. checking partial_output_delay (0)
-------------------------------------
 There are 0 ports with partial output delay specified.


12. checking latch_loops (0)
----------------------------
 There are 0 combinational latch loops in the design through latch input



------------------------------------------------------------------------------------------------
| Design Timing Summary
| ---------------------
------------------------------------------------------------------------------------------------

    WNS(ns)      TNS(ns)  TNS Failing Endpoints  TNS Total Endpoints      WHS(ns)      THS(ns)  THS Failing Endpoints  THS Total Endpoints     WPWS(ns)     TPWS(ns)  TPWS Failing Endpoints  TPWS Total Endpoints  
    -------      -------  ---------------------  -------------------      -------      -------  ---------------------  -------------------     --------     --------  ----------------------  --------------------  
      0.568        0.000                      0                22791        0.010        0.000                      0                22791        1.134        0.000                       0                  9745  


All user specified timing constraints are met.


------------------------------------------------------------------------------------------------
| Clock Summary
| -------------
------------------------------------------------------------------------------------------------

Clock   Waveform(ns)         Period(ns)      Frequency(MHz)
-----   ------------         ----------      --------------
ap_clk  {0.000 1.666}        3.333           300.030         


------------------------------------------------------------------------------------------------
| Intra Clock Table
| -----------------
------------------------------------------------------------------------------------------------

Clock             WNS(ns)      TNS(ns)  TNS Failing Endpoints  TNS Total Endpoints      WHS(ns)      THS(ns)  THS Failing Endpoints  THS Total Endpoints     WPWS(ns)     TPWS(ns)  TPWS Failing Endpoints  TPWS Total Endpoints  
-----             -------      -------  ---------------------  -------------------      -------      -------  ---------------------  -------------------     --------     --------  ----------------------  --------------------  
ap_clk              0.568        0.000                      0                22791        0.010        0.000                      0                22791        1.134        0.000                       0                  9745  


------------------------------------------------------------------------------------------------
| Inter Clock Table
| -----------------
------------------------------------------------------------------------------------------------

From Clock    To Clock          WNS(ns)      TNS(ns)  TNS Failing Endpoints  TNS Total Endpoints      WHS(ns)      THS(ns)  THS Failing Endpoints  THS Total Endpoints  
----------    --------          -------      -------  ---------------------  -------------------      -------      -------  ---------------------  -------------------  


------------------------------------------------------------------------------------------------
| Other Path Groups Table
| -----------------------
------------------------------------------------------------------------------------------------

Path Group    From Clock    To Clock          WNS(ns)      TNS(ns)  TNS Failing Endpoints  TNS Total Endpoints      WHS(ns)      THS(ns)  THS Failing Endpoints  THS Total Endpoints  
----------    ----------    --------          -------      -------  ---------------------  -------------------      -------      -------  ---------------------  -------------------  


------------------------------------------------------------------------------------------------
| Timing Details
| --------------
------------------------------------------------------------------------------------------------


---------------------------------------------------------------------------------------------------
From Clock:  ap_clk
  To Clock:  ap_clk

Setup :            0  Failing Endpoints,  Worst Slack        0.568ns,  Total Violation        0.000ns
Hold  :            0  Failing Endpoints,  Worst Slack        0.010ns,  Total Violation        0.000ns
PW    :            0  Failing Endpoints,  Worst Slack        1.134ns,  Total Violation        0.000ns
---------------------------------------------------------------------------------------------------


Max Delay Paths
--------------------------------------------------------------------------------------
Slack (MET) :             0.568ns  (required time - arrival time)
  Source:                 dut/u_mac_r0_2_1/u/grp_mac_r0_0_Pipeline_l_S_r_2_r_fu_124/v24_reg_256_reg[3]/C
                            (rising edge-triggered cell FDRE clocked by ap_clk  {rise@0.000ns fall@1.666ns period=3.333ns})
  Destination:            dut/u_mac_r0_2_1/u/grp_mac_r0_0_Pipeline_l_S_r_2_r_fu_124/add_ln91_reg_267_reg[31]/D
                            (rising edge-triggered cell FDRE clocked by ap_clk  {rise@0.000ns fall@1.666ns period=3.333ns})
  Path Group:             ap_clk
  Path Type:              Setup (Max at Slow Process Corner)
  Requirement:            3.333ns  (ap_clk rise@3.333ns - ap_clk rise@0.000ns)
  Data Path Delay:        2.681ns  (logic 1.139ns (42.483%)  route 1.542ns (57.517%))
  Logic Levels:           9  (CARRY8=5 LUT2=2 LUT3=1 LUT6=1)
  Clock Path Skew:        -0.074ns (DCD - SCD + CPR)
    Destination Clock Delay (DCD):    1.727ns = ( 5.060 - 3.333 ) 
    Source Clock Delay      (SCD):    2.162ns
    Clock Pessimism Removal (CPR):    0.361ns
  Clock Uncertainty:      0.035ns  ((TSJ^2 + TIJ^2)^1/2 + DJ) / 2 + PE
    Total System Jitter     (TSJ):    0.071ns
    Total Input Jitter      (TIJ):    0.000ns
    Discrete Jitter          (DJ):    0.000ns
    Phase Error              (PE):    0.000ns
  Clock Net Delay (Source):      1.175ns (routing 0.170ns, distribution 1.005ns)
  Clock Net Delay (Destination): 1.033ns (routing 0.155ns, distribution 0.878ns)

    Location             Delay type                Incr(ns)  Path(ns)    Netlist Resource(s)
  -------------------------------------------------------------------    -------------------
                         (clock ap_clk rise edge)     0.000     0.000 r  
    BH26                                              0.000     0.000 r  ap_clk (IN)
                         net (fo=0)                   0.000     0.000    ap_clk_IBUF_inst/I
    BH26                 INBUF (Prop_INBUF_HPIOB_M_PAD_O)
                                                      0.636     0.636 r  ap_clk_IBUF_inst/INBUF_INST/O
                         net (fo=1, routed)           0.000     0.636    ap_clk_IBUF_inst/OUT
    BH26                 IBUFCTRL (Prop_IBUFCTRL_HPIOB_M_I_O)
                                                      0.000     0.636 r  ap_clk_IBUF_inst/IBUFCTRL_INST/O
                         net (fo=1, routed)           0.323     0.959    ap_clk_IBUF
    BUFGCE_X0Y72         BUFGCE (Prop_BUFCE_BUFGCE_I_O)
                                                      0.028     0.987 r  ap_clk_IBUF_BUFG_inst/O
    X4Y3 (CLOCK_ROOT)    net (fo=9744, routed)        1.175     2.162    dut/u_mac_r0_2_1/u/grp_mac_r0_0_Pipeline_l_S_r_2_r_fu_124/ap_clk_IBUF_BUFG
    SLICE_X126Y206       FDRE                                         r  dut/u_mac_r0_2_1/u/grp_mac_r0_0_Pipeline_l_S_r_2_r_fu_124/v24_reg_256_reg[3]/C
  -------------------------------------------------------------------    -------------------
    SLICE_X126Y206       FDRE (Prop_EFF_SLICEM_C_Q)
                                                      0.076     2.238 f  dut/u_mac_r0_2_1/u/grp_mac_r0_0_Pipeline_l_S_r_2_r_fu_124/v24_reg_256_reg[3]/Q
                         net (fo=17, routed)          0.291     2.529    dut/u_mac_r0_2_1/u/grp_mac_r0_0_Pipeline_l_S_r_2_r_fu_124/mul_8s_8s_16_1_1_U18/tmp_product__59_carry_0[3]
    SLICE_X127Y206       LUT2 (Prop_B5LUT_SLICEL_I1_O)
                                                      0.165     2.694 r  dut/u_mac_r0_2_1/u/grp_mac_r0_0_Pipeline_l_S_r_2_r_fu_124/mul_8s_8s_16_1_1_U18/tmp_product__30_carry_i_20__1/O
                         net (fo=1, routed)           0.305     2.999    dut/u_mac_r0_2_1/u/grp_mac_r0_0_Pipeline_l_S_r_2_r_fu_124/mul_8s_8s_16_1_1_U18/tmp_product__30_carry_i_20__1_n_0
    SLICE_X126Y207       LUT6 (Prop_D6LUT_SLICEM_I1_O)
                                                      0.122     3.121 r  dut/u_mac_r0_2_1/u/grp_mac_r0_0_Pipeline_l_S_r_2_r_fu_124/mul_8s_8s_16_1_1_U18/tmp_product__30_carry_i_12__1/O
                         net (fo=1, routed)           0.025     3.146    dut/u_mac_r0_2_1/u/grp_mac_r0_0_Pipeline_l_S_r_2_r_fu_124/mul_8s_8s_16_1_1_U18/tmp_product__30_carry_i_12__1_n_0
    SLICE_X126Y207       CARRY8 (Prop_CARRY8_SLICEM_S[3]_O[6])
                                                      0.172     3.318 r  dut/u_mac_r0_2_1/u/grp_mac_r0_0_Pipeline_l_S_r_2_r_fu_124/mul_8s_8s_16_1_1_U18/tmp_product__30_carry/O[6]
                         net (fo=3, routed)           0.205     3.523    dut/u_mac_r0_2_1/u/grp_mac_r0_0_Pipeline_l_S_r_2_r_fu_124/mul_8s_8s_16_1_1_U18/tmp_product__30_carry_n_9
    SLICE_X126Y210       LUT3 (Prop_H6LUT_SLICEM_I1_O)
                                                      0.101     3.624 r  dut/u_mac_r0_2_1/u/grp_mac_r0_0_Pipeline_l_S_r_2_r_fu_124/mul_8s_8s_16_1_1_U18/tmp_product__85_carry_i_2__1/O
                         net (fo=1, routed)           0.237     3.861    dut/u_mac_r0_2_1/u/grp_mac_r0_0_Pipeline_l_S_r_2_r_fu_124/mul_8s_8s_16_1_1_U18/tmp_product__85_carry_i_2__1_n_0
    SLICE_X126Y211       CARRY8 (Prop_CARRY8_SLICEM_DI[6]_CO[7])
                                                      0.060     3.921 r  dut/u_mac_r0_2_1/u/grp_mac_r0_0_Pipeline_l_S_r_2_r_fu_124/mul_8s_8s_16_1_1_U18/tmp_product__85_carry/CO[7]
                         net (fo=1, routed)           0.026     3.947    dut/u_mac_r0_2_1/u/grp_mac_r0_0_Pipeline_l_S_r_2_r_fu_124/mul_8s_8s_16_1_1_U18/tmp_product__85_carry_n_0
    SLICE_X126Y212       CARRY8 (Prop_CARRY8_SLICEM_CI_O[3])
                                                      0.082     4.029 r  dut/u_mac_r0_2_1/u/grp_mac_r0_0_Pipeline_l_S_r_2_r_fu_124/mul_8s_8s_16_1_1_U18/tmp_product__85_carry__0/O[3]
                         net (fo=4, routed)           0.388     4.417    dut/u_mac_r0_2_1/u/grp_mac_r0_0_Pipeline_l_S_r_2_r_fu_124/mul_8s_8s_16_1_1_U18/O[0]
    SLICE_X128Y215       LUT2 (Prop_A6LUT_SLICEM_I0_O)
                                                      0.053     4.470 r  dut/u_mac_r0_2_1/u/grp_mac_r0_0_Pipeline_l_S_r_2_r_fu_124/mul_8s_8s_16_1_1_U18/add_ln91_fu_235_p2_carry__1_i_9__1/O
                         net (fo=1, routed)           0.013     4.483    dut/u_mac_r0_2_1/u/grp_mac_r0_0_Pipeline_l_S_r_2_r_fu_124/mul_8s_8s_16_1_1_U18_n_1
    SLICE_X128Y215       CARRY8 (Prop_CARRY8_SLICEM_S[0]_CO[7])
                                                      0.192     4.675 r  dut/u_mac_r0_2_1/u/grp_mac_r0_0_Pipeline_l_S_r_2_r_fu_124/add_ln91_fu_235_p2_carry__1/CO[7]
                         net (fo=1, routed)           0.026     4.701    dut/u_mac_r0_2_1/u/grp_mac_r0_0_Pipeline_l_S_r_2_r_fu_124/add_ln91_fu_235_p2_carry__1_n_0
    SLICE_X128Y216       CARRY8 (Prop_CARRY8_SLICEM_CI_O[7])
                                                      0.116     4.817 r  dut/u_mac_r0_2_1/u/grp_mac_r0_0_Pipeline_l_S_r_2_r_fu_124/add_ln91_fu_235_p2_carry__2/O[7]
                         net (fo=1, routed)           0.026     4.843    dut/u_mac_r0_2_1/u/grp_mac_r0_0_Pipeline_l_S_r_2_r_fu_124/add_ln91_fu_235_p2[31]
    SLICE_X128Y216       FDRE                                         r  dut/u_mac_r0_2_1/u/grp_mac_r0_0_Pipeline_l_S_r_2_r_fu_124/add_ln91_reg_267_reg[31]/D
  -------------------------------------------------------------------    -------------------

                         (clock ap_clk rise edge)     3.333     3.333 r  
    BH26                                              0.000     3.333 r  ap_clk (IN)
                         net (fo=0)                   0.000     3.333    ap_clk_IBUF_inst/I
    BH26                 INBUF (Prop_INBUF_HPIOB_M_PAD_O)
                                                      0.385     3.718 r  ap_clk_IBUF_inst/INBUF_INST/O
                         net (fo=1, routed)           0.000     3.718    ap_clk_IBUF_inst/OUT
    BH26                 IBUFCTRL (Prop_IBUFCTRL_HPIOB_M_I_O)
                                                      0.000     3.718 r  ap_clk_IBUF_inst/IBUFCTRL_INST/O
                         net (fo=1, routed)           0.286     4.004    ap_clk_IBUF
    BUFGCE_X0Y72         BUFGCE (Prop_BUFCE_BUFGCE_I_O)
                                                      0.024     4.028 r  ap_clk_IBUF_BUFG_inst/O
    X4Y3 (CLOCK_ROOT)    net (fo=9744, routed)        1.033     5.060    dut/u_mac_r0_2_1/u/grp_mac_r0_0_Pipeline_l_S_r_2_r_fu_124/ap_clk_IBUF_BUFG
    SLICE_X128Y216       FDRE                                         r  dut/u_mac_r0_2_1/u/grp_mac_r0_0_Pipeline_l_S_r_2_r_fu_124/add_ln91_reg_267_reg[31]/C
                         clock pessimism              0.361     5.421    
                         clock uncertainty           -0.035     5.386    
    SLICE_X128Y216       FDRE (Setup_HFF_SLICEM_C_D)
                                                      0.025     5.411    dut/u_mac_r0_2_1/u/grp_mac_r0_0_Pipeline_l_S_r_2_r_fu_124/add_ln91_reg_267_reg[31]
  -------------------------------------------------------------------
                         required time                          5.411    
                         arrival time                          -4.843    
  -------------------------------------------------------------------
                         slack                                  0.568    





Min Delay Paths
--------------------------------------------------------------------------------------
Slack (MET) :             0.010ns  (arrival time - required time)
  Source:                 dut/g_mac_w_out_w_in[2].u/slice.q0_reg[17]/C
                            (rising edge-triggered cell FDRE clocked by ap_clk  {rise@0.000ns fall@1.666ns period=3.333ns})
  Destination:            dut/u_mac_r2_0_2/u/v14_reg_222_reg[17]/D
                            (rising edge-triggered cell FDRE clocked by ap_clk  {rise@0.000ns fall@1.666ns period=3.333ns})
  Path Group:             ap_clk
  Path Type:              Hold (Min at Slow Process Corner)
  Requirement:            0.000ns  (ap_clk rise@0.000ns - ap_clk rise@0.000ns)
  Data Path Delay:        0.177ns  (logic 0.058ns (32.690%)  route 0.119ns (67.310%))
  Logic Levels:           0  
  Clock Path Skew:        0.105ns (DCD - SCD - CPR)
    Destination Clock Delay (DCD):    2.219ns
    Source Clock Delay      (SCD):    1.752ns
    Clock Pessimism Removal (CPR):    0.361ns
  Clock Net Delay (Source):      1.058ns (routing 0.155ns, distribution 0.903ns)
  Clock Net Delay (Destination): 1.232ns (routing 0.170ns, distribution 1.062ns)

    Location             Delay type                Incr(ns)  Path(ns)    Netlist Resource(s)
  -------------------------------------------------------------------    -------------------
                         (clock ap_clk rise edge)     0.000     0.000 r  
    BH26                                              0.000     0.000 r  ap_clk (IN)
                         net (fo=0)                   0.000     0.000    ap_clk_IBUF_inst/I
    BH26                 INBUF (Prop_INBUF_HPIOB_M_PAD_O)
                                                      0.385     0.385 r  ap_clk_IBUF_inst/INBUF_INST/O
                         net (fo=1, routed)           0.000     0.385    ap_clk_IBUF_inst/OUT
    BH26                 IBUFCTRL (Prop_IBUFCTRL_HPIOB_M_I_O)
                                                      0.000     0.385 r  ap_clk_IBUF_inst/IBUFCTRL_INST/O
                         net (fo=1, routed)           0.286     0.671    ap_clk_IBUF
    BUFGCE_X0Y72         BUFGCE (Prop_BUFCE_BUFGCE_I_O)
                                                      0.024     0.695 r  ap_clk_IBUF_BUFG_inst/O
    X4Y3 (CLOCK_ROOT)    net (fo=9744, routed)        1.058     1.752    dut/g_mac_w_out_w_in[2].u/ap_clk_IBUF_BUFG
    SLICE_X132Y232       FDRE                                         r  dut/g_mac_w_out_w_in[2].u/slice.q0_reg[17]/C
  -------------------------------------------------------------------    -------------------
    SLICE_X132Y232       FDRE (Prop_HFF_SLICEL_C_Q)
                                                      0.058     1.810 r  dut/g_mac_w_out_w_in[2].u/slice.q0_reg[17]/Q
                         net (fo=7, routed)           0.119     1.930    dut/u_mac_r2_0_2/u/wf_3_2_fu_74_reg[31][17]
    SLICE_X135Y232       FDRE                                         r  dut/u_mac_r2_0_2/u/v14_reg_222_reg[17]/D
  -------------------------------------------------------------------    -------------------

                         (clock ap_clk rise edge)     0.000     0.000 r  
    BH26                                              0.000     0.000 r  ap_clk (IN)
                         net (fo=0)                   0.000     0.000    ap_clk_IBUF_inst/I
    BH26                 INBUF (Prop_INBUF_HPIOB_M_PAD_O)
                                                      0.636     0.636 r  ap_clk_IBUF_inst/INBUF_INST/O
                         net (fo=1, routed)           0.000     0.636    ap_clk_IBUF_inst/OUT
    BH26                 IBUFCTRL (Prop_IBUFCTRL_HPIOB_M_I_O)
                                                      0.000     0.636 r  ap_clk_IBUF_inst/IBUFCTRL_INST/O
                         net (fo=1, routed)           0.323     0.959    ap_clk_IBUF
    BUFGCE_X0Y72         BUFGCE (Prop_BUFCE_BUFGCE_I_O)
                                                      0.028     0.987 r  ap_clk_IBUF_BUFG_inst/O
    X4Y3 (CLOCK_ROOT)    net (fo=9744, routed)        1.232     2.219    dut/u_mac_r2_0_2/u/ap_clk_IBUF_BUFG
    SLICE_X135Y232       FDRE                                         r  dut/u_mac_r2_0_2/u/v14_reg_222_reg[17]/C
                         clock pessimism             -0.361     1.858    
    SLICE_X135Y232       FDRE (Hold_HFF2_SLICEL_C_D)
                                                      0.062     1.920    dut/u_mac_r2_0_2/u/v14_reg_222_reg[17]
  -------------------------------------------------------------------
                         required time                         -1.920    
                         arrival time                           1.930    
  -------------------------------------------------------------------
                         slack                                  0.010    





Pulse Width Checks
--------------------------------------------------------------------------------------
Clock Name:         ap_clk
Waveform(ns):       { 0.000 1.666 }
Period(ns):         3.333
Sources:            { ap_clk }

Check Type        Corner  Lib Pin     Reference Pin  Required(ns)  Actual(ns)  Slack(ns)  Location        Pin
Min Period        n/a     BUFGCE/I    n/a            1.290         3.333       2.043      BUFGCE_X0Y72    ap_clk_IBUF_BUFG_inst/I
Low Pulse Width   Slow    SRL16E/CLK  n/a            0.532         1.666       1.134      SLICE_X122Y208  gen_mac_a_in_bind[0].lf_mac_a_in_bind_reg[19]_srl12___gen_mac_a_in_bind_r_10/CLK
High Pulse Width  Slow    SRL16E/CLK  n/a            0.532         1.667       1.135      SLICE_X122Y208  gen_mac_a_in_bind[0].lf_mac_a_in_bind_reg[19]_srl12___gen_mac_a_in_bind_r_10/CLK



