Copyright 1986-2022 Xilinx, Inc. All Rights Reserved. Copyright 2022-2023 Advanced Micro Devices, Inc. All Rights Reserved.
---------------------------------------------------------------------------------------------------------------------------------------------------------------------------------------------------------------------------------------------------------------------------------------------------------------------------------------------------------------------------------------------------------------------------------------------------------------------------------------------------------------------------------------
| Tool Version      : Vivado v.2023.2 (lin64) Build 4029153 Fri Oct 13 20:13:54 MDT 2023
| Date              : Thu Oct  1 18:30:46 2026
| Host              : brg-zhang-xcel.ece.cornell.edu running 64-bit Red Hat Enterprise Linux 9.8 (Plow)
| Command           : report_timing -from [get_cells -hier -filter {IS_PRIMITIVE && (NAME =~ ex_controller/* || NAME =~ spad/*) && NAME !~ spad/reader* && NAME !~ spad/writer* && NAME !~ spad/buffer* && NAME !~ spad/xbar* && NAME !~ spad/widget*}] -to [get_cells -hier -filter {IS_PRIMITIVE && (NAME =~ ex_controller/* || NAME =~ spad/*) && NAME !~ spad/reader* && NAME !~ spad/writer* && NAME !~ spad/buffer* && NAME !~ spad/xbar* && NAME !~ spad/widget*}] -max_paths 3 -nworst 1 -sort_by slack -file scope_timing.rpt
| Design            : Gemmini
| Device            : xcu280-fsvh2892
| Speed File        : -2L  PRODUCTION 1.30 05-01-2022
| Design State      : Physopt postRoute
| Temperature Grade : E
---------------------------------------------------------------------------------------------------------------------------------------------------------------------------------------------------------------------------------------------------------------------------------------------------------------------------------------------------------------------------------------------------------------------------------------------------------------------------------------------------------------------------------------

Timing Report

Slack (VIOLATED) :        -4.083ns  (required time - arrival time)
  Source:                 ex_controller/cmd_q/raddr_reg[1]_rep/C
                            (rising edge-triggered cell FDRE clocked by clk  {rise@0.000ns fall@1.666ns period=3.333ns})
  Destination:            spad/spad_mems_0/mem_ext/Memory_reg_7_bram_1/ADDRARDADDR[5]
                            (rising edge-triggered cell RAMB36E2 clocked by clk  {rise@0.000ns fall@1.666ns period=3.333ns})
  Path Group:             clk
  Path Type:              Setup (Max at Slow Process Corner)
  Requirement:            3.333ns  (clk rise@3.333ns - clk rise@0.000ns)
  Data Path Delay:        7.038ns  (logic 1.542ns (21.910%)  route 5.496ns (78.090%))
  Logic Levels:           14  (LUT3=1 LUT5=6 LUT6=6 MUXF7=1)
  Clock Path Skew:        0.009ns (DCD - SCD + CPR)
    Destination Clock Delay (DCD):    0.039ns = ( 3.372 - 3.333 ) 
    Source Clock Delay      (SCD):    0.030ns
    Clock Pessimism Removal (CPR):    0.000ns
  Clock Uncertainty:      0.035ns  ((TSJ^2 + TIJ^2)^1/2 + DJ) / 2 + PE
    Total System Jitter     (TSJ):    0.071ns
    Total Input Jitter      (TIJ):    0.000ns
    Discrete Jitter          (DJ):    0.000ns
    Phase Error              (PE):    0.000ns

    Location             Delay type                Incr(ns)  Path(ns)    Netlist Resource(s)
  -------------------------------------------------------------------    -------------------
                         (clock clk rise edge)        0.000     0.000 r  
                                                      0.000     0.000 r  clock (IN)
                         net (fo=36352, unset)        0.030     0.030    ex_controller/cmd_q/clock
    SLICE_X61Y145        FDRE                                         r  ex_controller/cmd_q/raddr_reg[1]_rep/C
  -------------------------------------------------------------------    -------------------
    SLICE_X61Y145        FDRE (Prop_GFF2_SLICEM_C_Q)
                                                      0.079     0.109 r  ex_controller/cmd_q/raddr_reg[1]_rep/Q
                         net (fo=189, routed)         0.565     0.674    ex_controller/cmd_q/raddr_reg[1]_rep_n_0
    SLICE_X67Y136        LUT6 (Prop_D6LUT_SLICEL_I2_O)
                                                      0.146     0.820 r  ex_controller/cmd_q/Memory_reg_0_7_0_13_i_98/O
                         net (fo=1, routed)           0.009     0.829    ex_controller/cmd_q/Memory_reg_0_7_0_13_i_98_n_0
    SLICE_X67Y136        MUXF7 (Prop_F7MUX_CD_SLICEL_I0_O)
                                                      0.063     0.892 r  ex_controller/cmd_q/Memory_reg_0_7_0_13_i_63/O
                         net (fo=2, routed)           0.285     1.177    ex_controller/cmd_q/Memory_reg_0_7_0_13_i_63_n_0
    SLICE_X64Y139        LUT5 (Prop_F6LUT_SLICEL_I4_O)
                                                      0.035     1.212 f  ex_controller/cmd_q/Memory_reg_0_7_0_13_i_26__0/O
                         net (fo=51, routed)          0.120     1.332    ex_controller/cmd_q/Memory_reg_0_7_0_13_i_26__0_n_0
    SLICE_X64Y140        LUT3 (Prop_E6LUT_SLICEL_I0_O)
                                                      0.090     1.422 r  ex_controller/cmd_q/Memory_reg_0_7_0_13_i_6__0/O
                         net (fo=108, routed)         0.438     1.859    ex_controller/cmd_q/Memory_reg_0_7_0_13_i_6__0_n_0
    SLICE_X69Y146        LUT5 (Prop_F6LUT_SLICEL_I1_O)
                                                      0.123     1.982 f  ex_controller/cmd_q/Memory_reg_0_7_56_69_i_26__0/O
                         net (fo=4, routed)           0.201     2.183    ex_controller/cmd_q/Memory_reg_0_7_56_69_i_26__0_n_0
    SLICE_X67Y143        LUT6 (Prop_F6LUT_SLICEL_I0_O)
                                                      0.089     2.272 f  ex_controller/cmd_q/Memory_reg_0_7_56_69_i_18__0/O
                         net (fo=1, routed)           0.219     2.491    ex_controller/cmd_q/Memory_reg_0_7_56_69_i_18__0_n_0
    SLICE_X63Y143        LUT6 (Prop_D6LUT_SLICEM_I5_O)
                                                      0.145     2.636 r  ex_controller/cmd_q/Memory_reg_0_7_56_69_i_6__0/O
                         net (fo=50, routed)          0.476     3.112    ex_controller/cmd_q/total_rows[0]
    SLICE_X59Y140        LUT5 (Prop_E6LUT_SLICEL_I2_O)
                                                      0.090     3.202 r  ex_controller/cmd_q/a_fire_counter[2]_i_8/O
                         net (fo=2, routed)           0.185     3.387    ex_controller/cmd_q/a_fire_counter[2]_i_8_n_0
    SLICE_X60Y141        LUT6 (Prop_H6LUT_SLICEM_I4_O)
                                                      0.090     3.477 r  ex_controller/cmd_q/a_fire_counter[2]_i_3/O
                         net (fo=3, routed)           0.106     3.583    ex_controller/cmd_q/D[2]
    SLICE_X60Y142        LUT6 (Prop_G6LUT_SLICEM_I3_O)
                                                      0.123     3.706 r  ex_controller/cmd_q/Memory_reg_0_bram_0_i_98/O
                         net (fo=4, routed)           0.164     3.870    ex_controller/cmd_q/Memory_reg_0_bram_0_i_98_n_0
    SLICE_X59Y144        LUT6 (Prop_B6LUT_SLICEL_I2_O)
                                                      0.124     3.994 r  ex_controller/cmd_q/Memory_reg_0_bram_0_i_65/O
                         net (fo=14, routed)          0.246     4.240    ex_controller/cmd_q/Memory_reg_0_bram_0_i_65_n_0
    SLICE_X57Y142        LUT5 (Prop_G5LUT_SLICEM_I1_O)
                                                      0.112     4.352 r  ex_controller/cmd_q/Memory_reg_0_bram_0_i_25/O
                         net (fo=29, routed)          0.417     4.770    ex_controller/cmd_q/Memory_reg_0_bram_0_i_25_0
    SLICE_X61Y136        LUT5 (Prop_D6LUT_SLICEM_I4_O)
                                                      0.088     4.858 r  ex_controller/cmd_q/Memory_reg_0_bram_0_i_44/O
                         net (fo=1, routed)           0.052     4.910    spad/mvin_scale_pixel_repeater/_req_arb_io_out_bits_addr[2]
    SLICE_X61Y136        LUT5 (Prop_C6LUT_SLICEM_I1_O)
                                                      0.145     5.055 r  spad/mvin_scale_pixel_repeater/Memory_reg_0_bram_0_i_11/O
                         net (fo=16, routed)          2.013     7.068    spad/spad_mems_0/mem_ext/ADDRARDADDR[2]
    RAMB36_X0Y28         RAMB36E2                                     r  spad/spad_mems_0/mem_ext/Memory_reg_7_bram_1/ADDRARDADDR[5]
  -------------------------------------------------------------------    -------------------

                         (clock clk rise edge)        3.333     3.333 r  
                                                      0.000     3.333 r  clock (IN)
                         net (fo=36352, unset)        0.039     3.372    spad/spad_mems_0/mem_ext/clock
    RAMB36_X0Y28         RAMB36E2                                     r  spad/spad_mems_0/mem_ext/Memory_reg_7_bram_1/CLKARDCLK
                         clock pessimism              0.000     3.372    
                         clock uncertainty           -0.035     3.337    
    RAMB36_X0Y28         RAMB36E2 (Setup_RAMB36E2_RAMB36_CLKARDCLK_ADDRARDADDR[5])
                                                     -0.352     2.985    spad/spad_mems_0/mem_ext/Memory_reg_7_bram_1
  -------------------------------------------------------------------
                         required time                          2.985    
                         arrival time                          -7.068    
  -------------------------------------------------------------------
                         slack                                 -4.083    

Slack (VIOLATED) :        -4.058ns  (required time - arrival time)
  Source:                 ex_controller/cmd_q/raddr_reg[1]_rep/C
                            (rising edge-triggered cell FDRE clocked by clk  {rise@0.000ns fall@1.666ns period=3.333ns})
  Destination:            spad/spad_mems_0/mem_ext/Memory_reg_7_bram_1/ADDRARDADDR[8]
                            (rising edge-triggered cell RAMB36E2 clocked by clk  {rise@0.000ns fall@1.666ns period=3.333ns})
  Path Group:             clk
  Path Type:              Setup (Max at Slow Process Corner)
  Requirement:            3.333ns  (clk rise@3.333ns - clk rise@0.000ns)
  Data Path Delay:        7.081ns  (logic 1.447ns (20.434%)  route 5.634ns (79.566%))
  Logic Levels:           14  (LUT3=1 LUT5=6 LUT6=6 MUXF7=1)
  Clock Path Skew:        0.009ns (DCD - SCD + CPR)
    Destination Clock Delay (DCD):    0.039ns = ( 3.372 - 3.333 ) 
    Source Clock Delay      (SCD):    0.030ns
    Clock Pessimism Removal (CPR):    0.000ns
  Clock Uncertainty:      0.035ns  ((TSJ^2 + TIJ^2)^1/2 + DJ) / 2 + PE
    Total System Jitter     (TSJ):    0.071ns
    Total Input Jitter      (TIJ):    0.000ns
    Discrete Jitter          (DJ):    0.000ns
    Phase Error              (PE):    0.000ns

    Location             Delay type                Incr(ns)  Path(ns)    Netlist Resource(s)
  -------------------------------------------------------------------    -------------------
                         (clock clk rise edge)        0.000     0.000 r  
                                                      0.000     0.000 r  clock (IN)
                         net (fo=36352, unset)        0.030     0.030    ex_controller/cmd_q/clock
    SLICE_X61Y145        FDRE                                         r  ex_controller/cmd_q/raddr_reg[1]_rep/C
  -------------------------------------------------------------------    -------------------
    SLICE_X61Y145        FDRE (Prop_GFF2_SLICEM_C_Q)
                                                      0.079     0.109 r  ex_controller/cmd_q/raddr_reg[1]_rep/Q
                         net (fo=189, routed)         0.565     0.674    ex_controller/cmd_q/raddr_reg[1]_rep_n_0
    SLICE_X67Y136        LUT6 (Prop_D6LUT_SLICEL_I2_O)
                                                      0.146     0.820 r  ex_controller/cmd_q/Memory_reg_0_7_0_13_i_98/O
                         net (fo=1, routed)           0.009     0.829    ex_controller/cmd_q/Memory_reg_0_7_0_13_i_98_n_0
    SLICE_X67Y136        MUXF7 (Prop_F7MUX_CD_SLICEL_I0_O)
                                                      0.063     0.892 r  ex_controller/cmd_q/Memory_reg_0_7_0_13_i_63/O
                         net (fo=2, routed)           0.285     1.177    ex_controller/cmd_q/Memory_reg_0_7_0_13_i_63_n_0
    SLICE_X64Y139        LUT5 (Prop_F6LUT_SLICEL_I4_O)
                                                      0.035     1.212 f  ex_controller/cmd_q/Memory_reg_0_7_0_13_i_26__0/O
                         net (fo=51, routed)          0.120     1.332    ex_controller/cmd_q/Memory_reg_0_7_0_13_i_26__0_n_0
    SLICE_X64Y140        LUT3 (Prop_E6LUT_SLICEL_I0_O)
                                                      0.090     1.422 r  ex_controller/cmd_q/Memory_reg_0_7_0_13_i_6__0/O
                         net (fo=108, routed)         0.438     1.859    ex_controller/cmd_q/Memory_reg_0_7_0_13_i_6__0_n_0
    SLICE_X69Y146        LUT5 (Prop_F6LUT_SLICEL_I1_O)
                                                      0.123     1.982 f  ex_controller/cmd_q/Memory_reg_0_7_56_69_i_26__0/O
                         net (fo=4, routed)           0.201     2.183    ex_controller/cmd_q/Memory_reg_0_7_56_69_i_26__0_n_0
    SLICE_X67Y143        LUT6 (Prop_F6LUT_SLICEL_I0_O)
                                                      0.089     2.272 f  ex_controller/cmd_q/Memory_reg_0_7_56_69_i_18__0/O
                         net (fo=1, routed)           0.219     2.491    ex_controller/cmd_q/Memory_reg_0_7_56_69_i_18__0_n_0
    SLICE_X63Y143        LUT6 (Prop_D6LUT_SLICEM_I5_O)
                                                      0.145     2.636 r  ex_controller/cmd_q/Memory_reg_0_7_56_69_i_6__0/O
                         net (fo=50, routed)          0.476     3.112    ex_controller/cmd_q/total_rows[0]
    SLICE_X59Y140        LUT5 (Prop_E6LUT_SLICEL_I2_O)
                                                      0.090     3.202 r  ex_controller/cmd_q/a_fire_counter[2]_i_8/O
                         net (fo=2, routed)           0.185     3.387    ex_controller/cmd_q/a_fire_counter[2]_i_8_n_0
    SLICE_X60Y141        LUT6 (Prop_H6LUT_SLICEM_I4_O)
                                                      0.090     3.477 r  ex_controller/cmd_q/a_fire_counter[2]_i_3/O
                         net (fo=3, routed)           0.106     3.583    ex_controller/cmd_q/D[2]
    SLICE_X60Y142        LUT6 (Prop_G6LUT_SLICEM_I3_O)
                                                      0.123     3.706 r  ex_controller/cmd_q/Memory_reg_0_bram_0_i_98/O
                         net (fo=4, routed)           0.164     3.870    ex_controller/cmd_q/Memory_reg_0_bram_0_i_98_n_0
    SLICE_X59Y144        LUT6 (Prop_B6LUT_SLICEL_I2_O)
                                                      0.124     3.994 r  ex_controller/cmd_q/Memory_reg_0_bram_0_i_65/O
                         net (fo=14, routed)          0.246     4.240    ex_controller/cmd_q/Memory_reg_0_bram_0_i_65_n_0
    SLICE_X57Y142        LUT5 (Prop_G5LUT_SLICEM_I1_O)
                                                      0.112     4.352 r  ex_controller/cmd_q/Memory_reg_0_bram_0_i_25/O
                         net (fo=29, routed)          0.448     4.800    ex_controller/cmd_q/Memory_reg_0_bram_0_i_25_0
    SLICE_X63Y145        LUT5 (Prop_H6LUT_SLICEM_I4_O)
                                                      0.101     4.901 r  ex_controller/cmd_q/Memory_reg_0_bram_0_i_38/O
                         net (fo=1, routed)           0.093     4.994    spad/mvin_scale_pixel_repeater/_req_arb_io_out_bits_addr[5]
    SLICE_X63Y148        LUT5 (Prop_B6LUT_SLICEM_I1_O)
                                                      0.037     5.031 r  spad/mvin_scale_pixel_repeater/Memory_reg_0_bram_0_i_8/O
                         net (fo=16, routed)          2.080     7.111    spad/spad_mems_0/mem_ext/ADDRARDADDR[5]
    RAMB36_X0Y28         RAMB36E2                                     r  spad/spad_mems_0/mem_ext/Memory_reg_7_bram_1/ADDRARDADDR[8]
  -------------------------------------------------------------------    -------------------

                         (clock clk rise edge)        3.333     3.333 r  
                                                      0.000     3.333 r  clock (IN)
                         net (fo=36352, unset)        0.039     3.372    spad/spad_mems_0/mem_ext/clock
    RAMB36_X0Y28         RAMB36E2                                     r  spad/spad_mems_0/mem_ext/Memory_reg_7_bram_1/CLKARDCLK
                         clock pessimism              0.000     3.372    
                         clock uncertainty           -0.035     3.337    
    RAMB36_X0Y28         RAMB36E2 (Setup_RAMB36E2_RAMB36_CLKARDCLK_ADDRARDADDR[8])
                                                     -0.283     3.054    spad/spad_mems_0/mem_ext/Memory_reg_7_bram_1
  -------------------------------------------------------------------
                         required time                          3.054    
                         arrival time                          -7.111    
  -------------------------------------------------------------------
                         slack                                 -4.058    

Slack (VIOLATED) :        -4.011ns  (required time - arrival time)
  Source:                 ex_controller/cmd_q/raddr_reg[1]_rep/C
                            (rising edge-triggered cell FDRE clocked by clk  {rise@0.000ns fall@1.666ns period=3.333ns})
  Destination:            spad/spad_mems_0/mem_ext/Memory_reg_7_bram_0/ADDRARDADDR[8]
                            (rising edge-triggered cell RAMB36E2 clocked by clk  {rise@0.000ns fall@1.666ns period=3.333ns})
  Path Group:             clk
  Path Type:              Setup (Max at Slow Process Corner)
  Requirement:            3.333ns  (clk rise@3.333ns - clk rise@0.000ns)
  Data Path Delay:        7.035ns  (logic 1.447ns (20.569%)  route 5.588ns (79.431%))
  Logic Levels:           14  (LUT3=1 LUT5=6 LUT6=6 MUXF7=1)
  Clock Path Skew:        0.009ns (DCD - SCD + CPR)
    Destination Clock Delay (DCD):    0.039ns = ( 3.372 - 3.333 ) 
    Source Clock Delay      (SCD):    0.030ns
    Clock Pessimism Removal (CPR):    0.000ns
  Clock Uncertainty:      0.035ns  ((TSJ^2 + TIJ^2)^1/2 + DJ) / 2 + PE
    Total System Jitter     (TSJ):    0.071ns
    Total Input Jitter      (TIJ):    0.000ns
    Discrete Jitter          (DJ):    0.000ns
    Phase Error              (PE):    0.000ns

    Location             Delay type                Incr(ns)  Path(ns)    Netlist Resource(s)
  -------------------------------------------------------------------    -------------------
                         (clock clk rise edge)        0.000     0.000 r  
                                                      0.000     0.000 r  clock (IN)
                         net (fo=36352, unset)        0.030     0.030    ex_controller/cmd_q/clock
    SLICE_X61Y145        FDRE                                         r  ex_controller/cmd_q/raddr_reg[1]_rep/C
  -------------------------------------------------------------------    -------------------
    SLICE_X61Y145        FDRE (Prop_GFF2_SLICEM_C_Q)
                                                      0.079     0.109 r  ex_controller/cmd_q/raddr_reg[1]_rep/Q
                         net (fo=189, routed)         0.565     0.674    ex_controller/cmd_q/raddr_reg[1]_rep_n_0
    SLICE_X67Y136        LUT6 (Prop_D6LUT_SLICEL_I2_O)
                                                      0.146     0.820 r  ex_controller/cmd_q/Memory_reg_0_7_0_13_i_98/O
                         net (fo=1, routed)           0.009     0.829    ex_controller/cmd_q/Memory_reg_0_7_0_13_i_98_n_0
    SLICE_X67Y136        MUXF7 (Prop_F7MUX_CD_SLICEL_I0_O)
                                                      0.063     0.892 r  ex_controller/cmd_q/Memory_reg_0_7_0_13_i_63/O
                         net (fo=2, routed)           0.285     1.177    ex_controller/cmd_q/Memory_reg_0_7_0_13_i_63_n_0
    SLICE_X64Y139        LUT5 (Prop_F6LUT_SLICEL_I4_O)
                                                      0.035     1.212 f  ex_controller/cmd_q/Memory_reg_0_7_0_13_i_26__0/O
                         net (fo=51, routed)          0.120     1.332    ex_controller/cmd_q/Memory_reg_0_7_0_13_i_26__0_n_0
    SLICE_X64Y140        LUT3 (Prop_E6LUT_SLICEL_I0_O)
                                                      0.090     1.422 r  ex_controller/cmd_q/Memory_reg_0_7_0_13_i_6__0/O
                         net (fo=108, routed)         0.438     1.859    ex_controller/cmd_q/Memory_reg_0_7_0_13_i_6__0_n_0
    SLICE_X69Y146        LUT5 (Prop_F6LUT_SLICEL_I1_O)
                                                      0.123     1.982 f  ex_controller/cmd_q/Memory_reg_0_7_56_69_i_26__0/O
                         net (fo=4, routed)           0.201     2.183    ex_controller/cmd_q/Memory_reg_0_7_56_69_i_26__0_n_0
    SLICE_X67Y143        LUT6 (Prop_F6LUT_SLICEL_I0_O)
                                                      0.089     2.272 f  ex_controller/cmd_q/Memory_reg_0_7_56_69_i_18__0/O
                         net (fo=1, routed)           0.219     2.491    ex_controller/cmd_q/Memory_reg_0_7_56_69_i_18__0_n_0
    SLICE_X63Y143        LUT6 (Prop_D6LUT_SLICEM_I5_O)
                                                      0.145     2.636 r  ex_controller/cmd_q/Memory_reg_0_7_56_69_i_6__0/O
                         net (fo=50, routed)          0.476     3.112    ex_controller/cmd_q/total_rows[0]
    SLICE_X59Y140        LUT5 (Prop_E6LUT_SLICEL_I2_O)
                                                      0.090     3.202 r  ex_controller/cmd_q/a_fire_counter[2]_i_8/O
                         net (fo=2, routed)           0.185     3.387    ex_controller/cmd_q/a_fire_counter[2]_i_8_n_0
    SLICE_X60Y141        LUT6 (Prop_H6LUT_SLICEM_I4_O)
                                                      0.090     3.477 r  ex_controller/cmd_q/a_fire_counter[2]_i_3/O
                         net (fo=3, routed)           0.106     3.583    ex_controller/cmd_q/D[2]
    SLICE_X60Y142        LUT6 (Prop_G6LUT_SLICEM_I3_O)
                                                      0.123     3.706 r  ex_controller/cmd_q/Memory_reg_0_bram_0_i_98/O
                         net (fo=4, routed)           0.164     3.870    ex_controller/cmd_q/Memory_reg_0_bram_0_i_98_n_0
    SLICE_X59Y144        LUT6 (Prop_B6LUT_SLICEL_I2_O)
                                                      0.124     3.994 r  ex_controller/cmd_q/Memory_reg_0_bram_0_i_65/O
                         net (fo=14, routed)          0.246     4.240    ex_controller/cmd_q/Memory_reg_0_bram_0_i_65_n_0
    SLICE_X57Y142        LUT5 (Prop_G5LUT_SLICEM_I1_O)
                                                      0.112     4.352 r  ex_controller/cmd_q/Memory_reg_0_bram_0_i_25/O
                         net (fo=29, routed)          0.448     4.800    ex_controller/cmd_q/Memory_reg_0_bram_0_i_25_0
    SLICE_X63Y145        LUT5 (Prop_H6LUT_SLICEM_I4_O)
                                                      0.101     4.901 r  ex_controller/cmd_q/Memory_reg_0_bram_0_i_38/O
                         net (fo=1, routed)           0.093     4.994    spad/mvin_scale_pixel_repeater/_req_arb_io_out_bits_addr[5]
    SLICE_X63Y148        LUT5 (Prop_B6LUT_SLICEM_I1_O)
                                                      0.037     5.031 r  spad/mvin_scale_pixel_repeater/Memory_reg_0_bram_0_i_8/O
                         net (fo=16, routed)          2.034     7.065    spad/spad_mems_0/mem_ext/ADDRARDADDR[5]
    RAMB36_X0Y27         RAMB36E2                                     r  spad/spad_mems_0/mem_ext/Memory_reg_7_bram_0/ADDRARDADDR[8]
  -------------------------------------------------------------------    -------------------

                         (clock clk rise edge)        3.333     3.333 r  
                                                      0.000     3.333 r  clock (IN)
                         net (fo=36352, unset)        0.039     3.372    spad/spad_mems_0/mem_ext/clock
    RAMB36_X0Y27         RAMB36E2                                     r  spad/spad_mems_0/mem_ext/Memory_reg_7_bram_0/CLKARDCLK
                         clock pessimism              0.000     3.372    
                         clock uncertainty           -0.035     3.337    
    RAMB36_X0Y27         RAMB36E2 (Setup_RAMB36E2_RAMB36_CLKARDCLK_ADDRARDADDR[8])
                                                     -0.283     3.054    spad/spad_mems_0/mem_ext/Memory_reg_7_bram_0
  -------------------------------------------------------------------
                         required time                          3.054    
                         arrival time                          -7.065    
  -------------------------------------------------------------------
                         slack                                 -4.011    




