Copyright 1986-2022 Xilinx, Inc. All Rights Reserved. Copyright 2022-2023 Advanced Micro Devices, Inc. All Rights Reserved.
--------------------------------------------------------------------------------------------------------------------------------------------------
| Tool Version      : Vivado v.2023.2 (lin64) Build 4029153 Fri Oct 13 20:13:54 MDT 2023
| Date              : Thu Oct  1 18:28:20 2026
| Host              : brg-zhang-xcel.ece.cornell.edu running 64-bit Red Hat Enterprise Linux 9.8 (Plow)
| Command           : report_timing_summary -file timing.rpt
| Design            : Gemmini
| Device            : xcu280-fsvh2892
| Speed File        : -2L  PRODUCTION 1.30 05-01-2022
| Design State      : Physopt postRoute
| Temperature Grade : E
--------------------------------------------------------------------------------------------------------------------------------------------------

Timing Summary Report

------------------------------------------------------------------------------------------------
| Timer Settings
| --------------
------------------------------------------------------------------------------------------------

  Enable Multi Corner Analysis               :  Yes
  Enable Pessimism Removal                   :  Yes
  Pessimism Removal Resolution               :  Nearest Common Node
  Enable Input Delay Default Clock           :  No
  Enable Preset / Clear Arcs                 :  No
  Disable Flight Delays                      :  No
  Ignore I/O Paths                           :  No
  Timing Early Launch at Borrowing Latches   :  No
  Borrow Time for Max Delay Exceptions       :  Yes
  Merge Timing Exceptions                    :  Yes
  Inter-SLR Compensation                     :  Conservative

  Corner  Analyze    Analyze    
  Name    Max Paths  Min Paths  
  ------  ---------  ---------  
  Slow    Yes        Yes        
  Fast    Yes        Yes        


------------------------------------------------------------------------------------------------
| Report Methodology
| ------------------
------------------------------------------------------------------------------------------------

No report available as report_methodology has not been run prior. Run report_methodology on the current design for the summary of methodology violations.



check_timing report

Table of Contents
-----------------
1. checking no_clock (0)
2. checking constant_clock (0)
3. checking pulse_width_clock (0)
4. checking unconstrained_internal_endpoints (0)
5. checking no_input_delay (890)
6. checking no_output_delay (226)
7. checking multiple_clock (0)
8. checking generated_clocks (0)
9. checking loops (0)
10. checking partial_input_delay (0)
11. checking partial_output_delay (0)
12. checking latch_loops (0)

1. checking no_clock (0)
------------------------
 There are 0 register/latch pins with no clock.


2. checking constant_clock (0)
------------------------------
 There are 0 register/latch pins with constant_clock.


3. checking pulse_width_clock (0)
---------------------------------
 There are 0 register/latch pins which need pulse_width check


4. checking unconstrained_internal_endpoints (0)
------------------------------------------------
 There are 0 pins that are not constrained for maximum delay.

 There are 0 pins that are not constrained for maximum delay due to constant clock.


5. checking no_input_delay (890)
--------------------------------
 There are 890 input ports with no input delay specified. (HIGH)

 There are 0 input ports with no input delay but user has a false path constraint.


6. checking no_output_delay (226)
---------------------------------
 There are 226 ports with no output delay specified. (HIGH)

 There are 0 ports with no output delay but user has a false path constraint

 There are 0 ports with no output delay but with a timing clock defined on it or propagating through it


7. checking multiple_clock (0)
------------------------------
 There are 0 register/latch pins with multiple clocks.


8. checking generated_clocks (0)
--------------------------------
 There are 0 generated clocks that are not connected to a clock source.


9. checking loops (0)
---------------------
 There are 0 combinational loops in the design.


10. checking partial_input_delay (0)
------------------------------------
 There are 0 input ports with partial input delay specified.


11. checking partial_output_delay (0)
-------------------------------------
 There are 0 ports with partial output delay specified.


12. checking latch_loops (0)
----------------------------
 There are 0 combinational latch loops in the design through latch input



------------------------------------------------------------------------------------------------
| Design Timing Summary
| ---------------------
------------------------------------------------------------------------------------------------

    WNS(ns)      TNS(ns)  TNS Failing Endpoints  TNS Total Endpoints      WHS(ns)      THS(ns)  THS Failing Endpoints  THS Total Endpoints     WPWS(ns)     TPWS(ns)  TPWS Failing Endpoints  TPWS Total Endpoints  
    -------      -------  ---------------------  -------------------      -------      -------  ---------------------  -------------------     --------     --------  ----------------------  --------------------  
     -7.164   -69370.398                  35766                81101        0.019        0.000                      0                81101        1.124        0.000                       0                 35750  


Timing constraints are not met.


------------------------------------------------------------------------------------------------
| Clock Summary
| -------------
------------------------------------------------------------------------------------------------

Clock  Waveform(ns)         Period(ns)      Frequency(MHz)
-----  ------------         ----------      --------------
clk    {0.000 1.666}        3.333           300.030         


------------------------------------------------------------------------------------------------
| Intra Clock Table
| -----------------
------------------------------------------------------------------------------------------------

Clock             WNS(ns)      TNS(ns)  TNS Failing Endpoints  TNS Total Endpoints      WHS(ns)      THS(ns)  THS Failing Endpoints  THS Total Endpoints     WPWS(ns)     TPWS(ns)  TPWS Failing Endpoints  TPWS Total Endpoints  
-----             -------      -------  ---------------------  -------------------      -------      -------  ---------------------  -------------------     --------     --------  ----------------------  --------------------  
clk                -7.164   -69370.398                  35766                81101        0.019        0.000                      0                81101        1.124        0.000                       0                 35750  


------------------------------------------------------------------------------------------------
| Inter Clock Table
| -----------------
------------------------------------------------------------------------------------------------

From Clock    To Clock          WNS(ns)      TNS(ns)  TNS Failing Endpoints  TNS Total Endpoints      WHS(ns)      THS(ns)  THS Failing Endpoints  THS Total Endpoints  
----------    --------          -------      -------  ---------------------  -------------------      -------      -------  ---------------------  -------------------  


------------------------------------------------------------------------------------------------
| Other Path Groups Table
| -----------------------
------------------------------------------------------------------------------------------------

Path Group    From Clock    To Clock          WNS(ns)      TNS(ns)  TNS Failing Endpoints  TNS Total Endpoints      WHS(ns)      THS(ns)  THS Failing Endpoints  THS Total Endpoints  
----------    ----------    --------          -------      -------  ---------------------  -------------------      -------      -------  ---------------------  -------------------  


------------------------------------------------------------------------------------------------
| Timing Details
| --------------
------------------------------------------------------------------------------------------------


---------------------------------------------------------------------------------------------------
From Clock:  clk
  To Clock:  clk

Setup :        35766  Failing Endpoints,  Worst Slack       -7.164ns,  Total Violation   -69370.399ns
Hold  :            0  Failing Endpoints,  Worst Slack        0.019ns,  Total Violation        0.000ns
PW    :            0  Failing Endpoints,  Worst Slack        1.124ns,  Total Violation        0.000ns
---------------------------------------------------------------------------------------------------


Max Delay Paths
--------------------------------------------------------------------------------------
Slack (VIOLATED) :        -7.164ns  (required time - arrival time)
  Source:                 mod/head_loop_id_reg/C
                            (rising edge-triggered cell FDRE clocked by clk  {rise@0.000ns fall@1.666ns period=3.333ns})
  Destination:            mod/ld_input/command_p/stages_0_spad_addr[28]_i_104_psdsp_1/D
                            (rising edge-triggered cell FDRE clocked by clk  {rise@0.000ns fall@1.666ns period=3.333ns})
  Path Group:             clk
  Path Type:              Setup (Max at Slow Process Corner)
  Requirement:            3.333ns  (clk rise@3.333ns - clk rise@0.000ns)
  Data Path Delay:        10.478ns  (logic 6.854ns (65.413%)  route 3.624ns (34.587%))
  Logic Levels:           37  (CARRY8=5 DSP_A_B_DATA=3 DSP_ALU=4 DSP_C_DATA=1 DSP_M_DATA=3 DSP_MULTIPLIER=3 DSP_OUTPUT=4 DSP_PREADD_DATA=3 LUT1=1 LUT3=2 LUT5=1 LUT6=7)
  Clock Path Skew:        -0.009ns (DCD - SCD + CPR)
    Destination Clock Delay (DCD):    0.021ns = ( 3.354 - 3.333 ) 
    Source Clock Delay      (SCD):    0.030ns
    Clock Pessimism Removal (CPR):    0.000ns
  Clock Uncertainty:      0.035ns  ((TSJ^2 + TIJ^2)^1/2 + DJ) / 2 + PE
    Total System Jitter     (TSJ):    0.071ns
    Total Input Jitter      (TIJ):    0.000ns
    Discrete Jitter          (DJ):    0.000ns
    Phase Error              (PE):    0.000ns

    Location             Delay type                Incr(ns)  Path(ns)    Netlist Resource(s)
  -------------------------------------------------------------------    -------------------
                         (clock clk rise edge)        0.000     0.000 r  
                                                      0.000     0.000 r  clock (IN)
                         net (fo=36352, unset)        0.030     0.030    mod/clock
    SLICE_X129Y195       FDRE                                         r  mod/head_loop_id_reg/C
  -------------------------------------------------------------------    -------------------
    SLICE_X129Y195       FDRE (Prop_HFF_SLICEM_C_Q)
                                                      0.079     0.109 r  mod/head_loop_id_reg/Q
                         net (fo=318, routed)         0.106     0.215    mod/head_loop_id
    SLICE_X129Y197       LUT3 (Prop_E6LUT_SLICEM_I2_O)
                                                      0.052     0.267 r  mod/ld_input_io_req_bits_derived_params_irows_without_dilation1_i_48/O
                         net (fo=110, routed)         0.127     0.394    mod/ld_input_io_req_bits_derived_params_irows_without_dilation1_i_48_n_0
    SLICE_X129Y198       LUT3 (Prop_B6LUT_SLICEM_I1_O)
                                                      0.037     0.431 r  mod/ld_input_io_req_bits_derived_params_irows_without_dilation1_i_43/O
                         net (fo=3, routed)           0.109     0.540    mod/C[0]
    SLICE_X129Y198       LUT6 (Prop_F6LUT_SLICEM_I5_O)
                                                      0.098     0.638 r  mod/ld_input_io_req_bits_derived_params_irows_without_dilation1_i_56/O
                         net (fo=3, routed)           0.049     0.687    mod/ld_input_io_req_bits_derived_params_irows_without_dilation1_i_56_n_0
    SLICE_X129Y198       LUT6 (Prop_H6LUT_SLICEM_I2_O)
                                                      0.090     0.777 r  mod/ld_input_io_req_bits_derived_params_irows_without_dilation1_i_55/O
                         net (fo=4, routed)           0.107     0.884    mod/ld_input_io_req_bits_derived_params_irows_without_dilation1_i_55_n_0
    SLICE_X129Y199       LUT6 (Prop_D6LUT_SLICEM_I0_O)
                                                      0.099     0.983 r  mod/ld_input_io_req_bits_derived_params_irows_without_dilation1_i_53/O
                         net (fo=5, routed)           0.157     1.140    mod/ld_input_io_req_bits_derived_params_irows_without_dilation1_i_53_n_0
    SLICE_X128Y199       LUT6 (Prop_H6LUT_SLICEM_I2_O)
                                                      0.090     1.230 r  mod/ld_input_io_req_bits_derived_params_irows_without_dilation1_i_47/O
                         net (fo=3, routed)           0.050     1.281    mod/ld_input_io_req_bits_derived_params_irows_without_dilation1_i_47_n_0
    SLICE_X128Y199       LUT6 (Prop_C6LUT_SLICEM_I5_O)
                                                      0.123     1.404 f  mod/ld_input_io_req_bits_derived_params_irows_without_dilation1_i_3/O
                         net (fo=1, routed)           0.189     1.593    mod/ld_input_io_req_bits_derived_params_irows_without_dilation1/B[13]
    DSP48E2_X17Y73       DSP_A_B_DATA (Prop_DSP_A_B_DATA_DSP48E2_B[13]_B2_DATA[13])
                                                      0.151     1.744 r  mod/ld_input_io_req_bits_derived_params_irows_without_dilation1/DSP_A_B_DATA_INST/B2_DATA[13]
                         net (fo=1, routed)           0.000     1.744    mod/ld_input_io_req_bits_derived_params_irows_without_dilation1/DSP_A_B_DATA.B2_DATA<13>
    DSP48E2_X17Y73       DSP_PREADD_DATA (Prop_DSP_PREADD_DATA_DSP48E2_B2_DATA[13]_B2B1[13])
                                                      0.073     1.817 r  mod/ld_input_io_req_bits_derived_params_irows_without_dilation1/DSP_PREADD_DATA_INST/B2B1[13]
                         net (fo=1, routed)           0.000     1.817    mod/ld_input_io_req_bits_derived_params_irows_without_dilation1/DSP_PREADD_DATA.B2B1<13>
    DSP48E2_X17Y73       DSP_MULTIPLIER (Prop_DSP_MULTIPLIER_DSP48E2_B2B1[13]_V[12])
                                                      0.609     2.426 f  mod/ld_input_io_req_bits_derived_params_irows_without_dilation1/DSP_MULTIPLIER_INST/V[12]
                         net (fo=1, routed)           0.000     2.426    mod/ld_input_io_req_bits_derived_params_irows_without_dilation1/DSP_MULTIPLIER.V<12>
    DSP48E2_X17Y73       DSP_M_DATA (Prop_DSP_M_DATA_DSP48E2_V[12]_V_DATA[12])
                                                      0.046     2.472 r  mod/ld_input_io_req_bits_derived_params_irows_without_dilation1/DSP_M_DATA_INST/V_DATA[12]
                         net (fo=1, routed)           0.000     2.472    mod/ld_input_io_req_bits_derived_params_irows_without_dilation1/DSP_M_DATA.V_DATA<12>
    DSP48E2_X17Y73       DSP_ALU (Prop_DSP_ALU_DSP48E2_V_DATA[12]_ALU_OUT[12])
                                                      0.571     3.043 f  mod/ld_input_io_req_bits_derived_params_irows_without_dilation1/DSP_ALU_INST/ALU_OUT[12]
                         net (fo=1, routed)           0.000     3.043    mod/ld_input_io_req_bits_derived_params_irows_without_dilation1/DSP_ALU.ALU_OUT<12>
    DSP48E2_X17Y73       DSP_OUTPUT (Prop_DSP_OUTPUT_DSP48E2_ALU_OUT[12]_P[12])
                                                      0.109     3.152 r  mod/ld_input_io_req_bits_derived_params_irows_without_dilation1/DSP_OUTPUT_INST/P[12]
                         net (fo=1, routed)           0.239     3.391    mod/ld_input_io_req_bits_derived_params_irows_without_dilation0/C[12]
    DSP48E2_X17Y70       DSP_C_DATA (Prop_DSP_C_DATA_DSP48E2_C[12]_C_DATA[12])
                                                      0.105     3.496 r  mod/ld_input_io_req_bits_derived_params_irows_without_dilation0/DSP_C_DATA_INST/C_DATA[12]
                         net (fo=2, routed)           0.000     3.496    mod/ld_input_io_req_bits_derived_params_irows_without_dilation0/DSP_C_DATA.C_DATA<12>
    DSP48E2_X17Y70       DSP_ALU (Prop_DSP_ALU_DSP48E2_C_DATA[12]_ALU_OUT[12])
                                                      0.585     4.081 f  mod/ld_input_io_req_bits_derived_params_irows_without_dilation0/DSP_ALU_INST/ALU_OUT[12]
                         net (fo=1, routed)           0.000     4.081    mod/ld_input_io_req_bits_derived_params_irows_without_dilation0/DSP_ALU.ALU_OUT<12>
    DSP48E2_X17Y70       DSP_OUTPUT (Prop_DSP_OUTPUT_DSP48E2_ALU_OUT[12]_P[12])
                                                      0.109     4.190 r  mod/ld_input_io_req_bits_derived_params_irows_without_dilation0/DSP_OUTPUT_INST/P[12]
                         net (fo=2, routed)           0.397     4.587    mod/ld_input/req_derived_params_irows_reg[15]_i_2_0[12]
    SLICE_X128Y190       CARRY8 (Prop_CARRY8_SLICEM_DI[3]_O[4])
                                                      0.147     4.734 r  mod/ld_input/req_derived_params_irows_reg[15]_i_2/O[4]
                         net (fo=5, routed)           0.290     5.024    mod/ld_input/ld_input_io_req_bits_derived_params_irows_without_dilation0_0[4]
    SLICE_X128Y192       CARRY8 (Prop_CARRY8_SLICEM_DI[5]_O[6])
                                                      0.102     5.126 f  mod/ld_input/req_derived_params_irows_unpadded_reg[15]_i_6/O[6]
                         net (fo=2, routed)           0.188     5.314    mod/ld_input/p_1_in[14]
    SLICE_X129Y191       LUT1 (Prop_G6LUT_SLICEM_I0_O)
                                                      0.100     5.414 r  mod/ld_input/req_derived_params_irows_unpadded[15]_i_8/O
                         net (fo=1, routed)           0.016     5.430    mod/ld_input/req_derived_params_irows_unpadded[15]_i_8_n_0
    SLICE_X129Y191       CARRY8 (Prop_CARRY8_SLICEM_S[6]_O[6])
                                                      0.056     5.486 r  mod/ld_input/req_derived_params_irows_unpadded_reg[15]_i_4/O[6]
                         net (fo=1, routed)           0.287     5.773    mod/ld_input/req_derived_params_irows_unpadded_reg[15]_i_4_n_9
    SLICE_X130Y190       CARRY8 (Prop_CARRY8_SLICEL_S[6]_O[6])
                                                      0.053     5.826 r  mod/ld_input/req_derived_params_irows_unpadded_reg[15]_i_2/O[6]
                         net (fo=6, routed)           0.236     6.062    mod/ld_input/_ld_input_io_req_bits_derived_params_result_irows_T_63[14]
    SLICE_X131Y189       LUT5 (Prop_C6LUT_SLICEL_I0_O)
                                                      0.035     6.097 r  mod/ld_input/req_derived_params_irows[15]_i_12/O
                         net (fo=2, routed)           0.098     6.195    mod/ld_input/req_derived_params_irows[15]_i_12_n_0
    SLICE_X130Y188       LUT6 (Prop_G6LUT_SLICEL_I0_O)
                                                      0.123     6.318 r  mod/ld_input/req_derived_params_irows[15]_i_20__0/O
                         net (fo=1, routed)           0.008     6.326    mod/ld_input/req_derived_params_irows[15]_i_20__0_n_0
    SLICE_X130Y188       CARRY8 (Prop_CARRY8_SLICEL_S[6]_O[6])
                                                      0.053     6.379 f  mod/ld_input/req_derived_params_irows_reg[15]_i_3/O[6]
                         net (fo=3, routed)           0.238     6.617    mod/_ld_input_io_req_bits_derived_params_result_irows_T_60[14]
    SLICE_X128Y188       LUT6 (Prop_D6LUT_SLICEM_I1_O)
                                                      0.099     6.716 f  mod/p_0_out_i_18/O
                         net (fo=1, routed)           0.150     6.866    mod/p_0_out/A[14]
    DSP48E2_X17Y69       DSP_A_B_DATA (Prop_DSP_A_B_DATA_DSP48E2_A[14]_A2_DATA[14])
                                                      0.192     7.058 r  mod/p_0_out/DSP_A_B_DATA_INST/A2_DATA[14]
                         net (fo=1, routed)           0.000     7.058    mod/p_0_out/DSP_A_B_DATA.A2_DATA<14>
    DSP48E2_X17Y69       DSP_PREADD_DATA (Prop_DSP_PREADD_DATA_DSP48E2_A2_DATA[14]_A2A1[14])
                                                      0.076     7.134 r  mod/p_0_out/DSP_PREADD_DATA_INST/A2A1[14]
                         net (fo=1, routed)           0.000     7.134    mod/p_0_out/DSP_PREADD_DATA.A2A1<14>
    DSP48E2_X17Y69       DSP_MULTIPLIER (Prop_DSP_MULTIPLIER_DSP48E2_A2A1[14]_V[14])
                                                      0.507     7.641 f  mod/p_0_out/DSP_MULTIPLIER_INST/V[14]
                         net (fo=1, routed)           0.000     7.641    mod/p_0_out/DSP_MULTIPLIER.V<14>
    DSP48E2_X17Y69       DSP_M_DATA (Prop_DSP_M_DATA_DSP48E2_V[14]_V_DATA[14])
                                                      0.046     7.687 r  mod/p_0_out/DSP_M_DATA_INST/V_DATA[14]
                         net (fo=1, routed)           0.000     7.687    mod/p_0_out/DSP_M_DATA.V_DATA<14>
    DSP48E2_X17Y69       DSP_ALU (Prop_DSP_ALU_DSP48E2_V_DATA[14]_ALU_OUT[14])
                                                      0.571     8.258 r  mod/p_0_out/DSP_ALU_INST/ALU_OUT[14]
                         net (fo=1, routed)           0.000     8.258    mod/p_0_out/DSP_ALU.ALU_OUT<14>
    DSP48E2_X17Y69       DSP_OUTPUT (Prop_DSP_OUTPUT_DSP48E2_ALU_OUT[14]_P[14])
                                                      0.109     8.367 f  mod/p_0_out/DSP_OUTPUT_INST/P[14]
                         net (fo=1, routed)           0.264     8.631    mod/P0/B[14]
    DSP48E2_X17Y68       DSP_A_B_DATA (Prop_DSP_A_B_DATA_DSP48E2_B[14]_B2_DATA[14])
                                                      0.151     8.782 r  mod/P0/DSP_A_B_DATA_INST/B2_DATA[14]
                         net (fo=1, routed)           0.000     8.782    mod/P0/DSP_A_B_DATA.B2_DATA<14>
    DSP48E2_X17Y68       DSP_PREADD_DATA (Prop_DSP_PREADD_DATA_DSP48E2_B2_DATA[14]_B2B1[14])
                                                      0.073     8.855 r  mod/P0/DSP_PREADD_DATA_INST/B2B1[14]
                         net (fo=1, routed)           0.000     8.855    mod/P0/DSP_PREADD_DATA.B2B1<14>
    DSP48E2_X17Y68       DSP_MULTIPLIER (Prop_DSP_MULTIPLIER_DSP48E2_B2B1[14]_V[14])
                                                      0.609     9.464 f  mod/P0/DSP_MULTIPLIER_INST/V[14]
                         net (fo=1, routed)           0.000     9.464    mod/P0/DSP_MULTIPLIER.V<14>
    DSP48E2_X17Y68       DSP_M_DATA (Prop_DSP_M_DATA_DSP48E2_V[14]_V_DATA[14])
                                                      0.046     9.510 r  mod/P0/DSP_M_DATA_INST/V_DATA[14]
                         net (fo=1, routed)           0.000     9.510    mod/P0/DSP_M_DATA.V_DATA<14>
    DSP48E2_X17Y68       DSP_ALU (Prop_DSP_ALU_DSP48E2_V_DATA[14]_ALU_OUT[14])
                                                      0.571    10.081 f  mod/P0/DSP_ALU_INST/ALU_OUT[14]
                         net (fo=1, routed)           0.000    10.081    mod/P0/DSP_ALU.ALU_OUT<14>
    DSP48E2_X17Y68       DSP_OUTPUT (Prop_DSP_OUTPUT_DSP48E2_ALU_OUT[14]_P[14])
                                                      0.109    10.190 r  mod/P0/DSP_OUTPUT_INST/P[14]
                         net (fo=3, routed)           0.318    10.508    mod/ld_input/command_p/io_req_bits_derived_params_input_spad_stride[14]_alias
    SLICE_X128Y186       FDRE                                         r  mod/ld_input/command_p/stages_0_spad_addr[28]_i_104_psdsp_1/D
  -------------------------------------------------------------------    -------------------

                         (clock clk rise edge)        3.333     3.333 r  
                                                      0.000     3.333 r  clock (IN)
                         net (fo=36352, unset)        0.021     3.354    mod/ld_input/command_p/clock
    SLICE_X128Y186       FDRE                                         r  mod/ld_input/command_p/stages_0_spad_addr[28]_i_104_psdsp_1/C
                         clock pessimism              0.000     3.354    
                         clock uncertainty           -0.035     3.319    
    SLICE_X128Y186       FDRE (Setup_FFF2_SLICEM_C_D)
                                                      0.025     3.344    mod/ld_input/command_p/stages_0_spad_addr[28]_i_104_psdsp_1
  -------------------------------------------------------------------
                         required time                          3.344    
                         arrival time                         -10.508    
  -------------------------------------------------------------------
                         slack                                 -7.164    





Min Delay Paths
--------------------------------------------------------------------------------------
