Copyright 1986-2022 Xilinx, Inc. All Rights Reserved. Copyright 2022-2023 Advanced Micro Devices, Inc. All Rights Reserved.
---------------------------------------------------------------------------------------------------------------------------------------------
| Tool Version : Vivado v.2023.2 (lin64) Build 4029153 Fri Oct 13 20:13:54 MDT 2023
| Date         : Fri Sep 25 16:57:56 2026
| Host         : brg-zhang-xcel.ece.cornell.edu running 64-bit Red Hat Enterprise Linux 9.8 (Plow)
| Command      : report_utilization -hierarchical -hierarchical_depth 3 -file /scratch/hc676/e10_llama/b_llama-swiglu_8_c0/util_hier.rpt
| Design       : spmw_harness
| Device       : xcu280-fsvh2892-2L-e
| Speed File   : -2L
| Design State : Routed
---------------------------------------------------------------------------------------------------------------------------------------------

Utilization Design Information

Table of Contents
-----------------
1. Utilization by Hierarchy

1. Utilization by Hierarchy
---------------------------

+-------------------------------------+-------------------------------+------------+------------+---------+------+------+--------+--------+------+------------+
|               Instance              |             Module            | Total LUTs | Logic LUTs | LUTRAMs | SRLs |  FFs | RAMB36 | RAMB18 | URAM | DSP Blocks |
+-------------------------------------+-------------------------------+------------+------------+---------+------+------+--------+--------+------+------------+
| spmw_harness                        |                         (top) |      15009 |      13577 |       0 | 1432 | 9432 |      0 |      0 |    0 |          0 |
|   (spmw_harness)                    |                         (top) |        288 |        240 |       0 |   48 |  312 |      0 |      0 |    0 |          0 |
|   dut                               |                      spmw_top |      14737 |      13353 |       0 | 1384 | 9120 |      0 |      0 |    0 |          0 |
|     g_lanesw_k256n16_z_in_bind[0].u |     spmw_fifo__parameterized1 |         20 |         20 |       0 |    0 |   50 |      0 |      0 |    0 |          0 |
|     g_lanesw_k256n16_z_in_bind[1].u |   spmw_fifo__parameterized1_0 |         21 |         21 |       0 |    0 |   50 |      0 |      0 |    0 |          0 |
|     g_lanesw_k256n16_z_in_bind[2].u |   spmw_fifo__parameterized1_1 |         21 |         21 |       0 |    0 |   50 |      0 |      0 |    0 |          0 |
|     g_lanesw_k256n16_z_in_bind[3].u |   spmw_fifo__parameterized1_2 |         20 |         20 |       0 |    0 |   50 |      0 |      0 |    0 |          0 |
|     g_lanesw_k256n16_z_in_bind[4].u |   spmw_fifo__parameterized1_3 |         21 |         21 |       0 |    0 |   50 |      0 |      0 |    0 |          0 |
|     g_lanesw_k256n16_z_in_bind[5].u |   spmw_fifo__parameterized1_4 |         21 |         21 |       0 |    0 |   50 |      0 |      0 |    0 |          0 |
|     g_lanesw_k256n16_z_in_bind[6].u |   spmw_fifo__parameterized1_5 |         21 |         21 |       0 |    0 |   50 |      0 |      0 |    0 |          0 |
|     g_lanesw_k256n16_z_in_bind[7].u |   spmw_fifo__parameterized1_6 |         19 |         19 |       0 |    0 |   50 |      0 |      0 |    0 |          0 |
|     g_pe_a_out_a_in[10].u           |                     spmw_fifo |         20 |         20 |       0 |    0 |    9 |      0 |      0 |    0 |          0 |
|     g_pe_a_out_a_in[11].u           |                   spmw_fifo_7 |         20 |         20 |       0 |    0 |    9 |      0 |      0 |    0 |          0 |
|     g_pe_a_out_a_in[12].u           |                   spmw_fifo_8 |         20 |         20 |       0 |    0 |    9 |      0 |      0 |    0 |          0 |
|     g_pe_a_out_a_in[13].u           |                   spmw_fifo_9 |         20 |         20 |       0 |    0 |    9 |      0 |      0 |    0 |          0 |
|     g_pe_a_out_a_in[14].u           |                  spmw_fifo_10 |         20 |         20 |       0 |    0 |    9 |      0 |      0 |    0 |          0 |
|     g_pe_a_out_a_in[15].u           |                  spmw_fifo_11 |         20 |         20 |       0 |    0 |    9 |      0 |      0 |    0 |          0 |
|     g_pe_a_out_a_in[17].u           |                  spmw_fifo_12 |         20 |         20 |       0 |    0 |    9 |      0 |      0 |    0 |          0 |
|     g_pe_a_out_a_in[18].u           |                  spmw_fifo_13 |         20 |         20 |       0 |    0 |    9 |      0 |      0 |    0 |          0 |
|     g_pe_a_out_a_in[19].u           |                  spmw_fifo_14 |         20 |         20 |       0 |    0 |    9 |      0 |      0 |    0 |          0 |
|     g_pe_a_out_a_in[1].u            |                  spmw_fifo_15 |         11 |         11 |       0 |    0 |    9 |      0 |      0 |    0 |          0 |
|     g_pe_a_out_a_in[20].u           |                  spmw_fifo_16 |         20 |         20 |       0 |    0 |    9 |      0 |      0 |    0 |          0 |
|     g_pe_a_out_a_in[21].u           |                  spmw_fifo_17 |         20 |         20 |       0 |    0 |    9 |      0 |      0 |    0 |          0 |
|     g_pe_a_out_a_in[22].u           |                  spmw_fifo_18 |         20 |         20 |       0 |    0 |    9 |      0 |      0 |    0 |          0 |
|     g_pe_a_out_a_in[23].u           |                  spmw_fifo_19 |         20 |         20 |       0 |    0 |    9 |      0 |      0 |    0 |          0 |
|     g_pe_a_out_a_in[25].u           |                  spmw_fifo_20 |         20 |         20 |       0 |    0 |    9 |      0 |      0 |    0 |          0 |
|     g_pe_a_out_a_in[26].u           |                  spmw_fifo_21 |         20 |         20 |       0 |    0 |    9 |      0 |      0 |    0 |          0 |
|     g_pe_a_out_a_in[27].u           |                  spmw_fifo_22 |         20 |         20 |       0 |    0 |    9 |      0 |      0 |    0 |          0 |
|     g_pe_a_out_a_in[28].u           |                  spmw_fifo_23 |         20 |         20 |       0 |    0 |    9 |      0 |      0 |    0 |          0 |
|     g_pe_a_out_a_in[29].u           |                  spmw_fifo_24 |         20 |         20 |       0 |    0 |    9 |      0 |      0 |    0 |          0 |
|     g_pe_a_out_a_in[2].u            |                  spmw_fifo_25 |         11 |         11 |       0 |    0 |    9 |      0 |      0 |    0 |          0 |
|     g_pe_a_out_a_in[30].u           |                  spmw_fifo_26 |         20 |         20 |       0 |    0 |    9 |      0 |      0 |    0 |          0 |
|     g_pe_a_out_a_in[31].u           |                  spmw_fifo_27 |         20 |         20 |       0 |    0 |    9 |      0 |      0 |    0 |          0 |
|     g_pe_a_out_a_in[33].u           |                  spmw_fifo_28 |         20 |         20 |       0 |    0 |    9 |      0 |      0 |    0 |          0 |
|     g_pe_a_out_a_in[34].u           |                  spmw_fifo_29 |         20 |         20 |       0 |    0 |    9 |      0 |      0 |    0 |          0 |
|     g_pe_a_out_a_in[35].u           |                  spmw_fifo_30 |         20 |         20 |       0 |    0 |    9 |      0 |      0 |    0 |          0 |
|     g_pe_a_out_a_in[36].u           |                  spmw_fifo_31 |         20 |         20 |       0 |    0 |    9 |      0 |      0 |    0 |          0 |
|     g_pe_a_out_a_in[37].u           |                  spmw_fifo_32 |         20 |         20 |       0 |    0 |    9 |      0 |      0 |    0 |          0 |
|     g_pe_a_out_a_in[38].u           |                  spmw_fifo_33 |         20 |         20 |       0 |    0 |    9 |      0 |      0 |    0 |          0 |
|     g_pe_a_out_a_in[39].u           |                  spmw_fifo_34 |         20 |         20 |       0 |    0 |    9 |      0 |      0 |    0 |          0 |
|     g_pe_a_out_a_in[3].u            |                  spmw_fifo_35 |         11 |         11 |       0 |    0 |    9 |      0 |      0 |    0 |          0 |
|     g_pe_a_out_a_in[41].u           |                  spmw_fifo_36 |         21 |         21 |       0 |    0 |    9 |      0 |      0 |    0 |          0 |
|     g_pe_a_out_a_in[42].u           |                  spmw_fifo_37 |         21 |         21 |       0 |    0 |    9 |      0 |      0 |    0 |          0 |
|     g_pe_a_out_a_in[43].u           |                  spmw_fifo_38 |         20 |         20 |       0 |    0 |    9 |      0 |      0 |    0 |          0 |
|     g_pe_a_out_a_in[44].u           |                  spmw_fifo_39 |         21 |         21 |       0 |    0 |    9 |      0 |      0 |    0 |          0 |
|     g_pe_a_out_a_in[45].u           |                  spmw_fifo_40 |         20 |         20 |       0 |    0 |    9 |      0 |      0 |    0 |          0 |
|     g_pe_a_out_a_in[46].u           |                  spmw_fifo_41 |         21 |         21 |       0 |    0 |    9 |      0 |      0 |    0 |          0 |
|     g_pe_a_out_a_in[47].u           |                  spmw_fifo_42 |         21 |         21 |       0 |    0 |    9 |      0 |      0 |    0 |          0 |
|     g_pe_a_out_a_in[49].u           |                  spmw_fifo_43 |         21 |         21 |       0 |    0 |    9 |      0 |      0 |    0 |          0 |
|     g_pe_a_out_a_in[4].u            |                  spmw_fifo_44 |         11 |         11 |       0 |    0 |    9 |      0 |      0 |    0 |          0 |
|     g_pe_a_out_a_in[50].u           |                  spmw_fifo_45 |         21 |         21 |       0 |    0 |    9 |      0 |      0 |    0 |          0 |
|     g_pe_a_out_a_in[51].u           |                  spmw_fifo_46 |         20 |         20 |       0 |    0 |    9 |      0 |      0 |    0 |          0 |
|     g_pe_a_out_a_in[52].u           |                  spmw_fifo_47 |         21 |         21 |       0 |    0 |    9 |      0 |      0 |    0 |          0 |
|     g_pe_a_out_a_in[53].u           |                  spmw_fifo_48 |         21 |         21 |       0 |    0 |    9 |      0 |      0 |    0 |          0 |
|     g_pe_a_out_a_in[54].u           |                  spmw_fifo_49 |         20 |         20 |       0 |    0 |    9 |      0 |      0 |    0 |          0 |
|     g_pe_a_out_a_in[55].u           |                  spmw_fifo_50 |         21 |         21 |       0 |    0 |    9 |      0 |      0 |    0 |          0 |
|     g_pe_a_out_a_in[57].u           |                  spmw_fifo_51 |         21 |         21 |       0 |    0 |    9 |      0 |      0 |    0 |          0 |
|     g_pe_a_out_a_in[58].u           |                  spmw_fifo_52 |         21 |         21 |       0 |    0 |    9 |      0 |      0 |    0 |          0 |
|     g_pe_a_out_a_in[59].u           |                  spmw_fifo_53 |         21 |         21 |       0 |    0 |    9 |      0 |      0 |    0 |          0 |
|     g_pe_a_out_a_in[5].u            |                  spmw_fifo_54 |         11 |         11 |       0 |    0 |    9 |      0 |      0 |    0 |          0 |
|     g_pe_a_out_a_in[60].u           |                  spmw_fifo_55 |         21 |         21 |       0 |    0 |    9 |      0 |      0 |    0 |          0 |
|     g_pe_a_out_a_in[61].u           |                  spmw_fifo_56 |         21 |         21 |       0 |    0 |    9 |      0 |      0 |    0 |          0 |
|     g_pe_a_out_a_in[62].u           |                  spmw_fifo_57 |         21 |         21 |       0 |    0 |    9 |      0 |      0 |    0 |          0 |
|     g_pe_a_out_a_in[63].u           |                  spmw_fifo_58 |         20 |         20 |       0 |    0 |    9 |      0 |      0 |    0 |          0 |
|     g_pe_a_out_a_in[6].u            |                  spmw_fifo_59 |         11 |         11 |       0 |    0 |    9 |      0 |      0 |    0 |          0 |
|     g_pe_a_out_a_in[7].u            |                  spmw_fifo_60 |         11 |         11 |       0 |    0 |    9 |      0 |      0 |    0 |          0 |
|     g_pe_a_out_a_in[9].u            |                  spmw_fifo_61 |         20 |         20 |       0 |    0 |    9 |      0 |      0 |    0 |          0 |
|     g_pe_p_out_p_in[10].u           |     spmw_fifo__parameterized0 |         14 |         14 |       0 |    0 |   17 |      0 |      0 |    0 |          0 |
|     g_pe_p_out_p_in[11].u           |  spmw_fifo__parameterized0_62 |         14 |         14 |       0 |    0 |   17 |      0 |      0 |    0 |          0 |
|     g_pe_p_out_p_in[12].u           |  spmw_fifo__parameterized0_63 |         14 |         14 |       0 |    0 |   17 |      0 |      0 |    0 |          0 |
|     g_pe_p_out_p_in[13].u           |  spmw_fifo__parameterized0_64 |         14 |         14 |       0 |    0 |   17 |      0 |      0 |    0 |          0 |
|     g_pe_p_out_p_in[14].u           |  spmw_fifo__parameterized0_65 |         14 |         14 |       0 |    0 |   17 |      0 |      0 |    0 |          0 |
|     g_pe_p_out_p_in[15].u           |  spmw_fifo__parameterized0_66 |         14 |         14 |       0 |    0 |   17 |      0 |      0 |    0 |          0 |
|     g_pe_p_out_p_in[16].u           |  spmw_fifo__parameterized0_67 |         15 |         15 |       0 |    0 |   19 |      0 |      0 |    0 |          0 |
|     g_pe_p_out_p_in[17].u           |  spmw_fifo__parameterized0_68 |         15 |         15 |       0 |    0 |   19 |      0 |      0 |    0 |          0 |
|     g_pe_p_out_p_in[18].u           |  spmw_fifo__parameterized0_69 |         15 |         15 |       0 |    0 |   19 |      0 |      0 |    0 |          0 |
|     g_pe_p_out_p_in[19].u           |  spmw_fifo__parameterized0_70 |         15 |         15 |       0 |    0 |   19 |      0 |      0 |    0 |          0 |
|     g_pe_p_out_p_in[20].u           |  spmw_fifo__parameterized0_71 |         15 |         15 |       0 |    0 |   19 |      0 |      0 |    0 |          0 |
|     g_pe_p_out_p_in[21].u           |  spmw_fifo__parameterized0_72 |         15 |         15 |       0 |    0 |   19 |      0 |      0 |    0 |          0 |
|     g_pe_p_out_p_in[22].u           |  spmw_fifo__parameterized0_73 |         15 |         15 |       0 |    0 |   19 |      0 |      0 |    0 |          0 |
|     g_pe_p_out_p_in[23].u           |  spmw_fifo__parameterized0_74 |         15 |         15 |       0 |    0 |   19 |      0 |      0 |    0 |          0 |
|     g_pe_p_out_p_in[24].u           |  spmw_fifo__parameterized0_75 |         16 |         16 |       0 |    0 |   20 |      0 |      0 |    0 |          0 |
|     g_pe_p_out_p_in[25].u           |  spmw_fifo__parameterized0_76 |         16 |         16 |       0 |    0 |   20 |      0 |      0 |    0 |          0 |
|     g_pe_p_out_p_in[26].u           |  spmw_fifo__parameterized0_77 |         16 |         16 |       0 |    0 |   20 |      0 |      0 |    0 |          0 |
|     g_pe_p_out_p_in[27].u           |  spmw_fifo__parameterized0_78 |         16 |         16 |       0 |    0 |   20 |      0 |      0 |    0 |          0 |
|     g_pe_p_out_p_in[28].u           |  spmw_fifo__parameterized0_79 |         16 |         16 |       0 |    0 |   20 |      0 |      0 |    0 |          0 |
|     g_pe_p_out_p_in[29].u           |  spmw_fifo__parameterized0_80 |         16 |         16 |       0 |    0 |   20 |      0 |      0 |    0 |          0 |
|     g_pe_p_out_p_in[30].u           |  spmw_fifo__parameterized0_81 |         16 |         16 |       0 |    0 |   20 |      0 |      0 |    0 |          0 |
|     g_pe_p_out_p_in[31].u           |  spmw_fifo__parameterized0_82 |         16 |         16 |       0 |    0 |   20 |      0 |      0 |    0 |          0 |
|     g_pe_p_out_p_in[32].u           |  spmw_fifo__parameterized0_83 |         17 |         17 |       0 |    0 |   21 |      0 |      0 |    0 |          0 |
|     g_pe_p_out_p_in[33].u           |  spmw_fifo__parameterized0_84 |         17 |         17 |       0 |    0 |   21 |      0 |      0 |    0 |          0 |
|     g_pe_p_out_p_in[34].u           |  spmw_fifo__parameterized0_85 |         17 |         17 |       0 |    0 |   21 |      0 |      0 |    0 |          0 |
|     g_pe_p_out_p_in[35].u           |  spmw_fifo__parameterized0_86 |         17 |         17 |       0 |    0 |   21 |      0 |      0 |    0 |          0 |
|     g_pe_p_out_p_in[36].u           |  spmw_fifo__parameterized0_87 |         17 |         17 |       0 |    0 |   21 |      0 |      0 |    0 |          0 |
|     g_pe_p_out_p_in[37].u           |  spmw_fifo__parameterized0_88 |         17 |         17 |       0 |    0 |   21 |      0 |      0 |    0 |          0 |
|     g_pe_p_out_p_in[38].u           |  spmw_fifo__parameterized0_89 |         17 |         17 |       0 |    0 |   21 |      0 |      0 |    0 |          0 |
|     g_pe_p_out_p_in[39].u           |  spmw_fifo__parameterized0_90 |         17 |         17 |       0 |    0 |   21 |      0 |      0 |    0 |          0 |
|     g_pe_p_out_p_in[40].u           |  spmw_fifo__parameterized0_91 |         18 |         18 |       0 |    0 |   22 |      0 |      0 |    0 |          0 |
|     g_pe_p_out_p_in[41].u           |  spmw_fifo__parameterized0_92 |         18 |         18 |       0 |    0 |   22 |      0 |      0 |    0 |          0 |
|     g_pe_p_out_p_in[42].u           |  spmw_fifo__parameterized0_93 |         18 |         18 |       0 |    0 |   22 |      0 |      0 |    0 |          0 |
|     g_pe_p_out_p_in[43].u           |  spmw_fifo__parameterized0_94 |         18 |         18 |       0 |    0 |   22 |      0 |      0 |    0 |          0 |
|     g_pe_p_out_p_in[44].u           |  spmw_fifo__parameterized0_95 |         18 |         18 |       0 |    0 |   22 |      0 |      0 |    0 |          0 |
|     g_pe_p_out_p_in[45].u           |  spmw_fifo__parameterized0_96 |         18 |         18 |       0 |    0 |   22 |      0 |      0 |    0 |          0 |
|     g_pe_p_out_p_in[46].u           |  spmw_fifo__parameterized0_97 |         18 |         18 |       0 |    0 |   22 |      0 |      0 |    0 |          0 |
|     g_pe_p_out_p_in[47].u           |  spmw_fifo__parameterized0_98 |         18 |         18 |       0 |    0 |   22 |      0 |      0 |    0 |          0 |
|     g_pe_p_out_p_in[48].u           |  spmw_fifo__parameterized0_99 |         19 |         19 |       0 |    0 |   23 |      0 |      0 |    0 |          0 |
|     g_pe_p_out_p_in[49].u           | spmw_fifo__parameterized0_100 |         19 |         19 |       0 |    0 |   23 |      0 |      0 |    0 |          0 |
|     g_pe_p_out_p_in[50].u           | spmw_fifo__parameterized0_101 |         19 |         19 |       0 |    0 |   23 |      0 |      0 |    0 |          0 |
|     g_pe_p_out_p_in[51].u           | spmw_fifo__parameterized0_102 |         19 |         19 |       0 |    0 |   23 |      0 |      0 |    0 |          0 |
|     g_pe_p_out_p_in[52].u           | spmw_fifo__parameterized0_103 |         19 |         19 |       0 |    0 |   23 |      0 |      0 |    0 |          0 |
|     g_pe_p_out_p_in[53].u           | spmw_fifo__parameterized0_104 |         19 |         19 |       0 |    0 |   23 |      0 |      0 |    0 |          0 |
|     g_pe_p_out_p_in[54].u           | spmw_fifo__parameterized0_105 |         19 |         19 |       0 |    0 |   23 |      0 |      0 |    0 |          0 |
|     g_pe_p_out_p_in[55].u           | spmw_fifo__parameterized0_106 |         19 |         19 |       0 |    0 |   23 |      0 |      0 |    0 |          0 |
|     g_pe_p_out_p_in[56].u           | spmw_fifo__parameterized0_107 |         20 |         20 |       0 |    0 |   24 |      0 |      0 |    0 |          0 |
|     g_pe_p_out_p_in[57].u           | spmw_fifo__parameterized0_108 |         20 |         20 |       0 |    0 |   24 |      0 |      0 |    0 |          0 |
|     g_pe_p_out_p_in[58].u           | spmw_fifo__parameterized0_109 |         20 |         20 |       0 |    0 |   24 |      0 |      0 |    0 |          0 |
|     g_pe_p_out_p_in[59].u           | spmw_fifo__parameterized0_110 |         20 |         20 |       0 |    0 |   24 |      0 |      0 |    0 |          0 |
|     g_pe_p_out_p_in[60].u           | spmw_fifo__parameterized0_111 |         20 |         20 |       0 |    0 |   24 |      0 |      0 |    0 |          0 |
|     g_pe_p_out_p_in[61].u           | spmw_fifo__parameterized0_112 |         20 |         20 |       0 |    0 |   24 |      0 |      0 |    0 |          0 |
|     g_pe_p_out_p_in[62].u           | spmw_fifo__parameterized0_113 |         20 |         20 |       0 |    0 |   24 |      0 |      0 |    0 |          0 |
|     g_pe_p_out_p_in[63].u           | spmw_fifo__parameterized0_114 |         22 |         22 |       0 |    0 |   24 |      0 |      0 |    0 |          0 |
|     g_pe_p_out_p_in[8].u            | spmw_fifo__parameterized0_115 |         14 |         14 |       0 |    0 |   17 |      0 |      0 |    0 |          0 |
|     g_pe_p_out_p_in[9].u            | spmw_fifo__parameterized0_116 |         14 |         14 |       0 |    0 |   17 |      0 |      0 |    0 |          0 |
|     g_pe_w_out_w_in[10].u           |                 spmw_fifo_117 |          0 |          0 |       0 |    0 |    9 |      0 |      0 |    0 |          0 |
|     g_pe_w_out_w_in[11].u           |                 spmw_fifo_118 |          0 |          0 |       0 |    0 |    9 |      0 |      0 |    0 |          0 |
|     g_pe_w_out_w_in[12].u           |                 spmw_fifo_119 |          0 |          0 |       0 |    0 |    9 |      0 |      0 |    0 |          0 |
|     g_pe_w_out_w_in[13].u           |                 spmw_fifo_120 |          0 |          0 |       0 |    0 |    9 |      0 |      0 |    0 |          0 |
|     g_pe_w_out_w_in[14].u           |                 spmw_fifo_121 |          0 |          0 |       0 |    0 |    9 |      0 |      0 |    0 |          0 |
|     g_pe_w_out_w_in[15].u           |                 spmw_fifo_122 |          0 |          0 |       0 |    0 |    9 |      0 |      0 |    0 |          0 |
|     g_pe_w_out_w_in[17].u           |                 spmw_fifo_123 |          0 |          0 |       0 |    0 |    9 |      0 |      0 |    0 |          0 |
|     g_pe_w_out_w_in[18].u           |                 spmw_fifo_124 |          0 |          0 |       0 |    0 |    9 |      0 |      0 |    0 |          0 |
|     g_pe_w_out_w_in[19].u           |                 spmw_fifo_125 |          0 |          0 |       0 |    0 |    9 |      0 |      0 |    0 |          0 |
|     g_pe_w_out_w_in[1].u            |                 spmw_fifo_126 |          0 |          0 |       0 |    0 |    9 |      0 |      0 |    0 |          0 |
|     g_pe_w_out_w_in[20].u           |                 spmw_fifo_127 |          0 |          0 |       0 |    0 |    9 |      0 |      0 |    0 |          0 |
|     g_pe_w_out_w_in[21].u           |                 spmw_fifo_128 |          0 |          0 |       0 |    0 |    9 |      0 |      0 |    0 |          0 |
|     g_pe_w_out_w_in[22].u           |                 spmw_fifo_129 |          0 |          0 |       0 |    0 |    9 |      0 |      0 |    0 |          0 |
|     g_pe_w_out_w_in[23].u           |                 spmw_fifo_130 |          0 |          0 |       0 |    0 |    9 |      0 |      0 |    0 |          0 |
|     g_pe_w_out_w_in[25].u           |                 spmw_fifo_131 |          0 |          0 |       0 |    0 |    9 |      0 |      0 |    0 |          0 |
|     g_pe_w_out_w_in[26].u           |                 spmw_fifo_132 |          0 |          0 |       0 |    0 |    9 |      0 |      0 |    0 |          0 |
|     g_pe_w_out_w_in[27].u           |                 spmw_fifo_133 |          0 |          0 |       0 |    0 |    9 |      0 |      0 |    0 |          0 |
|     g_pe_w_out_w_in[28].u           |                 spmw_fifo_134 |          0 |          0 |       0 |    0 |    9 |      0 |      0 |    0 |          0 |
|     g_pe_w_out_w_in[29].u           |                 spmw_fifo_135 |          0 |          0 |       0 |    0 |    9 |      0 |      0 |    0 |          0 |
|     g_pe_w_out_w_in[2].u            |                 spmw_fifo_136 |          0 |          0 |       0 |    0 |    9 |      0 |      0 |    0 |          0 |
|     g_pe_w_out_w_in[30].u           |                 spmw_fifo_137 |          0 |          0 |       0 |    0 |    9 |      0 |      0 |    0 |          0 |
|     g_pe_w_out_w_in[31].u           |                 spmw_fifo_138 |          0 |          0 |       0 |    0 |    9 |      0 |      0 |    0 |          0 |
|     g_pe_w_out_w_in[33].u           |                 spmw_fifo_139 |          0 |          0 |       0 |    0 |    9 |      0 |      0 |    0 |          0 |
|     g_pe_w_out_w_in[34].u           |                 spmw_fifo_140 |          0 |          0 |       0 |    0 |    9 |      0 |      0 |    0 |          0 |
|     g_pe_w_out_w_in[35].u           |                 spmw_fifo_141 |          0 |          0 |       0 |    0 |    9 |      0 |      0 |    0 |          0 |
|     g_pe_w_out_w_in[36].u           |                 spmw_fifo_142 |          0 |          0 |       0 |    0 |    9 |      0 |      0 |    0 |          0 |
|     g_pe_w_out_w_in[37].u           |                 spmw_fifo_143 |          0 |          0 |       0 |    0 |    9 |      0 |      0 |    0 |          0 |
|     g_pe_w_out_w_in[38].u           |                 spmw_fifo_144 |          0 |          0 |       0 |    0 |    9 |      0 |      0 |    0 |          0 |
|     g_pe_w_out_w_in[39].u           |                 spmw_fifo_145 |          0 |          0 |       0 |    0 |    9 |      0 |      0 |    0 |          0 |
|     g_pe_w_out_w_in[3].u            |                 spmw_fifo_146 |          0 |          0 |       0 |    0 |    9 |      0 |      0 |    0 |          0 |
|     g_pe_w_out_w_in[41].u           |                 spmw_fifo_147 |          0 |          0 |       0 |    0 |    9 |      0 |      0 |    0 |          0 |
|     g_pe_w_out_w_in[42].u           |                 spmw_fifo_148 |          0 |          0 |       0 |    0 |    9 |      0 |      0 |    0 |          0 |
|     g_pe_w_out_w_in[43].u           |                 spmw_fifo_149 |          0 |          0 |       0 |    0 |    9 |      0 |      0 |    0 |          0 |
|     g_pe_w_out_w_in[44].u           |                 spmw_fifo_150 |          0 |          0 |       0 |    0 |    9 |      0 |      0 |    0 |          0 |
|     g_pe_w_out_w_in[45].u           |                 spmw_fifo_151 |          0 |          0 |       0 |    0 |    9 |      0 |      0 |    0 |          0 |
|     g_pe_w_out_w_in[46].u           |                 spmw_fifo_152 |          0 |          0 |       0 |    0 |    9 |      0 |      0 |    0 |          0 |
|     g_pe_w_out_w_in[47].u           |                 spmw_fifo_153 |          0 |          0 |       0 |    0 |    9 |      0 |      0 |    0 |          0 |
|     g_pe_w_out_w_in[49].u           |                 spmw_fifo_154 |          0 |          0 |       0 |    0 |    9 |      0 |      0 |    0 |          0 |
|     g_pe_w_out_w_in[4].u            |                 spmw_fifo_155 |          0 |          0 |       0 |    0 |    9 |      0 |      0 |    0 |          0 |
|     g_pe_w_out_w_in[50].u           |                 spmw_fifo_156 |          0 |          0 |       0 |    0 |    9 |      0 |      0 |    0 |          0 |
|     g_pe_w_out_w_in[51].u           |                 spmw_fifo_157 |          0 |          0 |       0 |    0 |    9 |      0 |      0 |    0 |          0 |
|     g_pe_w_out_w_in[52].u           |                 spmw_fifo_158 |          0 |          0 |       0 |    0 |    9 |      0 |      0 |    0 |          0 |
|     g_pe_w_out_w_in[53].u           |                 spmw_fifo_159 |          0 |          0 |       0 |    0 |    9 |      0 |      0 |    0 |          0 |
|     g_pe_w_out_w_in[54].u           |                 spmw_fifo_160 |          0 |          0 |       0 |    0 |    9 |      0 |      0 |    0 |          0 |
|     g_pe_w_out_w_in[55].u           |                 spmw_fifo_161 |          0 |          0 |       0 |    0 |    9 |      0 |      0 |    0 |          0 |
|     g_pe_w_out_w_in[57].u           |                 spmw_fifo_162 |          0 |          0 |       0 |    0 |    9 |      0 |      0 |    0 |          0 |
|     g_pe_w_out_w_in[58].u           |                 spmw_fifo_163 |          0 |          0 |       0 |    0 |    9 |      0 |      0 |    0 |          0 |
|     g_pe_w_out_w_in[59].u           |                 spmw_fifo_164 |          0 |          0 |       0 |    0 |    9 |      0 |      0 |    0 |          0 |
|     g_pe_w_out_w_in[5].u            |                 spmw_fifo_165 |          0 |          0 |       0 |    0 |    9 |      0 |      0 |    0 |          0 |
|     g_pe_w_out_w_in[60].u           |                 spmw_fifo_166 |          0 |          0 |       0 |    0 |    9 |      0 |      0 |    0 |          0 |
|     g_pe_w_out_w_in[61].u           |                 spmw_fifo_167 |          0 |          0 |       0 |    0 |    9 |      0 |      0 |    0 |          0 |
|     g_pe_w_out_w_in[62].u           |                 spmw_fifo_168 |          0 |          0 |       0 |    0 |    9 |      0 |      0 |    0 |          0 |
|     g_pe_w_out_w_in[63].u           |                 spmw_fifo_169 |          0 |          0 |       0 |    0 |    9 |      0 |      0 |    0 |          0 |
|     g_pe_w_out_w_in[6].u            |                 spmw_fifo_170 |          0 |          0 |       0 |    0 |    9 |      0 |      0 |    0 |          0 |
|     g_pe_w_out_w_in[7].u            |                 spmw_fifo_171 |          0 |          0 |       0 |    0 |    9 |      0 |      0 |    0 |          0 |
|     g_pe_w_out_w_in[9].u            |                 spmw_fifo_172 |          0 |          0 |       0 |    0 |    9 |      0 |      0 |    0 |          0 |
|     u_lanesw_k256n16_r0_0           |             lanesw_k256n16_r0 |        871 |        698 |       0 |  173 |  514 |      0 |      0 |    0 |          0 |
|       (u_lanesw_k256n16_r0_0)       |             lanesw_k256n16_r0 |        139 |        139 |       0 |    0 |    0 |      0 |      0 |    0 |          0 |
|       u                             |       lanesw_k256n16_r0_0_461 |        747 |        574 |       0 |  173 |  514 |      0 |      0 |    0 |          0 |
|     u_lanesw_k256n16_r0_1           |         lanesw_k256n16_r0_173 |        870 |        697 |       0 |  173 |  514 |      0 |      0 |    0 |          0 |
|       (u_lanesw_k256n16_r0_1)       |         lanesw_k256n16_r0_173 |        139 |        139 |       0 |    0 |    0 |      0 |      0 |    0 |          0 |
|       u                             |       lanesw_k256n16_r0_0_451 |        746 |        573 |       0 |  173 |  514 |      0 |      0 |    0 |          0 |
|     u_lanesw_k256n16_r0_2           |         lanesw_k256n16_r0_174 |        854 |        681 |       0 |  173 |  514 |      0 |      0 |    0 |          0 |
|       (u_lanesw_k256n16_r0_2)       |         lanesw_k256n16_r0_174 |        139 |        139 |       0 |    0 |    0 |      0 |      0 |    0 |          0 |
|       u                             |       lanesw_k256n16_r0_0_441 |        730 |        557 |       0 |  173 |  514 |      0 |      0 |    0 |          0 |
|     u_lanesw_k256n16_r0_3           |         lanesw_k256n16_r0_175 |        854 |        681 |       0 |  173 |  514 |      0 |      0 |    0 |          0 |
|       (u_lanesw_k256n16_r0_3)       |         lanesw_k256n16_r0_175 |        139 |        139 |       0 |    0 |    0 |      0 |      0 |    0 |          0 |
|       u                             |       lanesw_k256n16_r0_0_431 |        730 |        557 |       0 |  173 |  514 |      0 |      0 |    0 |          0 |
|     u_lanesw_k256n16_r0_4           |         lanesw_k256n16_r0_176 |        854 |        681 |       0 |  173 |  514 |      0 |      0 |    0 |          0 |
|       (u_lanesw_k256n16_r0_4)       |         lanesw_k256n16_r0_176 |        139 |        139 |       0 |    0 |    0 |      0 |      0 |    0 |          0 |
|       u                             |       lanesw_k256n16_r0_0_421 |        730 |        557 |       0 |  173 |  514 |      0 |      0 |    0 |          0 |
|     u_lanesw_k256n16_r0_5           |         lanesw_k256n16_r0_177 |        918 |        745 |       0 |  173 |  514 |      0 |      0 |    0 |          0 |
|       (u_lanesw_k256n16_r0_5)       |         lanesw_k256n16_r0_177 |        139 |        139 |       0 |    0 |    0 |      0 |      0 |    0 |          0 |
|       u                             |       lanesw_k256n16_r0_0_411 |        794 |        621 |       0 |  173 |  514 |      0 |      0 |    0 |          0 |
|     u_lanesw_k256n16_r0_6           |         lanesw_k256n16_r0_178 |        871 |        698 |       0 |  173 |  514 |      0 |      0 |    0 |          0 |
|       (u_lanesw_k256n16_r0_6)       |         lanesw_k256n16_r0_178 |        139 |        139 |       0 |    0 |    0 |      0 |      0 |    0 |          0 |
|       u                             |       lanesw_k256n16_r0_0_401 |        747 |        574 |       0 |  173 |  514 |      0 |      0 |    0 |          0 |
|     u_lanesw_k256n16_r0_7           |         lanesw_k256n16_r0_179 |        871 |        698 |       0 |  173 |  514 |      0 |      0 |    0 |          0 |
|       (u_lanesw_k256n16_r0_7)       |         lanesw_k256n16_r0_179 |        139 |        139 |       0 |    0 |    0 |      0 |      0 |    0 |          0 |
|       u                             |           lanesw_k256n16_r0_0 |        747 |        574 |       0 |  173 |  514 |      0 |      0 |    0 |          0 |
|     u_pe_r0_1_1                     |                         pe_r0 |         90 |         90 |       0 |    0 |   39 |      0 |      0 |    0 |          0 |
|       u                             |                   pe_r0_0_397 |         90 |         90 |       0 |    0 |   39 |      0 |      0 |    0 |          0 |
|     u_pe_r0_1_2                     |                     pe_r0_180 |         93 |         93 |       0 |    0 |   39 |      0 |      0 |    0 |          0 |
|       u                             |                   pe_r0_0_394 |         93 |         93 |       0 |    0 |   39 |      0 |      0 |    0 |          0 |
|     u_pe_r0_1_3                     |                     pe_r0_181 |         92 |         92 |       0 |    0 |   39 |      0 |      0 |    0 |          0 |
|       u                             |                   pe_r0_0_391 |         92 |         92 |       0 |    0 |   39 |      0 |      0 |    0 |          0 |
|     u_pe_r0_1_4                     |                     pe_r0_182 |         92 |         92 |       0 |    0 |   39 |      0 |      0 |    0 |          0 |
|       u                             |                   pe_r0_0_388 |         92 |         92 |       0 |    0 |   39 |      0 |      0 |    0 |          0 |
|     u_pe_r0_1_5                     |                     pe_r0_183 |         92 |         92 |       0 |    0 |   39 |      0 |      0 |    0 |          0 |
|       u                             |                   pe_r0_0_385 |         92 |         92 |       0 |    0 |   39 |      0 |      0 |    0 |          0 |
|     u_pe_r0_1_6                     |                     pe_r0_184 |         92 |         92 |       0 |    0 |   39 |      0 |      0 |    0 |          0 |
|       u                             |                   pe_r0_0_382 |         92 |         92 |       0 |    0 |   39 |      0 |      0 |    0 |          0 |
|     u_pe_r0_2_1                     |                     pe_r0_185 |         91 |         91 |       0 |    0 |   39 |      0 |      0 |    0 |          0 |
|       u                             |                   pe_r0_0_379 |         91 |         91 |       0 |    0 |   39 |      0 |      0 |    0 |          0 |
|     u_pe_r0_2_2                     |                     pe_r0_186 |         93 |         93 |       0 |    0 |   39 |      0 |      0 |    0 |          0 |
|       u                             |                   pe_r0_0_376 |         93 |         93 |       0 |    0 |   39 |      0 |      0 |    0 |          0 |
|     u_pe_r0_2_3                     |                     pe_r0_187 |         92 |         92 |       0 |    0 |   39 |      0 |      0 |    0 |          0 |
|       u                             |                   pe_r0_0_373 |         92 |         92 |       0 |    0 |   39 |      0 |      0 |    0 |          0 |
|     u_pe_r0_2_4                     |                     pe_r0_188 |         92 |         92 |       0 |    0 |   39 |      0 |      0 |    0 |          0 |
|       u                             |                   pe_r0_0_370 |         92 |         92 |       0 |    0 |   39 |      0 |      0 |    0 |          0 |
|     u_pe_r0_2_5                     |                     pe_r0_189 |         92 |         92 |       0 |    0 |   39 |      0 |      0 |    0 |          0 |
|       u                             |                   pe_r0_0_367 |         92 |         92 |       0 |    0 |   39 |      0 |      0 |    0 |          0 |
|     u_pe_r0_2_6                     |                     pe_r0_190 |         92 |         92 |       0 |    0 |   39 |      0 |      0 |    0 |          0 |
|       u                             |                   pe_r0_0_364 |         92 |         92 |       0 |    0 |   39 |      0 |      0 |    0 |          0 |
|     u_pe_r0_3_1                     |                     pe_r0_191 |         91 |         91 |       0 |    0 |   39 |      0 |      0 |    0 |          0 |
|       u                             |                   pe_r0_0_361 |         91 |         91 |       0 |    0 |   39 |      0 |      0 |    0 |          0 |
|     u_pe_r0_3_2                     |                     pe_r0_192 |         93 |         93 |       0 |    0 |   39 |      0 |      0 |    0 |          0 |
|       u                             |                   pe_r0_0_358 |         93 |         93 |       0 |    0 |   39 |      0 |      0 |    0 |          0 |
|     u_pe_r0_3_3                     |                     pe_r0_193 |         92 |         92 |       0 |    0 |   39 |      0 |      0 |    0 |          0 |
|       u                             |                   pe_r0_0_355 |         92 |         92 |       0 |    0 |   39 |      0 |      0 |    0 |          0 |
|     u_pe_r0_3_4                     |                     pe_r0_194 |         92 |         92 |       0 |    0 |   39 |      0 |      0 |    0 |          0 |
|       u                             |                   pe_r0_0_352 |         92 |         92 |       0 |    0 |   39 |      0 |      0 |    0 |          0 |
|     u_pe_r0_3_5                     |                     pe_r0_195 |         92 |         92 |       0 |    0 |   39 |      0 |      0 |    0 |          0 |
|       u                             |                   pe_r0_0_349 |         92 |         92 |       0 |    0 |   39 |      0 |      0 |    0 |          0 |
|     u_pe_r0_3_6                     |                     pe_r0_196 |         92 |         92 |       0 |    0 |   39 |      0 |      0 |    0 |          0 |
|       u                             |                   pe_r0_0_346 |         92 |         92 |       0 |    0 |   39 |      0 |      0 |    0 |          0 |
|     u_pe_r0_4_1                     |                     pe_r0_197 |         91 |         91 |       0 |    0 |   39 |      0 |      0 |    0 |          0 |
|       u                             |                   pe_r0_0_343 |         91 |         91 |       0 |    0 |   39 |      0 |      0 |    0 |          0 |
|     u_pe_r0_4_2                     |                     pe_r0_198 |         93 |         93 |       0 |    0 |   39 |      0 |      0 |    0 |          0 |
|       u                             |                   pe_r0_0_340 |         93 |         93 |       0 |    0 |   39 |      0 |      0 |    0 |          0 |
|     u_pe_r0_4_3                     |                     pe_r0_199 |         92 |         92 |       0 |    0 |   39 |      0 |      0 |    0 |          0 |
|       u                             |                   pe_r0_0_337 |         92 |         92 |       0 |    0 |   39 |      0 |      0 |    0 |          0 |
|     u_pe_r0_4_4                     |                     pe_r0_200 |         92 |         92 |       0 |    0 |   39 |      0 |      0 |    0 |          0 |
|       u                             |                   pe_r0_0_334 |         92 |         92 |       0 |    0 |   39 |      0 |      0 |    0 |          0 |
|     u_pe_r0_4_5                     |                     pe_r0_201 |         92 |         92 |       0 |    0 |   39 |      0 |      0 |    0 |          0 |
|       u                             |                   pe_r0_0_331 |         92 |         92 |       0 |    0 |   39 |      0 |      0 |    0 |          0 |
|     u_pe_r0_4_6                     |                     pe_r0_202 |         92 |         92 |       0 |    0 |   39 |      0 |      0 |    0 |          0 |
|       u                             |                   pe_r0_0_328 |         92 |         92 |       0 |    0 |   39 |      0 |      0 |    0 |          0 |
|     u_pe_r0_5_1                     |                     pe_r0_203 |         91 |         91 |       0 |    0 |   39 |      0 |      0 |    0 |          0 |
|       u                             |                   pe_r0_0_325 |         91 |         91 |       0 |    0 |   39 |      0 |      0 |    0 |          0 |
|     u_pe_r0_5_2                     |                     pe_r0_204 |         93 |         93 |       0 |    0 |   39 |      0 |      0 |    0 |          0 |
|       u                             |                   pe_r0_0_322 |         93 |         93 |       0 |    0 |   39 |      0 |      0 |    0 |          0 |
|     u_pe_r0_5_3                     |                     pe_r0_205 |         92 |         92 |       0 |    0 |   39 |      0 |      0 |    0 |          0 |
|       u                             |                   pe_r0_0_319 |         92 |         92 |       0 |    0 |   39 |      0 |      0 |    0 |          0 |
|     u_pe_r0_5_4                     |                     pe_r0_206 |         92 |         92 |       0 |    0 |   39 |      0 |      0 |    0 |          0 |
|       u                             |                   pe_r0_0_316 |         92 |         92 |       0 |    0 |   39 |      0 |      0 |    0 |          0 |
|     u_pe_r0_5_5                     |                     pe_r0_207 |         92 |         92 |       0 |    0 |   39 |      0 |      0 |    0 |          0 |
|       u                             |                   pe_r0_0_313 |         92 |         92 |       0 |    0 |   39 |      0 |      0 |    0 |          0 |
|     u_pe_r0_5_6                     |                     pe_r0_208 |         92 |         92 |       0 |    0 |   39 |      0 |      0 |    0 |          0 |
|       u                             |                   pe_r0_0_310 |         92 |         92 |       0 |    0 |   39 |      0 |      0 |    0 |          0 |
|     u_pe_r0_6_1                     |                     pe_r0_209 |         92 |         92 |       0 |    0 |   39 |      0 |      0 |    0 |          0 |
|       u                             |                   pe_r0_0_307 |         92 |         92 |       0 |    0 |   39 |      0 |      0 |    0 |          0 |
|     u_pe_r0_6_2                     |                     pe_r0_210 |         93 |         93 |       0 |    0 |   39 |      0 |      0 |    0 |          0 |
|       u                             |                   pe_r0_0_304 |         93 |         93 |       0 |    0 |   39 |      0 |      0 |    0 |          0 |
|     u_pe_r0_6_3                     |                     pe_r0_211 |         92 |         92 |       0 |    0 |   39 |      0 |      0 |    0 |          0 |
|       u                             |                   pe_r0_0_301 |         92 |         92 |       0 |    0 |   39 |      0 |      0 |    0 |          0 |
|     u_pe_r0_6_4                     |                     pe_r0_212 |         92 |         92 |       0 |    0 |   39 |      0 |      0 |    0 |          0 |
|       u                             |                   pe_r0_0_298 |         92 |         92 |       0 |    0 |   39 |      0 |      0 |    0 |          0 |
|     u_pe_r0_6_5                     |                     pe_r0_213 |         92 |         92 |       0 |    0 |   39 |      0 |      0 |    0 |          0 |
|       u                             |                   pe_r0_0_295 |         92 |         92 |       0 |    0 |   39 |      0 |      0 |    0 |          0 |
|     u_pe_r0_6_6                     |                     pe_r0_214 |         92 |         92 |       0 |    0 |   39 |      0 |      0 |    0 |          0 |
|       u                             |                       pe_r0_0 |         92 |         92 |       0 |    0 |   39 |      0 |      0 |    0 |          0 |
|     u_pe_r1_7_1                     |                         pe_r1 |         92 |         92 |       0 |    0 |   39 |      0 |      0 |    0 |          0 |
|       u                             |                   pe_r1_0_292 |         92 |         92 |       0 |    0 |   39 |      0 |      0 |    0 |          0 |
|     u_pe_r1_7_2                     |                     pe_r1_215 |         92 |         92 |       0 |    0 |   39 |      0 |      0 |    0 |          0 |
|       u                             |                   pe_r1_0_289 |         92 |         92 |       0 |    0 |   39 |      0 |      0 |    0 |          0 |
|     u_pe_r1_7_3                     |                     pe_r1_216 |         92 |         92 |       0 |    0 |   39 |      0 |      0 |    0 |          0 |
|       u                             |                   pe_r1_0_286 |         92 |         92 |       0 |    0 |   39 |      0 |      0 |    0 |          0 |
|     u_pe_r1_7_4                     |                     pe_r1_217 |         92 |         92 |       0 |    0 |   39 |      0 |      0 |    0 |          0 |
|       u                             |                   pe_r1_0_283 |         92 |         92 |       0 |    0 |   39 |      0 |      0 |    0 |          0 |
|     u_pe_r1_7_5                     |                     pe_r1_218 |         92 |         92 |       0 |    0 |   39 |      0 |      0 |    0 |          0 |
|       u                             |                   pe_r1_0_280 |         92 |         92 |       0 |    0 |   39 |      0 |      0 |    0 |          0 |
|     u_pe_r1_7_6                     |                     pe_r1_219 |         91 |         91 |       0 |    0 |   39 |      0 |      0 |    0 |          0 |
|       u                             |                       pe_r1_0 |         91 |         91 |       0 |    0 |   39 |      0 |      0 |    0 |          0 |
|     u_pe_r2_0_1                     |                         pe_r2 |         92 |         92 |       0 |    0 |   39 |      0 |      0 |    0 |          0 |
|       u                             |                   pe_r2_0_277 |         92 |         92 |       0 |    0 |   39 |      0 |      0 |    0 |          0 |
|     u_pe_r2_0_2                     |                     pe_r2_220 |         93 |         93 |       0 |    0 |   39 |      0 |      0 |    0 |          0 |
|       u                             |                   pe_r2_0_274 |         93 |         93 |       0 |    0 |   39 |      0 |      0 |    0 |          0 |
|     u_pe_r2_0_3                     |                     pe_r2_221 |         93 |         93 |       0 |    0 |   39 |      0 |      0 |    0 |          0 |
|       u                             |                   pe_r2_0_271 |         93 |         93 |       0 |    0 |   39 |      0 |      0 |    0 |          0 |
|     u_pe_r2_0_4                     |                     pe_r2_222 |         93 |         93 |       0 |    0 |   39 |      0 |      0 |    0 |          0 |
|       u                             |                   pe_r2_0_268 |         93 |         93 |       0 |    0 |   39 |      0 |      0 |    0 |          0 |
|     u_pe_r2_0_5                     |                     pe_r2_223 |         93 |         93 |       0 |    0 |   39 |      0 |      0 |    0 |          0 |
|       u                             |                   pe_r2_0_265 |         93 |         93 |       0 |    0 |   39 |      0 |      0 |    0 |          0 |
|     u_pe_r2_0_6                     |                     pe_r2_224 |         92 |         92 |       0 |    0 |   39 |      0 |      0 |    0 |          0 |
|       u                             |                       pe_r2_0 |         92 |         92 |       0 |    0 |   39 |      0 |      0 |    0 |          0 |
|     u_pe_r3_1_7                     |                         pe_r3 |         90 |         90 |       0 |    0 |   31 |      0 |      0 |    0 |          0 |
|       u                             |                   pe_r3_0_262 |         90 |         90 |       0 |    0 |   31 |      0 |      0 |    0 |          0 |
|     u_pe_r3_2_7                     |                     pe_r3_225 |         91 |         91 |       0 |    0 |   31 |      0 |      0 |    0 |          0 |
|       u                             |                   pe_r3_0_259 |         91 |         91 |       0 |    0 |   31 |      0 |      0 |    0 |          0 |
|     u_pe_r3_3_7                     |                     pe_r3_226 |         91 |         91 |       0 |    0 |   31 |      0 |      0 |    0 |          0 |
|       u                             |                   pe_r3_0_256 |         91 |         91 |       0 |    0 |   31 |      0 |      0 |    0 |          0 |
|     u_pe_r3_4_7                     |                     pe_r3_227 |         91 |         91 |       0 |    0 |   31 |      0 |      0 |    0 |          0 |
|       u                             |                   pe_r3_0_253 |         91 |         91 |       0 |    0 |   31 |      0 |      0 |    0 |          0 |
|     u_pe_r3_5_7                     |                     pe_r3_228 |         91 |         91 |       0 |    0 |   31 |      0 |      0 |    0 |          0 |
|       u                             |                   pe_r3_0_250 |         91 |         91 |       0 |    0 |   31 |      0 |      0 |    0 |          0 |
|     u_pe_r3_6_7                     |                     pe_r3_229 |         91 |         91 |       0 |    0 |   31 |      0 |      0 |    0 |          0 |
|       u                             |                       pe_r3_0 |         91 |         91 |       0 |    0 |   31 |      0 |      0 |    0 |          0 |
|     u_pe_r4_1_0                     |                         pe_r4 |        105 |        105 |       0 |    0 |   39 |      0 |      0 |    0 |          0 |
|       u                             |                   pe_r4_0_247 |        105 |        105 |       0 |    0 |   39 |      0 |      0 |    0 |          0 |
|     u_pe_r4_2_0                     |                     pe_r4_230 |        105 |        105 |       0 |    0 |   39 |      0 |      0 |    0 |          0 |
|       u                             |                   pe_r4_0_244 |        105 |        105 |       0 |    0 |   39 |      0 |      0 |    0 |          0 |
|     u_pe_r4_3_0                     |                     pe_r4_231 |        105 |        105 |       0 |    0 |   39 |      0 |      0 |    0 |          0 |
|       u                             |                   pe_r4_0_241 |        105 |        105 |       0 |    0 |   39 |      0 |      0 |    0 |          0 |
|     u_pe_r4_4_0                     |                     pe_r4_232 |        105 |        105 |       0 |    0 |   39 |      0 |      0 |    0 |          0 |
|       u                             |                   pe_r4_0_238 |        105 |        105 |       0 |    0 |   39 |      0 |      0 |    0 |          0 |
|     u_pe_r4_5_0                     |                     pe_r4_233 |        105 |        105 |       0 |    0 |   39 |      0 |      0 |    0 |          0 |
|       u                             |                   pe_r4_0_235 |        105 |        105 |       0 |    0 |   39 |      0 |      0 |    0 |          0 |
|     u_pe_r4_6_0                     |                     pe_r4_234 |        105 |        105 |       0 |    0 |   39 |      0 |      0 |    0 |          0 |
|       u                             |                       pe_r4_0 |        105 |        105 |       0 |    0 |   39 |      0 |      0 |    0 |          0 |
|     u_pe_r5_7_7                     |                         pe_r5 |         89 |         89 |       0 |    0 |   31 |      0 |      0 |    0 |          0 |
|       u                             |                       pe_r5_0 |         89 |         89 |       0 |    0 |   31 |      0 |      0 |    0 |          0 |
|     u_pe_r6_0_7                     |                         pe_r6 |         91 |         91 |       0 |    0 |   31 |      0 |      0 |    0 |          0 |
|       u                             |                       pe_r6_0 |         91 |         91 |       0 |    0 |   31 |      0 |      0 |    0 |          0 |
|     u_pe_r7_7_0                     |                         pe_r7 |        105 |        105 |       0 |    0 |   39 |      0 |      0 |    0 |          0 |
|       u                             |                       pe_r7_0 |        105 |        105 |       0 |    0 |   39 |      0 |      0 |    0 |          0 |
|     u_pe_r8_0_0                     |                         pe_r8 |         98 |         98 |       0 |    0 |   39 |      0 |      0 |    0 |          0 |
|       u                             |                       pe_r8_0 |         98 |         98 |       0 |    0 |   39 |      0 |      0 |    0 |          0 |
+-------------------------------------+-------------------------------+------------+------------+---------+------+------+--------+--------+------+------------+
* Note: The sum of lower-level cells may be larger than their parent cells total, due to cross-hierarchy LUT combining


