Copyright 1986-2022 Xilinx, Inc. All Rights Reserved. Copyright 2022-2023 Advanced Micro Devices, Inc. All Rights Reserved.
--------------------------------------------------------------------------------------------------------------------------------------------------
| Tool Version      : Vivado v.2023.2 (lin64) Build 4029153 Fri Oct 13 20:13:54 MDT 2023
| Date              : Sun Sep  6 23:34:37 2026
| Host              : brg-zhang-xcel.ece.cornell.edu running 64-bit Red Hat Enterprise Linux 9.8 (Plow)
| Command           : report_timing_summary -file timing.rpt
| Design            : spmw_harness
| Device            : xcu280-fsvh2892
| Speed File        : -2L  PRODUCTION 1.30 05-01-2022
| Design State      : Routed
| Temperature Grade : E
--------------------------------------------------------------------------------------------------------------------------------------------------

Timing Summary Report

------------------------------------------------------------------------------------------------
| Timer Settings
| --------------
------------------------------------------------------------------------------------------------

  Enable Multi Corner Analysis               :  Yes
  Enable Pessimism Removal                   :  Yes
  Pessimism Removal Resolution               :  Nearest Common Node
  Enable Input Delay Default Clock           :  No
  Enable Preset / Clear Arcs                 :  No
  Disable Flight Delays                      :  No
  Ignore I/O Paths                           :  No
  Timing Early Launch at Borrowing Latches   :  No
  Borrow Time for Max Delay Exceptions       :  Yes
  Merge Timing Exceptions                    :  Yes
  Inter-SLR Compensation                     :  Conservative

  Corner  Analyze    Analyze    
  Name    Max Paths  Min Paths  
  ------  ---------  ---------  
  Slow    Yes        Yes        
  Fast    Yes        Yes        


------------------------------------------------------------------------------------------------
| Report Methodology
| ------------------
------------------------------------------------------------------------------------------------

No report available as report_methodology has not been run prior. Run report_methodology on the current design for the summary of methodology violations.



check_timing report

Table of Contents
-----------------
1. checking no_clock (0)
2. checking constant_clock (0)
3. checking pulse_width_clock (0)
4. checking unconstrained_internal_endpoints (0)
5. checking no_input_delay (2)
6. checking no_output_delay (8)
7. checking multiple_clock (0)
8. checking generated_clocks (0)
9. checking loops (0)
10. checking partial_input_delay (0)
11. checking partial_output_delay (0)
12. checking latch_loops (0)

1. checking no_clock (0)
------------------------
 There are 0 register/latch pins with no clock.


2. checking constant_clock (0)
------------------------------
 There are 0 register/latch pins with constant_clock.


3. checking pulse_width_clock (0)
---------------------------------
 There are 0 register/latch pins which need pulse_width check


4. checking unconstrained_internal_endpoints (0)
------------------------------------------------
 There are 0 pins that are not constrained for maximum delay.

 There are 0 pins that are not constrained for maximum delay due to constant clock.


5. checking no_input_delay (2)
------------------------------
 There are 2 input ports with no input delay specified. (HIGH)

 There are 0 input ports with no input delay but user has a false path constraint.


6. checking no_output_delay (8)
-------------------------------
 There are 8 ports with no output delay specified. (HIGH)

 There are 0 ports with no output delay but user has a false path constraint

 There are 0 ports with no output delay but with a timing clock defined on it or propagating through it


7. checking multiple_clock (0)
------------------------------
 There are 0 register/latch pins with multiple clocks.


8. checking generated_clocks (0)
--------------------------------
 There are 0 generated clocks that are not connected to a clock source.


9. checking loops (0)
---------------------
 There are 0 combinational loops in the design.


10. checking partial_input_delay (0)
------------------------------------
 There are 0 input ports with partial input delay specified.


11. checking partial_output_delay (0)
-------------------------------------
 There are 0 ports with partial output delay specified.


12. checking latch_loops (0)
----------------------------
 There are 0 combinational latch loops in the design through latch input



------------------------------------------------------------------------------------------------
| Design Timing Summary
| ---------------------
------------------------------------------------------------------------------------------------

    WNS(ns)      TNS(ns)  TNS Failing Endpoints  TNS Total Endpoints      WHS(ns)      THS(ns)  THS Failing Endpoints  THS Total Endpoints     WPWS(ns)     TPWS(ns)  TPWS Failing Endpoints  TPWS Total Endpoints  
    -------      -------  ---------------------  -------------------      -------      -------  ---------------------  -------------------     --------     --------  ----------------------  --------------------  
      0.950        0.000                      0                 7508        0.008        0.000                      0                 7508        1.134        0.000                       0                  2292  


All user specified timing constraints are met.


------------------------------------------------------------------------------------------------
| Clock Summary
| -------------
------------------------------------------------------------------------------------------------

Clock   Waveform(ns)         Period(ns)      Frequency(MHz)
-----   ------------         ----------      --------------
ap_clk  {0.000 1.666}        3.333           300.030         


------------------------------------------------------------------------------------------------
| Intra Clock Table
| -----------------
------------------------------------------------------------------------------------------------

Clock             WNS(ns)      TNS(ns)  TNS Failing Endpoints  TNS Total Endpoints      WHS(ns)      THS(ns)  THS Failing Endpoints  THS Total Endpoints     WPWS(ns)     TPWS(ns)  TPWS Failing Endpoints  TPWS Total Endpoints  
-----             -------      -------  ---------------------  -------------------      -------      -------  ---------------------  -------------------     --------     --------  ----------------------  --------------------  
ap_clk              0.950        0.000                      0                 7508        0.008        0.000                      0                 7508        1.134        0.000                       0                  2292  


------------------------------------------------------------------------------------------------
| Inter Clock Table
| -----------------
------------------------------------------------------------------------------------------------

From Clock    To Clock          WNS(ns)      TNS(ns)  TNS Failing Endpoints  TNS Total Endpoints      WHS(ns)      THS(ns)  THS Failing Endpoints  THS Total Endpoints  
----------    --------          -------      -------  ---------------------  -------------------      -------      -------  ---------------------  -------------------  


------------------------------------------------------------------------------------------------
| Other Path Groups Table
| -----------------------
------------------------------------------------------------------------------------------------

Path Group    From Clock    To Clock          WNS(ns)      TNS(ns)  TNS Failing Endpoints  TNS Total Endpoints      WHS(ns)      THS(ns)  THS Failing Endpoints  THS Total Endpoints  
----------    ----------    --------          -------      -------  ---------------------  -------------------      -------      -------  ---------------------  -------------------  


------------------------------------------------------------------------------------------------
| Timing Details
| --------------
------------------------------------------------------------------------------------------------


---------------------------------------------------------------------------------------------------
From Clock:  ap_clk
  To Clock:  ap_clk

Setup :            0  Failing Endpoints,  Worst Slack        0.950ns,  Total Violation        0.000ns
Hold  :            0  Failing Endpoints,  Worst Slack        0.008ns,  Total Violation        0.000ns
PW    :            0  Failing Endpoints,  Worst Slack        1.134ns,  Total Violation        0.000ns
---------------------------------------------------------------------------------------------------


Max Delay Paths
--------------------------------------------------------------------------------------
Slack (MET) :             0.950ns  (required time - arrival time)
  Source:                 dut/u_mac_r1_1_0/u/grp_mac_r1_0_Pipeline_l_S_m_0_m_fu_40/v10_reg_145_reg[31]/C
                            (rising edge-triggered cell FDRE clocked by ap_clk  {rise@0.000ns fall@1.666ns period=3.333ns})
  Destination:            dut/u_mac_r1_1_0/u/grp_mac_r1_0_Pipeline_l_S_m_0_m_fu_40/mac_muladd_8s_8s_32s_32_4_1_U1/mac_r1_0_mac_muladd_8s_8s_32s_32_4_1_DSP48_0_U/p_reg_reg/DSP_C_DATA_INST/C[32]
                            (rising edge-triggered cell DSP_C_DATA clocked by ap_clk  {rise@0.000ns fall@1.666ns period=3.333ns})
  Path Group:             ap_clk
  Path Type:              Setup (Max at Slow Process Corner)
  Requirement:            3.333ns  (ap_clk rise@3.333ns - ap_clk rise@0.000ns)
  Data Path Delay:        2.015ns  (logic 0.078ns (3.870%)  route 1.937ns (96.130%))
  Logic Levels:           0  
  Clock Path Skew:        -0.090ns (DCD - SCD + CPR)
    Destination Clock Delay (DCD):    1.400ns = ( 4.733 - 3.333 ) 
    Source Clock Delay      (SCD):    1.800ns
    Clock Pessimism Removal (CPR):    0.310ns
  Clock Uncertainty:      0.035ns  ((TSJ^2 + TIJ^2)^1/2 + DJ) / 2 + PE
    Total System Jitter     (TSJ):    0.071ns
    Total Input Jitter      (TIJ):    0.000ns
    Discrete Jitter          (DJ):    0.000ns
    Phase Error              (PE):    0.000ns
  Clock Net Delay (Source):      0.813ns (routing 0.001ns, distribution 0.812ns)
  Clock Net Delay (Destination): 0.705ns (routing 0.001ns, distribution 0.704ns)

    Location             Delay type                Incr(ns)  Path(ns)    Netlist Resource(s)
  -------------------------------------------------------------------    -------------------
                         (clock ap_clk rise edge)     0.000     0.000 r  
    BH26                                              0.000     0.000 r  ap_clk (IN)
                         net (fo=0)                   0.000     0.000    ap_clk_IBUF_inst/I
    BH26                 INBUF (Prop_INBUF_HPIOB_M_PAD_O)
                                                      0.636     0.636 r  ap_clk_IBUF_inst/INBUF_INST/O
                         net (fo=1, routed)           0.000     0.636    ap_clk_IBUF_inst/OUT
    BH26                 IBUFCTRL (Prop_IBUFCTRL_HPIOB_M_I_O)
                                                      0.000     0.636 r  ap_clk_IBUF_inst/IBUFCTRL_INST/O
                         net (fo=1, routed)           0.323     0.959    ap_clk_IBUF
    BUFGCE_X0Y72         BUFGCE (Prop_BUFCE_BUFGCE_I_O)
                                                      0.028     0.987 r  ap_clk_IBUF_BUFG_inst/O
    X4Y3 (CLOCK_ROOT)    net (fo=2355, routed)        0.813     1.800    dut/u_mac_r1_1_0/u/grp_mac_r1_0_Pipeline_l_S_m_0_m_fu_40/ap_clk_IBUF_BUFG
    SLICE_X129Y214       FDRE                                         r  dut/u_mac_r1_1_0/u/grp_mac_r1_0_Pipeline_l_S_m_0_m_fu_40/v10_reg_145_reg[31]/C
  -------------------------------------------------------------------    -------------------
    SLICE_X129Y214       FDRE (Prop_DFF_SLICEM_C_Q)
                                                      0.078     1.878 r  dut/u_mac_r1_1_0/u/grp_mac_r1_0_Pipeline_l_S_m_0_m_fu_40/v10_reg_145_reg[31]/Q
                         net (fo=33, routed)          1.937     3.815    dut/u_mac_r1_1_0/u/grp_mac_r1_0_Pipeline_l_S_m_0_m_fu_40/mac_muladd_8s_8s_32s_32_4_1_U1/mac_r1_0_mac_muladd_8s_8s_32s_32_4_1_DSP48_0_U/p_reg_reg/C[32]
    DSP48E2_X17Y80       DSP_C_DATA                                   r  dut/u_mac_r1_1_0/u/grp_mac_r1_0_Pipeline_l_S_m_0_m_fu_40/mac_muladd_8s_8s_32s_32_4_1_U1/mac_r1_0_mac_muladd_8s_8s_32s_32_4_1_DSP48_0_U/p_reg_reg/DSP_C_DATA_INST/C[32]
  -------------------------------------------------------------------    -------------------

                         (clock ap_clk rise edge)     3.333     3.333 r  
    BH26                                              0.000     3.333 r  ap_clk (IN)
                         net (fo=0)                   0.000     3.333    ap_clk_IBUF_inst/I
    BH26                 INBUF (Prop_INBUF_HPIOB_M_PAD_O)
                                                      0.385     3.718 r  ap_clk_IBUF_inst/INBUF_INST/O
                         net (fo=1, routed)           0.000     3.718    ap_clk_IBUF_inst/OUT
    BH26                 IBUFCTRL (Prop_IBUFCTRL_HPIOB_M_I_O)
                                                      0.000     3.718 r  ap_clk_IBUF_inst/IBUFCTRL_INST/O
                         net (fo=1, routed)           0.286     4.004    ap_clk_IBUF
    BUFGCE_X0Y72         BUFGCE (Prop_BUFCE_BUFGCE_I_O)
                                                      0.024     4.028 r  ap_clk_IBUF_BUFG_inst/O
    X4Y3 (CLOCK_ROOT)    net (fo=2355, routed)        0.705     4.733    dut/u_mac_r1_1_0/u/grp_mac_r1_0_Pipeline_l_S_m_0_m_fu_40/mac_muladd_8s_8s_32s_32_4_1_U1/mac_r1_0_mac_muladd_8s_8s_32s_32_4_1_DSP48_0_U/p_reg_reg/CLK
    DSP48E2_X17Y80       DSP_C_DATA                                   r  dut/u_mac_r1_1_0/u/grp_mac_r1_0_Pipeline_l_S_m_0_m_fu_40/mac_muladd_8s_8s_32s_32_4_1_U1/mac_r1_0_mac_muladd_8s_8s_32s_32_4_1_DSP48_0_U/p_reg_reg/DSP_C_DATA_INST/CLK
                         clock pessimism              0.310     5.043    
                         clock uncertainty           -0.035     5.008    
    DSP48E2_X17Y80       DSP_C_DATA (Setup_DSP_C_DATA_DSP48E2_CLK_C[32])
                                                     -0.242     4.766    dut/u_mac_r1_1_0/u/grp_mac_r1_0_Pipeline_l_S_m_0_m_fu_40/mac_muladd_8s_8s_32s_32_4_1_U1/mac_r1_0_mac_muladd_8s_8s_32s_32_4_1_DSP48_0_U/p_reg_reg/DSP_C_DATA_INST
  -------------------------------------------------------------------
                         required time                          4.766    
                         arrival time                          -3.815    
  -------------------------------------------------------------------
                         slack                                  0.950    





Min Delay Paths
--------------------------------------------------------------------------------------
Slack (MET) :             0.008ns  (arrival time - required time)
  Source:                 dut/u_mac_r0_1_3/u/grp_mac_r0_0_Pipeline_l_S_m_0_m_fu_38/ap_loop_exit_ready_pp0_iter3_reg_reg__0/C
                            (rising edge-triggered cell FDRE clocked by ap_clk  {rise@0.000ns fall@1.666ns period=3.333ns})
  Destination:            dut/u_mac_r0_1_3/u/grp_mac_r0_0_Pipeline_l_S_m_0_m_fu_38/flow_control_loop_pipe_sequential_init_U/ap_done_cache_reg/D
                            (rising edge-triggered cell FDRE clocked by ap_clk  {rise@0.000ns fall@1.666ns period=3.333ns})
  Path Group:             ap_clk
  Path Type:              Hold (Min at Slow Process Corner)
  Requirement:            0.000ns  (ap_clk rise@0.000ns - ap_clk rise@0.000ns)
  Data Path Delay:        0.170ns  (logic 0.080ns (46.947%)  route 0.090ns (53.053%))
  Logic Levels:           1  (LUT4=1)
  Clock Path Skew:        0.102ns (DCD - SCD - CPR)
    Destination Clock Delay (DCD):    1.815ns
    Source Clock Delay      (SCD):    1.403ns
    Clock Pessimism Removal (CPR):    0.310ns
  Clock Net Delay (Source):      0.708ns (routing 0.001ns, distribution 0.707ns)
  Clock Net Delay (Destination): 0.828ns (routing 0.001ns, distribution 0.827ns)

    Location             Delay type                Incr(ns)  Path(ns)    Netlist Resource(s)
  -------------------------------------------------------------------    -------------------
                         (clock ap_clk rise edge)     0.000     0.000 r  
    BH26                                              0.000     0.000 r  ap_clk (IN)
                         net (fo=0)                   0.000     0.000    ap_clk_IBUF_inst/I
    BH26                 INBUF (Prop_INBUF_HPIOB_M_PAD_O)
                                                      0.385     0.385 r  ap_clk_IBUF_inst/INBUF_INST/O
                         net (fo=1, routed)           0.000     0.385    ap_clk_IBUF_inst/OUT
    BH26                 IBUFCTRL (Prop_IBUFCTRL_HPIOB_M_I_O)
                                                      0.000     0.385 r  ap_clk_IBUF_inst/IBUFCTRL_INST/O
                         net (fo=1, routed)           0.286     0.671    ap_clk_IBUF
    BUFGCE_X0Y72         BUFGCE (Prop_BUFCE_BUFGCE_I_O)
                                                      0.024     0.695 r  ap_clk_IBUF_BUFG_inst/O
    X4Y3 (CLOCK_ROOT)    net (fo=2355, routed)        0.708     1.403    dut/u_mac_r0_1_3/u/grp_mac_r0_0_Pipeline_l_S_m_0_m_fu_38/ap_clk_IBUF_BUFG
    SLICE_X133Y229       FDRE                                         r  dut/u_mac_r0_1_3/u/grp_mac_r0_0_Pipeline_l_S_m_0_m_fu_38/ap_loop_exit_ready_pp0_iter3_reg_reg__0/C
  -------------------------------------------------------------------    -------------------
    SLICE_X133Y229       FDRE (Prop_AFF_SLICEM_C_Q)
                                                      0.058     1.461 r  dut/u_mac_r0_1_3/u/grp_mac_r0_0_Pipeline_l_S_m_0_m_fu_38/ap_loop_exit_ready_pp0_iter3_reg_reg__0/Q
                         net (fo=3, routed)           0.070     1.531    dut/u_mac_r0_1_3/u/grp_mac_r0_0_Pipeline_l_S_m_0_m_fu_38/flow_control_loop_pipe_sequential_init_U/ap_loop_exit_ready_pp0_iter3_reg
    SLICE_X132Y229       LUT4 (Prop_E6LUT_SLICEL_I2_O)
                                                      0.022     1.553 r  dut/u_mac_r0_1_3/u/grp_mac_r0_0_Pipeline_l_S_m_0_m_fu_38/flow_control_loop_pipe_sequential_init_U/ap_done_cache_i_1__1/O
                         net (fo=1, routed)           0.020     1.573    dut/u_mac_r0_1_3/u/grp_mac_r0_0_Pipeline_l_S_m_0_m_fu_38/flow_control_loop_pipe_sequential_init_U/ap_done_cache_i_1__1_n_0
    SLICE_X132Y229       FDRE                                         r  dut/u_mac_r0_1_3/u/grp_mac_r0_0_Pipeline_l_S_m_0_m_fu_38/flow_control_loop_pipe_sequential_init_U/ap_done_cache_reg/D
  -------------------------------------------------------------------    -------------------

                         (clock ap_clk rise edge)     0.000     0.000 r  
    BH26                                              0.000     0.000 r  ap_clk (IN)
                         net (fo=0)                   0.000     0.000    ap_clk_IBUF_inst/I
    BH26                 INBUF (Prop_INBUF_HPIOB_M_PAD_O)
                                                      0.636     0.636 r  ap_clk_IBUF_inst/INBUF_INST/O
                         net (fo=1, routed)           0.000     0.636    ap_clk_IBUF_inst/OUT
    BH26                 IBUFCTRL (Prop_IBUFCTRL_HPIOB_M_I_O)
                                                      0.000     0.636 r  ap_clk_IBUF_inst/IBUFCTRL_INST/O
                         net (fo=1, routed)           0.323     0.959    ap_clk_IBUF
    BUFGCE_X0Y72         BUFGCE (Prop_BUFCE_BUFGCE_I_O)
                                                      0.028     0.987 r  ap_clk_IBUF_BUFG_inst/O
    X4Y3 (CLOCK_ROOT)    net (fo=2355, routed)        0.828     1.815    dut/u_mac_r0_1_3/u/grp_mac_r0_0_Pipeline_l_S_m_0_m_fu_38/flow_control_loop_pipe_sequential_init_U/ap_clk_IBUF_BUFG
    SLICE_X132Y229       FDRE                                         r  dut/u_mac_r0_1_3/u/grp_mac_r0_0_Pipeline_l_S_m_0_m_fu_38/flow_control_loop_pipe_sequential_init_U/ap_done_cache_reg/C
                         clock pessimism             -0.310     1.505    
    SLICE_X132Y229       FDRE (Hold_EFF_SLICEL_C_D)
                                                      0.060     1.565    dut/u_mac_r0_1_3/u/grp_mac_r0_0_Pipeline_l_S_m_0_m_fu_38/flow_control_loop_pipe_sequential_init_U/ap_done_cache_reg
  -------------------------------------------------------------------
                         required time                         -1.565    
                         arrival time                           1.573    
  -------------------------------------------------------------------
                         slack                                  0.008    





Pulse Width Checks
--------------------------------------------------------------------------------------
Clock Name:         ap_clk
Waveform(ns):       { 0.000 1.666 }
Period(ns):         3.333
Sources:            { ap_clk }

Check Type        Corner  Lib Pin     Reference Pin  Required(ns)  Actual(ns)  Slack(ns)  Location        Pin
Min Period        n/a     BUFGCE/I    n/a            1.290         3.333       2.043      BUFGCE_X0Y72    ap_clk_IBUF_BUFG_inst/I
Low Pulse Width   Slow    SRL16E/CLK  n/a            0.532         1.666       1.134      SLICE_X133Y217  gen_mac_a_in_bind[0].lf_mac_a_in_bind_reg[19]_srl12___gen_mac_a_in_bind_r_10/CLK
High Pulse Width  Slow    SRL16E/CLK  n/a            0.532         1.666       1.134      SLICE_X133Y217  gen_mac_a_in_bind[0].lf_mac_a_in_bind_reg[19]_srl12___gen_mac_a_in_bind_r_10/CLK



