#-----------------------------------------------------------
# xsim v2023.2 (64-bit)
# SW Build 4029153 on Fri Oct 13 20:13:54 MDT 2023
# IP Build 4028589 on Sat Oct 14 00:45:43 MDT 2023
# SharedData Build 4025554 on Tue Oct 10 17:18:54 MDT 2023
# Start of session at: Fri Oct  2 04:14:25 2026
# Process ID: 2736473
# Current directory: /scratch/hc676/e13_mem/bench/micro_8
# Command line: xsim -mode tcl -source {xsim.dir/tbmsim/xsim_script.tcl}
# Log file: /scratch/hc676/e13_mem/bench/micro_8/xsim.log
# Journal file: /scratch/hc676/e13_mem/bench/micro_8/xsim.jou
# Running On: brg-zhang-xcel.ece.cornell.edu, OS: Linux, CPU Frequency: 2690.708 MHz, CPU Physical cores: 19, Host memory: 235732 MB
#-----------------------------------------------------------
source xsim.dir/tbmsim/xsim_script.tcl
# xsim {tbmsim} -autoloadwcfg -runall
Time resolution is 1 ps
run -all
SPMWMEM RESULT errs=0 total=1216 rows=1032 first=26 paused=132 rd_reqs=129 rd_beats=1156 wr_reqs=16 wr_beats=512 first_bad=-1 timeout=0
SPMWMEM PASS
$finish called at time : 12445 ns : File "/scratch/hc676/e13_mem/bench/micro_8/tbm.sv" Line 132
exit
INFO: [Common 17-206] Exiting xsim at Fri Oct  2 04:14:30 2026...
