Copyright 1986-2022 Xilinx, Inc. All Rights Reserved. Copyright 2022-2023 Advanced Micro Devices, Inc. All Rights Reserved.
--------------------------------------------------------------------------------------------------------------------------------------------------
| Tool Version      : Vivado v.2023.2 (lin64) Build 4029153 Fri Oct 13 20:13:54 MDT 2023
| Date              : Sun Sep  6 22:17:39 2026
| Host              : brg-zhang-xcel.ece.cornell.edu running 64-bit Red Hat Enterprise Linux 9.8 (Plow)
| Command           : report_timing_summary -file timing.rpt
| Design            : spmw_harness
| Device            : xcu280-fsvh2892
| Speed File        : -2L  PRODUCTION 1.30 05-01-2022
| Design State      : Routed
| Temperature Grade : E
--------------------------------------------------------------------------------------------------------------------------------------------------

Timing Summary Report

------------------------------------------------------------------------------------------------
| Timer Settings
| --------------
------------------------------------------------------------------------------------------------

  Enable Multi Corner Analysis               :  Yes
  Enable Pessimism Removal                   :  Yes
  Pessimism Removal Resolution               :  Nearest Common Node
  Enable Input Delay Default Clock           :  No
  Enable Preset / Clear Arcs                 :  No
  Disable Flight Delays                      :  No
  Ignore I/O Paths                           :  No
  Timing Early Launch at Borrowing Latches   :  No
  Borrow Time for Max Delay Exceptions       :  Yes
  Merge Timing Exceptions                    :  Yes
  Inter-SLR Compensation                     :  Conservative

  Corner  Analyze    Analyze    
  Name    Max Paths  Min Paths  
  ------  ---------  ---------  
  Slow    Yes        Yes        
  Fast    Yes        Yes        


------------------------------------------------------------------------------------------------
| Report Methodology
| ------------------
------------------------------------------------------------------------------------------------

No report available as report_methodology has not been run prior. Run report_methodology on the current design for the summary of methodology violations.



check_timing report

Table of Contents
-----------------
1. checking no_clock (0)
2. checking constant_clock (0)
3. checking pulse_width_clock (0)
4. checking unconstrained_internal_endpoints (0)
5. checking no_input_delay (2)
6. checking no_output_delay (32)
7. checking multiple_clock (0)
8. checking generated_clocks (0)
9. checking loops (0)
10. checking partial_input_delay (0)
11. checking partial_output_delay (0)
12. checking latch_loops (0)

1. checking no_clock (0)
------------------------
 There are 0 register/latch pins with no clock.


2. checking constant_clock (0)
------------------------------
 There are 0 register/latch pins with constant_clock.


3. checking pulse_width_clock (0)
---------------------------------
 There are 0 register/latch pins which need pulse_width check


4. checking unconstrained_internal_endpoints (0)
------------------------------------------------
 There are 0 pins that are not constrained for maximum delay.

 There are 0 pins that are not constrained for maximum delay due to constant clock.


5. checking no_input_delay (2)
------------------------------
 There are 2 input ports with no input delay specified. (HIGH)

 There are 0 input ports with no input delay but user has a false path constraint.


6. checking no_output_delay (32)
--------------------------------
 There are 32 ports with no output delay specified. (HIGH)

 There are 0 ports with no output delay but user has a false path constraint

 There are 0 ports with no output delay but with a timing clock defined on it or propagating through it


7. checking multiple_clock (0)
------------------------------
 There are 0 register/latch pins with multiple clocks.


8. checking generated_clocks (0)
--------------------------------
 There are 0 generated clocks that are not connected to a clock source.


9. checking loops (0)
---------------------
 There are 0 combinational loops in the design.


10. checking partial_input_delay (0)
------------------------------------
 There are 0 input ports with partial input delay specified.


11. checking partial_output_delay (0)
-------------------------------------
 There are 0 ports with partial output delay specified.


12. checking latch_loops (0)
----------------------------
 There are 0 combinational latch loops in the design through latch input



------------------------------------------------------------------------------------------------
| Design Timing Summary
| ---------------------
------------------------------------------------------------------------------------------------

    WNS(ns)      TNS(ns)  TNS Failing Endpoints  TNS Total Endpoints      WHS(ns)      THS(ns)  THS Failing Endpoints  THS Total Endpoints     WPWS(ns)     TPWS(ns)  TPWS Failing Endpoints  TPWS Total Endpoints  
    -------      -------  ---------------------  -------------------      -------      -------  ---------------------  -------------------     --------     --------  ----------------------  --------------------  
      0.431        0.000                      0               404230        0.009        0.000                      0               404230        1.134        0.000                       0                 78145  


All user specified timing constraints are met.


------------------------------------------------------------------------------------------------
| Clock Summary
| -------------
------------------------------------------------------------------------------------------------

Clock   Waveform(ns)         Period(ns)      Frequency(MHz)
-----   ------------         ----------      --------------
ap_clk  {0.000 1.666}        3.333           300.030         


------------------------------------------------------------------------------------------------
| Intra Clock Table
| -----------------
------------------------------------------------------------------------------------------------

Clock             WNS(ns)      TNS(ns)  TNS Failing Endpoints  TNS Total Endpoints      WHS(ns)      THS(ns)  THS Failing Endpoints  THS Total Endpoints     WPWS(ns)     TPWS(ns)  TPWS Failing Endpoints  TPWS Total Endpoints  
-----             -------      -------  ---------------------  -------------------      -------      -------  ---------------------  -------------------     --------     --------  ----------------------  --------------------  
ap_clk              0.431        0.000                      0               404230        0.009        0.000                      0               404230        1.134        0.000                       0                 78145  


------------------------------------------------------------------------------------------------
| Inter Clock Table
| -----------------
------------------------------------------------------------------------------------------------

From Clock    To Clock          WNS(ns)      TNS(ns)  TNS Failing Endpoints  TNS Total Endpoints      WHS(ns)      THS(ns)  THS Failing Endpoints  THS Total Endpoints  
----------    --------          -------      -------  ---------------------  -------------------      -------      -------  ---------------------  -------------------  


------------------------------------------------------------------------------------------------
| Other Path Groups Table
| -----------------------
------------------------------------------------------------------------------------------------

Path Group    From Clock    To Clock          WNS(ns)      TNS(ns)  TNS Failing Endpoints  TNS Total Endpoints      WHS(ns)      THS(ns)  THS Failing Endpoints  THS Total Endpoints  
----------    ----------    --------          -------      -------  ---------------------  -------------------      -------      -------  ---------------------  -------------------  


------------------------------------------------------------------------------------------------
| Timing Details
| --------------
------------------------------------------------------------------------------------------------


---------------------------------------------------------------------------------------------------
From Clock:  ap_clk
  To Clock:  ap_clk

Setup :            0  Failing Endpoints,  Worst Slack        0.431ns,  Total Violation        0.000ns
Hold  :            0  Failing Endpoints,  Worst Slack        0.009ns,  Total Violation        0.000ns
PW    :            0  Failing Endpoints,  Worst Slack        1.134ns,  Total Violation        0.000ns
---------------------------------------------------------------------------------------------------


Max Delay Paths
--------------------------------------------------------------------------------------
Slack (MET) :             0.431ns  (required time - arrival time)
  Source:                 dut/u_pe_r0_10_5/u/grp_pe_r0_0_Pipeline_l_S_k_0_k_fu_47/v16_fu_46_reg[2]/C
                            (rising edge-triggered cell FDRE clocked by ap_clk  {rise@0.000ns fall@1.666ns period=3.333ns})
  Destination:            sig_reg[2]/D
                            (rising edge-triggered cell FDRE clocked by ap_clk  {rise@0.000ns fall@1.666ns period=3.333ns})
  Path Group:             ap_clk
  Path Type:              Setup (Max at Slow Process Corner)
  Requirement:            3.333ns  (ap_clk rise@3.333ns - ap_clk rise@0.000ns)
  Data Path Delay:        2.632ns  (logic 0.580ns (22.036%)  route 2.052ns (77.964%))
  Logic Levels:           4  (LUT5=1 LUT6=3)
  Clock Path Skew:        -0.259ns (DCD - SCD + CPR)
    Destination Clock Delay (DCD):    2.680ns = ( 6.013 - 3.333 ) 
    Source Clock Delay      (SCD):    3.335ns
    Clock Pessimism Removal (CPR):    0.395ns
  Clock Uncertainty:      0.035ns  ((TSJ^2 + TIJ^2)^1/2 + DJ) / 2 + PE
    Total System Jitter     (TSJ):    0.071ns
    Total Input Jitter      (TIJ):    0.000ns
    Discrete Jitter          (DJ):    0.000ns
    Phase Error              (PE):    0.000ns
  Clock Net Delay (Source):      2.348ns (routing 1.143ns, distribution 1.205ns)
  Clock Net Delay (Destination): 1.986ns (routing 1.040ns, distribution 0.946ns)

    Location             Delay type                Incr(ns)  Path(ns)    Netlist Resource(s)
  -------------------------------------------------------------------    -------------------
                         (clock ap_clk rise edge)     0.000     0.000 r  
    BH26                                              0.000     0.000 r  ap_clk (IN)
                         net (fo=0)                   0.000     0.000    ap_clk_IBUF_inst/I
    BH26                 INBUF (Prop_INBUF_HPIOB_M_PAD_O)
                                                      0.636     0.636 r  ap_clk_IBUF_inst/INBUF_INST/O
                         net (fo=1, routed)           0.000     0.636    ap_clk_IBUF_inst/OUT
    BH26                 IBUFCTRL (Prop_IBUFCTRL_HPIOB_M_I_O)
                                                      0.000     0.636 r  ap_clk_IBUF_inst/IBUFCTRL_INST/O
                         net (fo=1, routed)           0.323     0.959    ap_clk_IBUF
    BUFGCE_X0Y72         BUFGCE (Prop_BUFCE_BUFGCE_I_O)
                                                      0.028     0.987 r  ap_clk_IBUF_BUFG_inst/O
    X5Y1 (CLOCK_ROOT)    net (fo=82241, routed)       2.348     3.335    dut/u_pe_r0_10_5/u/grp_pe_r0_0_Pipeline_l_S_k_0_k_fu_47/ap_clk_IBUF_BUFG
    SLICE_X197Y49        FDRE                                         r  dut/u_pe_r0_10_5/u/grp_pe_r0_0_Pipeline_l_S_k_0_k_fu_47/v16_fu_46_reg[2]/C
  -------------------------------------------------------------------    -------------------
    SLICE_X197Y49        FDRE (Prop_EFF2_SLICEM_C_Q)
                                                      0.079     3.414 r  dut/u_pe_r0_10_5/u/grp_pe_r0_0_Pipeline_l_S_k_0_k_fu_47/v16_fu_46_reg[2]/Q
                         net (fo=1, routed)           0.203     3.617    dut/u_pe_r0_10_4/u/grp_pe_r0_0_Pipeline_l_S_k_0_k_fu_47/sig[31]_i_16_1[1]
    SLICE_X197Y54        LUT6 (Prop_F6LUT_SLICEM_I4_O)
                                                      0.088     3.705 r  dut/u_pe_r0_10_4/u/grp_pe_r0_0_Pipeline_l_S_k_0_k_fu_47/sig[2]_i_115/O
                         net (fo=1, routed)           0.449     4.154    dut/u_pe_r0_9_24/u/grp_pe_r0_0_Pipeline_l_S_k_0_k_fu_47/sig[2]_i_4_3
    SLICE_X191Y72        LUT6 (Prop_E6LUT_SLICEM_I5_O)
                                                      0.148     4.302 r  dut/u_pe_r0_9_24/u/grp_pe_r0_0_Pipeline_l_S_k_0_k_fu_47/sig[2]_i_21/O
                         net (fo=1, routed)           0.975     5.277    dut/u_pe_r0_6_12/u/grp_pe_r0_0_Pipeline_l_S_k_0_k_fu_47/sig_reg[2]_0
    SLICE_X176Y137       LUT6 (Prop_H6LUT_SLICEM_I2_O)
                                                      0.101     5.378 r  dut/u_pe_r0_6_12/u/grp_pe_r0_0_Pipeline_l_S_k_0_k_fu_47/sig[2]_i_4/O
                         net (fo=1, routed)           0.393     5.771    dut/u_pe_r0_4_4/u/grp_pe_r0_0_Pipeline_l_S_k_0_k_fu_47/sig_reg[2]_0
    SLICE_X175Y159       LUT5 (Prop_E5LUT_SLICEM_I2_O)
                                                      0.164     5.935 r  dut/u_pe_r0_4_4/u/grp_pe_r0_0_Pipeline_l_S_k_0_k_fu_47/sig[2]_i_1/O
                         net (fo=2, routed)           0.032     5.967    dut_n_30
    SLICE_X175Y159       FDRE                                         r  sig_reg[2]/D
  -------------------------------------------------------------------    -------------------

                         (clock ap_clk rise edge)     3.333     3.333 r  
    BH26                                              0.000     3.333 r  ap_clk (IN)
                         net (fo=0)                   0.000     3.333    ap_clk_IBUF_inst/I
    BH26                 INBUF (Prop_INBUF_HPIOB_M_PAD_O)
                                                      0.385     3.718 r  ap_clk_IBUF_inst/INBUF_INST/O
                         net (fo=1, routed)           0.000     3.718    ap_clk_IBUF_inst/OUT
    BH26                 IBUFCTRL (Prop_IBUFCTRL_HPIOB_M_I_O)
                                                      0.000     3.718 r  ap_clk_IBUF_inst/IBUFCTRL_INST/O
                         net (fo=1, routed)           0.286     4.004    ap_clk_IBUF
    BUFGCE_X0Y72         BUFGCE (Prop_BUFCE_BUFGCE_I_O)
                                                      0.024     4.028 r  ap_clk_IBUF_BUFG_inst/O
    X5Y1 (CLOCK_ROOT)    net (fo=82241, routed)       1.986     6.013    ap_clk_IBUF_BUFG
    SLICE_X175Y159       FDRE                                         r  sig_reg[2]/C
                         clock pessimism              0.395     6.408    
                         clock uncertainty           -0.035     6.373    
    SLICE_X175Y159       FDRE (Setup_EFF_SLICEM_C_D)
                                                      0.025     6.398    sig_reg[2]
  -------------------------------------------------------------------
                         required time                          6.398    
                         arrival time                          -5.967    
  -------------------------------------------------------------------
                         slack                                  0.431    





Min Delay Paths
--------------------------------------------------------------------------------------
Slack (MET) :             0.009ns  (arrival time - required time)
  Source:                 dut/g_pe_south_north[448].u/slice.q0_reg[7]/C
                            (rising edge-triggered cell FDRE clocked by ap_clk  {rise@0.000ns fall@1.666ns period=3.333ns})
  Destination:            dut/g_pe_south_north[480].u/slice.q1_reg[7]/D
                            (rising edge-triggered cell FDRE clocked by ap_clk  {rise@0.000ns fall@1.666ns period=3.333ns})
  Path Group:             ap_clk
  Path Type:              Hold (Min at Slow Process Corner)
  Requirement:            0.000ns  (ap_clk rise@0.000ns - ap_clk rise@0.000ns)
  Data Path Delay:        0.308ns  (logic 0.060ns (19.497%)  route 0.248ns (80.503%))
  Logic Levels:           0  
  Clock Path Skew:        0.236ns (DCD - SCD - CPR)
    Destination Clock Delay (DCD):    3.447ns
    Source Clock Delay      (SCD):    2.815ns
    Clock Pessimism Removal (CPR):    0.395ns
  Clock Net Delay (Source):      2.121ns (routing 1.040ns, distribution 1.081ns)
  Clock Net Delay (Destination): 2.460ns (routing 1.143ns, distribution 1.317ns)

    Location             Delay type                Incr(ns)  Path(ns)    Netlist Resource(s)
  -------------------------------------------------------------------    -------------------
                         (clock ap_clk rise edge)     0.000     0.000 r  
    BH26                                              0.000     0.000 r  ap_clk (IN)
                         net (fo=0)                   0.000     0.000    ap_clk_IBUF_inst/I
    BH26                 INBUF (Prop_INBUF_HPIOB_M_PAD_O)
                                                      0.385     0.385 r  ap_clk_IBUF_inst/INBUF_INST/O
                         net (fo=1, routed)           0.000     0.385    ap_clk_IBUF_inst/OUT
    BH26                 IBUFCTRL (Prop_IBUFCTRL_HPIOB_M_I_O)
                                                      0.000     0.385 r  ap_clk_IBUF_inst/IBUFCTRL_INST/O
                         net (fo=1, routed)           0.286     0.671    ap_clk_IBUF
    BUFGCE_X0Y72         BUFGCE (Prop_BUFCE_BUFGCE_I_O)
                                                      0.024     0.695 r  ap_clk_IBUF_BUFG_inst/O
    X5Y1 (CLOCK_ROOT)    net (fo=82241, routed)       2.121     2.815    dut/g_pe_south_north[448].u/ap_clk_IBUF_BUFG
    SLICE_X211Y106       FDRE                                         r  dut/g_pe_south_north[448].u/slice.q0_reg[7]/C
  -------------------------------------------------------------------    -------------------
    SLICE_X211Y106       FDRE (Prop_AFF2_SLICEL_C_Q)
                                                      0.060     2.875 r  dut/g_pe_south_north[448].u/slice.q0_reg[7]/Q
                         net (fo=2, routed)           0.248     3.123    dut/g_pe_south_north[480].u/D[7]
    SLICE_X211Y121       FDRE                                         r  dut/g_pe_south_north[480].u/slice.q1_reg[7]/D
  -------------------------------------------------------------------    -------------------

                         (clock ap_clk rise edge)     0.000     0.000 r  
    BH26                                              0.000     0.000 r  ap_clk (IN)
                         net (fo=0)                   0.000     0.000    ap_clk_IBUF_inst/I
    BH26                 INBUF (Prop_INBUF_HPIOB_M_PAD_O)
                                                      0.636     0.636 r  ap_clk_IBUF_inst/INBUF_INST/O
                         net (fo=1, routed)           0.000     0.636    ap_clk_IBUF_inst/OUT
    BH26                 IBUFCTRL (Prop_IBUFCTRL_HPIOB_M_I_O)
                                                      0.000     0.636 r  ap_clk_IBUF_inst/IBUFCTRL_INST/O
                         net (fo=1, routed)           0.323     0.959    ap_clk_IBUF
    BUFGCE_X0Y72         BUFGCE (Prop_BUFCE_BUFGCE_I_O)
                                                      0.028     0.987 r  ap_clk_IBUF_BUFG_inst/O
    X5Y1 (CLOCK_ROOT)    net (fo=82241, routed)       2.460     3.447    dut/g_pe_south_north[480].u/ap_clk_IBUF_BUFG
    SLICE_X211Y121       FDRE                                         r  dut/g_pe_south_north[480].u/slice.q1_reg[7]/C
                         clock pessimism             -0.395     3.052    
    SLICE_X211Y121       FDRE (Hold_GFF2_SLICEL_C_D)
                                                      0.062     3.114    dut/g_pe_south_north[480].u/slice.q1_reg[7]
  -------------------------------------------------------------------
                         required time                         -3.114    
                         arrival time                           3.123    
  -------------------------------------------------------------------
                         slack                                  0.009    





Pulse Width Checks
--------------------------------------------------------------------------------------
Clock Name:         ap_clk
Waveform(ns):       { 0.000 1.666 }
Period(ns):         3.333
Sources:            { ap_clk }

Check Type        Corner  Lib Pin     Reference Pin  Required(ns)  Actual(ns)  Slack(ns)  Location       Pin
Min Period        n/a     BUFGCE/I    n/a            1.290         3.333       2.043      BUFGCE_X0Y72   ap_clk_IBUF_BUFG_inst/I
Low Pulse Width   Slow    SRL16E/CLK  n/a            0.532         1.666       1.134      SLICE_X121Y94  gen_pe_north_bind[0].lf_pe_north_bind_reg[19]_srl12___gen_pe_west_bind_r_10/CLK
High Pulse Width  Slow    SRL16E/CLK  n/a            0.532         1.666       1.134      SLICE_X121Y94  gen_pe_north_bind[0].lf_pe_north_bind_reg[19]_srl12___gen_pe_west_bind_r_10/CLK



