Copyright 1986-2022 Xilinx, Inc. All Rights Reserved. Copyright 2022-2023 Advanced Micro Devices, Inc. All Rights Reserved.
--------------------------------------------------------------------------------------------------------------------------------------------------
| Tool Version      : Vivado v.2023.2 (lin64) Build 4029153 Fri Oct 13 20:13:54 MDT 2023
| Date              : Sun Sep  6 21:34:42 2026
| Host              : brg-zhang-xcel.ece.cornell.edu running 64-bit Red Hat Enterprise Linux 9.8 (Plow)
| Command           : report_timing_summary -file timing.rpt
| Design            : spmw_harness
| Device            : xcu280-fsvh2892
| Speed File        : -2L  PRODUCTION 1.30 05-01-2022
| Design State      : Routed
| Temperature Grade : E
--------------------------------------------------------------------------------------------------------------------------------------------------

Timing Summary Report

------------------------------------------------------------------------------------------------
| Timer Settings
| --------------
------------------------------------------------------------------------------------------------

  Enable Multi Corner Analysis               :  Yes
  Enable Pessimism Removal                   :  Yes
  Pessimism Removal Resolution               :  Nearest Common Node
  Enable Input Delay Default Clock           :  No
  Enable Preset / Clear Arcs                 :  No
  Disable Flight Delays                      :  No
  Ignore I/O Paths                           :  No
  Timing Early Launch at Borrowing Latches   :  No
  Borrow Time for Max Delay Exceptions       :  Yes
  Merge Timing Exceptions                    :  Yes
  Inter-SLR Compensation                     :  Conservative

  Corner  Analyze    Analyze    
  Name    Max Paths  Min Paths  
  ------  ---------  ---------  
  Slow    Yes        Yes        
  Fast    Yes        Yes        


------------------------------------------------------------------------------------------------
| Report Methodology
| ------------------
------------------------------------------------------------------------------------------------

No report available as report_methodology has not been run prior. Run report_methodology on the current design for the summary of methodology violations.



check_timing report

Table of Contents
-----------------
1. checking no_clock (0)
2. checking constant_clock (0)
3. checking pulse_width_clock (0)
4. checking unconstrained_internal_endpoints (0)
5. checking no_input_delay (2)
6. checking no_output_delay (8)
7. checking multiple_clock (0)
8. checking generated_clocks (0)
9. checking loops (0)
10. checking partial_input_delay (0)
11. checking partial_output_delay (0)
12. checking latch_loops (0)

1. checking no_clock (0)
------------------------
 There are 0 register/latch pins with no clock.


2. checking constant_clock (0)
------------------------------
 There are 0 register/latch pins with constant_clock.


3. checking pulse_width_clock (0)
---------------------------------
 There are 0 register/latch pins which need pulse_width check


4. checking unconstrained_internal_endpoints (0)
------------------------------------------------
 There are 0 pins that are not constrained for maximum delay.

 There are 0 pins that are not constrained for maximum delay due to constant clock.


5. checking no_input_delay (2)
------------------------------
 There are 2 input ports with no input delay specified. (HIGH)

 There are 0 input ports with no input delay but user has a false path constraint.


6. checking no_output_delay (8)
-------------------------------
 There are 8 ports with no output delay specified. (HIGH)

 There are 0 ports with no output delay but user has a false path constraint

 There are 0 ports with no output delay but with a timing clock defined on it or propagating through it


7. checking multiple_clock (0)
------------------------------
 There are 0 register/latch pins with multiple clocks.


8. checking generated_clocks (0)
--------------------------------
 There are 0 generated clocks that are not connected to a clock source.


9. checking loops (0)
---------------------
 There are 0 combinational loops in the design.


10. checking partial_input_delay (0)
------------------------------------
 There are 0 input ports with partial input delay specified.


11. checking partial_output_delay (0)
-------------------------------------
 There are 0 ports with partial output delay specified.


12. checking latch_loops (0)
----------------------------
 There are 0 combinational latch loops in the design through latch input



------------------------------------------------------------------------------------------------
| Design Timing Summary
| ---------------------
------------------------------------------------------------------------------------------------

    WNS(ns)      TNS(ns)  TNS Failing Endpoints  TNS Total Endpoints      WHS(ns)      THS(ns)  THS Failing Endpoints  THS Total Endpoints     WPWS(ns)     TPWS(ns)  TPWS Failing Endpoints  TPWS Total Endpoints  
    -------      -------  ---------------------  -------------------      -------      -------  ---------------------  -------------------     --------     --------  ----------------------  --------------------  
      1.279        0.000                      0                 7868        0.001        0.000                      0                 7868        1.134        0.000                       0                  2472  


All user specified timing constraints are met.


------------------------------------------------------------------------------------------------
| Clock Summary
| -------------
------------------------------------------------------------------------------------------------

Clock   Waveform(ns)         Period(ns)      Frequency(MHz)
-----   ------------         ----------      --------------
ap_clk  {0.000 1.666}        3.333           300.030         


------------------------------------------------------------------------------------------------
| Intra Clock Table
| -----------------
------------------------------------------------------------------------------------------------

Clock             WNS(ns)      TNS(ns)  TNS Failing Endpoints  TNS Total Endpoints      WHS(ns)      THS(ns)  THS Failing Endpoints  THS Total Endpoints     WPWS(ns)     TPWS(ns)  TPWS Failing Endpoints  TPWS Total Endpoints  
-----             -------      -------  ---------------------  -------------------      -------      -------  ---------------------  -------------------     --------     --------  ----------------------  --------------------  
ap_clk              1.279        0.000                      0                 7868        0.001        0.000                      0                 7868        1.134        0.000                       0                  2472  


------------------------------------------------------------------------------------------------
| Inter Clock Table
| -----------------
------------------------------------------------------------------------------------------------

From Clock    To Clock          WNS(ns)      TNS(ns)  TNS Failing Endpoints  TNS Total Endpoints      WHS(ns)      THS(ns)  THS Failing Endpoints  THS Total Endpoints  
----------    --------          -------      -------  ---------------------  -------------------      -------      -------  ---------------------  -------------------  


------------------------------------------------------------------------------------------------
| Other Path Groups Table
| -----------------------
------------------------------------------------------------------------------------------------

Path Group    From Clock    To Clock          WNS(ns)      TNS(ns)  TNS Failing Endpoints  TNS Total Endpoints      WHS(ns)      THS(ns)  THS Failing Endpoints  THS Total Endpoints  
----------    ----------    --------          -------      -------  ---------------------  -------------------      -------      -------  ---------------------  -------------------  


------------------------------------------------------------------------------------------------
| Timing Details
| --------------
------------------------------------------------------------------------------------------------


---------------------------------------------------------------------------------------------------
From Clock:  ap_clk
  To Clock:  ap_clk

Setup :            0  Failing Endpoints,  Worst Slack        1.279ns,  Total Violation        0.000ns
Hold  :            0  Failing Endpoints,  Worst Slack        0.001ns,  Total Violation        0.000ns
PW    :            0  Failing Endpoints,  Worst Slack        1.134ns,  Total Violation        0.000ns
---------------------------------------------------------------------------------------------------


Max Delay Paths
--------------------------------------------------------------------------------------
Slack (MET) :             1.279ns  (required time - arrival time)
  Source:                 dut/g_mac_p_out_p_in[4].u/slice.v1_reg/C
                            (rising edge-triggered cell FDRE clocked by ap_clk  {rise@0.000ns fall@1.666ns period=3.333ns})
  Destination:            dut/u_mac_r1_1_0/u/grp_mac_r1_0_Pipeline_l_S_m_0_m_fu_40/mac_muladd_8s_8s_32s_32_4_1_U1/mac_r1_0_mac_muladd_8s_8s_32s_32_4_1_DSP48_0_U/p_reg_reg/DSP_OUTPUT_INST/CEP
                            (rising edge-triggered cell DSP_OUTPUT clocked by ap_clk  {rise@0.000ns fall@1.666ns period=3.333ns})
  Path Group:             ap_clk
  Path Type:              Setup (Max at Slow Process Corner)
  Requirement:            3.333ns  (ap_clk rise@3.333ns - ap_clk rise@0.000ns)
  Data Path Delay:        1.716ns  (logic 0.115ns (6.701%)  route 1.601ns (93.299%))
  Logic Levels:           1  (LUT6=1)
  Clock Path Skew:        -0.084ns (DCD - SCD + CPR)
    Destination Clock Delay (DCD):    1.389ns = ( 4.722 - 3.333 ) 
    Source Clock Delay      (SCD):    1.784ns
    Clock Pessimism Removal (CPR):    0.310ns
  Clock Uncertainty:      0.035ns  ((TSJ^2 + TIJ^2)^1/2 + DJ) / 2 + PE
    Total System Jitter     (TSJ):    0.071ns
    Total Input Jitter      (TIJ):    0.000ns
    Discrete Jitter          (DJ):    0.000ns
    Phase Error              (PE):    0.000ns
  Clock Net Delay (Source):      0.797ns (routing 0.001ns, distribution 0.796ns)
  Clock Net Delay (Destination): 0.695ns (routing 0.001ns, distribution 0.694ns)

    Location             Delay type                Incr(ns)  Path(ns)    Netlist Resource(s)
  -------------------------------------------------------------------    -------------------
                         (clock ap_clk rise edge)     0.000     0.000 r  
    BH26                                              0.000     0.000 r  ap_clk (IN)
                         net (fo=0)                   0.000     0.000    ap_clk_IBUF_inst/I
    BH26                 INBUF (Prop_INBUF_HPIOB_M_PAD_O)
                                                      0.636     0.636 r  ap_clk_IBUF_inst/INBUF_INST/O
                         net (fo=1, routed)           0.000     0.636    ap_clk_IBUF_inst/OUT
    BH26                 IBUFCTRL (Prop_IBUFCTRL_HPIOB_M_I_O)
                                                      0.000     0.636 r  ap_clk_IBUF_inst/IBUFCTRL_INST/O
                         net (fo=1, routed)           0.323     0.959    ap_clk_IBUF
    BUFGCE_X0Y72         BUFGCE (Prop_BUFCE_BUFGCE_I_O)
                                                      0.028     0.987 r  ap_clk_IBUF_BUFG_inst/O
    X4Y3 (CLOCK_ROOT)    net (fo=2535, routed)        0.797     1.784    dut/g_mac_p_out_p_in[4].u/ap_clk_IBUF_BUFG
    SLICE_X123Y192       FDRE                                         r  dut/g_mac_p_out_p_in[4].u/slice.v1_reg/C
  -------------------------------------------------------------------    -------------------
    SLICE_X123Y192       FDRE (Prop_BFF_SLICEL_C_Q)
                                                      0.079     1.863 f  dut/g_mac_p_out_p_in[4].u/slice.v1_reg/Q
                         net (fo=35, routed)          0.450     2.312    dut/u_mac_r1_1_0/u/grp_mac_r1_0_Pipeline_l_S_m_0_m_fu_40/mac_muladd_8s_8s_32s_32_4_1_U1/mac_r1_0_mac_muladd_8s_8s_32s_32_4_1_DSP48_0_U/ap_enable_reg_pp0_iter4_reg_0
    SLICE_X127Y191       LUT6 (Prop_B6LUT_SLICEL_I4_O)
                                                      0.036     2.348 r  dut/u_mac_r1_1_0/u/grp_mac_r1_0_Pipeline_l_S_m_0_m_fu_40/mac_muladd_8s_8s_32s_32_4_1_U1/mac_r1_0_mac_muladd_8s_8s_32s_32_4_1_DSP48_0_U/v10_reg_145[31]_i_1__0/O
                         net (fo=59, routed)          1.151     3.500    dut/u_mac_r1_1_0/u/grp_mac_r1_0_Pipeline_l_S_m_0_m_fu_40/mac_muladd_8s_8s_32s_32_4_1_U1/mac_r1_0_mac_muladd_8s_8s_32s_32_4_1_DSP48_0_U/p_reg_reg/CEP
    DSP48E2_X16Y70       DSP_OUTPUT                                   r  dut/u_mac_r1_1_0/u/grp_mac_r1_0_Pipeline_l_S_m_0_m_fu_40/mac_muladd_8s_8s_32s_32_4_1_U1/mac_r1_0_mac_muladd_8s_8s_32s_32_4_1_DSP48_0_U/p_reg_reg/DSP_OUTPUT_INST/CEP
  -------------------------------------------------------------------    -------------------

                         (clock ap_clk rise edge)     3.333     3.333 r  
    BH26                                              0.000     3.333 r  ap_clk (IN)
                         net (fo=0)                   0.000     3.333    ap_clk_IBUF_inst/I
    BH26                 INBUF (Prop_INBUF_HPIOB_M_PAD_O)
                                                      0.385     3.718 r  ap_clk_IBUF_inst/INBUF_INST/O
                         net (fo=1, routed)           0.000     3.718    ap_clk_IBUF_inst/OUT
    BH26                 IBUFCTRL (Prop_IBUFCTRL_HPIOB_M_I_O)
                                                      0.000     3.718 r  ap_clk_IBUF_inst/IBUFCTRL_INST/O
                         net (fo=1, routed)           0.286     4.004    ap_clk_IBUF
    BUFGCE_X0Y72         BUFGCE (Prop_BUFCE_BUFGCE_I_O)
                                                      0.024     4.028 r  ap_clk_IBUF_BUFG_inst/O
    X4Y3 (CLOCK_ROOT)    net (fo=2535, routed)        0.695     4.722    dut/u_mac_r1_1_0/u/grp_mac_r1_0_Pipeline_l_S_m_0_m_fu_40/mac_muladd_8s_8s_32s_32_4_1_U1/mac_r1_0_mac_muladd_8s_8s_32s_32_4_1_DSP48_0_U/p_reg_reg/CLK
    DSP48E2_X16Y70       DSP_OUTPUT                                   r  dut/u_mac_r1_1_0/u/grp_mac_r1_0_Pipeline_l_S_m_0_m_fu_40/mac_muladd_8s_8s_32s_32_4_1_U1/mac_r1_0_mac_muladd_8s_8s_32s_32_4_1_DSP48_0_U/p_reg_reg/DSP_OUTPUT_INST/CLK
                         clock pessimism              0.310     5.032    
                         clock uncertainty           -0.035     4.997    
    DSP48E2_X16Y70       DSP_OUTPUT (Setup_DSP_OUTPUT_DSP48E2_CLK_CEP)
                                                     -0.218     4.779    dut/u_mac_r1_1_0/u/grp_mac_r1_0_Pipeline_l_S_m_0_m_fu_40/mac_muladd_8s_8s_32s_32_4_1_U1/mac_r1_0_mac_muladd_8s_8s_32s_32_4_1_DSP48_0_U/p_reg_reg/DSP_OUTPUT_INST
  -------------------------------------------------------------------
                         required time                          4.779    
                         arrival time                          -3.500    
  -------------------------------------------------------------------
                         slack                                  1.279    





Min Delay Paths
--------------------------------------------------------------------------------------
Slack (MET) :             0.001ns  (arrival time - required time)
  Source:                 gen_mac_w_mem[7].lf_mac_w_mem_reg[7]/C
                            (rising edge-triggered cell FDRE clocked by ap_clk  {rise@0.000ns fall@1.666ns period=3.333ns})
  Destination:            gen_mac_w_mem[7].lf_mac_w_mem_reg[19]_srl12___gen_mac_a_in_bind_r_10/D
                            (rising edge-triggered cell SRL16E clocked by ap_clk  {rise@0.000ns fall@1.666ns period=3.333ns})
  Path Group:             ap_clk
  Path Type:              Hold (Min at Slow Process Corner)
  Requirement:            0.000ns  (ap_clk rise@0.000ns - ap_clk rise@0.000ns)
  Data Path Delay:        0.190ns  (logic 0.059ns (31.044%)  route 0.131ns (68.956%))
  Logic Levels:           0  
  Clock Path Skew:        0.161ns (DCD - SCD - CPR)
    Destination Clock Delay (DCD):    1.853ns
    Source Clock Delay      (SCD):    1.382ns
    Clock Pessimism Removal (CPR):    0.310ns
  Clock Net Delay (Source):      0.688ns (routing 0.001ns, distribution 0.687ns)
  Clock Net Delay (Destination): 0.866ns (routing 0.001ns, distribution 0.865ns)

    Location             Delay type                Incr(ns)  Path(ns)    Netlist Resource(s)
  -------------------------------------------------------------------    -------------------
                         (clock ap_clk rise edge)     0.000     0.000 r  
    BH26                                              0.000     0.000 r  ap_clk (IN)
                         net (fo=0)                   0.000     0.000    ap_clk_IBUF_inst/I
    BH26                 INBUF (Prop_INBUF_HPIOB_M_PAD_O)
                                                      0.385     0.385 r  ap_clk_IBUF_inst/INBUF_INST/O
                         net (fo=1, routed)           0.000     0.385    ap_clk_IBUF_inst/OUT
    BH26                 IBUFCTRL (Prop_IBUFCTRL_HPIOB_M_I_O)
                                                      0.000     0.385 r  ap_clk_IBUF_inst/IBUFCTRL_INST/O
                         net (fo=1, routed)           0.286     0.671    ap_clk_IBUF
    BUFGCE_X0Y72         BUFGCE (Prop_BUFCE_BUFGCE_I_O)
                                                      0.024     0.695 r  ap_clk_IBUF_BUFG_inst/O
    X4Y3 (CLOCK_ROOT)    net (fo=2535, routed)        0.688     1.382    ap_clk_IBUF_BUFG
    SLICE_X131Y205       FDRE                                         r  gen_mac_w_mem[7].lf_mac_w_mem_reg[7]/C
  -------------------------------------------------------------------    -------------------
    SLICE_X131Y205       FDRE (Prop_CFF2_SLICEL_C_Q)
                                                      0.059     1.441 r  gen_mac_w_mem[7].lf_mac_w_mem_reg[7]/Q
                         net (fo=2, routed)           0.131     1.572    gen_mac_w_mem[7].lf_mac_w_mem_reg_n_0_[7]
    SLICE_X129Y204       SRL16E                                       r  gen_mac_w_mem[7].lf_mac_w_mem_reg[19]_srl12___gen_mac_a_in_bind_r_10/D
  -------------------------------------------------------------------    -------------------

                         (clock ap_clk rise edge)     0.000     0.000 r  
    BH26                                              0.000     0.000 r  ap_clk (IN)
                         net (fo=0)                   0.000     0.000    ap_clk_IBUF_inst/I
    BH26                 INBUF (Prop_INBUF_HPIOB_M_PAD_O)
                                                      0.636     0.636 r  ap_clk_IBUF_inst/INBUF_INST/O
                         net (fo=1, routed)           0.000     0.636    ap_clk_IBUF_inst/OUT
    BH26                 IBUFCTRL (Prop_IBUFCTRL_HPIOB_M_I_O)
                                                      0.000     0.636 r  ap_clk_IBUF_inst/IBUFCTRL_INST/O
                         net (fo=1, routed)           0.323     0.959    ap_clk_IBUF
    BUFGCE_X0Y72         BUFGCE (Prop_BUFCE_BUFGCE_I_O)
                                                      0.028     0.987 r  ap_clk_IBUF_BUFG_inst/O
    X4Y3 (CLOCK_ROOT)    net (fo=2535, routed)        0.866     1.853    ap_clk_IBUF_BUFG
    SLICE_X129Y204       SRL16E                                       r  gen_mac_w_mem[7].lf_mac_w_mem_reg[19]_srl12___gen_mac_a_in_bind_r_10/CLK
                         clock pessimism             -0.310     1.543    
    SLICE_X129Y204       SRL16E (Hold_C6LUT_SLICEM_CLK_D)
                                                      0.028     1.571    gen_mac_w_mem[7].lf_mac_w_mem_reg[19]_srl12___gen_mac_a_in_bind_r_10
  -------------------------------------------------------------------
                         required time                         -1.571    
                         arrival time                           1.572    
  -------------------------------------------------------------------
                         slack                                  0.001    





Pulse Width Checks
--------------------------------------------------------------------------------------
Clock Name:         ap_clk
Waveform(ns):       { 0.000 1.666 }
Period(ns):         3.333
Sources:            { ap_clk }

Check Type        Corner  Lib Pin     Reference Pin  Required(ns)  Actual(ns)  Slack(ns)  Location        Pin
Min Period        n/a     BUFGCE/I    n/a            1.290         3.333       2.043      BUFGCE_X0Y72    ap_clk_IBUF_BUFG_inst/I
Low Pulse Width   Slow    SRL16E/CLK  n/a            0.532         1.667       1.135      SLICE_X128Y194  gen_mac_a_in_bind[0].lf_mac_a_in_bind_reg[19]_srl12___gen_mac_a_in_bind_r_10/CLK
High Pulse Width  Slow    SRL16E/CLK  n/a            0.532         1.666       1.134      SLICE_X128Y194  gen_mac_a_in_bind[0].lf_mac_a_in_bind_reg[19]_srl12___gen_mac_a_in_bind_r_10/CLK



