================================================================
== Vivado RTL Synthesis Results
================================================================
+ General Information:
    * Date:            Mon Sep 07 09:29:13 EDT 2026
    * Version:         2023.2 (Build 4023990 on Oct 11 2023)
    * Project:         out.prj
    * Solution:        solution1 (Vivado IP Flow Target)
    * Product family:  virtexuplusHBM
    * Target device:   xcu280-fsvh2892-2L-e


================================================================
== Run Constraints & Options
================================================================
+ Design Constraints & Options:
    * RTL Synthesis target clock:  3.333 ns
    * C-Synthesis target clock:    3.333 ns
    * C-Synthesis uncertainty:     27%

+ RTL Synthesis Options:
    * config_export -vivado_synth_strategy:     default
    * config_export -vivado_synth_design_args:  -directive sdx_optimization_effort_high

+ Reporting Options:
    * config_export -vivado_report_level:      2
    * config_export -vivado_max_timing_paths:  10


================================================================
== RTL Synthesis Resource Summary
================================================================
LUT:              8887
FF:               8220
DSP:              64
BRAM:             3
URAM:             0
SRL:              1528


================================================================
== RTL Synthesis Timing Summary
================================================================
* Timing was met
+----------------+-------------+
| Timing         | Period (ns) |
+----------------+-------------+
| Target         | 3.333       |
| Post-Synthesis | 2.078       |
+----------------+-------------+


================================================================
== RTL Synthesis Resources
================================================================
+---------------------------------------------------------------------+------+------+-----+------+------+-----+--------+------+---------+----------+--------+
| Name                                                                | LUT  | FF   | DSP | BRAM | URAM | SRL | Pragma | Impl | Latency | Variable | Source |
+---------------------------------------------------------------------+------+------+-----+------+------+-----+--------+------+---------+----------+--------+
| inst                                                                | 8887 | 8220 | 64  | 3    |      |     |        |      |         |          |        |
|   (inst)                                                            | 56   | 363  |     |      |      |     |        |      |         |          |        |
|   buf0_1_U                                                          | 8    | 8    |     |      |      |     |        |      |         |          |        |
|   buf0_2_U                                                          | 8    | 8    |     |      |      |     |        |      |         |          |        |
|   buf0_3_U                                                          | 8    | 8    |     |      |      |     |        |      |         |          |        |
|   buf0_4_U                                                          | 8    | 8    |     |      |      |     |        |      |         |          |        |
|   buf0_5_U                                                          | 8    | 8    |     |      |      |     |        |      |         |          |        |
|   buf0_6_U                                                          | 8    | 8    |     |      |      |     |        |      |         |          |        |
|   buf0_7_U                                                          | 8    | 8    |     |      |      |     |        |      |         |          |        |
|   buf0_U                                                            | 8    | 8    |     |      |      |     |        |      |         |          |        |
|   buf1_1_U                                                          | 8    | 8    |     |      |      |     |        |      |         |          |        |
|   buf1_2_U                                                          | 8    | 8    |     |      |      |     |        |      |         |          |        |
|   buf1_3_U                                                          | 8    | 8    |     |      |      |     |        |      |         |          |        |
|   buf1_4_U                                                          | 8    | 8    |     |      |      |     |        |      |         |          |        |
|   buf1_5_U                                                          | 8    | 8    |     |      |      |     |        |      |         |          |        |
|   buf1_6_U                                                          | 8    | 8    |     |      |      |     |        |      |         |          |        |
|   buf1_7_U                                                          | 9    | 8    |     |      |      |     |        |      |         |          |        |
|   buf1_U                                                            | 8    | 8    |     |      |      |     |        |      |         |          |        |
|   buf2_1_U                                                          | 19   | 19   |     |      |      |     |        |      |         |          |        |
|   buf2_2_U                                                          | 19   | 19   |     |      |      |     |        |      |         |          |        |
|   buf2_3_U                                                          | 19   | 19   |     |      |      |     |        |      |         |          |        |
|   buf2_4_U                                                          | 19   | 19   |     |      |      |     |        |      |         |          |        |
|   buf2_5_U                                                          | 19   | 19   |     |      |      |     |        |      |         |          |        |
|   buf2_6_U                                                          | 19   | 19   |     |      |      |     |        |      |         |          |        |
|   buf2_7_U                                                          | 22   | 19   |     |      |      |     |        |      |         |          |        |
|   buf2_U                                                            | 19   | 19   |     |      |      |     |        |      |         |          |        |
|   control_s_axi_U                                                   | 206  | 235  |     |      |      |     |        |      |         |          |        |
|   gmem0_m_axi_U                                                     | 608  | 793  |     | 1    |      |     |        |      |         |          |        |
|   gmem1_m_axi_U                                                     | 608  | 793  |     | 1    |      |     |        |      |         |          |        |
|   gmem2_m_axi_U                                                     | 714  | 966  |     | 1    |      |     |        |      |         |          |        |
|   grp_systolic_gemm_fu_737                                          | 6373 | 4790 | 64  |      |      |     |        |      |         |          |        |
|     (grp_systolic_gemm_fu_737)                                      | 180  | 1228 |     |      |      |     |        |      |         |          |        |
|       A_fifo_10_U                                                   | 17   | 7    |     |      |      |     |        |      |         |          |        |
|       A_fifo_11_U                                                   | 17   | 7    |     |      |      |     |        |      |         |          |        |
|       A_fifo_12_U                                                   | 17   | 7    |     |      |      |     |        |      |         |          |        |
|       A_fifo_13_U                                                   | 17   | 7    |     |      |      |     |        |      |         |          |        |
|       A_fifo_14_U                                                   | 17   | 7    |     |      |      |     |        |      |         |          |        |
|       A_fifo_15_U                                                   | 17   | 7    |     |      |      |     |        |      |         |          |        |
|       A_fifo_16_U                                                   | 17   | 7    |     |      |      |     |        |      |         |          |        |
|       A_fifo_17_U                                                   | 8    | 7    |     |      |      |     |        |      |         |          |        |
|       A_fifo_18_U                                                   | 17   | 7    |     |      |      |     |        |      |         |          |        |
|       A_fifo_19_U                                                   | 17   | 7    |     |      |      |     |        |      |         |          |        |
|       A_fifo_1_U                                                    | 17   | 7    |     |      |      |     |        |      |         |          |        |
|       A_fifo_20_U                                                   | 17   | 7    |     |      |      |     |        |      |         |          |        |
|       A_fifo_21_U                                                   | 17   | 7    |     |      |      |     |        |      |         |          |        |
|       A_fifo_22_U                                                   | 17   | 7    |     |      |      |     |        |      |         |          |        |
|       A_fifo_23_U                                                   | 17   | 7    |     |      |      |     |        |      |         |          |        |
|       A_fifo_24_U                                                   | 17   | 7    |     |      |      |     |        |      |         |          |        |
|       A_fifo_25_U                                                   | 17   | 7    |     |      |      |     |        |      |         |          |        |
|       A_fifo_26_U                                                   | 7    | 7    |     |      |      |     |        |      |         |          |        |
|       A_fifo_27_U                                                   | 17   | 7    |     |      |      |     |        |      |         |          |        |
|       A_fifo_28_U                                                   | 17   | 7    |     |      |      |     |        |      |         |          |        |
|       A_fifo_29_U                                                   | 17   | 7    |     |      |      |     |        |      |         |          |        |
|       A_fifo_2_U                                                    | 17   | 7    |     |      |      |     |        |      |         |          |        |
|       A_fifo_30_U                                                   | 17   | 7    |     |      |      |     |        |      |         |          |        |
|       A_fifo_31_U                                                   | 17   | 7    |     |      |      |     |        |      |         |          |        |
|       A_fifo_32_U                                                   | 17   | 7    |     |      |      |     |        |      |         |          |        |
|       A_fifo_33_U                                                   | 17   | 7    |     |      |      |     |        |      |         |          |        |
|       A_fifo_34_U                                                   | 17   | 7    |     |      |      |     |        |      |         |          |        |
|       A_fifo_35_U                                                   | 7    | 7    |     |      |      |     |        |      |         |          |        |
|       A_fifo_36_U                                                   | 17   | 7    |     |      |      |     |        |      |         |          |        |
|       A_fifo_37_U                                                   | 17   | 7    |     |      |      |     |        |      |         |          |        |
|       A_fifo_38_U                                                   | 17   | 7    |     |      |      |     |        |      |         |          |        |
|       A_fifo_39_U                                                   | 17   | 7    |     |      |      |     |        |      |         |          |        |
|       A_fifo_3_U                                                    | 17   | 7    |     |      |      |     |        |      |         |          |        |
|       A_fifo_40_U                                                   | 17   | 7    |     |      |      |     |        |      |         |          |        |
|       A_fifo_41_U                                                   | 17   | 7    |     |      |      |     |        |      |         |          |        |
|       A_fifo_42_U                                                   | 17   | 7    |     |      |      |     |        |      |         |          |        |
|       A_fifo_43_U                                                   | 17   | 7    |     |      |      |     |        |      |         |          |        |
|       A_fifo_44_U                                                   | 7    | 7    |     |      |      |     |        |      |         |          |        |
|       A_fifo_45_U                                                   | 98   | 7    |     |      |      |     |        |      |         |          |        |
|       A_fifo_46_U                                                   | 17   | 7    |     |      |      |     |        |      |         |          |        |
|       A_fifo_47_U                                                   | 17   | 7    |     |      |      |     |        |      |         |          |        |
|       A_fifo_48_U                                                   | 17   | 7    |     |      |      |     |        |      |         |          |        |
|       A_fifo_49_U                                                   | 17   | 7    |     |      |      |     |        |      |         |          |        |
|       A_fifo_4_U                                                    | 17   | 7    |     |      |      |     |        |      |         |          |        |
|       A_fifo_50_U                                                   | 17   | 7    |     |      |      |     |        |      |         |          |        |
|       A_fifo_51_U                                                   | 17   | 7    |     |      |      |     |        |      |         |          |        |
|       A_fifo_52_U                                                   | 17   | 7    |     |      |      |     |        |      |         |          |        |
|       A_fifo_53_U                                                   | 7    | 7    |     |      |      |     |        |      |         |          |        |
|       A_fifo_54_U                                                   | 17   | 7    |     |      |      |     |        |      |         |          |        |
|       A_fifo_55_U                                                   | 17   | 7    |     |      |      |     |        |      |         |          |        |
|       A_fifo_56_U                                                   | 17   | 7    |     |      |      |     |        |      |         |          |        |
|       A_fifo_57_U                                                   | 17   | 7    |     |      |      |     |        |      |         |          |        |
|       A_fifo_58_U                                                   | 17   | 7    |     |      |      |     |        |      |         |          |        |
|       A_fifo_59_U                                                   | 17   | 7    |     |      |      |     |        |      |         |          |        |
|       A_fifo_5_U                                                    | 17   | 7    |     |      |      |     |        |      |         |          |        |
|       A_fifo_60_U                                                   | 17   | 7    |     |      |      |     |        |      |         |          |        |
|       A_fifo_61_U                                                   | 17   | 7    |     |      |      |     |        |      |         |          |        |
|       A_fifo_62_U                                                   | 7    | 7    |     |      |      |     |        |      |         |          |        |
|       A_fifo_63_U                                                   | 18   | 7    |     |      |      |     |        |      |         |          |        |
|       A_fifo_64_U                                                   | 17   | 7    |     |      |      |     |        |      |         |          |        |
|       A_fifo_65_U                                                   | 17   | 7    |     |      |      |     |        |      |         |          |        |
|       A_fifo_66_U                                                   | 17   | 7    |     |      |      |     |        |      |         |          |        |
|       A_fifo_67_U                                                   | 17   | 7    |     |      |      |     |        |      |         |          |        |
|       A_fifo_68_U                                                   | 17   | 7    |     |      |      |     |        |      |         |          |        |
|       A_fifo_69_U                                                   | 17   | 7    |     |      |      |     |        |      |         |          |        |
|       A_fifo_6_U                                                    | 17   | 7    |     |      |      |     |        |      |         |          |        |
|       A_fifo_70_U                                                   | 17   | 7    |     |      |      |     |        |      |         |          |        |
|       A_fifo_71_U                                                   | 7    | 7    |     |      |      |     |        |      |         |          |        |
|       A_fifo_7_U                                                    | 17   | 7    |     |      |      |     |        |      |         |          |        |
|       A_fifo_8_U                                                    | 8    | 7    |     |      |      |     |        |      |         |          |        |
|       A_fifo_9_U                                                    | 18   | 7    |     |      |      |     |        |      |         |          |        |
|       A_fifo_U                                                      | 17   | 7    |     |      |      |     |        |      |         |          |        |
|       B_fifo_10_U                                                   | 17   | 7    |     |      |      |     |        |      |         |          |        |
|       B_fifo_11_U                                                   | 17   | 7    |     |      |      |     |        |      |         |          |        |
|       B_fifo_12_U                                                   | 17   | 7    |     |      |      |     |        |      |         |          |        |
|       B_fifo_13_U                                                   | 17   | 7    |     |      |      |     |        |      |         |          |        |
|       B_fifo_14_U                                                   | 17   | 7    |     |      |      |     |        |      |         |          |        |
|       B_fifo_15_U                                                   | 17   | 7    |     |      |      |     |        |      |         |          |        |
|       B_fifo_16_U                                                   | 17   | 7    |     |      |      |     |        |      |         |          |        |
|       B_fifo_17_U                                                   | 7    | 7    |     |      |      |     |        |      |         |          |        |
|       B_fifo_18_U                                                   | 17   | 7    |     |      |      |     |        |      |         |          |        |
|       B_fifo_19_U                                                   | 17   | 7    |     |      |      |     |        |      |         |          |        |
|       B_fifo_1_U                                                    | 17   | 7    |     |      |      |     |        |      |         |          |        |
|       B_fifo_20_U                                                   | 17   | 7    |     |      |      |     |        |      |         |          |        |
|       B_fifo_21_U                                                   | 17   | 7    |     |      |      |     |        |      |         |          |        |
|       B_fifo_22_U                                                   | 17   | 7    |     |      |      |     |        |      |         |          |        |
|       B_fifo_23_U                                                   | 17   | 7    |     |      |      |     |        |      |         |          |        |
|       B_fifo_24_U                                                   | 17   | 7    |     |      |      |     |        |      |         |          |        |
|       B_fifo_25_U                                                   | 17   | 7    |     |      |      |     |        |      |         |          |        |
|       B_fifo_26_U                                                   | 7    | 7    |     |      |      |     |        |      |         |          |        |
|       B_fifo_27_U                                                   | 17   | 7    |     |      |      |     |        |      |         |          |        |
|       B_fifo_28_U                                                   | 17   | 7    |     |      |      |     |        |      |         |          |        |
|       B_fifo_29_U                                                   | 17   | 7    |     |      |      |     |        |      |         |          |        |
|       B_fifo_2_U                                                    | 17   | 7    |     |      |      |     |        |      |         |          |        |
|       B_fifo_30_U                                                   | 17   | 7    |     |      |      |     |        |      |         |          |        |
|       B_fifo_31_U                                                   | 17   | 7    |     |      |      |     |        |      |         |          |        |
|       B_fifo_32_U                                                   | 17   | 7    |     |      |      |     |        |      |         |          |        |
|       B_fifo_33_U                                                   | 17   | 7    |     |      |      |     |        |      |         |          |        |
|       B_fifo_34_U                                                   | 17   | 7    |     |      |      |     |        |      |         |          |        |
|       B_fifo_35_U                                                   | 7    | 7    |     |      |      |     |        |      |         |          |        |
|       B_fifo_36_U                                                   | 17   | 7    |     |      |      |     |        |      |         |          |        |
|       B_fifo_37_U                                                   | 17   | 7    |     |      |      |     |        |      |         |          |        |
|       B_fifo_38_U                                                   | 17   | 7    |     |      |      |     |        |      |         |          |        |
|       B_fifo_39_U                                                   | 17   | 7    |     |      |      |     |        |      |         |          |        |
|       B_fifo_3_U                                                    | 17   | 7    |     |      |      |     |        |      |         |          |        |
|       B_fifo_40_U                                                   | 17   | 7    |     |      |      |     |        |      |         |          |        |
|       B_fifo_41_U                                                   | 17   | 7    |     |      |      |     |        |      |         |          |        |
|       B_fifo_42_U                                                   | 17   | 7    |     |      |      |     |        |      |         |          |        |
|       B_fifo_43_U                                                   | 17   | 7    |     |      |      |     |        |      |         |          |        |
|       B_fifo_44_U                                                   | 8    | 7    |     |      |      |     |        |      |         |          |        |
|       B_fifo_45_U                                                   | 18   | 7    |     |      |      |     |        |      |         |          |        |
|       B_fifo_46_U                                                   | 17   | 7    |     |      |      |     |        |      |         |          |        |
|       B_fifo_47_U                                                   | 17   | 7    |     |      |      |     |        |      |         |          |        |
|       B_fifo_48_U                                                   | 17   | 7    |     |      |      |     |        |      |         |          |        |
|       B_fifo_49_U                                                   | 17   | 7    |     |      |      |     |        |      |         |          |        |
|       B_fifo_4_U                                                    | 17   | 7    |     |      |      |     |        |      |         |          |        |
|       B_fifo_50_U                                                   | 17   | 7    |     |      |      |     |        |      |         |          |        |
|       B_fifo_51_U                                                   | 17   | 7    |     |      |      |     |        |      |         |          |        |
|       B_fifo_52_U                                                   | 17   | 7    |     |      |      |     |        |      |         |          |        |
|       B_fifo_53_U                                                   | 7    | 7    |     |      |      |     |        |      |         |          |        |
|       B_fifo_54_U                                                   | 17   | 7    |     |      |      |     |        |      |         |          |        |
|       B_fifo_55_U                                                   | 17   | 7    |     |      |      |     |        |      |         |          |        |
|       B_fifo_56_U                                                   | 17   | 7    |     |      |      |     |        |      |         |          |        |
|       B_fifo_57_U                                                   | 17   | 7    |     |      |      |     |        |      |         |          |        |
|       B_fifo_58_U                                                   | 17   | 7    |     |      |      |     |        |      |         |          |        |
|       B_fifo_59_U                                                   | 17   | 7    |     |      |      |     |        |      |         |          |        |
|       B_fifo_5_U                                                    | 17   | 7    |     |      |      |     |        |      |         |          |        |
|       B_fifo_60_U                                                   | 17   | 7    |     |      |      |     |        |      |         |          |        |
|       B_fifo_61_U                                                   | 17   | 7    |     |      |      |     |        |      |         |          |        |
|       B_fifo_62_U                                                   | 7    | 7    |     |      |      |     |        |      |         |          |        |
|       B_fifo_63_U                                                   | 17   | 7    |     |      |      |     |        |      |         |          |        |
|       B_fifo_64_U                                                   | 17   | 7    |     |      |      |     |        |      |         |          |        |
|       B_fifo_65_U                                                   | 17   | 7    |     |      |      |     |        |      |         |          |        |
|       B_fifo_66_U                                                   | 17   | 7    |     |      |      |     |        |      |         |          |        |
|       B_fifo_67_U                                                   | 17   | 7    |     |      |      |     |        |      |         |          |        |
|       B_fifo_68_U                                                   | 17   | 7    |     |      |      |     |        |      |         |          |        |
|       B_fifo_69_U                                                   | 17   | 7    |     |      |      |     |        |      |         |          |        |
|       B_fifo_6_U                                                    | 17   | 7    |     |      |      |     |        |      |         |          |        |
|       B_fifo_70_U                                                   | 17   | 7    |     |      |      |     |        |      |         |          |        |
|       B_fifo_71_U                                                   | 8    | 7    |     |      |      |     |        |      |         |          |        |
|       B_fifo_7_U                                                    | 17   | 7    |     |      |      |     |        |      |         |          |        |
|       B_fifo_8_U                                                    | 8    | 7    |     |      |      |     |        |      |         |          |        |
|       B_fifo_9_U                                                    | 17   | 7    |     |      |      |     |        |      |         |          |        |
|       B_fifo_U                                                      | 17   | 7    |     |      |      |     |        |      |         |          |        |
|       PE_kernel_gemm_0_0_U0                                         | 44   | 32   | 1   |      |      |     |        |      |         |          |        |
|         (PE_kernel_gemm_0_0_U0)                                     | 8    | 31   |     |      |      |     |        |      |         |          |        |
|         mac_muladd_8s_8s_19s_19_4_1_U65                             | 31   |      | 1   |      |      |     |        |      |         |          |        |
|       PE_kernel_gemm_0_1_U0                                         | 44   | 32   | 1   |      |      |     |        |      |         |          |        |
|         (PE_kernel_gemm_0_1_U0)                                     | 6    | 31   |     |      |      |     |        |      |         |          |        |
|         flow_control_loop_pipe_U                                    | 7    | 1    |     |      |      |     |        |      |         |          |        |
|         mac_muladd_8s_8s_19s_19_4_1_U114                            | 31   |      | 1   |      |      |     |        |      |         |          |        |
|       PE_kernel_gemm_0_2_U0                                         | 48   | 33   | 1   |      |      |     |        |      |         |          |        |
|         (PE_kernel_gemm_0_2_U0)                                     | 8    | 32   |     |      |      |     |        |      |         |          |        |
|         flow_control_loop_pipe_U                                    | 9    | 1    |     |      |      |     |        |      |         |          |        |
|         mac_muladd_8s_8s_19s_19_4_1_U162                            | 31   |      | 1   |      |      |     |        |      |         |          |        |
|       PE_kernel_gemm_0_3_U0                                         | 47   | 33   | 1   |      |      |     |        |      |         |          |        |
|         (PE_kernel_gemm_0_3_U0)                                     | 7    | 32   |     |      |      |     |        |      |         |          |        |
|         flow_control_loop_pipe_U                                    | 9    | 1    |     |      |      |     |        |      |         |          |        |
|         mac_muladd_8s_8s_19s_19_4_1_U210                            | 31   |      | 1   |      |      |     |        |      |         |          |        |
|       PE_kernel_gemm_0_4_U0                                         | 49   | 33   | 1   |      |      |     |        |      |         |          |        |
|         (PE_kernel_gemm_0_4_U0)                                     | 9    | 32   |     |      |      |     |        |      |         |          |        |
|         flow_control_loop_pipe_U                                    | 9    | 1    |     |      |      |     |        |      |         |          |        |
|         mac_muladd_8s_8s_19s_19_4_1_U258                            | 31   |      | 1   |      |      |     |        |      |         |          |        |
|       PE_kernel_gemm_0_5_U0                                         | 46   | 33   | 1   |      |      |     |        |      |         |          |        |
|         (PE_kernel_gemm_0_5_U0)                                     | 6    | 32   |     |      |      |     |        |      |         |          |        |
|         flow_control_loop_pipe_U                                    | 9    | 1    |     |      |      |     |        |      |         |          |        |
|         mac_muladd_8s_8s_19s_19_4_1_U306                            | 31   |      | 1   |      |      |     |        |      |         |          |        |
|       PE_kernel_gemm_0_6_U0                                         | 47   | 33   | 1   |      |      |     |        |      |         |          |        |
|         (PE_kernel_gemm_0_6_U0)                                     | 7    | 32   |     |      |      |     |        |      |         |          |        |
|         flow_control_loop_pipe_U                                    | 9    | 1    |     |      |      |     |        |      |         |          |        |
|         mac_muladd_8s_8s_19s_19_4_1_U354                            | 31   |      | 1   |      |      |     |        |      |         |          |        |
|       PE_kernel_gemm_0_7_U0                                         | 49   | 33   | 1   |      |      |     |        |      |         |          |        |
|         (PE_kernel_gemm_0_7_U0)                                     | 9    | 32   |     |      |      |     |        |      |         |          |        |
|         flow_control_loop_pipe_U                                    | 9    | 1    |     |      |      |     |        |      |         |          |        |
|         mac_muladd_8s_8s_19s_19_4_1_U402                            | 31   |      | 1   |      |      |     |        |      |         |          |        |
|       PE_kernel_gemm_1_0_U0                                         | 48   | 33   | 1   |      |      |     |        |      |         |          |        |
|         (PE_kernel_gemm_1_0_U0)                                     | 8    | 32   |     |      |      |     |        |      |         |          |        |
|         flow_control_loop_pipe_U                                    | 9    | 1    |     |      |      |     |        |      |         |          |        |
|         mac_muladd_8s_8s_19s_19_4_1_U72                             | 31   |      | 1   |      |      |     |        |      |         |          |        |
|       PE_kernel_gemm_1_1_U0                                         | 44   | 32   | 1   |      |      |     |        |      |         |          |        |
|         (PE_kernel_gemm_1_1_U0)                                     | 6    | 31   |     |      |      |     |        |      |         |          |        |
|         flow_control_loop_pipe_U                                    | 7    | 1    |     |      |      |     |        |      |         |          |        |
|         mac_muladd_8s_8s_19s_19_4_1_U120                            | 31   |      | 1   |      |      |     |        |      |         |          |        |
|       PE_kernel_gemm_1_2_U0                                         | 45   | 32   | 1   |      |      |     |        |      |         |          |        |
|         (PE_kernel_gemm_1_2_U0)                                     | 7    | 31   |     |      |      |     |        |      |         |          |        |
|         flow_control_loop_pipe_U                                    | 7    | 1    |     |      |      |     |        |      |         |          |        |
|         mac_muladd_8s_8s_19s_19_4_1_U168                            | 31   |      | 1   |      |      |     |        |      |         |          |        |
|       PE_kernel_gemm_1_3_U0                                         | 47   | 33   | 1   |      |      |     |        |      |         |          |        |
|         (PE_kernel_gemm_1_3_U0)                                     | 6    | 32   |     |      |      |     |        |      |         |          |        |
|         flow_control_loop_pipe_U                                    | 10   | 1    |     |      |      |     |        |      |         |          |        |
|         mac_muladd_8s_8s_19s_19_4_1_U216                            | 31   |      | 1   |      |      |     |        |      |         |          |        |
|       PE_kernel_gemm_1_4_U0                                         | 48   | 33   | 1   |      |      |     |        |      |         |          |        |
|         (PE_kernel_gemm_1_4_U0)                                     | 7    | 32   |     |      |      |     |        |      |         |          |        |
|         flow_control_loop_pipe_U                                    | 10   | 1    |     |      |      |     |        |      |         |          |        |
|         mac_muladd_8s_8s_19s_19_4_1_U264                            | 31   |      | 1   |      |      |     |        |      |         |          |        |
|       PE_kernel_gemm_1_5_U0                                         | 47   | 33   | 1   |      |      |     |        |      |         |          |        |
|         (PE_kernel_gemm_1_5_U0)                                     | 6    | 32   |     |      |      |     |        |      |         |          |        |
|         flow_control_loop_pipe_U                                    | 10   | 1    |     |      |      |     |        |      |         |          |        |
|         mac_muladd_8s_8s_19s_19_4_1_U312                            | 31   |      | 1   |      |      |     |        |      |         |          |        |
|       PE_kernel_gemm_1_6_U0                                         | 47   | 33   | 1   |      |      |     |        |      |         |          |        |
|         (PE_kernel_gemm_1_6_U0)                                     | 6    | 32   |     |      |      |     |        |      |         |          |        |
|         flow_control_loop_pipe_U                                    | 10   | 1    |     |      |      |     |        |      |         |          |        |
|         mac_muladd_8s_8s_19s_19_4_1_U360                            | 31   |      | 1   |      |      |     |        |      |         |          |        |
|       PE_kernel_gemm_1_7_U0                                         | 50   | 33   | 1   |      |      |     |        |      |         |          |        |
|         (PE_kernel_gemm_1_7_U0)                                     | 9    | 32   |     |      |      |     |        |      |         |          |        |
|         flow_control_loop_pipe_U                                    | 10   | 1    |     |      |      |     |        |      |         |          |        |
|         mac_muladd_8s_8s_19s_19_4_1_U408                            | 31   |      | 1   |      |      |     |        |      |         |          |        |
|       PE_kernel_gemm_2_0_U0                                         | 48   | 33   | 1   |      |      |     |        |      |         |          |        |
|         (PE_kernel_gemm_2_0_U0)                                     | 8    | 32   |     |      |      |     |        |      |         |          |        |
|         flow_control_loop_pipe_U                                    | 9    | 1    |     |      |      |     |        |      |         |          |        |
|         mac_muladd_8s_8s_19s_19_4_1_U78                             | 31   |      | 1   |      |      |     |        |      |         |          |        |
|       PE_kernel_gemm_2_1_U0                                         | 47   | 33   | 1   |      |      |     |        |      |         |          |        |
|         (PE_kernel_gemm_2_1_U0)                                     | 6    | 32   |     |      |      |     |        |      |         |          |        |
|         flow_control_loop_pipe_U                                    | 10   | 1    |     |      |      |     |        |      |         |          |        |
|         mac_muladd_8s_8s_19s_19_4_1_U126                            | 31   |      | 1   |      |      |     |        |      |         |          |        |
|       PE_kernel_gemm_2_2_U0                                         | 45   | 32   | 1   |      |      |     |        |      |         |          |        |
|         (PE_kernel_gemm_2_2_U0)                                     | 7    | 31   |     |      |      |     |        |      |         |          |        |
|         flow_control_loop_pipe_U                                    | 7    | 1    |     |      |      |     |        |      |         |          |        |
|         mac_muladd_8s_8s_19s_19_4_1_U174                            | 31   |      | 1   |      |      |     |        |      |         |          |        |
|       PE_kernel_gemm_2_3_U0                                         | 44   | 32   | 1   |      |      |     |        |      |         |          |        |
|         (PE_kernel_gemm_2_3_U0)                                     | 6    | 31   |     |      |      |     |        |      |         |          |        |
|         flow_control_loop_pipe_U                                    | 7    | 1    |     |      |      |     |        |      |         |          |        |
|         mac_muladd_8s_8s_19s_19_4_1_U222                            | 31   |      | 1   |      |      |     |        |      |         |          |        |
|       PE_kernel_gemm_2_4_U0                                         | 47   | 33   | 1   |      |      |     |        |      |         |          |        |
|         (PE_kernel_gemm_2_4_U0)                                     | 6    | 32   |     |      |      |     |        |      |         |          |        |
|         flow_control_loop_pipe_U                                    | 10   | 1    |     |      |      |     |        |      |         |          |        |
|         mac_muladd_8s_8s_19s_19_4_1_U270                            | 31   |      | 1   |      |      |     |        |      |         |          |        |
|       PE_kernel_gemm_2_5_U0                                         | 47   | 33   | 1   |      |      |     |        |      |         |          |        |
|         (PE_kernel_gemm_2_5_U0)                                     | 6    | 32   |     |      |      |     |        |      |         |          |        |
|         flow_control_loop_pipe_U                                    | 10   | 1    |     |      |      |     |        |      |         |          |        |
|         mac_muladd_8s_8s_19s_19_4_1_U318                            | 31   |      | 1   |      |      |     |        |      |         |          |        |
|       PE_kernel_gemm_2_6_U0                                         | 48   | 33   | 1   |      |      |     |        |      |         |          |        |
|         (PE_kernel_gemm_2_6_U0)                                     | 7    | 32   |     |      |      |     |        |      |         |          |        |
|         flow_control_loop_pipe_U                                    | 10   | 1    |     |      |      |     |        |      |         |          |        |
|         mac_muladd_8s_8s_19s_19_4_1_U366                            | 31   |      | 1   |      |      |     |        |      |         |          |        |
|       PE_kernel_gemm_2_7_U0                                         | 49   | 33   | 1   |      |      |     |        |      |         |          |        |
|         (PE_kernel_gemm_2_7_U0)                                     | 8    | 32   |     |      |      |     |        |      |         |          |        |
|         flow_control_loop_pipe_U                                    | 10   | 1    |     |      |      |     |        |      |         |          |        |
|         mac_muladd_8s_8s_19s_19_4_1_U414                            | 31   |      | 1   |      |      |     |        |      |         |          |        |
|       PE_kernel_gemm_3_0_U0                                         | 48   | 33   | 1   |      |      |     |        |      |         |          |        |
|         (PE_kernel_gemm_3_0_U0)                                     | 8    | 32   |     |      |      |     |        |      |         |          |        |
|         flow_control_loop_pipe_U                                    | 9    | 1    |     |      |      |     |        |      |         |          |        |
|         mac_muladd_8s_8s_19s_19_4_1_U84                             | 31   |      | 1   |      |      |     |        |      |         |          |        |
|       PE_kernel_gemm_3_1_U0                                         | 47   | 33   | 1   |      |      |     |        |      |         |          |        |
|         (PE_kernel_gemm_3_1_U0)                                     | 6    | 32   |     |      |      |     |        |      |         |          |        |
|         flow_control_loop_pipe_U                                    | 10   | 1    |     |      |      |     |        |      |         |          |        |
|         mac_muladd_8s_8s_19s_19_4_1_U132                            | 31   |      | 1   |      |      |     |        |      |         |          |        |
|       PE_kernel_gemm_3_2_U0                                         | 48   | 33   | 1   |      |      |     |        |      |         |          |        |
|         (PE_kernel_gemm_3_2_U0)                                     | 7    | 32   |     |      |      |     |        |      |         |          |        |
|         flow_control_loop_pipe_U                                    | 10   | 1    |     |      |      |     |        |      |         |          |        |
|         mac_muladd_8s_8s_19s_19_4_1_U180                            | 31   |      | 1   |      |      |     |        |      |         |          |        |
|       PE_kernel_gemm_3_3_U0                                         | 44   | 32   | 1   |      |      |     |        |      |         |          |        |
|         (PE_kernel_gemm_3_3_U0)                                     | 6    | 31   |     |      |      |     |        |      |         |          |        |
|         flow_control_loop_pipe_U                                    | 7    | 1    |     |      |      |     |        |      |         |          |        |
|         mac_muladd_8s_8s_19s_19_4_1_U228                            | 31   |      | 1   |      |      |     |        |      |         |          |        |
|       PE_kernel_gemm_3_4_U0                                         | 45   | 32   | 1   |      |      |     |        |      |         |          |        |
|         (PE_kernel_gemm_3_4_U0)                                     | 7    | 31   |     |      |      |     |        |      |         |          |        |
|         flow_control_loop_pipe_U                                    | 7    | 1    |     |      |      |     |        |      |         |          |        |
|         mac_muladd_8s_8s_19s_19_4_1_U276                            | 31   |      | 1   |      |      |     |        |      |         |          |        |
|       PE_kernel_gemm_3_5_U0                                         | 47   | 33   | 1   |      |      |     |        |      |         |          |        |
|         (PE_kernel_gemm_3_5_U0)                                     | 6    | 32   |     |      |      |     |        |      |         |          |        |
|         flow_control_loop_pipe_U                                    | 10   | 1    |     |      |      |     |        |      |         |          |        |
|         mac_muladd_8s_8s_19s_19_4_1_U324                            | 31   |      | 1   |      |      |     |        |      |         |          |        |
|       PE_kernel_gemm_3_6_U0                                         | 52   | 33   | 1   |      |      |     |        |      |         |          |        |
|         (PE_kernel_gemm_3_6_U0)                                     | 11   | 32   |     |      |      |     |        |      |         |          |        |
|         flow_control_loop_pipe_U                                    | 10   | 1    |     |      |      |     |        |      |         |          |        |
|         mac_muladd_8s_8s_19s_19_4_1_U372                            | 31   |      | 1   |      |      |     |        |      |         |          |        |
|       PE_kernel_gemm_3_7_U0                                         | 49   | 33   | 1   |      |      |     |        |      |         |          |        |
|         (PE_kernel_gemm_3_7_U0)                                     | 8    | 32   |     |      |      |     |        |      |         |          |        |
|         flow_control_loop_pipe_U                                    | 10   | 1    |     |      |      |     |        |      |         |          |        |
|         mac_muladd_8s_8s_19s_19_4_1_U420                            | 31   |      | 1   |      |      |     |        |      |         |          |        |
|       PE_kernel_gemm_4_0_U0                                         | 48   | 33   | 1   |      |      |     |        |      |         |          |        |
|         (PE_kernel_gemm_4_0_U0)                                     | 8    | 32   |     |      |      |     |        |      |         |          |        |
|         flow_control_loop_pipe_U                                    | 9    | 1    |     |      |      |     |        |      |         |          |        |
|         mac_muladd_8s_8s_19s_19_4_1_U90                             | 31   |      | 1   |      |      |     |        |      |         |          |        |
|       PE_kernel_gemm_4_1_U0                                         | 47   | 33   | 1   |      |      |     |        |      |         |          |        |
|         (PE_kernel_gemm_4_1_U0)                                     | 6    | 32   |     |      |      |     |        |      |         |          |        |
|         flow_control_loop_pipe_U                                    | 10   | 1    |     |      |      |     |        |      |         |          |        |
|         mac_muladd_8s_8s_19s_19_4_1_U138                            | 31   |      | 1   |      |      |     |        |      |         |          |        |
|       PE_kernel_gemm_4_2_U0                                         | 48   | 33   | 1   |      |      |     |        |      |         |          |        |
|         (PE_kernel_gemm_4_2_U0)                                     | 7    | 32   |     |      |      |     |        |      |         |          |        |
|         flow_control_loop_pipe_U                                    | 10   | 1    |     |      |      |     |        |      |         |          |        |
|         mac_muladd_8s_8s_19s_19_4_1_U186                            | 31   |      | 1   |      |      |     |        |      |         |          |        |
|       PE_kernel_gemm_4_3_U0                                         | 47   | 33   | 1   |      |      |     |        |      |         |          |        |
|         (PE_kernel_gemm_4_3_U0)                                     | 6    | 32   |     |      |      |     |        |      |         |          |        |
|         flow_control_loop_pipe_U                                    | 10   | 1    |     |      |      |     |        |      |         |          |        |
|         mac_muladd_8s_8s_19s_19_4_1_U234                            | 31   |      | 1   |      |      |     |        |      |         |          |        |
|       PE_kernel_gemm_4_4_U0                                         | 45   | 32   | 1   |      |      |     |        |      |         |          |        |
|         (PE_kernel_gemm_4_4_U0)                                     | 7    | 31   |     |      |      |     |        |      |         |          |        |
|         flow_control_loop_pipe_U                                    | 7    | 1    |     |      |      |     |        |      |         |          |        |
|         mac_muladd_8s_8s_19s_19_4_1_U282                            | 31   |      | 1   |      |      |     |        |      |         |          |        |
|       PE_kernel_gemm_4_5_U0                                         | 44   | 32   | 1   |      |      |     |        |      |         |          |        |
|         (PE_kernel_gemm_4_5_U0)                                     | 6    | 31   |     |      |      |     |        |      |         |          |        |
|         flow_control_loop_pipe_U                                    | 7    | 1    |     |      |      |     |        |      |         |          |        |
|         mac_muladd_8s_8s_19s_19_4_1_U330                            | 31   |      | 1   |      |      |     |        |      |         |          |        |
|       PE_kernel_gemm_4_6_U0                                         | 47   | 33   | 1   |      |      |     |        |      |         |          |        |
|         (PE_kernel_gemm_4_6_U0)                                     | 6    | 32   |     |      |      |     |        |      |         |          |        |
|         flow_control_loop_pipe_U                                    | 10   | 1    |     |      |      |     |        |      |         |          |        |
|         mac_muladd_8s_8s_19s_19_4_1_U378                            | 31   |      | 1   |      |      |     |        |      |         |          |        |
|       PE_kernel_gemm_4_7_U0                                         | 49   | 33   | 1   |      |      |     |        |      |         |          |        |
|         (PE_kernel_gemm_4_7_U0)                                     | 8    | 32   |     |      |      |     |        |      |         |          |        |
|         flow_control_loop_pipe_U                                    | 10   | 1    |     |      |      |     |        |      |         |          |        |
|         mac_muladd_8s_8s_19s_19_4_1_U426                            | 31   |      | 1   |      |      |     |        |      |         |          |        |
|       PE_kernel_gemm_5_0_U0                                         | 48   | 33   | 1   |      |      |     |        |      |         |          |        |
|         (PE_kernel_gemm_5_0_U0)                                     | 8    | 32   |     |      |      |     |        |      |         |          |        |
|         flow_control_loop_pipe_U                                    | 9    | 1    |     |      |      |     |        |      |         |          |        |
|         mac_muladd_8s_8s_19s_19_4_1_U96                             | 31   |      | 1   |      |      |     |        |      |         |          |        |
|       PE_kernel_gemm_5_1_U0                                         | 47   | 33   | 1   |      |      |     |        |      |         |          |        |
|         (PE_kernel_gemm_5_1_U0)                                     | 6    | 32   |     |      |      |     |        |      |         |          |        |
|         flow_control_loop_pipe_U                                    | 10   | 1    |     |      |      |     |        |      |         |          |        |
|         mac_muladd_8s_8s_19s_19_4_1_U144                            | 31   |      | 1   |      |      |     |        |      |         |          |        |
|       PE_kernel_gemm_5_2_U0                                         | 49   | 33   | 1   |      |      |     |        |      |         |          |        |
|         (PE_kernel_gemm_5_2_U0)                                     | 8    | 32   |     |      |      |     |        |      |         |          |        |
|         flow_control_loop_pipe_U                                    | 10   | 1    |     |      |      |     |        |      |         |          |        |
|         mac_muladd_8s_8s_19s_19_4_1_U192                            | 31   |      | 1   |      |      |     |        |      |         |          |        |
|       PE_kernel_gemm_5_3_U0                                         | 47   | 33   | 1   |      |      |     |        |      |         |          |        |
|         (PE_kernel_gemm_5_3_U0)                                     | 6    | 32   |     |      |      |     |        |      |         |          |        |
|         flow_control_loop_pipe_U                                    | 10   | 1    |     |      |      |     |        |      |         |          |        |
|         mac_muladd_8s_8s_19s_19_4_1_U240                            | 31   |      | 1   |      |      |     |        |      |         |          |        |
|       PE_kernel_gemm_5_4_U0                                         | 49   | 33   | 1   |      |      |     |        |      |         |          |        |
|         (PE_kernel_gemm_5_4_U0)                                     | 8    | 32   |     |      |      |     |        |      |         |          |        |
|         flow_control_loop_pipe_U                                    | 10   | 1    |     |      |      |     |        |      |         |          |        |
|         mac_muladd_8s_8s_19s_19_4_1_U288                            | 31   |      | 1   |      |      |     |        |      |         |          |        |
|       PE_kernel_gemm_5_5_U0                                         | 44   | 32   | 1   |      |      |     |        |      |         |          |        |
|         (PE_kernel_gemm_5_5_U0)                                     | 6    | 31   |     |      |      |     |        |      |         |          |        |
|         flow_control_loop_pipe_U                                    | 7    | 1    |     |      |      |     |        |      |         |          |        |
|         mac_muladd_8s_8s_19s_19_4_1_U336                            | 31   |      | 1   |      |      |     |        |      |         |          |        |
|       PE_kernel_gemm_5_6_U0                                         | 44   | 32   | 1   |      |      |     |        |      |         |          |        |
|         (PE_kernel_gemm_5_6_U0)                                     | 6    | 31   |     |      |      |     |        |      |         |          |        |
|         flow_control_loop_pipe_U                                    | 7    | 1    |     |      |      |     |        |      |         |          |        |
|         mac_muladd_8s_8s_19s_19_4_1_U384                            | 31   |      | 1   |      |      |     |        |      |         |          |        |
|       PE_kernel_gemm_5_7_U0                                         | 49   | 33   | 1   |      |      |     |        |      |         |          |        |
|         (PE_kernel_gemm_5_7_U0)                                     | 8    | 32   |     |      |      |     |        |      |         |          |        |
|         flow_control_loop_pipe_U                                    | 10   | 1    |     |      |      |     |        |      |         |          |        |
|         mac_muladd_8s_8s_19s_19_4_1_U432                            | 31   |      | 1   |      |      |     |        |      |         |          |        |
|       PE_kernel_gemm_6_0_U0                                         | 48   | 33   | 1   |      |      |     |        |      |         |          |        |
|         (PE_kernel_gemm_6_0_U0)                                     | 8    | 32   |     |      |      |     |        |      |         |          |        |
|         flow_control_loop_pipe_U                                    | 9    | 1    |     |      |      |     |        |      |         |          |        |
|         mac_muladd_8s_8s_19s_19_4_1_U102                            | 31   |      | 1   |      |      |     |        |      |         |          |        |
|       PE_kernel_gemm_6_1_U0                                         | 47   | 33   | 1   |      |      |     |        |      |         |          |        |
|         (PE_kernel_gemm_6_1_U0)                                     | 6    | 32   |     |      |      |     |        |      |         |          |        |
|         flow_control_loop_pipe_U                                    | 10   | 1    |     |      |      |     |        |      |         |          |        |
|         mac_muladd_8s_8s_19s_19_4_1_U150                            | 31   |      | 1   |      |      |     |        |      |         |          |        |
|       PE_kernel_gemm_6_2_U0                                         | 49   | 33   | 1   |      |      |     |        |      |         |          |        |
|         (PE_kernel_gemm_6_2_U0)                                     | 8    | 32   |     |      |      |     |        |      |         |          |        |
|         flow_control_loop_pipe_U                                    | 10   | 1    |     |      |      |     |        |      |         |          |        |
|         mac_muladd_8s_8s_19s_19_4_1_U198                            | 31   |      | 1   |      |      |     |        |      |         |          |        |
|       PE_kernel_gemm_6_3_U0                                         | 47   | 33   | 1   |      |      |     |        |      |         |          |        |
|         (PE_kernel_gemm_6_3_U0)                                     | 6    | 32   |     |      |      |     |        |      |         |          |        |
|         flow_control_loop_pipe_U                                    | 10   | 1    |     |      |      |     |        |      |         |          |        |
|         mac_muladd_8s_8s_19s_19_4_1_U246                            | 31   |      | 1   |      |      |     |        |      |         |          |        |
|       PE_kernel_gemm_6_4_U0                                         | 48   | 33   | 1   |      |      |     |        |      |         |          |        |
|         (PE_kernel_gemm_6_4_U0)                                     | 7    | 32   |     |      |      |     |        |      |         |          |        |
|         flow_control_loop_pipe_U                                    | 10   | 1    |     |      |      |     |        |      |         |          |        |
|         mac_muladd_8s_8s_19s_19_4_1_U294                            | 31   |      | 1   |      |      |     |        |      |         |          |        |
|       PE_kernel_gemm_6_5_U0                                         | 47   | 33   | 1   |      |      |     |        |      |         |          |        |
|         (PE_kernel_gemm_6_5_U0)                                     | 6    | 32   |     |      |      |     |        |      |         |          |        |
|         flow_control_loop_pipe_U                                    | 10   | 1    |     |      |      |     |        |      |         |          |        |
|         mac_muladd_8s_8s_19s_19_4_1_U342                            | 31   |      | 1   |      |      |     |        |      |         |          |        |
|       PE_kernel_gemm_6_6_U0                                         | 45   | 32   | 1   |      |      |     |        |      |         |          |        |
|         (PE_kernel_gemm_6_6_U0)                                     | 7    | 31   |     |      |      |     |        |      |         |          |        |
|         flow_control_loop_pipe_U                                    | 7    | 1    |     |      |      |     |        |      |         |          |        |
|         mac_muladd_8s_8s_19s_19_4_1_U390                            | 31   |      | 1   |      |      |     |        |      |         |          |        |
|       PE_kernel_gemm_6_7_U0                                         | 46   | 32   | 1   |      |      |     |        |      |         |          |        |
|         (PE_kernel_gemm_6_7_U0)                                     | 8    | 31   |     |      |      |     |        |      |         |          |        |
|         flow_control_loop_pipe_U                                    | 7    | 1    |     |      |      |     |        |      |         |          |        |
|         mac_muladd_8s_8s_19s_19_4_1_U438                            | 31   |      | 1   |      |      |     |        |      |         |          |        |
|       PE_kernel_gemm_7_0_U0                                         | 49   | 33   | 1   |      |      |     |        |      |         |          |        |
|         (PE_kernel_gemm_7_0_U0)                                     | 11   | 32   |     |      |      |     |        |      |         |          |        |
|         flow_control_loop_pipe_U                                    | 7    | 1    |     |      |      |     |        |      |         |          |        |
|         mac_muladd_8s_8s_19s_19_4_1_U108                            | 31   |      | 1   |      |      |     |        |      |         |          |        |
|       PE_kernel_gemm_7_1_U0                                         | 49   | 33   | 1   |      |      |     |        |      |         |          |        |
|         (PE_kernel_gemm_7_1_U0)                                     | 8    | 32   |     |      |      |     |        |      |         |          |        |
|         flow_control_loop_pipe_U                                    | 10   | 1    |     |      |      |     |        |      |         |          |        |
|         mac_muladd_8s_8s_19s_19_4_1_U156                            | 31   |      | 1   |      |      |     |        |      |         |          |        |
|       PE_kernel_gemm_7_2_U0                                         | 50   | 33   | 1   |      |      |     |        |      |         |          |        |
|         (PE_kernel_gemm_7_2_U0)                                     | 9    | 32   |     |      |      |     |        |      |         |          |        |
|         flow_control_loop_pipe_U                                    | 10   | 1    |     |      |      |     |        |      |         |          |        |
|         mac_muladd_8s_8s_19s_19_4_1_U204                            | 31   |      | 1   |      |      |     |        |      |         |          |        |
|       PE_kernel_gemm_7_3_U0                                         | 49   | 33   | 1   |      |      |     |        |      |         |          |        |
|         (PE_kernel_gemm_7_3_U0)                                     | 8    | 32   |     |      |      |     |        |      |         |          |        |
|         flow_control_loop_pipe_U                                    | 10   | 1    |     |      |      |     |        |      |         |          |        |
|         mac_muladd_8s_8s_19s_19_4_1_U252                            | 31   |      | 1   |      |      |     |        |      |         |          |        |
|       PE_kernel_gemm_7_4_U0                                         | 55   | 33   | 1   |      |      |     |        |      |         |          |        |
|         (PE_kernel_gemm_7_4_U0)                                     | 14   | 32   |     |      |      |     |        |      |         |          |        |
|         flow_control_loop_pipe_U                                    | 10   | 1    |     |      |      |     |        |      |         |          |        |
|         mac_muladd_8s_8s_19s_19_4_1_U300                            | 31   |      | 1   |      |      |     |        |      |         |          |        |
|       PE_kernel_gemm_7_5_U0                                         | 50   | 33   | 1   |      |      |     |        |      |         |          |        |
|         (PE_kernel_gemm_7_5_U0)                                     | 9    | 32   |     |      |      |     |        |      |         |          |        |
|         flow_control_loop_pipe_U                                    | 10   | 1    |     |      |      |     |        |      |         |          |        |
|         mac_muladd_8s_8s_19s_19_4_1_U348                            | 31   |      | 1   |      |      |     |        |      |         |          |        |
|       PE_kernel_gemm_7_6_U0                                         | 50   | 33   | 1   |      |      |     |        |      |         |          |        |
|         (PE_kernel_gemm_7_6_U0)                                     | 9    | 32   |     |      |      |     |        |      |         |          |        |
|         flow_control_loop_pipe_U                                    | 10   | 1    |     |      |      |     |        |      |         |          |        |
|         mac_muladd_8s_8s_19s_19_4_1_U396                            | 31   |      | 1   |      |      |     |        |      |         |          |        |
|       PE_kernel_gemm_7_7_U0                                         | 46   | 32   | 1   |      |      |     |        |      |         |          |        |
|         (PE_kernel_gemm_7_7_U0)                                     | 8    | 31   |     |      |      |     |        |      |         |          |        |
|         flow_control_loop_pipe_U                                    | 7    | 1    |     |      |      |     |        |      |         |          |        |
|         mac_muladd_8s_8s_19s_19_4_1_U444                            | 31   |      | 1   |      |      |     |        |      |         |          |        |
|       start_for_PE_kernel_gemm_0_0_U0_U                             | 3    | 4    |     |      |      |     |        |      |         |          |        |
|       start_for_PE_kernel_gemm_0_1_U0_U                             | 4    | 5    |     |      |      |     |        |      |         |          |        |
|       start_for_PE_kernel_gemm_0_2_U0_U                             | 4    | 5    |     |      |      |     |        |      |         |          |        |
|       start_for_PE_kernel_gemm_0_3_U0_U                             | 13   | 6    |     |      |      |     |        |      |         |          |        |
|       start_for_PE_kernel_gemm_0_4_U0_U                             | 5    | 6    |     |      |      |     |        |      |         |          |        |
|       start_for_PE_kernel_gemm_0_5_U0_U                             | 5    | 6    |     |      |      |     |        |      |         |          |        |
|       start_for_PE_kernel_gemm_0_6_U0_U                             | 5    | 6    |     |      |      |     |        |      |         |          |        |
|       start_for_PE_kernel_gemm_0_7_U0_U                             | 7    | 7    |     |      |      |     |        |      |         |          |        |
|       start_for_PE_kernel_gemm_1_0_U0_U                             | 4    | 5    |     |      |      |     |        |      |         |          |        |
|       start_for_PE_kernel_gemm_1_1_U0_U                             | 4    | 4    |     |      |      |     |        |      |         |          |        |
|       start_for_PE_kernel_gemm_1_2_U0_U                             | 4    | 4    |     |      |      |     |        |      |         |          |        |
|       start_for_PE_kernel_gemm_1_3_U0_U                             | 4    | 4    |     |      |      |     |        |      |         |          |        |
|       start_for_PE_kernel_gemm_1_4_U0_U                             | 4    | 4    |     |      |      |     |        |      |         |          |        |
|       start_for_PE_kernel_gemm_1_5_U0_U                             | 4    | 4    |     |      |      |     |        |      |         |          |        |
|       start_for_PE_kernel_gemm_1_6_U0_U                             | 4    | 4    |     |      |      |     |        |      |         |          |        |
|       start_for_PE_kernel_gemm_1_7_U0_U                             | 4    | 4    |     |      |      |     |        |      |         |          |        |
|       start_for_PE_kernel_gemm_2_0_U0_U                             | 4    | 5    |     |      |      |     |        |      |         |          |        |
|       start_for_PE_kernel_gemm_2_1_U0_U                             | 4    | 4    |     |      |      |     |        |      |         |          |        |
|       start_for_PE_kernel_gemm_2_2_U0_U                             | 4    | 4    |     |      |      |     |        |      |         |          |        |
|       start_for_PE_kernel_gemm_2_3_U0_U                             | 4    | 4    |     |      |      |     |        |      |         |          |        |
|       start_for_PE_kernel_gemm_2_4_U0_U                             | 4    | 4    |     |      |      |     |        |      |         |          |        |
|       start_for_PE_kernel_gemm_2_5_U0_U                             | 4    | 4    |     |      |      |     |        |      |         |          |        |
|       start_for_PE_kernel_gemm_2_6_U0_U                             | 4    | 4    |     |      |      |     |        |      |         |          |        |
|       start_for_PE_kernel_gemm_2_7_U0_U                             | 4    | 4    |     |      |      |     |        |      |         |          |        |
|       start_for_PE_kernel_gemm_3_0_U0_U                             | 6    | 6    |     |      |      |     |        |      |         |          |        |
|       start_for_PE_kernel_gemm_3_1_U0_U                             | 4    | 4    |     |      |      |     |        |      |         |          |        |
|       start_for_PE_kernel_gemm_3_2_U0_U                             | 4    | 4    |     |      |      |     |        |      |         |          |        |
|       start_for_PE_kernel_gemm_3_3_U0_U                             | 4    | 4    |     |      |      |     |        |      |         |          |        |
|       start_for_PE_kernel_gemm_3_4_U0_U                             | 4    | 4    |     |      |      |     |        |      |         |          |        |
|       start_for_PE_kernel_gemm_3_5_U0_U                             | 4    | 4    |     |      |      |     |        |      |         |          |        |
|       start_for_PE_kernel_gemm_3_6_U0_U                             | 4    | 4    |     |      |      |     |        |      |         |          |        |
|       start_for_PE_kernel_gemm_3_7_U0_U                             | 4    | 4    |     |      |      |     |        |      |         |          |        |
|       start_for_PE_kernel_gemm_4_0_U0_U                             | 6    | 6    |     |      |      |     |        |      |         |          |        |
|       start_for_PE_kernel_gemm_4_1_U0_U                             | 4    | 4    |     |      |      |     |        |      |         |          |        |
|       start_for_PE_kernel_gemm_4_2_U0_U                             | 4    | 4    |     |      |      |     |        |      |         |          |        |
|       start_for_PE_kernel_gemm_4_3_U0_U                             | 4    | 4    |     |      |      |     |        |      |         |          |        |
|       start_for_PE_kernel_gemm_4_4_U0_U                             | 4    | 4    |     |      |      |     |        |      |         |          |        |
|       start_for_PE_kernel_gemm_4_5_U0_U                             | 4    | 4    |     |      |      |     |        |      |         |          |        |
|       start_for_PE_kernel_gemm_4_6_U0_U                             | 4    | 4    |     |      |      |     |        |      |         |          |        |
|       start_for_PE_kernel_gemm_4_7_U0_U                             | 4    | 4    |     |      |      |     |        |      |         |          |        |
|       start_for_PE_kernel_gemm_5_0_U0_U                             | 5    | 6    |     |      |      |     |        |      |         |          |        |
|       start_for_PE_kernel_gemm_5_1_U0_U                             | 4    | 4    |     |      |      |     |        |      |         |          |        |
|       start_for_PE_kernel_gemm_5_2_U0_U                             | 4    | 4    |     |      |      |     |        |      |         |          |        |
|       start_for_PE_kernel_gemm_5_3_U0_U                             | 4    | 4    |     |      |      |     |        |      |         |          |        |
|       start_for_PE_kernel_gemm_5_4_U0_U                             | 4    | 4    |     |      |      |     |        |      |         |          |        |
|       start_for_PE_kernel_gemm_5_5_U0_U                             | 4    | 4    |     |      |      |     |        |      |         |          |        |
|       start_for_PE_kernel_gemm_5_6_U0_U                             | 4    | 4    |     |      |      |     |        |      |         |          |        |
|       start_for_PE_kernel_gemm_5_7_U0_U                             | 4    | 4    |     |      |      |     |        |      |         |          |        |
|       start_for_PE_kernel_gemm_6_0_U0_U                             | 5    | 6    |     |      |      |     |        |      |         |          |        |
|       start_for_PE_kernel_gemm_6_1_U0_U                             | 4    | 4    |     |      |      |     |        |      |         |          |        |
|       start_for_PE_kernel_gemm_6_2_U0_U                             | 4    | 4    |     |      |      |     |        |      |         |          |        |
|       start_for_PE_kernel_gemm_6_3_U0_U                             | 4    | 4    |     |      |      |     |        |      |         |          |        |
|       start_for_PE_kernel_gemm_6_4_U0_U                             | 4    | 4    |     |      |      |     |        |      |         |          |        |
|       start_for_PE_kernel_gemm_6_5_U0_U                             | 4    | 4    |     |      |      |     |        |      |         |          |        |
|       start_for_PE_kernel_gemm_6_6_U0_U                             | 4    | 4    |     |      |      |     |        |      |         |          |        |
|       start_for_PE_kernel_gemm_6_7_U0_U                             | 4    | 4    |     |      |      |     |        |      |         |          |        |
|       start_for_PE_kernel_gemm_7_0_U0_U                             | 7    | 7    |     |      |      |     |        |      |         |          |        |
|       start_for_PE_kernel_gemm_7_1_U0_U                             | 4    | 4    |     |      |      |     |        |      |         |          |        |
|       start_for_PE_kernel_gemm_7_2_U0_U                             | 4    | 4    |     |      |      |     |        |      |         |          |        |
|       start_for_PE_kernel_gemm_7_3_U0_U                             | 4    | 4    |     |      |      |     |        |      |         |          |        |
|       start_for_PE_kernel_gemm_7_4_U0_U                             | 4    | 4    |     |      |      |     |        |      |         |          |        |
|       start_for_PE_kernel_gemm_7_5_U0_U                             | 4    | 4    |     |      |      |     |        |      |         |          |        |
|       start_for_PE_kernel_gemm_7_6_U0_U                             | 4    | 4    |     |      |      |     |        |      |         |          |        |
|       start_for_PE_kernel_gemm_7_7_U0_U                             | 4    | 4    |     |      |      |     |        |      |         |          |        |
|       start_for_systolic_tile_gemm_Loop_l_data_drain_k65_proc2_U0_U | 8    | 7    |     |      |      |     |        |      |         |          |        |
|       systolic_tile_gemm_Loop_l_data_drain_k65_proc2_U0             | 8    | 7    |     |      |      |     |        |      |         |          |        |
|         (systolic_tile_gemm_Loop_l_data_drain_k65_proc2_U0)         | 1    | 6    |     |      |      |     |        |      |         |          |        |
|         flow_control_loop_pipe_U                                    | 7    | 1    |     |      |      |     |        |      |         |          |        |
|       systolic_tile_gemm_Loop_l_data_load_k64_proc1_U0              | 12   | 7    |     |      |      |     |        |      |         |          |        |
|         (systolic_tile_gemm_Loop_l_data_load_k64_proc1_U0)          |      | 6    |     |      |      |     |        |      |         |          |        |
|         flow_control_loop_pipe_U                                    | 12   | 1    |     |      |      |     |        |      |         |          |        |
|     local_A_1_U                                                     | 8    | 8    |     |      |      |     |        |      |         |          |        |
|     local_A_2_U                                                     | 8    | 8    |     |      |      |     |        |      |         |          |        |
|     local_A_3_U                                                     | 8    | 8    |     |      |      |     |        |      |         |          |        |
|     local_A_4_U                                                     | 8    | 8    |     |      |      |     |        |      |         |          |        |
|     local_A_5_U                                                     | 8    | 8    |     |      |      |     |        |      |         |          |        |
|     local_A_6_U                                                     | 8    | 8    |     |      |      |     |        |      |         |          |        |
|     local_A_7_U                                                     | 8    | 8    |     |      |      |     |        |      |         |          |        |
|     local_A_U                                                       | 8    | 8    |     |      |      |     |        |      |         |          |        |
|     local_B_1_U                                                     | 8    | 8    |     |      |      |     |        |      |         |          |        |
|     local_B_2_U                                                     | 8    | 8    |     |      |      |     |        |      |         |          |        |
|     local_B_3_U                                                     | 8    | 8    |     |      |      |     |        |      |         |          |        |
|     local_B_4_U                                                     | 8    | 8    |     |      |      |     |        |      |         |          |        |
|     local_B_5_U                                                     | 8    | 8    |     |      |      |     |        |      |         |          |        |
|     local_B_6_U                                                     | 8    | 8    |     |      |      |     |        |      |         |          |        |
|     local_B_7_U                                                     | 8    | 8    |     |      |      |     |        |      |         |          |        |
|     local_B_U                                                       | 8    | 8    |     |      |      |     |        |      |         |          |        |
|   sparsemux_17_3_19_1_1_U861                                        | 38   |      |     |      |      |     |        |      |         |          |        |
+---------------------------------------------------------------------+------+------+-----+------+------+-----+--------+------+---------+----------+--------+


================================================================
== RTL Synthesis Fail Fast
================================================================
+-----------------------------------------------------------+-----------+--------+--------+
| Criteria                                                  | Guideline | Actual | Status |
+-----------------------------------------------------------+-----------+--------+--------+
| LUT                                                       | 70%       | 0.68%  | OK     |
| FD                                                        | 50%       | 0.32%  | OK     |
| LUTRAM+SRL                                                | 25%       | 0.32%  | OK     |
| CARRY8                                                    | 25%       | 0.04%  | OK     |
| MUXF7                                                     | 15%       | 0.03%  | OK     |
| DSP                                                       | 80%       | 0.71%  | OK     |
| RAMB/FIFO                                                 | 80%       | 0.07%  | OK     |
| URAM                                                      | 80%       | 0.00%  | OK     |
| DSP+RAMB+URAM (Avg)                                       | 70%       | 0.39%  | OK     |
| BUFGCE* + BUFGCTRL                                        | 24        | 0      | OK     |
| DONT_TOUCH (cells/nets)                                   | 0         | 0      | OK     |
| MARK_DEBUG (nets)                                         | 0         | 0      | OK     |
| Control Sets                                              | 24444     | 692    | OK     |
| Average Fanout for modules > 100k cells                   | 4         | 1.52   | OK     |
| Max Average Fanout for modules > 100k cells               | 4         | 0      | OK     |
| Non-FD high fanout nets > 10k loads                       | 0         | 0      | OK     |
+-----------------------------------------------------------+-----------+--------+--------+
| TIMING-6 (No common primary clock between related clocks) | 0         | 0      | OK     |
| TIMING-7 (No common node between related clocks)          | 0         | 0      | OK     |
| TIMING-8 (No common period between related clocks)        | 0         | 0      | OK     |
| TIMING-14 (LUT on the clock tree)                         | 0         | 0      | OK     |
| TIMING-35 (No common node in paths with the same clock)   | 0         | 0      | OK     |
+-----------------------------------------------------------+-----------+--------+--------+
| Number of paths above max LUT budgeting (0.300ns)         | 0         | 0      | OK     |
| Number of paths above max Net budgeting (0.208ns)         | 0         | 0      | OK     |
+-----------------------------------------------------------+-----------+--------+--------+


================================================================
== RTL Synthesis Timing Paths
================================================================
* Timing was met
+-------+-------+-----------------------------------------------------------------+---------------------------------------------------------------+--------------+------------+----------------+----------------+--------------+
| Path  | SLACK | STARTPOINT PIN                                                  | ENDPOINT PIN                                                  | LOGIC LEVELS | MAX FANOUT | DATAPATH DELAY | DATAPATH LOGIC | DATAPATH NET |
|       |       |                                                                 |                                                               |              |            |                |          DELAY |        DELAY |
+-------+-------+-----------------------------------------------------------------+---------------------------------------------------------------+--------------+------------+----------------+----------------+--------------+
| Path1 | 1.255 | gmem0_m_axi_U/load_unit/buff_rdata/U_fifo_mem/mem_reg/CLKARDCLK | gmem0_m_axi_U/load_unit/buff_rdata/U_fifo_mem/mem_reg/ENARDEN |            2 |          9 |          1.664 |          1.013 |        0.651 |
| Path2 | 1.255 | gmem1_m_axi_U/load_unit/buff_rdata/U_fifo_mem/mem_reg/CLKARDCLK | gmem1_m_axi_U/load_unit/buff_rdata/U_fifo_mem/mem_reg/ENARDEN |            2 |          9 |          1.664 |          1.013 |        0.651 |
| Path3 | 1.280 | gmem0_m_axi_U/load_unit/buff_rdata/U_fifo_mem/mem_reg/CLKARDCLK | gmem0_m_axi_U/load_unit/buff_rdata/mOutPtr_reg[0]/CE          |            3 |         27 |          1.901 |          1.051 |        0.850 |
| Path4 | 1.280 | gmem0_m_axi_U/load_unit/buff_rdata/U_fifo_mem/mem_reg/CLKARDCLK | gmem0_m_axi_U/load_unit/buff_rdata/mOutPtr_reg[1]/CE          |            3 |         27 |          1.901 |          1.051 |        0.850 |
| Path5 | 1.280 | gmem0_m_axi_U/load_unit/buff_rdata/U_fifo_mem/mem_reg/CLKARDCLK | gmem0_m_axi_U/load_unit/buff_rdata/mOutPtr_reg[2]/CE          |            3 |         27 |          1.901 |          1.051 |        0.850 |
+-------+-------+-----------------------------------------------------------------+---------------------------------------------------------------+--------------+------------+----------------+----------------+--------------+

    +----------------------------------------------------------------------------+------------------------+
    | Path1 Cells                                                                | Primitive Type         |
    +----------------------------------------------------------------------------+------------------------+
    | gmem0_m_axi_U/load_unit/buff_rdata/U_fifo_mem/mem_reg                      | BLOCKRAM.BRAM.RAMB18E2 |
    | gmem0_m_axi_U/load_unit/bus_wide_gen.rreq_offset/U_fifo_srl/mem_reg_i_4__0 | CLB.LUT.LUT6           |
    | gmem0_m_axi_U/load_unit/buff_rdata/U_fifo_mem/mem_reg_i_1__1               | CLB.LUT.LUT4           |
    +----------------------------------------------------------------------------+------------------------+

    +-------------------------------------------------------------------------+------------------------+
    | Path2 Cells                                                             | Primitive Type         |
    +-------------------------------------------------------------------------+------------------------+
    | gmem1_m_axi_U/load_unit/buff_rdata/U_fifo_mem/mem_reg                   | BLOCKRAM.BRAM.RAMB18E2 |
    | gmem1_m_axi_U/load_unit/bus_wide_gen.rreq_offset/U_fifo_srl/mem_reg_i_4 | CLB.LUT.LUT6           |
    | gmem1_m_axi_U/load_unit/buff_rdata/U_fifo_mem/mem_reg_i_1__0            | CLB.LUT.LUT4           |
    +-------------------------------------------------------------------------+------------------------+

    +----------------------------------------------------------------------------+------------------------+
    | Path3 Cells                                                                | Primitive Type         |
    +----------------------------------------------------------------------------+------------------------+
    | gmem0_m_axi_U/load_unit/buff_rdata/U_fifo_mem/mem_reg                      | BLOCKRAM.BRAM.RAMB18E2 |
    | gmem0_m_axi_U/load_unit/bus_wide_gen.rreq_offset/U_fifo_srl/mem_reg_i_4__0 | CLB.LUT.LUT6           |
    | gmem0_m_axi_U/load_unit/buff_rdata/U_fifo_mem/raddr[7]_i_1__0              | CLB.LUT.LUT3           |
    | gmem0_m_axi_U/load_unit/buff_rdata/mOutPtr[8]_i_1__1                       | CLB.LUT.LUT3           |
    | gmem0_m_axi_U/load_unit/buff_rdata/mOutPtr_reg[0]                          | REGISTER.SDR.FDRE      |
    +----------------------------------------------------------------------------+------------------------+

    +----------------------------------------------------------------------------+------------------------+
    | Path4 Cells                                                                | Primitive Type         |
    +----------------------------------------------------------------------------+------------------------+
    | gmem0_m_axi_U/load_unit/buff_rdata/U_fifo_mem/mem_reg                      | BLOCKRAM.BRAM.RAMB18E2 |
    | gmem0_m_axi_U/load_unit/bus_wide_gen.rreq_offset/U_fifo_srl/mem_reg_i_4__0 | CLB.LUT.LUT6           |
    | gmem0_m_axi_U/load_unit/buff_rdata/U_fifo_mem/raddr[7]_i_1__0              | CLB.LUT.LUT3           |
    | gmem0_m_axi_U/load_unit/buff_rdata/mOutPtr[8]_i_1__1                       | CLB.LUT.LUT3           |
    | gmem0_m_axi_U/load_unit/buff_rdata/mOutPtr_reg[1]                          | REGISTER.SDR.FDRE      |
    +----------------------------------------------------------------------------+------------------------+

    +----------------------------------------------------------------------------+------------------------+
    | Path5 Cells                                                                | Primitive Type         |
    +----------------------------------------------------------------------------+------------------------+
    | gmem0_m_axi_U/load_unit/buff_rdata/U_fifo_mem/mem_reg                      | BLOCKRAM.BRAM.RAMB18E2 |
    | gmem0_m_axi_U/load_unit/bus_wide_gen.rreq_offset/U_fifo_srl/mem_reg_i_4__0 | CLB.LUT.LUT6           |
    | gmem0_m_axi_U/load_unit/buff_rdata/U_fifo_mem/raddr[7]_i_1__0              | CLB.LUT.LUT3           |
    | gmem0_m_axi_U/load_unit/buff_rdata/mOutPtr[8]_i_1__1                       | CLB.LUT.LUT3           |
    | gmem0_m_axi_U/load_unit/buff_rdata/mOutPtr_reg[2]                          | REGISTER.SDR.FDRE      |
    +----------------------------------------------------------------------------+------------------------+


================================================================
== RTL Synthesis Vivado Reports
================================================================
+--------------------------+-------------------------------------------------------------+
| Report Type              | Report Location                                             |
+--------------------------+-------------------------------------------------------------+
| design_analysis          | impl/verilog/report/gemm_design_analysis_synth.rpt          |
| failfast                 | impl/verilog/report/gemm_failfast_synth.rpt                 |
| timing                   | impl/verilog/report/gemm_timing_synth.rpt                   |
| timing_paths             | impl/verilog/report/gemm_timing_paths_synth.rpt             |
| utilization              | impl/verilog/report/gemm_utilization_synth.rpt              |
| utilization_hierarchical | impl/verilog/report/gemm_utilization_hierarchical_synth.rpt |
+--------------------------+-------------------------------------------------------------+


