

================================================================
== Vitis HLS Report for 'gemm'
================================================================
* Date:           Mon Sep  7 09:04:10 2026

* Version:        2023.2 (Build 4023990 on Oct 11 2023)
* Project:        out.prj
* Solution:       solution1 (Vivado IP Flow Target)
* Product family: virtexuplusHBM
* Target device:  xcu280-fsvh2892-2L-e


================================================================
== Performance Estimates
================================================================
+ Timing: 
    * Summary: 
    +--------+---------+----------+------------+
    |  Clock |  Target | Estimated| Uncertainty|
    +--------+---------+----------+------------+
    |ap_clk  |  3.33 ns|  2.433 ns|     0.90 ns|
    +--------+---------+----------+------------+

+ Latency: 
    * Summary: 
    +---------+---------+----------+----------+-----+-----+---------+
    |  Latency (cycles) |  Latency (absolute) |  Interval | Pipeline|
    |   min   |   max   |    min   |    max   | min | max |   Type  |
    +---------+---------+----------+----------+-----+-----+---------+
    |      272|      272|  0.907 us|  0.907 us|  273|  273|       no|
    +---------+---------+----------+----------+-----+-----+---------+

    + Detail: 
        * Instance: 
        +--------------------------+---------------+---------+---------+----------+----------+-----+-----+---------+
        |                          |               |  Latency (cycles) |  Latency (absolute) |  Interval | Pipeline|
        |         Instance         |     Module    |   min   |   max   |    min   |    max   | min | max |   Type  |
        +--------------------------+---------------+---------+---------+----------+----------+-----+-----+---------+
        |grp_systolic_gemm_fu_737  |systolic_gemm  |       53|       53|  0.177 us|  0.177 us|   53|   53|       no|
        +--------------------------+---------------+---------+---------+----------+----------+-----+-----+---------+

        * Loop: 
        +--------------------------------------------------+---------+---------+----------+-----------+-----------+------+----------+
        |                                                  |  Latency (cycles) | Iteration|  Initiation Interval  | Trip |          |
        |                     Loop Name                    |   min   |   max   |  Latency |  achieved |   target  | Count| Pipelined|
        +--------------------------------------------------+---------+---------+----------+-----------+-----------+------+----------+
        |- l_S_load_buf0_load_buf0_l_0_l_load_buf0_l_1     |       64|       64|         2|          1|          1|    64|       yes|
        |- l_S_load_buf1_load_buf1_l_0_l_load_buf1_l_1     |       64|       64|         2|          1|          1|    64|       yes|
        |- l_S_store_res2_store_res2_l_0_l_store_res2_l_1  |       65|       65|         3|          1|          1|    64|       yes|
        +--------------------------------------------------+---------+---------+----------+-----------+-----------+------+----------+



================================================================
== Utilization Estimates
================================================================
* Summary: 
+---------------------+---------+------+---------+---------+-----+
|         Name        | BRAM_18K|  DSP |    FF   |   LUT   | URAM|
+---------------------+---------+------+---------+---------+-----+
|DSP                  |        -|     -|        -|        -|    -|
|Expression           |        -|     -|        0|      222|    -|
|FIFO                 |        -|     -|        -|        -|    -|
|Instance             |        6|    64|    12280|    20049|    0|
|Memory               |        0|     -|      384|      408|    0|
|Multiplexer          |        -|     -|        -|     1207|    -|
|Register             |        -|     -|      376|        -|    -|
+---------------------+---------+------+---------+---------+-----+
|Total                |        6|    64|    13040|    21886|    0|
+---------------------+---------+------+---------+---------+-----+
|Available SLR        |     1344|  3008|   869120|   434560|  320|
+---------------------+---------+------+---------+---------+-----+
|Utilization SLR (%)  |       ~0|     2|        1|        5|    0|
+---------------------+---------+------+---------+---------+-----+
|Available            |     4032|  9024|  2607360|  1303680|  960|
+---------------------+---------+------+---------+---------+-----+
|Utilization (%)      |       ~0|    ~0|       ~0|        1|    0|
+---------------------+---------+------+---------+---------+-----+

+ Detail: 
    * Instance: 
    +----------------------------+-----------------------+---------+----+-------+-------+-----+
    |          Instance          |         Module        | BRAM_18K| DSP|   FF  |  LUT  | URAM|
    +----------------------------+-----------------------+---------+----+-------+-------+-----+
    |control_s_axi_U             |control_s_axi          |        0|   0|    240|    424|    0|
    |gmem0_m_axi_U               |gmem0_m_axi            |        2|   0|    636|    788|    0|
    |gmem1_m_axi_U               |gmem1_m_axi            |        2|   0|    636|    788|    0|
    |gmem2_m_axi_U               |gmem2_m_axi            |        2|   0|    696|    720|    0|
    |sparsemux_17_3_19_1_1_U861  |sparsemux_17_3_19_1_1  |        0|   0|      0|     43|    0|
    |grp_systolic_gemm_fu_737    |systolic_gemm          |        0|  64|  10072|  17286|    0|
    +----------------------------+-----------------------+---------+----+-------+-------+-----+
    |Total                       |                       |        6|  64|  12280|  20049|    0|
    +----------------------------+-----------------------+---------+----+-------+-------+-----+

    * DSP: 
    N/A

    * Memory: 
    +----------+--------------------+---------+----+----+-----+------+-----+------+-------------+
    |  Memory  |       Module       | BRAM_18K| FF | LUT| URAM| Words| Bits| Banks| W*Bits*Banks|
    +----------+--------------------+---------+----+----+-----+------+-----+------+-------------+
    |buf0_U    |buf0_RAM_AUTO_1R1W  |        0|   8|   9|    0|     8|    8|     1|           64|
    |buf0_1_U  |buf0_RAM_AUTO_1R1W  |        0|   8|   9|    0|     8|    8|     1|           64|
    |buf0_2_U  |buf0_RAM_AUTO_1R1W  |        0|   8|   9|    0|     8|    8|     1|           64|
    |buf0_3_U  |buf0_RAM_AUTO_1R1W  |        0|   8|   9|    0|     8|    8|     1|           64|
    |buf0_4_U  |buf0_RAM_AUTO_1R1W  |        0|   8|   9|    0|     8|    8|     1|           64|
    |buf0_5_U  |buf0_RAM_AUTO_1R1W  |        0|   8|   9|    0|     8|    8|     1|           64|
    |buf0_6_U  |buf0_RAM_AUTO_1R1W  |        0|   8|   9|    0|     8|    8|     1|           64|
    |buf0_7_U  |buf0_RAM_AUTO_1R1W  |        0|   8|   9|    0|     8|    8|     1|           64|
    |buf1_U    |buf0_RAM_AUTO_1R1W  |        0|   8|   9|    0|     8|    8|     1|           64|
    |buf1_1_U  |buf0_RAM_AUTO_1R1W  |        0|   8|   9|    0|     8|    8|     1|           64|
    |buf1_2_U  |buf0_RAM_AUTO_1R1W  |        0|   8|   9|    0|     8|    8|     1|           64|
    |buf1_3_U  |buf0_RAM_AUTO_1R1W  |        0|   8|   9|    0|     8|    8|     1|           64|
    |buf1_4_U  |buf0_RAM_AUTO_1R1W  |        0|   8|   9|    0|     8|    8|     1|           64|
    |buf1_5_U  |buf0_RAM_AUTO_1R1W  |        0|   8|   9|    0|     8|    8|     1|           64|
    |buf1_6_U  |buf0_RAM_AUTO_1R1W  |        0|   8|   9|    0|     8|    8|     1|           64|
    |buf1_7_U  |buf0_RAM_AUTO_1R1W  |        0|   8|   9|    0|     8|    8|     1|           64|
    |buf2_U    |buf2_RAM_AUTO_1R1W  |        0|  32|  33|    0|     8|   19|     1|          152|
    |buf2_1_U  |buf2_RAM_AUTO_1R1W  |        0|  32|  33|    0|     8|   19|     1|          152|
    |buf2_2_U  |buf2_RAM_AUTO_1R1W  |        0|  32|  33|    0|     8|   19|     1|          152|
    |buf2_3_U  |buf2_RAM_AUTO_1R1W  |        0|  32|  33|    0|     8|   19|     1|          152|
    |buf2_4_U  |buf2_RAM_AUTO_1R1W  |        0|  32|  33|    0|     8|   19|     1|          152|
    |buf2_5_U  |buf2_RAM_AUTO_1R1W  |        0|  32|  33|    0|     8|   19|     1|          152|
    |buf2_6_U  |buf2_RAM_AUTO_1R1W  |        0|  32|  33|    0|     8|   19|     1|          152|
    |buf2_7_U  |buf2_RAM_AUTO_1R1W  |        0|  32|  33|    0|     8|   19|     1|          152|
    +----------+--------------------+---------+----+----+-----+------+-----+------+-------------+
    |Total     |                    |        0| 384| 408|    0|   192|  280|    24|         2240|
    +----------+--------------------+---------+----+----+-----+------+-----+------+-------------+

    * FIFO: 
    N/A

    * Expression: 
    +---------------------------+----------+----+---+----+------------+------------+
    |       Variable Name       | Operation| DSP| FF| LUT| Bitwidth P0| Bitwidth P1|
    +---------------------------+----------+----+---+----+------------+------------+
    |add_ln3372_1_fu_791_p2     |         +|   0|  0|  13|           6|           1|
    |add_ln3372_fu_809_p2       |         +|   0|  0|  12|           4|           1|
    |add_ln3385_1_fu_838_p2     |         +|   0|  0|  13|           6|           1|
    |add_ln3385_fu_894_p2       |         +|   0|  0|  12|           4|           1|
    |add_ln3398_1_fu_958_p2     |         +|   0|  0|  13|           6|           1|
    |add_ln3398_fu_970_p2       |         +|   0|  0|  12|           4|           1|
    |load_buf0_l_1_fu_797_p2    |         +|   0|  0|  12|           4|           1|
    |load_buf1_l_1_fu_882_p2    |         +|   0|  0|  12|           4|           1|
    |store_res2_l_1_fu_952_p2   |         +|   0|  0|  12|           4|           1|
    |ap_block_pp0_stage0_11001  |       and|   0|  0|   2|           1|           1|
    |ap_block_pp1_stage0_11001  |       and|   0|  0|   2|           1|           1|
    |ap_block_pp2_stage0_11001  |       and|   0|  0|   2|           1|           1|
    |icmp_ln3372_fu_815_p2      |      icmp|   0|  0|  13|           6|           2|
    |icmp_ln3373_fu_803_p2      |      icmp|   0|  0|  12|           4|           5|
    |icmp_ln3385_fu_844_p2      |      icmp|   0|  0|  13|           6|           2|
    |icmp_ln3386_fu_888_p2      |      icmp|   0|  0|  12|           4|           5|
    |icmp_ln3398_fu_976_p2      |      icmp|   0|  0|  13|           6|           2|
    |icmp_ln3399_fu_964_p2      |      icmp|   0|  0|  12|           4|           5|
    |load_buf0_l_0_fu_779_p3    |    select|   0|  0|   4|           1|           4|
    |load_buf1_l_0_fu_858_p3    |    select|   0|  0|   4|           1|           4|
    |select_ln3372_fu_771_p3    |    select|   0|  0|   4|           1|           1|
    |select_ln3385_fu_850_p3    |    select|   0|  0|   4|           1|           1|
    |select_ln3398_fu_920_p3    |    select|   0|  0|   4|           1|           1|
    |store_res2_l_0_fu_928_p3   |    select|   0|  0|   4|           1|           4|
    |ap_enable_pp0              |       xor|   0|  0|   2|           1|           2|
    |ap_enable_pp1              |       xor|   0|  0|   2|           1|           2|
    |ap_enable_pp2              |       xor|   0|  0|   2|           1|           2|
    +---------------------------+----------+----+---+----+------------+------------+
    |Total                      |          |   0|  0| 222|          84|          54|
    +---------------------------+----------+----+---+----+------------+------------+

    * Multiplexer: 
    +---------------------------------------------+-----+-----------+-----+-----------+
    |                     Name                    | LUT | Input Size| Bits| Total Bits|
    +---------------------------------------------+-----+-----------+-----+-----------+
    |add_ln337220_reg_572                         |    9|          2|    4|          8|
    |add_ln338525_reg_638                         |    9|          2|    4|          8|
    |add_ln339830_reg_682                         |    9|          2|    4|          8|
    |ap_NS_fsm                                    |  139|         28|    1|         28|
    |ap_enable_reg_pp0_iter1                      |    9|          2|    1|          2|
    |ap_enable_reg_pp1_iter1                      |    9|          2|    1|          2|
    |ap_enable_reg_pp2_iter2                      |    9|          2|    1|          2|
    |ap_phi_mux_add_ln337220_phi_fu_576_p4        |    9|          2|    4|          8|
    |ap_phi_mux_add_ln339830_phi_fu_686_p4        |    9|          2|    4|          8|
    |ap_phi_mux_icmp_ln337319_phi_fu_587_p4       |    9|          2|    1|          2|
    |ap_phi_mux_icmp_ln339929_phi_fu_697_p4       |    9|          2|    1|          2|
    |ap_phi_mux_indvar_flatten1326_phi_fu_730_p4  |    9|          2|    6|         12|
    |ap_phi_mux_indvar_flatten16_phi_fu_620_p4    |    9|          2|    6|         12|
    |ap_phi_mux_indvar_flatten621_phi_fu_631_p4   |    9|          2|    6|         12|
    |ap_phi_mux_load_buf0_l_017_phi_fu_609_p4     |    9|          2|    4|          8|
    |ap_phi_mux_load_buf0_l_118_phi_fu_598_p4     |    9|          2|    4|          8|
    |ap_phi_mux_store_res2_l_027_phi_fu_719_p4    |    9|          2|    4|          8|
    |ap_phi_mux_store_res2_l_128_phi_fu_708_p4    |    9|          2|    4|          8|
    |buf0_1_address0                              |   14|          3|    3|          9|
    |buf0_1_ce0                                   |   14|          3|    1|          3|
    |buf0_2_address0                              |   14|          3|    3|          9|
    |buf0_2_ce0                                   |   14|          3|    1|          3|
    |buf0_3_address0                              |   14|          3|    3|          9|
    |buf0_3_ce0                                   |   14|          3|    1|          3|
    |buf0_4_address0                              |   14|          3|    3|          9|
    |buf0_4_ce0                                   |   14|          3|    1|          3|
    |buf0_5_address0                              |   14|          3|    3|          9|
    |buf0_5_ce0                                   |   14|          3|    1|          3|
    |buf0_6_address0                              |   14|          3|    3|          9|
    |buf0_6_ce0                                   |   14|          3|    1|          3|
    |buf0_7_address0                              |   14|          3|    3|          9|
    |buf0_7_ce0                                   |   14|          3|    1|          3|
    |buf0_address0                                |   14|          3|    3|          9|
    |buf0_ce0                                     |   14|          3|    1|          3|
    |buf1_1_address0                              |   14|          3|    3|          9|
    |buf1_1_ce0                                   |   14|          3|    1|          3|
    |buf1_2_address0                              |   14|          3|    3|          9|
    |buf1_2_ce0                                   |   14|          3|    1|          3|
    |buf1_3_address0                              |   14|          3|    3|          9|
    |buf1_3_ce0                                   |   14|          3|    1|          3|
    |buf1_4_address0                              |   14|          3|    3|          9|
    |buf1_4_ce0                                   |   14|          3|    1|          3|
    |buf1_5_address0                              |   14|          3|    3|          9|
    |buf1_5_ce0                                   |   14|          3|    1|          3|
    |buf1_6_address0                              |   14|          3|    3|          9|
    |buf1_6_ce0                                   |   14|          3|    1|          3|
    |buf1_7_address0                              |   14|          3|    3|          9|
    |buf1_7_ce0                                   |   14|          3|    1|          3|
    |buf1_address0                                |   14|          3|    3|          9|
    |buf1_ce0                                     |   14|          3|    1|          3|
    |buf2_1_address0                              |   14|          3|    3|          9|
    |buf2_1_ce0                                   |   14|          3|    1|          3|
    |buf2_1_we0                                   |    9|          2|    1|          2|
    |buf2_2_address0                              |   14|          3|    3|          9|
    |buf2_2_ce0                                   |   14|          3|    1|          3|
    |buf2_2_we0                                   |    9|          2|    1|          2|
    |buf2_3_address0                              |   14|          3|    3|          9|
    |buf2_3_ce0                                   |   14|          3|    1|          3|
    |buf2_3_we0                                   |    9|          2|    1|          2|
    |buf2_4_address0                              |   14|          3|    3|          9|
    |buf2_4_ce0                                   |   14|          3|    1|          3|
    |buf2_4_we0                                   |    9|          2|    1|          2|
    |buf2_5_address0                              |   14|          3|    3|          9|
    |buf2_5_ce0                                   |   14|          3|    1|          3|
    |buf2_5_we0                                   |    9|          2|    1|          2|
    |buf2_6_address0                              |   14|          3|    3|          9|
    |buf2_6_ce0                                   |   14|          3|    1|          3|
    |buf2_6_we0                                   |    9|          2|    1|          2|
    |buf2_7_address0                              |   14|          3|    3|          9|
    |buf2_7_ce0                                   |   14|          3|    1|          3|
    |buf2_7_we0                                   |    9|          2|    1|          2|
    |buf2_address0                                |   14|          3|    3|          9|
    |buf2_ce0                                     |   14|          3|    1|          3|
    |buf2_we0                                     |    9|          2|    1|          2|
    |gmem0_blk_n_AR                               |    9|          2|    1|          2|
    |gmem0_blk_n_R                                |    9|          2|    1|          2|
    |gmem1_blk_n_AR                               |    9|          2|    1|          2|
    |gmem1_blk_n_R                                |    9|          2|    1|          2|
    |gmem2_blk_n_AW                               |    9|          2|    1|          2|
    |gmem2_blk_n_B                                |    9|          2|    1|          2|
    |gmem2_blk_n_W                                |    9|          2|    1|          2|
    |icmp_ln337319_reg_583                        |    9|          2|    1|          2|
    |icmp_ln338624_reg_649                        |    9|          2|    1|          2|
    |icmp_ln339929_reg_693                        |    9|          2|    1|          2|
    |indvar_flatten1326_reg_726                   |    9|          2|    6|         12|
    |indvar_flatten16_reg_616                     |    9|          2|    6|         12|
    |indvar_flatten621_reg_627                    |    9|          2|    6|         12|
    |load_buf0_l_017_reg_605                      |    9|          2|    4|          8|
    |load_buf0_l_118_reg_594                      |    9|          2|    4|          8|
    |load_buf1_l_022_reg_671                      |    9|          2|    4|          8|
    |load_buf1_l_123_reg_660                      |    9|          2|    4|          8|
    |store_res2_l_027_reg_715                     |    9|          2|    4|          8|
    |store_res2_l_128_reg_704                     |    9|          2|    4|          8|
    +---------------------------------------------+-----+-----------+-----+-----------+
    |Total                                        | 1207|        260|  216|        554|
    +---------------------------------------------+-----+-----------+-----+-----------+

    * Register: 
    +---------------------------------------+----+----+-----+-----------+
    |                  Name                 | FF | LUT| Bits| Const Bits|
    +---------------------------------------+----+----+-----+-----------+
    |add_ln337220_reg_572                   |   4|   0|    4|          0|
    |add_ln3372_1_reg_1067                  |   6|   0|    6|          0|
    |add_ln3372_reg_1082                    |   4|   0|    4|          0|
    |add_ln338525_reg_638                   |   4|   0|    4|          0|
    |add_ln3385_1_reg_1109                  |   6|   0|    6|          0|
    |add_ln339830_reg_682                   |   4|   0|    4|          0|
    |add_ln3398_1_reg_1202                  |   6|   0|    6|          0|
    |add_ln3398_reg_1212                    |   4|   0|    4|          0|
    |ap_CS_fsm                              |  27|   0|   27|          0|
    |ap_enable_reg_pp0_iter0                |   1|   0|    1|          0|
    |ap_enable_reg_pp0_iter1                |   1|   0|    1|          0|
    |ap_enable_reg_pp1_iter0                |   1|   0|    1|          0|
    |ap_enable_reg_pp1_iter1                |   1|   0|    1|          0|
    |ap_enable_reg_pp2_iter0                |   1|   0|    1|          0|
    |ap_enable_reg_pp2_iter1                |   1|   0|    1|          0|
    |ap_enable_reg_pp2_iter2                |   1|   0|    1|          0|
    |gmem0_addr_reg_1035                    |  64|   0|   64|          0|
    |grp_systolic_gemm_fu_737_ap_start_reg  |   1|   0|    1|          0|
    |icmp_ln3372_reg_1087                   |   1|   0|    1|          0|
    |icmp_ln337319_reg_583                  |   1|   0|    1|          0|
    |icmp_ln3373_reg_1077                   |   1|   0|    1|          0|
    |icmp_ln3385_reg_1114                   |   1|   0|    1|          0|
    |icmp_ln338624_reg_649                  |   1|   0|    1|          0|
    |icmp_ln3398_reg_1217                   |   1|   0|    1|          0|
    |icmp_ln339929_reg_693                  |   1|   0|    1|          0|
    |icmp_ln3399_reg_1207                   |   1|   0|    1|          0|
    |indvar_flatten1326_reg_726             |   6|   0|    6|          0|
    |indvar_flatten16_reg_616               |   6|   0|    6|          0|
    |indvar_flatten621_reg_627              |   6|   0|    6|          0|
    |load_buf0_l_017_reg_605                |   4|   0|    4|          0|
    |load_buf0_l_0_reg_1046                 |   4|   0|    4|          0|
    |load_buf0_l_118_reg_594                |   4|   0|    4|          0|
    |load_buf0_l_1_reg_1072                 |   4|   0|    4|          0|
    |load_buf1_l_022_reg_671                |   4|   0|    4|          0|
    |load_buf1_l_123_reg_660                |   4|   0|    4|          0|
    |select_ln3372_reg_1041                 |   4|   0|    4|          0|
    |store_res2_l_027_reg_715               |   4|   0|    4|          0|
    |store_res2_l_0_reg_1147                |   4|   0|    4|          0|
    |store_res2_l_128_reg_704               |   4|   0|    4|          0|
    |store_res2_l_1_reg_1197                |   4|   0|    4|          0|
    |trunc_ln3372_reg_1051                  |   3|   0|    3|          0|
    |trunc_ln3398_reg_1152                  |   3|   0|    3|          0|
    |v1957_reg_1055                         |   8|   0|    8|          0|
    |v1962_reg_1097                         |   8|   0|    8|          0|
    |v1967_reg_1221                         |  19|   0|   19|          0|
    |v1969_read_reg_1030                    |  64|   0|   64|          0|
    |v1970_read_reg_1025                    |  64|   0|   64|          0|
    +---------------------------------------+----+----+-----+-----------+
    |Total                                  | 376|   0|  376|          0|
    +---------------------------------------+----+----+-----+-----------+



================================================================
== Interface
================================================================
* Summary: 
+-----------------------+-----+-----+------------+--------------+--------------+
|       RTL Ports       | Dir | Bits|  Protocol  | Source Object|    C Type    |
+-----------------------+-----+-----+------------+--------------+--------------+
|s_axi_control_AWVALID  |   in|    1|       s_axi|       control|        scalar|
|s_axi_control_AWREADY  |  out|    1|       s_axi|       control|        scalar|
|s_axi_control_AWADDR   |   in|    6|       s_axi|       control|        scalar|
|s_axi_control_WVALID   |   in|    1|       s_axi|       control|        scalar|
|s_axi_control_WREADY   |  out|    1|       s_axi|       control|        scalar|
|s_axi_control_WDATA    |   in|   32|       s_axi|       control|        scalar|
|s_axi_control_WSTRB    |   in|    4|       s_axi|       control|        scalar|
|s_axi_control_ARVALID  |   in|    1|       s_axi|       control|        scalar|
|s_axi_control_ARREADY  |  out|    1|       s_axi|       control|        scalar|
|s_axi_control_ARADDR   |   in|    6|       s_axi|       control|        scalar|
|s_axi_control_RVALID   |  out|    1|       s_axi|       control|        scalar|
|s_axi_control_RREADY   |   in|    1|       s_axi|       control|        scalar|
|s_axi_control_RDATA    |  out|   32|       s_axi|       control|        scalar|
|s_axi_control_RRESP    |  out|    2|       s_axi|       control|        scalar|
|s_axi_control_BVALID   |  out|    1|       s_axi|       control|        scalar|
|s_axi_control_BREADY   |   in|    1|       s_axi|       control|        scalar|
|s_axi_control_BRESP    |  out|    2|       s_axi|       control|        scalar|
|ap_clk                 |   in|    1|  ap_ctrl_hs|          gemm|  return value|
|ap_rst_n               |   in|    1|  ap_ctrl_hs|          gemm|  return value|
|ap_start               |   in|    1|  ap_ctrl_hs|          gemm|  return value|
|ap_done                |  out|    1|  ap_ctrl_hs|          gemm|  return value|
|ap_idle                |  out|    1|  ap_ctrl_hs|          gemm|  return value|
|ap_ready               |  out|    1|  ap_ctrl_hs|          gemm|  return value|
|m_axi_gmem0_AWVALID    |  out|    1|       m_axi|         gmem0|       pointer|
|m_axi_gmem0_AWREADY    |   in|    1|       m_axi|         gmem0|       pointer|
|m_axi_gmem0_AWADDR     |  out|   64|       m_axi|         gmem0|       pointer|
|m_axi_gmem0_AWID       |  out|    1|       m_axi|         gmem0|       pointer|
|m_axi_gmem0_AWLEN      |  out|    8|       m_axi|         gmem0|       pointer|
|m_axi_gmem0_AWSIZE     |  out|    3|       m_axi|         gmem0|       pointer|
|m_axi_gmem0_AWBURST    |  out|    2|       m_axi|         gmem0|       pointer|
|m_axi_gmem0_AWLOCK     |  out|    2|       m_axi|         gmem0|       pointer|
|m_axi_gmem0_AWCACHE    |  out|    4|       m_axi|         gmem0|       pointer|
|m_axi_gmem0_AWPROT     |  out|    3|       m_axi|         gmem0|       pointer|
|m_axi_gmem0_AWQOS      |  out|    4|       m_axi|         gmem0|       pointer|
|m_axi_gmem0_AWREGION   |  out|    4|       m_axi|         gmem0|       pointer|
|m_axi_gmem0_AWUSER     |  out|    1|       m_axi|         gmem0|       pointer|
|m_axi_gmem0_WVALID     |  out|    1|       m_axi|         gmem0|       pointer|
|m_axi_gmem0_WREADY     |   in|    1|       m_axi|         gmem0|       pointer|
|m_axi_gmem0_WDATA      |  out|   32|       m_axi|         gmem0|       pointer|
|m_axi_gmem0_WSTRB      |  out|    4|       m_axi|         gmem0|       pointer|
|m_axi_gmem0_WLAST      |  out|    1|       m_axi|         gmem0|       pointer|
|m_axi_gmem0_WID        |  out|    1|       m_axi|         gmem0|       pointer|
|m_axi_gmem0_WUSER      |  out|    1|       m_axi|         gmem0|       pointer|
|m_axi_gmem0_ARVALID    |  out|    1|       m_axi|         gmem0|       pointer|
|m_axi_gmem0_ARREADY    |   in|    1|       m_axi|         gmem0|       pointer|
|m_axi_gmem0_ARADDR     |  out|   64|       m_axi|         gmem0|       pointer|
|m_axi_gmem0_ARID       |  out|    1|       m_axi|         gmem0|       pointer|
|m_axi_gmem0_ARLEN      |  out|    8|       m_axi|         gmem0|       pointer|
|m_axi_gmem0_ARSIZE     |  out|    3|       m_axi|         gmem0|       pointer|
|m_axi_gmem0_ARBURST    |  out|    2|       m_axi|         gmem0|       pointer|
|m_axi_gmem0_ARLOCK     |  out|    2|       m_axi|         gmem0|       pointer|
|m_axi_gmem0_ARCACHE    |  out|    4|       m_axi|         gmem0|       pointer|
|m_axi_gmem0_ARPROT     |  out|    3|       m_axi|         gmem0|       pointer|
|m_axi_gmem0_ARQOS      |  out|    4|       m_axi|         gmem0|       pointer|
|m_axi_gmem0_ARREGION   |  out|    4|       m_axi|         gmem0|       pointer|
|m_axi_gmem0_ARUSER     |  out|    1|       m_axi|         gmem0|       pointer|
|m_axi_gmem0_RVALID     |   in|    1|       m_axi|         gmem0|       pointer|
|m_axi_gmem0_RREADY     |  out|    1|       m_axi|         gmem0|       pointer|
|m_axi_gmem0_RDATA      |   in|   32|       m_axi|         gmem0|       pointer|
|m_axi_gmem0_RLAST      |   in|    1|       m_axi|         gmem0|       pointer|
|m_axi_gmem0_RID        |   in|    1|       m_axi|         gmem0|       pointer|
|m_axi_gmem0_RUSER      |   in|    1|       m_axi|         gmem0|       pointer|
|m_axi_gmem0_RRESP      |   in|    2|       m_axi|         gmem0|       pointer|
|m_axi_gmem0_BVALID     |   in|    1|       m_axi|         gmem0|       pointer|
|m_axi_gmem0_BREADY     |  out|    1|       m_axi|         gmem0|       pointer|
|m_axi_gmem0_BRESP      |   in|    2|       m_axi|         gmem0|       pointer|
|m_axi_gmem0_BID        |   in|    1|       m_axi|         gmem0|       pointer|
|m_axi_gmem0_BUSER      |   in|    1|       m_axi|         gmem0|       pointer|
|m_axi_gmem1_AWVALID    |  out|    1|       m_axi|         gmem1|       pointer|
|m_axi_gmem1_AWREADY    |   in|    1|       m_axi|         gmem1|       pointer|
|m_axi_gmem1_AWADDR     |  out|   64|       m_axi|         gmem1|       pointer|
|m_axi_gmem1_AWID       |  out|    1|       m_axi|         gmem1|       pointer|
|m_axi_gmem1_AWLEN      |  out|    8|       m_axi|         gmem1|       pointer|
|m_axi_gmem1_AWSIZE     |  out|    3|       m_axi|         gmem1|       pointer|
|m_axi_gmem1_AWBURST    |  out|    2|       m_axi|         gmem1|       pointer|
|m_axi_gmem1_AWLOCK     |  out|    2|       m_axi|         gmem1|       pointer|
|m_axi_gmem1_AWCACHE    |  out|    4|       m_axi|         gmem1|       pointer|
|m_axi_gmem1_AWPROT     |  out|    3|       m_axi|         gmem1|       pointer|
|m_axi_gmem1_AWQOS      |  out|    4|       m_axi|         gmem1|       pointer|
|m_axi_gmem1_AWREGION   |  out|    4|       m_axi|         gmem1|       pointer|
|m_axi_gmem1_AWUSER     |  out|    1|       m_axi|         gmem1|       pointer|
|m_axi_gmem1_WVALID     |  out|    1|       m_axi|         gmem1|       pointer|
|m_axi_gmem1_WREADY     |   in|    1|       m_axi|         gmem1|       pointer|
|m_axi_gmem1_WDATA      |  out|   32|       m_axi|         gmem1|       pointer|
|m_axi_gmem1_WSTRB      |  out|    4|       m_axi|         gmem1|       pointer|
|m_axi_gmem1_WLAST      |  out|    1|       m_axi|         gmem1|       pointer|
|m_axi_gmem1_WID        |  out|    1|       m_axi|         gmem1|       pointer|
|m_axi_gmem1_WUSER      |  out|    1|       m_axi|         gmem1|       pointer|
|m_axi_gmem1_ARVALID    |  out|    1|       m_axi|         gmem1|       pointer|
|m_axi_gmem1_ARREADY    |   in|    1|       m_axi|         gmem1|       pointer|
|m_axi_gmem1_ARADDR     |  out|   64|       m_axi|         gmem1|       pointer|
|m_axi_gmem1_ARID       |  out|    1|       m_axi|         gmem1|       pointer|
|m_axi_gmem1_ARLEN      |  out|    8|       m_axi|         gmem1|       pointer|
|m_axi_gmem1_ARSIZE     |  out|    3|       m_axi|         gmem1|       pointer|
|m_axi_gmem1_ARBURST    |  out|    2|       m_axi|         gmem1|       pointer|
|m_axi_gmem1_ARLOCK     |  out|    2|       m_axi|         gmem1|       pointer|
|m_axi_gmem1_ARCACHE    |  out|    4|       m_axi|         gmem1|       pointer|
|m_axi_gmem1_ARPROT     |  out|    3|       m_axi|         gmem1|       pointer|
|m_axi_gmem1_ARQOS      |  out|    4|       m_axi|         gmem1|       pointer|
|m_axi_gmem1_ARREGION   |  out|    4|       m_axi|         gmem1|       pointer|
|m_axi_gmem1_ARUSER     |  out|    1|       m_axi|         gmem1|       pointer|
|m_axi_gmem1_RVALID     |   in|    1|       m_axi|         gmem1|       pointer|
|m_axi_gmem1_RREADY     |  out|    1|       m_axi|         gmem1|       pointer|
|m_axi_gmem1_RDATA      |   in|   32|       m_axi|         gmem1|       pointer|
|m_axi_gmem1_RLAST      |   in|    1|       m_axi|         gmem1|       pointer|
|m_axi_gmem1_RID        |   in|    1|       m_axi|         gmem1|       pointer|
|m_axi_gmem1_RUSER      |   in|    1|       m_axi|         gmem1|       pointer|
|m_axi_gmem1_RRESP      |   in|    2|       m_axi|         gmem1|       pointer|
|m_axi_gmem1_BVALID     |   in|    1|       m_axi|         gmem1|       pointer|
|m_axi_gmem1_BREADY     |  out|    1|       m_axi|         gmem1|       pointer|
|m_axi_gmem1_BRESP      |   in|    2|       m_axi|         gmem1|       pointer|
|m_axi_gmem1_BID        |   in|    1|       m_axi|         gmem1|       pointer|
|m_axi_gmem1_BUSER      |   in|    1|       m_axi|         gmem1|       pointer|
|m_axi_gmem2_AWVALID    |  out|    1|       m_axi|         gmem2|       pointer|
|m_axi_gmem2_AWREADY    |   in|    1|       m_axi|         gmem2|       pointer|
|m_axi_gmem2_AWADDR     |  out|   64|       m_axi|         gmem2|       pointer|
|m_axi_gmem2_AWID       |  out|    1|       m_axi|         gmem2|       pointer|
|m_axi_gmem2_AWLEN      |  out|    8|       m_axi|         gmem2|       pointer|
|m_axi_gmem2_AWSIZE     |  out|    3|       m_axi|         gmem2|       pointer|
|m_axi_gmem2_AWBURST    |  out|    2|       m_axi|         gmem2|       pointer|
|m_axi_gmem2_AWLOCK     |  out|    2|       m_axi|         gmem2|       pointer|
|m_axi_gmem2_AWCACHE    |  out|    4|       m_axi|         gmem2|       pointer|
|m_axi_gmem2_AWPROT     |  out|    3|       m_axi|         gmem2|       pointer|
|m_axi_gmem2_AWQOS      |  out|    4|       m_axi|         gmem2|       pointer|
|m_axi_gmem2_AWREGION   |  out|    4|       m_axi|         gmem2|       pointer|
|m_axi_gmem2_AWUSER     |  out|    1|       m_axi|         gmem2|       pointer|
|m_axi_gmem2_WVALID     |  out|    1|       m_axi|         gmem2|       pointer|
|m_axi_gmem2_WREADY     |   in|    1|       m_axi|         gmem2|       pointer|
|m_axi_gmem2_WDATA      |  out|   32|       m_axi|         gmem2|       pointer|
|m_axi_gmem2_WSTRB      |  out|    4|       m_axi|         gmem2|       pointer|
|m_axi_gmem2_WLAST      |  out|    1|       m_axi|         gmem2|       pointer|
|m_axi_gmem2_WID        |  out|    1|       m_axi|         gmem2|       pointer|
|m_axi_gmem2_WUSER      |  out|    1|       m_axi|         gmem2|       pointer|
|m_axi_gmem2_ARVALID    |  out|    1|       m_axi|         gmem2|       pointer|
|m_axi_gmem2_ARREADY    |   in|    1|       m_axi|         gmem2|       pointer|
|m_axi_gmem2_ARADDR     |  out|   64|       m_axi|         gmem2|       pointer|
|m_axi_gmem2_ARID       |  out|    1|       m_axi|         gmem2|       pointer|
|m_axi_gmem2_ARLEN      |  out|    8|       m_axi|         gmem2|       pointer|
|m_axi_gmem2_ARSIZE     |  out|    3|       m_axi|         gmem2|       pointer|
|m_axi_gmem2_ARBURST    |  out|    2|       m_axi|         gmem2|       pointer|
|m_axi_gmem2_ARLOCK     |  out|    2|       m_axi|         gmem2|       pointer|
|m_axi_gmem2_ARCACHE    |  out|    4|       m_axi|         gmem2|       pointer|
|m_axi_gmem2_ARPROT     |  out|    3|       m_axi|         gmem2|       pointer|
|m_axi_gmem2_ARQOS      |  out|    4|       m_axi|         gmem2|       pointer|
|m_axi_gmem2_ARREGION   |  out|    4|       m_axi|         gmem2|       pointer|
|m_axi_gmem2_ARUSER     |  out|    1|       m_axi|         gmem2|       pointer|
|m_axi_gmem2_RVALID     |   in|    1|       m_axi|         gmem2|       pointer|
|m_axi_gmem2_RREADY     |  out|    1|       m_axi|         gmem2|       pointer|
|m_axi_gmem2_RDATA      |   in|   32|       m_axi|         gmem2|       pointer|
|m_axi_gmem2_RLAST      |   in|    1|       m_axi|         gmem2|       pointer|
|m_axi_gmem2_RID        |   in|    1|       m_axi|         gmem2|       pointer|
|m_axi_gmem2_RUSER      |   in|    1|       m_axi|         gmem2|       pointer|
|m_axi_gmem2_RRESP      |   in|    2|       m_axi|         gmem2|       pointer|
|m_axi_gmem2_BVALID     |   in|    1|       m_axi|         gmem2|       pointer|
|m_axi_gmem2_BREADY     |  out|    1|       m_axi|         gmem2|       pointer|
|m_axi_gmem2_BRESP      |   in|    2|       m_axi|         gmem2|       pointer|
|m_axi_gmem2_BID        |   in|    1|       m_axi|         gmem2|       pointer|
|m_axi_gmem2_BUSER      |   in|    1|       m_axi|         gmem2|       pointer|
+-----------------------+-----+-----+------------+--------------+--------------+

