Copyright 1986-2022 Xilinx, Inc. All Rights Reserved. Copyright 2022-2023 Advanced Micro Devices, Inc. All Rights Reserved.
--------------------------------------------------------------------------------------------------------------------------------------------------
| Tool Version      : Vivado v.2023.2 (lin64) Build 4029153 Fri Oct 13 20:13:54 MDT 2023
| Date              : Thu Oct  1 17:09:30 2026
| Host              : brg-zhang-xcel.ece.cornell.edu running 64-bit Red Hat Enterprise Linux 9.8 (Plow)
| Command           : report_timing_summary -file timing.rpt
| Design            : Core
| Device            : xcu280-fsvh2892
| Speed File        : -2L  PRODUCTION 1.30 05-01-2022
| Design State      : Physopt postRoute
| Temperature Grade : E
--------------------------------------------------------------------------------------------------------------------------------------------------

Timing Summary Report

------------------------------------------------------------------------------------------------
| Timer Settings
| --------------
------------------------------------------------------------------------------------------------

  Enable Multi Corner Analysis               :  Yes
  Enable Pessimism Removal                   :  Yes
  Pessimism Removal Resolution               :  Nearest Common Node
  Enable Input Delay Default Clock           :  No
  Enable Preset / Clear Arcs                 :  No
  Disable Flight Delays                      :  No
  Ignore I/O Paths                           :  No
  Timing Early Launch at Borrowing Latches   :  No
  Borrow Time for Max Delay Exceptions       :  Yes
  Merge Timing Exceptions                    :  Yes
  Inter-SLR Compensation                     :  Conservative

  Corner  Analyze    Analyze    
  Name    Max Paths  Min Paths  
  ------  ---------  ---------  
  Slow    Yes        Yes        
  Fast    Yes        Yes        


------------------------------------------------------------------------------------------------
| Report Methodology
| ------------------
------------------------------------------------------------------------------------------------

No report available as report_methodology has not been run prior. Run report_methodology on the current design for the summary of methodology violations.



check_timing report

Table of Contents
-----------------
1. checking no_clock (0)
2. checking constant_clock (0)
3. checking pulse_width_clock (0)
4. checking unconstrained_internal_endpoints (0)
5. checking no_input_delay (836)
6. checking no_output_delay (640)
7. checking multiple_clock (0)
8. checking generated_clocks (0)
9. checking loops (0)
10. checking partial_input_delay (0)
11. checking partial_output_delay (0)
12. checking latch_loops (0)

1. checking no_clock (0)
------------------------
 There are 0 register/latch pins with no clock.


2. checking constant_clock (0)
------------------------------
 There are 0 register/latch pins with constant_clock.


3. checking pulse_width_clock (0)
---------------------------------
 There are 0 register/latch pins which need pulse_width check


4. checking unconstrained_internal_endpoints (0)
------------------------------------------------
 There are 0 pins that are not constrained for maximum delay.

 There are 0 pins that are not constrained for maximum delay due to constant clock.


5. checking no_input_delay (836)
--------------------------------
 There are 836 input ports with no input delay specified. (HIGH)

 There are 0 input ports with no input delay but user has a false path constraint.


6. checking no_output_delay (640)
---------------------------------
 There are 640 ports with no output delay specified. (HIGH)

 There are 0 ports with no output delay but user has a false path constraint

 There are 0 ports with no output delay but with a timing clock defined on it or propagating through it


7. checking multiple_clock (0)
------------------------------
 There are 0 register/latch pins with multiple clocks.


8. checking generated_clocks (0)
--------------------------------
 There are 0 generated clocks that are not connected to a clock source.


9. checking loops (0)
---------------------
 There are 0 combinational loops in the design.


10. checking partial_input_delay (0)
------------------------------------
 There are 0 input ports with partial input delay specified.


11. checking partial_output_delay (0)
-------------------------------------
 There are 0 ports with partial output delay specified.


12. checking latch_loops (0)
----------------------------
 There are 0 combinational latch loops in the design through latch input



------------------------------------------------------------------------------------------------
| Design Timing Summary
| ---------------------
------------------------------------------------------------------------------------------------

    WNS(ns)      TNS(ns)  TNS Failing Endpoints  TNS Total Endpoints      WHS(ns)      THS(ns)  THS Failing Endpoints  THS Total Endpoints     WPWS(ns)     TPWS(ns)  TPWS Failing Endpoints  TPWS Total Endpoints  
    -------      -------  ---------------------  -------------------      -------      -------  ---------------------  -------------------     --------     --------  ----------------------  --------------------  
     -0.187      -20.272                    270                33226        0.023        0.000                      0                33226        1.600        0.000                       0                  8840  


Timing constraints are not met.


------------------------------------------------------------------------------------------------
| Clock Summary
| -------------
------------------------------------------------------------------------------------------------

Clock  Waveform(ns)         Period(ns)      Frequency(MHz)
-----  ------------         ----------      --------------
clk    {0.000 2.300}        4.600           217.391         


------------------------------------------------------------------------------------------------
| Intra Clock Table
| -----------------
------------------------------------------------------------------------------------------------

Clock             WNS(ns)      TNS(ns)  TNS Failing Endpoints  TNS Total Endpoints      WHS(ns)      THS(ns)  THS Failing Endpoints  THS Total Endpoints     WPWS(ns)     TPWS(ns)  TPWS Failing Endpoints  TPWS Total Endpoints  
-----             -------      -------  ---------------------  -------------------      -------      -------  ---------------------  -------------------     --------     --------  ----------------------  --------------------  
clk                -0.187      -20.272                    270                33226        0.023        0.000                      0                33226        1.600        0.000                       0                  8840  


------------------------------------------------------------------------------------------------
| Inter Clock Table
| -----------------
------------------------------------------------------------------------------------------------

From Clock    To Clock          WNS(ns)      TNS(ns)  TNS Failing Endpoints  TNS Total Endpoints      WHS(ns)      THS(ns)  THS Failing Endpoints  THS Total Endpoints  
----------    --------          -------      -------  ---------------------  -------------------      -------      -------  ---------------------  -------------------  


------------------------------------------------------------------------------------------------
| Other Path Groups Table
| -----------------------
------------------------------------------------------------------------------------------------

Path Group    From Clock    To Clock          WNS(ns)      TNS(ns)  TNS Failing Endpoints  TNS Total Endpoints      WHS(ns)      THS(ns)  THS Failing Endpoints  THS Total Endpoints  
----------    ----------    --------          -------      -------  ---------------------  -------------------      -------      -------  ---------------------  -------------------  


------------------------------------------------------------------------------------------------
| Timing Details
| --------------
------------------------------------------------------------------------------------------------


---------------------------------------------------------------------------------------------------
From Clock:  clk
  To Clock:  clk

Setup :          270  Failing Endpoints,  Worst Slack       -0.187ns,  Total Violation      -20.272ns
Hold  :            0  Failing Endpoints,  Worst Slack        0.023ns,  Total Violation        0.000ns
PW    :            0  Failing Endpoints,  Worst Slack        1.600ns,  Total Violation        0.000ns
---------------------------------------------------------------------------------------------------


Max Delay Paths
--------------------------------------------------------------------------------------
Slack (VIOLATED) :        -0.187ns  (required time - arrival time)
  Source:                 load/inst_q/deq_ptr_value_reg[2]_rep__2/C
                            (rising edge-triggered cell FDRE clocked by clk  {rise@0.000ns fall@2.300ns period=4.600ns})
  Destination:            load/tensorLoad_0/tensorLoad/vmeCmd/rdCmdExtAddrRowBegin_reg[43]/CE
                            (rising edge-triggered cell FDRE clocked by clk  {rise@0.000ns fall@2.300ns period=4.600ns})
  Path Group:             clk
  Path Type:              Setup (Max at Slow Process Corner)
  Requirement:            4.600ns  (clk rise@4.600ns - clk rise@0.000ns)
  Data Path Delay:        4.682ns  (logic 1.640ns (35.027%)  route 3.042ns (64.973%))
  Logic Levels:           17  (CARRY8=5 LUT2=3 LUT3=1 LUT5=2 LUT6=5 RAMD64E=1)
  Clock Path Skew:        -0.010ns (DCD - SCD + CPR)
    Destination Clock Delay (DCD):    0.020ns = ( 4.620 - 4.600 ) 
    Source Clock Delay      (SCD):    0.030ns
    Clock Pessimism Removal (CPR):    0.000ns
  Clock Uncertainty:      0.035ns  ((TSJ^2 + TIJ^2)^1/2 + DJ) / 2 + PE
    Total System Jitter     (TSJ):    0.071ns
    Total Input Jitter      (TIJ):    0.000ns
    Discrete Jitter          (DJ):    0.000ns
    Phase Error              (PE):    0.000ns

    Location             Delay type                Incr(ns)  Path(ns)    Netlist Resource(s)
  -------------------------------------------------------------------    -------------------
                         (clock clk rise edge)        0.000     0.000 r  
                                                      0.000     0.000 r  clock (IN)
                         net (fo=8839, unset)         0.030     0.030    load/inst_q/clock
    SLICE_X129Y578       FDRE                                         r  load/inst_q/deq_ptr_value_reg[2]_rep__2/C
  -------------------------------------------------------------------    -------------------
    SLICE_X129Y578       FDRE (Prop_GFF_SLICEM_C_Q)
                                                      0.078     0.108 r  load/inst_q/deq_ptr_value_reg[2]_rep__2/Q
                         net (fo=133, routed)         0.401     0.509    load/inst_q/ram_reg_64_127_84_90/ADDRC2
    SLICE_X128Y577       RAMD64E (Prop_C6LUT_SLICEM_RADR2_O)
                                                      0.098     0.607 r  load/inst_q/ram_reg_64_127_84_90/RAMC/O
                         net (fo=1, routed)           0.294     0.901    load/inst_q/ram_reg_64_127_84_90_n_2
    SLICE_X130Y583       LUT6 (Prop_C6LUT_SLICEL_I3_O)
                                                      0.146     1.047 r  load/inst_q/blocksRemained_carry_i_21/O
                         net (fo=5, routed)           0.145     1.192    load/inst_q/blocksRemained_carry_i_21_n_0
    SLICE_X130Y585       LUT3 (Prop_G6LUT_SLICEL_I2_O)
                                                      0.089     1.281 r  load/inst_q/fillPadding_io_inst_REG[86]_i_1/O
                         net (fo=15, routed)          0.184     1.465    load/inst_q/deq_ptr_value_reg[8]_1[34]
    SLICE_X127Y587       LUT2 (Prop_G6LUT_SLICEL_I0_O)
                                                      0.097     1.562 r  load/inst_q/blocksRemained_carry_i_11__0/O
                         net (fo=1, routed)           0.008     1.570    load/tensorLoad_0/tensorLoad/vmeCmd/_GEN_81_carry_i_13__0_1[6]
    SLICE_X127Y587       CARRY8 (Prop_CARRY8_SLICEL_S[6]_CO[7])
                                                      0.115     1.685 r  load/tensorLoad_0/tensorLoad/vmeCmd/blocksRemained_carry/CO[7]
                         net (fo=1, routed)           0.026     1.711    load/tensorLoad_0/tensorLoad/vmeCmd/blocksRemained_carry_n_0
    SLICE_X127Y588       CARRY8 (Prop_CARRY8_SLICEL_CI_O[5])
                                                      0.116     1.827 f  load/tensorLoad_0/tensorLoad/vmeCmd/blocksRemained_carry__0/O[5]
                         net (fo=2, routed)           0.270     2.097    load/inst_q/O[5]
    SLICE_X127Y589       LUT6 (Prop_C6LUT_SLICEL_I4_O)
                                                      0.088     2.185 f  load/inst_q/io_vme_rd_2_cmd_bits_len[0]_INST_0_i_3/O
                         net (fo=2, routed)           0.045     2.230    load/inst_q/io_vme_rd_2_cmd_bits_len[0]_INST_0_i_3_n_0
    SLICE_X127Y589       LUT5 (Prop_B6LUT_SLICEL_I1_O)
                                                      0.090     2.320 f  load/inst_q/io_vme_rd_2_cmd_bits_len[0]_INST_0_i_2/O
                         net (fo=8, routed)           0.296     2.616    load/tensorLoad_0/tensorLoad/vmeCmd/io_vme_rd_2_cmd_bits_len[0]_0
    SLICE_X126Y590       LUT5 (Prop_H6LUT_SLICEM_I4_O)
                                                      0.090     2.706 r  load/tensorLoad_0/tensorLoad/vmeCmd/io_vme_rd_2_cmd_bits_len[5]_INST_0_i_1/O
                         net (fo=10, routed)          0.371     3.076    load/inst_q/stride1_carry_i_8__0_4
    SLICE_X128Y589       LUT2 (Prop_E6LUT_SLICEM_I1_O)
                                                      0.052     3.128 r  load/inst_q/vmeCmd/stride1_carry_i_35/O
                         net (fo=1, routed)           0.014     3.142    load/inst_q/vmeCmd/stride1_carry_i_35_n_0
    SLICE_X128Y589       CARRY8 (Prop_CARRY8_SLICEM_S[4]_CO[7])
                                                      0.156     3.298 r  load/inst_q/stride1_carry_i_8__0/CO[7]
                         net (fo=1, routed)           0.026     3.324    load/inst_q/stride1_carry_i_8__0_n_0
    SLICE_X128Y590       CARRY8 (Prop_CARRY8_SLICEM_CI_O[2])
                                                      0.067     3.391 r  load/inst_q/stride1_carry_i_7__0/O[2]
                         net (fo=1, routed)           0.183     3.574    load/inst_q/tensorLoad_0/tensorLoad/vmeCmd/_T_8[11]
    SLICE_X128Y591       LUT6 (Prop_D6LUT_SLICEM_I3_O)
                                                      0.099     3.673 r  load/inst_q/stride1_carry_i_3__0/O
                         net (fo=1, routed)           0.025     3.698    load/tensorLoad_0/tensorLoad/vmeCmd/commandsDone_reg_2[2]
    SLICE_X128Y591       CARRY8 (Prop_CARRY8_SLICEM_S[3]_CO[5])
                                                      0.146     3.844 r  load/tensorLoad_0/tensorLoad/vmeCmd/stride1_carry/CO[5]
                         net (fo=2, routed)           0.140     3.984    load/tensorLoad_0/tensorLoad/vmeCmd/blocksReadNb_reg[16]_0[0]
    SLICE_X128Y591       LUT6 (Prop_H6LUT_SLICEM_I0_O)
                                                      0.039     4.023 r  load/tensorLoad_0/tensorLoad/vmeCmd/srcRowIdx[15]_i_2__0/O
                         net (fo=1, routed)           0.093     4.116    load/inst_q/srcRowIdx_reg[15]
    SLICE_X128Y594       LUT6 (Prop_B6LUT_SLICEM_I0_O)
                                                      0.037     4.153 r  load/inst_q/srcRowIdx[15]_i_1__0/O
                         net (fo=84, routed)          0.073     4.227    load/inst_q/stride
    SLICE_X128Y594       LUT2 (Prop_F6LUT_SLICEM_I1_O)
                                                      0.037     4.264 r  load/inst_q/rdCmdExtAddrRowBegin[63]_i_1/O
                         net (fo=81, routed)          0.448     4.712    load/tensorLoad_0/tensorLoad/vmeCmd/blocksReadNb_reg[16]_2[0]
    SLICE_X130Y602       FDRE                                         r  load/tensorLoad_0/tensorLoad/vmeCmd/rdCmdExtAddrRowBegin_reg[43]/CE
  -------------------------------------------------------------------    -------------------

                         (clock clk rise edge)        4.600     4.600 r  
                                                      0.000     4.600 r  clock (IN)
                         net (fo=8839, unset)         0.020     4.620    load/tensorLoad_0/tensorLoad/vmeCmd/clock
    SLICE_X130Y602       FDRE                                         r  load/tensorLoad_0/tensorLoad/vmeCmd/rdCmdExtAddrRowBegin_reg[43]/C
                         clock pessimism              0.000     4.620    
                         clock uncertainty           -0.035     4.585    
    SLICE_X130Y602       FDRE (Setup_AFF_SLICEL_C_CE)
                                                     -0.060     4.525    load/tensorLoad_0/tensorLoad/vmeCmd/rdCmdExtAddrRowBegin_reg[43]
  -------------------------------------------------------------------
                         required time                          4.525    
                         arrival time                          -4.712    
  -------------------------------------------------------------------
                         slack                                 -0.187    





Min Delay Paths
--------------------------------------------------------------------------------------
