

================================================================
== Vitis HLS Report for 'cross_r0_0'
================================================================
* Date:           Fri Sep 11 20:57:54 2026

* Version:        2023.2 (Build 4023990 on Oct 11 2023)
* Project:        prj
* Solution:       sol (Vivado IP Flow Target)
* Product family: virtexuplusHBM
* Target device:  xcu280-fsvh2892-2L-e


================================================================
== Performance Estimates
================================================================
+ Timing: 
    * Summary: 
    +--------+---------+----------+------------+
    |  Clock |  Target | Estimated| Uncertainty|
    +--------+---------+----------+------------+
    |ap_clk  |  3.33 ns|  2.357 ns|     0.90 ns|
    +--------+---------+----------+------------+

+ Latency: 
    * Summary: 
    +---------+---------+-----------+-----------+------+------+---------+
    |  Latency (cycles) |   Latency (absolute)  |   Interval  | Pipeline|
    |   min   |   max   |    min    |    max    |  min |  max |   Type  |
    +---------+---------+-----------+-----------+------+------+---------+
    |     4370|     4370|  14.552 us|  14.552 us|  4371|  4371|       no|
    +---------+---------+-----------+-----------+------+------+---------+

    + Detail: 
        * Instance: 
        +-----------------------------------------+-------------------------------+---------+---------+-----------+-----------+------+------+---------+
        |                                         |                               |  Latency (cycles) |   Latency (absolute)  |   Interval  | Pipeline|
        |                 Instance                |             Module            |   min   |   max   |    min    |    max    |  min |  max |   Type  |
        +-----------------------------------------+-------------------------------+---------+---------+-----------+-----------+------+------+---------+
        |grp_cross_r0_0_Pipeline_l_S_r_0_r_fu_54  |cross_r0_0_Pipeline_l_S_r_0_r  |     4368|     4368|  14.545 us|  14.545 us|  4368|  4368|       no|
        +-----------------------------------------+-------------------------------+---------+---------+-----------+-----------+------+------+---------+

        * Loop: 
        N/A



================================================================
== Utilization Estimates
================================================================
* Summary: 
+---------------------+---------+------+---------+---------+-----+
|         Name        | BRAM_18K|  DSP |    FF   |   LUT   | URAM|
+---------------------+---------+------+---------+---------+-----+
|DSP                  |        -|     -|        -|        -|    -|
|Expression           |        -|     -|        0|      238|    -|
|FIFO                 |        -|     -|        -|        -|    -|
|Instance             |        -|    12|     3065|     2723|    -|
|Memory               |        -|     -|        -|        -|    -|
|Multiplexer          |        -|     -|        -|       65|    -|
|Register             |        -|     -|       76|        -|    -|
+---------------------+---------+------+---------+---------+-----+
|Total                |        0|    12|     3141|     3026|    0|
+---------------------+---------+------+---------+---------+-----+
|Available SLR        |     1344|  3008|   869120|   434560|  320|
+---------------------+---------+------+---------+---------+-----+
|Utilization SLR (%)  |        0|    ~0|       ~0|       ~0|    0|
+---------------------+---------+------+---------+---------+-----+
|Available            |     4032|  9024|  2607360|  1303680|  960|
+---------------------+---------+------+---------+---------+-----+
|Utilization (%)      |        0|    ~0|       ~0|       ~0|    0|
+---------------------+---------+------+---------+---------+-----+

+ Detail: 
    * Instance: 
    +-----------------------------------------+-------------------------------+---------+----+------+------+-----+
    |                 Instance                |             Module            | BRAM_18K| DSP|  FF  |  LUT | URAM|
    +-----------------------------------------+-------------------------------+---------+----+------+------+-----+
    |grp_cross_r0_0_Pipeline_l_S_r_0_r_fu_54  |cross_r0_0_Pipeline_l_S_r_0_r  |        0|  12|  3065|  2723|    0|
    +-----------------------------------------+-------------------------------+---------+----+------+------+-----+
    |Total                                    |                               |        0|  12|  3065|  2723|    0|
    +-----------------------------------------+-------------------------------+---------+----+------+------+-----+

    * DSP: 
    N/A

    * Memory: 
    N/A

    * FIFO: 
    N/A

    * Expression: 
    +------------------------+----------+----+---+----+------------+------------+
    |      Variable Name     | Operation| DSP| FF| LUT| Bitwidth P0| Bitwidth P1|
    +------------------------+----------+----+---+----+------------+------------+
    |v22_fu_66_p2            |         -|   0|  0|  39|           1|          32|
    |and4_fu_84_p2           |       and|   0|  0|  32|          32|          32|
    |v44_fu_89_p2            |      icmp|   0|  0|  39|          32|           1|
    |ap_block_state1         |        or|   0|  0|   2|           1|           1|
    |or_ln110_fu_102_p2      |        or|   0|  0|   2|           1|           1|
    |select_ln110_fu_108_p3  |    select|   0|  0|  30|           1|          30|
    |v31_fu_72_p2            |       shl|   0|  0|  92|           1|          32|
    |xor_ln110_fu_96_p2      |       xor|   0|  0|   2|           1|           2|
    +------------------------+----------+----+---+----+------------+------------+
    |Total                   |          |   0|  0| 238|          70|         131|
    +------------------------+----------+----+---+----+------------+------------+

    * Multiplexer: 
    +-----------+----+-----------+-----+-----------+
    |    Name   | LUT| Input Size| Bits| Total Bits|
    +-----------+----+-----------+-----+-----------+
    |ap_NS_fsm  |  20|          4|    1|          4|
    |v0_blk_n   |   9|          2|    1|          2|
    |v1_blk_n   |   9|          2|    1|          2|
    |v2_read    |   9|          2|    1|          2|
    |v3_read    |   9|          2|    1|          2|
    |v4_write   |   9|          2|    1|          2|
    +-----------+----+-----------+-----+-----------+
    |Total      |  65|         14|    6|         14|
    +-----------+----+-----------+-----+-----------+

    * Register: 
    +------------------------------------------------------+----+----+-----+-----------+
    |                         Name                         | FF | LUT| Bits| Const Bits|
    +------------------------------------------------------+----+----+-----+-----------+
    |ap_CS_fsm                                             |   3|   0|    3|          0|
    |grp_cross_r0_0_Pipeline_l_S_r_0_r_fu_54_ap_start_reg  |   1|   0|    1|          0|
    |select_ln110_reg_133                                  |   7|   0|   32|         25|
    |v22_reg_123                                           |  32|   0|   32|          0|
    |v44_reg_128                                           |   1|   0|    1|          0|
    |v8_reg_117                                            |  32|   0|   32|          0|
    +------------------------------------------------------+----+----+-----+-----------+
    |Total                                                 |  76|   0|  101|         25|
    +------------------------------------------------------+----+----+-----+-----------+



================================================================
== Interface
================================================================
* Summary: 
+------------+-----+-----+--------------+--------------+--------------+
|  RTL Ports | Dir | Bits|   Protocol   | Source Object|    C Type    |
+------------+-----+-----+--------------+--------------+--------------+
|ap_clk      |   in|    1|  ap_ctrl_none|    cross_r0_0|  return value|
|ap_rst      |   in|    1|  ap_ctrl_none|    cross_r0_0|  return value|
|v0_dout     |   in|   32|       ap_fifo|            v0|       pointer|
|v0_empty_n  |   in|    1|       ap_fifo|            v0|       pointer|
|v0_read     |  out|    1|       ap_fifo|            v0|       pointer|
|v1_dout     |   in|   32|       ap_fifo|            v1|       pointer|
|v1_empty_n  |   in|    1|       ap_fifo|            v1|       pointer|
|v1_read     |  out|    1|       ap_fifo|            v1|       pointer|
|v2_dout     |   in|   64|       ap_fifo|            v2|       pointer|
|v2_empty_n  |   in|    1|       ap_fifo|            v2|       pointer|
|v2_read     |  out|    1|       ap_fifo|            v2|       pointer|
|v3_dout     |   in|   64|       ap_fifo|            v3|       pointer|
|v3_empty_n  |   in|    1|       ap_fifo|            v3|       pointer|
|v3_read     |  out|    1|       ap_fifo|            v3|       pointer|
|v4_din      |  out|   64|       ap_fifo|            v4|       pointer|
|v4_full_n   |   in|    1|       ap_fifo|            v4|       pointer|
|v4_write    |  out|    1|       ap_fifo|            v4|       pointer|
+------------+-----+-----+--------------+--------------+--------------+

