

================================================================
== Vitis HLS Report for 'delay4_r0_0'
================================================================
* Date:           Fri Sep 11 20:57:55 2026

* Version:        2023.2 (Build 4023990 on Oct 11 2023)
* Project:        prj
* Solution:       sol (Vivado IP Flow Target)
* Product family: virtexuplusHBM
* Target device:  xcu280-fsvh2892-2L-e


================================================================
== Performance Estimates
================================================================
+ Timing: 
    * Summary: 
    +--------+---------+----------+------------+
    |  Clock |  Target | Estimated| Uncertainty|
    +--------+---------+----------+------------+
    |ap_clk  |  3.33 ns|  2.357 ns|     0.90 ns|
    +--------+---------+----------+------------+

+ Latency: 
    * Summary: 
    +---------+---------+-----------+-----------+------+------+---------+
    |  Latency (cycles) |   Latency (absolute)  |   Interval  | Pipeline|
    |   min   |   max   |    min    |    max    |  min |  max |   Type  |
    +---------+---------+-----------+-----------+------+------+---------+
    |     4378|     4378|  14.579 us|  14.579 us|  4379|  4379|       no|
    +---------+---------+-----------+-----------+------+------+---------+

    + Detail: 
        * Instance: 
        +---------------------------------------------------------------+----------------------------------------------------+---------+---------+-----------+-----------+------+------+---------+
        |                                                               |                                                    |  Latency (cycles) |   Latency (absolute)  |   Interval  | Pipeline|
        |                            Instance                           |                       Module                       |   min   |   max   |    min    |    max    |  min |  max |   Type  |
        +---------------------------------------------------------------+----------------------------------------------------+---------+---------+-----------+-----------+------+------+---------+
        |grp_delay4_r0_0_Pipeline_VITIS_LOOP_26_1_fu_112                |delay4_r0_0_Pipeline_VITIS_LOOP_26_1                |        6|        6|  19.980 ns|  19.980 ns|     6|     6|       no|
        |grp_delay4_r0_0_Pipeline_VITIS_LOOP_30_2_fu_120                |delay4_r0_0_Pipeline_VITIS_LOOP_30_2                |        6|        6|  19.980 ns|  19.980 ns|     6|     6|       no|
        |grp_delay4_r0_0_Pipeline_VITIS_LOOP_34_3_fu_128                |delay4_r0_0_Pipeline_VITIS_LOOP_34_3                |        6|        6|  19.980 ns|  19.980 ns|     6|     6|       no|
        |grp_delay4_r0_0_Pipeline_VITIS_LOOP_38_4_fu_136                |delay4_r0_0_Pipeline_VITIS_LOOP_38_4                |        6|        6|  19.980 ns|  19.980 ns|     6|     6|       no|
        |grp_delay4_r0_0_Pipeline_l_S_b_0_b_l_S_h_0_h_l_S_c_0_c_fu_144  |delay4_r0_0_Pipeline_l_S_b_0_b_l_S_h_0_h_l_S_c_0_c  |     4369|     4369|  14.549 us|  14.549 us|  4369|  4369|       no|
        +---------------------------------------------------------------+----------------------------------------------------+---------+---------+-----------+-----------+------+------+---------+

        * Loop: 
        N/A



================================================================
== Utilization Estimates
================================================================
* Summary: 
+---------------------+---------+------+---------+---------+-----+
|         Name        | BRAM_18K|  DSP |    FF   |   LUT   | URAM|
+---------------------+---------+------+---------+---------+-----+
|DSP                  |        -|     -|        -|        -|    -|
|Expression           |        -|     -|        0|        2|    -|
|FIFO                 |        -|     -|        -|        -|    -|
|Instance             |        0|    12|     3862|     4369|    -|
|Memory               |        -|     -|        -|        -|    -|
|Multiplexer          |        -|     -|        -|       53|    -|
|Register             |        -|     -|       12|        -|    -|
+---------------------+---------+------+---------+---------+-----+
|Total                |        0|    12|     3874|     4424|    0|
+---------------------+---------+------+---------+---------+-----+
|Available SLR        |     1344|  3008|   869120|   434560|  320|
+---------------------+---------+------+---------+---------+-----+
|Utilization SLR (%)  |        0|    ~0|       ~0|        1|    0|
+---------------------+---------+------+---------+---------+-----+
|Available            |     4032|  9024|  2607360|  1303680|  960|
+---------------------+---------+------+---------+---------+-----+
|Utilization (%)      |        0|    ~0|       ~0|       ~0|    0|
+---------------------+---------+------+---------+---------+-----+

+ Detail: 
    * Instance: 
    +---------------------------------------------------------------+----------------------------------------------------+---------+----+------+------+-----+
    |                            Instance                           |                       Module                       | BRAM_18K| DSP|  FF  |  LUT | URAM|
    +---------------------------------------------------------------+----------------------------------------------------+---------+----+------+------+-----+
    |grp_delay4_r0_0_Pipeline_VITIS_LOOP_26_1_fu_112                |delay4_r0_0_Pipeline_VITIS_LOOP_26_1                |        0|   0|     5|    49|    0|
    |grp_delay4_r0_0_Pipeline_VITIS_LOOP_30_2_fu_120                |delay4_r0_0_Pipeline_VITIS_LOOP_30_2                |        0|   0|     5|    49|    0|
    |grp_delay4_r0_0_Pipeline_VITIS_LOOP_34_3_fu_128                |delay4_r0_0_Pipeline_VITIS_LOOP_34_3                |        0|   0|     5|    49|    0|
    |grp_delay4_r0_0_Pipeline_VITIS_LOOP_38_4_fu_136                |delay4_r0_0_Pipeline_VITIS_LOOP_38_4                |        0|   0|     5|    49|    0|
    |grp_delay4_r0_0_Pipeline_l_S_b_0_b_l_S_h_0_h_l_S_c_0_c_fu_144  |delay4_r0_0_Pipeline_l_S_b_0_b_l_S_h_0_h_l_S_c_0_c  |        0|  12|  3842|  4173|    0|
    +---------------------------------------------------------------+----------------------------------------------------+---------+----+------+------+-----+
    |Total                                                          |                                                    |        0|  12|  3862|  4369|    0|
    +---------------------------------------------------------------+----------------------------------------------------+---------+----+------+------+-----+

    * DSP: 
    N/A

    * Memory: 
    N/A

    * FIFO: 
    N/A

    * Expression: 
    +---------------------------------+----------+----+---+----+------------+------------+
    |          Variable Name          | Operation| DSP| FF| LUT| Bitwidth P0| Bitwidth P1|
    +---------------------------------+----------+----+---+----+------------+------------+
    |ap_block_state2_on_subcall_done  |        or|   0|  0|   2|           1|           1|
    +---------------------------------+----------+----+---+----+------------+------------+
    |Total                            |          |   0|  0|   2|           1|           1|
    +---------------------------------+----------+----+---+----+------------+------------+

    * Multiplexer: 
    +-----------+----+-----------+-----+-----------+
    |    Name   | LUT| Input Size| Bits| Total Bits|
    +-----------+----+-----------+-----+-----------+
    |ap_NS_fsm  |  26|          5|    1|          5|
    |v0_blk_n   |   9|          2|    1|          2|
    |v1_read    |   9|          2|    1|          2|
    |v2_write   |   9|          2|    1|          2|
    +-----------+----+-----------+-----+-----------+
    |Total      |  53|         11|    4|         11|
    +-----------+----+-----------+-----+-----------+

    * Register: 
    +----------------------------------------------------------------------------+---+----+-----+-----------+
    |                                    Name                                    | FF| LUT| Bits| Const Bits|
    +----------------------------------------------------------------------------+---+----+-----+-----------+
    |ap_CS_fsm                                                                   |  4|   0|    4|          0|
    |grp_delay4_r0_0_Pipeline_VITIS_LOOP_26_1_fu_112_ap_start_reg                |  1|   0|    1|          0|
    |grp_delay4_r0_0_Pipeline_VITIS_LOOP_30_2_fu_120_ap_start_reg                |  1|   0|    1|          0|
    |grp_delay4_r0_0_Pipeline_VITIS_LOOP_34_3_fu_128_ap_start_reg                |  1|   0|    1|          0|
    |grp_delay4_r0_0_Pipeline_VITIS_LOOP_38_4_fu_136_ap_start_reg                |  1|   0|    1|          0|
    |grp_delay4_r0_0_Pipeline_l_S_b_0_b_l_S_h_0_h_l_S_c_0_c_fu_144_ap_start_reg  |  1|   0|    1|          0|
    |trunc_ln41_reg_335                                                          |  3|   0|    3|          0|
    +----------------------------------------------------------------------------+---+----+-----+-----------+
    |Total                                                                       | 12|   0|   12|          0|
    +----------------------------------------------------------------------------+---+----+-----+-----------+



================================================================
== Interface
================================================================
* Summary: 
+------------+-----+-----+--------------+--------------+--------------+
|  RTL Ports | Dir | Bits|   Protocol   | Source Object|    C Type    |
+------------+-----+-----+--------------+--------------+--------------+
|ap_clk      |   in|    1|  ap_ctrl_none|   delay4_r0_0|  return value|
|ap_rst      |   in|    1|  ap_ctrl_none|   delay4_r0_0|  return value|
|v0_dout     |   in|   32|       ap_fifo|            v0|       pointer|
|v0_empty_n  |   in|    1|       ap_fifo|            v0|       pointer|
|v0_read     |  out|    1|       ap_fifo|            v0|       pointer|
|v1_dout     |   in|   64|       ap_fifo|            v1|       pointer|
|v1_empty_n  |   in|    1|       ap_fifo|            v1|       pointer|
|v1_read     |  out|    1|       ap_fifo|            v1|       pointer|
|v2_din      |  out|   64|       ap_fifo|            v2|       pointer|
|v2_full_n   |   in|    1|       ap_fifo|            v2|       pointer|
|v2_write    |  out|    1|       ap_fifo|            v2|       pointer|
+------------+-----+-----+--------------+--------------+--------------+

