

================================================================
== Vitis HLS Report for 'delay1_r0_0'
================================================================
* Date:           Fri Sep 11 20:57:55 2026

* Version:        2023.2 (Build 4023990 on Oct 11 2023)
* Project:        prj
* Solution:       sol (Vivado IP Flow Target)
* Product family: virtexuplusHBM
* Target device:  xcu280-fsvh2892-2L-e


================================================================
== Performance Estimates
================================================================
+ Timing: 
    * Summary: 
    +--------+---------+----------+------------+
    |  Clock |  Target | Estimated| Uncertainty|
    +--------+---------+----------+------------+
    |ap_clk  |  3.33 ns|  2.357 ns|     0.90 ns|
    +--------+---------+----------+------------+

+ Latency: 
    * Summary: 
    +---------+---------+-----------+-----------+------+------+---------+
    |  Latency (cycles) |   Latency (absolute)  |   Interval  | Pipeline|
    |   min   |   max   |    min    |    max    |  min |  max |   Type  |
    +---------+---------+-----------+-----------+------+------+---------+
    |     4407|     4407|  14.675 us|  14.675 us|  4408|  4408|       no|
    +---------+---------+-----------+-----------+------+------+---------+

    + Detail: 
        * Instance: 
        +--------------------------------------------------------------+----------------------------------------------------+---------+---------+-----------+-----------+------+------+---------+
        |                                                              |                                                    |  Latency (cycles) |   Latency (absolute)  |   Interval  | Pipeline|
        |                           Instance                           |                       Module                       |   min   |   max   |    min    |    max    |  min |  max |   Type  |
        +--------------------------------------------------------------+----------------------------------------------------+---------+---------+-----------+-----------+------+------+---------+
        |grp_delay1_r0_0_Pipeline_VITIS_LOOP_26_1_fu_64                |delay1_r0_0_Pipeline_VITIS_LOOP_26_1                |       34|       34|   0.113 us|   0.113 us|    34|    34|       no|
        |grp_delay1_r0_0_Pipeline_VITIS_LOOP_30_2_fu_70                |delay1_r0_0_Pipeline_VITIS_LOOP_30_2                |       34|       34|   0.113 us|   0.113 us|    34|    34|       no|
        |grp_delay1_r0_0_Pipeline_VITIS_LOOP_34_3_fu_76                |delay1_r0_0_Pipeline_VITIS_LOOP_34_3                |       34|       34|   0.113 us|   0.113 us|    34|    34|       no|
        |grp_delay1_r0_0_Pipeline_VITIS_LOOP_38_4_fu_82                |delay1_r0_0_Pipeline_VITIS_LOOP_38_4                |       34|       34|   0.113 us|   0.113 us|    34|    34|       no|
        |grp_delay1_r0_0_Pipeline_l_S_b_0_b_l_S_h_0_h_l_S_c_0_c_fu_88  |delay1_r0_0_Pipeline_l_S_b_0_b_l_S_h_0_h_l_S_c_0_c  |     4370|     4370|  14.552 us|  14.552 us|  4370|  4370|       no|
        +--------------------------------------------------------------+----------------------------------------------------+---------+---------+-----------+-----------+------+------+---------+

        * Loop: 
        N/A



================================================================
== Utilization Estimates
================================================================
* Summary: 
+---------------------+---------+------+---------+---------+-----+
|         Name        | BRAM_18K|  DSP |    FF   |   LUT   | URAM|
+---------------------+---------+------+---------+---------+-----+
|DSP                  |        -|     -|        -|        -|    -|
|Expression           |        -|     -|        0|        2|    -|
|FIFO                 |        -|     -|        -|        -|    -|
|Instance             |        0|    12|     3482|     2576|    -|
|Memory               |        0|     -|      128|      132|    0|
|Multiplexer          |        -|     -|        -|      277|    -|
|Register             |        -|     -|       15|        -|    -|
+---------------------+---------+------+---------+---------+-----+
|Total                |        0|    12|     3625|     2987|    0|
+---------------------+---------+------+---------+---------+-----+
|Available SLR        |     1344|  3008|   869120|   434560|  320|
+---------------------+---------+------+---------+---------+-----+
|Utilization SLR (%)  |        0|    ~0|       ~0|       ~0|    0|
+---------------------+---------+------+---------+---------+-----+
|Available            |     4032|  9024|  2607360|  1303680|  960|
+---------------------+---------+------+---------+---------+-----+
|Utilization (%)      |        0|    ~0|       ~0|       ~0|    0|
+---------------------+---------+------+---------+---------+-----+

+ Detail: 
    * Instance: 
    +--------------------------------------------------------------+----------------------------------------------------+---------+----+------+------+-----+
    |                           Instance                           |                       Module                       | BRAM_18K| DSP|  FF  |  LUT | URAM|
    +--------------------------------------------------------------+----------------------------------------------------+---------+----+------+------+-----+
    |grp_delay1_r0_0_Pipeline_VITIS_LOOP_26_1_fu_64                |delay1_r0_0_Pipeline_VITIS_LOOP_26_1                |        0|   0|     8|    54|    0|
    |grp_delay1_r0_0_Pipeline_VITIS_LOOP_30_2_fu_70                |delay1_r0_0_Pipeline_VITIS_LOOP_30_2                |        0|   0|     8|    54|    0|
    |grp_delay1_r0_0_Pipeline_VITIS_LOOP_34_3_fu_76                |delay1_r0_0_Pipeline_VITIS_LOOP_34_3                |        0|   0|     8|    54|    0|
    |grp_delay1_r0_0_Pipeline_VITIS_LOOP_38_4_fu_82                |delay1_r0_0_Pipeline_VITIS_LOOP_38_4                |        0|   0|     8|    54|    0|
    |grp_delay1_r0_0_Pipeline_l_S_b_0_b_l_S_h_0_h_l_S_c_0_c_fu_88  |delay1_r0_0_Pipeline_l_S_b_0_b_l_S_h_0_h_l_S_c_0_c  |        0|  12|  3450|  2360|    0|
    +--------------------------------------------------------------+----------------------------------------------------+---------+----+------+------+-----+
    |Total                                                         |                                                    |        0|  12|  3482|  2576|    0|
    +--------------------------------------------------------------+----------------------------------------------------+---------+----+------+------+-----+

    * DSP: 
    N/A

    * Memory: 
    +-------+------------------+---------+----+----+-----+------+-----+------+-------------+
    | Memory|      Module      | BRAM_18K| FF | LUT| URAM| Words| Bits| Banks| W*Bits*Banks|
    +-------+------------------+---------+----+----+-----+------+-----+------+-------------+
    |ar_U   |ar_RAM_AUTO_1R1W  |        0|  32|  33|    0|    32|   32|     1|         1024|
    |ai_U   |ar_RAM_AUTO_1R1W  |        0|  32|  33|    0|    32|   32|     1|         1024|
    |br_U   |ar_RAM_AUTO_1R1W  |        0|  32|  33|    0|    32|   32|     1|         1024|
    |bi_U   |ar_RAM_AUTO_1R1W  |        0|  32|  33|    0|    32|   32|     1|         1024|
    +-------+------------------+---------+----+----+-----+------+-----+------+-------------+
    |Total  |                  |        0| 128| 132|    0|   128|  128|     4|         4096|
    +-------+------------------+---------+----+----+-----+------+-----+------+-------------+

    * FIFO: 
    N/A

    * Expression: 
    +---------------------------------+----------+----+---+----+------------+------------+
    |          Variable Name          | Operation| DSP| FF| LUT| Bitwidth P0| Bitwidth P1|
    +---------------------------------+----------+----+---+----+------------+------------+
    |ap_block_state2_on_subcall_done  |        or|   0|  0|   2|           1|           1|
    +---------------------------------+----------+----+---+----+------------+------------+
    |Total                            |          |   0|  0|   2|           1|           1|
    +---------------------------------+----------+----+---+----+------------+------------+

    * Multiplexer: 
    +-------------+----+-----------+-----+-----------+
    |     Name    | LUT| Input Size| Bits| Total Bits|
    +-------------+----+-----------+-----+-----------+
    |ai_address0  |  14|          3|    5|         15|
    |ai_ce0       |  14|          3|    1|          3|
    |ai_d0        |  14|          3|   32|         96|
    |ai_we0       |  14|          3|    1|          3|
    |ap_NS_fsm    |  26|          5|    1|          5|
    |ar_address0  |  14|          3|    5|         15|
    |ar_ce0       |  14|          3|    1|          3|
    |ar_d0        |  14|          3|   32|         96|
    |ar_we0       |  14|          3|    1|          3|
    |bi_address0  |  14|          3|    5|         15|
    |bi_ce0       |  14|          3|    1|          3|
    |bi_d0        |  14|          3|   32|         96|
    |bi_we0       |  14|          3|    1|          3|
    |br_address0  |  14|          3|    5|         15|
    |br_ce0       |  14|          3|    1|          3|
    |br_d0        |  14|          3|   32|         96|
    |br_we0       |  14|          3|    1|          3|
    |v0_blk_n     |   9|          2|    1|          2|
    |v1_read      |   9|          2|    1|          2|
    |v2_write     |   9|          2|    1|          2|
    +-------------+----+-----------+-----+-----------+
    |Total        | 277|         59|  160|        479|
    +-------------+----+-----------+-----+-----------+

    * Register: 
    +---------------------------------------------------------------------------+---+----+-----+-----------+
    |                                    Name                                   | FF| LUT| Bits| Const Bits|
    +---------------------------------------------------------------------------+---+----+-----+-----------+
    |ap_CS_fsm                                                                  |  4|   0|    4|          0|
    |grp_delay1_r0_0_Pipeline_VITIS_LOOP_26_1_fu_64_ap_start_reg                |  1|   0|    1|          0|
    |grp_delay1_r0_0_Pipeline_VITIS_LOOP_30_2_fu_70_ap_start_reg                |  1|   0|    1|          0|
    |grp_delay1_r0_0_Pipeline_VITIS_LOOP_34_3_fu_76_ap_start_reg                |  1|   0|    1|          0|
    |grp_delay1_r0_0_Pipeline_VITIS_LOOP_38_4_fu_82_ap_start_reg                |  1|   0|    1|          0|
    |grp_delay1_r0_0_Pipeline_l_S_b_0_b_l_S_h_0_h_l_S_c_0_c_fu_88_ap_start_reg  |  1|   0|    1|          0|
    |trunc_ln41_reg_107                                                         |  6|   0|    6|          0|
    +---------------------------------------------------------------------------+---+----+-----+-----------+
    |Total                                                                      | 15|   0|   15|          0|
    +---------------------------------------------------------------------------+---+----+-----+-----------+



================================================================
== Interface
================================================================
* Summary: 
+------------+-----+-----+--------------+--------------+--------------+
|  RTL Ports | Dir | Bits|   Protocol   | Source Object|    C Type    |
+------------+-----+-----+--------------+--------------+--------------+
|ap_clk      |   in|    1|  ap_ctrl_none|   delay1_r0_0|  return value|
|ap_rst      |   in|    1|  ap_ctrl_none|   delay1_r0_0|  return value|
|v0_dout     |   in|   32|       ap_fifo|            v0|       pointer|
|v0_empty_n  |   in|    1|       ap_fifo|            v0|       pointer|
|v0_read     |  out|    1|       ap_fifo|            v0|       pointer|
|v1_dout     |   in|   64|       ap_fifo|            v1|       pointer|
|v1_empty_n  |   in|    1|       ap_fifo|            v1|       pointer|
|v1_read     |  out|    1|       ap_fifo|            v1|       pointer|
|v2_din      |  out|   64|       ap_fifo|            v2|       pointer|
|v2_full_n   |   in|    1|       ap_fifo|            v2|       pointer|
|v2_write    |  out|    1|       ap_fifo|            v2|       pointer|
+------------+-----+-----+--------------+--------------+--------------+

