

================================================================
== Vitis HLS Report for 'reorder_r0_0_Pipeline_l_S_i_3_i1'
================================================================
* Date:           Fri Sep 11 20:57:55 2026

* Version:        2023.2 (Build 4023990 on Oct 11 2023)
* Project:        prj
* Solution:       sol (Vivado IP Flow Target)
* Product family: virtexuplusHBM
* Target device:  xcu280-fsvh2892-2L-e


================================================================
== Performance Estimates
================================================================
+ Timing: 
    * Summary: 
    +--------+---------+----------+------------+
    |  Clock |  Target | Estimated| Uncertainty|
    +--------+---------+----------+------------+
    |ap_clk  |  3.33 ns|  1.815 ns|     0.90 ns|
    +--------+---------+----------+------------+

+ Latency: 
    * Summary: 
    +---------+---------+----------+----------+-----+-----+---------+
    |  Latency (cycles) |  Latency (absolute) |  Interval | Pipeline|
    |   min   |   max   |    min   |    max   | min | max |   Type  |
    +---------+---------+----------+----------+-----+-----+---------+
    |      130|      130|  0.433 us|  0.433 us|  130|  130|       no|
    +---------+---------+----------+----------+-----+-----+---------+

    + Detail: 
        * Instance: 
        N/A

        * Loop: 
        +--------------+---------+---------+----------+-----------+-----------+------+----------+
        |              |  Latency (cycles) | Iteration|  Initiation Interval  | Trip |          |
        |   Loop Name  |   min   |   max   |  Latency |  achieved |   target  | Count| Pipelined|
        +--------------+---------+---------+----------+-----------+-----------+------+----------+
        |- l_S_i_3_i1  |      128|      128|         2|          1|          1|   128|  yes(flp)|
        +--------------+---------+---------+----------+-----------+-----------+------+----------+



================================================================
== Utilization Estimates
================================================================
* Summary: 
+---------------------+---------+------+---------+---------+-----+
|         Name        | BRAM_18K|  DSP |    FF   |   LUT   | URAM|
+---------------------+---------+------+---------+---------+-----+
|DSP                  |        -|     -|        -|        -|    -|
|Expression           |        -|     -|        0|       35|    -|
|FIFO                 |        -|     -|        -|        -|    -|
|Instance             |        -|     -|        -|        -|    -|
|Memory               |        -|     -|        -|        -|    -|
|Multiplexer          |        -|     -|        -|       59|    -|
|Register             |        -|     -|       14|        -|    -|
+---------------------+---------+------+---------+---------+-----+
|Total                |        0|     0|       14|       94|    0|
+---------------------+---------+------+---------+---------+-----+
|Available SLR        |     1344|  3008|   869120|   434560|  320|
+---------------------+---------+------+---------+---------+-----+
|Utilization SLR (%)  |        0|     0|       ~0|       ~0|    0|
+---------------------+---------+------+---------+---------+-----+
|Available            |     4032|  9024|  2607360|  1303680|  960|
+---------------------+---------+------+---------+---------+-----+
|Utilization (%)      |        0|     0|       ~0|       ~0|    0|
+---------------------+---------+------+---------+---------+-----+

+ Detail: 
    * Instance: 
    N/A

    * DSP: 
    N/A

    * Memory: 
    N/A

    * FIFO: 
    N/A

    * Expression: 
    +----------------------------------+----------+----+---+----+------------+------------+
    |           Variable Name          | Operation| DSP| FF| LUT| Bitwidth P0| Bitwidth P1|
    +----------------------------------+----------+----+---+----+------------+------------+
    |add_ln100_fu_91_p2                |         +|   0|  0|  15|           8|           1|
    |ap_block_state2_pp0_stage0_iter1  |       and|   0|  0|   2|           1|           1|
    |ap_condition_57                   |       and|   0|  0|   2|           1|           1|
    |icmp_ln100_fu_85_p2               |      icmp|   0|  0|  16|           8|           9|
    +----------------------------------+----------+----+---+----+------------+------------+
    |Total                             |          |   0|  0|  35|          18|          12|
    +----------------------------------+----------+----+---+----+------------+------------+

    * Multiplexer: 
    +----------------------------------+----+-----------+-----+-----------+
    |               Name               | LUT| Input Size| Bits| Total Bits|
    +----------------------------------+----+-----------+-----+-----------+
    |ap_NS_iter1_fsm                   |  14|          3|    2|          6|
    |ap_done_int                       |   9|          2|    1|          2|
    |ap_loop_exit_ready_pp0_iter1_reg  |   9|          2|    1|          2|
    |ap_sig_allocacmp_i1_1             |   9|          2|    8|         16|
    |i1_fu_40                          |   9|          2|    8|         16|
    |v1_blk_n                          |   9|          2|    1|          2|
    +----------------------------------+----+-----------+-----+-----------+
    |Total                             |  59|         13|   21|         44|
    +----------------------------------+----+-----------+-----+-----------+

    * Register: 
    +----------------------------------+---+----+-----+-----------+
    |               Name               | FF| LUT| Bits| Const Bits|
    +----------------------------------+---+----+-----+-----------+
    |ap_CS_iter0_fsm                   |  1|   0|    1|          0|
    |ap_CS_iter1_fsm                   |  2|   0|    2|          0|
    |ap_done_reg                       |  1|   0|    1|          0|
    |ap_loop_exit_ready_pp0_iter1_reg  |  1|   0|    1|          0|
    |i1_fu_40                          |  8|   0|    8|          0|
    |icmp_ln100_reg_132                |  1|   0|    1|          0|
    +----------------------------------+---+----+-----+-----------+
    |Total                             | 14|   0|   14|          0|
    +----------------------------------+---+----+-----+-----------+



================================================================
== Interface
================================================================
* Summary: 
+---------------+-----+-----+------------+----------------------------------+--------------+
|   RTL Ports   | Dir | Bits|  Protocol  |           Source Object          |    C Type    |
+---------------+-----+-----+------------+----------------------------------+--------------+
|ap_clk         |   in|    1|  ap_ctrl_hs|  reorder_r0_0_Pipeline_l_S_i_3_i1|  return value|
|ap_rst         |   in|    1|  ap_ctrl_hs|  reorder_r0_0_Pipeline_l_S_i_3_i1|  return value|
|ap_start       |   in|    1|  ap_ctrl_hs|  reorder_r0_0_Pipeline_l_S_i_3_i1|  return value|
|ap_done        |  out|    1|  ap_ctrl_hs|  reorder_r0_0_Pipeline_l_S_i_3_i1|  return value|
|ap_idle        |  out|    1|  ap_ctrl_hs|  reorder_r0_0_Pipeline_l_S_i_3_i1|  return value|
|ap_ready       |  out|    1|  ap_ctrl_hs|  reorder_r0_0_Pipeline_l_S_i_3_i1|  return value|
|v1_din         |  out|   64|     ap_fifo|                                v1|       pointer|
|v1_full_n      |   in|    1|     ap_fifo|                                v1|       pointer|
|v1_write       |  out|    1|     ap_fifo|                                v1|       pointer|
|bufr_address0  |  out|    7|   ap_memory|                              bufr|         array|
|bufr_ce0       |  out|    1|   ap_memory|                              bufr|         array|
|bufr_q0        |   in|   32|   ap_memory|                              bufr|         array|
|bufi_address0  |  out|    7|   ap_memory|                              bufi|         array|
|bufi_ce0       |  out|    1|   ap_memory|                              bufi|         array|
|bufi_q0        |   in|   32|   ap_memory|                              bufi|         array|
+---------------+-----+-----+------------+----------------------------------+--------------+

