Copyright 1986-2022 Xilinx, Inc. All Rights Reserved. Copyright 2022-2023 Advanced Micro Devices, Inc. All Rights Reserved.
---------------------------------------------------------------------------------------------------------------------------------------------
| Tool Version : Vivado v.2023.2 (lin64) Build 4029153 Fri Oct 13 20:13:54 MDT 2023
| Date         : Sun Sep  6 21:43:06 2026
| Host         : brg-zhang-xcel.ece.cornell.edu running 64-bit Red Hat Enterprise Linux 9.8 (Plow)
| Command      : report_utilization -hierarchical -hierarchical_depth 2 -file util_hier.rpt
| Design       : spmw_harness
| Device       : xcu280-fsvh2892-2L-e
| Speed File   : -2L
| Design State : Routed
---------------------------------------------------------------------------------------------------------------------------------------------

Utilization Design Information

Table of Contents
-----------------
1. Utilization by Hierarchy

1. Utilization by Hierarchy
---------------------------

+---------------------------+-----------------------------+------------+------------+---------+------+------+--------+--------+------+------------+
|          Instance         |            Module           | Total LUTs | Logic LUTs | LUTRAMs | SRLs |  FFs | RAMB36 | RAMB18 | URAM | DSP Blocks |
+---------------------------+-----------------------------+------------+------------+---------+------+------+--------+--------+------+------------+
| spmw_harness              |                       (top) |        529 |        475 |       0 |   54 | 1065 |      0 |      0 |    0 |          8 |
|   (spmw_harness)          |                       (top) |         48 |         24 |       0 |   24 |  165 |      0 |      0 |    0 |          0 |
|   dut                     |                    spmw_top |        481 |        451 |       0 |   30 |  900 |      0 |      0 |    0 |          8 |
|     g_act_z_in_bind[0].u  |   spmw_fifo__parameterized0 |          8 |          8 |       0 |    0 |   20 |      0 |      0 |    0 |          0 |
|     g_act_z_in_bind[1].u  | spmw_fifo__parameterized0_0 |          8 |          8 |       0 |    0 |   20 |      0 |      0 |    0 |          0 |
|     g_mac_a_out_a_in[1].u |                   spmw_fifo |          6 |          6 |       0 |    0 |   10 |      0 |      0 |    0 |          0 |
|     g_mac_a_out_a_in[3].u |                 spmw_fifo_1 |          6 |          6 |       0 |    0 |   10 |      0 |      0 |    0 |          0 |
|     g_mac_a_out_a_in[5].u |                 spmw_fifo_2 |          6 |          6 |       0 |    0 |   10 |      0 |      0 |    0 |          0 |
|     g_mac_a_out_a_in[7].u |                 spmw_fifo_3 |          6 |          6 |       0 |    0 |   10 |      0 |      0 |    0 |          0 |
|     g_mac_p_out_p_in[2].u | spmw_fifo__parameterized0_4 |         10 |         10 |       0 |    0 |   34 |      0 |      0 |    0 |          0 |
|     g_mac_p_out_p_in[3].u | spmw_fifo__parameterized0_5 |         10 |         10 |       0 |    0 |   34 |      0 |      0 |    0 |          0 |
|     g_mac_p_out_p_in[4].u | spmw_fifo__parameterized0_6 |         18 |         18 |       0 |    0 |   66 |      0 |      0 |    0 |          0 |
|     g_mac_p_out_p_in[5].u | spmw_fifo__parameterized0_7 |         18 |         18 |       0 |    0 |   66 |      0 |      0 |    0 |          0 |
|     g_mac_p_out_p_in[6].u | spmw_fifo__parameterized0_8 |         18 |         18 |       0 |    0 |   66 |      0 |      0 |    0 |          0 |
|     g_mac_p_out_p_in[7].u | spmw_fifo__parameterized0_9 |         18 |         18 |       0 |    0 |   66 |      0 |      0 |    0 |          0 |
|     u_act_r0_0            |                      act_r0 |         31 |         31 |       0 |    0 |   24 |      0 |      0 |    0 |          0 |
|     u_act_r0_1            |                   act_r0_10 |         24 |         24 |       0 |    0 |   24 |      0 |      0 |    0 |          0 |
|     u_mac_r0_1_1          |                      mac_r0 |         36 |         35 |       0 |    1 |   48 |      0 |      0 |    0 |          1 |
|     u_mac_r0_2_1          |                   mac_r0_11 |         36 |         35 |       0 |    1 |   64 |      0 |      0 |    0 |          1 |
|     u_mac_r1_1_0          |                      mac_r1 |         40 |         31 |       0 |    9 |   56 |      0 |      0 |    0 |          1 |
|     u_mac_r1_2_0          |                   mac_r1_12 |         39 |         30 |       0 |    9 |   72 |      0 |      0 |    0 |          1 |
|     u_mac_r2_3_1          |                      mac_r2 |         36 |         35 |       0 |    1 |   64 |      0 |      0 |    0 |          1 |
|     u_mac_r3_0_1          |                      mac_r3 |         33 |         33 |       0 |    0 |   24 |      0 |      0 |    0 |          1 |
|     u_mac_r4_3_0          |                      mac_r4 |         41 |         32 |       0 |    9 |   72 |      0 |      0 |    0 |          1 |
|     u_mac_r5_0_0          |                      mac_r5 |         33 |         33 |       0 |    0 |   40 |      0 |      0 |    0 |          1 |
+---------------------------+-----------------------------+------------+------------+---------+------+------+--------+--------+------+------------+
* Note: The sum of lower-level cells may be larger than their parent cells total, due to cross-hierarchy LUT combining


