Copyright 1986-2022 Xilinx, Inc. All Rights Reserved. Copyright 2022-2023 Advanced Micro Devices, Inc. All Rights Reserved.
--------------------------------------------------------------------------------------------------------------------------------------------------
| Tool Version      : Vivado v.2023.2 (lin64) Build 4029153 Fri Oct 13 20:13:54 MDT 2023
| Date              : Wed Sep 30 04:07:31 2026
| Host              : brg-zhang-xcel.ece.cornell.edu running 64-bit Red Hat Enterprise Linux 9.8 (Plow)
| Command           : report_timing_summary -file timing.rpt
| Design            : Core
| Device            : xcu280-fsvh2892
| Speed File        : -2L  PRODUCTION 1.30 05-01-2022
| Design State      : Physopt postRoute
| Temperature Grade : E
--------------------------------------------------------------------------------------------------------------------------------------------------

Timing Summary Report

------------------------------------------------------------------------------------------------
| Timer Settings
| --------------
------------------------------------------------------------------------------------------------

  Enable Multi Corner Analysis               :  Yes
  Enable Pessimism Removal                   :  Yes
  Pessimism Removal Resolution               :  Nearest Common Node
  Enable Input Delay Default Clock           :  No
  Enable Preset / Clear Arcs                 :  No
  Disable Flight Delays                      :  No
  Ignore I/O Paths                           :  No
  Timing Early Launch at Borrowing Latches   :  No
  Borrow Time for Max Delay Exceptions       :  Yes
  Merge Timing Exceptions                    :  Yes
  Inter-SLR Compensation                     :  Conservative

  Corner  Analyze    Analyze    
  Name    Max Paths  Min Paths  
  ------  ---------  ---------  
  Slow    Yes        Yes        
  Fast    Yes        Yes        


------------------------------------------------------------------------------------------------
| Report Methodology
| ------------------
------------------------------------------------------------------------------------------------

No report available as report_methodology has not been run prior. Run report_methodology on the current design for the summary of methodology violations.



check_timing report

Table of Contents
-----------------
1. checking no_clock (0)
2. checking constant_clock (0)
3. checking pulse_width_clock (0)
4. checking unconstrained_internal_endpoints (0)
5. checking no_input_delay (837)
6. checking no_output_delay (638)
7. checking multiple_clock (0)
8. checking generated_clocks (0)
9. checking loops (0)
10. checking partial_input_delay (0)
11. checking partial_output_delay (0)
12. checking latch_loops (0)

1. checking no_clock (0)
------------------------
 There are 0 register/latch pins with no clock.


2. checking constant_clock (0)
------------------------------
 There are 0 register/latch pins with constant_clock.


3. checking pulse_width_clock (0)
---------------------------------
 There are 0 register/latch pins which need pulse_width check


4. checking unconstrained_internal_endpoints (0)
------------------------------------------------
 There are 0 pins that are not constrained for maximum delay.

 There are 0 pins that are not constrained for maximum delay due to constant clock.


5. checking no_input_delay (837)
--------------------------------
 There are 837 input ports with no input delay specified. (HIGH)

 There are 0 input ports with no input delay but user has a false path constraint.


6. checking no_output_delay (638)
---------------------------------
 There are 638 ports with no output delay specified. (HIGH)

 There are 0 ports with no output delay but user has a false path constraint

 There are 0 ports with no output delay but with a timing clock defined on it or propagating through it


7. checking multiple_clock (0)
------------------------------
 There are 0 register/latch pins with multiple clocks.


8. checking generated_clocks (0)
--------------------------------
 There are 0 generated clocks that are not connected to a clock source.


9. checking loops (0)
---------------------
 There are 0 combinational loops in the design.


10. checking partial_input_delay (0)
------------------------------------
 There are 0 input ports with partial input delay specified.


11. checking partial_output_delay (0)
-------------------------------------
 There are 0 ports with partial output delay specified.


12. checking latch_loops (0)
----------------------------
 There are 0 combinational latch loops in the design through latch input



------------------------------------------------------------------------------------------------
| Design Timing Summary
| ---------------------
------------------------------------------------------------------------------------------------

    WNS(ns)      TNS(ns)  TNS Failing Endpoints  TNS Total Endpoints      WHS(ns)      THS(ns)  THS Failing Endpoints  THS Total Endpoints     WPWS(ns)     TPWS(ns)  TPWS Failing Endpoints  TPWS Total Endpoints  
    -------      -------  ---------------------  -------------------      -------      -------  ---------------------  -------------------     --------     --------  ----------------------  --------------------  
     -1.554    -1950.209                   3725                26068        0.019        0.000                      0                26068        0.966        0.000                       0                  6001  


Timing constraints are not met.


------------------------------------------------------------------------------------------------
| Clock Summary
| -------------
------------------------------------------------------------------------------------------------

Clock  Waveform(ns)         Period(ns)      Frequency(MHz)
-----  ------------         ----------      --------------
clk    {0.000 1.666}        3.333           300.030         


------------------------------------------------------------------------------------------------
| Intra Clock Table
| -----------------
------------------------------------------------------------------------------------------------

Clock             WNS(ns)      TNS(ns)  TNS Failing Endpoints  TNS Total Endpoints      WHS(ns)      THS(ns)  THS Failing Endpoints  THS Total Endpoints     WPWS(ns)     TPWS(ns)  TPWS Failing Endpoints  TPWS Total Endpoints  
-----             -------      -------  ---------------------  -------------------      -------      -------  ---------------------  -------------------     --------     --------  ----------------------  --------------------  
clk                -1.554    -1950.209                   3725                26068        0.019        0.000                      0                26068        0.966        0.000                       0                  6001  


------------------------------------------------------------------------------------------------
| Inter Clock Table
| -----------------
------------------------------------------------------------------------------------------------

From Clock    To Clock          WNS(ns)      TNS(ns)  TNS Failing Endpoints  TNS Total Endpoints      WHS(ns)      THS(ns)  THS Failing Endpoints  THS Total Endpoints  
----------    --------          -------      -------  ---------------------  -------------------      -------      -------  ---------------------  -------------------  


------------------------------------------------------------------------------------------------
| Other Path Groups Table
| -----------------------
------------------------------------------------------------------------------------------------

Path Group    From Clock    To Clock          WNS(ns)      TNS(ns)  TNS Failing Endpoints  TNS Total Endpoints      WHS(ns)      THS(ns)  THS Failing Endpoints  THS Total Endpoints  
----------    ----------    --------          -------      -------  ---------------------  -------------------      -------      -------  ---------------------  -------------------  


------------------------------------------------------------------------------------------------
| Timing Details
| --------------
------------------------------------------------------------------------------------------------


---------------------------------------------------------------------------------------------------
From Clock:  clk
  To Clock:  clk

Setup :         3725  Failing Endpoints,  Worst Slack       -1.554ns,  Total Violation    -1950.209ns
Hold  :            0  Failing Endpoints,  Worst Slack        0.019ns,  Total Violation        0.000ns
PW    :            0  Failing Endpoints,  Worst Slack        0.966ns,  Total Violation        0.000ns
---------------------------------------------------------------------------------------------------


Max Delay Paths
--------------------------------------------------------------------------------------
Slack (VIOLATED) :        -1.554ns  (required time - arrival time)
  Source:                 load/inst_q/deq_ptr_value_reg[2]_replica/C
                            (rising edge-triggered cell FDRE clocked by clk  {rise@0.000ns fall@1.666ns period=3.333ns})
  Destination:            load/tensorLoad_1/tensorLoad/vmeCmd/blocksReadNb_reg[10]/R
                            (rising edge-triggered cell FDRE clocked by clk  {rise@0.000ns fall@1.666ns period=3.333ns})
  Path Group:             clk
  Path Type:              Setup (Max at Slow Process Corner)
  Requirement:            3.333ns  (clk rise@3.333ns - clk rise@0.000ns)
  Data Path Delay:        4.768ns  (logic 1.584ns (33.218%)  route 3.184ns (66.782%))
  Logic Levels:           17  (CARRY8=6 LUT2=3 LUT3=1 LUT4=1 LUT5=1 LUT6=4 RAMD64E=1)
  Clock Path Skew:        -0.009ns (DCD - SCD + CPR)
    Destination Clock Delay (DCD):    0.021ns = ( 3.354 - 3.333 ) 
    Source Clock Delay      (SCD):    0.030ns
    Clock Pessimism Removal (CPR):    0.000ns
  Clock Uncertainty:      0.035ns  ((TSJ^2 + TIJ^2)^1/2 + DJ) / 2 + PE
    Total System Jitter     (TSJ):    0.071ns
    Total Input Jitter      (TIJ):    0.000ns
    Discrete Jitter          (DJ):    0.000ns
    Phase Error              (PE):    0.000ns

    Location             Delay type                Incr(ns)  Path(ns)    Netlist Resource(s)
  -------------------------------------------------------------------    -------------------
                         (clock clk rise edge)        0.000     0.000 r  
                                                      0.000     0.000 r  clock (IN)
                         net (fo=6000, unset)         0.030     0.030    load/inst_q/clock
    SLICE_X157Y353       FDRE                                         r  load/inst_q/deq_ptr_value_reg[2]_replica/C
  -------------------------------------------------------------------    -------------------
    SLICE_X157Y353       FDRE (Prop_BFF_SLICEM_C_Q)
                                                      0.078     0.108 r  load/inst_q/deq_ptr_value_reg[2]_replica/Q
                         net (fo=183, routed)         0.445     0.553    load/inst_q/ram_reg_0_63_77_83/ADDRE2
    SLICE_X156Y353       RAMD64E (Prop_E6LUT_SLICEM_RADR2_O)
                                                      0.100     0.653 r  load/inst_q/ram_reg_0_63_77_83/RAME/O
                         net (fo=1, routed)           0.189     0.842    load/inst_q/ram_reg_0_63_77_83_n_4
    SLICE_X155Y355       LUT6 (Prop_C6LUT_SLICEL_I5_O)
                                                      0.088     0.930 r  load/inst_q/fillPadding_io_inst_REG[81]_i_3/O
                         net (fo=4, routed)           0.098     1.028    load/inst_q/fillPadding_io_inst_REG[81]_i_3_n_0
    SLICE_X155Y354       LUT3 (Prop_E6LUT_SLICEL_I2_O)
                                                      0.123     1.151 r  load/inst_q/fillPadding_io_inst_REG[81]_i_1/O
                         net (fo=14, routed)          0.269     1.420    load/inst_q/deq_ptr_value_reg[8]_rep_0[29]
    SLICE_X160Y355       LUT2 (Prop_B6LUT_SLICEL_I0_O)
                                                      0.051     1.471 r  load/inst_q/blocksRemained_carry_i_16/O
                         net (fo=1, routed)           0.009     1.480    load/tensorLoad_1/tensorLoad/vmeCmd/_GEN_81_carry_i_13_1[1]
    SLICE_X160Y355       CARRY8 (Prop_CARRY8_SLICEL_S[1]_O[3])
                                                      0.120     1.600 f  load/tensorLoad_1/tensorLoad/vmeCmd/blocksRemained_carry/O[3]
                         net (fo=3, routed)           0.226     1.826    load/tensorLoad_1/tensorLoad/vmeCmd/blocksRemained_carry_n_12
    SLICE_X160Y354       LUT6 (Prop_G6LUT_SLICEL_I5_O)
                                                      0.050     1.876 r  load/tensorLoad_1/tensorLoad/vmeCmd/_GEN_81_carry_i_3/O
                         net (fo=1, routed)           0.300     2.176    load/tensorLoad_1/tensorLoad/vmeCmd/_GEN_81_carry_i_3_n_0
    SLICE_X161Y358       CARRY8 (Prop_CARRY8_SLICEM_DI[2]_CO[7])
                                                      0.110     2.286 r  load/tensorLoad_1/tensorLoad/vmeCmd/_GEN_81_carry/CO[7]
                         net (fo=1, routed)           0.026     2.312    load/tensorLoad_1/tensorLoad/vmeCmd/_GEN_81_carry_n_0
    SLICE_X161Y359       CARRY8 (Prop_CARRY8_SLICEM_CI_CO[0])
                                                      0.052     2.364 r  load/tensorLoad_1/tensorLoad/vmeCmd/_GEN_81_carry__0/CO[0]
                         net (fo=9, routed)           0.223     2.587    load/tensorLoad_1/tensorLoad/vmeCmd/_GEN_81__8
    SLICE_X161Y359       LUT5 (Prop_B6LUT_SLICEM_I2_O)
                                                      0.089     2.676 r  load/tensorLoad_1/tensorLoad/vmeCmd/io_vme_rd_3_cmd_bits_len[5]_INST_0_i_2/O
                         net (fo=11, routed)          0.281     2.957    load/inst_q/i__carry_i_8_3
    SLICE_X159Y356       LUT2 (Prop_D6LUT_SLICEL_I1_O)
                                                      0.050     3.007 r  load/inst_q/vmeCmd/i__carry_i_36/O
                         net (fo=1, routed)           0.009     3.016    load/inst_q/vmeCmd/i__carry_i_36_n_0
    SLICE_X159Y356       CARRY8 (Prop_CARRY8_SLICEL_S[3]_CO[7])
                                                      0.154     3.170 r  load/inst_q/i__carry_i_8/CO[7]
                         net (fo=1, routed)           0.026     3.196    load/inst_q/i__carry_i_8_n_0
    SLICE_X159Y357       CARRY8 (Prop_CARRY8_SLICEL_CI_O[7])
                                                      0.116     3.312 r  load/inst_q/i__carry_i_7/O[7]
                         net (fo=1, routed)           0.137     3.449    load/inst_q/tensorLoad_1/tensorLoad/vmeCmd/_T_8[16]
    SLICE_X159Y358       LUT4 (Prop_F6LUT_SLICEL_I0_O)
                                                      0.148     3.597 r  load/inst_q/i__carry_i_1/O
                         net (fo=1, routed)           0.011     3.608    load/tensorLoad_1/tensorLoad/vmeCmd/commandsDone_reg_1[4]
    SLICE_X159Y358       CARRY8 (Prop_CARRY8_SLICEL_S[5]_CO[5])
                                                      0.101     3.709 r  load/tensorLoad_1/tensorLoad/vmeCmd/stride1_inferred__0/i__carry/CO[5]
                         net (fo=2, routed)           0.262     3.971    load/tensorLoad_1/tensorLoad/vmeCmd/blocksReadNb_reg[16]_0[0]
    SLICE_X155Y359       LUT6 (Prop_E6LUT_SLICEL_I0_O)
                                                      0.051     4.022 r  load/tensorLoad_1/tensorLoad/vmeCmd/rdCmdExtAddr[63]_i_11/O
                         net (fo=1, routed)           0.039     4.061    load/inst_q/newReadRow_reg_3
    SLICE_X155Y359       LUT6 (Prop_D6LUT_SLICEL_I5_O)
                                                      0.036     4.097 r  load/inst_q/rdCmdExtAddr[63]_i_4/O
                         net (fo=84, routed)          0.231     4.328    load/inst_q/rdCmdExtAddr[63]_i_4_0[0]
    SLICE_X160Y359       LUT2 (Prop_G5LUT_SLICEL_I1_O)
                                                      0.067     4.395 r  load/inst_q/rdCmdExtAddrRowBegin[63]_i_1/O
                         net (fo=81, routed)          0.403     4.798    load/tensorLoad_1/tensorLoad/vmeCmd/clear
    SLICE_X161Y361       FDRE                                         r  load/tensorLoad_1/tensorLoad/vmeCmd/blocksReadNb_reg[10]/R
  -------------------------------------------------------------------    -------------------

                         (clock clk rise edge)        3.333     3.333 r  
                                                      0.000     3.333 r  clock (IN)
                         net (fo=6000, unset)         0.021     3.354    load/tensorLoad_1/tensorLoad/vmeCmd/clock
    SLICE_X161Y361       FDRE                                         r  load/tensorLoad_1/tensorLoad/vmeCmd/blocksReadNb_reg[10]/C
                         clock pessimism              0.000     3.354    
                         clock uncertainty           -0.035     3.319    
    SLICE_X161Y361       FDRE (Setup_CFF_SLICEM_C_R)
                                                     -0.074     3.245    load/tensorLoad_1/tensorLoad/vmeCmd/blocksReadNb_reg[10]
  -------------------------------------------------------------------
                         required time                          3.245    
                         arrival time                          -4.798    
  -------------------------------------------------------------------
                         slack                                 -1.554    





Min Delay Paths
--------------------------------------------------------------------------------------
Slack (MET) :             0.019ns  (arrival time - required time)
  Source:                 compute/tensorGemm/wrpipe0/io_deq_outPipe_bits_reg[3]/C
                            (rising edge-triggered cell FDRE clocked by clk  {rise@0.000ns fall@1.666ns period=3.333ns})
  Destination:            compute/tensorGemm/wrpipeNs/io_deq_b_reg[3]/D
                            (rising edge-triggered cell FDRE clocked by clk  {rise@0.000ns fall@1.666ns period=3.333ns})
  Path Group:             clk
  Path Type:              Hold (Min at Fast Process Corner)
  Requirement:            0.000ns  (clk rise@0.000ns - clk rise@0.000ns)
  Data Path Delay:        0.072ns  (logic 0.039ns (54.167%)  route 0.033ns (45.833%))
  Logic Levels:           0  
  Clock Path Skew:        0.006ns (DCD - SCD - CPR)
    Destination Clock Delay (DCD):    0.019ns
    Source Clock Delay      (SCD):    0.013ns
    Clock Pessimism Removal (CPR):    -0.000ns

    Location             Delay type                Incr(ns)  Path(ns)    Netlist Resource(s)
  -------------------------------------------------------------------    -------------------
                         (clock clk rise edge)        0.000     0.000 r  
                                                      0.000     0.000 r  clock (IN)
                         net (fo=6000, unset)         0.013     0.013    compute/tensorGemm/wrpipe0/clock
    SLICE_X123Y358       FDRE                                         r  compute/tensorGemm/wrpipe0/io_deq_outPipe_bits_reg[3]/C
  -------------------------------------------------------------------    -------------------
    SLICE_X123Y358       FDRE (Prop_HFF_SLICEL_C_Q)
                                                      0.039     0.052 r  compute/tensorGemm/wrpipe0/io_deq_outPipe_bits_reg[3]/Q
                         net (fo=1, routed)           0.033     0.085    compute/tensorGemm/wrpipeNs/D[3]
    SLICE_X123Y358       FDRE                                         r  compute/tensorGemm/wrpipeNs/io_deq_b_reg[3]/D
  -------------------------------------------------------------------    -------------------

                         (clock clk rise edge)        0.000     0.000 r  
                                                      0.000     0.000 r  clock (IN)
                         net (fo=6000, unset)         0.019     0.019    compute/tensorGemm/wrpipeNs/clock
    SLICE_X123Y358       FDRE                                         r  compute/tensorGemm/wrpipeNs/io_deq_b_reg[3]/C
                         clock pessimism              0.000     0.019    
    SLICE_X123Y358       FDRE (Hold_HFF2_SLICEL_C_D)
                                                      0.047     0.066    compute/tensorGemm/wrpipeNs/io_deq_b_reg[3]
  -------------------------------------------------------------------
                         required time                         -0.066    
                         arrival time                           0.085    
  -------------------------------------------------------------------
                         slack                                  0.019    





Pulse Width Checks
--------------------------------------------------------------------------------------
Clock Name:         clk
Waveform(ns):       { 0.000 1.666 }
Period(ns):         3.333
Sources:            { clock }

Check Type        Corner  Lib Pin      Reference Pin  Required(ns)  Actual(ns)  Slack(ns)  Location       Pin
Min Period        n/a     URAM288/CLK  n/a            2.000         3.333       1.333      URAM288_X2Y96  compute/tensorAcc/tensorLoad/tensorFile_0_reg_uram_0/CLK
Low Pulse Width   Slow    URAM288/CLK  n/a            0.700         1.666       0.966      URAM288_X2Y96  compute/tensorAcc/tensorLoad/tensorFile_0_reg_uram_0/CLK
High Pulse Width  Slow    URAM288/CLK  n/a            0.700         1.666       0.966      URAM288_X2Y96  compute/tensorAcc/tensorLoad/tensorFile_0_reg_uram_0/CLK



