#-----------------------------------------------------------
# xsim v2023.2 (64-bit)
# SW Build 4029153 on Fri Oct 13 20:13:54 MDT 2023
# IP Build 4028589 on Sat Oct 14 00:45:43 MDT 2023
# SharedData Build 4025554 on Tue Oct 10 17:18:54 MDT 2023
# Start of session at: Fri Oct  2 04:14:24 2026
# Process ID: 2736380
# Current directory: /scratch/hc676/e13_mem/bench/llama_8
# Command line: xsim -mode tcl -source {xsim.dir/tbmsim/xsim_script.tcl}
# Log file: /scratch/hc676/e13_mem/bench/llama_8/xsim.log
# Journal file: /scratch/hc676/e13_mem/bench/llama_8/xsim.jou
# Running On: brg-zhang-xcel.ece.cornell.edu, OS: Linux, CPU Frequency: 2553.546 MHz, CPU Physical cores: 21, Host memory: 235732 MB
#-----------------------------------------------------------
source xsim.dir/tbmsim/xsim_script.tcl
# xsim {tbmsim} -autoloadwcfg -runall
Time resolution is 1 ps
run -all
SPMWMEM RESULT errs=0 total=262211 rows=262152 first=22 paused=8 rd_reqs=4353 rd_beats=49156 wr_reqs=4 wr_beats=1024 first_bad=-1 timeout=0
SPMWMEM PASS
$finish called at time : 2622395 ns : File "/scratch/hc676/e13_mem/bench/llama_8/tbm.sv" Line 132
run: Time (s): cpu = 00:00:00.28 ; elapsed = 00:01:14 . Memory (MB): peak = 1577.723 ; gain = 0.000 ; free physical = 78195 ; free virtual = 143072
exit
INFO: xsimkernel Simulation Memory Usage: 102624 KB (Peak: 168036 KB), Simulation CPU Usage: 73610 ms
INFO: [Common 17-206] Exiting xsim at Fri Oct  2 04:15:43 2026...
