Copyright 1986-2022 Xilinx, Inc. All Rights Reserved. Copyright 2022-2023 Advanced Micro Devices, Inc. All Rights Reserved.
---------------------------------------------------------------------------------------------------------------------------------------------
| Tool Version : Vivado v.2023.2 (lin64) Build 4029153 Fri Oct 13 20:13:54 MDT 2023
| Date         : Sat Sep 12 19:29:31 2026
| Host         : brg-zhang-xcel.ece.cornell.edu running 64-bit Red Hat Enterprise Linux 9.8 (Plow)
| Command      : report_utilization -hierarchical -hierarchical_depth 1 -file /scratch/hc676/feather_loader/pnr/rowload_N16/util_hier.rpt
| Design       : feather_top
| Device       : xcu280-fsvh2892-2L-e
| Speed File   : -2L
| Design State : Routed
---------------------------------------------------------------------------------------------------------------------------------------------

Utilization Design Information

Table of Contents
-----------------
1. Utilization by Hierarchy

1. Utilization by Hierarchy
---------------------------

+---------------------------------------------------------------------------------------------------+------------------------------------+------------+------------+---------+------+-------+--------+--------+------+------------+
|                                              Instance                                             |               Module               | Total LUTs | Logic LUTs | LUTRAMs | SRLs |  FFs  | RAMB36 | RAMB18 | URAM | DSP Blocks |
+---------------------------------------------------------------------------------------------------+------------------------------------+------------+------------+---------+------+-------+--------+--------+------+------------+
| feather_top                                                                                       |                              (top) |      58465 |      58385 |       0 |   80 | 91249 |      0 |      0 |    0 |          0 |
|   IACTS_PING_SRAM                                                                                 |   sram_sp_2d_array__parameterized0 |        128 |        128 |       0 |    0 |   640 |      0 |      0 |    0 |          0 |
|   IACTS_PONG_SRAM                                                                                 | sram_sp_2d_array__parameterized0_0 |        128 |        128 |       0 |    0 |   640 |      0 |      0 |    0 |          0 |
|   INSTR_SRAM                                                                                      |                   sram_sp_2d_array |          2 |          2 |       0 |    0 |   640 |      0 |      0 |    0 |          0 |
|   OUTPUT_BUFFER_SRAM                                                                              |   sram_sp_2d_array__parameterized1 |        128 |        128 |       0 |    0 |   640 |      0 |      0 |    0 |          0 |
|   WEIGHTS_PING_BUFFER                                                                             |                 sram_sp_2d_array_1 |          0 |          0 |       0 |    0 |   640 |      0 |      0 |    0 |          0 |
|   WEIGHTS_PONG_BUFFER                                                                             |                 sram_sp_2d_array_2 |          0 |          0 |       0 |    0 |   640 |      0 |      0 |    0 |          0 |
|   birrd_INST                                                                                      |          birrd_simple_cmd_flow_seq |       1072 |        992 |       0 |   80 |  1366 |      0 |      0 |    0 |          0 |
|   feather_CONTROLLER_INST                                                                         |                 feather_controller |       2813 |       2813 |       0 |    0 |   889 |      0 |      0 |    0 |          0 |
|   feather_GENVAR_DPE_INST_COL_ITER[0].COL_WISE_O_DATA_BUS                                         |                 o_bus_autopick_seq |          0 |          0 |       0 |    0 |     9 |      0 |      0 |    0 |          0 |
|   feather_GENVAR_DPE_INST_COL_ITER[0].feather_GENVAR_DPE_INST_ROW_ITER[0].feather_PE_OTHER_ROWS   |                         feather_pe |        209 |        209 |       0 |    0 |   327 |      0 |      0 |    0 |          0 |
|   feather_GENVAR_DPE_INST_COL_ITER[0].feather_GENVAR_DPE_INST_ROW_ITER[10].feather_PE_OTHER_ROWS  |         feather_pe__parameterized9 |        247 |        247 |       0 |    0 |   339 |      0 |      0 |    0 |          0 |
|   feather_GENVAR_DPE_INST_COL_ITER[0].feather_GENVAR_DPE_INST_ROW_ITER[11].feather_PE_OTHER_ROWS  |        feather_pe__parameterized10 |        196 |        196 |       0 |    0 |   339 |      0 |      0 |    0 |          0 |
|   feather_GENVAR_DPE_INST_COL_ITER[0].feather_GENVAR_DPE_INST_ROW_ITER[12].feather_PE_OTHER_ROWS  |        feather_pe__parameterized11 |        214 |        214 |       0 |    0 |   339 |      0 |      0 |    0 |          0 |
|   feather_GENVAR_DPE_INST_COL_ITER[0].feather_GENVAR_DPE_INST_ROW_ITER[13].feather_PE_OTHER_ROWS  |        feather_pe__parameterized12 |        226 |        226 |       0 |    0 |   339 |      0 |      0 |    0 |          0 |
|   feather_GENVAR_DPE_INST_COL_ITER[0].feather_GENVAR_DPE_INST_ROW_ITER[14].feather_PE_OTHER_ROWS  |        feather_pe__parameterized13 |        229 |        229 |       0 |    0 |   339 |      0 |      0 |    0 |          0 |
|   feather_GENVAR_DPE_INST_COL_ITER[0].feather_GENVAR_DPE_INST_ROW_ITER[15].feather_PE_OTHER_ROWS  |        feather_pe__parameterized14 |        183 |        183 |       0 |    0 |   311 |      0 |      0 |    0 |          0 |
|   feather_GENVAR_DPE_INST_COL_ITER[0].feather_GENVAR_DPE_INST_ROW_ITER[1].feather_PE_OTHER_ROWS   |         feather_pe__parameterized0 |        204 |        204 |       0 |    0 |   338 |      0 |      0 |    0 |          0 |
|   feather_GENVAR_DPE_INST_COL_ITER[0].feather_GENVAR_DPE_INST_ROW_ITER[2].feather_PE_OTHER_ROWS   |         feather_pe__parameterized1 |        475 |        475 |       0 |    0 |   351 |      0 |      0 |    0 |          0 |
|   feather_GENVAR_DPE_INST_COL_ITER[0].feather_GENVAR_DPE_INST_ROW_ITER[3].feather_PE_OTHER_ROWS   |         feather_pe__parameterized2 |        475 |        475 |       0 |    0 |   350 |      0 |      0 |    0 |          0 |
|   feather_GENVAR_DPE_INST_COL_ITER[0].feather_GENVAR_DPE_INST_ROW_ITER[4].feather_PE_OTHER_ROWS   |         feather_pe__parameterized3 |        470 |        470 |       0 |    0 |   354 |      0 |      0 |    0 |          0 |
|   feather_GENVAR_DPE_INST_COL_ITER[0].feather_GENVAR_DPE_INST_ROW_ITER[5].feather_PE_OTHER_ROWS   |         feather_pe__parameterized4 |        217 |        217 |       0 |    0 |   341 |      0 |      0 |    0 |          0 |
|   feather_GENVAR_DPE_INST_COL_ITER[0].feather_GENVAR_DPE_INST_ROW_ITER[6].feather_PE_OTHER_ROWS   |         feather_pe__parameterized5 |        219 |        219 |       0 |    0 |   330 |      0 |      0 |    0 |          0 |
|   feather_GENVAR_DPE_INST_COL_ITER[0].feather_GENVAR_DPE_INST_ROW_ITER[7].feather_PE_OTHER_ROWS   |         feather_pe__parameterized6 |        221 |        221 |       0 |    0 |   339 |      0 |      0 |    0 |          0 |
|   feather_GENVAR_DPE_INST_COL_ITER[0].feather_GENVAR_DPE_INST_ROW_ITER[8].feather_PE_OTHER_ROWS   |         feather_pe__parameterized7 |        198 |        198 |       0 |    0 |   339 |      0 |      0 |    0 |          0 |
|   feather_GENVAR_DPE_INST_COL_ITER[0].feather_GENVAR_DPE_INST_ROW_ITER[9].feather_PE_OTHER_ROWS   |         feather_pe__parameterized8 |        215 |        215 |       0 |    0 |   339 |      0 |      0 |    0 |          0 |
|   feather_GENVAR_DPE_INST_COL_ITER[10].COL_WISE_O_DATA_BUS                                        |               o_bus_autopick_seq_3 |          0 |          0 |       0 |    0 |     9 |      0 |      0 |    0 |          0 |
|   feather_GENVAR_DPE_INST_COL_ITER[10].feather_GENVAR_DPE_INST_ROW_ITER[0].feather_PE_OTHER_ROWS  |       feather_pe__parameterized159 |        209 |        209 |       0 |    0 |   327 |      0 |      0 |    0 |          0 |
|   feather_GENVAR_DPE_INST_COL_ITER[10].feather_GENVAR_DPE_INST_ROW_ITER[10].feather_PE_OTHER_ROWS |       feather_pe__parameterized169 |        245 |        245 |       0 |    0 |   336 |      0 |      0 |    0 |          0 |
|   feather_GENVAR_DPE_INST_COL_ITER[10].feather_GENVAR_DPE_INST_ROW_ITER[11].feather_PE_OTHER_ROWS |       feather_pe__parameterized170 |        194 |        194 |       0 |    0 |   336 |      0 |      0 |    0 |          0 |
|   feather_GENVAR_DPE_INST_COL_ITER[10].feather_GENVAR_DPE_INST_ROW_ITER[12].feather_PE_OTHER_ROWS |       feather_pe__parameterized171 |        214 |        214 |       0 |    0 |   339 |      0 |      0 |    0 |          0 |
|   feather_GENVAR_DPE_INST_COL_ITER[10].feather_GENVAR_DPE_INST_ROW_ITER[13].feather_PE_OTHER_ROWS |       feather_pe__parameterized172 |        223 |        223 |       0 |    0 |   330 |      0 |      0 |    0 |          0 |
|   feather_GENVAR_DPE_INST_COL_ITER[10].feather_GENVAR_DPE_INST_ROW_ITER[14].feather_PE_OTHER_ROWS |       feather_pe__parameterized173 |        229 |        229 |       0 |    0 |   339 |      0 |      0 |    0 |          0 |
|   feather_GENVAR_DPE_INST_COL_ITER[10].feather_GENVAR_DPE_INST_ROW_ITER[15].feather_PE_OTHER_ROWS |       feather_pe__parameterized174 |        183 |        183 |       0 |    0 |   311 |      0 |      0 |    0 |          0 |
|   feather_GENVAR_DPE_INST_COL_ITER[10].feather_GENVAR_DPE_INST_ROW_ITER[1].feather_PE_OTHER_ROWS  |       feather_pe__parameterized160 |        191 |        191 |       0 |    0 |   327 |      0 |      0 |    0 |          0 |
|   feather_GENVAR_DPE_INST_COL_ITER[10].feather_GENVAR_DPE_INST_ROW_ITER[2].feather_PE_OTHER_ROWS  |       feather_pe__parameterized161 |        198 |        198 |       0 |    0 |   327 |      0 |      0 |    0 |          0 |
|   feather_GENVAR_DPE_INST_COL_ITER[10].feather_GENVAR_DPE_INST_ROW_ITER[3].feather_PE_OTHER_ROWS  |       feather_pe__parameterized162 |        199 |        199 |       0 |    0 |   327 |      0 |      0 |    0 |          0 |
|   feather_GENVAR_DPE_INST_COL_ITER[10].feather_GENVAR_DPE_INST_ROW_ITER[4].feather_PE_OTHER_ROWS  |       feather_pe__parameterized163 |        191 |        191 |       0 |    0 |   327 |      0 |      0 |    0 |          0 |
|   feather_GENVAR_DPE_INST_COL_ITER[10].feather_GENVAR_DPE_INST_ROW_ITER[5].feather_PE_OTHER_ROWS  |       feather_pe__parameterized164 |        186 |        186 |       0 |    0 |   330 |      0 |      0 |    0 |          0 |
|   feather_GENVAR_DPE_INST_COL_ITER[10].feather_GENVAR_DPE_INST_ROW_ITER[6].feather_PE_OTHER_ROWS  |       feather_pe__parameterized165 |        217 |        217 |       0 |    0 |   327 |      0 |      0 |    0 |          0 |
|   feather_GENVAR_DPE_INST_COL_ITER[10].feather_GENVAR_DPE_INST_ROW_ITER[7].feather_PE_OTHER_ROWS  |       feather_pe__parameterized166 |        220 |        220 |       0 |    0 |   339 |      0 |      0 |    0 |          0 |
|   feather_GENVAR_DPE_INST_COL_ITER[10].feather_GENVAR_DPE_INST_ROW_ITER[8].feather_PE_OTHER_ROWS  |       feather_pe__parameterized167 |        199 |        199 |       0 |    0 |   339 |      0 |      0 |    0 |          0 |
|   feather_GENVAR_DPE_INST_COL_ITER[10].feather_GENVAR_DPE_INST_ROW_ITER[9].feather_PE_OTHER_ROWS  |       feather_pe__parameterized168 |        216 |        216 |       0 |    0 |   339 |      0 |      0 |    0 |          0 |
|   feather_GENVAR_DPE_INST_COL_ITER[11].COL_WISE_O_DATA_BUS                                        |               o_bus_autopick_seq_4 |         16 |         16 |       0 |    0 |     9 |      0 |      0 |    0 |          0 |
|   feather_GENVAR_DPE_INST_COL_ITER[11].feather_GENVAR_DPE_INST_ROW_ITER[0].feather_PE_OTHER_ROWS  |       feather_pe__parameterized175 |        209 |        209 |       0 |    0 |   327 |      0 |      0 |    0 |          0 |
|   feather_GENVAR_DPE_INST_COL_ITER[11].feather_GENVAR_DPE_INST_ROW_ITER[10].feather_PE_OTHER_ROWS |       feather_pe__parameterized185 |        229 |        229 |       0 |    0 |   339 |      0 |      0 |    0 |          0 |
|   feather_GENVAR_DPE_INST_COL_ITER[11].feather_GENVAR_DPE_INST_ROW_ITER[11].feather_PE_OTHER_ROWS |       feather_pe__parameterized186 |        194 |        194 |       0 |    0 |   339 |      0 |      0 |    0 |          0 |
|   feather_GENVAR_DPE_INST_COL_ITER[11].feather_GENVAR_DPE_INST_ROW_ITER[12].feather_PE_OTHER_ROWS |       feather_pe__parameterized187 |        212 |        212 |       0 |    0 |   339 |      0 |      0 |    0 |          0 |
|   feather_GENVAR_DPE_INST_COL_ITER[11].feather_GENVAR_DPE_INST_ROW_ITER[13].feather_PE_OTHER_ROWS |       feather_pe__parameterized188 |        226 |        226 |       0 |    0 |   339 |      0 |      0 |    0 |          0 |
|   feather_GENVAR_DPE_INST_COL_ITER[11].feather_GENVAR_DPE_INST_ROW_ITER[14].feather_PE_OTHER_ROWS |       feather_pe__parameterized189 |        229 |        229 |       0 |    0 |   339 |      0 |      0 |    0 |          0 |
|   feather_GENVAR_DPE_INST_COL_ITER[11].feather_GENVAR_DPE_INST_ROW_ITER[15].feather_PE_OTHER_ROWS |       feather_pe__parameterized190 |        183 |        183 |       0 |    0 |   311 |      0 |      0 |    0 |          0 |
|   feather_GENVAR_DPE_INST_COL_ITER[11].feather_GENVAR_DPE_INST_ROW_ITER[1].feather_PE_OTHER_ROWS  |       feather_pe__parameterized176 |        191 |        191 |       0 |    0 |   327 |      0 |      0 |    0 |          0 |
|   feather_GENVAR_DPE_INST_COL_ITER[11].feather_GENVAR_DPE_INST_ROW_ITER[2].feather_PE_OTHER_ROWS  |       feather_pe__parameterized177 |        200 |        200 |       0 |    0 |   330 |      0 |      0 |    0 |          0 |
|   feather_GENVAR_DPE_INST_COL_ITER[11].feather_GENVAR_DPE_INST_ROW_ITER[3].feather_PE_OTHER_ROWS  |       feather_pe__parameterized178 |        202 |        202 |       0 |    0 |   330 |      0 |      0 |    0 |          0 |
|   feather_GENVAR_DPE_INST_COL_ITER[11].feather_GENVAR_DPE_INST_ROW_ITER[4].feather_PE_OTHER_ROWS  |       feather_pe__parameterized179 |        194 |        194 |       0 |    0 |   330 |      0 |      0 |    0 |          0 |
|   feather_GENVAR_DPE_INST_COL_ITER[11].feather_GENVAR_DPE_INST_ROW_ITER[5].feather_PE_OTHER_ROWS  |       feather_pe__parameterized180 |        186 |        186 |       0 |    0 |   330 |      0 |      0 |    0 |          0 |
|   feather_GENVAR_DPE_INST_COL_ITER[11].feather_GENVAR_DPE_INST_ROW_ITER[6].feather_PE_OTHER_ROWS  |       feather_pe__parameterized181 |        236 |        236 |       0 |    0 |   339 |      0 |      0 |    0 |          0 |
|   feather_GENVAR_DPE_INST_COL_ITER[11].feather_GENVAR_DPE_INST_ROW_ITER[7].feather_PE_OTHER_ROWS  |       feather_pe__parameterized182 |        202 |        202 |       0 |    0 |   339 |      0 |      0 |    0 |          0 |
|   feather_GENVAR_DPE_INST_COL_ITER[11].feather_GENVAR_DPE_INST_ROW_ITER[8].feather_PE_OTHER_ROWS  |       feather_pe__parameterized183 |        196 |        196 |       0 |    0 |   339 |      0 |      0 |    0 |          0 |
|   feather_GENVAR_DPE_INST_COL_ITER[11].feather_GENVAR_DPE_INST_ROW_ITER[9].feather_PE_OTHER_ROWS  |       feather_pe__parameterized184 |        213 |        213 |       0 |    0 |   339 |      0 |      0 |    0 |          0 |
|   feather_GENVAR_DPE_INST_COL_ITER[12].COL_WISE_O_DATA_BUS                                        |               o_bus_autopick_seq_5 |          0 |          0 |       0 |    0 |     9 |      0 |      0 |    0 |          0 |
|   feather_GENVAR_DPE_INST_COL_ITER[12].feather_GENVAR_DPE_INST_ROW_ITER[0].feather_PE_OTHER_ROWS  |       feather_pe__parameterized191 |        209 |        209 |       0 |    0 |   327 |      0 |      0 |    0 |          0 |
|   feather_GENVAR_DPE_INST_COL_ITER[12].feather_GENVAR_DPE_INST_ROW_ITER[10].feather_PE_OTHER_ROWS |       feather_pe__parameterized201 |        212 |        212 |       0 |    0 |   330 |      0 |      0 |    0 |          0 |
|   feather_GENVAR_DPE_INST_COL_ITER[12].feather_GENVAR_DPE_INST_ROW_ITER[11].feather_PE_OTHER_ROWS |       feather_pe__parameterized202 |        192 |        192 |       0 |    0 |   330 |      0 |      0 |    0 |          0 |
|   feather_GENVAR_DPE_INST_COL_ITER[12].feather_GENVAR_DPE_INST_ROW_ITER[12].feather_PE_OTHER_ROWS |       feather_pe__parameterized203 |        209 |        209 |       0 |    0 |   330 |      0 |      0 |    0 |          0 |
|   feather_GENVAR_DPE_INST_COL_ITER[12].feather_GENVAR_DPE_INST_ROW_ITER[13].feather_PE_OTHER_ROWS |       feather_pe__parameterized204 |        228 |        228 |       0 |    0 |   339 |      0 |      0 |    0 |          0 |
|   feather_GENVAR_DPE_INST_COL_ITER[12].feather_GENVAR_DPE_INST_ROW_ITER[14].feather_PE_OTHER_ROWS |       feather_pe__parameterized205 |        229 |        229 |       0 |    0 |   339 |      0 |      0 |    0 |          0 |
|   feather_GENVAR_DPE_INST_COL_ITER[12].feather_GENVAR_DPE_INST_ROW_ITER[15].feather_PE_OTHER_ROWS |       feather_pe__parameterized206 |        183 |        183 |       0 |    0 |   327 |      0 |      0 |    0 |          0 |
|   feather_GENVAR_DPE_INST_COL_ITER[12].feather_GENVAR_DPE_INST_ROW_ITER[1].feather_PE_OTHER_ROWS  |       feather_pe__parameterized192 |        191 |        191 |       0 |    0 |   327 |      0 |      0 |    0 |          0 |
|   feather_GENVAR_DPE_INST_COL_ITER[12].feather_GENVAR_DPE_INST_ROW_ITER[2].feather_PE_OTHER_ROWS  |       feather_pe__parameterized193 |        198 |        198 |       0 |    0 |   327 |      0 |      0 |    0 |          0 |
|   feather_GENVAR_DPE_INST_COL_ITER[12].feather_GENVAR_DPE_INST_ROW_ITER[3].feather_PE_OTHER_ROWS  |       feather_pe__parameterized194 |        202 |        202 |       0 |    0 |   330 |      0 |      0 |    0 |          0 |
|   feather_GENVAR_DPE_INST_COL_ITER[12].feather_GENVAR_DPE_INST_ROW_ITER[4].feather_PE_OTHER_ROWS  |       feather_pe__parameterized195 |        191 |        191 |       0 |    0 |   327 |      0 |      0 |    0 |          0 |
|   feather_GENVAR_DPE_INST_COL_ITER[12].feather_GENVAR_DPE_INST_ROW_ITER[5].feather_PE_OTHER_ROWS  |       feather_pe__parameterized196 |        183 |        183 |       0 |    0 |   327 |      0 |      0 |    0 |          0 |
|   feather_GENVAR_DPE_INST_COL_ITER[12].feather_GENVAR_DPE_INST_ROW_ITER[6].feather_PE_OTHER_ROWS  |       feather_pe__parameterized197 |        219 |        219 |       0 |    0 |   330 |      0 |      0 |    0 |          0 |
|   feather_GENVAR_DPE_INST_COL_ITER[12].feather_GENVAR_DPE_INST_ROW_ITER[7].feather_PE_OTHER_ROWS  |       feather_pe__parameterized198 |        184 |        184 |       0 |    0 |   327 |      0 |      0 |    0 |          0 |
|   feather_GENVAR_DPE_INST_COL_ITER[12].feather_GENVAR_DPE_INST_ROW_ITER[8].feather_PE_OTHER_ROWS  |       feather_pe__parameterized199 |        191 |        191 |       0 |    0 |   327 |      0 |      0 |    0 |          0 |
|   feather_GENVAR_DPE_INST_COL_ITER[12].feather_GENVAR_DPE_INST_ROW_ITER[9].feather_PE_OTHER_ROWS  |       feather_pe__parameterized200 |        208 |        208 |       0 |    0 |   327 |      0 |      0 |    0 |          0 |
|   feather_GENVAR_DPE_INST_COL_ITER[13].COL_WISE_O_DATA_BUS                                        |               o_bus_autopick_seq_6 |         16 |         16 |       0 |    0 |     9 |      0 |      0 |    0 |          0 |
|   feather_GENVAR_DPE_INST_COL_ITER[13].feather_GENVAR_DPE_INST_ROW_ITER[0].feather_PE_OTHER_ROWS  |       feather_pe__parameterized207 |        209 |        209 |       0 |    0 |   327 |      0 |      0 |    0 |          0 |
|   feather_GENVAR_DPE_INST_COL_ITER[13].feather_GENVAR_DPE_INST_ROW_ITER[10].feather_PE_OTHER_ROWS |       feather_pe__parameterized217 |        263 |        263 |       0 |    0 |   336 |      0 |      0 |    0 |          0 |
|   feather_GENVAR_DPE_INST_COL_ITER[13].feather_GENVAR_DPE_INST_ROW_ITER[11].feather_PE_OTHER_ROWS |       feather_pe__parameterized218 |        197 |        197 |       0 |    0 |   336 |      0 |      0 |    0 |          0 |
|   feather_GENVAR_DPE_INST_COL_ITER[13].feather_GENVAR_DPE_INST_ROW_ITER[12].feather_PE_OTHER_ROWS |       feather_pe__parameterized219 |        217 |        217 |       0 |    0 |   339 |      0 |      0 |    0 |          0 |
|   feather_GENVAR_DPE_INST_COL_ITER[13].feather_GENVAR_DPE_INST_ROW_ITER[13].feather_PE_OTHER_ROWS |       feather_pe__parameterized220 |        223 |        223 |       0 |    0 |   330 |      0 |      0 |    0 |          0 |
|   feather_GENVAR_DPE_INST_COL_ITER[13].feather_GENVAR_DPE_INST_ROW_ITER[14].feather_PE_OTHER_ROWS |       feather_pe__parameterized221 |        229 |        229 |       0 |    0 |   339 |      0 |      0 |    0 |          0 |
|   feather_GENVAR_DPE_INST_COL_ITER[13].feather_GENVAR_DPE_INST_ROW_ITER[15].feather_PE_OTHER_ROWS |       feather_pe__parameterized222 |        183 |        183 |       0 |    0 |   311 |      0 |      0 |    0 |          0 |
|   feather_GENVAR_DPE_INST_COL_ITER[13].feather_GENVAR_DPE_INST_ROW_ITER[1].feather_PE_OTHER_ROWS  |       feather_pe__parameterized208 |        191 |        191 |       0 |    0 |   327 |      0 |      0 |    0 |          0 |
|   feather_GENVAR_DPE_INST_COL_ITER[13].feather_GENVAR_DPE_INST_ROW_ITER[2].feather_PE_OTHER_ROWS  |       feather_pe__parameterized209 |        198 |        198 |       0 |    0 |   327 |      0 |      0 |    0 |          0 |
|   feather_GENVAR_DPE_INST_COL_ITER[13].feather_GENVAR_DPE_INST_ROW_ITER[3].feather_PE_OTHER_ROWS  |       feather_pe__parameterized210 |        199 |        199 |       0 |    0 |   327 |      0 |      0 |    0 |          0 |
|   feather_GENVAR_DPE_INST_COL_ITER[13].feather_GENVAR_DPE_INST_ROW_ITER[4].feather_PE_OTHER_ROWS  |       feather_pe__parameterized211 |        193 |        193 |       0 |    0 |   330 |      0 |      0 |    0 |          0 |
|   feather_GENVAR_DPE_INST_COL_ITER[13].feather_GENVAR_DPE_INST_ROW_ITER[5].feather_PE_OTHER_ROWS  |       feather_pe__parameterized212 |        187 |        187 |       0 |    0 |   330 |      0 |      0 |    0 |          0 |
|   feather_GENVAR_DPE_INST_COL_ITER[13].feather_GENVAR_DPE_INST_ROW_ITER[6].feather_PE_OTHER_ROWS  |       feather_pe__parameterized213 |        217 |        217 |       0 |    0 |   327 |      0 |      0 |    0 |          0 |
|   feather_GENVAR_DPE_INST_COL_ITER[13].feather_GENVAR_DPE_INST_ROW_ITER[7].feather_PE_OTHER_ROWS  |       feather_pe__parameterized214 |        237 |        237 |       0 |    0 |   339 |      0 |      0 |    0 |          0 |
|   feather_GENVAR_DPE_INST_COL_ITER[13].feather_GENVAR_DPE_INST_ROW_ITER[8].feather_PE_OTHER_ROWS  |       feather_pe__parameterized215 |        202 |        202 |       0 |    0 |   339 |      0 |      0 |    0 |          0 |
|   feather_GENVAR_DPE_INST_COL_ITER[13].feather_GENVAR_DPE_INST_ROW_ITER[9].feather_PE_OTHER_ROWS  |       feather_pe__parameterized216 |        219 |        219 |       0 |    0 |   339 |      0 |      0 |    0 |          0 |
|   feather_GENVAR_DPE_INST_COL_ITER[14].COL_WISE_O_DATA_BUS                                        |               o_bus_autopick_seq_7 |          0 |          0 |       0 |    0 |     9 |      0 |      0 |    0 |          0 |
|   feather_GENVAR_DPE_INST_COL_ITER[14].feather_GENVAR_DPE_INST_ROW_ITER[0].feather_PE_OTHER_ROWS  |       feather_pe__parameterized223 |        209 |        209 |       0 |    0 |   327 |      0 |      0 |    0 |          0 |
|   feather_GENVAR_DPE_INST_COL_ITER[14].feather_GENVAR_DPE_INST_ROW_ITER[10].feather_PE_OTHER_ROWS |       feather_pe__parameterized233 |        212 |        212 |       0 |    0 |   330 |      0 |      0 |    0 |          0 |
|   feather_GENVAR_DPE_INST_COL_ITER[14].feather_GENVAR_DPE_INST_ROW_ITER[11].feather_PE_OTHER_ROWS |       feather_pe__parameterized234 |        192 |        192 |       0 |    0 |   330 |      0 |      0 |    0 |          0 |
|   feather_GENVAR_DPE_INST_COL_ITER[14].feather_GENVAR_DPE_INST_ROW_ITER[12].feather_PE_OTHER_ROWS |       feather_pe__parameterized235 |        209 |        209 |       0 |    0 |   330 |      0 |      0 |    0 |          0 |
|   feather_GENVAR_DPE_INST_COL_ITER[14].feather_GENVAR_DPE_INST_ROW_ITER[13].feather_PE_OTHER_ROWS |       feather_pe__parameterized236 |        226 |        226 |       0 |    0 |   339 |      0 |      0 |    0 |          0 |
|   feather_GENVAR_DPE_INST_COL_ITER[14].feather_GENVAR_DPE_INST_ROW_ITER[14].feather_PE_OTHER_ROWS |       feather_pe__parameterized237 |        229 |        229 |       0 |    0 |   339 |      0 |      0 |    0 |          0 |
|   feather_GENVAR_DPE_INST_COL_ITER[14].feather_GENVAR_DPE_INST_ROW_ITER[15].feather_PE_OTHER_ROWS |       feather_pe__parameterized238 |        183 |        183 |       0 |    0 |   311 |      0 |      0 |    0 |          0 |
|   feather_GENVAR_DPE_INST_COL_ITER[14].feather_GENVAR_DPE_INST_ROW_ITER[1].feather_PE_OTHER_ROWS  |       feather_pe__parameterized224 |        191 |        191 |       0 |    0 |   327 |      0 |      0 |    0 |          0 |
|   feather_GENVAR_DPE_INST_COL_ITER[14].feather_GENVAR_DPE_INST_ROW_ITER[2].feather_PE_OTHER_ROWS  |       feather_pe__parameterized225 |        203 |        203 |       0 |    0 |   330 |      0 |      0 |    0 |          0 |
|   feather_GENVAR_DPE_INST_COL_ITER[14].feather_GENVAR_DPE_INST_ROW_ITER[3].feather_PE_OTHER_ROWS  |       feather_pe__parameterized226 |        199 |        199 |       0 |    0 |   327 |      0 |      0 |    0 |          0 |
|   feather_GENVAR_DPE_INST_COL_ITER[14].feather_GENVAR_DPE_INST_ROW_ITER[4].feather_PE_OTHER_ROWS  |       feather_pe__parameterized227 |        193 |        193 |       0 |    0 |   330 |      0 |      0 |    0 |          0 |
|   feather_GENVAR_DPE_INST_COL_ITER[14].feather_GENVAR_DPE_INST_ROW_ITER[5].feather_PE_OTHER_ROWS  |       feather_pe__parameterized228 |        186 |        186 |       0 |    0 |   330 |      0 |      0 |    0 |          0 |
|   feather_GENVAR_DPE_INST_COL_ITER[14].feather_GENVAR_DPE_INST_ROW_ITER[6].feather_PE_OTHER_ROWS  |       feather_pe__parameterized229 |        306 |        306 |       0 |    0 |   340 |      0 |      0 |    0 |          0 |
|   feather_GENVAR_DPE_INST_COL_ITER[14].feather_GENVAR_DPE_INST_ROW_ITER[7].feather_PE_OTHER_ROWS  |       feather_pe__parameterized230 |        185 |        185 |       0 |    0 |   330 |      0 |      0 |    0 |          0 |
|   feather_GENVAR_DPE_INST_COL_ITER[14].feather_GENVAR_DPE_INST_ROW_ITER[8].feather_PE_OTHER_ROWS  |       feather_pe__parameterized231 |        194 |        194 |       0 |    0 |   330 |      0 |      0 |    0 |          0 |
|   feather_GENVAR_DPE_INST_COL_ITER[14].feather_GENVAR_DPE_INST_ROW_ITER[9].feather_PE_OTHER_ROWS  |       feather_pe__parameterized232 |        210 |        210 |       0 |    0 |   330 |      0 |      0 |    0 |          0 |
|   feather_GENVAR_DPE_INST_COL_ITER[15].COL_WISE_O_DATA_BUS                                        |               o_bus_autopick_seq_8 |         16 |         16 |       0 |    0 |     9 |      0 |      0 |    0 |          0 |
|   feather_GENVAR_DPE_INST_COL_ITER[15].feather_GENVAR_DPE_INST_ROW_ITER[0].feather_PE_OTHER_ROWS  |       feather_pe__parameterized239 |        478 |        478 |       0 |    0 |   358 |      0 |      0 |    0 |          0 |
|   feather_GENVAR_DPE_INST_COL_ITER[15].feather_GENVAR_DPE_INST_ROW_ITER[10].feather_PE_OTHER_ROWS |       feather_pe__parameterized249 |        212 |        212 |       0 |    0 |   330 |      0 |      0 |    0 |          0 |
|   feather_GENVAR_DPE_INST_COL_ITER[15].feather_GENVAR_DPE_INST_ROW_ITER[11].feather_PE_OTHER_ROWS |       feather_pe__parameterized250 |        192 |        192 |       0 |    0 |   330 |      0 |      0 |    0 |          0 |
|   feather_GENVAR_DPE_INST_COL_ITER[15].feather_GENVAR_DPE_INST_ROW_ITER[12].feather_PE_OTHER_ROWS |       feather_pe__parameterized251 |        209 |        209 |       0 |    0 |   330 |      0 |      0 |    0 |          0 |
|   feather_GENVAR_DPE_INST_COL_ITER[15].feather_GENVAR_DPE_INST_ROW_ITER[13].feather_PE_OTHER_ROWS |       feather_pe__parameterized252 |        226 |        226 |       0 |    0 |   339 |      0 |      0 |    0 |          0 |
|   feather_GENVAR_DPE_INST_COL_ITER[15].feather_GENVAR_DPE_INST_ROW_ITER[14].feather_PE_OTHER_ROWS |       feather_pe__parameterized253 |        229 |        229 |       0 |    0 |   339 |      0 |      0 |    0 |          0 |
|   feather_GENVAR_DPE_INST_COL_ITER[15].feather_GENVAR_DPE_INST_ROW_ITER[15].feather_PE_OTHER_ROWS |       feather_pe__parameterized254 |        183 |        183 |       0 |    0 |   311 |      0 |      0 |    0 |          0 |
|   feather_GENVAR_DPE_INST_COL_ITER[15].feather_GENVAR_DPE_INST_ROW_ITER[1].feather_PE_OTHER_ROWS  |       feather_pe__parameterized240 |        457 |        457 |       0 |    0 |   348 |      0 |      0 |    0 |          0 |
|   feather_GENVAR_DPE_INST_COL_ITER[15].feather_GENVAR_DPE_INST_ROW_ITER[2].feather_PE_OTHER_ROWS  |       feather_pe__parameterized241 |        198 |        198 |       0 |    0 |   327 |      0 |      0 |    0 |          0 |
|   feather_GENVAR_DPE_INST_COL_ITER[15].feather_GENVAR_DPE_INST_ROW_ITER[3].feather_PE_OTHER_ROWS  |       feather_pe__parameterized242 |        199 |        199 |       0 |    0 |   327 |      0 |      0 |    0 |          0 |
|   feather_GENVAR_DPE_INST_COL_ITER[15].feather_GENVAR_DPE_INST_ROW_ITER[4].feather_PE_OTHER_ROWS  |       feather_pe__parameterized243 |        193 |        193 |       0 |    0 |   330 |      0 |      0 |    0 |          0 |
|   feather_GENVAR_DPE_INST_COL_ITER[15].feather_GENVAR_DPE_INST_ROW_ITER[5].feather_PE_OTHER_ROWS  |       feather_pe__parameterized244 |        186 |        186 |       0 |    0 |   330 |      0 |      0 |    0 |          0 |
|   feather_GENVAR_DPE_INST_COL_ITER[15].feather_GENVAR_DPE_INST_ROW_ITER[6].feather_PE_OTHER_ROWS  |       feather_pe__parameterized245 |        219 |        219 |       0 |    0 |   330 |      0 |      0 |    0 |          0 |
|   feather_GENVAR_DPE_INST_COL_ITER[15].feather_GENVAR_DPE_INST_ROW_ITER[7].feather_PE_OTHER_ROWS  |       feather_pe__parameterized246 |        186 |        186 |       0 |    0 |   330 |      0 |      0 |    0 |          0 |
|   feather_GENVAR_DPE_INST_COL_ITER[15].feather_GENVAR_DPE_INST_ROW_ITER[8].feather_PE_OTHER_ROWS  |       feather_pe__parameterized247 |        194 |        194 |       0 |    0 |   330 |      0 |      0 |    0 |          0 |
|   feather_GENVAR_DPE_INST_COL_ITER[15].feather_GENVAR_DPE_INST_ROW_ITER[9].feather_PE_OTHER_ROWS  |       feather_pe__parameterized248 |        210 |        210 |       0 |    0 |   330 |      0 |      0 |    0 |          0 |
|   feather_GENVAR_DPE_INST_COL_ITER[1].COL_WISE_O_DATA_BUS                                         |               o_bus_autopick_seq_9 |         16 |         16 |       0 |    0 |     9 |      0 |      0 |    0 |          0 |
|   feather_GENVAR_DPE_INST_COL_ITER[1].feather_GENVAR_DPE_INST_ROW_ITER[0].feather_PE_OTHER_ROWS   |        feather_pe__parameterized15 |        209 |        209 |       0 |    0 |   327 |      0 |      0 |    0 |          0 |
|   feather_GENVAR_DPE_INST_COL_ITER[1].feather_GENVAR_DPE_INST_ROW_ITER[10].feather_PE_OTHER_ROWS  |        feather_pe__parameterized25 |        229 |        229 |       0 |    0 |   339 |      0 |      0 |    0 |          0 |
|   feather_GENVAR_DPE_INST_COL_ITER[1].feather_GENVAR_DPE_INST_ROW_ITER[11].feather_PE_OTHER_ROWS  |        feather_pe__parameterized26 |        194 |        194 |       0 |    0 |   339 |      0 |      0 |    0 |          0 |
|   feather_GENVAR_DPE_INST_COL_ITER[1].feather_GENVAR_DPE_INST_ROW_ITER[12].feather_PE_OTHER_ROWS  |        feather_pe__parameterized27 |        212 |        212 |       0 |    0 |   339 |      0 |      0 |    0 |          0 |
|   feather_GENVAR_DPE_INST_COL_ITER[1].feather_GENVAR_DPE_INST_ROW_ITER[13].feather_PE_OTHER_ROWS  |        feather_pe__parameterized28 |        226 |        226 |       0 |    0 |   339 |      0 |      0 |    0 |          0 |
|   feather_GENVAR_DPE_INST_COL_ITER[1].feather_GENVAR_DPE_INST_ROW_ITER[14].feather_PE_OTHER_ROWS  |        feather_pe__parameterized29 |        229 |        229 |       0 |    0 |   339 |      0 |      0 |    0 |          0 |
|   feather_GENVAR_DPE_INST_COL_ITER[1].feather_GENVAR_DPE_INST_ROW_ITER[15].feather_PE_OTHER_ROWS  |        feather_pe__parameterized30 |        183 |        183 |       0 |    0 |   311 |      0 |      0 |    0 |          0 |
|   feather_GENVAR_DPE_INST_COL_ITER[1].feather_GENVAR_DPE_INST_ROW_ITER[1].feather_PE_OTHER_ROWS   |        feather_pe__parameterized16 |        191 |        191 |       0 |    0 |   327 |      0 |      0 |    0 |          0 |
|   feather_GENVAR_DPE_INST_COL_ITER[1].feather_GENVAR_DPE_INST_ROW_ITER[2].feather_PE_OTHER_ROWS   |        feather_pe__parameterized17 |        200 |        200 |       0 |    0 |   330 |      0 |      0 |    0 |          0 |
|   feather_GENVAR_DPE_INST_COL_ITER[1].feather_GENVAR_DPE_INST_ROW_ITER[3].feather_PE_OTHER_ROWS   |        feather_pe__parameterized18 |        202 |        202 |       0 |    0 |   330 |      0 |      0 |    0 |          0 |
|   feather_GENVAR_DPE_INST_COL_ITER[1].feather_GENVAR_DPE_INST_ROW_ITER[4].feather_PE_OTHER_ROWS   |        feather_pe__parameterized19 |        194 |        194 |       0 |    0 |   330 |      0 |      0 |    0 |          0 |
|   feather_GENVAR_DPE_INST_COL_ITER[1].feather_GENVAR_DPE_INST_ROW_ITER[5].feather_PE_OTHER_ROWS   |        feather_pe__parameterized20 |        186 |        186 |       0 |    0 |   330 |      0 |      0 |    0 |          0 |
|   feather_GENVAR_DPE_INST_COL_ITER[1].feather_GENVAR_DPE_INST_ROW_ITER[6].feather_PE_OTHER_ROWS   |        feather_pe__parameterized21 |        236 |        236 |       0 |    0 |   339 |      0 |      0 |    0 |          0 |
|   feather_GENVAR_DPE_INST_COL_ITER[1].feather_GENVAR_DPE_INST_ROW_ITER[7].feather_PE_OTHER_ROWS   |        feather_pe__parameterized22 |        202 |        202 |       0 |    0 |   339 |      0 |      0 |    0 |          0 |
|   feather_GENVAR_DPE_INST_COL_ITER[1].feather_GENVAR_DPE_INST_ROW_ITER[8].feather_PE_OTHER_ROWS   |        feather_pe__parameterized23 |        196 |        196 |       0 |    0 |   339 |      0 |      0 |    0 |          0 |
|   feather_GENVAR_DPE_INST_COL_ITER[1].feather_GENVAR_DPE_INST_ROW_ITER[9].feather_PE_OTHER_ROWS   |        feather_pe__parameterized24 |        213 |        213 |       0 |    0 |   339 |      0 |      0 |    0 |          0 |
|   feather_GENVAR_DPE_INST_COL_ITER[2].COL_WISE_O_DATA_BUS                                         |              o_bus_autopick_seq_10 |          0 |          0 |       0 |    0 |     9 |      0 |      0 |    0 |          0 |
|   feather_GENVAR_DPE_INST_COL_ITER[2].feather_GENVAR_DPE_INST_ROW_ITER[0].feather_PE_OTHER_ROWS   |        feather_pe__parameterized31 |        209 |        209 |       0 |    0 |   327 |      0 |      0 |    0 |          0 |
|   feather_GENVAR_DPE_INST_COL_ITER[2].feather_GENVAR_DPE_INST_ROW_ITER[10].feather_PE_OTHER_ROWS  |        feather_pe__parameterized41 |        247 |        247 |       0 |    0 |   339 |      0 |      0 |    0 |          0 |
|   feather_GENVAR_DPE_INST_COL_ITER[2].feather_GENVAR_DPE_INST_ROW_ITER[11].feather_PE_OTHER_ROWS  |        feather_pe__parameterized42 |        196 |        196 |       0 |    0 |   339 |      0 |      0 |    0 |          0 |
|   feather_GENVAR_DPE_INST_COL_ITER[2].feather_GENVAR_DPE_INST_ROW_ITER[12].feather_PE_OTHER_ROWS  |        feather_pe__parameterized43 |        214 |        214 |       0 |    0 |   339 |      0 |      0 |    0 |          0 |
|   feather_GENVAR_DPE_INST_COL_ITER[2].feather_GENVAR_DPE_INST_ROW_ITER[13].feather_PE_OTHER_ROWS  |        feather_pe__parameterized44 |        226 |        226 |       0 |    0 |   339 |      0 |      0 |    0 |          0 |
|   feather_GENVAR_DPE_INST_COL_ITER[2].feather_GENVAR_DPE_INST_ROW_ITER[14].feather_PE_OTHER_ROWS  |        feather_pe__parameterized45 |        229 |        229 |       0 |    0 |   339 |      0 |      0 |    0 |          0 |
|   feather_GENVAR_DPE_INST_COL_ITER[2].feather_GENVAR_DPE_INST_ROW_ITER[15].feather_PE_OTHER_ROWS  |        feather_pe__parameterized46 |        183 |        183 |       0 |    0 |   311 |      0 |      0 |    0 |          0 |
|   feather_GENVAR_DPE_INST_COL_ITER[2].feather_GENVAR_DPE_INST_ROW_ITER[1].feather_PE_OTHER_ROWS   |        feather_pe__parameterized32 |        191 |        191 |       0 |    0 |   327 |      0 |      0 |    0 |          0 |
|   feather_GENVAR_DPE_INST_COL_ITER[2].feather_GENVAR_DPE_INST_ROW_ITER[2].feather_PE_OTHER_ROWS   |        feather_pe__parameterized33 |        200 |        200 |       0 |    0 |   330 |      0 |      0 |    0 |          0 |
|   feather_GENVAR_DPE_INST_COL_ITER[2].feather_GENVAR_DPE_INST_ROW_ITER[3].feather_PE_OTHER_ROWS   |        feather_pe__parameterized34 |        200 |        200 |       0 |    0 |   327 |      0 |      0 |    0 |          0 |
|   feather_GENVAR_DPE_INST_COL_ITER[2].feather_GENVAR_DPE_INST_ROW_ITER[4].feather_PE_OTHER_ROWS   |        feather_pe__parameterized35 |        193 |        193 |       0 |    0 |   330 |      0 |      0 |    0 |          0 |
|   feather_GENVAR_DPE_INST_COL_ITER[2].feather_GENVAR_DPE_INST_ROW_ITER[5].feather_PE_OTHER_ROWS   |        feather_pe__parameterized36 |        186 |        186 |       0 |    0 |   330 |      0 |      0 |    0 |          0 |
|   feather_GENVAR_DPE_INST_COL_ITER[2].feather_GENVAR_DPE_INST_ROW_ITER[6].feather_PE_OTHER_ROWS   |        feather_pe__parameterized37 |        219 |        219 |       0 |    0 |   330 |      0 |      0 |    0 |          0 |
|   feather_GENVAR_DPE_INST_COL_ITER[2].feather_GENVAR_DPE_INST_ROW_ITER[7].feather_PE_OTHER_ROWS   |        feather_pe__parameterized38 |        221 |        221 |       0 |    0 |   339 |      0 |      0 |    0 |          0 |
|   feather_GENVAR_DPE_INST_COL_ITER[2].feather_GENVAR_DPE_INST_ROW_ITER[8].feather_PE_OTHER_ROWS   |        feather_pe__parameterized39 |        198 |        198 |       0 |    0 |   339 |      0 |      0 |    0 |          0 |
|   feather_GENVAR_DPE_INST_COL_ITER[2].feather_GENVAR_DPE_INST_ROW_ITER[9].feather_PE_OTHER_ROWS   |        feather_pe__parameterized40 |        215 |        215 |       0 |    0 |   339 |      0 |      0 |    0 |          0 |
|   feather_GENVAR_DPE_INST_COL_ITER[3].COL_WISE_O_DATA_BUS                                         |              o_bus_autopick_seq_11 |         16 |         16 |       0 |    0 |     9 |      0 |      0 |    0 |          0 |
|   feather_GENVAR_DPE_INST_COL_ITER[3].feather_GENVAR_DPE_INST_ROW_ITER[0].feather_PE_OTHER_ROWS   |        feather_pe__parameterized47 |        209 |        209 |       0 |    0 |   327 |      0 |      0 |    0 |          0 |
|   feather_GENVAR_DPE_INST_COL_ITER[3].feather_GENVAR_DPE_INST_ROW_ITER[10].feather_PE_OTHER_ROWS  |        feather_pe__parameterized57 |        229 |        229 |       0 |    0 |   339 |      0 |      0 |    0 |          0 |
|   feather_GENVAR_DPE_INST_COL_ITER[3].feather_GENVAR_DPE_INST_ROW_ITER[11].feather_PE_OTHER_ROWS  |        feather_pe__parameterized58 |        194 |        194 |       0 |    0 |   339 |      0 |      0 |    0 |          0 |
|   feather_GENVAR_DPE_INST_COL_ITER[3].feather_GENVAR_DPE_INST_ROW_ITER[12].feather_PE_OTHER_ROWS  |        feather_pe__parameterized59 |        212 |        212 |       0 |    0 |   339 |      0 |      0 |    0 |          0 |
|   feather_GENVAR_DPE_INST_COL_ITER[3].feather_GENVAR_DPE_INST_ROW_ITER[13].feather_PE_OTHER_ROWS  |        feather_pe__parameterized60 |        226 |        226 |       0 |    0 |   339 |      0 |      0 |    0 |          0 |
|   feather_GENVAR_DPE_INST_COL_ITER[3].feather_GENVAR_DPE_INST_ROW_ITER[14].feather_PE_OTHER_ROWS  |        feather_pe__parameterized61 |        229 |        229 |       0 |    0 |   339 |      0 |      0 |    0 |          0 |
|   feather_GENVAR_DPE_INST_COL_ITER[3].feather_GENVAR_DPE_INST_ROW_ITER[15].feather_PE_OTHER_ROWS  |        feather_pe__parameterized62 |        183 |        183 |       0 |    0 |   311 |      0 |      0 |    0 |          0 |
|   feather_GENVAR_DPE_INST_COL_ITER[3].feather_GENVAR_DPE_INST_ROW_ITER[1].feather_PE_OTHER_ROWS   |        feather_pe__parameterized48 |        191 |        191 |       0 |    0 |   327 |      0 |      0 |    0 |          0 |
|   feather_GENVAR_DPE_INST_COL_ITER[3].feather_GENVAR_DPE_INST_ROW_ITER[2].feather_PE_OTHER_ROWS   |        feather_pe__parameterized49 |        200 |        200 |       0 |    0 |   330 |      0 |      0 |    0 |          0 |
|   feather_GENVAR_DPE_INST_COL_ITER[3].feather_GENVAR_DPE_INST_ROW_ITER[3].feather_PE_OTHER_ROWS   |        feather_pe__parameterized50 |        202 |        202 |       0 |    0 |   330 |      0 |      0 |    0 |          0 |
|   feather_GENVAR_DPE_INST_COL_ITER[3].feather_GENVAR_DPE_INST_ROW_ITER[4].feather_PE_OTHER_ROWS   |        feather_pe__parameterized51 |        194 |        194 |       0 |    0 |   330 |      0 |      0 |    0 |          0 |
|   feather_GENVAR_DPE_INST_COL_ITER[3].feather_GENVAR_DPE_INST_ROW_ITER[5].feather_PE_OTHER_ROWS   |        feather_pe__parameterized52 |        186 |        186 |       0 |    0 |   330 |      0 |      0 |    0 |          0 |
|   feather_GENVAR_DPE_INST_COL_ITER[3].feather_GENVAR_DPE_INST_ROW_ITER[6].feather_PE_OTHER_ROWS   |        feather_pe__parameterized53 |        236 |        236 |       0 |    0 |   339 |      0 |      0 |    0 |          0 |
|   feather_GENVAR_DPE_INST_COL_ITER[3].feather_GENVAR_DPE_INST_ROW_ITER[7].feather_PE_OTHER_ROWS   |        feather_pe__parameterized54 |        202 |        202 |       0 |    0 |   339 |      0 |      0 |    0 |          0 |
|   feather_GENVAR_DPE_INST_COL_ITER[3].feather_GENVAR_DPE_INST_ROW_ITER[8].feather_PE_OTHER_ROWS   |        feather_pe__parameterized55 |        196 |        196 |       0 |    0 |   339 |      0 |      0 |    0 |          0 |
|   feather_GENVAR_DPE_INST_COL_ITER[3].feather_GENVAR_DPE_INST_ROW_ITER[9].feather_PE_OTHER_ROWS   |        feather_pe__parameterized56 |        213 |        213 |       0 |    0 |   339 |      0 |      0 |    0 |          0 |
|   feather_GENVAR_DPE_INST_COL_ITER[4].COL_WISE_O_DATA_BUS                                         |              o_bus_autopick_seq_12 |          0 |          0 |       0 |    0 |     9 |      0 |      0 |    0 |          0 |
|   feather_GENVAR_DPE_INST_COL_ITER[4].feather_GENVAR_DPE_INST_ROW_ITER[0].feather_PE_OTHER_ROWS   |        feather_pe__parameterized63 |        209 |        209 |       0 |    0 |   327 |      0 |      0 |    0 |          0 |
|   feather_GENVAR_DPE_INST_COL_ITER[4].feather_GENVAR_DPE_INST_ROW_ITER[10].feather_PE_OTHER_ROWS  |        feather_pe__parameterized73 |        212 |        212 |       0 |    0 |   330 |      0 |      0 |    0 |          0 |
|   feather_GENVAR_DPE_INST_COL_ITER[4].feather_GENVAR_DPE_INST_ROW_ITER[11].feather_PE_OTHER_ROWS  |        feather_pe__parameterized74 |        192 |        192 |       0 |    0 |   330 |      0 |      0 |    0 |          0 |
|   feather_GENVAR_DPE_INST_COL_ITER[4].feather_GENVAR_DPE_INST_ROW_ITER[12].feather_PE_OTHER_ROWS  |        feather_pe__parameterized75 |        209 |        209 |       0 |    0 |   330 |      0 |      0 |    0 |          0 |
|   feather_GENVAR_DPE_INST_COL_ITER[4].feather_GENVAR_DPE_INST_ROW_ITER[13].feather_PE_OTHER_ROWS  |        feather_pe__parameterized76 |        228 |        228 |       0 |    0 |   339 |      0 |      0 |    0 |          0 |
|   feather_GENVAR_DPE_INST_COL_ITER[4].feather_GENVAR_DPE_INST_ROW_ITER[14].feather_PE_OTHER_ROWS  |        feather_pe__parameterized77 |        229 |        229 |       0 |    0 |   339 |      0 |      0 |    0 |          0 |
|   feather_GENVAR_DPE_INST_COL_ITER[4].feather_GENVAR_DPE_INST_ROW_ITER[15].feather_PE_OTHER_ROWS  |        feather_pe__parameterized78 |        183 |        183 |       0 |    0 |   311 |      0 |      0 |    0 |          0 |
|   feather_GENVAR_DPE_INST_COL_ITER[4].feather_GENVAR_DPE_INST_ROW_ITER[1].feather_PE_OTHER_ROWS   |        feather_pe__parameterized64 |        191 |        191 |       0 |    0 |   327 |      0 |      0 |    0 |          0 |
|   feather_GENVAR_DPE_INST_COL_ITER[4].feather_GENVAR_DPE_INST_ROW_ITER[2].feather_PE_OTHER_ROWS   |        feather_pe__parameterized65 |        200 |        200 |       0 |    0 |   330 |      0 |      0 |    0 |          0 |
|   feather_GENVAR_DPE_INST_COL_ITER[4].feather_GENVAR_DPE_INST_ROW_ITER[3].feather_PE_OTHER_ROWS   |        feather_pe__parameterized66 |        200 |        200 |       0 |    0 |   327 |      0 |      0 |    0 |          0 |
|   feather_GENVAR_DPE_INST_COL_ITER[4].feather_GENVAR_DPE_INST_ROW_ITER[4].feather_PE_OTHER_ROWS   |        feather_pe__parameterized67 |        193 |        193 |       0 |    0 |   330 |      0 |      0 |    0 |          0 |
|   feather_GENVAR_DPE_INST_COL_ITER[4].feather_GENVAR_DPE_INST_ROW_ITER[5].feather_PE_OTHER_ROWS   |        feather_pe__parameterized68 |        187 |        187 |       0 |    0 |   330 |      0 |      0 |    0 |          0 |
|   feather_GENVAR_DPE_INST_COL_ITER[4].feather_GENVAR_DPE_INST_ROW_ITER[6].feather_PE_OTHER_ROWS   |        feather_pe__parameterized69 |        251 |        251 |       0 |    0 |   336 |      0 |      0 |    0 |          0 |
|   feather_GENVAR_DPE_INST_COL_ITER[4].feather_GENVAR_DPE_INST_ROW_ITER[7].feather_PE_OTHER_ROWS   |        feather_pe__parameterized70 |        185 |        185 |       0 |    0 |   330 |      0 |      0 |    0 |          0 |
|   feather_GENVAR_DPE_INST_COL_ITER[4].feather_GENVAR_DPE_INST_ROW_ITER[8].feather_PE_OTHER_ROWS   |        feather_pe__parameterized71 |        194 |        194 |       0 |    0 |   330 |      0 |      0 |    0 |          0 |
|   feather_GENVAR_DPE_INST_COL_ITER[4].feather_GENVAR_DPE_INST_ROW_ITER[9].feather_PE_OTHER_ROWS   |        feather_pe__parameterized72 |        211 |        211 |       0 |    0 |   330 |      0 |      0 |    0 |          0 |
|   feather_GENVAR_DPE_INST_COL_ITER[5].COL_WISE_O_DATA_BUS                                         |              o_bus_autopick_seq_13 |         16 |         16 |       0 |    0 |     9 |      0 |      0 |    0 |          0 |
|   feather_GENVAR_DPE_INST_COL_ITER[5].feather_GENVAR_DPE_INST_ROW_ITER[0].feather_PE_OTHER_ROWS   |        feather_pe__parameterized79 |        209 |        209 |       0 |    0 |   327 |      0 |      0 |    0 |          0 |
|   feather_GENVAR_DPE_INST_COL_ITER[5].feather_GENVAR_DPE_INST_ROW_ITER[10].feather_PE_OTHER_ROWS  |        feather_pe__parameterized89 |        212 |        212 |       0 |    0 |   330 |      0 |      0 |    0 |          0 |
|   feather_GENVAR_DPE_INST_COL_ITER[5].feather_GENVAR_DPE_INST_ROW_ITER[11].feather_PE_OTHER_ROWS  |        feather_pe__parameterized90 |        192 |        192 |       0 |    0 |   330 |      0 |      0 |    0 |          0 |
|   feather_GENVAR_DPE_INST_COL_ITER[5].feather_GENVAR_DPE_INST_ROW_ITER[12].feather_PE_OTHER_ROWS  |        feather_pe__parameterized91 |        209 |        209 |       0 |    0 |   330 |      0 |      0 |    0 |          0 |
|   feather_GENVAR_DPE_INST_COL_ITER[5].feather_GENVAR_DPE_INST_ROW_ITER[13].feather_PE_OTHER_ROWS  |        feather_pe__parameterized92 |        226 |        226 |       0 |    0 |   339 |      0 |      0 |    0 |          0 |
|   feather_GENVAR_DPE_INST_COL_ITER[5].feather_GENVAR_DPE_INST_ROW_ITER[14].feather_PE_OTHER_ROWS  |        feather_pe__parameterized93 |        229 |        229 |       0 |    0 |   339 |      0 |      0 |    0 |          0 |
|   feather_GENVAR_DPE_INST_COL_ITER[5].feather_GENVAR_DPE_INST_ROW_ITER[15].feather_PE_OTHER_ROWS  |        feather_pe__parameterized94 |        183 |        183 |       0 |    0 |   311 |      0 |      0 |    0 |          0 |
|   feather_GENVAR_DPE_INST_COL_ITER[5].feather_GENVAR_DPE_INST_ROW_ITER[1].feather_PE_OTHER_ROWS   |        feather_pe__parameterized80 |        191 |        191 |       0 |    0 |   327 |      0 |      0 |    0 |          0 |
|   feather_GENVAR_DPE_INST_COL_ITER[5].feather_GENVAR_DPE_INST_ROW_ITER[2].feather_PE_OTHER_ROWS   |        feather_pe__parameterized81 |        198 |        198 |       0 |    0 |   327 |      0 |      0 |    0 |          0 |
|   feather_GENVAR_DPE_INST_COL_ITER[5].feather_GENVAR_DPE_INST_ROW_ITER[3].feather_PE_OTHER_ROWS   |        feather_pe__parameterized82 |        202 |        202 |       0 |    0 |   330 |      0 |      0 |    0 |          0 |
|   feather_GENVAR_DPE_INST_COL_ITER[5].feather_GENVAR_DPE_INST_ROW_ITER[4].feather_PE_OTHER_ROWS   |        feather_pe__parameterized83 |        191 |        191 |       0 |    0 |   327 |      0 |      0 |    0 |          0 |
|   feather_GENVAR_DPE_INST_COL_ITER[5].feather_GENVAR_DPE_INST_ROW_ITER[5].feather_PE_OTHER_ROWS   |        feather_pe__parameterized84 |        183 |        183 |       0 |    0 |   327 |      0 |      0 |    0 |          0 |
|   feather_GENVAR_DPE_INST_COL_ITER[5].feather_GENVAR_DPE_INST_ROW_ITER[6].feather_PE_OTHER_ROWS   |        feather_pe__parameterized85 |        254 |        254 |       0 |    0 |   339 |      0 |      0 |    0 |          0 |
|   feather_GENVAR_DPE_INST_COL_ITER[5].feather_GENVAR_DPE_INST_ROW_ITER[7].feather_PE_OTHER_ROWS   |        feather_pe__parameterized86 |        185 |        185 |       0 |    0 |   330 |      0 |      0 |    0 |          0 |
|   feather_GENVAR_DPE_INST_COL_ITER[5].feather_GENVAR_DPE_INST_ROW_ITER[8].feather_PE_OTHER_ROWS   |        feather_pe__parameterized87 |        194 |        194 |       0 |    0 |   330 |      0 |      0 |    0 |          0 |
|   feather_GENVAR_DPE_INST_COL_ITER[5].feather_GENVAR_DPE_INST_ROW_ITER[9].feather_PE_OTHER_ROWS   |        feather_pe__parameterized88 |        210 |        210 |       0 |    0 |   330 |      0 |      0 |    0 |          0 |
|   feather_GENVAR_DPE_INST_COL_ITER[6].COL_WISE_O_DATA_BUS                                         |              o_bus_autopick_seq_14 |          0 |          0 |       0 |    0 |     9 |      0 |      0 |    0 |          0 |
|   feather_GENVAR_DPE_INST_COL_ITER[6].feather_GENVAR_DPE_INST_ROW_ITER[0].feather_PE_OTHER_ROWS   |        feather_pe__parameterized95 |        209 |        209 |       0 |    0 |   327 |      0 |      0 |    0 |          0 |
|   feather_GENVAR_DPE_INST_COL_ITER[6].feather_GENVAR_DPE_INST_ROW_ITER[10].feather_PE_OTHER_ROWS  |       feather_pe__parameterized105 |        229 |        229 |       0 |    0 |   339 |      0 |      0 |    0 |          0 |
|   feather_GENVAR_DPE_INST_COL_ITER[6].feather_GENVAR_DPE_INST_ROW_ITER[11].feather_PE_OTHER_ROWS  |       feather_pe__parameterized106 |        194 |        194 |       0 |    0 |   339 |      0 |      0 |    0 |          0 |
|   feather_GENVAR_DPE_INST_COL_ITER[6].feather_GENVAR_DPE_INST_ROW_ITER[12].feather_PE_OTHER_ROWS  |       feather_pe__parameterized107 |        212 |        212 |       0 |    0 |   339 |      0 |      0 |    0 |          0 |
|   feather_GENVAR_DPE_INST_COL_ITER[6].feather_GENVAR_DPE_INST_ROW_ITER[13].feather_PE_OTHER_ROWS  |       feather_pe__parameterized108 |        226 |        226 |       0 |    0 |   339 |      0 |      0 |    0 |          0 |
|   feather_GENVAR_DPE_INST_COL_ITER[6].feather_GENVAR_DPE_INST_ROW_ITER[14].feather_PE_OTHER_ROWS  |       feather_pe__parameterized109 |        229 |        229 |       0 |    0 |   339 |      0 |      0 |    0 |          0 |
|   feather_GENVAR_DPE_INST_COL_ITER[6].feather_GENVAR_DPE_INST_ROW_ITER[15].feather_PE_OTHER_ROWS  |       feather_pe__parameterized110 |        183 |        183 |       0 |    0 |   311 |      0 |      0 |    0 |          0 |
|   feather_GENVAR_DPE_INST_COL_ITER[6].feather_GENVAR_DPE_INST_ROW_ITER[1].feather_PE_OTHER_ROWS   |        feather_pe__parameterized96 |        191 |        191 |       0 |    0 |   327 |      0 |      0 |    0 |          0 |
|   feather_GENVAR_DPE_INST_COL_ITER[6].feather_GENVAR_DPE_INST_ROW_ITER[2].feather_PE_OTHER_ROWS   |        feather_pe__parameterized97 |        200 |        200 |       0 |    0 |   330 |      0 |      0 |    0 |          0 |
|   feather_GENVAR_DPE_INST_COL_ITER[6].feather_GENVAR_DPE_INST_ROW_ITER[3].feather_PE_OTHER_ROWS   |        feather_pe__parameterized98 |        202 |        202 |       0 |    0 |   330 |      0 |      0 |    0 |          0 |
|   feather_GENVAR_DPE_INST_COL_ITER[6].feather_GENVAR_DPE_INST_ROW_ITER[4].feather_PE_OTHER_ROWS   |        feather_pe__parameterized99 |        194 |        194 |       0 |    0 |   330 |      0 |      0 |    0 |          0 |
|   feather_GENVAR_DPE_INST_COL_ITER[6].feather_GENVAR_DPE_INST_ROW_ITER[5].feather_PE_OTHER_ROWS   |       feather_pe__parameterized100 |        186 |        186 |       0 |    0 |   330 |      0 |      0 |    0 |          0 |
|   feather_GENVAR_DPE_INST_COL_ITER[6].feather_GENVAR_DPE_INST_ROW_ITER[6].feather_PE_OTHER_ROWS   |       feather_pe__parameterized101 |        236 |        236 |       0 |    0 |   339 |      0 |      0 |    0 |          0 |
|   feather_GENVAR_DPE_INST_COL_ITER[6].feather_GENVAR_DPE_INST_ROW_ITER[7].feather_PE_OTHER_ROWS   |       feather_pe__parameterized102 |        202 |        202 |       0 |    0 |   339 |      0 |      0 |    0 |          0 |
|   feather_GENVAR_DPE_INST_COL_ITER[6].feather_GENVAR_DPE_INST_ROW_ITER[8].feather_PE_OTHER_ROWS   |       feather_pe__parameterized103 |        196 |        196 |       0 |    0 |   339 |      0 |      0 |    0 |          0 |
|   feather_GENVAR_DPE_INST_COL_ITER[6].feather_GENVAR_DPE_INST_ROW_ITER[9].feather_PE_OTHER_ROWS   |       feather_pe__parameterized104 |        213 |        213 |       0 |    0 |   339 |      0 |      0 |    0 |          0 |
|   feather_GENVAR_DPE_INST_COL_ITER[7].COL_WISE_O_DATA_BUS                                         |              o_bus_autopick_seq_15 |         16 |         16 |       0 |    0 |     9 |      0 |      0 |    0 |          0 |
|   feather_GENVAR_DPE_INST_COL_ITER[7].feather_GENVAR_DPE_INST_ROW_ITER[0].feather_PE_OTHER_ROWS   |       feather_pe__parameterized111 |        209 |        209 |       0 |    0 |   327 |      0 |      0 |    0 |          0 |
|   feather_GENVAR_DPE_INST_COL_ITER[7].feather_GENVAR_DPE_INST_ROW_ITER[10].feather_PE_OTHER_ROWS  |       feather_pe__parameterized121 |        247 |        247 |       0 |    0 |   339 |      0 |      0 |    0 |          0 |
|   feather_GENVAR_DPE_INST_COL_ITER[7].feather_GENVAR_DPE_INST_ROW_ITER[11].feather_PE_OTHER_ROWS  |       feather_pe__parameterized122 |        196 |        196 |       0 |    0 |   339 |      0 |      0 |    0 |          0 |
|   feather_GENVAR_DPE_INST_COL_ITER[7].feather_GENVAR_DPE_INST_ROW_ITER[12].feather_PE_OTHER_ROWS  |       feather_pe__parameterized123 |        214 |        214 |       0 |    0 |   339 |      0 |      0 |    0 |          0 |
|   feather_GENVAR_DPE_INST_COL_ITER[7].feather_GENVAR_DPE_INST_ROW_ITER[13].feather_PE_OTHER_ROWS  |       feather_pe__parameterized124 |        223 |        223 |       0 |    0 |   330 |      0 |      0 |    0 |          0 |
|   feather_GENVAR_DPE_INST_COL_ITER[7].feather_GENVAR_DPE_INST_ROW_ITER[14].feather_PE_OTHER_ROWS  |       feather_pe__parameterized125 |        229 |        229 |       0 |    0 |   339 |      0 |      0 |    0 |          0 |
|   feather_GENVAR_DPE_INST_COL_ITER[7].feather_GENVAR_DPE_INST_ROW_ITER[15].feather_PE_OTHER_ROWS  |       feather_pe__parameterized126 |        183 |        183 |       0 |    0 |   311 |      0 |      0 |    0 |          0 |
|   feather_GENVAR_DPE_INST_COL_ITER[7].feather_GENVAR_DPE_INST_ROW_ITER[1].feather_PE_OTHER_ROWS   |       feather_pe__parameterized112 |        191 |        191 |       0 |    0 |   327 |      0 |      0 |    0 |          0 |
|   feather_GENVAR_DPE_INST_COL_ITER[7].feather_GENVAR_DPE_INST_ROW_ITER[2].feather_PE_OTHER_ROWS   |       feather_pe__parameterized113 |        198 |        198 |       0 |    0 |   327 |      0 |      0 |    0 |          0 |
|   feather_GENVAR_DPE_INST_COL_ITER[7].feather_GENVAR_DPE_INST_ROW_ITER[3].feather_PE_OTHER_ROWS   |       feather_pe__parameterized114 |        201 |        201 |       0 |    0 |   330 |      0 |      0 |    0 |          0 |
|   feather_GENVAR_DPE_INST_COL_ITER[7].feather_GENVAR_DPE_INST_ROW_ITER[4].feather_PE_OTHER_ROWS   |       feather_pe__parameterized115 |        192 |        192 |       0 |    0 |   327 |      0 |      0 |    0 |          0 |
|   feather_GENVAR_DPE_INST_COL_ITER[7].feather_GENVAR_DPE_INST_ROW_ITER[5].feather_PE_OTHER_ROWS   |       feather_pe__parameterized116 |        183 |        183 |       0 |    0 |   327 |      0 |      0 |    0 |          0 |
|   feather_GENVAR_DPE_INST_COL_ITER[7].feather_GENVAR_DPE_INST_ROW_ITER[6].feather_PE_OTHER_ROWS   |       feather_pe__parameterized117 |        219 |        219 |       0 |    0 |   330 |      0 |      0 |    0 |          0 |
|   feather_GENVAR_DPE_INST_COL_ITER[7].feather_GENVAR_DPE_INST_ROW_ITER[7].feather_PE_OTHER_ROWS   |       feather_pe__parameterized118 |        218 |        218 |       0 |    0 |   336 |      0 |      0 |    0 |          0 |
|   feather_GENVAR_DPE_INST_COL_ITER[7].feather_GENVAR_DPE_INST_ROW_ITER[8].feather_PE_OTHER_ROWS   |       feather_pe__parameterized119 |        196 |        196 |       0 |    0 |   336 |      0 |      0 |    0 |          0 |
|   feather_GENVAR_DPE_INST_COL_ITER[7].feather_GENVAR_DPE_INST_ROW_ITER[9].feather_PE_OTHER_ROWS   |       feather_pe__parameterized120 |        213 |        213 |       0 |    0 |   336 |      0 |      0 |    0 |          0 |
|   feather_GENVAR_DPE_INST_COL_ITER[8].COL_WISE_O_DATA_BUS                                         |              o_bus_autopick_seq_16 |          0 |          0 |       0 |    0 |     9 |      0 |      0 |    0 |          0 |
|   feather_GENVAR_DPE_INST_COL_ITER[8].feather_GENVAR_DPE_INST_ROW_ITER[0].feather_PE_OTHER_ROWS   |       feather_pe__parameterized127 |        209 |        209 |       0 |    0 |   327 |      0 |      0 |    0 |          0 |
|   feather_GENVAR_DPE_INST_COL_ITER[8].feather_GENVAR_DPE_INST_ROW_ITER[10].feather_PE_OTHER_ROWS  |       feather_pe__parameterized137 |        229 |        229 |       0 |    0 |   339 |      0 |      0 |    0 |          0 |
|   feather_GENVAR_DPE_INST_COL_ITER[8].feather_GENVAR_DPE_INST_ROW_ITER[11].feather_PE_OTHER_ROWS  |       feather_pe__parameterized138 |        194 |        194 |       0 |    0 |   339 |      0 |      0 |    0 |          0 |
|   feather_GENVAR_DPE_INST_COL_ITER[8].feather_GENVAR_DPE_INST_ROW_ITER[12].feather_PE_OTHER_ROWS  |       feather_pe__parameterized139 |        212 |        212 |       0 |    0 |   339 |      0 |      0 |    0 |          0 |
|   feather_GENVAR_DPE_INST_COL_ITER[8].feather_GENVAR_DPE_INST_ROW_ITER[13].feather_PE_OTHER_ROWS  |       feather_pe__parameterized140 |        226 |        226 |       0 |    0 |   339 |      0 |      0 |    0 |          0 |
|   feather_GENVAR_DPE_INST_COL_ITER[8].feather_GENVAR_DPE_INST_ROW_ITER[14].feather_PE_OTHER_ROWS  |       feather_pe__parameterized141 |        229 |        229 |       0 |    0 |   339 |      0 |      0 |    0 |          0 |
|   feather_GENVAR_DPE_INST_COL_ITER[8].feather_GENVAR_DPE_INST_ROW_ITER[15].feather_PE_OTHER_ROWS  |       feather_pe__parameterized142 |        183 |        183 |       0 |    0 |   311 |      0 |      0 |    0 |          0 |
|   feather_GENVAR_DPE_INST_COL_ITER[8].feather_GENVAR_DPE_INST_ROW_ITER[1].feather_PE_OTHER_ROWS   |       feather_pe__parameterized128 |        191 |        191 |       0 |    0 |   327 |      0 |      0 |    0 |          0 |
|   feather_GENVAR_DPE_INST_COL_ITER[8].feather_GENVAR_DPE_INST_ROW_ITER[2].feather_PE_OTHER_ROWS   |       feather_pe__parameterized129 |        199 |        199 |       0 |    0 |   330 |      0 |      0 |    0 |          0 |
|   feather_GENVAR_DPE_INST_COL_ITER[8].feather_GENVAR_DPE_INST_ROW_ITER[3].feather_PE_OTHER_ROWS   |       feather_pe__parameterized130 |        202 |        202 |       0 |    0 |   330 |      0 |      0 |    0 |          0 |
|   feather_GENVAR_DPE_INST_COL_ITER[8].feather_GENVAR_DPE_INST_ROW_ITER[4].feather_PE_OTHER_ROWS   |       feather_pe__parameterized131 |        194 |        194 |       0 |    0 |   330 |      0 |      0 |    0 |          0 |
|   feather_GENVAR_DPE_INST_COL_ITER[8].feather_GENVAR_DPE_INST_ROW_ITER[5].feather_PE_OTHER_ROWS   |       feather_pe__parameterized132 |        186 |        186 |       0 |    0 |   330 |      0 |      0 |    0 |          0 |
|   feather_GENVAR_DPE_INST_COL_ITER[8].feather_GENVAR_DPE_INST_ROW_ITER[6].feather_PE_OTHER_ROWS   |       feather_pe__parameterized133 |        236 |        236 |       0 |    0 |   339 |      0 |      0 |    0 |          0 |
|   feather_GENVAR_DPE_INST_COL_ITER[8].feather_GENVAR_DPE_INST_ROW_ITER[7].feather_PE_OTHER_ROWS   |       feather_pe__parameterized134 |        202 |        202 |       0 |    0 |   339 |      0 |      0 |    0 |          0 |
|   feather_GENVAR_DPE_INST_COL_ITER[8].feather_GENVAR_DPE_INST_ROW_ITER[8].feather_PE_OTHER_ROWS   |       feather_pe__parameterized135 |        196 |        196 |       0 |    0 |   339 |      0 |      0 |    0 |          0 |
|   feather_GENVAR_DPE_INST_COL_ITER[8].feather_GENVAR_DPE_INST_ROW_ITER[9].feather_PE_OTHER_ROWS   |       feather_pe__parameterized136 |        213 |        213 |       0 |    0 |   339 |      0 |      0 |    0 |          0 |
|   feather_GENVAR_DPE_INST_COL_ITER[9].COL_WISE_O_DATA_BUS                                         |              o_bus_autopick_seq_17 |         16 |         16 |       0 |    0 |     9 |      0 |      0 |    0 |          0 |
|   feather_GENVAR_DPE_INST_COL_ITER[9].feather_GENVAR_DPE_INST_ROW_ITER[0].feather_PE_OTHER_ROWS   |       feather_pe__parameterized143 |        209 |        209 |       0 |    0 |   327 |      0 |      0 |    0 |          0 |
|   feather_GENVAR_DPE_INST_COL_ITER[9].feather_GENVAR_DPE_INST_ROW_ITER[10].feather_PE_OTHER_ROWS  |       feather_pe__parameterized153 |        212 |        212 |       0 |    0 |   330 |      0 |      0 |    0 |          0 |
|   feather_GENVAR_DPE_INST_COL_ITER[9].feather_GENVAR_DPE_INST_ROW_ITER[11].feather_PE_OTHER_ROWS  |       feather_pe__parameterized154 |        192 |        192 |       0 |    0 |   330 |      0 |      0 |    0 |          0 |
|   feather_GENVAR_DPE_INST_COL_ITER[9].feather_GENVAR_DPE_INST_ROW_ITER[12].feather_PE_OTHER_ROWS  |       feather_pe__parameterized155 |        209 |        209 |       0 |    0 |   330 |      0 |      0 |    0 |          0 |
|   feather_GENVAR_DPE_INST_COL_ITER[9].feather_GENVAR_DPE_INST_ROW_ITER[13].feather_PE_OTHER_ROWS  |       feather_pe__parameterized156 |        228 |        228 |       0 |    0 |   339 |      0 |      0 |    0 |          0 |
|   feather_GENVAR_DPE_INST_COL_ITER[9].feather_GENVAR_DPE_INST_ROW_ITER[14].feather_PE_OTHER_ROWS  |       feather_pe__parameterized157 |        229 |        229 |       0 |    0 |   339 |      0 |      0 |    0 |          0 |
|   feather_GENVAR_DPE_INST_COL_ITER[9].feather_GENVAR_DPE_INST_ROW_ITER[15].feather_PE_OTHER_ROWS  |       feather_pe__parameterized158 |        183 |        183 |       0 |    0 |   311 |      0 |      0 |    0 |          0 |
|   feather_GENVAR_DPE_INST_COL_ITER[9].feather_GENVAR_DPE_INST_ROW_ITER[1].feather_PE_OTHER_ROWS   |       feather_pe__parameterized144 |        191 |        191 |       0 |    0 |   327 |      0 |      0 |    0 |          0 |
|   feather_GENVAR_DPE_INST_COL_ITER[9].feather_GENVAR_DPE_INST_ROW_ITER[2].feather_PE_OTHER_ROWS   |       feather_pe__parameterized145 |        200 |        200 |       0 |    0 |   330 |      0 |      0 |    0 |          0 |
|   feather_GENVAR_DPE_INST_COL_ITER[9].feather_GENVAR_DPE_INST_ROW_ITER[3].feather_PE_OTHER_ROWS   |       feather_pe__parameterized146 |        202 |        202 |       0 |    0 |   330 |      0 |      0 |    0 |          0 |
|   feather_GENVAR_DPE_INST_COL_ITER[9].feather_GENVAR_DPE_INST_ROW_ITER[4].feather_PE_OTHER_ROWS   |       feather_pe__parameterized147 |        194 |        194 |       0 |    0 |   330 |      0 |      0 |    0 |          0 |
|   feather_GENVAR_DPE_INST_COL_ITER[9].feather_GENVAR_DPE_INST_ROW_ITER[5].feather_PE_OTHER_ROWS   |       feather_pe__parameterized148 |        184 |        184 |       0 |    0 |   327 |      0 |      0 |    0 |          0 |
|   feather_GENVAR_DPE_INST_COL_ITER[9].feather_GENVAR_DPE_INST_ROW_ITER[6].feather_PE_OTHER_ROWS   |       feather_pe__parameterized149 |        252 |        252 |       0 |    0 |   339 |      0 |      0 |    0 |          0 |
|   feather_GENVAR_DPE_INST_COL_ITER[9].feather_GENVAR_DPE_INST_ROW_ITER[7].feather_PE_OTHER_ROWS   |       feather_pe__parameterized150 |        183 |        183 |       0 |    0 |   327 |      0 |      0 |    0 |          0 |
|   feather_GENVAR_DPE_INST_COL_ITER[9].feather_GENVAR_DPE_INST_ROW_ITER[8].feather_PE_OTHER_ROWS   |       feather_pe__parameterized151 |        191 |        191 |       0 |    0 |   327 |      0 |      0 |    0 |          0 |
|   feather_GENVAR_DPE_INST_COL_ITER[9].feather_GENVAR_DPE_INST_ROW_ITER[9].feather_PE_OTHER_ROWS   |       feather_pe__parameterized152 |        208 |        208 |       0 |    0 |   327 |      0 |      0 |    0 |          0 |
+---------------------------------------------------------------------------------------------------+------------------------------------+------------+------------+---------+------+-------+--------+--------+------+------------+
* Note: The sum of lower-level cells may be larger than their parent cells total, due to cross-hierarchy LUT combining


