#-----------------------------------------------------------
# xsim v2023.2 (64-bit)
# SW Build 4029153 on Fri Oct 13 20:13:54 MDT 2023
# IP Build 4028589 on Sat Oct 14 00:45:43 MDT 2023
# SharedData Build 4025554 on Tue Oct 10 17:18:54 MDT 2023
# Start of session at: Tue Sep 29 02:40:34 2026
# Process ID: 3521711
# Current directory: /scratch/hc676/e11_dsv4/vta/run_w16
# Command line: xsim -mode tcl -source {xsim.dir/tbsim/xsim_script.tcl}
# Log file: /scratch/hc676/e11_dsv4/vta/run_w16/xsim.log
# Journal file: /scratch/hc676/e11_dsv4/vta/run_w16/xsim.jou
# Running On: brg-zhang-xcel.ece.cornell.edu, OS: Linux, CPU Frequency: 3200.000 MHz, CPU Physical cores: 23, Host memory: 235732 MB
#-----------------------------------------------------------
source xsim.dir/tbsim/xsim_script.tcl
# xsim {tbsim} -autoloadwcfg -runall
Time resolution is 1 ps
run -all
VTALLAMA RESULT errs=0 cycles=231562 gemm=229488 reset=519 alu=1560 instructions=18 pages=14x1
VTALLAMA PASS
$finish called at time : 463169 ns : File "/scratch/hc676/e11_dsv4/vta/run_w16/tb.sv" Line 1168
run: Time (s): cpu = 00:00:00.03 ; elapsed = 00:01:47 . Memory (MB): peak = 1577.723 ; gain = 0.000 ; free physical = 83620 ; free virtual = 171583
exit
INFO: xsimkernel Simulation Memory Usage: 106284 KB (Peak: 167588 KB), Simulation CPU Usage: 105860 ms
INFO: [Common 17-206] Exiting xsim at Tue Sep 29 02:42:25 2026...
